[2024-01-25 13:22:08,915] INFO in _internal: [31m[1mWARNING: This is a development server. Do not use it in a production deployment. Use a production WSGI server instead.[0m
 * Running on all addresses (0.0.0.0)
 * Running on http://127.0.0.1:80
 * Running on http://172.30.1.76:80
[2024-01-25 13:22:08,916] INFO in _internal: [33mPress CTRL+C to quit[0m
[2024-01-25 13:23:02,590] INFO in _internal: [31m[1mWARNING: This is a development server. Do not use it in a production deployment. Use a production WSGI server instead.[0m
 * Running on http://127.0.0.1:5000
[2024-01-25 13:23:02,591] INFO in _internal: [33mPress CTRL+C to quit[0m
[2024-01-25 13:23:02,621] INFO in _internal:  * Restarting with watchdog (windowsapi)
[2024-01-25 13:23:03,354] WARNING in _internal:  * Debugger is active!
[2024-01-25 13:23:03,373] INFO in _internal:  * Debugger PIN: 123-293-346
[2024-01-25 13:23:04,721] INFO in _internal: 127.0.0.1 - - [25/Jan/2024 13:23:04] "GET / HTTP/1.1" 200 -
[2024-01-25 13:23:05,215] INFO in _internal: 127.0.0.1 - - [25/Jan/2024 13:23:05] "GET /static/css/templatemo-style.css HTTP/1.1" 200 -
[2024-01-25 13:23:05,335] INFO in _internal: 127.0.0.1 - - [25/Jan/2024 13:23:05] "GET /static/img/logo.png HTTP/1.1" 200 -
[2024-01-25 13:23:05,440] INFO in _internal: 127.0.0.1 - - [25/Jan/2024 13:23:05] "GET /static/css/index.css HTTP/1.1" 200 -
[2024-01-25 13:23:05,602] INFO in _internal: 127.0.0.1 - - [25/Jan/2024 13:23:05] "[33mGET /favicon.ico HTTP/1.1[0m" 404 -
[2024-01-25 13:23:05,609] INFO in _internal: 127.0.0.1 - - [25/Jan/2024 13:23:05] "GET /sensing_data HTTP/1.1" 200 -
[2024-01-25 13:23:12,371] INFO in _internal: 127.0.0.1 - - [25/Jan/2024 13:23:12] "GET / HTTP/1.1" 200 -
[2024-01-25 13:23:12,390] INFO in _internal: 127.0.0.1 - - [25/Jan/2024 13:23:12] "[36mGET /static/css/templatemo-style.css HTTP/1.1[0m" 304 -
[2024-01-25 13:23:12,391] INFO in _internal: 127.0.0.1 - - [25/Jan/2024 13:23:12] "[36mGET /static/css/index.css HTTP/1.1[0m" 304 -
[2024-01-25 13:23:12,392] INFO in _internal: 127.0.0.1 - - [25/Jan/2024 13:23:12] "[36mGET /static/img/logo.png HTTP/1.1[0m" 304 -
[2024-01-25 13:23:12,587] INFO in _internal: 127.0.0.1 - - [25/Jan/2024 13:23:12] "GET /sensing_data HTTP/1.1" 200 -
[2024-01-25 13:23:16,792] INFO in _internal: 127.0.0.1 - - [25/Jan/2024 13:23:16] "GET /info HTTP/1.1" 200 -
[2024-01-25 13:23:16,820] INFO in _internal: 127.0.0.1 - - [25/Jan/2024 13:23:16] "GET /static/js/info.js HTTP/1.1" 200 -
[2024-01-25 13:23:16,823] INFO in _internal: 127.0.0.1 - - [25/Jan/2024 13:23:16] "[36mGET /static/img/logo.png HTTP/1.1[0m" 304 -
[2024-01-25 13:23:16,827] INFO in _internal: 127.0.0.1 - - [25/Jan/2024 13:23:16] "GET /static/css/info.css HTTP/1.1" 200 -
[2024-01-25 13:23:16,865] INFO in _internal: 127.0.0.1 - - [25/Jan/2024 13:23:16] "GET /static/img/img-1.png HTTP/1.1" 200 -
[2024-01-25 13:23:16,879] INFO in _internal: 127.0.0.1 - - [25/Jan/2024 13:23:16] "GET /static/img/img-2.png HTTP/1.1" 200 -
[2024-01-25 13:23:16,880] INFO in _internal: 127.0.0.1 - - [25/Jan/2024 13:23:16] "GET /static/img/img-3.png HTTP/1.1" 200 -
[2024-01-25 13:23:16,881] INFO in _internal: 127.0.0.1 - - [25/Jan/2024 13:23:16] "GET /static/img/img-5.png HTTP/1.1" 200 -
[2024-01-25 13:23:16,882] INFO in _internal: 127.0.0.1 - - [25/Jan/2024 13:23:16] "GET /static/img/img-4.png HTTP/1.1" 200 -
[2024-01-25 13:23:16,933] INFO in _internal: 127.0.0.1 - - [25/Jan/2024 13:23:16] "GET /static/img/img-6.png HTTP/1.1" 200 -
[2024-01-25 13:23:16,959] INFO in _internal: 127.0.0.1 - - [25/Jan/2024 13:23:16] "GET /static/img/img-49.png HTTP/1.1" 200 -
[2024-01-25 13:23:16,961] INFO in _internal: 127.0.0.1 - - [25/Jan/2024 13:23:16] "GET /static/img/img-48.png HTTP/1.1" 200 -
[2024-01-25 13:23:16,963] INFO in _internal: 127.0.0.1 - - [25/Jan/2024 13:23:16] "GET /static/img/img-46.png HTTP/1.1" 200 -
[2024-01-25 13:23:16,997] INFO in _internal: 127.0.0.1 - - [25/Jan/2024 13:23:16] "GET /static/img/img-45.png HTTP/1.1" 200 -
[2024-01-25 13:23:17,016] INFO in _internal: 127.0.0.1 - - [25/Jan/2024 13:23:17] "GET /static/img/img-47.png HTTP/1.1" 200 -
[2024-01-25 13:23:17,031] INFO in _internal: 127.0.0.1 - - [25/Jan/2024 13:23:17] "GET /static/img/img-7.png HTTP/1.1" 200 -
[2024-01-25 13:23:17,038] INFO in _internal: 127.0.0.1 - - [25/Jan/2024 13:23:17] "GET /static/img/img-8.png HTTP/1.1" 200 -
[2024-01-25 13:23:17,045] INFO in _internal: 127.0.0.1 - - [25/Jan/2024 13:23:17] "GET /static/img/img-9.png HTTP/1.1" 200 -
[2024-01-25 13:23:17,071] INFO in _internal: 127.0.0.1 - - [25/Jan/2024 13:23:17] "GET /static/img/img-10.png HTTP/1.1" 200 -
[2024-01-25 13:23:17,097] INFO in _internal: 127.0.0.1 - - [25/Jan/2024 13:23:17] "GET /static/img/img-11.png HTTP/1.1" 200 -
[2024-01-25 13:23:17,104] INFO in _internal: 127.0.0.1 - - [25/Jan/2024 13:23:17] "GET /static/img/img-12.png HTTP/1.1" 200 -
[2024-01-25 13:23:17,111] INFO in _internal: 127.0.0.1 - - [25/Jan/2024 13:23:17] "GET /static/img/img-13.png HTTP/1.1" 200 -
[2024-01-25 13:23:17,121] INFO in _internal: 127.0.0.1 - - [25/Jan/2024 13:23:17] "GET /static/img/img-14.png HTTP/1.1" 200 -
[2024-01-25 13:23:17,129] INFO in _internal: 127.0.0.1 - - [25/Jan/2024 13:23:17] "GET /static/img/img-15.png HTTP/1.1" 200 -
[2024-01-25 13:23:17,158] INFO in _internal: 127.0.0.1 - - [25/Jan/2024 13:23:17] "GET /static/img/img-16.png HTTP/1.1" 200 -
[2024-01-25 13:23:17,166] INFO in _internal: 127.0.0.1 - - [25/Jan/2024 13:23:17] "GET /static/img/img-17.png HTTP/1.1" 200 -
[2024-01-25 13:23:17,183] INFO in _internal: 127.0.0.1 - - [25/Jan/2024 13:23:17] "GET /static/img/img-18.png HTTP/1.1" 200 -
[2024-01-25 13:23:17,193] INFO in _internal: 127.0.0.1 - - [25/Jan/2024 13:23:17] "GET /static/img/img-19.png HTTP/1.1" 200 -
[2024-01-25 13:23:17,203] INFO in _internal: 127.0.0.1 - - [25/Jan/2024 13:23:17] "GET /static/img/img-20.png HTTP/1.1" 200 -
[2024-01-25 13:23:17,220] INFO in _internal: 127.0.0.1 - - [25/Jan/2024 13:23:17] "GET /static/img/img-21.png HTTP/1.1" 200 -
[2024-01-25 13:23:17,231] INFO in _internal: 127.0.0.1 - - [25/Jan/2024 13:23:17] "GET /static/img/img-22.png HTTP/1.1" 200 -
[2024-01-25 13:23:17,234] INFO in _internal: 127.0.0.1 - - [25/Jan/2024 13:23:17] "GET /static/img/img-23.png HTTP/1.1" 200 -
[2024-01-25 13:23:17,251] INFO in _internal: 127.0.0.1 - - [25/Jan/2024 13:23:17] "GET /static/img/img-24.png HTTP/1.1" 200 -
[2024-01-25 13:23:17,260] INFO in _internal: 127.0.0.1 - - [25/Jan/2024 13:23:17] "GET /static/img/img-25.png HTTP/1.1" 200 -
[2024-01-25 13:23:17,281] INFO in _internal: 127.0.0.1 - - [25/Jan/2024 13:23:17] "GET /static/img/img-26.png HTTP/1.1" 200 -
[2024-01-25 13:23:17,286] INFO in _internal: 127.0.0.1 - - [25/Jan/2024 13:23:17] "GET /static/img/img-27.png HTTP/1.1" 200 -
[2024-01-25 13:23:17,296] INFO in _internal: 127.0.0.1 - - [25/Jan/2024 13:23:17] "GET /static/img/img-28.png HTTP/1.1" 200 -
[2024-01-25 13:23:17,299] INFO in _internal: 127.0.0.1 - - [25/Jan/2024 13:23:17] "GET /static/img/img-29.png HTTP/1.1" 200 -
[2024-01-25 13:23:17,308] INFO in _internal: 127.0.0.1 - - [25/Jan/2024 13:23:17] "GET /static/img/img-30.png HTTP/1.1" 200 -
[2024-01-25 13:23:17,323] INFO in _internal: 127.0.0.1 - - [25/Jan/2024 13:23:17] "GET /static/img/img-31.png HTTP/1.1" 200 -
[2024-01-25 13:23:17,330] INFO in _internal: 127.0.0.1 - - [25/Jan/2024 13:23:17] "GET /static/img/img-32.png HTTP/1.1" 200 -
[2024-01-25 13:23:17,336] INFO in _internal: 127.0.0.1 - - [25/Jan/2024 13:23:17] "GET /static/img/img-33.png HTTP/1.1" 200 -
[2024-01-25 13:23:17,347] INFO in _internal: 127.0.0.1 - - [25/Jan/2024 13:23:17] "GET /static/img/img-34.png HTTP/1.1" 200 -
[2024-01-25 13:23:17,352] INFO in _internal: 127.0.0.1 - - [25/Jan/2024 13:23:17] "GET /static/img/img-35.png HTTP/1.1" 200 -
[2024-01-25 13:23:17,365] INFO in _internal: 127.0.0.1 - - [25/Jan/2024 13:23:17] "GET /static/img/img-36.png HTTP/1.1" 200 -
[2024-01-25 13:23:17,370] INFO in _internal: 127.0.0.1 - - [25/Jan/2024 13:23:17] "GET /static/img/img-37.png HTTP/1.1" 200 -
[2024-01-25 13:23:17,373] INFO in _internal: 127.0.0.1 - - [25/Jan/2024 13:23:17] "GET /static/img/img-38.png HTTP/1.1" 200 -
[2024-01-25 13:23:17,384] INFO in _internal: 127.0.0.1 - - [25/Jan/2024 13:23:17] "GET /static/img/img-39.png HTTP/1.1" 200 -
[2024-01-25 13:23:17,395] INFO in _internal: 127.0.0.1 - - [25/Jan/2024 13:23:17] "GET /static/img/img-40.png HTTP/1.1" 200 -
[2024-01-25 13:23:17,403] INFO in _internal: 127.0.0.1 - - [25/Jan/2024 13:23:17] "GET /static/img/img-41.png HTTP/1.1" 200 -
[2024-01-25 13:23:17,419] INFO in _internal: 127.0.0.1 - - [25/Jan/2024 13:23:17] "GET /static/img/img-42.png HTTP/1.1" 200 -
[2024-01-25 13:23:17,425] INFO in _internal: 127.0.0.1 - - [25/Jan/2024 13:23:17] "GET /static/img/img-43.png HTTP/1.1" 200 -
[2024-01-25 13:23:17,438] INFO in _internal: 127.0.0.1 - - [25/Jan/2024 13:23:17] "GET /static/img/img-44.png HTTP/1.1" 200 -
[2024-01-25 13:23:17,441] INFO in _internal: 127.0.0.1 - - [25/Jan/2024 13:23:17] "GET /static/img/img-50.png HTTP/1.1" 200 -
[2024-01-25 13:23:17,458] INFO in _internal: 127.0.0.1 - - [25/Jan/2024 13:23:17] "GET /static/img/img-51.png HTTP/1.1" 200 -
[2024-01-25 13:23:17,466] INFO in _internal: 127.0.0.1 - - [25/Jan/2024 13:23:17] "GET /static/img/img-52.png HTTP/1.1" 200 -
[2024-01-25 13:23:17,481] INFO in _internal: 127.0.0.1 - - [25/Jan/2024 13:23:17] "GET /static/img/img-53.png HTTP/1.1" 200 -
[2024-01-25 13:23:17,485] INFO in _internal: 127.0.0.1 - - [25/Jan/2024 13:23:17] "GET /static/img/img-54.png HTTP/1.1" 200 -
[2024-01-25 13:23:17,490] INFO in _internal: 127.0.0.1 - - [25/Jan/2024 13:23:17] "GET /static/img/img-55.png HTTP/1.1" 200 -
[2024-01-25 13:23:17,505] INFO in _internal: 127.0.0.1 - - [25/Jan/2024 13:23:17] "GET /static/img/img-56.png HTTP/1.1" 200 -
[2024-01-25 13:23:17,526] INFO in _internal: 127.0.0.1 - - [25/Jan/2024 13:23:17] "GET /static/img/img-57.png HTTP/1.1" 200 -
[2024-01-25 13:23:17,529] INFO in _internal: 127.0.0.1 - - [25/Jan/2024 13:23:17] "GET /static/img/img-58.png HTTP/1.1" 200 -
[2024-01-25 13:23:17,538] INFO in _internal: 127.0.0.1 - - [25/Jan/2024 13:23:17] "GET /static/img/img-59.png HTTP/1.1" 200 -
[2024-01-25 13:23:17,542] INFO in _internal: 127.0.0.1 - - [25/Jan/2024 13:23:17] "GET /static/img/img-60.png HTTP/1.1" 200 -
[2024-01-25 13:23:17,550] INFO in _internal: 127.0.0.1 - - [25/Jan/2024 13:23:17] "GET /static/img/img-61.png HTTP/1.1" 200 -
[2024-01-25 13:23:17,578] INFO in _internal: 127.0.0.1 - - [25/Jan/2024 13:23:17] "GET /static/img/img-62.png HTTP/1.1" 200 -
[2024-01-25 13:23:17,581] INFO in _internal: 127.0.0.1 - - [25/Jan/2024 13:23:17] "GET /static/img/img-63.png HTTP/1.1" 200 -
[2024-01-25 13:23:17,593] INFO in _internal: 127.0.0.1 - - [25/Jan/2024 13:23:17] "GET /static/img/img-64.png HTTP/1.1" 200 -
[2024-01-25 13:23:17,597] INFO in _internal: 127.0.0.1 - - [25/Jan/2024 13:23:17] "GET /static/img/img-65.png HTTP/1.1" 200 -
[2024-01-25 13:23:17,604] INFO in _internal: 127.0.0.1 - - [25/Jan/2024 13:23:17] "GET /static/img/img-66.png HTTP/1.1" 200 -
[2024-01-25 13:23:17,622] INFO in _internal: 127.0.0.1 - - [25/Jan/2024 13:23:17] "GET /static/img/img-67.png HTTP/1.1" 200 -
[2024-01-25 13:23:17,642] INFO in _internal: 127.0.0.1 - - [25/Jan/2024 13:23:17] "GET /escort HTTP/1.1" 200 -
[2024-01-25 13:23:17,649] INFO in _internal: 127.0.0.1 - - [25/Jan/2024 13:23:17] "GET /static/img/img-68.png HTTP/1.1" 200 -
[2024-01-25 13:23:17,667] INFO in _internal: 127.0.0.1 - - [25/Jan/2024 13:23:17] "GET /static/img/img-69.png HTTP/1.1" 200 -
[2024-01-25 13:23:17,667] INFO in _internal: 127.0.0.1 - - [25/Jan/2024 13:23:17] "GET /static/img/img-71.png HTTP/1.1" 200 -
[2024-01-25 13:23:17,668] INFO in _internal: 127.0.0.1 - - [25/Jan/2024 13:23:17] "GET /static/img/img-70.png HTTP/1.1" 200 -
[2024-01-25 13:23:17,670] INFO in _internal: 127.0.0.1 - - [25/Jan/2024 13:23:17] "GET /static/img/img-72.png HTTP/1.1" 200 -
[2024-01-25 13:23:17,733] INFO in _internal: 127.0.0.1 - - [25/Jan/2024 13:23:17] "[36mGET /static/img/logo.png HTTP/1.1[0m" 304 -
[2024-01-25 13:23:17,734] INFO in _internal: 127.0.0.1 - - [25/Jan/2024 13:23:17] "GET /static/js/escort.js HTTP/1.1" 200 -
[2024-01-25 13:23:17,734] INFO in _internal: 127.0.0.1 - - [25/Jan/2024 13:23:17] "GET /static/img/area.png HTTP/1.1" 200 -
[2024-01-25 13:23:17,744] INFO in _internal: 127.0.0.1 - - [25/Jan/2024 13:23:17] "GET /static/css/escort.css HTTP/1.1" 200 -
[2024-01-25 13:23:17,763] INFO in _internal: 127.0.0.1 - - [25/Jan/2024 13:23:17] "GET /static/img/1.jpg HTTP/1.1" 200 -
[2024-01-25 13:23:17,766] INFO in _internal: 127.0.0.1 - - [25/Jan/2024 13:23:17] "GET /static/img/3.jpg HTTP/1.1" 200 -
[2024-01-25 13:23:17,767] INFO in _internal: 127.0.0.1 - - [25/Jan/2024 13:23:17] "GET /static/img/2.jpg HTTP/1.1" 200 -
[2024-01-25 13:23:17,768] INFO in _internal: 127.0.0.1 - - [25/Jan/2024 13:23:17] "GET /static/img/4.jpg HTTP/1.1" 200 -
[2024-01-25 13:23:17,770] INFO in _internal: 127.0.0.1 - - [25/Jan/2024 13:23:17] "GET /static/img/19.jpg HTTP/1.1" 200 -
[2024-01-25 13:23:17,784] INFO in _internal: 127.0.0.1 - - [25/Jan/2024 13:23:17] "GET /static/img/20.jpg HTTP/1.1" 200 -
[2024-01-25 13:23:17,805] INFO in _internal: 127.0.0.1 - - [25/Jan/2024 13:23:17] "GET /static/img/21.jpg HTTP/1.1" 200 -
[2024-01-25 13:23:17,816] INFO in _internal: 127.0.0.1 - - [25/Jan/2024 13:23:17] "GET /static/img/22.jpg HTTP/1.1" 200 -
[2024-01-25 13:23:18,384] INFO in _internal: 127.0.0.1 - - [25/Jan/2024 13:23:18] "GET / HTTP/1.1" 200 -
[2024-01-25 13:23:18,411] INFO in _internal: 127.0.0.1 - - [25/Jan/2024 13:23:18] "[36mGET /static/css/templatemo-style.css HTTP/1.1[0m" 304 -
[2024-01-25 13:23:18,412] INFO in _internal: 127.0.0.1 - - [25/Jan/2024 13:23:18] "[36mGET /static/css/index.css HTTP/1.1[0m" 304 -
[2024-01-25 13:23:18,413] INFO in _internal: 127.0.0.1 - - [25/Jan/2024 13:23:18] "[36mGET /static/img/logo.png HTTP/1.1[0m" 304 -
[2024-01-25 13:23:18,582] INFO in _internal: 127.0.0.1 - - [25/Jan/2024 13:23:18] "GET /sensing_data HTTP/1.1" 200 -
[2024-01-25 13:23:46,786] INFO in _internal: 127.0.0.1 - - [25/Jan/2024 13:23:46] "GET /escort HTTP/1.1" 200 -
[2024-01-25 13:23:46,818] INFO in _internal: 127.0.0.1 - - [25/Jan/2024 13:23:46] "[36mGET /static/css/escort.css HTTP/1.1[0m" 304 -
[2024-01-25 13:23:46,820] INFO in _internal: 127.0.0.1 - - [25/Jan/2024 13:23:46] "[36mGET /static/img/area.png HTTP/1.1[0m" 304 -
[2024-01-25 13:23:46,822] INFO in _internal: 127.0.0.1 - - [25/Jan/2024 13:23:46] "[36mGET /static/img/logo.png HTTP/1.1[0m" 304 -
[2024-01-25 13:23:46,828] INFO in _internal: 127.0.0.1 - - [25/Jan/2024 13:23:46] "[36mGET /static/js/escort.js HTTP/1.1[0m" 304 -
[2024-01-25 13:23:46,857] INFO in _internal: 127.0.0.1 - - [25/Jan/2024 13:23:46] "[36mGET /static/img/1.jpg HTTP/1.1[0m" 304 -
[2024-01-25 13:23:46,861] INFO in _internal: 127.0.0.1 - - [25/Jan/2024 13:23:46] "[36mGET /static/img/2.jpg HTTP/1.1[0m" 304 -
[2024-01-25 13:23:46,862] INFO in _internal: 127.0.0.1 - - [25/Jan/2024 13:23:46] "[36mGET /static/img/3.jpg HTTP/1.1[0m" 304 -
[2024-01-25 13:23:46,868] INFO in _internal: 127.0.0.1 - - [25/Jan/2024 13:23:46] "[36mGET /static/img/4.jpg HTTP/1.1[0m" 304 -
[2024-01-25 13:23:46,878] INFO in _internal: 127.0.0.1 - - [25/Jan/2024 13:23:46] "[36mGET /static/img/19.jpg HTTP/1.1[0m" 304 -
[2024-01-25 13:23:46,882] INFO in _internal: 127.0.0.1 - - [25/Jan/2024 13:23:46] "[36mGET /static/img/20.jpg HTTP/1.1[0m" 304 -
[2024-01-25 13:23:46,890] INFO in _internal: 127.0.0.1 - - [25/Jan/2024 13:23:46] "[36mGET /static/img/21.jpg HTTP/1.1[0m" 304 -
[2024-01-25 13:23:46,893] INFO in _internal: 127.0.0.1 - - [25/Jan/2024 13:23:46] "[36mGET /static/img/22.jpg HTTP/1.1[0m" 304 -
[2024-01-25 13:24:10,974] INFO in _internal: 127.0.0.1 - - [25/Jan/2024 13:24:10] "GET /escort HTTP/1.1" 200 -
[2024-01-25 13:24:10,991] INFO in _internal: 127.0.0.1 - - [25/Jan/2024 13:24:10] "[36mGET /static/css/escort.css HTTP/1.1[0m" 304 -
[2024-01-25 13:24:11,001] INFO in _internal: 127.0.0.1 - - [25/Jan/2024 13:24:11] "[36mGET /static/js/escort.js HTTP/1.1[0m" 304 -
[2024-01-25 13:24:11,001] INFO in _internal: 127.0.0.1 - - [25/Jan/2024 13:24:11] "[36mGET /static/img/logo.png HTTP/1.1[0m" 304 -
[2024-01-25 13:24:11,002] INFO in _internal: 127.0.0.1 - - [25/Jan/2024 13:24:11] "[36mGET /static/img/area.png HTTP/1.1[0m" 304 -
[2024-01-25 13:24:11,022] INFO in _internal: 127.0.0.1 - - [25/Jan/2024 13:24:11] "[36mGET /static/img/2.jpg HTTP/1.1[0m" 304 -
[2024-01-25 13:24:11,022] INFO in _internal: 127.0.0.1 - - [25/Jan/2024 13:24:11] "[36mGET /static/img/1.jpg HTTP/1.1[0m" 304 -
[2024-01-25 13:24:11,024] INFO in _internal: 127.0.0.1 - - [25/Jan/2024 13:24:11] "[36mGET /static/img/4.jpg HTTP/1.1[0m" 304 -
[2024-01-25 13:24:11,026] INFO in _internal: 127.0.0.1 - - [25/Jan/2024 13:24:11] "[36mGET /static/img/3.jpg HTTP/1.1[0m" 304 -
[2024-01-25 13:24:11,038] INFO in _internal: 127.0.0.1 - - [25/Jan/2024 13:24:11] "[36mGET /static/img/19.jpg HTTP/1.1[0m" 304 -
[2024-01-25 13:24:11,042] INFO in _internal: 127.0.0.1 - - [25/Jan/2024 13:24:11] "[36mGET /static/img/20.jpg HTTP/1.1[0m" 304 -
[2024-01-25 13:24:11,048] INFO in _internal: 127.0.0.1 - - [25/Jan/2024 13:24:11] "[36mGET /static/img/21.jpg HTTP/1.1[0m" 304 -
[2024-01-25 13:24:11,050] INFO in _internal: 127.0.0.1 - - [25/Jan/2024 13:24:11] "[36mGET /static/img/22.jpg HTTP/1.1[0m" 304 -
[2024-01-25 13:24:12,337] INFO in _internal: 127.0.0.1 - - [25/Jan/2024 13:24:12] "GET / HTTP/1.1" 200 -
[2024-01-25 13:24:12,369] INFO in _internal: 127.0.0.1 - - [25/Jan/2024 13:24:12] "[36mGET /static/css/index.css HTTP/1.1[0m" 304 -
[2024-01-25 13:24:12,369] INFO in _internal: 127.0.0.1 - - [25/Jan/2024 13:24:12] "[36mGET /static/css/templatemo-style.css HTTP/1.1[0m" 304 -
[2024-01-25 13:24:12,371] INFO in _internal: 127.0.0.1 - - [25/Jan/2024 13:24:12] "[36mGET /static/img/logo.png HTTP/1.1[0m" 304 -
[2024-01-25 13:24:12,539] INFO in _internal: 127.0.0.1 - - [25/Jan/2024 13:24:12] "GET /sensing_data HTTP/1.1" 200 -
[2024-01-25 13:24:13,137] INFO in _internal: 127.0.0.1 - - [25/Jan/2024 13:24:13] "GET /escort HTTP/1.1" 200 -
[2024-01-25 13:24:13,164] INFO in _internal: 127.0.0.1 - - [25/Jan/2024 13:24:13] "[36mGET /static/css/escort.css HTTP/1.1[0m" 304 -
[2024-01-25 13:24:13,172] INFO in _internal: 127.0.0.1 - - [25/Jan/2024 13:24:13] "[36mGET /static/img/logo.png HTTP/1.1[0m" 304 -
[2024-01-25 13:24:13,174] INFO in _internal: 127.0.0.1 - - [25/Jan/2024 13:24:13] "[36mGET /static/img/area.png HTTP/1.1[0m" 304 -
[2024-01-25 13:24:13,177] INFO in _internal: 127.0.0.1 - - [25/Jan/2024 13:24:13] "[36mGET /static/js/escort.js HTTP/1.1[0m" 304 -
[2024-01-25 13:24:13,192] INFO in _internal: 127.0.0.1 - - [25/Jan/2024 13:24:13] "[36mGET /static/img/1.jpg HTTP/1.1[0m" 304 -
[2024-01-25 13:24:13,194] INFO in _internal: 127.0.0.1 - - [25/Jan/2024 13:24:13] "[36mGET /static/img/2.jpg HTTP/1.1[0m" 304 -
[2024-01-25 13:24:13,195] INFO in _internal: 127.0.0.1 - - [25/Jan/2024 13:24:13] "[36mGET /static/img/3.jpg HTTP/1.1[0m" 304 -
[2024-01-25 13:24:13,208] INFO in _internal: 127.0.0.1 - - [25/Jan/2024 13:24:13] "[36mGET /static/img/4.jpg HTTP/1.1[0m" 304 -
[2024-01-25 13:24:13,211] INFO in _internal: 127.0.0.1 - - [25/Jan/2024 13:24:13] "[36mGET /static/img/19.jpg HTTP/1.1[0m" 304 -
[2024-01-25 13:24:13,213] INFO in _internal: 127.0.0.1 - - [25/Jan/2024 13:24:13] "[36mGET /static/img/20.jpg HTTP/1.1[0m" 304 -
[2024-01-25 13:24:13,219] INFO in _internal: 127.0.0.1 - - [25/Jan/2024 13:24:13] "[36mGET /static/img/21.jpg HTTP/1.1[0m" 304 -
[2024-01-25 13:24:13,223] INFO in _internal: 127.0.0.1 - - [25/Jan/2024 13:24:13] "[36mGET /static/img/22.jpg HTTP/1.1[0m" 304 -
[2024-01-25 15:26:46,717] INFO in _internal: 127.0.0.1 - - [25/Jan/2024 15:26:46] "GET / HTTP/1.1" 200 -
[2024-01-25 15:26:46,753] INFO in _internal: 127.0.0.1 - - [25/Jan/2024 15:26:46] "[36mGET /static/css/templatemo-style.css HTTP/1.1[0m" 304 -
[2024-01-25 15:26:46,768] INFO in _internal: 127.0.0.1 - - [25/Jan/2024 15:26:46] "[36mGET /static/css/index.css HTTP/1.1[0m" 304 -
[2024-01-25 15:26:46,773] INFO in _internal: 127.0.0.1 - - [25/Jan/2024 15:26:46] "[36mGET /static/img/logo.png HTTP/1.1[0m" 304 -
[2024-01-25 15:26:47,367] INFO in _internal: 127.0.0.1 - - [25/Jan/2024 15:26:47] "GET /news HTTP/1.1" 200 -
[2024-01-25 15:26:47,392] INFO in _internal: 127.0.0.1 - - [25/Jan/2024 15:26:47] "GET /static/img/news1.png HTTP/1.1" 200 -
[2024-01-25 15:26:47,392] INFO in _internal: 127.0.0.1 - - [25/Jan/2024 15:26:47] "GET /static/css/news.css HTTP/1.1" 200 -
[2024-01-25 15:26:47,393] INFO in _internal: 127.0.0.1 - - [25/Jan/2024 15:26:47] "GET /static/img/0.png HTTP/1.1" 200 -
[2024-01-25 15:26:47,418] INFO in _internal: 127.0.0.1 - - [25/Jan/2024 15:26:47] "GET /static/img/news2.png HTTP/1.1" 200 -
[2024-01-25 15:26:47,418] INFO in _internal: 127.0.0.1 - - [25/Jan/2024 15:26:47] "GET /static/js/news.js HTTP/1.1" 200 -
[2024-01-25 15:26:47,433] INFO in _internal: 127.0.0.1 - - [25/Jan/2024 15:26:47] "GET /sensing_data HTTP/1.1" 200 -
[2024-01-25 15:26:47,454] INFO in _internal: 127.0.0.1 - - [25/Jan/2024 15:26:47] "GET /static/img/news3.png HTTP/1.1" 200 -
[2024-01-25 15:26:47,473] INFO in _internal: 127.0.0.1 - - [25/Jan/2024 15:26:47] "GET /static/img/news4.png HTTP/1.1" 200 -
[2024-01-25 15:26:47,502] INFO in _internal: 127.0.0.1 - - [25/Jan/2024 15:26:47] "GET /static/img/news5.png HTTP/1.1" 200 -
[2024-01-25 15:26:47,523] INFO in _internal: 127.0.0.1 - - [25/Jan/2024 15:26:47] "GET /static/img/news6.png HTTP/1.1" 200 -
[2024-01-25 15:26:47,549] INFO in _internal: 127.0.0.1 - - [25/Jan/2024 15:26:47] "GET /static/img/donggu.png HTTP/1.1" 200 -
[2024-01-25 15:27:08,248] INFO in _internal: 127.0.0.1 - - [25/Jan/2024 15:27:08] "[36mGET /static/css/news.css HTTP/1.1[0m" 304 -
[2024-01-25 15:33:59,637] INFO in _internal: 127.0.0.1 - - [25/Jan/2024 15:33:59] "GET /news HTTP/1.1" 200 -
[2024-01-25 15:33:59,652] INFO in _internal: 127.0.0.1 - - [25/Jan/2024 15:33:59] "GET /static/css/news.css HTTP/1.1" 200 -
[2024-01-25 15:33:59,671] INFO in _internal: 127.0.0.1 - - [25/Jan/2024 15:33:59] "[36mGET /static/img/0.png HTTP/1.1[0m" 304 -
[2024-01-25 15:33:59,672] INFO in _internal: 127.0.0.1 - - [25/Jan/2024 15:33:59] "[36mGET /static/img/news1.png HTTP/1.1[0m" 304 -
[2024-01-25 15:33:59,675] INFO in _internal: 127.0.0.1 - - [25/Jan/2024 15:33:59] "[36mGET /static/img/news2.png HTTP/1.1[0m" 304 -
[2024-01-25 15:33:59,675] INFO in _internal: 127.0.0.1 - - [25/Jan/2024 15:33:59] "[36mGET /static/img/news3.png HTTP/1.1[0m" 304 -
[2024-01-25 15:33:59,677] INFO in _internal: 127.0.0.1 - - [25/Jan/2024 15:33:59] "[36mGET /static/img/news4.png HTTP/1.1[0m" 304 -
[2024-01-25 15:33:59,681] INFO in _internal: 127.0.0.1 - - [25/Jan/2024 15:33:59] "GET /static/js/news.js HTTP/1.1" 200 -
[2024-01-25 15:33:59,682] INFO in _internal: 127.0.0.1 - - [25/Jan/2024 15:33:59] "[36mGET /static/img/donggu.png HTTP/1.1[0m" 304 -
[2024-01-25 15:33:59,695] INFO in _internal: 127.0.0.1 - - [25/Jan/2024 15:33:59] "[36mGET /static/img/news5.png HTTP/1.1[0m" 304 -
[2024-01-25 15:33:59,698] INFO in _internal: 127.0.0.1 - - [25/Jan/2024 15:33:59] "[36mGET /static/img/news6.png HTTP/1.1[0m" 304 -
[2024-01-25 15:34:32,427] INFO in _internal: 127.0.0.1 - - [25/Jan/2024 15:34:32] "GET /news HTTP/1.1" 200 -
[2024-01-25 15:34:32,454] INFO in _internal: 127.0.0.1 - - [25/Jan/2024 15:34:32] "GET /static/css/news.css HTTP/1.1" 200 -
[2024-01-25 15:34:32,474] INFO in _internal: 127.0.0.1 - - [25/Jan/2024 15:34:32] "[36mGET /static/img/news1.png HTTP/1.1[0m" 304 -
[2024-01-25 15:34:32,475] INFO in _internal: 127.0.0.1 - - [25/Jan/2024 15:34:32] "[36mGET /static/js/news.js HTTP/1.1[0m" 304 -
[2024-01-25 15:34:32,476] INFO in _internal: 127.0.0.1 - - [25/Jan/2024 15:34:32] "[36mGET /static/img/0.png HTTP/1.1[0m" 304 -
[2024-01-25 15:34:32,476] INFO in _internal: 127.0.0.1 - - [25/Jan/2024 15:34:32] "[36mGET /static/img/news2.png HTTP/1.1[0m" 304 -
[2024-01-25 15:34:32,479] INFO in _internal: 127.0.0.1 - - [25/Jan/2024 15:34:32] "[36mGET /static/img/news3.png HTTP/1.1[0m" 304 -
[2024-01-25 15:34:32,479] INFO in _internal: 127.0.0.1 - - [25/Jan/2024 15:34:32] "[36mGET /static/img/news4.png HTTP/1.1[0m" 304 -
[2024-01-25 15:34:32,501] INFO in _internal: 127.0.0.1 - - [25/Jan/2024 15:34:32] "[36mGET /static/img/donggu.png HTTP/1.1[0m" 304 -
[2024-01-25 15:34:32,502] INFO in _internal: 127.0.0.1 - - [25/Jan/2024 15:34:32] "[36mGET /static/img/news5.png HTTP/1.1[0m" 304 -
[2024-01-25 15:34:32,503] INFO in _internal: 127.0.0.1 - - [25/Jan/2024 15:34:32] "[36mGET /static/img/news6.png HTTP/1.1[0m" 304 -
[2024-01-25 15:35:28,284] INFO in _internal: 127.0.0.1 - - [25/Jan/2024 15:35:28] "GET /news HTTP/1.1" 200 -
[2024-01-25 15:35:28,301] INFO in _internal: 127.0.0.1 - - [25/Jan/2024 15:35:28] "GET /static/css/news.css HTTP/1.1" 200 -
[2024-01-25 15:35:28,316] INFO in _internal: 127.0.0.1 - - [25/Jan/2024 15:35:28] "[36mGET /static/img/0.png HTTP/1.1[0m" 304 -
[2024-01-25 15:35:28,320] INFO in _internal: 127.0.0.1 - - [25/Jan/2024 15:35:28] "[36mGET /static/img/news1.png HTTP/1.1[0m" 304 -
[2024-01-25 15:35:28,320] INFO in _internal: 127.0.0.1 - - [25/Jan/2024 15:35:28] "[36mGET /static/img/news2.png HTTP/1.1[0m" 304 -
[2024-01-25 15:35:28,326] INFO in _internal: 127.0.0.1 - - [25/Jan/2024 15:35:28] "[36mGET /static/js/news.js HTTP/1.1[0m" 304 -
[2024-01-25 15:35:28,330] INFO in _internal: 127.0.0.1 - - [25/Jan/2024 15:35:28] "[36mGET /static/img/news3.png HTTP/1.1[0m" 304 -
[2024-01-25 15:35:28,332] INFO in _internal: 127.0.0.1 - - [25/Jan/2024 15:35:28] "[36mGET /static/img/news4.png HTTP/1.1[0m" 304 -
[2024-01-25 15:35:28,347] INFO in _internal: 127.0.0.1 - - [25/Jan/2024 15:35:28] "[36mGET /static/img/donggu.png HTTP/1.1[0m" 304 -
[2024-01-25 15:35:28,353] INFO in _internal: 127.0.0.1 - - [25/Jan/2024 15:35:28] "[36mGET /static/img/news5.png HTTP/1.1[0m" 304 -
[2024-01-25 15:35:28,355] INFO in _internal: 127.0.0.1 - - [25/Jan/2024 15:35:28] "[36mGET /static/img/news6.png HTTP/1.1[0m" 304 -
[2024-01-25 15:36:36,949] INFO in _internal: 127.0.0.1 - - [25/Jan/2024 15:36:36] "GET /news HTTP/1.1" 200 -
[2024-01-25 15:36:36,971] INFO in _internal: 127.0.0.1 - - [25/Jan/2024 15:36:36] "GET /static/css/news.css HTTP/1.1" 200 -
[2024-01-25 15:36:36,991] INFO in _internal: 127.0.0.1 - - [25/Jan/2024 15:36:36] "[36mGET /static/js/news.js HTTP/1.1[0m" 304 -
[2024-01-25 15:36:36,992] INFO in _internal: 127.0.0.1 - - [25/Jan/2024 15:36:36] "[36mGET /static/img/news2.png HTTP/1.1[0m" 304 -
[2024-01-25 15:36:36,993] INFO in _internal: 127.0.0.1 - - [25/Jan/2024 15:36:36] "[36mGET /static/img/news1.png HTTP/1.1[0m" 304 -
[2024-01-25 15:36:36,993] INFO in _internal: 127.0.0.1 - - [25/Jan/2024 15:36:36] "[36mGET /static/img/0.png HTTP/1.1[0m" 304 -
[2024-01-25 15:36:36,994] INFO in _internal: 127.0.0.1 - - [25/Jan/2024 15:36:36] "[36mGET /static/img/news3.png HTTP/1.1[0m" 304 -
[2024-01-25 15:36:36,996] INFO in _internal: 127.0.0.1 - - [25/Jan/2024 15:36:36] "[36mGET /static/img/news4.png HTTP/1.1[0m" 304 -
[2024-01-25 15:36:37,012] INFO in _internal: 127.0.0.1 - - [25/Jan/2024 15:36:37] "[36mGET /static/img/donggu.png HTTP/1.1[0m" 304 -
[2024-01-25 15:36:37,012] INFO in _internal: 127.0.0.1 - - [25/Jan/2024 15:36:37] "[36mGET /static/img/news5.png HTTP/1.1[0m" 304 -
[2024-01-25 15:36:37,014] INFO in _internal: 127.0.0.1 - - [25/Jan/2024 15:36:37] "[36mGET /static/img/news6.png HTTP/1.1[0m" 304 -
[2024-01-25 15:37:53,519] INFO in _internal: 127.0.0.1 - - [25/Jan/2024 15:37:53] "GET /news HTTP/1.1" 200 -
[2024-01-25 15:37:53,539] INFO in _internal: 127.0.0.1 - - [25/Jan/2024 15:37:53] "GET /static/css/news.css HTTP/1.1" 200 -
[2024-01-25 15:37:53,555] INFO in _internal: 127.0.0.1 - - [25/Jan/2024 15:37:53] "[36mGET /static/img/0.png HTTP/1.1[0m" 304 -
[2024-01-25 15:37:53,558] INFO in _internal: 127.0.0.1 - - [25/Jan/2024 15:37:53] "[36mGET /static/img/news1.png HTTP/1.1[0m" 304 -
[2024-01-25 15:37:53,560] INFO in _internal: 127.0.0.1 - - [25/Jan/2024 15:37:53] "[36mGET /static/img/news2.png HTTP/1.1[0m" 304 -
[2024-01-25 15:37:53,562] INFO in _internal: 127.0.0.1 - - [25/Jan/2024 15:37:53] "[36mGET /static/js/news.js HTTP/1.1[0m" 304 -
[2024-01-25 15:37:53,564] INFO in _internal: 127.0.0.1 - - [25/Jan/2024 15:37:53] "[36mGET /static/img/news3.png HTTP/1.1[0m" 304 -
[2024-01-25 15:37:53,567] INFO in _internal: 127.0.0.1 - - [25/Jan/2024 15:37:53] "[36mGET /static/img/news4.png HTTP/1.1[0m" 304 -
[2024-01-25 15:37:53,573] INFO in _internal: 127.0.0.1 - - [25/Jan/2024 15:37:53] "[36mGET /static/img/donggu.png HTTP/1.1[0m" 304 -
[2024-01-25 15:37:53,579] INFO in _internal: 127.0.0.1 - - [25/Jan/2024 15:37:53] "[36mGET /static/img/news5.png HTTP/1.1[0m" 304 -
[2024-01-25 15:37:53,584] INFO in _internal: 127.0.0.1 - - [25/Jan/2024 15:37:53] "[36mGET /static/img/news6.png HTTP/1.1[0m" 304 -
[2024-01-25 15:38:34,700] INFO in _internal: 127.0.0.1 - - [25/Jan/2024 15:38:34] "GET /news HTTP/1.1" 200 -
[2024-01-25 15:38:34,721] INFO in _internal: 127.0.0.1 - - [25/Jan/2024 15:38:34] "GET /static/css/news.css HTTP/1.1" 200 -
[2024-01-25 15:38:34,744] INFO in _internal: 127.0.0.1 - - [25/Jan/2024 15:38:34] "[36mGET /static/img/0.png HTTP/1.1[0m" 304 -
[2024-01-25 15:38:34,749] INFO in _internal: 127.0.0.1 - - [25/Jan/2024 15:38:34] "[36mGET /static/js/news.js HTTP/1.1[0m" 304 -
[2024-01-25 15:38:34,750] INFO in _internal: 127.0.0.1 - - [25/Jan/2024 15:38:34] "[36mGET /static/img/news1.png HTTP/1.1[0m" 304 -
[2024-01-25 15:38:34,750] INFO in _internal: 127.0.0.1 - - [25/Jan/2024 15:38:34] "[36mGET /static/img/news2.png HTTP/1.1[0m" 304 -
[2024-01-25 15:38:34,753] INFO in _internal: 127.0.0.1 - - [25/Jan/2024 15:38:34] "[36mGET /static/img/news3.png HTTP/1.1[0m" 304 -
[2024-01-25 15:38:34,756] INFO in _internal: 127.0.0.1 - - [25/Jan/2024 15:38:34] "[36mGET /static/img/news4.png HTTP/1.1[0m" 304 -
[2024-01-25 15:38:34,765] INFO in _internal: 127.0.0.1 - - [25/Jan/2024 15:38:34] "[36mGET /static/img/donggu.png HTTP/1.1[0m" 304 -
[2024-01-25 15:38:34,774] INFO in _internal: 127.0.0.1 - - [25/Jan/2024 15:38:34] "[36mGET /static/img/news5.png HTTP/1.1[0m" 304 -
[2024-01-25 15:38:34,777] INFO in _internal: 127.0.0.1 - - [25/Jan/2024 15:38:34] "[36mGET /static/img/news6.png HTTP/1.1[0m" 304 -
[2024-01-25 15:38:46,743] INFO in _internal: 127.0.0.1 - - [25/Jan/2024 15:38:46] "GET /news HTTP/1.1" 200 -
[2024-01-25 15:38:46,761] INFO in _internal: 127.0.0.1 - - [25/Jan/2024 15:38:46] "GET /static/css/news.css HTTP/1.1" 200 -
[2024-01-25 15:38:46,776] INFO in _internal: 127.0.0.1 - - [25/Jan/2024 15:38:46] "[36mGET /static/img/news2.png HTTP/1.1[0m" 304 -
[2024-01-25 15:38:46,777] INFO in _internal: 127.0.0.1 - - [25/Jan/2024 15:38:46] "[36mGET /static/img/0.png HTTP/1.1[0m" 304 -
[2024-01-25 15:38:46,777] INFO in _internal: 127.0.0.1 - - [25/Jan/2024 15:38:46] "[36mGET /static/img/news1.png HTTP/1.1[0m" 304 -
[2024-01-25 15:38:46,778] INFO in _internal: 127.0.0.1 - - [25/Jan/2024 15:38:46] "[36mGET /static/img/news4.png HTTP/1.1[0m" 304 -
[2024-01-25 15:38:46,779] INFO in _internal: 127.0.0.1 - - [25/Jan/2024 15:38:46] "[36mGET /static/img/news3.png HTTP/1.1[0m" 304 -
[2024-01-25 15:38:46,779] INFO in _internal: 127.0.0.1 - - [25/Jan/2024 15:38:46] "[36mGET /static/js/news.js HTTP/1.1[0m" 304 -
[2024-01-25 15:38:46,796] INFO in _internal: 127.0.0.1 - - [25/Jan/2024 15:38:46] "[36mGET /static/img/news5.png HTTP/1.1[0m" 304 -
[2024-01-25 15:38:46,799] INFO in _internal: 127.0.0.1 - - [25/Jan/2024 15:38:46] "[36mGET /static/img/news6.png HTTP/1.1[0m" 304 -
[2024-01-25 15:38:46,802] INFO in _internal: 127.0.0.1 - - [25/Jan/2024 15:38:46] "[36mGET /static/img/donggu.png HTTP/1.1[0m" 304 -
[2024-01-25 15:38:55,199] INFO in _internal: 127.0.0.1 - - [25/Jan/2024 15:38:55] "GET /news HTTP/1.1" 200 -
[2024-01-25 15:38:55,217] INFO in _internal: 127.0.0.1 - - [25/Jan/2024 15:38:55] "GET /static/css/news.css HTTP/1.1" 200 -
[2024-01-25 15:38:55,232] INFO in _internal: 127.0.0.1 - - [25/Jan/2024 15:38:55] "[36mGET /static/img/0.png HTTP/1.1[0m" 304 -
[2024-01-25 15:38:55,234] INFO in _internal: 127.0.0.1 - - [25/Jan/2024 15:38:55] "[36mGET /static/img/news1.png HTTP/1.1[0m" 304 -
[2024-01-25 15:38:55,234] INFO in _internal: 127.0.0.1 - - [25/Jan/2024 15:38:55] "[36mGET /static/img/news3.png HTTP/1.1[0m" 304 -
[2024-01-25 15:38:55,235] INFO in _internal: 127.0.0.1 - - [25/Jan/2024 15:38:55] "[36mGET /static/img/news2.png HTTP/1.1[0m" 304 -
[2024-01-25 15:38:55,238] INFO in _internal: 127.0.0.1 - - [25/Jan/2024 15:38:55] "[36mGET /static/img/news4.png HTTP/1.1[0m" 304 -
[2024-01-25 15:38:55,247] INFO in _internal: 127.0.0.1 - - [25/Jan/2024 15:38:55] "[36mGET /static/js/news.js HTTP/1.1[0m" 304 -
[2024-01-25 15:38:55,248] INFO in _internal: 127.0.0.1 - - [25/Jan/2024 15:38:55] "[36mGET /static/img/donggu.png HTTP/1.1[0m" 304 -
[2024-01-25 15:38:55,255] INFO in _internal: 127.0.0.1 - - [25/Jan/2024 15:38:55] "[36mGET /static/img/news5.png HTTP/1.1[0m" 304 -
[2024-01-25 15:38:55,257] INFO in _internal: 127.0.0.1 - - [25/Jan/2024 15:38:55] "[36mGET /static/img/news6.png HTTP/1.1[0m" 304 -
[2024-01-25 15:39:02,612] INFO in _internal: 127.0.0.1 - - [25/Jan/2024 15:39:02] "GET /news HTTP/1.1" 200 -
[2024-01-25 15:39:02,627] INFO in _internal: 127.0.0.1 - - [25/Jan/2024 15:39:02] "GET /static/css/news.css HTTP/1.1" 200 -
[2024-01-25 15:39:02,639] INFO in _internal: 127.0.0.1 - - [25/Jan/2024 15:39:02] "[36mGET /static/img/news1.png HTTP/1.1[0m" 304 -
[2024-01-25 15:39:02,639] INFO in _internal: 127.0.0.1 - - [25/Jan/2024 15:39:02] "[36mGET /static/img/0.png HTTP/1.1[0m" 304 -
[2024-01-25 15:39:02,641] INFO in _internal: 127.0.0.1 - - [25/Jan/2024 15:39:02] "[36mGET /static/img/news2.png HTTP/1.1[0m" 304 -
[2024-01-25 15:39:02,651] INFO in _internal: 127.0.0.1 - - [25/Jan/2024 15:39:02] "[36mGET /static/img/news3.png HTTP/1.1[0m" 304 -
[2024-01-25 15:39:02,657] INFO in _internal: 127.0.0.1 - - [25/Jan/2024 15:39:02] "[36mGET /static/img/news4.png HTTP/1.1[0m" 304 -
[2024-01-25 15:39:02,659] INFO in _internal: 127.0.0.1 - - [25/Jan/2024 15:39:02] "[36mGET /static/js/news.js HTTP/1.1[0m" 304 -
[2024-01-25 15:39:02,663] INFO in _internal: 127.0.0.1 - - [25/Jan/2024 15:39:02] "[36mGET /static/img/donggu.png HTTP/1.1[0m" 304 -
[2024-01-25 15:39:02,665] INFO in _internal: 127.0.0.1 - - [25/Jan/2024 15:39:02] "[36mGET /static/img/news5.png HTTP/1.1[0m" 304 -
[2024-01-25 15:39:02,670] INFO in _internal: 127.0.0.1 - - [25/Jan/2024 15:39:02] "[36mGET /static/img/news6.png HTTP/1.1[0m" 304 -
[2024-01-25 15:39:08,800] INFO in _internal: 127.0.0.1 - - [25/Jan/2024 15:39:08] "GET /news HTTP/1.1" 200 -
[2024-01-25 15:39:08,817] INFO in _internal: 127.0.0.1 - - [25/Jan/2024 15:39:08] "GET /static/css/news.css HTTP/1.1" 200 -
[2024-01-25 15:39:08,829] INFO in _internal: 127.0.0.1 - - [25/Jan/2024 15:39:08] "[36mGET /static/img/0.png HTTP/1.1[0m" 304 -
[2024-01-25 15:39:08,833] INFO in _internal: 127.0.0.1 - - [25/Jan/2024 15:39:08] "[36mGET /static/img/news1.png HTTP/1.1[0m" 304 -
[2024-01-25 15:39:08,834] INFO in _internal: 127.0.0.1 - - [25/Jan/2024 15:39:08] "[36mGET /static/img/news2.png HTTP/1.1[0m" 304 -
[2024-01-25 15:39:08,838] INFO in _internal: 127.0.0.1 - - [25/Jan/2024 15:39:08] "[36mGET /static/img/news3.png HTTP/1.1[0m" 304 -
[2024-01-25 15:39:08,839] INFO in _internal: 127.0.0.1 - - [25/Jan/2024 15:39:08] "[36mGET /static/img/news4.png HTTP/1.1[0m" 304 -
[2024-01-25 15:39:08,845] INFO in _internal: 127.0.0.1 - - [25/Jan/2024 15:39:08] "[36mGET /static/js/news.js HTTP/1.1[0m" 304 -
[2024-01-25 15:39:08,853] INFO in _internal: 127.0.0.1 - - [25/Jan/2024 15:39:08] "[36mGET /static/img/donggu.png HTTP/1.1[0m" 304 -
[2024-01-25 15:39:08,861] INFO in _internal: 127.0.0.1 - - [25/Jan/2024 15:39:08] "[36mGET /static/img/news5.png HTTP/1.1[0m" 304 -
[2024-01-25 15:39:08,862] INFO in _internal: 127.0.0.1 - - [25/Jan/2024 15:39:08] "[36mGET /static/img/news6.png HTTP/1.1[0m" 304 -
[2024-01-25 15:39:18,535] INFO in _internal: 127.0.0.1 - - [25/Jan/2024 15:39:18] "GET /news HTTP/1.1" 200 -
[2024-01-25 15:39:18,552] INFO in _internal: 127.0.0.1 - - [25/Jan/2024 15:39:18] "GET /static/css/news.css HTTP/1.1" 200 -
[2024-01-25 15:39:18,561] INFO in _internal: 127.0.0.1 - - [25/Jan/2024 15:39:18] "[36mGET /static/img/news1.png HTTP/1.1[0m" 304 -
[2024-01-25 15:39:18,562] INFO in _internal: 127.0.0.1 - - [25/Jan/2024 15:39:18] "[36mGET /static/img/0.png HTTP/1.1[0m" 304 -
[2024-01-25 15:39:18,567] INFO in _internal: 127.0.0.1 - - [25/Jan/2024 15:39:18] "[36mGET /static/img/news2.png HTTP/1.1[0m" 304 -
[2024-01-25 15:39:18,575] INFO in _internal: 127.0.0.1 - - [25/Jan/2024 15:39:18] "[36mGET /static/img/news4.png HTTP/1.1[0m" 304 -
[2024-01-25 15:39:18,578] INFO in _internal: 127.0.0.1 - - [25/Jan/2024 15:39:18] "[36mGET /static/img/news3.png HTTP/1.1[0m" 304 -
[2024-01-25 15:39:18,582] INFO in _internal: 127.0.0.1 - - [25/Jan/2024 15:39:18] "[36mGET /static/js/news.js HTTP/1.1[0m" 304 -
[2024-01-25 15:39:18,586] INFO in _internal: 127.0.0.1 - - [25/Jan/2024 15:39:18] "[36mGET /static/img/news5.png HTTP/1.1[0m" 304 -
[2024-01-25 15:39:18,593] INFO in _internal: 127.0.0.1 - - [25/Jan/2024 15:39:18] "[36mGET /static/img/news6.png HTTP/1.1[0m" 304 -
[2024-01-25 15:39:18,593] INFO in _internal: 127.0.0.1 - - [25/Jan/2024 15:39:18] "[36mGET /static/img/donggu.png HTTP/1.1[0m" 304 -
[2024-01-25 15:39:32,022] INFO in _internal: 127.0.0.1 - - [25/Jan/2024 15:39:32] "GET /news HTTP/1.1" 200 -
[2024-01-25 15:39:32,042] INFO in _internal: 127.0.0.1 - - [25/Jan/2024 15:39:32] "GET /static/css/news.css HTTP/1.1" 200 -
[2024-01-25 15:39:32,051] INFO in _internal: 127.0.0.1 - - [25/Jan/2024 15:39:32] "[36mGET /static/img/0.png HTTP/1.1[0m" 304 -
[2024-01-25 15:39:32,053] INFO in _internal: 127.0.0.1 - - [25/Jan/2024 15:39:32] "[36mGET /static/img/news1.png HTTP/1.1[0m" 304 -
[2024-01-25 15:39:32,057] INFO in _internal: 127.0.0.1 - - [25/Jan/2024 15:39:32] "[36mGET /static/img/news2.png HTTP/1.1[0m" 304 -
[2024-01-25 15:39:32,061] INFO in _internal: 127.0.0.1 - - [25/Jan/2024 15:39:32] "[36mGET /static/img/news3.png HTTP/1.1[0m" 304 -
[2024-01-25 15:39:32,066] INFO in _internal: 127.0.0.1 - - [25/Jan/2024 15:39:32] "[36mGET /static/img/news4.png HTTP/1.1[0m" 304 -
[2024-01-25 15:39:32,072] INFO in _internal: 127.0.0.1 - - [25/Jan/2024 15:39:32] "[36mGET /static/js/news.js HTTP/1.1[0m" 304 -
[2024-01-25 15:39:32,072] INFO in _internal: 127.0.0.1 - - [25/Jan/2024 15:39:32] "[36mGET /static/img/donggu.png HTTP/1.1[0m" 304 -
[2024-01-25 15:39:32,078] INFO in _internal: 127.0.0.1 - - [25/Jan/2024 15:39:32] "[36mGET /static/img/news5.png HTTP/1.1[0m" 304 -
[2024-01-25 15:39:32,083] INFO in _internal: 127.0.0.1 - - [25/Jan/2024 15:39:32] "[36mGET /static/img/news6.png HTTP/1.1[0m" 304 -
[2024-01-25 15:39:47,537] INFO in _internal: 127.0.0.1 - - [25/Jan/2024 15:39:47] "GET /news HTTP/1.1" 200 -
[2024-01-25 15:39:47,554] INFO in _internal: 127.0.0.1 - - [25/Jan/2024 15:39:47] "GET /static/css/news.css HTTP/1.1" 200 -
[2024-01-25 15:39:47,571] INFO in _internal: 127.0.0.1 - - [25/Jan/2024 15:39:47] "[36mGET /static/img/0.png HTTP/1.1[0m" 304 -
[2024-01-25 15:39:47,573] INFO in _internal: 127.0.0.1 - - [25/Jan/2024 15:39:47] "[36mGET /static/img/news1.png HTTP/1.1[0m" 304 -
[2024-01-25 15:39:47,573] INFO in _internal: 127.0.0.1 - - [25/Jan/2024 15:39:47] "[36mGET /static/img/news2.png HTTP/1.1[0m" 304 -
[2024-01-25 15:39:47,579] INFO in _internal: 127.0.0.1 - - [25/Jan/2024 15:39:47] "[36mGET /static/js/news.js HTTP/1.1[0m" 304 -
[2024-01-25 15:39:47,584] INFO in _internal: 127.0.0.1 - - [25/Jan/2024 15:39:47] "[36mGET /static/img/news3.png HTTP/1.1[0m" 304 -
[2024-01-25 15:39:47,588] INFO in _internal: 127.0.0.1 - - [25/Jan/2024 15:39:47] "[36mGET /static/img/news4.png HTTP/1.1[0m" 304 -
[2024-01-25 15:39:47,591] INFO in _internal: 127.0.0.1 - - [25/Jan/2024 15:39:47] "[36mGET /static/img/donggu.png HTTP/1.1[0m" 304 -
[2024-01-25 15:39:47,591] INFO in _internal: 127.0.0.1 - - [25/Jan/2024 15:39:47] "[36mGET /static/img/news5.png HTTP/1.1[0m" 304 -
[2024-01-25 15:39:47,600] INFO in _internal: 127.0.0.1 - - [25/Jan/2024 15:39:47] "[36mGET /static/img/news6.png HTTP/1.1[0m" 304 -
[2024-01-25 15:40:10,652] INFO in _internal: 127.0.0.1 - - [25/Jan/2024 15:40:10] "[36mGET /static/css/news.css HTTP/1.1[0m" 304 -
[2024-01-25 15:42:22,169] INFO in _internal: 127.0.0.1 - - [25/Jan/2024 15:42:22] "GET /news HTTP/1.1" 200 -
[2024-01-25 15:42:22,189] INFO in _internal: 127.0.0.1 - - [25/Jan/2024 15:42:22] "GET /static/css/news.css HTTP/1.1" 200 -
[2024-01-25 15:42:22,207] INFO in _internal: 127.0.0.1 - - [25/Jan/2024 15:42:22] "[36mGET /static/img/0.png HTTP/1.1[0m" 304 -
[2024-01-25 15:42:22,207] INFO in _internal: 127.0.0.1 - - [25/Jan/2024 15:42:22] "[36mGET /static/img/news2.png HTTP/1.1[0m" 304 -
[2024-01-25 15:42:22,209] INFO in _internal: 127.0.0.1 - - [25/Jan/2024 15:42:22] "[36mGET /static/img/news1.png HTTP/1.1[0m" 304 -
[2024-01-25 15:42:22,209] INFO in _internal: 127.0.0.1 - - [25/Jan/2024 15:42:22] "[36mGET /static/js/news.js HTTP/1.1[0m" 304 -
[2024-01-25 15:42:22,211] INFO in _internal: 127.0.0.1 - - [25/Jan/2024 15:42:22] "[36mGET /static/img/news3.png HTTP/1.1[0m" 304 -
[2024-01-25 15:42:22,214] INFO in _internal: 127.0.0.1 - - [25/Jan/2024 15:42:22] "[36mGET /static/img/news4.png HTTP/1.1[0m" 304 -
[2024-01-25 15:42:22,224] INFO in _internal: 127.0.0.1 - - [25/Jan/2024 15:42:22] "[36mGET /static/img/donggu.png HTTP/1.1[0m" 304 -
[2024-01-25 15:42:22,241] INFO in _internal: 127.0.0.1 - - [25/Jan/2024 15:42:22] "[36mGET /static/img/news5.png HTTP/1.1[0m" 304 -
[2024-01-25 15:42:22,243] INFO in _internal: 127.0.0.1 - - [25/Jan/2024 15:42:22] "[36mGET /static/img/news6.png HTTP/1.1[0m" 304 -
[2024-01-25 15:42:48,079] INFO in _internal: 127.0.0.1 - - [25/Jan/2024 15:42:48] "GET /news HTTP/1.1" 200 -
[2024-01-25 15:42:48,100] INFO in _internal: 127.0.0.1 - - [25/Jan/2024 15:42:48] "GET /static/css/news.css HTTP/1.1" 200 -
[2024-01-25 15:42:48,114] INFO in _internal: 127.0.0.1 - - [25/Jan/2024 15:42:48] "[36mGET /static/img/news1.png HTTP/1.1[0m" 304 -
[2024-01-25 15:42:48,116] INFO in _internal: 127.0.0.1 - - [25/Jan/2024 15:42:48] "[36mGET /static/img/0.png HTTP/1.1[0m" 304 -
[2024-01-25 15:42:48,120] INFO in _internal: 127.0.0.1 - - [25/Jan/2024 15:42:48] "[36mGET /static/img/news2.png HTTP/1.1[0m" 304 -
[2024-01-25 15:42:48,124] INFO in _internal: 127.0.0.1 - - [25/Jan/2024 15:42:48] "[36mGET /static/js/news.js HTTP/1.1[0m" 304 -
[2024-01-25 15:42:48,128] INFO in _internal: 127.0.0.1 - - [25/Jan/2024 15:42:48] "[36mGET /static/img/news3.png HTTP/1.1[0m" 304 -
[2024-01-25 15:42:48,137] INFO in _internal: 127.0.0.1 - - [25/Jan/2024 15:42:48] "[36mGET /static/img/news4.png HTTP/1.1[0m" 304 -
[2024-01-25 15:42:48,140] INFO in _internal: 127.0.0.1 - - [25/Jan/2024 15:42:48] "[36mGET /static/img/news5.png HTTP/1.1[0m" 304 -
[2024-01-25 15:42:48,145] INFO in _internal: 127.0.0.1 - - [25/Jan/2024 15:42:48] "[36mGET /static/img/donggu.png HTTP/1.1[0m" 304 -
[2024-01-25 15:42:48,146] INFO in _internal: 127.0.0.1 - - [25/Jan/2024 15:42:48] "[36mGET /static/img/news6.png HTTP/1.1[0m" 304 -
[2024-01-25 15:43:01,057] INFO in _internal: 127.0.0.1 - - [25/Jan/2024 15:43:01] "[36mGET /static/css/news.css HTTP/1.1[0m" 304 -
[2024-01-25 15:43:49,974] INFO in _internal: 127.0.0.1 - - [25/Jan/2024 15:43:49] "GET /news HTTP/1.1" 200 -
[2024-01-25 15:43:50,000] INFO in _internal: 127.0.0.1 - - [25/Jan/2024 15:43:50] "GET /static/css/news.css HTTP/1.1" 200 -
[2024-01-25 15:43:50,016] INFO in _internal: 127.0.0.1 - - [25/Jan/2024 15:43:50] "[36mGET /static/img/0.png HTTP/1.1[0m" 304 -
[2024-01-25 15:43:50,017] INFO in _internal: 127.0.0.1 - - [25/Jan/2024 15:43:50] "[36mGET /static/img/news1.png HTTP/1.1[0m" 304 -
[2024-01-25 15:43:50,028] INFO in _internal: 127.0.0.1 - - [25/Jan/2024 15:43:50] "[36mGET /static/img/news2.png HTTP/1.1[0m" 304 -
[2024-01-25 15:43:50,031] INFO in _internal: 127.0.0.1 - - [25/Jan/2024 15:43:50] "[36mGET /static/img/news3.png HTTP/1.1[0m" 304 -
[2024-01-25 15:43:50,038] INFO in _internal: 127.0.0.1 - - [25/Jan/2024 15:43:50] "[36mGET /static/img/news4.png HTTP/1.1[0m" 304 -
[2024-01-25 15:43:50,041] INFO in _internal: 127.0.0.1 - - [25/Jan/2024 15:43:50] "[36mGET /static/js/news.js HTTP/1.1[0m" 304 -
[2024-01-25 15:43:50,050] INFO in _internal: 127.0.0.1 - - [25/Jan/2024 15:43:50] "[36mGET /static/img/donggu.png HTTP/1.1[0m" 304 -
[2024-01-25 15:43:50,056] INFO in _internal: 127.0.0.1 - - [25/Jan/2024 15:43:50] "[36mGET /static/img/news5.png HTTP/1.1[0m" 304 -
[2024-01-25 15:43:50,059] INFO in _internal: 127.0.0.1 - - [25/Jan/2024 15:43:50] "[36mGET /static/img/news6.png HTTP/1.1[0m" 304 -
[2024-01-25 15:45:48,565] INFO in _internal: 127.0.0.1 - - [25/Jan/2024 15:45:48] "GET /news HTTP/1.1" 200 -
[2024-01-25 15:45:48,584] INFO in _internal: 127.0.0.1 - - [25/Jan/2024 15:45:48] "GET /static/css/news.css HTTP/1.1" 200 -
[2024-01-25 15:45:48,602] INFO in _internal: 127.0.0.1 - - [25/Jan/2024 15:45:48] "[36mGET /static/js/news.js HTTP/1.1[0m" 304 -
[2024-01-25 15:45:48,608] INFO in _internal: 127.0.0.1 - - [25/Jan/2024 15:45:48] "[36mGET /static/img/news1.png HTTP/1.1[0m" 304 -
[2024-01-25 15:45:48,609] INFO in _internal: 127.0.0.1 - - [25/Jan/2024 15:45:48] "[36mGET /static/img/0.png HTTP/1.1[0m" 304 -
[2024-01-25 15:45:48,611] INFO in _internal: 127.0.0.1 - - [25/Jan/2024 15:45:48] "[36mGET /static/img/news2.png HTTP/1.1[0m" 304 -
[2024-01-25 15:45:48,612] INFO in _internal: 127.0.0.1 - - [25/Jan/2024 15:45:48] "[36mGET /static/img/news3.png HTTP/1.1[0m" 304 -
[2024-01-25 15:45:48,612] INFO in _internal: 127.0.0.1 - - [25/Jan/2024 15:45:48] "[36mGET /static/img/news4.png HTTP/1.1[0m" 304 -
[2024-01-25 15:45:48,619] INFO in _internal: 127.0.0.1 - - [25/Jan/2024 15:45:48] "[36mGET /static/img/donggu.png HTTP/1.1[0m" 304 -
[2024-01-25 15:45:48,633] INFO in _internal: 127.0.0.1 - - [25/Jan/2024 15:45:48] "[36mGET /static/img/news5.png HTTP/1.1[0m" 304 -
[2024-01-25 15:45:48,634] INFO in _internal: 127.0.0.1 - - [25/Jan/2024 15:45:48] "[36mGET /static/img/news6.png HTTP/1.1[0m" 304 -
[2024-01-25 15:48:23,195] INFO in _internal: 127.0.0.1 - - [25/Jan/2024 15:48:23] "GET /news HTTP/1.1" 200 -
[2024-01-25 15:48:23,216] INFO in _internal: 127.0.0.1 - - [25/Jan/2024 15:48:23] "GET /static/css/news.css HTTP/1.1" 200 -
[2024-01-25 15:48:23,232] INFO in _internal: 127.0.0.1 - - [25/Jan/2024 15:48:23] "[36mGET /static/img/0.png HTTP/1.1[0m" 304 -
[2024-01-25 15:48:23,233] INFO in _internal: 127.0.0.1 - - [25/Jan/2024 15:48:23] "[36mGET /static/img/news1.png HTTP/1.1[0m" 304 -
[2024-01-25 15:48:23,240] INFO in _internal: 127.0.0.1 - - [25/Jan/2024 15:48:23] "[36mGET /static/img/news2.png HTTP/1.1[0m" 304 -
[2024-01-25 15:48:23,245] INFO in _internal: 127.0.0.1 - - [25/Jan/2024 15:48:23] "[36mGET /static/img/news3.png HTTP/1.1[0m" 304 -
[2024-01-25 15:48:23,247] INFO in _internal: 127.0.0.1 - - [25/Jan/2024 15:48:23] "[36mGET /static/img/news4.png HTTP/1.1[0m" 304 -
[2024-01-25 15:48:23,251] INFO in _internal: 127.0.0.1 - - [25/Jan/2024 15:48:23] "[36mGET /static/js/news.js HTTP/1.1[0m" 304 -
[2024-01-25 15:48:23,261] INFO in _internal: 127.0.0.1 - - [25/Jan/2024 15:48:23] "[36mGET /static/img/donggu.png HTTP/1.1[0m" 304 -
[2024-01-25 15:48:23,265] INFO in _internal: 127.0.0.1 - - [25/Jan/2024 15:48:23] "[36mGET /static/img/news5.png HTTP/1.1[0m" 304 -
[2024-01-25 15:48:23,272] INFO in _internal: 127.0.0.1 - - [25/Jan/2024 15:48:23] "[36mGET /static/img/news6.png HTTP/1.1[0m" 304 -
[2024-01-25 15:48:58,877] INFO in _internal: 127.0.0.1 - - [25/Jan/2024 15:48:58] "GET /news HTTP/1.1" 200 -
[2024-01-25 15:48:58,893] INFO in _internal: 127.0.0.1 - - [25/Jan/2024 15:48:58] "GET /static/css/news.css HTTP/1.1" 200 -
[2024-01-25 15:48:58,911] INFO in _internal: 127.0.0.1 - - [25/Jan/2024 15:48:58] "[36mGET /static/img/0.png HTTP/1.1[0m" 304 -
[2024-01-25 15:48:58,912] INFO in _internal: 127.0.0.1 - - [25/Jan/2024 15:48:58] "[36mGET /static/img/news2.png HTTP/1.1[0m" 304 -
[2024-01-25 15:48:58,915] INFO in _internal: 127.0.0.1 - - [25/Jan/2024 15:48:58] "[36mGET /static/img/news1.png HTTP/1.1[0m" 304 -
[2024-01-25 15:48:58,915] INFO in _internal: 127.0.0.1 - - [25/Jan/2024 15:48:58] "[36mGET /static/img/news3.png HTTP/1.1[0m" 304 -
[2024-01-25 15:48:58,918] INFO in _internal: 127.0.0.1 - - [25/Jan/2024 15:48:58] "[36mGET /static/img/news4.png HTTP/1.1[0m" 304 -
[2024-01-25 15:48:58,928] INFO in _internal: 127.0.0.1 - - [25/Jan/2024 15:48:58] "[36mGET /static/js/news.js HTTP/1.1[0m" 304 -
[2024-01-25 15:48:58,934] INFO in _internal: 127.0.0.1 - - [25/Jan/2024 15:48:58] "[36mGET /static/img/news5.png HTTP/1.1[0m" 304 -
[2024-01-25 15:48:58,935] INFO in _internal: 127.0.0.1 - - [25/Jan/2024 15:48:58] "[36mGET /static/img/donggu.png HTTP/1.1[0m" 304 -
[2024-01-25 15:48:58,942] INFO in _internal: 127.0.0.1 - - [25/Jan/2024 15:48:58] "[36mGET /static/img/news6.png HTTP/1.1[0m" 304 -
[2024-01-25 15:49:39,046] INFO in _internal: 127.0.0.1 - - [25/Jan/2024 15:49:39] "GET /news HTTP/1.1" 200 -
[2024-01-25 15:49:39,066] INFO in _internal: 127.0.0.1 - - [25/Jan/2024 15:49:39] "GET /static/css/news.css HTTP/1.1" 200 -
[2024-01-25 15:49:39,081] INFO in _internal: 127.0.0.1 - - [25/Jan/2024 15:49:39] "[36mGET /static/img/0.png HTTP/1.1[0m" 304 -
[2024-01-25 15:49:39,082] INFO in _internal: 127.0.0.1 - - [25/Jan/2024 15:49:39] "[36mGET /static/js/news.js HTTP/1.1[0m" 304 -
[2024-01-25 15:49:39,086] INFO in _internal: 127.0.0.1 - - [25/Jan/2024 15:49:39] "[36mGET /static/img/news1.png HTTP/1.1[0m" 304 -
[2024-01-25 15:49:39,089] INFO in _internal: 127.0.0.1 - - [25/Jan/2024 15:49:39] "[36mGET /static/img/news2.png HTTP/1.1[0m" 304 -
[2024-01-25 15:49:39,095] INFO in _internal: 127.0.0.1 - - [25/Jan/2024 15:49:39] "[36mGET /static/img/news3.png HTTP/1.1[0m" 304 -
[2024-01-25 15:49:39,100] INFO in _internal: 127.0.0.1 - - [25/Jan/2024 15:49:39] "[36mGET /static/img/news4.png HTTP/1.1[0m" 304 -
[2024-01-25 15:49:39,105] INFO in _internal: 127.0.0.1 - - [25/Jan/2024 15:49:39] "[36mGET /static/img/donggu.png HTTP/1.1[0m" 304 -
[2024-01-25 15:49:39,108] INFO in _internal: 127.0.0.1 - - [25/Jan/2024 15:49:39] "[36mGET /static/img/news5.png HTTP/1.1[0m" 304 -
[2024-01-25 15:49:39,111] INFO in _internal: 127.0.0.1 - - [25/Jan/2024 15:49:39] "[36mGET /static/img/news6.png HTTP/1.1[0m" 304 -
[2024-01-25 15:49:51,518] INFO in _internal: 127.0.0.1 - - [25/Jan/2024 15:49:51] "GET /news HTTP/1.1" 200 -
[2024-01-25 15:49:51,533] INFO in _internal: 127.0.0.1 - - [25/Jan/2024 15:49:51] "GET /static/css/news.css HTTP/1.1" 200 -
[2024-01-25 15:49:51,542] INFO in _internal: 127.0.0.1 - - [25/Jan/2024 15:49:51] "[36mGET /static/img/0.png HTTP/1.1[0m" 304 -
[2024-01-25 15:49:51,546] INFO in _internal: 127.0.0.1 - - [25/Jan/2024 15:49:51] "[36mGET /static/img/news1.png HTTP/1.1[0m" 304 -
[2024-01-25 15:49:51,547] INFO in _internal: 127.0.0.1 - - [25/Jan/2024 15:49:51] "[36mGET /static/img/news2.png HTTP/1.1[0m" 304 -
[2024-01-25 15:49:51,549] INFO in _internal: 127.0.0.1 - - [25/Jan/2024 15:49:51] "[36mGET /static/img/news3.png HTTP/1.1[0m" 304 -
[2024-01-25 15:49:51,549] INFO in _internal: 127.0.0.1 - - [25/Jan/2024 15:49:51] "[36mGET /static/img/news4.png HTTP/1.1[0m" 304 -
[2024-01-25 15:49:51,553] INFO in _internal: 127.0.0.1 - - [25/Jan/2024 15:49:51] "[36mGET /static/js/news.js HTTP/1.1[0m" 304 -
[2024-01-25 15:49:51,559] INFO in _internal: 127.0.0.1 - - [25/Jan/2024 15:49:51] "[36mGET /static/img/news5.png HTTP/1.1[0m" 304 -
[2024-01-25 15:49:51,564] INFO in _internal: 127.0.0.1 - - [25/Jan/2024 15:49:51] "[36mGET /static/img/news6.png HTTP/1.1[0m" 304 -
[2024-01-25 15:49:51,567] INFO in _internal: 127.0.0.1 - - [25/Jan/2024 15:49:51] "[36mGET /static/img/donggu.png HTTP/1.1[0m" 304 -
[2024-01-25 15:50:25,440] INFO in _internal: 127.0.0.1 - - [25/Jan/2024 15:50:25] "[36mGET /static/css/news.css HTTP/1.1[0m" 304 -
[2024-01-25 15:52:50,741] INFO in _internal: 127.0.0.1 - - [25/Jan/2024 15:52:50] "GET /news HTTP/1.1" 200 -
[2024-01-25 15:52:50,758] INFO in _internal: 127.0.0.1 - - [25/Jan/2024 15:52:50] "GET /static/css/news.css HTTP/1.1" 200 -
[2024-01-25 15:52:50,774] INFO in _internal: 127.0.0.1 - - [25/Jan/2024 15:52:50] "[36mGET /static/img/0.png HTTP/1.1[0m" 304 -
[2024-01-25 15:52:50,774] INFO in _internal: 127.0.0.1 - - [25/Jan/2024 15:52:50] "[36mGET /static/img/news1.png HTTP/1.1[0m" 304 -
[2024-01-25 15:52:50,775] INFO in _internal: 127.0.0.1 - - [25/Jan/2024 15:52:50] "[36mGET /static/img/news2.png HTTP/1.1[0m" 304 -
[2024-01-25 15:52:50,779] INFO in _internal: 127.0.0.1 - - [25/Jan/2024 15:52:50] "[36mGET /static/js/news.js HTTP/1.1[0m" 304 -
[2024-01-25 15:52:50,779] INFO in _internal: 127.0.0.1 - - [25/Jan/2024 15:52:50] "[36mGET /static/img/news3.png HTTP/1.1[0m" 304 -
[2024-01-25 15:52:50,783] INFO in _internal: 127.0.0.1 - - [25/Jan/2024 15:52:50] "[36mGET /static/img/news4.png HTTP/1.1[0m" 304 -
[2024-01-25 15:52:50,785] INFO in _internal: 127.0.0.1 - - [25/Jan/2024 15:52:50] "[36mGET /static/img/donggu.png HTTP/1.1[0m" 304 -
[2024-01-25 15:52:50,805] INFO in _internal: 127.0.0.1 - - [25/Jan/2024 15:52:50] "[36mGET /static/img/news5.png HTTP/1.1[0m" 304 -
[2024-01-25 15:52:50,808] INFO in _internal: 127.0.0.1 - - [25/Jan/2024 15:52:50] "[36mGET /static/img/news6.png HTTP/1.1[0m" 304 -
[2024-01-25 15:53:15,864] INFO in _internal: 127.0.0.1 - - [25/Jan/2024 15:53:15] "GET /news HTTP/1.1" 200 -
[2024-01-25 15:53:15,879] INFO in _internal: 127.0.0.1 - - [25/Jan/2024 15:53:15] "GET /static/css/news.css HTTP/1.1" 200 -
[2024-01-25 15:53:15,892] INFO in _internal: 127.0.0.1 - - [25/Jan/2024 15:53:15] "[36mGET /static/img/0.png HTTP/1.1[0m" 304 -
[2024-01-25 15:53:15,895] INFO in _internal: 127.0.0.1 - - [25/Jan/2024 15:53:15] "[36mGET /static/img/news1.png HTTP/1.1[0m" 304 -
[2024-01-25 15:53:15,897] INFO in _internal: 127.0.0.1 - - [25/Jan/2024 15:53:15] "[36mGET /static/js/news.js HTTP/1.1[0m" 304 -
[2024-01-25 15:53:15,898] INFO in _internal: 127.0.0.1 - - [25/Jan/2024 15:53:15] "[36mGET /static/img/news2.png HTTP/1.1[0m" 304 -
[2024-01-25 15:53:15,903] INFO in _internal: 127.0.0.1 - - [25/Jan/2024 15:53:15] "[36mGET /static/img/news3.png HTTP/1.1[0m" 304 -
[2024-01-25 15:53:15,908] INFO in _internal: 127.0.0.1 - - [25/Jan/2024 15:53:15] "[36mGET /static/img/news4.png HTTP/1.1[0m" 304 -
[2024-01-25 15:53:15,914] INFO in _internal: 127.0.0.1 - - [25/Jan/2024 15:53:15] "[36mGET /static/img/news5.png HTTP/1.1[0m" 304 -
[2024-01-25 15:53:15,920] INFO in _internal: 127.0.0.1 - - [25/Jan/2024 15:53:15] "[36mGET /static/img/news6.png HTTP/1.1[0m" 304 -
[2024-01-25 15:53:15,922] INFO in _internal: 127.0.0.1 - - [25/Jan/2024 15:53:15] "[36mGET /static/img/donggu.png HTTP/1.1[0m" 304 -
[2024-01-25 15:54:44,691] INFO in _internal: 127.0.0.1 - - [25/Jan/2024 15:54:44] "GET /static/css/news.css HTTP/1.1" 200 -
[2024-01-25 15:55:42,516] INFO in _internal: 127.0.0.1 - - [25/Jan/2024 15:55:42] "GET /news HTTP/1.1" 200 -
[2024-01-25 15:55:42,534] INFO in _internal: 127.0.0.1 - - [25/Jan/2024 15:55:42] "[36mGET /static/css/news.css HTTP/1.1[0m" 304 -
[2024-01-25 15:55:42,551] INFO in _internal: 127.0.0.1 - - [25/Jan/2024 15:55:42] "[36mGET /static/img/0.png HTTP/1.1[0m" 304 -
[2024-01-25 15:55:42,552] INFO in _internal: 127.0.0.1 - - [25/Jan/2024 15:55:42] "[36mGET /static/img/news1.png HTTP/1.1[0m" 304 -
[2024-01-25 15:55:42,556] INFO in _internal: 127.0.0.1 - - [25/Jan/2024 15:55:42] "[36mGET /static/img/news2.png HTTP/1.1[0m" 304 -
[2024-01-25 15:55:42,557] INFO in _internal: 127.0.0.1 - - [25/Jan/2024 15:55:42] "[36mGET /static/js/news.js HTTP/1.1[0m" 304 -
[2024-01-25 15:55:42,567] INFO in _internal: 127.0.0.1 - - [25/Jan/2024 15:55:42] "[36mGET /static/img/news4.png HTTP/1.1[0m" 304 -
[2024-01-25 15:55:42,567] INFO in _internal: 127.0.0.1 - - [25/Jan/2024 15:55:42] "[36mGET /static/img/news3.png HTTP/1.1[0m" 304 -
[2024-01-25 15:55:42,572] INFO in _internal: 127.0.0.1 - - [25/Jan/2024 15:55:42] "[36mGET /static/img/donggu.png HTTP/1.1[0m" 304 -
[2024-01-25 15:55:42,589] INFO in _internal: 127.0.0.1 - - [25/Jan/2024 15:55:42] "[36mGET /static/img/news5.png HTTP/1.1[0m" 304 -
[2024-01-25 15:55:42,598] INFO in _internal: 127.0.0.1 - - [25/Jan/2024 15:55:42] "[36mGET /static/img/news6.png HTTP/1.1[0m" 304 -
[2024-01-25 15:56:56,685] INFO in _internal: 127.0.0.1 - - [25/Jan/2024 15:56:56] "GET / HTTP/1.1" 200 -
[2024-01-25 15:56:56,703] INFO in _internal: 127.0.0.1 - - [25/Jan/2024 15:56:56] "[36mGET /static/css/templatemo-style.css HTTP/1.1[0m" 304 -
[2024-01-25 15:56:56,725] INFO in _internal: 127.0.0.1 - - [25/Jan/2024 15:56:56] "[36mGET /static/css/index.css HTTP/1.1[0m" 304 -
[2024-01-25 15:56:56,733] INFO in _internal: 127.0.0.1 - - [25/Jan/2024 15:56:56] "[36mGET /static/img/logo.png HTTP/1.1[0m" 304 -
[2024-01-25 15:56:57,315] INFO in _internal: 127.0.0.1 - - [25/Jan/2024 15:56:57] "GET /sensing_data HTTP/1.1" 200 -
[2024-01-25 15:56:58,411] INFO in _internal: 127.0.0.1 - - [25/Jan/2024 15:56:58] "GET /info HTTP/1.1" 200 -
[2024-01-25 15:56:58,450] INFO in _internal: 127.0.0.1 - - [25/Jan/2024 15:56:58] "GET /static/css/info.css HTTP/1.1" 200 -
[2024-01-25 15:56:58,454] INFO in _internal: 127.0.0.1 - - [25/Jan/2024 15:56:58] "[36mGET /static/img/logo.png HTTP/1.1[0m" 304 -
[2024-01-25 15:56:58,459] INFO in _internal: 127.0.0.1 - - [25/Jan/2024 15:56:58] "GET /static/js/info.js HTTP/1.1" 200 -
[2024-01-25 15:56:58,600] INFO in _internal: 127.0.0.1 - - [25/Jan/2024 15:56:58] "GET /static/img/img-1.png HTTP/1.1" 200 -
[2024-01-25 15:56:58,607] INFO in _internal: 127.0.0.1 - - [25/Jan/2024 15:56:58] "[36mGET /static/img/img-2.png HTTP/1.1[0m" 304 -
[2024-01-25 15:56:58,612] INFO in _internal: 127.0.0.1 - - [25/Jan/2024 15:56:58] "[36mGET /static/img/img-3.png HTTP/1.1[0m" 304 -
[2024-01-25 15:56:58,620] INFO in _internal: 127.0.0.1 - - [25/Jan/2024 15:56:58] "[36mGET /static/img/img-5.png HTTP/1.1[0m" 304 -
[2024-01-25 15:56:58,626] INFO in _internal: 127.0.0.1 - - [25/Jan/2024 15:56:58] "[36mGET /static/img/img-6.png HTTP/1.1[0m" 304 -
[2024-01-25 15:56:58,628] INFO in _internal: 127.0.0.1 - - [25/Jan/2024 15:56:58] "[36mGET /static/img/img-4.png HTTP/1.1[0m" 304 -
[2024-01-25 15:56:58,663] INFO in _internal: 127.0.0.1 - - [25/Jan/2024 15:56:58] "GET /static/img/img-7.png HTTP/1.1" 200 -
[2024-01-25 15:56:58,674] INFO in _internal: 127.0.0.1 - - [25/Jan/2024 15:56:58] "GET /static/img/img-8.png HTTP/1.1" 200 -
[2024-01-25 15:56:58,675] INFO in _internal: 127.0.0.1 - - [25/Jan/2024 15:56:58] "GET /static/img/img-9.png HTTP/1.1" 200 -
[2024-01-25 15:56:58,682] INFO in _internal: 127.0.0.1 - - [25/Jan/2024 15:56:58] "GET /static/img/img-10.png HTTP/1.1" 200 -
[2024-01-25 15:56:58,691] INFO in _internal: 127.0.0.1 - - [25/Jan/2024 15:56:58] "GET /static/img/img-11.png HTTP/1.1" 200 -
[2024-01-25 15:56:58,693] INFO in _internal: 127.0.0.1 - - [25/Jan/2024 15:56:58] "GET /static/img/img-12.png HTTP/1.1" 200 -
[2024-01-25 15:56:58,730] INFO in _internal: 127.0.0.1 - - [25/Jan/2024 15:56:58] "GET /static/img/img-13.png HTTP/1.1" 200 -
[2024-01-25 15:56:58,757] INFO in _internal: 127.0.0.1 - - [25/Jan/2024 15:56:58] "GET /static/img/img-14.png HTTP/1.1" 200 -
[2024-01-25 15:56:58,765] INFO in _internal: 127.0.0.1 - - [25/Jan/2024 15:56:58] "GET /static/img/img-15.png HTTP/1.1" 200 -
[2024-01-25 15:56:58,766] INFO in _internal: 127.0.0.1 - - [25/Jan/2024 15:56:58] "GET /static/img/img-49.png HTTP/1.1" 200 -
[2024-01-25 15:56:58,777] INFO in _internal: 127.0.0.1 - - [25/Jan/2024 15:56:58] "GET /static/img/img-46.png HTTP/1.1" 200 -
[2024-01-25 15:56:58,779] INFO in _internal: 127.0.0.1 - - [25/Jan/2024 15:56:58] "[36mGET /static/img/img-47.png HTTP/1.1[0m" 304 -
[2024-01-25 15:56:58,797] INFO in _internal: 127.0.0.1 - - [25/Jan/2024 15:56:58] "[36mGET /static/img/img-45.png HTTP/1.1[0m" 304 -
[2024-01-25 15:56:58,813] INFO in _internal: 127.0.0.1 - - [25/Jan/2024 15:56:58] "[36mGET /static/img/img-48.png HTTP/1.1[0m" 304 -
[2024-01-25 15:56:58,883] INFO in _internal: 127.0.0.1 - - [25/Jan/2024 15:56:58] "GET /static/img/img-16.png HTTP/1.1" 200 -
[2024-01-25 15:56:58,884] INFO in _internal: 127.0.0.1 - - [25/Jan/2024 15:56:58] "GET /static/img/img-17.png HTTP/1.1" 200 -
[2024-01-25 15:56:58,892] INFO in _internal: 127.0.0.1 - - [25/Jan/2024 15:56:58] "GET /static/img/img-18.png HTTP/1.1" 200 -
[2024-01-25 15:56:58,894] INFO in _internal: 127.0.0.1 - - [25/Jan/2024 15:56:58] "GET /static/img/img-19.png HTTP/1.1" 200 -
[2024-01-25 15:56:58,895] INFO in _internal: 127.0.0.1 - - [25/Jan/2024 15:56:58] "GET /static/img/img-20.png HTTP/1.1" 200 -
[2024-01-25 15:56:58,900] INFO in _internal: 127.0.0.1 - - [25/Jan/2024 15:56:58] "GET /static/img/img-21.png HTTP/1.1" 200 -
[2024-01-25 15:56:58,931] INFO in _internal: 127.0.0.1 - - [25/Jan/2024 15:56:58] "GET /static/img/img-22.png HTTP/1.1" 200 -
[2024-01-25 15:56:58,963] INFO in _internal: 127.0.0.1 - - [25/Jan/2024 15:56:58] "GET /static/img/img-23.png HTTP/1.1" 200 -
[2024-01-25 15:56:58,986] INFO in _internal: 127.0.0.1 - - [25/Jan/2024 15:56:58] "GET /static/img/img-24.png HTTP/1.1" 200 -
[2024-01-25 15:56:58,997] INFO in _internal: 127.0.0.1 - - [25/Jan/2024 15:56:58] "GET /static/img/img-25.png HTTP/1.1" 200 -
[2024-01-25 15:56:59,006] INFO in _internal: 127.0.0.1 - - [25/Jan/2024 15:56:59] "GET /static/img/img-26.png HTTP/1.1" 200 -
[2024-01-25 15:56:59,037] INFO in _internal: 127.0.0.1 - - [25/Jan/2024 15:56:59] "GET /static/img/img-27.png HTTP/1.1" 200 -
[2024-01-25 15:56:59,067] INFO in _internal: 127.0.0.1 - - [25/Jan/2024 15:56:59] "GET /static/img/img-28.png HTTP/1.1" 200 -
[2024-01-25 15:56:59,072] INFO in _internal: 127.0.0.1 - - [25/Jan/2024 15:56:59] "GET /static/img/img-29.png HTTP/1.1" 200 -
[2024-01-25 15:56:59,099] INFO in _internal: 127.0.0.1 - - [25/Jan/2024 15:56:59] "GET /static/img/img-30.png HTTP/1.1" 200 -
[2024-01-25 15:56:59,105] INFO in _internal: 127.0.0.1 - - [25/Jan/2024 15:56:59] "GET /static/img/img-31.png HTTP/1.1" 200 -
[2024-01-25 15:56:59,130] INFO in _internal: 127.0.0.1 - - [25/Jan/2024 15:56:59] "GET /static/img/img-32.png HTTP/1.1" 200 -
[2024-01-25 15:56:59,133] INFO in _internal: 127.0.0.1 - - [25/Jan/2024 15:56:59] "GET /static/img/img-33.png HTTP/1.1" 200 -
[2024-01-25 15:56:59,146] INFO in _internal: 127.0.0.1 - - [25/Jan/2024 15:56:59] "GET /static/img/img-34.png HTTP/1.1" 200 -
[2024-01-25 15:56:59,153] INFO in _internal: 127.0.0.1 - - [25/Jan/2024 15:56:59] "GET /static/img/img-35.png HTTP/1.1" 200 -
[2024-01-25 15:56:59,163] INFO in _internal: 127.0.0.1 - - [25/Jan/2024 15:56:59] "GET /static/img/img-36.png HTTP/1.1" 200 -
[2024-01-25 15:56:59,178] INFO in _internal: 127.0.0.1 - - [25/Jan/2024 15:56:59] "GET /static/img/img-37.png HTTP/1.1" 200 -
[2024-01-25 15:56:59,181] INFO in _internal: 127.0.0.1 - - [25/Jan/2024 15:56:59] "GET /static/img/img-38.png HTTP/1.1" 200 -
[2024-01-25 15:56:59,197] INFO in _internal: 127.0.0.1 - - [25/Jan/2024 15:56:59] "GET /static/img/img-39.png HTTP/1.1" 200 -
[2024-01-25 15:56:59,204] INFO in _internal: 127.0.0.1 - - [25/Jan/2024 15:56:59] "GET /static/img/img-40.png HTTP/1.1" 200 -
[2024-01-25 15:56:59,220] INFO in _internal: 127.0.0.1 - - [25/Jan/2024 15:56:59] "GET /static/img/img-41.png HTTP/1.1" 200 -
[2024-01-25 15:56:59,227] INFO in _internal: 127.0.0.1 - - [25/Jan/2024 15:56:59] "GET /static/img/img-42.png HTTP/1.1" 200 -
[2024-01-25 15:56:59,250] INFO in _internal: 127.0.0.1 - - [25/Jan/2024 15:56:59] "GET /static/img/img-43.png HTTP/1.1" 200 -
[2024-01-25 15:56:59,251] INFO in _internal: 127.0.0.1 - - [25/Jan/2024 15:56:59] "GET /static/img/img-44.png HTTP/1.1" 200 -
[2024-01-25 15:56:59,267] INFO in _internal: 127.0.0.1 - - [25/Jan/2024 15:56:59] "GET /static/img/img-50.png HTTP/1.1" 200 -
[2024-01-25 15:56:59,270] INFO in _internal: 127.0.0.1 - - [25/Jan/2024 15:56:59] "GET /static/img/img-51.png HTTP/1.1" 200 -
[2024-01-25 15:56:59,280] INFO in _internal: 127.0.0.1 - - [25/Jan/2024 15:56:59] "GET /static/img/img-52.png HTTP/1.1" 200 -
[2024-01-25 15:56:59,299] INFO in _internal: 127.0.0.1 - - [25/Jan/2024 15:56:59] "GET /static/img/img-53.png HTTP/1.1" 200 -
[2024-01-25 15:56:59,322] INFO in _internal: 127.0.0.1 - - [25/Jan/2024 15:56:59] "GET /static/img/img-54.png HTTP/1.1" 200 -
[2024-01-25 15:56:59,339] INFO in _internal: 127.0.0.1 - - [25/Jan/2024 15:56:59] "GET /static/img/img-55.png HTTP/1.1" 200 -
[2024-01-25 15:56:59,343] INFO in _internal: 127.0.0.1 - - [25/Jan/2024 15:56:59] "GET /static/img/img-56.png HTTP/1.1" 200 -
[2024-01-25 15:56:59,365] INFO in _internal: 127.0.0.1 - - [25/Jan/2024 15:56:59] "GET /static/img/img-57.png HTTP/1.1" 200 -
[2024-01-25 15:56:59,389] INFO in _internal: 127.0.0.1 - - [25/Jan/2024 15:56:59] "GET /static/img/img-58.png HTTP/1.1" 200 -
[2024-01-25 15:56:59,418] INFO in _internal: 127.0.0.1 - - [25/Jan/2024 15:56:59] "GET /static/img/img-59.png HTTP/1.1" 200 -
[2024-01-25 15:56:59,475] INFO in _internal: 127.0.0.1 - - [25/Jan/2024 15:56:59] "GET /static/img/img-60.png HTTP/1.1" 200 -
[2024-01-25 15:56:59,516] INFO in _internal: 127.0.0.1 - - [25/Jan/2024 15:56:59] "GET /static/img/img-61.png HTTP/1.1" 200 -
[2024-01-25 15:56:59,542] INFO in _internal: 127.0.0.1 - - [25/Jan/2024 15:56:59] "GET /static/img/img-62.png HTTP/1.1" 200 -
[2024-01-25 15:56:59,569] INFO in _internal: 127.0.0.1 - - [25/Jan/2024 15:56:59] "GET /static/img/img-63.png HTTP/1.1" 200 -
[2024-01-25 15:56:59,617] INFO in _internal: 127.0.0.1 - - [25/Jan/2024 15:56:59] "GET /static/img/img-64.png HTTP/1.1" 200 -
[2024-01-25 15:56:59,637] INFO in _internal: 127.0.0.1 - - [25/Jan/2024 15:56:59] "GET /static/img/img-65.png HTTP/1.1" 200 -
[2024-01-25 15:56:59,658] INFO in _internal: 127.0.0.1 - - [25/Jan/2024 15:56:59] "GET /static/img/img-66.png HTTP/1.1" 200 -
[2024-01-25 15:56:59,756] INFO in _internal: 127.0.0.1 - - [25/Jan/2024 15:56:59] "GET /static/img/img-67.png HTTP/1.1" 200 -
[2024-01-25 15:56:59,793] INFO in _internal: 127.0.0.1 - - [25/Jan/2024 15:56:59] "GET /static/img/img-68.png HTTP/1.1" 200 -
[2024-01-25 15:56:59,926] INFO in _internal: 127.0.0.1 - - [25/Jan/2024 15:56:59] "GET /static/img/img-69.png HTTP/1.1" 200 -
[2024-01-25 15:56:59,959] INFO in _internal: 127.0.0.1 - - [25/Jan/2024 15:56:59] "GET /static/img/img-70.png HTTP/1.1" 200 -
[2024-01-25 15:56:59,962] INFO in _internal: 127.0.0.1 - - [25/Jan/2024 15:56:59] "GET /static/img/img-71.png HTTP/1.1" 200 -
[2024-01-25 15:56:59,974] INFO in _internal: 127.0.0.1 - - [25/Jan/2024 15:56:59] "GET /static/img/img-72.png HTTP/1.1" 200 -
[2024-01-25 15:56:59,985] INFO in _internal: 127.0.0.1 - - [25/Jan/2024 15:56:59] "GET /static/img/img-73.png HTTP/1.1" 200 -
[2024-01-25 15:56:59,995] INFO in _internal: 127.0.0.1 - - [25/Jan/2024 15:56:59] "GET /static/img/img-74.png HTTP/1.1" 200 -
[2024-01-25 15:57:00,016] INFO in _internal: 127.0.0.1 - - [25/Jan/2024 15:57:00] "GET /static/img/img-75.png HTTP/1.1" 200 -
[2024-01-25 15:57:00,029] INFO in _internal: 127.0.0.1 - - [25/Jan/2024 15:57:00] "GET /static/img/img-76.png HTTP/1.1" 200 -
[2024-01-25 15:57:00,038] INFO in _internal: 127.0.0.1 - - [25/Jan/2024 15:57:00] "GET /static/img/img-77.png HTTP/1.1" 200 -
[2024-01-25 15:57:00,055] INFO in _internal: 127.0.0.1 - - [25/Jan/2024 15:57:00] "GET /static/img/img-78.png HTTP/1.1" 200 -
[2024-01-25 15:57:00,074] INFO in _internal: 127.0.0.1 - - [25/Jan/2024 15:57:00] "GET /static/img/img-79.png HTTP/1.1" 200 -
[2024-01-25 15:57:00,081] INFO in _internal: 127.0.0.1 - - [25/Jan/2024 15:57:00] "GET /static/img/img-80.png HTTP/1.1" 200 -
[2024-01-25 15:57:00,109] INFO in _internal: 127.0.0.1 - - [25/Jan/2024 15:57:00] "GET /static/img/img-81.png HTTP/1.1" 200 -
[2024-01-25 15:57:00,125] INFO in _internal: 127.0.0.1 - - [25/Jan/2024 15:57:00] "GET /static/img/img-82.png HTTP/1.1" 200 -
[2024-01-25 15:57:00,142] INFO in _internal: 127.0.0.1 - - [25/Jan/2024 15:57:00] "GET /static/img/img-83.png HTTP/1.1" 200 -
[2024-01-25 15:57:00,157] INFO in _internal: 127.0.0.1 - - [25/Jan/2024 15:57:00] "GET /static/img/img-84.png HTTP/1.1" 200 -
[2024-01-25 15:57:00,170] INFO in _internal: 127.0.0.1 - - [25/Jan/2024 15:57:00] "GET /static/img/img-85.png HTTP/1.1" 200 -
[2024-01-25 15:57:00,195] INFO in _internal: 127.0.0.1 - - [25/Jan/2024 15:57:00] "GET /static/img/img-86.png HTTP/1.1" 200 -
[2024-01-25 15:57:00,241] INFO in _internal: 127.0.0.1 - - [25/Jan/2024 15:57:00] "GET /static/img/img-87.png HTTP/1.1" 200 -
[2024-01-25 15:57:00,281] INFO in _internal: 127.0.0.1 - - [25/Jan/2024 15:57:00] "GET /static/img/img-88.png HTTP/1.1" 200 -
[2024-01-25 15:57:00,282] INFO in _internal: 127.0.0.1 - - [25/Jan/2024 15:57:00] "GET /static/img/img-89.png HTTP/1.1" 200 -
[2024-01-25 15:57:00,311] INFO in _internal: 127.0.0.1 - - [25/Jan/2024 15:57:00] "GET /static/img/img-90.png HTTP/1.1" 200 -
[2024-01-25 15:57:00,352] INFO in _internal: 127.0.0.1 - - [25/Jan/2024 15:57:00] "GET /static/img/img-91.png HTTP/1.1" 200 -
[2024-01-25 15:57:00,391] INFO in _internal: 127.0.0.1 - - [25/Jan/2024 15:57:00] "GET /static/img/img-92.png HTTP/1.1" 200 -
[2024-01-25 15:57:00,413] INFO in _internal: 127.0.0.1 - - [25/Jan/2024 15:57:00] "GET /static/img/img-93.png HTTP/1.1" 200 -
[2024-01-25 15:57:00,417] INFO in _internal: 127.0.0.1 - - [25/Jan/2024 15:57:00] "GET /static/img/img-94.png HTTP/1.1" 200 -
[2024-01-25 15:57:00,439] INFO in _internal: 127.0.0.1 - - [25/Jan/2024 15:57:00] "GET /static/img/img-95.png HTTP/1.1" 200 -
[2024-01-25 15:57:00,459] INFO in _internal: 127.0.0.1 - - [25/Jan/2024 15:57:00] "GET /static/img/img-96.png HTTP/1.1" 200 -
[2024-01-25 15:57:00,506] INFO in _internal: 127.0.0.1 - - [25/Jan/2024 15:57:00] "GET /static/img/img-97.png HTTP/1.1" 200 -
[2024-01-25 15:57:00,525] INFO in _internal: 127.0.0.1 - - [25/Jan/2024 15:57:00] "GET /static/img/img-98.png HTTP/1.1" 200 -
[2024-01-25 15:57:00,552] INFO in _internal: 127.0.0.1 - - [25/Jan/2024 15:57:00] "GET /static/img/img-99.png HTTP/1.1" 200 -
[2024-01-25 15:57:00,567] INFO in _internal: 127.0.0.1 - - [25/Jan/2024 15:57:00] "GET /static/img/img-100.png HTTP/1.1" 200 -
[2024-01-25 15:57:00,631] INFO in _internal: 127.0.0.1 - - [25/Jan/2024 15:57:00] "GET /static/img/img-101.png HTTP/1.1" 200 -
[2024-01-25 15:57:00,654] INFO in _internal: 127.0.0.1 - - [25/Jan/2024 15:57:00] "GET /static/img/img-102.png HTTP/1.1" 200 -
[2024-01-25 15:57:00,695] INFO in _internal: 127.0.0.1 - - [25/Jan/2024 15:57:00] "GET /static/img/img-103.png HTTP/1.1" 200 -
[2024-01-25 15:57:00,718] INFO in _internal: 127.0.0.1 - - [25/Jan/2024 15:57:00] "GET /static/img/img-104.png HTTP/1.1" 200 -
[2024-01-25 15:57:00,748] INFO in _internal: 127.0.0.1 - - [25/Jan/2024 15:57:00] "GET /static/img/img-105.png HTTP/1.1" 200 -
[2024-01-25 15:57:00,769] INFO in _internal: 127.0.0.1 - - [25/Jan/2024 15:57:00] "GET /static/img/img-106.png HTTP/1.1" 200 -
[2024-01-25 15:57:00,871] INFO in _internal: 127.0.0.1 - - [25/Jan/2024 15:57:00] "GET /static/img/img-107.png HTTP/1.1" 200 -
[2024-01-25 15:57:00,899] INFO in _internal: 127.0.0.1 - - [25/Jan/2024 15:57:00] "GET /static/img/img-108.png HTTP/1.1" 200 -
[2024-01-25 15:57:00,930] INFO in _internal: 127.0.0.1 - - [25/Jan/2024 15:57:00] "GET /static/img/img-109.png HTTP/1.1" 200 -
[2024-01-25 15:57:00,962] INFO in _internal: 127.0.0.1 - - [25/Jan/2024 15:57:00] "GET /static/img/img-110.png HTTP/1.1" 200 -
[2024-01-25 15:57:00,995] INFO in _internal: 127.0.0.1 - - [25/Jan/2024 15:57:00] "GET /static/img/img-111.png HTTP/1.1" 200 -
[2024-01-25 15:57:01,049] INFO in _internal: 127.0.0.1 - - [25/Jan/2024 15:57:01] "GET /static/img/img-112.png HTTP/1.1" 200 -
[2024-01-25 15:57:01,059] INFO in _internal: 127.0.0.1 - - [25/Jan/2024 15:57:01] "GET /static/img/img-113.png HTTP/1.1" 200 -
[2024-01-25 15:57:01,063] INFO in _internal: 127.0.0.1 - - [25/Jan/2024 15:57:01] "GET /static/img/img-114.png HTTP/1.1" 200 -
[2024-01-25 15:57:01,098] INFO in _internal: 127.0.0.1 - - [25/Jan/2024 15:57:01] "GET /static/img/img-115.png HTTP/1.1" 200 -
[2024-01-25 15:57:01,132] INFO in _internal: 127.0.0.1 - - [25/Jan/2024 15:57:01] "GET /static/img/img-116.png HTTP/1.1" 200 -
[2024-01-25 15:57:01,182] INFO in _internal: 127.0.0.1 - - [25/Jan/2024 15:57:01] "GET /static/img/img-117.png HTTP/1.1" 200 -
[2024-01-25 15:57:01,237] INFO in _internal: 127.0.0.1 - - [25/Jan/2024 15:57:01] "GET /static/img/img-118.png HTTP/1.1" 200 -
[2024-01-25 15:57:01,257] INFO in _internal: 127.0.0.1 - - [25/Jan/2024 15:57:01] "GET /static/img/img-119.png HTTP/1.1" 200 -
[2024-01-25 15:57:01,271] INFO in _internal: 127.0.0.1 - - [25/Jan/2024 15:57:01] "GET /static/img/img-120.png HTTP/1.1" 200 -
[2024-01-25 15:57:01,311] INFO in _internal: 127.0.0.1 - - [25/Jan/2024 15:57:01] "GET /static/img/img-121.png HTTP/1.1" 200 -
[2024-01-25 15:57:01,346] INFO in _internal: 127.0.0.1 - - [25/Jan/2024 15:57:01] "GET /static/img/img-122.png HTTP/1.1" 200 -
[2024-01-25 15:57:01,369] INFO in _internal: 127.0.0.1 - - [25/Jan/2024 15:57:01] "GET /static/img/img-123.png HTTP/1.1" 200 -
[2024-01-25 15:57:01,372] INFO in _internal: 127.0.0.1 - - [25/Jan/2024 15:57:01] "GET /static/img/img-124.png HTTP/1.1" 200 -
[2024-01-25 15:57:01,390] INFO in _internal: 127.0.0.1 - - [25/Jan/2024 15:57:01] "GET /static/img/img-125.png HTTP/1.1" 200 -
[2024-01-25 15:57:01,402] INFO in _internal: 127.0.0.1 - - [25/Jan/2024 15:57:01] "GET /static/img/img-126.png HTTP/1.1" 200 -
[2024-01-25 15:57:01,447] INFO in _internal: 127.0.0.1 - - [25/Jan/2024 15:57:01] "GET /static/img/img-127.png HTTP/1.1" 200 -
[2024-01-25 15:57:01,457] INFO in _internal: 127.0.0.1 - - [25/Jan/2024 15:57:01] "GET /static/img/img-128.png HTTP/1.1" 200 -
[2024-01-25 15:57:01,480] INFO in _internal: 127.0.0.1 - - [25/Jan/2024 15:57:01] "GET /static/img/img-129.png HTTP/1.1" 200 -
[2024-01-25 15:57:01,511] INFO in _internal: 127.0.0.1 - - [25/Jan/2024 15:57:01] "GET /static/img/img-130.png HTTP/1.1" 200 -
[2024-01-25 15:57:01,548] INFO in _internal: 127.0.0.1 - - [25/Jan/2024 15:57:01] "GET /static/img/img-131.png HTTP/1.1" 200 -
[2024-01-25 15:57:01,564] INFO in _internal: 127.0.0.1 - - [25/Jan/2024 15:57:01] "GET /static/img/img-132.png HTTP/1.1" 200 -
[2024-01-25 15:57:01,595] INFO in _internal: 127.0.0.1 - - [25/Jan/2024 15:57:01] "GET /static/img/img-133.png HTTP/1.1" 200 -
[2024-01-25 15:57:01,611] INFO in _internal: 127.0.0.1 - - [25/Jan/2024 15:57:01] "GET /static/img/img-134.png HTTP/1.1" 200 -
[2024-01-25 15:57:01,647] INFO in _internal: 127.0.0.1 - - [25/Jan/2024 15:57:01] "GET /static/img/img-135.png HTTP/1.1" 200 -
[2024-01-25 15:57:01,663] INFO in _internal: 127.0.0.1 - - [25/Jan/2024 15:57:01] "GET /static/img/img-136.png HTTP/1.1" 200 -
[2024-01-25 15:57:01,673] INFO in _internal: 127.0.0.1 - - [25/Jan/2024 15:57:01] "GET /static/img/img-137.png HTTP/1.1" 200 -
[2024-01-25 15:57:01,739] INFO in _internal: 127.0.0.1 - - [25/Jan/2024 15:57:01] "GET /static/img/img-138.png HTTP/1.1" 200 -
[2024-01-25 15:57:01,778] INFO in _internal: 127.0.0.1 - - [25/Jan/2024 15:57:01] "GET /static/img/img-139.png HTTP/1.1" 200 -
[2024-01-25 15:57:01,824] INFO in _internal: 127.0.0.1 - - [25/Jan/2024 15:57:01] "GET /static/img/img-140.png HTTP/1.1" 200 -
[2024-01-25 15:57:01,848] INFO in _internal: 127.0.0.1 - - [25/Jan/2024 15:57:01] "GET /static/img/img-141.png HTTP/1.1" 200 -
[2024-01-25 15:57:01,877] INFO in _internal: 127.0.0.1 - - [25/Jan/2024 15:57:01] "GET /static/img/img-142.png HTTP/1.1" 200 -
[2024-01-25 15:57:01,879] INFO in _internal: 127.0.0.1 - - [25/Jan/2024 15:57:01] "GET /static/img/img-143.png HTTP/1.1" 200 -
[2024-01-25 15:57:01,897] INFO in _internal: 127.0.0.1 - - [25/Jan/2024 15:57:01] "GET /static/img/img-144.png HTTP/1.1" 200 -
[2024-01-25 15:57:01,923] INFO in _internal: 127.0.0.1 - - [25/Jan/2024 15:57:01] "GET /static/img/img-145.png HTTP/1.1" 200 -
[2024-01-25 15:57:01,939] INFO in _internal: 127.0.0.1 - - [25/Jan/2024 15:57:01] "GET /static/img/img-146.png HTTP/1.1" 200 -
[2024-01-25 15:57:01,995] INFO in _internal: 127.0.0.1 - - [25/Jan/2024 15:57:01] "GET /static/img/img-147.png HTTP/1.1" 200 -
[2024-01-25 15:57:02,030] INFO in _internal: 127.0.0.1 - - [25/Jan/2024 15:57:02] "GET /static/img/img-148.png HTTP/1.1" 200 -
[2024-01-25 15:57:02,059] INFO in _internal: 127.0.0.1 - - [25/Jan/2024 15:57:02] "GET /static/img/img-149.png HTTP/1.1" 200 -
[2024-01-25 15:57:02,103] INFO in _internal: 127.0.0.1 - - [25/Jan/2024 15:57:02] "GET /static/img/img-150.png HTTP/1.1" 200 -
[2024-01-25 15:57:02,106] INFO in _internal: 127.0.0.1 - - [25/Jan/2024 15:57:02] "GET /static/img/img-151.png HTTP/1.1" 200 -
[2024-01-25 15:57:02,149] INFO in _internal: 127.0.0.1 - - [25/Jan/2024 15:57:02] "GET /static/img/img-152.png HTTP/1.1" 200 -
[2024-01-25 15:57:02,160] INFO in _internal: 127.0.0.1 - - [25/Jan/2024 15:57:02] "GET /static/img/img-153.png HTTP/1.1" 200 -
[2024-01-25 15:57:02,198] INFO in _internal: 127.0.0.1 - - [25/Jan/2024 15:57:02] "GET /static/img/img-154.png HTTP/1.1" 200 -
[2024-01-25 15:57:02,251] INFO in _internal: 127.0.0.1 - - [25/Jan/2024 15:57:02] "GET /static/img/img-155.png HTTP/1.1" 200 -
[2024-01-25 15:57:02,317] INFO in _internal: 127.0.0.1 - - [25/Jan/2024 15:57:02] "GET /static/img/img-156.png HTTP/1.1" 200 -
[2024-01-25 15:57:02,339] INFO in _internal: 127.0.0.1 - - [25/Jan/2024 15:57:02] "GET /static/img/img-157.png HTTP/1.1" 200 -
[2024-01-25 15:57:02,346] INFO in _internal: 127.0.0.1 - - [25/Jan/2024 15:57:02] "GET /static/img/img-158.png HTTP/1.1" 200 -
[2024-01-25 15:57:02,362] INFO in _internal: 127.0.0.1 - - [25/Jan/2024 15:57:02] "GET /static/img/img-159.png HTTP/1.1" 200 -
[2024-01-25 15:57:02,371] INFO in _internal: 127.0.0.1 - - [25/Jan/2024 15:57:02] "GET /static/img/img-160.png HTTP/1.1" 200 -
[2024-01-25 15:57:02,386] INFO in _internal: 127.0.0.1 - - [25/Jan/2024 15:57:02] "GET /static/img/img-161.png HTTP/1.1" 200 -
[2024-01-25 15:57:02,404] INFO in _internal: 127.0.0.1 - - [25/Jan/2024 15:57:02] "GET /static/img/img-162.png HTTP/1.1" 200 -
[2024-01-25 15:57:02,415] INFO in _internal: 127.0.0.1 - - [25/Jan/2024 15:57:02] "GET /static/img/img-163.png HTTP/1.1" 200 -
[2024-01-25 15:57:02,445] INFO in _internal: 127.0.0.1 - - [25/Jan/2024 15:57:02] "GET /static/img/img-164.png HTTP/1.1" 200 -
[2024-01-25 15:57:02,446] INFO in _internal: 127.0.0.1 - - [25/Jan/2024 15:57:02] "GET /static/img/img-165.png HTTP/1.1" 200 -
[2024-01-25 15:57:02,466] INFO in _internal: 127.0.0.1 - - [25/Jan/2024 15:57:02] "GET /static/img/img-166.png HTTP/1.1" 200 -
[2024-01-25 15:57:02,479] INFO in _internal: 127.0.0.1 - - [25/Jan/2024 15:57:02] "GET /static/img/img-167.png HTTP/1.1" 200 -
[2024-01-25 15:57:02,546] INFO in _internal: 127.0.0.1 - - [25/Jan/2024 15:57:02] "GET /static/img/img-168.png HTTP/1.1" 200 -
[2024-01-25 15:57:02,553] INFO in _internal: 127.0.0.1 - - [25/Jan/2024 15:57:02] "GET /static/img/img-169.png HTTP/1.1" 200 -
[2024-01-25 15:57:02,633] INFO in _internal: 127.0.0.1 - - [25/Jan/2024 15:57:02] "GET /static/img/img-170.png HTTP/1.1" 200 -
[2024-01-25 15:57:02,696] INFO in _internal: 127.0.0.1 - - [25/Jan/2024 15:57:02] "GET /static/img/img-171.png HTTP/1.1" 200 -
[2024-01-25 15:57:02,764] INFO in _internal: 127.0.0.1 - - [25/Jan/2024 15:57:02] "GET /static/img/img-172.png HTTP/1.1" 200 -
[2024-01-25 15:57:02,832] INFO in _internal: 127.0.0.1 - - [25/Jan/2024 15:57:02] "GET /static/img/img-173.png HTTP/1.1" 200 -
[2024-01-25 15:57:02,894] INFO in _internal: 127.0.0.1 - - [25/Jan/2024 15:57:02] "GET /static/img/img-174.png HTTP/1.1" 200 -
[2024-01-25 15:57:02,961] INFO in _internal: 127.0.0.1 - - [25/Jan/2024 15:57:02] "GET /static/img/img-175.png HTTP/1.1" 200 -
[2024-01-25 15:57:03,025] INFO in _internal: 127.0.0.1 - - [25/Jan/2024 15:57:03] "GET /static/img/img-176.png HTTP/1.1" 200 -
[2024-01-25 15:57:03,081] INFO in _internal: 127.0.0.1 - - [25/Jan/2024 15:57:03] "GET /static/img/img-177.png HTTP/1.1" 200 -
[2024-01-25 15:57:03,090] INFO in _internal: 127.0.0.1 - - [25/Jan/2024 15:57:03] "GET /static/img/img-178.png HTTP/1.1" 200 -
[2024-01-25 15:57:03,145] INFO in _internal: 127.0.0.1 - - [25/Jan/2024 15:57:03] "GET /static/img/img-179.png HTTP/1.1" 200 -
[2024-01-25 15:57:03,300] INFO in _internal: 127.0.0.1 - - [25/Jan/2024 15:57:03] "GET /static/img/img-180.png HTTP/1.1" 200 -
[2024-01-25 15:57:03,358] INFO in _internal: 127.0.0.1 - - [25/Jan/2024 15:57:03] "GET /static/img/img-181.png HTTP/1.1" 200 -
[2024-01-25 15:57:03,379] INFO in _internal: 127.0.0.1 - - [25/Jan/2024 15:57:03] "GET /static/img/img-182.png HTTP/1.1" 200 -
[2024-01-25 15:57:03,380] INFO in _internal: 127.0.0.1 - - [25/Jan/2024 15:57:03] "GET /static/img/img-183.png HTTP/1.1" 200 -
[2024-01-25 15:57:03,434] INFO in _internal: 127.0.0.1 - - [25/Jan/2024 15:57:03] "GET /static/img/img-184.png HTTP/1.1" 200 -
[2024-01-25 15:57:03,474] INFO in _internal: 127.0.0.1 - - [25/Jan/2024 15:57:03] "GET /static/img/img-185.png HTTP/1.1" 200 -
[2024-01-25 15:57:03,564] INFO in _internal: 127.0.0.1 - - [25/Jan/2024 15:57:03] "GET /static/img/img-186.png HTTP/1.1" 200 -
[2024-01-25 15:57:03,800] INFO in _internal: 127.0.0.1 - - [25/Jan/2024 15:57:03] "GET /static/img/img-187.png HTTP/1.1" 200 -
[2024-01-25 15:57:03,821] INFO in _internal: 127.0.0.1 - - [25/Jan/2024 15:57:03] "GET /static/img/img-188.png HTTP/1.1" 200 -
[2024-01-25 15:57:03,828] INFO in _internal: 127.0.0.1 - - [25/Jan/2024 15:57:03] "GET /static/img/img-189.png HTTP/1.1" 200 -
[2024-01-25 15:57:03,831] INFO in _internal: 127.0.0.1 - - [25/Jan/2024 15:57:03] "GET /static/img/img-190.png HTTP/1.1" 200 -
[2024-01-25 15:57:03,858] INFO in _internal: 127.0.0.1 - - [25/Jan/2024 15:57:03] "GET /static/img/img-191.png HTTP/1.1" 200 -
[2024-01-25 15:57:03,873] INFO in _internal: 127.0.0.1 - - [25/Jan/2024 15:57:03] "GET /static/img/img-192.png HTTP/1.1" 200 -
[2024-01-25 15:59:43,707] INFO in _internal: 127.0.0.1 - - [25/Jan/2024 15:59:43] "GET /news HTTP/1.1" 200 -
[2024-01-25 15:59:43,731] INFO in _internal: 127.0.0.1 - - [25/Jan/2024 15:59:43] "[36mGET /static/img/0.png HTTP/1.1[0m" 304 -
[2024-01-25 15:59:43,732] INFO in _internal: 127.0.0.1 - - [25/Jan/2024 15:59:43] "GET /static/css/news.css HTTP/1.1" 200 -
[2024-01-25 15:59:43,733] INFO in _internal: 127.0.0.1 - - [25/Jan/2024 15:59:43] "[36mGET /static/img/news1.png HTTP/1.1[0m" 304 -
[2024-01-25 15:59:43,755] INFO in _internal: 127.0.0.1 - - [25/Jan/2024 15:59:43] "[36mGET /static/js/news.js HTTP/1.1[0m" 304 -
[2024-01-25 15:59:43,756] INFO in _internal: 127.0.0.1 - - [25/Jan/2024 15:59:43] "[36mGET /static/img/news2.png HTTP/1.1[0m" 304 -
[2024-01-25 15:59:43,766] INFO in _internal: 127.0.0.1 - - [25/Jan/2024 15:59:43] "[36mGET /static/img/news3.png HTTP/1.1[0m" 304 -
[2024-01-25 15:59:43,783] INFO in _internal: 127.0.0.1 - - [25/Jan/2024 15:59:43] "[36mGET /static/img/news4.png HTTP/1.1[0m" 304 -
[2024-01-25 15:59:43,787] INFO in _internal: 127.0.0.1 - - [25/Jan/2024 15:59:43] "[36mGET /static/img/news5.png HTTP/1.1[0m" 304 -
[2024-01-25 15:59:44,116] INFO in _internal: 127.0.0.1 - - [25/Jan/2024 15:59:44] "[36mGET /static/img/news6.png HTTP/1.1[0m" 304 -
[2024-01-25 15:59:44,210] INFO in _internal: 127.0.0.1 - - [25/Jan/2024 15:59:44] "[36mGET /static/img/donggu.png HTTP/1.1[0m" 304 -
[2024-01-25 16:02:18,116] INFO in _internal: 127.0.0.1 - - [25/Jan/2024 16:02:18] "GET /news HTTP/1.1" 200 -
[2024-01-25 16:02:18,131] INFO in _internal: 127.0.0.1 - - [25/Jan/2024 16:02:18] "GET /static/css/news.css HTTP/1.1" 200 -
[2024-01-25 16:02:18,148] INFO in _internal: 127.0.0.1 - - [25/Jan/2024 16:02:18] "[36mGET /static/img/0.png HTTP/1.1[0m" 304 -
[2024-01-25 16:02:18,148] INFO in _internal: 127.0.0.1 - - [25/Jan/2024 16:02:18] "[36mGET /static/img/news2.png HTTP/1.1[0m" 304 -
[2024-01-25 16:02:18,149] INFO in _internal: 127.0.0.1 - - [25/Jan/2024 16:02:18] "[36mGET /static/img/news4.png HTTP/1.1[0m" 304 -
[2024-01-25 16:02:18,150] INFO in _internal: 127.0.0.1 - - [25/Jan/2024 16:02:18] "[36mGET /static/img/news3.png HTTP/1.1[0m" 304 -
[2024-01-25 16:02:18,151] INFO in _internal: 127.0.0.1 - - [25/Jan/2024 16:02:18] "[36mGET /static/img/news1.png HTTP/1.1[0m" 304 -
[2024-01-25 16:02:18,152] INFO in _internal: 127.0.0.1 - - [25/Jan/2024 16:02:18] "[36mGET /static/js/news.js HTTP/1.1[0m" 304 -
[2024-01-25 16:02:18,170] INFO in _internal: 127.0.0.1 - - [25/Jan/2024 16:02:18] "[36mGET /static/img/news5.png HTTP/1.1[0m" 304 -
[2024-01-25 16:02:18,181] INFO in _internal: 127.0.0.1 - - [25/Jan/2024 16:02:18] "[36mGET /static/img/news6.png HTTP/1.1[0m" 304 -
[2024-01-25 16:02:18,183] INFO in _internal: 127.0.0.1 - - [25/Jan/2024 16:02:18] "[36mGET /static/img/donggu.png HTTP/1.1[0m" 304 -
[2024-01-25 16:06:14,310] INFO in _internal: 127.0.0.1 - - [25/Jan/2024 16:06:14] "GET /news HTTP/1.1" 200 -
[2024-01-25 16:06:14,335] INFO in _internal: 127.0.0.1 - - [25/Jan/2024 16:06:14] "GET /static/css/news.css HTTP/1.1" 200 -
[2024-01-25 16:06:14,347] INFO in _internal: 127.0.0.1 - - [25/Jan/2024 16:06:14] "GET /static/img/news1.png HTTP/1.1" 200 -
[2024-01-25 16:06:14,348] INFO in _internal: 127.0.0.1 - - [25/Jan/2024 16:06:14] "GET /static/img/news2.png HTTP/1.1" 200 -
[2024-01-25 16:06:14,348] INFO in _internal: 127.0.0.1 - - [25/Jan/2024 16:06:14] "GET /static/img/0.png HTTP/1.1" 200 -
[2024-01-25 16:06:14,348] INFO in _internal: 127.0.0.1 - - [25/Jan/2024 16:06:14] "GET /static/img/news3.png HTTP/1.1" 200 -
[2024-01-25 16:06:14,349] INFO in _internal: 127.0.0.1 - - [25/Jan/2024 16:06:14] "GET /static/img/news4.png HTTP/1.1" 200 -
[2024-01-25 16:06:14,352] INFO in _internal: 127.0.0.1 - - [25/Jan/2024 16:06:14] "GET /static/js/news.js HTTP/1.1" 200 -
[2024-01-25 16:06:14,368] INFO in _internal: 127.0.0.1 - - [25/Jan/2024 16:06:14] "GET /static/img/news5.png HTTP/1.1" 200 -
[2024-01-25 16:06:14,380] INFO in _internal: 127.0.0.1 - - [25/Jan/2024 16:06:14] "GET /static/img/news6.png HTTP/1.1" 200 -
[2024-01-25 16:06:14,404] INFO in _internal: 127.0.0.1 - - [25/Jan/2024 16:06:14] "GET /static/img/donggu.png HTTP/1.1" 200 -
[2024-01-25 16:06:59,747] INFO in _internal: 127.0.0.1 - - [25/Jan/2024 16:06:59] "[36mGET /static/css/news.css HTTP/1.1[0m" 304 -
[2024-01-25 16:08:13,565] INFO in _internal: 127.0.0.1 - - [25/Jan/2024 16:08:13] "GET /news HTTP/1.1" 200 -
[2024-01-25 16:08:13,581] INFO in _internal: 127.0.0.1 - - [25/Jan/2024 16:08:13] "GET /static/css/news.css HTTP/1.1" 200 -
[2024-01-25 16:08:13,596] INFO in _internal: 127.0.0.1 - - [25/Jan/2024 16:08:13] "[36mGET /static/img/0.png HTTP/1.1[0m" 304 -
[2024-01-25 16:08:13,597] INFO in _internal: 127.0.0.1 - - [25/Jan/2024 16:08:13] "[36mGET /static/img/news1.png HTTP/1.1[0m" 304 -
[2024-01-25 16:08:13,599] INFO in _internal: 127.0.0.1 - - [25/Jan/2024 16:08:13] "[36mGET /static/img/news2.png HTTP/1.1[0m" 304 -
[2024-01-25 16:08:13,604] INFO in _internal: 127.0.0.1 - - [25/Jan/2024 16:08:13] "[36mGET /static/img/news3.png HTTP/1.1[0m" 304 -
[2024-01-25 16:08:13,605] INFO in _internal: 127.0.0.1 - - [25/Jan/2024 16:08:13] "[36mGET /static/img/news4.png HTTP/1.1[0m" 304 -
[2024-01-25 16:08:13,606] INFO in _internal: 127.0.0.1 - - [25/Jan/2024 16:08:13] "[36mGET /static/js/news.js HTTP/1.1[0m" 304 -
[2024-01-25 16:08:13,614] INFO in _internal: 127.0.0.1 - - [25/Jan/2024 16:08:13] "[36mGET /static/img/news5.png HTTP/1.1[0m" 304 -
[2024-01-25 16:08:13,616] INFO in _internal: 127.0.0.1 - - [25/Jan/2024 16:08:13] "[36mGET /static/img/donggu.png HTTP/1.1[0m" 304 -
[2024-01-25 16:08:13,626] INFO in _internal: 127.0.0.1 - - [25/Jan/2024 16:08:13] "[36mGET /static/img/news6.png HTTP/1.1[0m" 304 -
[2024-01-25 16:08:18,158] INFO in _internal: 127.0.0.1 - - [25/Jan/2024 16:08:18] "[36mGET /static/css/news.css HTTP/1.1[0m" 304 -
[2024-01-25 16:09:04,926] INFO in _internal: 127.0.0.1 - - [25/Jan/2024 16:09:04] "GET /news HTTP/1.1" 200 -
[2024-01-25 16:09:04,941] INFO in _internal: 127.0.0.1 - - [25/Jan/2024 16:09:04] "GET /static/css/news.css HTTP/1.1" 200 -
[2024-01-25 16:09:04,956] INFO in _internal: 127.0.0.1 - - [25/Jan/2024 16:09:04] "[36mGET /static/img/news1.png HTTP/1.1[0m" 304 -
[2024-01-25 16:09:04,958] INFO in _internal: 127.0.0.1 - - [25/Jan/2024 16:09:04] "[36mGET /static/img/0.png HTTP/1.1[0m" 304 -
[2024-01-25 16:09:04,962] INFO in _internal: 127.0.0.1 - - [25/Jan/2024 16:09:04] "[36mGET /static/img/news2.png HTTP/1.1[0m" 304 -
[2024-01-25 16:09:04,969] INFO in _internal: 127.0.0.1 - - [25/Jan/2024 16:09:04] "[36mGET /static/js/news.js HTTP/1.1[0m" 304 -
[2024-01-25 16:09:04,971] INFO in _internal: 127.0.0.1 - - [25/Jan/2024 16:09:04] "[36mGET /static/img/news3.png HTTP/1.1[0m" 304 -
[2024-01-25 16:09:04,980] INFO in _internal: 127.0.0.1 - - [25/Jan/2024 16:09:04] "[36mGET /static/img/news4.png HTTP/1.1[0m" 304 -
[2024-01-25 16:09:04,985] INFO in _internal: 127.0.0.1 - - [25/Jan/2024 16:09:04] "[36mGET /static/img/donggu.png HTTP/1.1[0m" 304 -
[2024-01-25 16:09:04,987] INFO in _internal: 127.0.0.1 - - [25/Jan/2024 16:09:04] "[36mGET /static/img/news5.png HTTP/1.1[0m" 304 -
[2024-01-25 16:09:04,994] INFO in _internal: 127.0.0.1 - - [25/Jan/2024 16:09:04] "[36mGET /static/img/news6.png HTTP/1.1[0m" 304 -
[2024-01-25 16:09:48,227] INFO in _internal: 127.0.0.1 - - [25/Jan/2024 16:09:48] "[36mGET /static/css/news.css HTTP/1.1[0m" 304 -
[2024-01-25 16:11:49,112] INFO in _internal: 127.0.0.1 - - [25/Jan/2024 16:11:49] "GET /news HTTP/1.1" 200 -
[2024-01-25 16:11:49,137] INFO in _internal: 127.0.0.1 - - [25/Jan/2024 16:11:49] "GET /static/css/news.css HTTP/1.1" 200 -
[2024-01-25 16:11:49,151] INFO in _internal: 127.0.0.1 - - [25/Jan/2024 16:11:49] "[36mGET /static/img/0.png HTTP/1.1[0m" 304 -
[2024-01-25 16:11:49,154] INFO in _internal: 127.0.0.1 - - [25/Jan/2024 16:11:49] "[36mGET /static/img/news1.png HTTP/1.1[0m" 304 -
[2024-01-25 16:11:49,163] INFO in _internal: 127.0.0.1 - - [25/Jan/2024 16:11:49] "[36mGET /static/img/news2.png HTTP/1.1[0m" 304 -
[2024-01-25 16:11:49,164] INFO in _internal: 127.0.0.1 - - [25/Jan/2024 16:11:49] "[36mGET /static/js/news.js HTTP/1.1[0m" 304 -
[2024-01-25 16:11:49,168] INFO in _internal: 127.0.0.1 - - [25/Jan/2024 16:11:49] "[36mGET /static/img/news3.png HTTP/1.1[0m" 304 -
[2024-01-25 16:11:49,169] INFO in _internal: 127.0.0.1 - - [25/Jan/2024 16:11:49] "[36mGET /static/img/news4.png HTTP/1.1[0m" 304 -
[2024-01-25 16:11:49,179] INFO in _internal: 127.0.0.1 - - [25/Jan/2024 16:11:49] "[36mGET /static/img/donggu.png HTTP/1.1[0m" 304 -
[2024-01-25 16:11:49,181] INFO in _internal: 127.0.0.1 - - [25/Jan/2024 16:11:49] "[36mGET /static/img/news5.png HTTP/1.1[0m" 304 -
[2024-01-25 16:11:49,185] INFO in _internal: 127.0.0.1 - - [25/Jan/2024 16:11:49] "[36mGET /static/img/news6.png HTTP/1.1[0m" 304 -
[2024-01-25 16:12:53,917] INFO in _internal: 127.0.0.1 - - [25/Jan/2024 16:12:53] "[36mGET /static/css/news.css HTTP/1.1[0m" 304 -
[2024-01-25 16:13:35,790] INFO in _internal: 127.0.0.1 - - [25/Jan/2024 16:13:35] "GET /news HTTP/1.1" 200 -
[2024-01-25 16:13:35,806] INFO in _internal: 127.0.0.1 - - [25/Jan/2024 16:13:35] "GET /static/css/news.css HTTP/1.1" 200 -
[2024-01-25 16:13:35,823] INFO in _internal: 127.0.0.1 - - [25/Jan/2024 16:13:35] "[36mGET /static/img/0.png HTTP/1.1[0m" 304 -
[2024-01-25 16:13:35,824] INFO in _internal: 127.0.0.1 - - [25/Jan/2024 16:13:35] "[36mGET /static/img/news3.png HTTP/1.1[0m" 304 -
[2024-01-25 16:13:35,824] INFO in _internal: 127.0.0.1 - - [25/Jan/2024 16:13:35] "[36mGET /static/img/news1.png HTTP/1.1[0m" 304 -
[2024-01-25 16:13:35,825] INFO in _internal: 127.0.0.1 - - [25/Jan/2024 16:13:35] "[36mGET /static/img/news2.png HTTP/1.1[0m" 304 -
[2024-01-25 16:13:35,826] INFO in _internal: 127.0.0.1 - - [25/Jan/2024 16:13:35] "[36mGET /static/img/news4.png HTTP/1.1[0m" 304 -
[2024-01-25 16:13:35,827] INFO in _internal: 127.0.0.1 - - [25/Jan/2024 16:13:35] "[36mGET /static/js/news.js HTTP/1.1[0m" 304 -
[2024-01-25 16:13:35,855] INFO in _internal: 127.0.0.1 - - [25/Jan/2024 16:13:35] "[36mGET /static/img/donggu.png HTTP/1.1[0m" 304 -
[2024-01-25 16:13:35,858] INFO in _internal: 127.0.0.1 - - [25/Jan/2024 16:13:35] "[36mGET /static/img/news5.png HTTP/1.1[0m" 304 -
[2024-01-25 16:13:35,867] INFO in _internal: 127.0.0.1 - - [25/Jan/2024 16:13:35] "[36mGET /static/img/news6.png HTTP/1.1[0m" 304 -
[2024-01-25 16:14:08,318] INFO in _internal: 127.0.0.1 - - [25/Jan/2024 16:14:08] "GET /news HTTP/1.1" 200 -
[2024-01-25 16:14:08,341] INFO in _internal: 127.0.0.1 - - [25/Jan/2024 16:14:08] "GET /static/css/news.css HTTP/1.1" 200 -
[2024-01-25 16:14:08,363] INFO in _internal: 127.0.0.1 - - [25/Jan/2024 16:14:08] "[36mGET /static/img/news1.png HTTP/1.1[0m" 304 -
[2024-01-25 16:14:08,364] INFO in _internal: 127.0.0.1 - - [25/Jan/2024 16:14:08] "[36mGET /static/img/0.png HTTP/1.1[0m" 304 -
[2024-01-25 16:14:08,366] INFO in _internal: 127.0.0.1 - - [25/Jan/2024 16:14:08] "[36mGET /static/js/news.js HTTP/1.1[0m" 304 -
[2024-01-25 16:14:08,366] INFO in _internal: 127.0.0.1 - - [25/Jan/2024 16:14:08] "[36mGET /static/img/news2.png HTTP/1.1[0m" 304 -
[2024-01-25 16:14:08,369] INFO in _internal: 127.0.0.1 - - [25/Jan/2024 16:14:08] "[36mGET /static/img/news3.png HTTP/1.1[0m" 304 -
[2024-01-25 16:14:08,375] INFO in _internal: 127.0.0.1 - - [25/Jan/2024 16:14:08] "[36mGET /static/img/news4.png HTTP/1.1[0m" 304 -
[2024-01-25 16:14:08,384] INFO in _internal: 127.0.0.1 - - [25/Jan/2024 16:14:08] "[36mGET /static/img/donggu.png HTTP/1.1[0m" 304 -
[2024-01-25 16:14:08,392] INFO in _internal: 127.0.0.1 - - [25/Jan/2024 16:14:08] "[36mGET /static/img/news5.png HTTP/1.1[0m" 304 -
[2024-01-25 16:14:08,401] INFO in _internal: 127.0.0.1 - - [25/Jan/2024 16:14:08] "[36mGET /static/img/news6.png HTTP/1.1[0m" 304 -
[2024-01-25 16:15:04,507] INFO in _internal: 127.0.0.1 - - [25/Jan/2024 16:15:04] "GET /news HTTP/1.1" 200 -
[2024-01-25 16:15:04,525] INFO in _internal: 127.0.0.1 - - [25/Jan/2024 16:15:04] "GET /static/css/news.css HTTP/1.1" 200 -
[2024-01-25 16:15:04,547] INFO in _internal: 127.0.0.1 - - [25/Jan/2024 16:15:04] "[36mGET /static/img/0.png HTTP/1.1[0m" 304 -
[2024-01-25 16:15:04,549] INFO in _internal: 127.0.0.1 - - [25/Jan/2024 16:15:04] "[36mGET /static/img/news1.png HTTP/1.1[0m" 304 -
[2024-01-25 16:15:04,550] INFO in _internal: 127.0.0.1 - - [25/Jan/2024 16:15:04] "[36mGET /static/img/news2.png HTTP/1.1[0m" 304 -
[2024-01-25 16:15:04,550] INFO in _internal: 127.0.0.1 - - [25/Jan/2024 16:15:04] "[36mGET /static/img/news3.png HTTP/1.1[0m" 304 -
[2024-01-25 16:15:04,552] INFO in _internal: 127.0.0.1 - - [25/Jan/2024 16:15:04] "[36mGET /static/img/news4.png HTTP/1.1[0m" 304 -
[2024-01-25 16:15:04,554] INFO in _internal: 127.0.0.1 - - [25/Jan/2024 16:15:04] "[36mGET /static/js/news.js HTTP/1.1[0m" 304 -
[2024-01-25 16:15:04,567] INFO in _internal: 127.0.0.1 - - [25/Jan/2024 16:15:04] "[36mGET /static/img/news5.png HTTP/1.1[0m" 304 -
[2024-01-25 16:15:04,568] INFO in _internal: 127.0.0.1 - - [25/Jan/2024 16:15:04] "[36mGET /static/img/donggu.png HTTP/1.1[0m" 304 -
[2024-01-25 16:15:04,576] INFO in _internal: 127.0.0.1 - - [25/Jan/2024 16:15:04] "[36mGET /static/img/news6.png HTTP/1.1[0m" 304 -
[2024-01-25 16:15:25,278] INFO in _internal: 127.0.0.1 - - [25/Jan/2024 16:15:25] "GET /news HTTP/1.1" 200 -
[2024-01-25 16:15:25,293] INFO in _internal: 127.0.0.1 - - [25/Jan/2024 16:15:25] "GET /static/css/news.css HTTP/1.1" 200 -
[2024-01-25 16:15:25,313] INFO in _internal: 127.0.0.1 - - [25/Jan/2024 16:15:25] "[36mGET /static/img/news1.png HTTP/1.1[0m" 304 -
[2024-01-25 16:15:25,314] INFO in _internal: 127.0.0.1 - - [25/Jan/2024 16:15:25] "[36mGET /static/img/0.png HTTP/1.1[0m" 304 -
[2024-01-25 16:15:25,314] INFO in _internal: 127.0.0.1 - - [25/Jan/2024 16:15:25] "[36mGET /static/js/news.js HTTP/1.1[0m" 304 -
[2024-01-25 16:15:25,315] INFO in _internal: 127.0.0.1 - - [25/Jan/2024 16:15:25] "[36mGET /static/img/news2.png HTTP/1.1[0m" 304 -
[2024-01-25 16:15:25,317] INFO in _internal: 127.0.0.1 - - [25/Jan/2024 16:15:25] "[36mGET /static/img/news3.png HTTP/1.1[0m" 304 -
[2024-01-25 16:15:25,318] INFO in _internal: 127.0.0.1 - - [25/Jan/2024 16:15:25] "[36mGET /static/img/news4.png HTTP/1.1[0m" 304 -
[2024-01-25 16:15:25,332] INFO in _internal: 127.0.0.1 - - [25/Jan/2024 16:15:25] "[36mGET /static/img/donggu.png HTTP/1.1[0m" 304 -
[2024-01-25 16:15:25,336] INFO in _internal: 127.0.0.1 - - [25/Jan/2024 16:15:25] "[36mGET /static/img/news5.png HTTP/1.1[0m" 304 -
[2024-01-25 16:15:25,339] INFO in _internal: 127.0.0.1 - - [25/Jan/2024 16:15:25] "[36mGET /static/img/news6.png HTTP/1.1[0m" 304 -
[2024-01-25 16:15:32,539] INFO in _internal: 127.0.0.1 - - [25/Jan/2024 16:15:32] "GET /news HTTP/1.1" 200 -
[2024-01-25 16:15:32,562] INFO in _internal: 127.0.0.1 - - [25/Jan/2024 16:15:32] "GET /static/css/news.css HTTP/1.1" 200 -
[2024-01-25 16:15:32,574] INFO in _internal: 127.0.0.1 - - [25/Jan/2024 16:15:32] "[36mGET /static/img/0.png HTTP/1.1[0m" 304 -
[2024-01-25 16:15:32,577] INFO in _internal: 127.0.0.1 - - [25/Jan/2024 16:15:32] "[36mGET /static/img/news1.png HTTP/1.1[0m" 304 -
[2024-01-25 16:15:32,581] INFO in _internal: 127.0.0.1 - - [25/Jan/2024 16:15:32] "[36mGET /static/img/news2.png HTTP/1.1[0m" 304 -
[2024-01-25 16:15:32,582] INFO in _internal: 127.0.0.1 - - [25/Jan/2024 16:15:32] "[36mGET /static/img/news3.png HTTP/1.1[0m" 304 -
[2024-01-25 16:15:32,586] INFO in _internal: 127.0.0.1 - - [25/Jan/2024 16:15:32] "[36mGET /static/img/news4.png HTTP/1.1[0m" 304 -
[2024-01-25 16:15:32,595] INFO in _internal: 127.0.0.1 - - [25/Jan/2024 16:15:32] "[36mGET /static/js/news.js HTTP/1.1[0m" 304 -
[2024-01-25 16:15:32,604] INFO in _internal: 127.0.0.1 - - [25/Jan/2024 16:15:32] "[36mGET /static/img/donggu.png HTTP/1.1[0m" 304 -
[2024-01-25 16:15:32,612] INFO in _internal: 127.0.0.1 - - [25/Jan/2024 16:15:32] "[36mGET /static/img/news5.png HTTP/1.1[0m" 304 -
[2024-01-25 16:15:32,614] INFO in _internal: 127.0.0.1 - - [25/Jan/2024 16:15:32] "[36mGET /static/img/news6.png HTTP/1.1[0m" 304 -
[2024-01-25 16:15:42,247] INFO in _internal: 127.0.0.1 - - [25/Jan/2024 16:15:42] "GET /news HTTP/1.1" 200 -
[2024-01-25 16:15:42,272] INFO in _internal: 127.0.0.1 - - [25/Jan/2024 16:15:42] "GET /static/css/news.css HTTP/1.1" 200 -
[2024-01-25 16:15:42,286] INFO in _internal: 127.0.0.1 - - [25/Jan/2024 16:15:42] "[36mGET /static/img/0.png HTTP/1.1[0m" 304 -
[2024-01-25 16:15:42,288] INFO in _internal: 127.0.0.1 - - [25/Jan/2024 16:15:42] "[36mGET /static/img/news1.png HTTP/1.1[0m" 304 -
[2024-01-25 16:15:42,290] INFO in _internal: 127.0.0.1 - - [25/Jan/2024 16:15:42] "[36mGET /static/img/news2.png HTTP/1.1[0m" 304 -
[2024-01-25 16:15:42,293] INFO in _internal: 127.0.0.1 - - [25/Jan/2024 16:15:42] "[36mGET /static/img/news3.png HTTP/1.1[0m" 304 -
[2024-01-25 16:15:42,294] INFO in _internal: 127.0.0.1 - - [25/Jan/2024 16:15:42] "[36mGET /static/img/news4.png HTTP/1.1[0m" 304 -
[2024-01-25 16:15:42,300] INFO in _internal: 127.0.0.1 - - [25/Jan/2024 16:15:42] "[36mGET /static/js/news.js HTTP/1.1[0m" 304 -
[2024-01-25 16:15:42,310] INFO in _internal: 127.0.0.1 - - [25/Jan/2024 16:15:42] "[36mGET /static/img/donggu.png HTTP/1.1[0m" 304 -
[2024-01-25 16:15:42,314] INFO in _internal: 127.0.0.1 - - [25/Jan/2024 16:15:42] "[36mGET /static/img/news5.png HTTP/1.1[0m" 304 -
[2024-01-25 16:15:42,320] INFO in _internal: 127.0.0.1 - - [25/Jan/2024 16:15:42] "[36mGET /static/img/news6.png HTTP/1.1[0m" 304 -
[2024-01-25 16:16:07,431] INFO in _internal: 127.0.0.1 - - [25/Jan/2024 16:16:07] "GET /news HTTP/1.1" 200 -
[2024-01-25 16:16:07,452] INFO in _internal: 127.0.0.1 - - [25/Jan/2024 16:16:07] "GET /static/css/news.css HTTP/1.1" 200 -
[2024-01-25 16:16:07,466] INFO in _internal: 127.0.0.1 - - [25/Jan/2024 16:16:07] "[36mGET /static/img/0.png HTTP/1.1[0m" 304 -
[2024-01-25 16:16:07,471] INFO in _internal: 127.0.0.1 - - [25/Jan/2024 16:16:07] "[36mGET /static/js/news.js HTTP/1.1[0m" 304 -
[2024-01-25 16:16:07,475] INFO in _internal: 127.0.0.1 - - [25/Jan/2024 16:16:07] "[36mGET /static/img/news1.png HTTP/1.1[0m" 304 -
[2024-01-25 16:16:07,479] INFO in _internal: 127.0.0.1 - - [25/Jan/2024 16:16:07] "[36mGET /static/img/news2.png HTTP/1.1[0m" 304 -
[2024-01-25 16:16:07,483] INFO in _internal: 127.0.0.1 - - [25/Jan/2024 16:16:07] "[36mGET /static/img/news3.png HTTP/1.1[0m" 304 -
[2024-01-25 16:16:07,485] INFO in _internal: 127.0.0.1 - - [25/Jan/2024 16:16:07] "[36mGET /static/img/news4.png HTTP/1.1[0m" 304 -
[2024-01-25 16:16:07,486] INFO in _internal: 127.0.0.1 - - [25/Jan/2024 16:16:07] "[36mGET /static/img/news5.png HTTP/1.1[0m" 304 -
[2024-01-25 16:16:07,498] INFO in _internal: 127.0.0.1 - - [25/Jan/2024 16:16:07] "[36mGET /static/img/news6.png HTTP/1.1[0m" 304 -
[2024-01-25 16:16:07,498] INFO in _internal: 127.0.0.1 - - [25/Jan/2024 16:16:07] "[36mGET /static/img/donggu.png HTTP/1.1[0m" 304 -
[2024-01-25 16:16:47,352] INFO in _internal: 127.0.0.1 - - [25/Jan/2024 16:16:47] "GET /news HTTP/1.1" 200 -
[2024-01-25 16:16:47,366] INFO in _internal: 127.0.0.1 - - [25/Jan/2024 16:16:47] "GET /static/css/news.css HTTP/1.1" 200 -
[2024-01-25 16:16:47,380] INFO in _internal: 127.0.0.1 - - [25/Jan/2024 16:16:47] "[36mGET /static/img/news1.png HTTP/1.1[0m" 304 -
[2024-01-25 16:16:47,381] INFO in _internal: 127.0.0.1 - - [25/Jan/2024 16:16:47] "[36mGET /static/img/0.png HTTP/1.1[0m" 304 -
[2024-01-25 16:16:47,383] INFO in _internal: 127.0.0.1 - - [25/Jan/2024 16:16:47] "[36mGET /static/img/news2.png HTTP/1.1[0m" 304 -
[2024-01-25 16:16:47,384] INFO in _internal: 127.0.0.1 - - [25/Jan/2024 16:16:47] "[36mGET /static/img/news3.png HTTP/1.1[0m" 304 -
[2024-01-25 16:16:47,392] INFO in _internal: 127.0.0.1 - - [25/Jan/2024 16:16:47] "[36mGET /static/js/news.js HTTP/1.1[0m" 304 -
[2024-01-25 16:16:47,393] INFO in _internal: 127.0.0.1 - - [25/Jan/2024 16:16:47] "[36mGET /static/img/news4.png HTTP/1.1[0m" 304 -
[2024-01-25 16:16:47,398] INFO in _internal: 127.0.0.1 - - [25/Jan/2024 16:16:47] "[36mGET /static/img/donggu.png HTTP/1.1[0m" 304 -
[2024-01-25 16:16:47,404] INFO in _internal: 127.0.0.1 - - [25/Jan/2024 16:16:47] "[36mGET /static/img/news5.png HTTP/1.1[0m" 304 -
[2024-01-25 16:16:47,406] INFO in _internal: 127.0.0.1 - - [25/Jan/2024 16:16:47] "[36mGET /static/img/news6.png HTTP/1.1[0m" 304 -
[2024-01-25 16:17:15,431] INFO in _internal: 127.0.0.1 - - [25/Jan/2024 16:17:15] "GET /news HTTP/1.1" 200 -
[2024-01-25 16:17:15,448] INFO in _internal: 127.0.0.1 - - [25/Jan/2024 16:17:15] "GET /static/css/news.css HTTP/1.1" 200 -
[2024-01-25 16:17:15,465] INFO in _internal: 127.0.0.1 - - [25/Jan/2024 16:17:15] "[36mGET /static/img/news3.png HTTP/1.1[0m" 304 -
[2024-01-25 16:17:15,467] INFO in _internal: 127.0.0.1 - - [25/Jan/2024 16:17:15] "[36mGET /static/img/news1.png HTTP/1.1[0m" 304 -
[2024-01-25 16:17:15,467] INFO in _internal: 127.0.0.1 - - [25/Jan/2024 16:17:15] "[36mGET /static/img/news2.png HTTP/1.1[0m" 304 -
[2024-01-25 16:17:15,469] INFO in _internal: 127.0.0.1 - - [25/Jan/2024 16:17:15] "[36mGET /static/img/0.png HTTP/1.1[0m" 304 -
[2024-01-25 16:17:15,469] INFO in _internal: 127.0.0.1 - - [25/Jan/2024 16:17:15] "[36mGET /static/img/news4.png HTTP/1.1[0m" 304 -
[2024-01-25 16:17:15,472] INFO in _internal: 127.0.0.1 - - [25/Jan/2024 16:17:15] "[36mGET /static/js/news.js HTTP/1.1[0m" 304 -
[2024-01-25 16:17:15,481] INFO in _internal: 127.0.0.1 - - [25/Jan/2024 16:17:15] "[36mGET /static/img/donggu.png HTTP/1.1[0m" 304 -
[2024-01-25 16:17:15,483] INFO in _internal: 127.0.0.1 - - [25/Jan/2024 16:17:15] "[36mGET /static/img/news5.png HTTP/1.1[0m" 304 -
[2024-01-25 16:17:15,491] INFO in _internal: 127.0.0.1 - - [25/Jan/2024 16:17:15] "[36mGET /static/img/news6.png HTTP/1.1[0m" 304 -
[2024-01-25 16:17:30,084] INFO in _internal: 127.0.0.1 - - [25/Jan/2024 16:17:30] "GET /news HTTP/1.1" 200 -
[2024-01-25 16:17:30,100] INFO in _internal: 127.0.0.1 - - [25/Jan/2024 16:17:30] "GET /static/css/news.css HTTP/1.1" 200 -
[2024-01-25 16:17:30,114] INFO in _internal: 127.0.0.1 - - [25/Jan/2024 16:17:30] "[36mGET /static/img/news1.png HTTP/1.1[0m" 304 -
[2024-01-25 16:17:30,115] INFO in _internal: 127.0.0.1 - - [25/Jan/2024 16:17:30] "[36mGET /static/img/0.png HTTP/1.1[0m" 304 -
[2024-01-25 16:17:30,118] INFO in _internal: 127.0.0.1 - - [25/Jan/2024 16:17:30] "[36mGET /static/img/news3.png HTTP/1.1[0m" 304 -
[2024-01-25 16:17:30,118] INFO in _internal: 127.0.0.1 - - [25/Jan/2024 16:17:30] "[36mGET /static/img/news2.png HTTP/1.1[0m" 304 -
[2024-01-25 16:17:30,121] INFO in _internal: 127.0.0.1 - - [25/Jan/2024 16:17:30] "[36mGET /static/img/news4.png HTTP/1.1[0m" 304 -
[2024-01-25 16:17:30,122] INFO in _internal: 127.0.0.1 - - [25/Jan/2024 16:17:30] "[36mGET /static/js/news.js HTTP/1.1[0m" 304 -
[2024-01-25 16:17:30,137] INFO in _internal: 127.0.0.1 - - [25/Jan/2024 16:17:30] "[36mGET /static/img/news5.png HTTP/1.1[0m" 304 -
[2024-01-25 16:17:30,140] INFO in _internal: 127.0.0.1 - - [25/Jan/2024 16:17:30] "[36mGET /static/img/news6.png HTTP/1.1[0m" 304 -
[2024-01-25 16:17:30,146] INFO in _internal: 127.0.0.1 - - [25/Jan/2024 16:17:30] "[36mGET /static/img/donggu.png HTTP/1.1[0m" 304 -
[2024-01-25 16:18:07,156] INFO in _internal: 127.0.0.1 - - [25/Jan/2024 16:18:07] "GET /static/css/news.css HTTP/1.1" 200 -
[2024-01-25 16:18:28,653] INFO in _internal: 127.0.0.1 - - [25/Jan/2024 16:18:28] "GET /news HTTP/1.1" 200 -
[2024-01-25 16:18:28,673] INFO in _internal: 127.0.0.1 - - [25/Jan/2024 16:18:28] "GET /static/css/news.css HTTP/1.1" 200 -
[2024-01-25 16:18:28,689] INFO in _internal: 127.0.0.1 - - [25/Jan/2024 16:18:28] "[36mGET /static/img/0.png HTTP/1.1[0m" 304 -
[2024-01-25 16:18:28,691] INFO in _internal: 127.0.0.1 - - [25/Jan/2024 16:18:28] "[36mGET /static/img/news1.png HTTP/1.1[0m" 304 -
[2024-01-25 16:18:28,693] INFO in _internal: 127.0.0.1 - - [25/Jan/2024 16:18:28] "[36mGET /static/img/news2.png HTTP/1.1[0m" 304 -
[2024-01-25 16:18:28,702] INFO in _internal: 127.0.0.1 - - [25/Jan/2024 16:18:28] "[36mGET /static/js/news.js HTTP/1.1[0m" 304 -
[2024-01-25 16:18:28,707] INFO in _internal: 127.0.0.1 - - [25/Jan/2024 16:18:28] "[36mGET /static/img/news3.png HTTP/1.1[0m" 304 -
[2024-01-25 16:18:28,712] INFO in _internal: 127.0.0.1 - - [25/Jan/2024 16:18:28] "[36mGET /static/img/news4.png HTTP/1.1[0m" 304 -
[2024-01-25 16:18:28,715] INFO in _internal: 127.0.0.1 - - [25/Jan/2024 16:18:28] "[36mGET /static/img/donggu.png HTTP/1.1[0m" 304 -
[2024-01-25 16:18:28,721] INFO in _internal: 127.0.0.1 - - [25/Jan/2024 16:18:28] "[36mGET /static/img/news5.png HTTP/1.1[0m" 304 -
[2024-01-25 16:18:28,728] INFO in _internal: 127.0.0.1 - - [25/Jan/2024 16:18:28] "[36mGET /static/img/news6.png HTTP/1.1[0m" 304 -
[2024-01-25 16:18:38,274] INFO in _internal: 127.0.0.1 - - [25/Jan/2024 16:18:38] "[36mGET /static/css/news.css HTTP/1.1[0m" 304 -
[2024-01-25 16:18:58,851] INFO in _internal: 127.0.0.1 - - [25/Jan/2024 16:18:58] "GET /news HTTP/1.1" 200 -
[2024-01-25 16:18:58,870] INFO in _internal: 127.0.0.1 - - [25/Jan/2024 16:18:58] "GET /static/css/news.css HTTP/1.1" 200 -
[2024-01-25 16:18:58,889] INFO in _internal: 127.0.0.1 - - [25/Jan/2024 16:18:58] "[36mGET /static/img/0.png HTTP/1.1[0m" 304 -
[2024-01-25 16:18:58,889] INFO in _internal: 127.0.0.1 - - [25/Jan/2024 16:18:58] "[36mGET /static/img/news1.png HTTP/1.1[0m" 304 -
[2024-01-25 16:18:58,889] INFO in _internal: 127.0.0.1 - - [25/Jan/2024 16:18:58] "[36mGET /static/js/news.js HTTP/1.1[0m" 304 -
[2024-01-25 16:18:58,891] INFO in _internal: 127.0.0.1 - - [25/Jan/2024 16:18:58] "[36mGET /static/img/news2.png HTTP/1.1[0m" 304 -
[2024-01-25 16:18:58,892] INFO in _internal: 127.0.0.1 - - [25/Jan/2024 16:18:58] "[36mGET /static/img/news3.png HTTP/1.1[0m" 304 -
[2024-01-25 16:18:58,894] INFO in _internal: 127.0.0.1 - - [25/Jan/2024 16:18:58] "[36mGET /static/img/news4.png HTTP/1.1[0m" 304 -
[2024-01-25 16:18:58,907] INFO in _internal: 127.0.0.1 - - [25/Jan/2024 16:18:58] "[36mGET /static/img/donggu.png HTTP/1.1[0m" 304 -
[2024-01-25 16:18:58,909] INFO in _internal: 127.0.0.1 - - [25/Jan/2024 16:18:58] "[36mGET /static/img/news5.png HTTP/1.1[0m" 304 -
[2024-01-25 16:18:58,911] INFO in _internal: 127.0.0.1 - - [25/Jan/2024 16:18:58] "[36mGET /static/img/news6.png HTTP/1.1[0m" 304 -
[2024-01-25 16:19:02,778] INFO in _internal: 127.0.0.1 - - [25/Jan/2024 16:19:02] "GET /news HTTP/1.1" 200 -
[2024-01-25 16:19:02,793] INFO in _internal: 127.0.0.1 - - [25/Jan/2024 16:19:02] "[36mGET /static/css/news.css HTTP/1.1[0m" 304 -
[2024-01-25 16:19:02,798] INFO in _internal: 127.0.0.1 - - [25/Jan/2024 16:19:02] "[36mGET /static/img/0.png HTTP/1.1[0m" 304 -
[2024-01-25 16:19:02,800] INFO in _internal: 127.0.0.1 - - [25/Jan/2024 16:19:02] "[36mGET /static/img/news2.png HTTP/1.1[0m" 304 -
[2024-01-25 16:19:02,805] INFO in _internal: 127.0.0.1 - - [25/Jan/2024 16:19:02] "[36mGET /static/img/news1.png HTTP/1.1[0m" 304 -
[2024-01-25 16:19:02,807] INFO in _internal: 127.0.0.1 - - [25/Jan/2024 16:19:02] "[36mGET /static/img/news3.png HTTP/1.1[0m" 304 -
[2024-01-25 16:19:02,808] INFO in _internal: 127.0.0.1 - - [25/Jan/2024 16:19:02] "[36mGET /static/img/news4.png HTTP/1.1[0m" 304 -
[2024-01-25 16:19:02,813] INFO in _internal: 127.0.0.1 - - [25/Jan/2024 16:19:02] "[36mGET /static/js/news.js HTTP/1.1[0m" 304 -
[2024-01-25 16:19:02,818] INFO in _internal: 127.0.0.1 - - [25/Jan/2024 16:19:02] "[36mGET /static/img/news5.png HTTP/1.1[0m" 304 -
[2024-01-25 16:19:02,825] INFO in _internal: 127.0.0.1 - - [25/Jan/2024 16:19:02] "[36mGET /static/img/news6.png HTTP/1.1[0m" 304 -
[2024-01-25 16:19:02,826] INFO in _internal: 127.0.0.1 - - [25/Jan/2024 16:19:02] "[36mGET /static/img/donggu.png HTTP/1.1[0m" 304 -
[2024-01-25 16:19:12,673] INFO in _internal: 127.0.0.1 - - [25/Jan/2024 16:19:12] "GET /news HTTP/1.1" 200 -
[2024-01-25 16:19:12,687] INFO in _internal: 127.0.0.1 - - [25/Jan/2024 16:19:12] "GET /static/css/news.css HTTP/1.1" 200 -
[2024-01-25 16:19:12,697] INFO in _internal: 127.0.0.1 - - [25/Jan/2024 16:19:12] "[36mGET /static/img/0.png HTTP/1.1[0m" 304 -
[2024-01-25 16:19:12,698] INFO in _internal: 127.0.0.1 - - [25/Jan/2024 16:19:12] "[36mGET /static/img/news3.png HTTP/1.1[0m" 304 -
[2024-01-25 16:19:12,699] INFO in _internal: 127.0.0.1 - - [25/Jan/2024 16:19:12] "[36mGET /static/img/news1.png HTTP/1.1[0m" 304 -
[2024-01-25 16:19:12,700] INFO in _internal: 127.0.0.1 - - [25/Jan/2024 16:19:12] "[36mGET /static/img/news2.png HTTP/1.1[0m" 304 -
[2024-01-25 16:19:12,702] INFO in _internal: 127.0.0.1 - - [25/Jan/2024 16:19:12] "[36mGET /static/img/news4.png HTTP/1.1[0m" 304 -
[2024-01-25 16:19:12,704] INFO in _internal: 127.0.0.1 - - [25/Jan/2024 16:19:12] "[36mGET /static/js/news.js HTTP/1.1[0m" 304 -
[2024-01-25 16:19:12,715] INFO in _internal: 127.0.0.1 - - [25/Jan/2024 16:19:12] "[36mGET /static/img/donggu.png HTTP/1.1[0m" 304 -
[2024-01-25 16:19:12,726] INFO in _internal: 127.0.0.1 - - [25/Jan/2024 16:19:12] "[36mGET /static/img/news5.png HTTP/1.1[0m" 304 -
[2024-01-25 16:19:12,727] INFO in _internal: 127.0.0.1 - - [25/Jan/2024 16:19:12] "[36mGET /static/img/news6.png HTTP/1.1[0m" 304 -
[2024-01-25 16:19:20,796] INFO in _internal: 127.0.0.1 - - [25/Jan/2024 16:19:20] "GET /news HTTP/1.1" 200 -
[2024-01-25 16:19:20,810] INFO in _internal: 127.0.0.1 - - [25/Jan/2024 16:19:20] "GET /static/css/news.css HTTP/1.1" 200 -
[2024-01-25 16:19:20,816] INFO in _internal: 127.0.0.1 - - [25/Jan/2024 16:19:20] "[36mGET /static/img/0.png HTTP/1.1[0m" 304 -
[2024-01-25 16:19:20,817] INFO in _internal: 127.0.0.1 - - [25/Jan/2024 16:19:20] "[36mGET /static/img/news1.png HTTP/1.1[0m" 304 -
[2024-01-25 16:19:20,820] INFO in _internal: 127.0.0.1 - - [25/Jan/2024 16:19:20] "[36mGET /static/img/news2.png HTTP/1.1[0m" 304 -
[2024-01-25 16:19:20,822] INFO in _internal: 127.0.0.1 - - [25/Jan/2024 16:19:20] "[36mGET /static/img/news3.png HTTP/1.1[0m" 304 -
[2024-01-25 16:19:20,826] INFO in _internal: 127.0.0.1 - - [25/Jan/2024 16:19:20] "[36mGET /static/img/news4.png HTTP/1.1[0m" 304 -
[2024-01-25 16:19:20,827] INFO in _internal: 127.0.0.1 - - [25/Jan/2024 16:19:20] "[36mGET /static/js/news.js HTTP/1.1[0m" 304 -
[2024-01-25 16:19:20,832] INFO in _internal: 127.0.0.1 - - [25/Jan/2024 16:19:20] "[36mGET /static/img/news5.png HTTP/1.1[0m" 304 -
[2024-01-25 16:19:20,833] INFO in _internal: 127.0.0.1 - - [25/Jan/2024 16:19:20] "[36mGET /static/img/news6.png HTTP/1.1[0m" 304 -
[2024-01-25 16:19:20,841] INFO in _internal: 127.0.0.1 - - [25/Jan/2024 16:19:20] "[36mGET /static/img/donggu.png HTTP/1.1[0m" 304 -
[2024-01-25 16:19:28,937] INFO in _internal: 127.0.0.1 - - [25/Jan/2024 16:19:28] "GET /news HTTP/1.1" 200 -
[2024-01-25 16:19:28,953] INFO in _internal: 127.0.0.1 - - [25/Jan/2024 16:19:28] "GET /static/css/news.css HTTP/1.1" 200 -
[2024-01-25 16:19:28,964] INFO in _internal: 127.0.0.1 - - [25/Jan/2024 16:19:28] "[36mGET /static/img/0.png HTTP/1.1[0m" 304 -
[2024-01-25 16:19:28,965] INFO in _internal: 127.0.0.1 - - [25/Jan/2024 16:19:28] "[36mGET /static/img/news1.png HTTP/1.1[0m" 304 -
[2024-01-25 16:19:28,969] INFO in _internal: 127.0.0.1 - - [25/Jan/2024 16:19:28] "[36mGET /static/img/news2.png HTTP/1.1[0m" 304 -
[2024-01-25 16:19:28,970] INFO in _internal: 127.0.0.1 - - [25/Jan/2024 16:19:28] "[36mGET /static/img/news3.png HTTP/1.1[0m" 304 -
[2024-01-25 16:19:28,978] INFO in _internal: 127.0.0.1 - - [25/Jan/2024 16:19:28] "[36mGET /static/img/news4.png HTTP/1.1[0m" 304 -
[2024-01-25 16:19:28,980] INFO in _internal: 127.0.0.1 - - [25/Jan/2024 16:19:28] "[36mGET /static/img/news5.png HTTP/1.1[0m" 304 -
[2024-01-25 16:19:28,983] INFO in _internal: 127.0.0.1 - - [25/Jan/2024 16:19:28] "[36mGET /static/js/news.js HTTP/1.1[0m" 304 -
[2024-01-25 16:19:28,984] INFO in _internal: 127.0.0.1 - - [25/Jan/2024 16:19:28] "[36mGET /static/img/news6.png HTTP/1.1[0m" 304 -
[2024-01-25 16:19:28,993] INFO in _internal: 127.0.0.1 - - [25/Jan/2024 16:19:28] "[36mGET /static/img/donggu.png HTTP/1.1[0m" 304 -
[2024-01-25 16:19:47,345] INFO in _internal: 127.0.0.1 - - [25/Jan/2024 16:19:47] "GET /news HTTP/1.1" 200 -
[2024-01-25 16:19:47,365] INFO in _internal: 127.0.0.1 - - [25/Jan/2024 16:19:47] "GET /static/css/news.css HTTP/1.1" 200 -
[2024-01-25 16:19:47,384] INFO in _internal: 127.0.0.1 - - [25/Jan/2024 16:19:47] "[36mGET /static/img/0.png HTTP/1.1[0m" 304 -
[2024-01-25 16:19:47,385] INFO in _internal: 127.0.0.1 - - [25/Jan/2024 16:19:47] "[36mGET /static/img/news1.png HTTP/1.1[0m" 304 -
[2024-01-25 16:19:47,387] INFO in _internal: 127.0.0.1 - - [25/Jan/2024 16:19:47] "[36mGET /static/img/news2.png HTTP/1.1[0m" 304 -
[2024-01-25 16:19:47,387] INFO in _internal: 127.0.0.1 - - [25/Jan/2024 16:19:47] "[36mGET /static/img/news3.png HTTP/1.1[0m" 304 -
[2024-01-25 16:19:47,388] INFO in _internal: 127.0.0.1 - - [25/Jan/2024 16:19:47] "[36mGET /static/js/news.js HTTP/1.1[0m" 304 -
[2024-01-25 16:19:47,388] INFO in _internal: 127.0.0.1 - - [25/Jan/2024 16:19:47] "[36mGET /static/img/news4.png HTTP/1.1[0m" 304 -
[2024-01-25 16:19:47,399] INFO in _internal: 127.0.0.1 - - [25/Jan/2024 16:19:47] "[36mGET /static/img/donggu.png HTTP/1.1[0m" 304 -
[2024-01-25 16:19:47,406] INFO in _internal: 127.0.0.1 - - [25/Jan/2024 16:19:47] "[36mGET /static/img/news5.png HTTP/1.1[0m" 304 -
[2024-01-25 16:19:47,411] INFO in _internal: 127.0.0.1 - - [25/Jan/2024 16:19:47] "[36mGET /static/img/news6.png HTTP/1.1[0m" 304 -
[2024-01-25 16:19:53,139] INFO in _internal: 127.0.0.1 - - [25/Jan/2024 16:19:53] "GET /news HTTP/1.1" 200 -
[2024-01-25 16:19:53,153] INFO in _internal: 127.0.0.1 - - [25/Jan/2024 16:19:53] "GET /static/css/news.css HTTP/1.1" 200 -
[2024-01-25 16:19:53,162] INFO in _internal: 127.0.0.1 - - [25/Jan/2024 16:19:53] "[36mGET /static/img/0.png HTTP/1.1[0m" 304 -
[2024-01-25 16:19:53,163] INFO in _internal: 127.0.0.1 - - [25/Jan/2024 16:19:53] "[36mGET /static/img/news1.png HTTP/1.1[0m" 304 -
[2024-01-25 16:19:53,165] INFO in _internal: 127.0.0.1 - - [25/Jan/2024 16:19:53] "[36mGET /static/img/news2.png HTTP/1.1[0m" 304 -
[2024-01-25 16:19:53,168] INFO in _internal: 127.0.0.1 - - [25/Jan/2024 16:19:53] "[36mGET /static/img/news3.png HTTP/1.1[0m" 304 -
[2024-01-25 16:19:53,170] INFO in _internal: 127.0.0.1 - - [25/Jan/2024 16:19:53] "[36mGET /static/img/news4.png HTTP/1.1[0m" 304 -
[2024-01-25 16:19:53,173] INFO in _internal: 127.0.0.1 - - [25/Jan/2024 16:19:53] "[36mGET /static/js/news.js HTTP/1.1[0m" 304 -
[2024-01-25 16:19:53,175] INFO in _internal: 127.0.0.1 - - [25/Jan/2024 16:19:53] "[36mGET /static/img/news5.png HTTP/1.1[0m" 304 -
[2024-01-25 16:19:53,186] INFO in _internal: 127.0.0.1 - - [25/Jan/2024 16:19:53] "[36mGET /static/img/news6.png HTTP/1.1[0m" 304 -
[2024-01-25 16:19:53,189] INFO in _internal: 127.0.0.1 - - [25/Jan/2024 16:19:53] "[36mGET /static/img/donggu.png HTTP/1.1[0m" 304 -
[2024-01-25 16:19:59,345] INFO in _internal: 127.0.0.1 - - [25/Jan/2024 16:19:59] "GET /news HTTP/1.1" 200 -
[2024-01-25 16:19:59,360] INFO in _internal: 127.0.0.1 - - [25/Jan/2024 16:19:59] "GET /static/css/news.css HTTP/1.1" 200 -
[2024-01-25 16:19:59,372] INFO in _internal: 127.0.0.1 - - [25/Jan/2024 16:19:59] "[36mGET /static/img/news1.png HTTP/1.1[0m" 304 -
[2024-01-25 16:19:59,376] INFO in _internal: 127.0.0.1 - - [25/Jan/2024 16:19:59] "[36mGET /static/img/news2.png HTTP/1.1[0m" 304 -
[2024-01-25 16:19:59,377] INFO in _internal: 127.0.0.1 - - [25/Jan/2024 16:19:59] "[36mGET /static/img/0.png HTTP/1.1[0m" 304 -
[2024-01-25 16:19:59,379] INFO in _internal: 127.0.0.1 - - [25/Jan/2024 16:19:59] "[36mGET /static/img/news4.png HTTP/1.1[0m" 304 -
[2024-01-25 16:19:59,381] INFO in _internal: 127.0.0.1 - - [25/Jan/2024 16:19:59] "[36mGET /static/img/news3.png HTTP/1.1[0m" 304 -
[2024-01-25 16:19:59,386] INFO in _internal: 127.0.0.1 - - [25/Jan/2024 16:19:59] "[36mGET /static/js/news.js HTTP/1.1[0m" 304 -
[2024-01-25 16:19:59,391] INFO in _internal: 127.0.0.1 - - [25/Jan/2024 16:19:59] "[36mGET /static/img/news5.png HTTP/1.1[0m" 304 -
[2024-01-25 16:19:59,393] INFO in _internal: 127.0.0.1 - - [25/Jan/2024 16:19:59] "[36mGET /static/img/news6.png HTTP/1.1[0m" 304 -
[2024-01-25 16:19:59,397] INFO in _internal: 127.0.0.1 - - [25/Jan/2024 16:19:59] "[36mGET /static/img/donggu.png HTTP/1.1[0m" 304 -
[2024-01-25 16:20:06,700] INFO in _internal: 127.0.0.1 - - [25/Jan/2024 16:20:06] "GET /news HTTP/1.1" 200 -
[2024-01-25 16:20:06,715] INFO in _internal: 127.0.0.1 - - [25/Jan/2024 16:20:06] "GET /static/css/news.css HTTP/1.1" 200 -
[2024-01-25 16:20:06,724] INFO in _internal: 127.0.0.1 - - [25/Jan/2024 16:20:06] "[36mGET /static/img/news1.png HTTP/1.1[0m" 304 -
[2024-01-25 16:20:06,724] INFO in _internal: 127.0.0.1 - - [25/Jan/2024 16:20:06] "[36mGET /static/img/0.png HTTP/1.1[0m" 304 -
[2024-01-25 16:20:06,728] INFO in _internal: 127.0.0.1 - - [25/Jan/2024 16:20:06] "[36mGET /static/img/news2.png HTTP/1.1[0m" 304 -
[2024-01-25 16:20:06,737] INFO in _internal: 127.0.0.1 - - [25/Jan/2024 16:20:06] "[36mGET /static/img/news3.png HTTP/1.1[0m" 304 -
[2024-01-25 16:20:06,739] INFO in _internal: 127.0.0.1 - - [25/Jan/2024 16:20:06] "[36mGET /static/img/news4.png HTTP/1.1[0m" 304 -
[2024-01-25 16:20:06,742] INFO in _internal: 127.0.0.1 - - [25/Jan/2024 16:20:06] "[36mGET /static/js/news.js HTTP/1.1[0m" 304 -
[2024-01-25 16:20:06,749] INFO in _internal: 127.0.0.1 - - [25/Jan/2024 16:20:06] "[36mGET /static/img/news5.png HTTP/1.1[0m" 304 -
[2024-01-25 16:20:06,752] INFO in _internal: 127.0.0.1 - - [25/Jan/2024 16:20:06] "[36mGET /static/img/donggu.png HTTP/1.1[0m" 304 -
[2024-01-25 16:20:06,757] INFO in _internal: 127.0.0.1 - - [25/Jan/2024 16:20:06] "[36mGET /static/img/news6.png HTTP/1.1[0m" 304 -
[2024-01-25 16:20:38,529] INFO in _internal: 127.0.0.1 - - [25/Jan/2024 16:20:38] "GET /news HTTP/1.1" 200 -
[2024-01-25 16:20:38,543] INFO in _internal: 127.0.0.1 - - [25/Jan/2024 16:20:38] "GET /static/css/news.css HTTP/1.1" 200 -
[2024-01-25 16:20:38,558] INFO in _internal: 127.0.0.1 - - [25/Jan/2024 16:20:38] "[36mGET /static/img/0.png HTTP/1.1[0m" 304 -
[2024-01-25 16:20:38,560] INFO in _internal: 127.0.0.1 - - [25/Jan/2024 16:20:38] "[36mGET /static/img/news1.png HTTP/1.1[0m" 304 -
[2024-01-25 16:20:38,560] INFO in _internal: 127.0.0.1 - - [25/Jan/2024 16:20:38] "[36mGET /static/img/news2.png HTTP/1.1[0m" 304 -
[2024-01-25 16:20:38,564] INFO in _internal: 127.0.0.1 - - [25/Jan/2024 16:20:38] "[36mGET /static/js/news.js HTTP/1.1[0m" 304 -
[2024-01-25 16:20:38,569] INFO in _internal: 127.0.0.1 - - [25/Jan/2024 16:20:38] "[36mGET /static/img/news4.png HTTP/1.1[0m" 304 -
[2024-01-25 16:20:38,569] INFO in _internal: 127.0.0.1 - - [25/Jan/2024 16:20:38] "[36mGET /static/img/news3.png HTTP/1.1[0m" 304 -
[2024-01-25 16:20:38,576] INFO in _internal: 127.0.0.1 - - [25/Jan/2024 16:20:38] "[36mGET /static/img/donggu.png HTTP/1.1[0m" 304 -
[2024-01-25 16:20:38,584] INFO in _internal: 127.0.0.1 - - [25/Jan/2024 16:20:38] "[36mGET /static/img/news5.png HTTP/1.1[0m" 304 -
[2024-01-25 16:20:38,588] INFO in _internal: 127.0.0.1 - - [25/Jan/2024 16:20:38] "[36mGET /static/img/news6.png HTTP/1.1[0m" 304 -
[2024-01-25 16:22:38,150] INFO in _internal: 127.0.0.1 - - [25/Jan/2024 16:22:38] "GET /info HTTP/1.1" 200 -
[2024-01-25 16:22:38,180] INFO in _internal: 127.0.0.1 - - [25/Jan/2024 16:22:38] "GET /static/css/info.css HTTP/1.1" 200 -
[2024-01-25 16:22:38,180] INFO in _internal: 127.0.0.1 - - [25/Jan/2024 16:22:38] "GET /static/img/logo.png HTTP/1.1" 200 -
[2024-01-25 16:22:38,182] INFO in _internal: 127.0.0.1 - - [25/Jan/2024 16:22:38] "GET /static/js/info.js HTTP/1.1" 200 -
[2024-01-25 16:22:38,299] INFO in _internal: 127.0.0.1 - - [25/Jan/2024 16:22:38] "GET /static/img/img-1.png HTTP/1.1" 200 -
[2024-01-25 16:22:38,301] INFO in _internal: 127.0.0.1 - - [25/Jan/2024 16:22:38] "GET /static/img/img-2.png HTTP/1.1" 200 -
[2024-01-25 16:22:38,302] INFO in _internal: 127.0.0.1 - - [25/Jan/2024 16:22:38] "GET /static/img/img-5.png HTTP/1.1" 200 -
[2024-01-25 16:22:38,302] INFO in _internal: 127.0.0.1 - - [25/Jan/2024 16:22:38] "GET /static/img/img-3.png HTTP/1.1" 200 -
[2024-01-25 16:22:38,303] INFO in _internal: 127.0.0.1 - - [25/Jan/2024 16:22:38] "GET /static/img/img-4.png HTTP/1.1" 200 -
[2024-01-25 16:22:38,304] INFO in _internal: 127.0.0.1 - - [25/Jan/2024 16:22:38] "GET /static/img/img-6.png HTTP/1.1" 200 -
[2024-01-25 16:22:38,368] INFO in _internal: 127.0.0.1 - - [25/Jan/2024 16:22:38] "GET /static/img/img-7.png HTTP/1.1" 200 -
[2024-01-25 16:22:38,369] INFO in _internal: 127.0.0.1 - - [25/Jan/2024 16:22:38] "GET /static/img/img-8.png HTTP/1.1" 200 -
[2024-01-25 16:22:38,391] INFO in _internal: 127.0.0.1 - - [25/Jan/2024 16:22:38] "GET /static/img/img-9.png HTTP/1.1" 200 -
[2024-01-25 16:22:38,392] INFO in _internal: 127.0.0.1 - - [25/Jan/2024 16:22:38] "GET /static/img/img-10.png HTTP/1.1" 200 -
[2024-01-25 16:22:38,392] INFO in _internal: 127.0.0.1 - - [25/Jan/2024 16:22:38] "GET /static/img/img-11.png HTTP/1.1" 200 -
[2024-01-25 16:22:38,403] INFO in _internal: 127.0.0.1 - - [25/Jan/2024 16:22:38] "GET /static/img/img-12.png HTTP/1.1" 200 -
[2024-01-25 16:22:38,432] INFO in _internal: 127.0.0.1 - - [25/Jan/2024 16:22:38] "GET /static/img/img-13.png HTTP/1.1" 200 -
[2024-01-25 16:22:38,440] INFO in _internal: 127.0.0.1 - - [25/Jan/2024 16:22:38] "GET /static/img/img-14.png HTTP/1.1" 200 -
[2024-01-25 16:22:38,455] INFO in _internal: 127.0.0.1 - - [25/Jan/2024 16:22:38] "GET /static/img/img-45.png HTTP/1.1" 200 -
[2024-01-25 16:22:38,463] INFO in _internal: 127.0.0.1 - - [25/Jan/2024 16:22:38] "GET /static/img/img-46.png HTTP/1.1" 200 -
[2024-01-25 16:22:38,484] INFO in _internal: 127.0.0.1 - - [25/Jan/2024 16:22:38] "GET /static/img/img-47.png HTTP/1.1" 200 -
[2024-01-25 16:22:38,518] INFO in _internal: 127.0.0.1 - - [25/Jan/2024 16:22:38] "GET /static/img/img-15.png HTTP/1.1" 200 -
[2024-01-25 16:22:38,540] INFO in _internal: 127.0.0.1 - - [25/Jan/2024 16:22:38] "GET /static/img/img-16.png HTTP/1.1" 200 -
[2024-01-25 16:22:38,560] INFO in _internal: 127.0.0.1 - - [25/Jan/2024 16:22:38] "GET /static/img/img-17.png HTTP/1.1" 200 -
[2024-01-25 16:22:38,566] INFO in _internal: 127.0.0.1 - - [25/Jan/2024 16:22:38] "GET /static/img/img-18.png HTTP/1.1" 200 -
[2024-01-25 16:22:38,572] INFO in _internal: 127.0.0.1 - - [25/Jan/2024 16:22:38] "GET /static/img/img-19.png HTTP/1.1" 200 -
[2024-01-25 16:22:38,582] INFO in _internal: 127.0.0.1 - - [25/Jan/2024 16:22:38] "GET /static/img/img-20.png HTTP/1.1" 200 -
[2024-01-25 16:22:38,584] INFO in _internal: 127.0.0.1 - - [25/Jan/2024 16:22:38] "GET /static/img/img-21.png HTTP/1.1" 200 -
[2024-01-25 16:22:38,593] INFO in _internal: 127.0.0.1 - - [25/Jan/2024 16:22:38] "GET /static/img/img-22.png HTTP/1.1" 200 -
[2024-01-25 16:22:38,606] INFO in _internal: 127.0.0.1 - - [25/Jan/2024 16:22:38] "GET /static/img/img-23.png HTTP/1.1" 200 -
[2024-01-25 16:22:38,614] INFO in _internal: 127.0.0.1 - - [25/Jan/2024 16:22:38] "GET /static/img/img-24.png HTTP/1.1" 200 -
[2024-01-25 16:22:38,618] INFO in _internal: 127.0.0.1 - - [25/Jan/2024 16:22:38] "GET /static/img/img-25.png HTTP/1.1" 200 -
[2024-01-25 16:22:38,625] INFO in _internal: 127.0.0.1 - - [25/Jan/2024 16:22:38] "GET /static/img/img-26.png HTTP/1.1" 200 -
[2024-01-25 16:22:38,644] INFO in _internal: 127.0.0.1 - - [25/Jan/2024 16:22:38] "GET /static/img/img-27.png HTTP/1.1" 200 -
[2024-01-25 16:22:38,662] INFO in _internal: 127.0.0.1 - - [25/Jan/2024 16:22:38] "GET /static/img/img-28.png HTTP/1.1" 200 -
[2024-01-25 16:22:38,668] INFO in _internal: 127.0.0.1 - - [25/Jan/2024 16:22:38] "GET /static/img/img-29.png HTTP/1.1" 200 -
[2024-01-25 16:22:38,680] INFO in _internal: 127.0.0.1 - - [25/Jan/2024 16:22:38] "GET /static/img/img-30.png HTTP/1.1" 200 -
[2024-01-25 16:22:38,684] INFO in _internal: 127.0.0.1 - - [25/Jan/2024 16:22:38] "GET /static/img/img-31.png HTTP/1.1" 200 -
[2024-01-25 16:22:38,702] INFO in _internal: 127.0.0.1 - - [25/Jan/2024 16:22:38] "GET /static/img/img-32.png HTTP/1.1" 200 -
[2024-01-25 16:22:38,704] INFO in _internal: 127.0.0.1 - - [25/Jan/2024 16:22:38] "GET /static/img/img-33.png HTTP/1.1" 200 -
[2024-01-25 16:22:38,708] INFO in _internal: 127.0.0.1 - - [25/Jan/2024 16:22:38] "GET /static/img/img-34.png HTTP/1.1" 200 -
[2024-01-25 16:22:38,714] INFO in _internal: 127.0.0.1 - - [25/Jan/2024 16:22:38] "GET /static/img/img-35.png HTTP/1.1" 200 -
[2024-01-25 16:22:38,726] INFO in _internal: 127.0.0.1 - - [25/Jan/2024 16:22:38] "GET /static/img/img-36.png HTTP/1.1" 200 -
[2024-01-25 16:22:38,741] INFO in _internal: 127.0.0.1 - - [25/Jan/2024 16:22:38] "GET /static/img/img-37.png HTTP/1.1" 200 -
[2024-01-25 16:22:38,747] INFO in _internal: 127.0.0.1 - - [25/Jan/2024 16:22:38] "GET /static/img/img-38.png HTTP/1.1" 200 -
[2024-01-25 16:22:38,761] INFO in _internal: 127.0.0.1 - - [25/Jan/2024 16:22:38] "GET /static/img/img-39.png HTTP/1.1" 200 -
[2024-01-25 16:22:38,767] INFO in _internal: 127.0.0.1 - - [25/Jan/2024 16:22:38] "GET /static/img/img-40.png HTTP/1.1" 200 -
[2024-01-25 16:22:38,772] INFO in _internal: 127.0.0.1 - - [25/Jan/2024 16:22:38] "GET /static/img/img-41.png HTTP/1.1" 200 -
[2024-01-25 16:22:38,775] INFO in _internal: 127.0.0.1 - - [25/Jan/2024 16:22:38] "GET /static/img/img-42.png HTTP/1.1" 200 -
[2024-01-25 16:22:38,803] INFO in _internal: 127.0.0.1 - - [25/Jan/2024 16:22:38] "GET /static/img/img-44.png HTTP/1.1" 200 -
[2024-01-25 16:22:38,803] INFO in _internal: 127.0.0.1 - - [25/Jan/2024 16:22:38] "GET /static/img/img-43.png HTTP/1.1" 200 -
[2024-01-25 16:22:38,808] INFO in _internal: 127.0.0.1 - - [25/Jan/2024 16:22:38] "GET /static/img/img-48.png HTTP/1.1" 200 -
[2024-01-25 16:22:38,816] INFO in _internal: 127.0.0.1 - - [25/Jan/2024 16:22:38] "GET /static/img/img-49.png HTTP/1.1" 200 -
[2024-01-25 16:22:38,816] INFO in _internal: 127.0.0.1 - - [25/Jan/2024 16:22:38] "GET /static/img/img-50.png HTTP/1.1" 200 -
[2024-01-25 16:22:38,818] INFO in _internal: 127.0.0.1 - - [25/Jan/2024 16:22:38] "GET /static/img/img-51.png HTTP/1.1" 200 -
[2024-01-25 16:22:38,848] INFO in _internal: 127.0.0.1 - - [25/Jan/2024 16:22:38] "GET /static/img/img-52.png HTTP/1.1" 200 -
[2024-01-25 16:22:38,859] INFO in _internal: 127.0.0.1 - - [25/Jan/2024 16:22:38] "GET /static/img/img-53.png HTTP/1.1" 200 -
[2024-01-25 16:22:38,867] INFO in _internal: 127.0.0.1 - - [25/Jan/2024 16:22:38] "GET /static/img/img-54.png HTTP/1.1" 200 -
[2024-01-25 16:22:38,871] INFO in _internal: 127.0.0.1 - - [25/Jan/2024 16:22:38] "GET /static/img/img-55.png HTTP/1.1" 200 -
[2024-01-25 16:22:38,875] INFO in _internal: 127.0.0.1 - - [25/Jan/2024 16:22:38] "GET /static/img/img-56.png HTTP/1.1" 200 -
[2024-01-25 16:22:38,876] INFO in _internal: 127.0.0.1 - - [25/Jan/2024 16:22:38] "GET /static/img/img-57.png HTTP/1.1" 200 -
[2024-01-25 16:22:38,898] INFO in _internal: 127.0.0.1 - - [25/Jan/2024 16:22:38] "GET /static/img/img-58.png HTTP/1.1" 200 -
[2024-01-25 16:22:38,916] INFO in _internal: 127.0.0.1 - - [25/Jan/2024 16:22:38] "GET /static/img/img-59.png HTTP/1.1" 200 -
[2024-01-25 16:22:38,925] INFO in _internal: 127.0.0.1 - - [25/Jan/2024 16:22:38] "GET /static/img/img-60.png HTTP/1.1" 200 -
[2024-01-25 16:22:38,928] INFO in _internal: 127.0.0.1 - - [25/Jan/2024 16:22:38] "GET /static/img/img-61.png HTTP/1.1" 200 -
[2024-01-25 16:22:38,931] INFO in _internal: 127.0.0.1 - - [25/Jan/2024 16:22:38] "GET /static/img/img-62.png HTTP/1.1" 200 -
[2024-01-25 16:22:38,931] INFO in _internal: 127.0.0.1 - - [25/Jan/2024 16:22:38] "GET /static/img/img-63.png HTTP/1.1" 200 -
[2024-01-25 16:22:38,958] INFO in _internal: 127.0.0.1 - - [25/Jan/2024 16:22:38] "GET /static/img/img-64.png HTTP/1.1" 200 -
[2024-01-25 16:22:38,962] INFO in _internal: 127.0.0.1 - - [25/Jan/2024 16:22:38] "GET /static/img/img-65.png HTTP/1.1" 200 -
[2024-01-25 16:22:38,970] INFO in _internal: 127.0.0.1 - - [25/Jan/2024 16:22:38] "GET /static/img/img-66.png HTTP/1.1" 200 -
[2024-01-25 16:22:38,973] INFO in _internal: 127.0.0.1 - - [25/Jan/2024 16:22:38] "GET /static/img/img-67.png HTTP/1.1" 200 -
[2024-01-25 16:22:38,976] INFO in _internal: 127.0.0.1 - - [25/Jan/2024 16:22:38] "GET /static/img/img-68.png HTTP/1.1" 200 -
[2024-01-25 16:22:38,998] INFO in _internal: 127.0.0.1 - - [25/Jan/2024 16:22:38] "GET /static/img/img-69.png HTTP/1.1" 200 -
[2024-01-25 16:22:39,014] INFO in _internal: 127.0.0.1 - - [25/Jan/2024 16:22:39] "GET /static/img/img-70.png HTTP/1.1" 200 -
[2024-01-25 16:22:39,020] INFO in _internal: 127.0.0.1 - - [25/Jan/2024 16:22:39] "GET /static/img/img-71.png HTTP/1.1" 200 -
[2024-01-25 16:22:39,030] INFO in _internal: 127.0.0.1 - - [25/Jan/2024 16:22:39] "GET /static/img/img-72.png HTTP/1.1" 200 -
[2024-01-25 16:22:39,030] INFO in _internal: 127.0.0.1 - - [25/Jan/2024 16:22:39] "GET /static/img/img-73.png HTTP/1.1" 200 -
[2024-01-25 16:22:39,032] INFO in _internal: 127.0.0.1 - - [25/Jan/2024 16:22:39] "GET /static/img/img-74.png HTTP/1.1" 200 -
[2024-01-25 16:22:39,042] INFO in _internal: 127.0.0.1 - - [25/Jan/2024 16:22:39] "GET /static/img/img-75.png HTTP/1.1" 200 -
[2024-01-25 16:22:39,066] INFO in _internal: 127.0.0.1 - - [25/Jan/2024 16:22:39] "GET /static/img/img-76.png HTTP/1.1" 200 -
[2024-01-25 16:22:39,074] INFO in _internal: 127.0.0.1 - - [25/Jan/2024 16:22:39] "GET /static/img/img-77.png HTTP/1.1" 200 -
[2024-01-25 16:22:39,078] INFO in _internal: 127.0.0.1 - - [25/Jan/2024 16:22:39] "GET /static/img/img-78.png HTTP/1.1" 200 -
[2024-01-25 16:22:39,089] INFO in _internal: 127.0.0.1 - - [25/Jan/2024 16:22:39] "GET /static/img/img-79.png HTTP/1.1" 200 -
[2024-01-25 16:22:39,092] INFO in _internal: 127.0.0.1 - - [25/Jan/2024 16:22:39] "GET /static/img/img-80.png HTTP/1.1" 200 -
[2024-01-25 16:22:39,094] INFO in _internal: 127.0.0.1 - - [25/Jan/2024 16:22:39] "GET /static/img/img-81.png HTTP/1.1" 200 -
[2024-01-25 16:22:39,120] INFO in _internal: 127.0.0.1 - - [25/Jan/2024 16:22:39] "GET /static/img/img-82.png HTTP/1.1" 200 -
[2024-01-25 16:22:39,127] INFO in _internal: 127.0.0.1 - - [25/Jan/2024 16:22:39] "GET /static/img/img-83.png HTTP/1.1" 200 -
[2024-01-25 16:22:39,130] INFO in _internal: 127.0.0.1 - - [25/Jan/2024 16:22:39] "GET /static/img/img-84.png HTTP/1.1" 200 -
[2024-01-25 16:22:39,143] INFO in _internal: 127.0.0.1 - - [25/Jan/2024 16:22:39] "GET /static/img/img-85.png HTTP/1.1" 200 -
[2024-01-25 16:22:39,145] INFO in _internal: 127.0.0.1 - - [25/Jan/2024 16:22:39] "GET /static/img/img-86.png HTTP/1.1" 200 -
[2024-01-25 16:22:39,147] INFO in _internal: 127.0.0.1 - - [25/Jan/2024 16:22:39] "GET /static/img/img-87.png HTTP/1.1" 200 -
[2024-01-25 16:22:39,181] INFO in _internal: 127.0.0.1 - - [25/Jan/2024 16:22:39] "GET /static/img/img-88.png HTTP/1.1" 200 -
[2024-01-25 16:22:39,182] INFO in _internal: 127.0.0.1 - - [25/Jan/2024 16:22:39] "GET /static/img/img-89.png HTTP/1.1" 200 -
[2024-01-25 16:22:39,190] INFO in _internal: 127.0.0.1 - - [25/Jan/2024 16:22:39] "GET /static/img/img-90.png HTTP/1.1" 200 -
[2024-01-25 16:22:39,203] INFO in _internal: 127.0.0.1 - - [25/Jan/2024 16:22:39] "GET /static/img/img-91.png HTTP/1.1" 200 -
[2024-01-25 16:22:39,204] INFO in _internal: 127.0.0.1 - - [25/Jan/2024 16:22:39] "GET /static/img/img-92.png HTTP/1.1" 200 -
[2024-01-25 16:22:39,206] INFO in _internal: 127.0.0.1 - - [25/Jan/2024 16:22:39] "GET /static/img/img-93.png HTTP/1.1" 200 -
[2024-01-25 16:22:39,231] INFO in _internal: 127.0.0.1 - - [25/Jan/2024 16:22:39] "GET /static/img/img-94.png HTTP/1.1" 200 -
[2024-01-25 16:22:39,239] INFO in _internal: 127.0.0.1 - - [25/Jan/2024 16:22:39] "GET /static/img/img-95.png HTTP/1.1" 200 -
[2024-01-25 16:22:39,259] INFO in _internal: 127.0.0.1 - - [25/Jan/2024 16:22:39] "GET /static/img/img-96.png HTTP/1.1" 200 -
[2024-01-25 16:22:39,261] INFO in _internal: 127.0.0.1 - - [25/Jan/2024 16:22:39] "GET /static/img/img-97.png HTTP/1.1" 200 -
[2024-01-25 16:22:39,264] INFO in _internal: 127.0.0.1 - - [25/Jan/2024 16:22:39] "GET /static/img/img-98.png HTTP/1.1" 200 -
[2024-01-25 16:22:39,273] INFO in _internal: 127.0.0.1 - - [25/Jan/2024 16:22:39] "GET /static/img/img-99.png HTTP/1.1" 200 -
[2024-01-25 16:22:39,284] INFO in _internal: 127.0.0.1 - - [25/Jan/2024 16:22:39] "GET /static/img/img-100.png HTTP/1.1" 200 -
[2024-01-25 16:22:39,298] INFO in _internal: 127.0.0.1 - - [25/Jan/2024 16:22:39] "GET /static/img/img-101.png HTTP/1.1" 200 -
[2024-01-25 16:22:39,310] INFO in _internal: 127.0.0.1 - - [25/Jan/2024 16:22:39] "GET /static/img/img-102.png HTTP/1.1" 200 -
[2024-01-25 16:22:39,327] INFO in _internal: 127.0.0.1 - - [25/Jan/2024 16:22:39] "GET /static/img/img-103.png HTTP/1.1" 200 -
[2024-01-25 16:22:39,333] INFO in _internal: 127.0.0.1 - - [25/Jan/2024 16:22:39] "GET /static/img/img-104.png HTTP/1.1" 200 -
[2024-01-25 16:22:39,341] INFO in _internal: 127.0.0.1 - - [25/Jan/2024 16:22:39] "GET /static/img/img-105.png HTTP/1.1" 200 -
[2024-01-25 16:22:39,353] INFO in _internal: 127.0.0.1 - - [25/Jan/2024 16:22:39] "GET /static/img/img-106.png HTTP/1.1" 200 -
[2024-01-25 16:22:39,376] INFO in _internal: 127.0.0.1 - - [25/Jan/2024 16:22:39] "GET /static/img/img-107.png HTTP/1.1" 200 -
[2024-01-25 16:22:39,382] INFO in _internal: 127.0.0.1 - - [25/Jan/2024 16:22:39] "GET /static/img/img-108.png HTTP/1.1" 200 -
[2024-01-25 16:22:39,386] INFO in _internal: 127.0.0.1 - - [25/Jan/2024 16:22:39] "GET /static/img/img-109.png HTTP/1.1" 200 -
[2024-01-25 16:22:39,399] INFO in _internal: 127.0.0.1 - - [25/Jan/2024 16:22:39] "GET /static/img/img-110.png HTTP/1.1" 200 -
[2024-01-25 16:22:39,411] INFO in _internal: 127.0.0.1 - - [25/Jan/2024 16:22:39] "GET /static/img/img-111.png HTTP/1.1" 200 -
[2024-01-25 16:22:39,430] INFO in _internal: 127.0.0.1 - - [25/Jan/2024 16:22:39] "GET /static/img/img-112.png HTTP/1.1" 200 -
[2024-01-25 16:22:39,437] INFO in _internal: 127.0.0.1 - - [25/Jan/2024 16:22:39] "GET /static/img/img-113.png HTTP/1.1" 200 -
[2024-01-25 16:22:39,440] INFO in _internal: 127.0.0.1 - - [25/Jan/2024 16:22:39] "GET /static/img/img-114.png HTTP/1.1" 200 -
[2024-01-25 16:22:39,455] INFO in _internal: 127.0.0.1 - - [25/Jan/2024 16:22:39] "GET /static/img/img-115.png HTTP/1.1" 200 -
[2024-01-25 16:22:39,455] INFO in _internal: 127.0.0.1 - - [25/Jan/2024 16:22:39] "GET /static/img/img-116.png HTTP/1.1" 200 -
[2024-01-25 16:22:39,463] INFO in _internal: 127.0.0.1 - - [25/Jan/2024 16:22:39] "GET /static/img/img-117.png HTTP/1.1" 200 -
[2024-01-25 16:22:39,485] INFO in _internal: 127.0.0.1 - - [25/Jan/2024 16:22:39] "GET /static/img/img-118.png HTTP/1.1" 200 -
[2024-01-25 16:22:39,496] INFO in _internal: 127.0.0.1 - - [25/Jan/2024 16:22:39] "GET /static/img/img-119.png HTTP/1.1" 200 -
[2024-01-25 16:22:39,498] INFO in _internal: 127.0.0.1 - - [25/Jan/2024 16:22:39] "GET /static/img/img-120.png HTTP/1.1" 200 -
[2024-01-25 16:22:39,504] INFO in _internal: 127.0.0.1 - - [25/Jan/2024 16:22:39] "GET /static/img/img-121.png HTTP/1.1" 200 -
[2024-01-25 16:22:39,519] INFO in _internal: 127.0.0.1 - - [25/Jan/2024 16:22:39] "GET /static/img/img-122.png HTTP/1.1" 200 -
[2024-01-25 16:22:39,521] INFO in _internal: 127.0.0.1 - - [25/Jan/2024 16:22:39] "GET /static/img/img-123.png HTTP/1.1" 200 -
[2024-01-25 16:22:39,527] INFO in _internal: 127.0.0.1 - - [25/Jan/2024 16:22:39] "GET /static/img/img-124.png HTTP/1.1" 200 -
[2024-01-25 16:22:39,545] INFO in _internal: 127.0.0.1 - - [25/Jan/2024 16:22:39] "GET /static/img/img-125.png HTTP/1.1" 200 -
[2024-01-25 16:22:39,548] INFO in _internal: 127.0.0.1 - - [25/Jan/2024 16:22:39] "GET /static/img/img-126.png HTTP/1.1" 200 -
[2024-01-25 16:22:39,559] INFO in _internal: 127.0.0.1 - - [25/Jan/2024 16:22:39] "GET /static/img/img-127.png HTTP/1.1" 200 -
[2024-01-25 16:22:39,568] INFO in _internal: 127.0.0.1 - - [25/Jan/2024 16:22:39] "GET /static/img/img-128.png HTTP/1.1" 200 -
[2024-01-25 16:22:39,571] INFO in _internal: 127.0.0.1 - - [25/Jan/2024 16:22:39] "GET /static/img/img-129.png HTTP/1.1" 200 -
[2024-01-25 16:22:39,585] INFO in _internal: 127.0.0.1 - - [25/Jan/2024 16:22:39] "GET /static/img/img-130.png HTTP/1.1" 200 -
[2024-01-25 16:22:39,592] INFO in _internal: 127.0.0.1 - - [25/Jan/2024 16:22:39] "GET /static/img/img-131.png HTTP/1.1" 200 -
[2024-01-25 16:22:39,598] INFO in _internal: 127.0.0.1 - - [25/Jan/2024 16:22:39] "GET /static/img/img-132.png HTTP/1.1" 200 -
[2024-01-25 16:22:39,607] INFO in _internal: 127.0.0.1 - - [25/Jan/2024 16:22:39] "GET /static/img/img-133.png HTTP/1.1" 200 -
[2024-01-25 16:22:39,614] INFO in _internal: 127.0.0.1 - - [25/Jan/2024 16:22:39] "GET /static/img/img-134.png HTTP/1.1" 200 -
[2024-01-25 16:22:39,619] INFO in _internal: 127.0.0.1 - - [25/Jan/2024 16:22:39] "GET /static/img/img-135.png HTTP/1.1" 200 -
[2024-01-25 16:22:39,637] INFO in _internal: 127.0.0.1 - - [25/Jan/2024 16:22:39] "GET /static/img/img-136.png HTTP/1.1" 200 -
[2024-01-25 16:22:39,647] INFO in _internal: 127.0.0.1 - - [25/Jan/2024 16:22:39] "GET /static/img/img-137.png HTTP/1.1" 200 -
[2024-01-25 16:22:39,666] INFO in _internal: 127.0.0.1 - - [25/Jan/2024 16:22:39] "GET /static/img/img-138.png HTTP/1.1" 200 -
[2024-01-25 16:22:39,669] INFO in _internal: 127.0.0.1 - - [25/Jan/2024 16:22:39] "GET /static/img/img-139.png HTTP/1.1" 200 -
[2024-01-25 16:22:39,680] INFO in _internal: 127.0.0.1 - - [25/Jan/2024 16:22:39] "GET /static/img/img-140.png HTTP/1.1" 200 -
[2024-01-25 16:22:39,689] INFO in _internal: 127.0.0.1 - - [25/Jan/2024 16:22:39] "GET /static/img/img-141.png HTTP/1.1" 200 -
[2024-01-25 16:22:39,702] INFO in _internal: 127.0.0.1 - - [25/Jan/2024 16:22:39] "GET /static/img/img-142.png HTTP/1.1" 200 -
[2024-01-25 16:22:39,710] INFO in _internal: 127.0.0.1 - - [25/Jan/2024 16:22:39] "GET /static/img/img-143.png HTTP/1.1" 200 -
[2024-01-25 16:22:39,720] INFO in _internal: 127.0.0.1 - - [25/Jan/2024 16:22:39] "GET /static/img/img-144.png HTTP/1.1" 200 -
[2024-01-25 16:22:39,726] INFO in _internal: 127.0.0.1 - - [25/Jan/2024 16:22:39] "GET /static/img/img-145.png HTTP/1.1" 200 -
[2024-01-25 16:22:39,731] INFO in _internal: 127.0.0.1 - - [25/Jan/2024 16:22:39] "GET /static/img/img-146.png HTTP/1.1" 200 -
[2024-01-25 16:22:39,746] INFO in _internal: 127.0.0.1 - - [25/Jan/2024 16:22:39] "GET /static/img/img-147.png HTTP/1.1" 200 -
[2024-01-25 16:22:39,762] INFO in _internal: 127.0.0.1 - - [25/Jan/2024 16:22:39] "GET /static/img/img-148.png HTTP/1.1" 200 -
[2024-01-25 16:22:39,777] INFO in _internal: 127.0.0.1 - - [25/Jan/2024 16:22:39] "GET /static/img/img-149.png HTTP/1.1" 200 -
[2024-01-25 16:22:39,786] INFO in _internal: 127.0.0.1 - - [25/Jan/2024 16:22:39] "GET /static/img/img-150.png HTTP/1.1" 200 -
[2024-01-25 16:22:39,794] INFO in _internal: 127.0.0.1 - - [25/Jan/2024 16:22:39] "GET /static/img/img-152.png HTTP/1.1" 200 -
[2024-01-25 16:22:39,794] INFO in _internal: 127.0.0.1 - - [25/Jan/2024 16:22:39] "GET /static/img/img-151.png HTTP/1.1" 200 -
[2024-01-25 16:22:39,803] INFO in _internal: 127.0.0.1 - - [25/Jan/2024 16:22:39] "GET /static/img/img-153.png HTTP/1.1" 200 -
[2024-01-25 16:22:39,842] INFO in _internal: 127.0.0.1 - - [25/Jan/2024 16:22:39] "GET /static/img/img-154.png HTTP/1.1" 200 -
[2024-01-25 16:22:39,847] INFO in _internal: 127.0.0.1 - - [25/Jan/2024 16:22:39] "GET /static/img/img-155.png HTTP/1.1" 200 -
[2024-01-25 16:22:39,861] INFO in _internal: 127.0.0.1 - - [25/Jan/2024 16:22:39] "GET /static/img/img-156.png HTTP/1.1" 200 -
[2024-01-25 16:22:39,863] INFO in _internal: 127.0.0.1 - - [25/Jan/2024 16:22:39] "GET /static/img/img-157.png HTTP/1.1" 200 -
[2024-01-25 16:22:39,883] INFO in _internal: 127.0.0.1 - - [25/Jan/2024 16:22:39] "GET /static/img/img-158.png HTTP/1.1" 200 -
[2024-01-25 16:22:39,889] INFO in _internal: 127.0.0.1 - - [25/Jan/2024 16:22:39] "GET /static/img/img-159.png HTTP/1.1" 200 -
[2024-01-25 16:22:39,909] INFO in _internal: 127.0.0.1 - - [25/Jan/2024 16:22:39] "GET /static/img/img-160.png HTTP/1.1" 200 -
[2024-01-25 16:22:39,914] INFO in _internal: 127.0.0.1 - - [25/Jan/2024 16:22:39] "GET /static/img/img-161.png HTTP/1.1" 200 -
[2024-01-25 16:22:39,917] INFO in _internal: 127.0.0.1 - - [25/Jan/2024 16:22:39] "GET /static/img/img-162.png HTTP/1.1" 200 -
[2024-01-25 16:22:39,934] INFO in _internal: 127.0.0.1 - - [25/Jan/2024 16:22:39] "GET /static/img/img-163.png HTTP/1.1" 200 -
[2024-01-25 16:22:39,936] INFO in _internal: 127.0.0.1 - - [25/Jan/2024 16:22:39] "GET /static/img/img-164.png HTTP/1.1" 200 -
[2024-01-25 16:22:39,942] INFO in _internal: 127.0.0.1 - - [25/Jan/2024 16:22:39] "GET /static/img/img-165.png HTTP/1.1" 200 -
[2024-01-25 16:22:39,968] INFO in _internal: 127.0.0.1 - - [25/Jan/2024 16:22:39] "GET /static/img/img-166.png HTTP/1.1" 200 -
[2024-01-25 16:22:39,973] INFO in _internal: 127.0.0.1 - - [25/Jan/2024 16:22:39] "GET /static/img/img-167.png HTTP/1.1" 200 -
[2024-01-25 16:22:39,980] INFO in _internal: 127.0.0.1 - - [25/Jan/2024 16:22:39] "GET /static/img/img-168.png HTTP/1.1" 200 -
[2024-01-25 16:22:39,989] INFO in _internal: 127.0.0.1 - - [25/Jan/2024 16:22:39] "GET /static/img/img-169.png HTTP/1.1" 200 -
[2024-01-25 16:22:39,989] INFO in _internal: 127.0.0.1 - - [25/Jan/2024 16:22:39] "GET /static/img/img-170.png HTTP/1.1" 200 -
[2024-01-25 16:22:39,994] INFO in _internal: 127.0.0.1 - - [25/Jan/2024 16:22:39] "GET /static/img/img-171.png HTTP/1.1" 200 -
[2024-01-25 16:22:40,019] INFO in _internal: 127.0.0.1 - - [25/Jan/2024 16:22:40] "GET /static/img/img-172.png HTTP/1.1" 200 -
[2024-01-25 16:22:40,021] INFO in _internal: 127.0.0.1 - - [25/Jan/2024 16:22:40] "GET /static/img/img-173.png HTTP/1.1" 200 -
[2024-01-25 16:22:40,031] INFO in _internal: 127.0.0.1 - - [25/Jan/2024 16:22:40] "GET /static/img/img-174.png HTTP/1.1" 200 -
[2024-01-25 16:22:40,032] INFO in _internal: 127.0.0.1 - - [25/Jan/2024 16:22:40] "GET /static/img/img-175.png HTTP/1.1" 200 -
[2024-01-25 16:22:40,054] INFO in _internal: 127.0.0.1 - - [25/Jan/2024 16:22:40] "GET /static/img/img-176.png HTTP/1.1" 200 -
[2024-01-25 16:22:40,055] INFO in _internal: 127.0.0.1 - - [25/Jan/2024 16:22:40] "GET /static/img/img-177.png HTTP/1.1" 200 -
[2024-01-25 16:22:40,067] INFO in _internal: 127.0.0.1 - - [25/Jan/2024 16:22:40] "GET /static/img/img-178.png HTTP/1.1" 200 -
[2024-01-25 16:22:40,070] INFO in _internal: 127.0.0.1 - - [25/Jan/2024 16:22:40] "GET /static/img/img-179.png HTTP/1.1" 200 -
[2024-01-25 16:22:40,094] INFO in _internal: 127.0.0.1 - - [25/Jan/2024 16:22:40] "GET /static/img/img-180.png HTTP/1.1" 200 -
[2024-01-25 16:22:40,099] INFO in _internal: 127.0.0.1 - - [25/Jan/2024 16:22:40] "GET /static/img/img-181.png HTTP/1.1" 200 -
[2024-01-25 16:22:40,102] INFO in _internal: 127.0.0.1 - - [25/Jan/2024 16:22:40] "GET /static/img/img-182.png HTTP/1.1" 200 -
[2024-01-25 16:22:40,126] INFO in _internal: 127.0.0.1 - - [25/Jan/2024 16:22:40] "GET /static/img/img-183.png HTTP/1.1" 200 -
[2024-01-25 16:22:40,126] INFO in _internal: 127.0.0.1 - - [25/Jan/2024 16:22:40] "GET /static/img/img-184.png HTTP/1.1" 200 -
[2024-01-25 16:22:40,130] INFO in _internal: 127.0.0.1 - - [25/Jan/2024 16:22:40] "GET /static/img/img-185.png HTTP/1.1" 200 -
[2024-01-25 16:22:40,131] INFO in _internal: 127.0.0.1 - - [25/Jan/2024 16:22:40] "GET /static/img/img-186.png HTTP/1.1" 200 -
[2024-01-25 16:22:40,135] INFO in _internal: 127.0.0.1 - - [25/Jan/2024 16:22:40] "GET /static/img/img-187.png HTTP/1.1" 200 -
[2024-01-25 16:22:40,148] INFO in _internal: 127.0.0.1 - - [25/Jan/2024 16:22:40] "GET /static/img/img-188.png HTTP/1.1" 200 -
[2024-01-25 16:22:40,173] INFO in _internal: 127.0.0.1 - - [25/Jan/2024 16:22:40] "GET /static/img/img-189.png HTTP/1.1" 200 -
[2024-01-25 16:22:40,176] INFO in _internal: 127.0.0.1 - - [25/Jan/2024 16:22:40] "GET /static/img/img-190.png HTTP/1.1" 200 -
[2024-01-25 16:22:40,186] INFO in _internal: 127.0.0.1 - - [25/Jan/2024 16:22:40] "GET /static/img/img-191.png HTTP/1.1" 200 -
[2024-01-25 16:22:40,189] INFO in _internal: 127.0.0.1 - - [25/Jan/2024 16:22:40] "GET /static/img/img-192.png HTTP/1.1" 200 -
[2024-01-25 17:05:33,565] INFO in _internal:  * Detected change in 'C:\\Users\\USER\\Desktop\\ssm_web\\app\\main.py', reloading
[2024-01-25 17:05:33,567] INFO in _internal:  * Detected change in 'C:\\Users\\USER\\Desktop\\ssm_web\\app\\main.py', reloading
[2024-01-25 17:05:34,054] INFO in _internal:  * Restarting with watchdog (windowsapi)
[2024-01-25 17:05:35,341] WARNING in _internal:  * Debugger is active!
[2024-01-25 17:05:35,356] INFO in _internal:  * Debugger PIN: 123-293-346
[2024-01-25 17:24:52,613] INFO in _internal: 127.0.0.1 - - [25/Jan/2024 17:24:52] "GET /escort HTTP/1.1" 200 -
[2024-01-25 17:24:53,205] INFO in _internal: 127.0.0.1 - - [25/Jan/2024 17:24:53] "[36mGET /static/img/logo.png HTTP/1.1[0m" 304 -
[2024-01-25 17:24:53,330] INFO in _internal: 127.0.0.1 - - [25/Jan/2024 17:24:53] "[36mGET /static/js/escort.js HTTP/1.1[0m" 304 -
[2024-01-25 17:24:53,359] INFO in _internal: 127.0.0.1 - - [25/Jan/2024 17:24:53] "[36mGET /static/img/area.png HTTP/1.1[0m" 304 -
[2024-01-25 17:24:53,375] INFO in _internal: 127.0.0.1 - - [25/Jan/2024 17:24:53] "[36mGET /static/css/escort.css HTTP/1.1[0m" 304 -
[2024-01-25 17:24:53,390] INFO in _internal: 127.0.0.1 - - [25/Jan/2024 17:24:53] "[36mGET /static/img/1.jpg HTTP/1.1[0m" 304 -
[2024-01-25 17:24:53,391] INFO in _internal: 127.0.0.1 - - [25/Jan/2024 17:24:53] "[36mGET /static/img/3.jpg HTTP/1.1[0m" 304 -
[2024-01-25 17:24:53,392] INFO in _internal: 127.0.0.1 - - [25/Jan/2024 17:24:53] "[36mGET /static/img/4.jpg HTTP/1.1[0m" 304 -
[2024-01-25 17:24:53,393] INFO in _internal: 127.0.0.1 - - [25/Jan/2024 17:24:53] "[36mGET /static/img/2.jpg HTTP/1.1[0m" 304 -
[2024-01-25 17:24:53,395] INFO in _internal: 127.0.0.1 - - [25/Jan/2024 17:24:53] "[36mGET /static/img/19.jpg HTTP/1.1[0m" 304 -
[2024-01-25 17:24:53,396] INFO in _internal: 127.0.0.1 - - [25/Jan/2024 17:24:53] "[36mGET /static/img/20.jpg HTTP/1.1[0m" 304 -
[2024-01-25 17:24:53,406] INFO in _internal: 127.0.0.1 - - [25/Jan/2024 17:24:53] "[36mGET /static/img/21.jpg HTTP/1.1[0m" 304 -
[2024-01-25 17:24:53,415] INFO in _internal: 127.0.0.1 - - [25/Jan/2024 17:24:53] "[36mGET /static/img/22.jpg HTTP/1.1[0m" 304 -
[2024-01-25 17:25:04,022] INFO in _internal: 127.0.0.1 - - [25/Jan/2024 17:25:04] "[36mGET /static/css/escort.css HTTP/1.1[0m" 304 -
[2024-01-25 17:25:39,410] INFO in _internal: 127.0.0.1 - - [25/Jan/2024 17:25:39] "GET /escort HTTP/1.1" 200 -
[2024-01-25 17:25:39,446] INFO in _internal: 127.0.0.1 - - [25/Jan/2024 17:25:39] "[36mGET /static/img/logo.png HTTP/1.1[0m" 304 -
[2024-01-25 17:25:39,453] INFO in _internal: 127.0.0.1 - - [25/Jan/2024 17:25:39] "GET /static/css/escort.css HTTP/1.1" 200 -
[2024-01-25 17:25:39,456] INFO in _internal: 127.0.0.1 - - [25/Jan/2024 17:25:39] "[36mGET /static/img/area.png HTTP/1.1[0m" 304 -
[2024-01-25 17:25:39,460] INFO in _internal: 127.0.0.1 - - [25/Jan/2024 17:25:39] "[36mGET /static/js/escort.js HTTP/1.1[0m" 304 -
[2024-01-25 17:25:39,488] INFO in _internal: 127.0.0.1 - - [25/Jan/2024 17:25:39] "[36mGET /static/img/1.jpg HTTP/1.1[0m" 304 -
[2024-01-25 17:25:39,489] INFO in _internal: 127.0.0.1 - - [25/Jan/2024 17:25:39] "[36mGET /static/img/2.jpg HTTP/1.1[0m" 304 -
[2024-01-25 17:25:39,507] INFO in _internal: 127.0.0.1 - - [25/Jan/2024 17:25:39] "[36mGET /static/img/3.jpg HTTP/1.1[0m" 304 -
[2024-01-25 17:25:39,510] INFO in _internal: 127.0.0.1 - - [25/Jan/2024 17:25:39] "[36mGET /static/img/4.jpg HTTP/1.1[0m" 304 -
[2024-01-25 17:25:39,516] INFO in _internal: 127.0.0.1 - - [25/Jan/2024 17:25:39] "[36mGET /static/img/19.jpg HTTP/1.1[0m" 304 -
[2024-01-25 17:25:39,521] INFO in _internal: 127.0.0.1 - - [25/Jan/2024 17:25:39] "[36mGET /static/img/20.jpg HTTP/1.1[0m" 304 -
[2024-01-25 17:25:39,540] INFO in _internal: 127.0.0.1 - - [25/Jan/2024 17:25:39] "[36mGET /static/img/21.jpg HTTP/1.1[0m" 304 -
[2024-01-25 17:25:39,562] INFO in _internal: 127.0.0.1 - - [25/Jan/2024 17:25:39] "[36mGET /static/img/22.jpg HTTP/1.1[0m" 304 -
[2024-01-25 17:39:04,711] INFO in _internal: 127.0.0.1 - - [25/Jan/2024 17:39:04] "GET / HTTP/1.1" 200 -
[2024-01-25 17:39:04,763] INFO in _internal: 127.0.0.1 - - [25/Jan/2024 17:39:04] "GET /static/css/templatemo-style.css HTTP/1.1" 200 -
[2024-01-25 17:39:04,767] INFO in _internal: 127.0.0.1 - - [25/Jan/2024 17:39:04] "GET /static/css/index.css HTTP/1.1" 200 -
[2024-01-25 17:39:04,775] INFO in _internal: 127.0.0.1 - - [25/Jan/2024 17:39:04] "[36mGET /static/img/logo.png HTTP/1.1[0m" 304 -
[2024-01-25 17:39:05,106] INFO in _internal: 127.0.0.1 - - [25/Jan/2024 17:39:05] "GET /sensing_data HTTP/1.1" 200 -
[2024-01-25 18:29:25,400] INFO in _internal:  * Detected change in 'C:\\Users\\USER\\Desktop\\ssm_web\\app\\main.py', reloading
[2024-01-25 18:29:25,401] INFO in _internal:  * Detected change in 'C:\\Users\\USER\\Desktop\\ssm_web\\app\\main.py', reloading
[2024-01-25 18:29:25,402] INFO in _internal:  * Detected change in 'C:\\Users\\USER\\Desktop\\ssm_web\\app\\main.py', reloading
[2024-01-25 18:29:25,866] INFO in _internal:  * Restarting with watchdog (windowsapi)
[2024-01-26 10:39:48,520] INFO in _internal: [31m[1mWARNING: This is a development server. Do not use it in a production deployment. Use a production WSGI server instead.[0m
 * Running on http://127.0.0.1:5000
[2024-01-26 10:39:48,521] INFO in _internal: [33mPress CTRL+C to quit[0m
[2024-01-26 10:39:48,551] INFO in _internal:  * Restarting with watchdog (windowsapi)
[2024-01-26 10:39:49,300] WARNING in _internal:  * Debugger is active!
[2024-01-26 10:39:49,317] INFO in _internal:  * Debugger PIN: 123-293-346
[2024-01-26 10:39:56,830] INFO in _internal: 127.0.0.1 - - [26/Jan/2024 10:39:56] "GET / HTTP/1.1" 200 -
[2024-01-26 10:39:57,417] INFO in _internal: 127.0.0.1 - - [26/Jan/2024 10:39:57] "GET /static/img/logo.png HTTP/1.1" 200 -
[2024-01-26 10:39:57,485] INFO in _internal: 127.0.0.1 - - [26/Jan/2024 10:39:57] "GET /static/css/templatemo-style.css HTTP/1.1" 200 -
[2024-01-26 10:39:57,561] INFO in _internal: 127.0.0.1 - - [26/Jan/2024 10:39:57] "GET /static/css/index.css HTTP/1.1" 200 -
[2024-01-26 10:39:57,733] INFO in _internal: 127.0.0.1 - - [26/Jan/2024 10:39:57] "[33mGET /favicon.ico HTTP/1.1[0m" 404 -
[2024-01-26 10:39:57,777] INFO in _internal: 127.0.0.1 - - [26/Jan/2024 10:39:57] "GET /sensing_data HTTP/1.1" 200 -
[2024-01-26 10:40:01,660] INFO in _internal: 127.0.0.1 - - [26/Jan/2024 10:40:01] "GET /news HTTP/1.1" 200 -
[2024-01-26 10:40:01,681] INFO in _internal: 127.0.0.1 - - [26/Jan/2024 10:40:01] "GET /static/css/news.css HTTP/1.1" 200 -
[2024-01-26 10:40:01,690] INFO in _internal: 127.0.0.1 - - [26/Jan/2024 10:40:01] "[36mGET /static/img/0.png HTTP/1.1[0m" 304 -
[2024-01-26 10:40:01,691] INFO in _internal: 127.0.0.1 - - [26/Jan/2024 10:40:01] "[36mGET /static/img/news1.png HTTP/1.1[0m" 304 -
[2024-01-26 10:40:01,701] INFO in _internal: 127.0.0.1 - - [26/Jan/2024 10:40:01] "[36mGET /static/js/news.js HTTP/1.1[0m" 304 -
[2024-01-26 10:40:01,709] INFO in _internal: 127.0.0.1 - - [26/Jan/2024 10:40:01] "[36mGET /static/img/news2.png HTTP/1.1[0m" 304 -
[2024-01-26 10:40:01,726] INFO in _internal: 127.0.0.1 - - [26/Jan/2024 10:40:01] "[36mGET /static/img/news3.png HTTP/1.1[0m" 304 -
[2024-01-26 10:40:01,739] INFO in _internal: 127.0.0.1 - - [26/Jan/2024 10:40:01] "[36mGET /static/img/news4.png HTTP/1.1[0m" 304 -
[2024-01-26 10:40:01,765] INFO in _internal: 127.0.0.1 - - [26/Jan/2024 10:40:01] "[36mGET /static/img/news5.png HTTP/1.1[0m" 304 -
[2024-01-26 10:40:01,771] INFO in _internal: 127.0.0.1 - - [26/Jan/2024 10:40:01] "[36mGET /static/img/news6.png HTTP/1.1[0m" 304 -
[2024-01-26 10:40:01,784] INFO in _internal: 127.0.0.1 - - [26/Jan/2024 10:40:01] "GET /static/img/i1.jpg HTTP/1.1" 200 -
[2024-01-26 10:40:01,803] INFO in _internal: 127.0.0.1 - - [26/Jan/2024 10:40:01] "GET /static/img/i2.jpg HTTP/1.1" 200 -
[2024-01-26 10:40:01,820] INFO in _internal: 127.0.0.1 - - [26/Jan/2024 10:40:01] "GET /static/img/i3.jpg HTTP/1.1" 200 -
[2024-01-26 10:40:01,844] INFO in _internal: 127.0.0.1 - - [26/Jan/2024 10:40:01] "[36mGET /static/img/donggu.png HTTP/1.1[0m" 304 -
[2024-01-26 10:48:37,084] INFO in _internal: 127.0.0.1 - - [26/Jan/2024 10:48:37] "GET /news HTTP/1.1" 200 -
[2024-01-26 10:48:37,103] INFO in _internal: 127.0.0.1 - - [26/Jan/2024 10:48:37] "[36mGET /static/css/news.css HTTP/1.1[0m" 304 -
[2024-01-26 10:48:37,110] INFO in _internal: 127.0.0.1 - - [26/Jan/2024 10:48:37] "[36mGET /static/img/0.png HTTP/1.1[0m" 304 -
[2024-01-26 10:48:37,112] INFO in _internal: 127.0.0.1 - - [26/Jan/2024 10:48:37] "[36mGET /static/img/news1.png HTTP/1.1[0m" 304 -
[2024-01-26 10:48:37,117] INFO in _internal: 127.0.0.1 - - [26/Jan/2024 10:48:37] "[36mGET /static/img/news2.png HTTP/1.1[0m" 304 -
[2024-01-26 10:48:37,122] INFO in _internal: 127.0.0.1 - - [26/Jan/2024 10:48:37] "[36mGET /static/img/news3.png HTTP/1.1[0m" 304 -
[2024-01-26 10:48:37,123] INFO in _internal: 127.0.0.1 - - [26/Jan/2024 10:48:37] "[36mGET /static/img/news4.png HTTP/1.1[0m" 304 -
[2024-01-26 10:48:37,124] INFO in _internal: 127.0.0.1 - - [26/Jan/2024 10:48:37] "[36mGET /static/js/news.js HTTP/1.1[0m" 304 -
[2024-01-26 10:48:37,128] INFO in _internal: 127.0.0.1 - - [26/Jan/2024 10:48:37] "[36mGET /static/img/news5.png HTTP/1.1[0m" 304 -
[2024-01-26 10:48:37,134] INFO in _internal: 127.0.0.1 - - [26/Jan/2024 10:48:37] "[36mGET /static/img/news6.png HTTP/1.1[0m" 304 -
[2024-01-26 10:48:37,139] INFO in _internal: 127.0.0.1 - - [26/Jan/2024 10:48:37] "GET /static/img/news7.png HTTP/1.1" 200 -
[2024-01-26 10:48:37,143] INFO in _internal: 127.0.0.1 - - [26/Jan/2024 10:48:37] "[36mGET /static/img/donggu.png HTTP/1.1[0m" 304 -
[2024-01-26 10:48:37,149] INFO in _internal: 127.0.0.1 - - [26/Jan/2024 10:48:37] "GET /static/img/news8.png HTTP/1.1" 200 -
[2024-01-26 10:48:37,152] INFO in _internal: 127.0.0.1 - - [26/Jan/2024 10:48:37] "GET /static/img/news9.png HTTP/1.1" 200 -
[2024-01-26 13:48:00,562] INFO in _internal: 127.0.0.1 - - [26/Jan/2024 13:48:00] "GET / HTTP/1.1" 200 -
[2024-01-26 13:48:00,582] INFO in _internal: 127.0.0.1 - - [26/Jan/2024 13:48:00] "[36mGET /static/css/templatemo-style.css HTTP/1.1[0m" 304 -
[2024-01-26 13:48:00,601] INFO in _internal: 127.0.0.1 - - [26/Jan/2024 13:48:00] "[36mGET /static/css/index.css HTTP/1.1[0m" 304 -
[2024-01-26 13:48:00,608] INFO in _internal: 127.0.0.1 - - [26/Jan/2024 13:48:00] "GET /static/img/logo.png HTTP/1.1" 200 -
[2024-01-26 13:48:00,872] INFO in _internal: 127.0.0.1 - - [26/Jan/2024 13:48:00] "GET /sensing_data HTTP/1.1" 200 -
[2024-01-26 13:48:03,027] INFO in _internal: 127.0.0.1 - - [26/Jan/2024 13:48:03] "GET /news HTTP/1.1" 200 -
[2024-01-26 13:48:03,043] INFO in _internal: 127.0.0.1 - - [26/Jan/2024 13:48:03] "[36mGET /static/css/news.css HTTP/1.1[0m" 304 -
[2024-01-26 13:48:03,048] INFO in _internal: 127.0.0.1 - - [26/Jan/2024 13:48:03] "[36mGET /static/img/0.png HTTP/1.1[0m" 304 -
[2024-01-26 13:48:03,058] INFO in _internal: 127.0.0.1 - - [26/Jan/2024 13:48:03] "[36mGET /static/img/news1.png HTTP/1.1[0m" 304 -
[2024-01-26 13:48:03,077] INFO in _internal: 127.0.0.1 - - [26/Jan/2024 13:48:03] "[36mGET /static/js/news.js HTTP/1.1[0m" 304 -
[2024-01-26 13:48:03,079] INFO in _internal: 127.0.0.1 - - [26/Jan/2024 13:48:03] "[36mGET /static/img/news2.png HTTP/1.1[0m" 304 -
[2024-01-26 13:48:03,095] INFO in _internal: 127.0.0.1 - - [26/Jan/2024 13:48:03] "[36mGET /static/img/news3.png HTTP/1.1[0m" 304 -
[2024-01-26 13:48:03,118] INFO in _internal: 127.0.0.1 - - [26/Jan/2024 13:48:03] "[36mGET /static/img/news4.png HTTP/1.1[0m" 304 -
[2024-01-26 13:48:03,132] INFO in _internal: 127.0.0.1 - - [26/Jan/2024 13:48:03] "[36mGET /static/img/news5.png HTTP/1.1[0m" 304 -
[2024-01-26 13:48:03,149] INFO in _internal: 127.0.0.1 - - [26/Jan/2024 13:48:03] "[36mGET /static/img/news6.png HTTP/1.1[0m" 304 -
[2024-01-26 13:48:03,161] INFO in _internal: 127.0.0.1 - - [26/Jan/2024 13:48:03] "GET /static/img/news7.png HTTP/1.1" 200 -
[2024-01-26 13:48:03,186] INFO in _internal: 127.0.0.1 - - [26/Jan/2024 13:48:03] "GET /static/img/news8.png HTTP/1.1" 200 -
[2024-01-26 13:48:03,236] INFO in _internal: 127.0.0.1 - - [26/Jan/2024 13:48:03] "GET /static/img/news9.png HTTP/1.1" 200 -
[2024-01-26 13:48:03,408] INFO in _internal: 127.0.0.1 - - [26/Jan/2024 13:48:03] "[36mGET /static/img/donggu.png HTTP/1.1[0m" 304 -
[2024-01-29 11:02:45,944] INFO in _internal: [31m[1mWARNING: This is a development server. Do not use it in a production deployment. Use a production WSGI server instead.[0m
 * Running on http://127.0.0.1:5000
[2024-01-29 11:02:45,945] INFO in _internal: [33mPress CTRL+C to quit[0m
[2024-01-29 11:02:45,975] INFO in _internal:  * Restarting with watchdog (windowsapi)
[2024-01-29 11:02:46,705] WARNING in _internal:  * Debugger is active!
[2024-01-29 11:02:46,723] INFO in _internal:  * Debugger PIN: 123-293-346
[2024-01-29 11:02:51,972] INFO in _internal: 127.0.0.1 - - [29/Jan/2024 11:02:51] "GET / HTTP/1.1" 200 -
[2024-01-29 11:02:52,434] INFO in _internal: 127.0.0.1 - - [29/Jan/2024 11:02:52] "[36mGET /static/css/templatemo-style.css HTTP/1.1[0m" 304 -
[2024-01-29 11:02:52,562] INFO in _internal: 127.0.0.1 - - [29/Jan/2024 11:02:52] "[36mGET /static/css/index.css HTTP/1.1[0m" 304 -
[2024-01-29 11:02:52,696] INFO in _internal: 127.0.0.1 - - [29/Jan/2024 11:02:52] "[36mGET /static/img/logo.png HTTP/1.1[0m" 304 -
[2024-01-29 11:02:52,704] INFO in _internal: 127.0.0.1 - - [29/Jan/2024 11:02:52] "[33mGET /favicon.ico HTTP/1.1[0m" 404 -
[2024-01-29 11:02:52,789] INFO in _internal: 127.0.0.1 - - [29/Jan/2024 11:02:52] "GET /sensing_data HTTP/1.1" 200 -
[2024-01-29 11:02:54,307] INFO in _internal: 127.0.0.1 - - [29/Jan/2024 11:02:54] "GET /escort HTTP/1.1" 200 -
[2024-01-29 11:02:54,338] INFO in _internal: 127.0.0.1 - - [29/Jan/2024 11:02:54] "[36mGET /static/img/logo.png HTTP/1.1[0m" 304 -
[2024-01-29 11:02:54,339] INFO in _internal: 127.0.0.1 - - [29/Jan/2024 11:02:54] "[36mGET /static/css/escort.css HTTP/1.1[0m" 304 -
[2024-01-29 11:02:54,347] INFO in _internal: 127.0.0.1 - - [29/Jan/2024 11:02:54] "[36mGET /static/img/area.png HTTP/1.1[0m" 304 -
[2024-01-29 11:02:54,361] INFO in _internal: 127.0.0.1 - - [29/Jan/2024 11:02:54] "[36mGET /static/js/escort.js HTTP/1.1[0m" 304 -
[2024-01-29 11:02:54,379] INFO in _internal: 127.0.0.1 - - [29/Jan/2024 11:02:54] "[36mGET /static/img/1.jpg HTTP/1.1[0m" 304 -
[2024-01-29 11:02:54,380] INFO in _internal: 127.0.0.1 - - [29/Jan/2024 11:02:54] "[36mGET /static/img/3.jpg HTTP/1.1[0m" 304 -
[2024-01-29 11:02:54,383] INFO in _internal: 127.0.0.1 - - [29/Jan/2024 11:02:54] "[36mGET /static/img/19.jpg HTTP/1.1[0m" 304 -
[2024-01-29 11:02:54,393] INFO in _internal: 127.0.0.1 - - [29/Jan/2024 11:02:54] "[36mGET /static/img/20.jpg HTTP/1.1[0m" 304 -
[2024-01-29 11:02:54,394] INFO in _internal: 127.0.0.1 - - [29/Jan/2024 11:02:54] "[36mGET /static/img/4.jpg HTTP/1.1[0m" 304 -
[2024-01-29 11:02:54,396] INFO in _internal: 127.0.0.1 - - [29/Jan/2024 11:02:54] "[36mGET /static/img/2.jpg HTTP/1.1[0m" 304 -
[2024-01-29 11:02:54,400] INFO in _internal: 127.0.0.1 - - [29/Jan/2024 11:02:54] "[36mGET /static/img/21.jpg HTTP/1.1[0m" 304 -
[2024-01-29 11:02:54,403] INFO in _internal: 127.0.0.1 - - [29/Jan/2024 11:02:54] "[36mGET /static/img/22.jpg HTTP/1.1[0m" 304 -
[2024-01-29 11:02:57,106] INFO in _internal: 127.0.0.1 - - [29/Jan/2024 11:02:57] "GET /info HTTP/1.1" 200 -
[2024-01-29 11:02:57,130] INFO in _internal: 127.0.0.1 - - [29/Jan/2024 11:02:57] "GET /static/css/info.css HTTP/1.1" 200 -
[2024-01-29 11:02:57,133] INFO in _internal: 127.0.0.1 - - [29/Jan/2024 11:02:57] "[36mGET /static/img/logo.png HTTP/1.1[0m" 304 -
[2024-01-29 11:02:57,149] INFO in _internal: 127.0.0.1 - - [29/Jan/2024 11:02:57] "GET /static/js/info.js HTTP/1.1" 200 -
[2024-01-29 11:02:57,172] INFO in _internal: 127.0.0.1 - - [29/Jan/2024 11:02:57] "GET /static/img/img-4.png HTTP/1.1" 200 -
[2024-01-29 11:02:57,173] INFO in _internal: 127.0.0.1 - - [29/Jan/2024 11:02:57] "GET /static/img/img-5.png HTTP/1.1" 200 -
[2024-01-29 11:02:57,187] INFO in _internal: 127.0.0.1 - - [29/Jan/2024 11:02:57] "GET /static/img/img-3.png HTTP/1.1" 200 -
[2024-01-29 11:02:57,199] INFO in _internal: 127.0.0.1 - - [29/Jan/2024 11:02:57] "GET /static/img/img-2.png HTTP/1.1" 200 -
[2024-01-29 11:02:57,223] INFO in _internal: 127.0.0.1 - - [29/Jan/2024 11:02:57] "GET /static/img/img-8.png HTTP/1.1" 200 -
[2024-01-29 11:02:57,234] INFO in _internal: 127.0.0.1 - - [29/Jan/2024 11:02:57] "GET /static/img/img-7.png HTTP/1.1" 200 -
[2024-01-29 11:02:57,249] INFO in _internal: 127.0.0.1 - - [29/Jan/2024 11:02:57] "GET /static/img/img-9.png HTTP/1.1" 200 -
[2024-01-29 11:02:57,283] INFO in _internal: 127.0.0.1 - - [29/Jan/2024 11:02:57] "GET /static/img/img-47.png HTTP/1.1" 200 -
[2024-01-29 11:02:57,285] INFO in _internal: 127.0.0.1 - - [29/Jan/2024 11:02:57] "GET /static/img/img-49.png HTTP/1.1" 200 -
[2024-01-29 11:02:57,335] INFO in _internal: 127.0.0.1 - - [29/Jan/2024 11:02:57] "GET /static/img/img-50.png HTTP/1.1" 200 -
[2024-01-29 11:02:57,339] INFO in _internal: 127.0.0.1 - - [29/Jan/2024 11:02:57] "GET /static/img/img-45.png HTTP/1.1" 200 -
[2024-01-29 11:02:57,381] INFO in _internal: 127.0.0.1 - - [29/Jan/2024 11:02:57] "GET /static/img/img-48.png HTTP/1.1" 200 -
[2024-01-29 11:02:57,385] INFO in _internal: 127.0.0.1 - - [29/Jan/2024 11:02:57] "GET /static/img/img-10.png HTTP/1.1" 200 -
[2024-01-29 11:02:57,404] INFO in _internal: 127.0.0.1 - - [29/Jan/2024 11:02:57] "GET /static/img/img-11.png HTTP/1.1" 200 -
[2024-01-29 11:02:57,418] INFO in _internal: 127.0.0.1 - - [29/Jan/2024 11:02:57] "GET /static/img/img-12.png HTTP/1.1" 200 -
[2024-01-29 11:02:57,430] INFO in _internal: 127.0.0.1 - - [29/Jan/2024 11:02:57] "GET /static/img/img-13.png HTTP/1.1" 200 -
[2024-01-29 11:02:57,443] INFO in _internal: 127.0.0.1 - - [29/Jan/2024 11:02:57] "GET /static/img/img-14.png HTTP/1.1" 200 -
[2024-01-29 11:02:57,477] INFO in _internal: 127.0.0.1 - - [29/Jan/2024 11:02:57] "GET /static/img/img-15.png HTTP/1.1" 200 -
[2024-01-29 11:02:57,507] INFO in _internal: 127.0.0.1 - - [29/Jan/2024 11:02:57] "GET /static/img/img-16.png HTTP/1.1" 200 -
[2024-01-29 11:02:57,538] INFO in _internal: 127.0.0.1 - - [29/Jan/2024 11:02:57] "GET /static/img/img-17.png HTTP/1.1" 200 -
[2024-01-29 11:02:57,561] INFO in _internal: 127.0.0.1 - - [29/Jan/2024 11:02:57] "GET /static/img/img-18.png HTTP/1.1" 200 -
[2024-01-29 11:02:57,586] INFO in _internal: 127.0.0.1 - - [29/Jan/2024 11:02:57] "GET /static/img/img-19.png HTTP/1.1" 200 -
[2024-01-29 11:02:57,588] INFO in _internal: 127.0.0.1 - - [29/Jan/2024 11:02:57] "GET /static/img/img-20.png HTTP/1.1" 200 -
[2024-01-29 11:02:57,608] INFO in _internal: 127.0.0.1 - - [29/Jan/2024 11:02:57] "GET /static/img/img-21.png HTTP/1.1" 200 -
[2024-01-29 11:02:57,613] INFO in _internal: 127.0.0.1 - - [29/Jan/2024 11:02:57] "GET /static/img/img-22.png HTTP/1.1" 200 -
[2024-01-29 11:02:57,640] INFO in _internal: 127.0.0.1 - - [29/Jan/2024 11:02:57] "GET /static/img/img-23.png HTTP/1.1" 200 -
[2024-01-29 11:02:57,648] INFO in _internal: 127.0.0.1 - - [29/Jan/2024 11:02:57] "GET /static/img/img-24.png HTTP/1.1" 200 -
[2024-01-29 11:02:57,662] INFO in _internal: 127.0.0.1 - - [29/Jan/2024 11:02:57] "GET /static/img/img-25.png HTTP/1.1" 200 -
[2024-01-29 11:02:57,674] INFO in _internal: 127.0.0.1 - - [29/Jan/2024 11:02:57] "GET /static/img/img-26.png HTTP/1.1" 200 -
[2024-01-29 11:02:57,688] INFO in _internal: 127.0.0.1 - - [29/Jan/2024 11:02:57] "GET /static/img/img-27.png HTTP/1.1" 200 -
[2024-01-29 11:02:57,700] INFO in _internal: 127.0.0.1 - - [29/Jan/2024 11:02:57] "GET /static/img/img-28.png HTTP/1.1" 200 -
[2024-01-29 11:02:57,714] INFO in _internal: 127.0.0.1 - - [29/Jan/2024 11:02:57] "GET /static/img/img-29.png HTTP/1.1" 200 -
[2024-01-29 11:02:57,718] INFO in _internal: 127.0.0.1 - - [29/Jan/2024 11:02:57] "GET /static/img/img-30.png HTTP/1.1" 200 -
[2024-01-29 11:02:57,736] INFO in _internal: 127.0.0.1 - - [29/Jan/2024 11:02:57] "GET /static/img/img-31.png HTTP/1.1" 200 -
[2024-01-29 11:02:57,749] INFO in _internal: 127.0.0.1 - - [29/Jan/2024 11:02:57] "GET /static/img/img-32.png HTTP/1.1" 200 -
[2024-01-29 11:02:57,760] INFO in _internal: 127.0.0.1 - - [29/Jan/2024 11:02:57] "GET /static/img/img-33.png HTTP/1.1" 200 -
[2024-01-29 11:02:57,778] INFO in _internal: 127.0.0.1 - - [29/Jan/2024 11:02:57] "GET /static/img/img-34.png HTTP/1.1" 200 -
[2024-01-29 11:02:57,783] INFO in _internal: 127.0.0.1 - - [29/Jan/2024 11:02:57] "GET /static/img/img-35.png HTTP/1.1" 200 -
[2024-01-29 11:02:57,801] INFO in _internal: 127.0.0.1 - - [29/Jan/2024 11:02:57] "GET /static/img/img-36.png HTTP/1.1" 200 -
[2024-01-29 11:02:57,808] INFO in _internal: 127.0.0.1 - - [29/Jan/2024 11:02:57] "GET /static/img/img-37.png HTTP/1.1" 200 -
[2024-01-29 11:02:57,827] INFO in _internal: 127.0.0.1 - - [29/Jan/2024 11:02:57] "GET /static/img/img-1.png HTTP/1.1" 200 -
[2024-01-29 11:02:57,842] INFO in _internal: 127.0.0.1 - - [29/Jan/2024 11:02:57] "GET /static/img/img-39.png HTTP/1.1" 200 -
[2024-01-29 11:02:57,842] INFO in _internal: 127.0.0.1 - - [29/Jan/2024 11:02:57] "GET /static/img/img-38.png HTTP/1.1" 200 -
[2024-01-29 11:02:57,865] INFO in _internal: 127.0.0.1 - - [29/Jan/2024 11:02:57] "GET /static/img/img-6.png HTTP/1.1" 200 -
[2024-01-29 11:02:57,867] INFO in _internal: 127.0.0.1 - - [29/Jan/2024 11:02:57] "GET /static/img/img-40.png HTTP/1.1" 200 -
[2024-01-29 11:02:57,891] INFO in _internal: 127.0.0.1 - - [29/Jan/2024 11:02:57] "GET /static/img/img-42.png HTTP/1.1" 200 -
[2024-01-29 11:02:57,893] INFO in _internal: 127.0.0.1 - - [29/Jan/2024 11:02:57] "GET /static/img/img-46.png HTTP/1.1" 200 -
[2024-01-29 11:02:57,927] INFO in _internal: 127.0.0.1 - - [29/Jan/2024 11:02:57] "GET /static/img/img-51.png HTTP/1.1" 200 -
[2024-01-29 11:02:57,945] INFO in _internal: 127.0.0.1 - - [29/Jan/2024 11:02:57] "GET /static/img/img-44.png HTTP/1.1" 200 -
[2024-01-29 11:02:57,964] INFO in _internal: 127.0.0.1 - - [29/Jan/2024 11:02:57] "GET /static/img/img-53.png HTTP/1.1" 200 -
[2024-01-29 11:02:57,982] INFO in _internal: 127.0.0.1 - - [29/Jan/2024 11:02:57] "GET /static/img/img-54.png HTTP/1.1" 200 -
[2024-01-29 11:02:57,998] INFO in _internal: 127.0.0.1 - - [29/Jan/2024 11:02:57] "GET /static/img/img-55.png HTTP/1.1" 200 -
[2024-01-29 11:02:58,011] INFO in _internal: 127.0.0.1 - - [29/Jan/2024 11:02:58] "GET /static/img/img-56.png HTTP/1.1" 200 -
[2024-01-29 11:02:58,030] INFO in _internal: 127.0.0.1 - - [29/Jan/2024 11:02:58] "GET /static/img/img-57.png HTTP/1.1" 200 -
[2024-01-29 11:02:58,038] INFO in _internal: 127.0.0.1 - - [29/Jan/2024 11:02:58] "GET /static/img/img-58.png HTTP/1.1" 200 -
[2024-01-29 11:02:58,056] INFO in _internal: 127.0.0.1 - - [29/Jan/2024 11:02:58] "GET /static/img/img-59.png HTTP/1.1" 200 -
[2024-01-29 11:02:58,063] INFO in _internal: 127.0.0.1 - - [29/Jan/2024 11:02:58] "GET /static/img/img-60.png HTTP/1.1" 200 -
[2024-01-29 11:02:58,084] INFO in _internal: 127.0.0.1 - - [29/Jan/2024 11:02:58] "GET /static/img/img-61.png HTTP/1.1" 200 -
[2024-01-29 11:02:58,090] INFO in _internal: 127.0.0.1 - - [29/Jan/2024 11:02:58] "GET /static/img/img-62.png HTTP/1.1" 200 -
[2024-01-29 11:02:58,106] INFO in _internal: 127.0.0.1 - - [29/Jan/2024 11:02:58] "GET /static/img/img-63.png HTTP/1.1" 200 -
[2024-01-29 11:02:58,109] INFO in _internal: 127.0.0.1 - - [29/Jan/2024 11:02:58] "GET /static/img/img-64.png HTTP/1.1" 200 -
[2024-01-29 11:02:58,131] INFO in _internal: 127.0.0.1 - - [29/Jan/2024 11:02:58] "GET /static/img/img-65.png HTTP/1.1" 200 -
[2024-01-29 11:02:58,134] INFO in _internal: 127.0.0.1 - - [29/Jan/2024 11:02:58] "GET /static/img/img-66.png HTTP/1.1" 200 -
[2024-01-29 11:02:58,155] INFO in _internal: 127.0.0.1 - - [29/Jan/2024 11:02:58] "GET /static/img/img-67.png HTTP/1.1" 200 -
[2024-01-29 11:02:58,164] INFO in _internal: 127.0.0.1 - - [29/Jan/2024 11:02:58] "GET /static/img/img-68.png HTTP/1.1" 200 -
[2024-01-29 11:02:58,180] INFO in _internal: 127.0.0.1 - - [29/Jan/2024 11:02:58] "GET /static/img/img-69.png HTTP/1.1" 200 -
[2024-01-29 11:02:58,191] INFO in _internal: 127.0.0.1 - - [29/Jan/2024 11:02:58] "GET /static/img/img-70.png HTTP/1.1" 200 -
[2024-01-29 11:02:58,206] INFO in _internal: 127.0.0.1 - - [29/Jan/2024 11:02:58] "GET /static/img/img-71.png HTTP/1.1" 200 -
[2024-01-29 11:02:58,218] INFO in _internal: 127.0.0.1 - - [29/Jan/2024 11:02:58] "GET /static/img/img-72.png HTTP/1.1" 200 -
[2024-01-29 11:02:58,233] INFO in _internal: 127.0.0.1 - - [29/Jan/2024 11:02:58] "GET /static/img/img-73.png HTTP/1.1" 200 -
[2024-01-29 11:02:58,246] INFO in _internal: 127.0.0.1 - - [29/Jan/2024 11:02:58] "GET /static/img/img-74.png HTTP/1.1" 200 -
[2024-01-29 11:02:58,265] INFO in _internal: 127.0.0.1 - - [29/Jan/2024 11:02:58] "GET /static/img/img-75.png HTTP/1.1" 200 -
[2024-01-29 11:02:58,268] INFO in _internal: 127.0.0.1 - - [29/Jan/2024 11:02:58] "GET /static/img/img-76.png HTTP/1.1" 200 -
[2024-01-29 11:02:58,295] INFO in _internal: 127.0.0.1 - - [29/Jan/2024 11:02:58] "GET /static/img/img-77.png HTTP/1.1" 200 -
[2024-01-29 11:02:58,303] INFO in _internal: 127.0.0.1 - - [29/Jan/2024 11:02:58] "GET /static/img/img-78.png HTTP/1.1" 200 -
[2024-01-29 11:02:58,319] INFO in _internal: 127.0.0.1 - - [29/Jan/2024 11:02:58] "GET /static/img/img-79.png HTTP/1.1" 200 -
[2024-01-29 11:02:58,332] INFO in _internal: 127.0.0.1 - - [29/Jan/2024 11:02:58] "GET /static/img/img-80.png HTTP/1.1" 200 -
[2024-01-29 11:02:58,343] INFO in _internal: 127.0.0.1 - - [29/Jan/2024 11:02:58] "GET /static/img/img-81.png HTTP/1.1" 200 -
[2024-01-29 11:02:58,351] INFO in _internal: 127.0.0.1 - - [29/Jan/2024 11:02:58] "GET /static/img/img-82.png HTTP/1.1" 200 -
[2024-01-29 11:02:58,378] INFO in _internal: 127.0.0.1 - - [29/Jan/2024 11:02:58] "GET /static/img/img-83.png HTTP/1.1" 200 -
[2024-01-29 11:02:58,387] INFO in _internal: 127.0.0.1 - - [29/Jan/2024 11:02:58] "GET /static/img/img-84.png HTTP/1.1" 200 -
[2024-01-29 11:02:58,408] INFO in _internal: 127.0.0.1 - - [29/Jan/2024 11:02:58] "GET /static/img/img-85.png HTTP/1.1" 200 -
[2024-01-29 11:02:58,416] INFO in _internal: 127.0.0.1 - - [29/Jan/2024 11:02:58] "GET /static/img/img-86.png HTTP/1.1" 200 -
[2024-01-29 11:02:58,436] INFO in _internal: 127.0.0.1 - - [29/Jan/2024 11:02:58] "GET /static/img/img-87.png HTTP/1.1" 200 -
[2024-01-29 11:02:58,448] INFO in _internal: 127.0.0.1 - - [29/Jan/2024 11:02:58] "GET /static/img/img-41.png HTTP/1.1" 200 -
[2024-01-29 11:02:58,448] INFO in _internal: 127.0.0.1 - - [29/Jan/2024 11:02:58] "GET /static/img/img-88.png HTTP/1.1" 200 -
[2024-01-29 11:02:58,485] INFO in _internal: 127.0.0.1 - - [29/Jan/2024 11:02:58] "GET /static/img/img-90.png HTTP/1.1" 200 -
[2024-01-29 11:02:58,490] INFO in _internal: 127.0.0.1 - - [29/Jan/2024 11:02:58] "GET /static/img/img-91.png HTTP/1.1" 200 -
[2024-01-29 11:02:58,499] INFO in _internal: 127.0.0.1 - - [29/Jan/2024 11:02:58] "GET /static/img/img-89.png HTTP/1.1" 200 -
[2024-01-29 11:02:58,507] INFO in _internal: 127.0.0.1 - - [29/Jan/2024 11:02:58] "GET /static/img/img-43.png HTTP/1.1" 200 -
[2024-01-29 11:02:58,540] INFO in _internal: 127.0.0.1 - - [29/Jan/2024 11:02:58] "GET /static/img/img-92.png HTTP/1.1" 200 -
[2024-01-29 11:02:58,543] INFO in _internal: 127.0.0.1 - - [29/Jan/2024 11:02:58] "GET /static/img/img-93.png HTTP/1.1" 200 -
[2024-01-29 11:02:58,549] INFO in _internal: 127.0.0.1 - - [29/Jan/2024 11:02:58] "GET /static/img/img-94.png HTTP/1.1" 200 -
[2024-01-29 11:02:58,598] INFO in _internal: 127.0.0.1 - - [29/Jan/2024 11:02:58] "GET /static/img/img-52.png HTTP/1.1" 200 -
[2024-01-29 11:02:58,600] INFO in _internal: 127.0.0.1 - - [29/Jan/2024 11:02:58] "GET /static/img/img-97.png HTTP/1.1" 200 -
[2024-01-29 11:02:58,603] INFO in _internal: 127.0.0.1 - - [29/Jan/2024 11:02:58] "GET /static/img/img-96.png HTTP/1.1" 200 -
[2024-01-29 11:02:58,610] INFO in _internal: 127.0.0.1 - - [29/Jan/2024 11:02:58] "GET /static/img/img-98.png HTTP/1.1" 200 -
[2024-01-29 11:02:58,665] INFO in _internal: 127.0.0.1 - - [29/Jan/2024 11:02:58] "GET /static/img/img-99.png HTTP/1.1" 200 -
[2024-01-29 11:02:58,670] INFO in _internal: 127.0.0.1 - - [29/Jan/2024 11:02:58] "GET /static/img/img-100.png HTTP/1.1" 200 -
[2024-01-29 11:02:58,685] INFO in _internal: 127.0.0.1 - - [29/Jan/2024 11:02:58] "GET /static/img/img-101.png HTTP/1.1" 200 -
[2024-01-29 11:02:58,686] INFO in _internal: 127.0.0.1 - - [29/Jan/2024 11:02:58] "GET /static/img/img-102.png HTTP/1.1" 200 -
[2024-01-29 11:02:58,704] INFO in _internal: 127.0.0.1 - - [29/Jan/2024 11:02:58] "GET /static/img/img-103.png HTTP/1.1" 200 -
[2024-01-29 11:02:58,705] INFO in _internal: 127.0.0.1 - - [29/Jan/2024 11:02:58] "GET /static/img/img-104.png HTTP/1.1" 200 -
[2024-01-29 11:02:58,736] INFO in _internal: 127.0.0.1 - - [29/Jan/2024 11:02:58] "GET /static/img/img-107.png HTTP/1.1" 200 -
[2024-01-29 11:02:58,740] INFO in _internal: 127.0.0.1 - - [29/Jan/2024 11:02:58] "GET /static/img/img-108.png HTTP/1.1" 200 -
[2024-01-29 11:02:58,740] INFO in _internal: 127.0.0.1 - - [29/Jan/2024 11:02:58] "GET /static/img/img-106.png HTTP/1.1" 200 -
[2024-01-29 11:02:58,827] INFO in _internal: 127.0.0.1 - - [29/Jan/2024 11:02:58] "GET /static/img/img-110.png HTTP/1.1" 200 -
[2024-01-29 11:02:58,831] INFO in _internal: 127.0.0.1 - - [29/Jan/2024 11:02:58] "GET /static/img/img-111.png HTTP/1.1" 200 -
[2024-01-29 11:02:58,832] INFO in _internal: 127.0.0.1 - - [29/Jan/2024 11:02:58] "GET /static/img/img-109.png HTTP/1.1" 200 -
[2024-01-29 11:02:58,877] INFO in _internal: 127.0.0.1 - - [29/Jan/2024 11:02:58] "GET /static/img/img-112.png HTTP/1.1" 200 -
[2024-01-29 11:02:58,880] INFO in _internal: 127.0.0.1 - - [29/Jan/2024 11:02:58] "GET /static/img/img-114.png HTTP/1.1" 200 -
[2024-01-29 11:02:58,924] INFO in _internal: 127.0.0.1 - - [29/Jan/2024 11:02:58] "GET /static/img/img-115.png HTTP/1.1" 200 -
[2024-01-29 11:02:58,956] INFO in _internal: 127.0.0.1 - - [29/Jan/2024 11:02:58] "GET /static/img/img-116.png HTTP/1.1" 200 -
[2024-01-29 11:02:58,965] INFO in _internal: 127.0.0.1 - - [29/Jan/2024 11:02:58] "GET /static/img/img-117.png HTTP/1.1" 200 -
[2024-01-29 11:02:59,009] INFO in _internal: 127.0.0.1 - - [29/Jan/2024 11:02:59] "GET /static/img/img-118.png HTTP/1.1" 200 -
[2024-01-29 11:02:59,011] INFO in _internal: 127.0.0.1 - - [29/Jan/2024 11:02:59] "GET /static/img/img-119.png HTTP/1.1" 200 -
[2024-01-29 11:02:59,052] INFO in _internal: 127.0.0.1 - - [29/Jan/2024 11:02:59] "GET /static/img/img-95.png HTTP/1.1" 200 -
[2024-01-29 11:02:59,054] INFO in _internal: 127.0.0.1 - - [29/Jan/2024 11:02:59] "GET /static/img/img-120.png HTTP/1.1" 200 -
[2024-01-29 11:02:59,098] INFO in _internal: 127.0.0.1 - - [29/Jan/2024 11:02:59] "GET /static/img/img-122.png HTTP/1.1" 200 -
[2024-01-29 11:02:59,100] INFO in _internal: 127.0.0.1 - - [29/Jan/2024 11:02:59] "GET /static/img/img-121.png HTTP/1.1" 200 -
[2024-01-29 11:02:59,110] INFO in _internal: 127.0.0.1 - - [29/Jan/2024 11:02:59] "GET /static/img/img-123.png HTTP/1.1" 200 -
[2024-01-29 11:02:59,139] INFO in _internal: 127.0.0.1 - - [29/Jan/2024 11:02:59] "GET /static/img/img-125.png HTTP/1.1" 200 -
[2024-01-29 11:02:59,148] INFO in _internal: 127.0.0.1 - - [29/Jan/2024 11:02:59] "GET /static/img/img-126.png HTTP/1.1" 200 -
[2024-01-29 11:02:59,152] INFO in _internal: 127.0.0.1 - - [29/Jan/2024 11:02:59] "GET /static/img/img-124.png HTTP/1.1" 200 -
[2024-01-29 11:02:59,176] INFO in _internal: 127.0.0.1 - - [29/Jan/2024 11:02:59] "GET /static/img/img-127.png HTTP/1.1" 200 -
[2024-01-29 11:02:59,182] INFO in _internal: 127.0.0.1 - - [29/Jan/2024 11:02:59] "GET /static/img/img-128.png HTTP/1.1" 200 -
[2024-01-29 11:02:59,184] INFO in _internal: 127.0.0.1 - - [29/Jan/2024 11:02:59] "GET /static/img/img-129.png HTTP/1.1" 200 -
[2024-01-29 11:02:59,211] INFO in _internal: 127.0.0.1 - - [29/Jan/2024 11:02:59] "GET /static/img/img-130.png HTTP/1.1" 200 -
[2024-01-29 11:02:59,217] INFO in _internal: 127.0.0.1 - - [29/Jan/2024 11:02:59] "GET /static/img/img-132.png HTTP/1.1" 200 -
[2024-01-29 11:02:59,230] INFO in _internal: 127.0.0.1 - - [29/Jan/2024 11:02:59] "GET /static/img/img-131.png HTTP/1.1" 200 -
[2024-01-29 11:02:59,246] INFO in _internal: 127.0.0.1 - - [29/Jan/2024 11:02:59] "GET /static/img/img-134.png HTTP/1.1" 200 -
[2024-01-29 11:02:59,249] INFO in _internal: 127.0.0.1 - - [29/Jan/2024 11:02:59] "GET /static/img/img-133.png HTTP/1.1" 200 -
[2024-01-29 11:02:59,277] INFO in _internal: 127.0.0.1 - - [29/Jan/2024 11:02:59] "GET /static/img/img-105.png HTTP/1.1" 200 -
[2024-01-29 11:02:59,294] INFO in _internal: 127.0.0.1 - - [29/Jan/2024 11:02:59] "GET /static/img/img-137.png HTTP/1.1" 200 -
[2024-01-29 11:02:59,311] INFO in _internal: 127.0.0.1 - - [29/Jan/2024 11:02:59] "GET /static/img/img-138.png HTTP/1.1" 200 -
[2024-01-29 11:02:59,318] INFO in _internal: 127.0.0.1 - - [29/Jan/2024 11:02:59] "GET /static/img/img-139.png HTTP/1.1" 200 -
[2024-01-29 11:02:59,345] INFO in _internal: 127.0.0.1 - - [29/Jan/2024 11:02:59] "GET /static/img/img-140.png HTTP/1.1" 200 -
[2024-01-29 11:02:59,347] INFO in _internal: 127.0.0.1 - - [29/Jan/2024 11:02:59] "GET /static/img/img-141.png HTTP/1.1" 200 -
[2024-01-29 11:02:59,367] INFO in _internal: 127.0.0.1 - - [29/Jan/2024 11:02:59] "GET /static/img/img-142.png HTTP/1.1" 200 -
[2024-01-29 11:02:59,383] INFO in _internal: 127.0.0.1 - - [29/Jan/2024 11:02:59] "GET /static/img/img-143.png HTTP/1.1" 200 -
[2024-01-29 11:02:59,385] INFO in _internal: 127.0.0.1 - - [29/Jan/2024 11:02:59] "GET /static/img/img-144.png HTTP/1.1" 200 -
[2024-01-29 11:02:59,420] INFO in _internal: 127.0.0.1 - - [29/Jan/2024 11:02:59] "GET /static/img/img-146.png HTTP/1.1" 200 -
[2024-01-29 11:02:59,421] INFO in _internal: 127.0.0.1 - - [29/Jan/2024 11:02:59] "GET /static/img/img-145.png HTTP/1.1" 200 -
[2024-01-29 11:02:59,450] INFO in _internal: 127.0.0.1 - - [29/Jan/2024 11:02:59] "GET /static/img/img-147.png HTTP/1.1" 200 -
[2024-01-29 11:02:59,458] INFO in _internal: 127.0.0.1 - - [29/Jan/2024 11:02:59] "GET /static/img/img-148.png HTTP/1.1" 200 -
[2024-01-29 11:02:59,481] INFO in _internal: 127.0.0.1 - - [29/Jan/2024 11:02:59] "GET /static/img/img-149.png HTTP/1.1" 200 -
[2024-01-29 11:02:59,489] INFO in _internal: 127.0.0.1 - - [29/Jan/2024 11:02:59] "GET /static/img/img-150.png HTTP/1.1" 200 -
[2024-01-29 11:02:59,512] INFO in _internal: 127.0.0.1 - - [29/Jan/2024 11:02:59] "GET /static/img/img-136.png HTTP/1.1" 200 -
[2024-01-29 11:02:59,547] INFO in _internal: 127.0.0.1 - - [29/Jan/2024 11:02:59] "GET /static/img/img-113.png HTTP/1.1" 200 -
[2024-01-29 11:02:59,561] INFO in _internal: 127.0.0.1 - - [29/Jan/2024 11:02:59] "GET /static/img/img-151.png HTTP/1.1" 200 -
[2024-01-29 11:02:59,592] INFO in _internal: 127.0.0.1 - - [29/Jan/2024 11:02:59] "GET /static/img/img-154.png HTTP/1.1" 200 -
[2024-01-29 11:02:59,595] INFO in _internal: 127.0.0.1 - - [29/Jan/2024 11:02:59] "GET /static/img/img-152.png HTTP/1.1" 200 -
[2024-01-29 11:02:59,623] INFO in _internal: 127.0.0.1 - - [29/Jan/2024 11:02:59] "GET /static/img/img-156.png HTTP/1.1" 200 -
[2024-01-29 11:02:59,632] INFO in _internal: 127.0.0.1 - - [29/Jan/2024 11:02:59] "GET /static/img/img-155.png HTTP/1.1" 200 -
[2024-01-29 11:02:59,655] INFO in _internal: 127.0.0.1 - - [29/Jan/2024 11:02:59] "GET /static/img/img-157.png HTTP/1.1" 200 -
[2024-01-29 11:02:59,667] INFO in _internal: 127.0.0.1 - - [29/Jan/2024 11:02:59] "GET /static/img/img-159.png HTTP/1.1" 200 -
[2024-01-29 11:02:59,692] INFO in _internal: 127.0.0.1 - - [29/Jan/2024 11:02:59] "GET /static/img/img-158.png HTTP/1.1" 200 -
[2024-01-29 11:02:59,696] INFO in _internal: 127.0.0.1 - - [29/Jan/2024 11:02:59] "GET /static/img/img-161.png HTTP/1.1" 200 -
[2024-01-29 11:02:59,716] INFO in _internal: 127.0.0.1 - - [29/Jan/2024 11:02:59] "GET /static/img/img-160.png HTTP/1.1" 200 -
[2024-01-29 11:02:59,728] INFO in _internal: 127.0.0.1 - - [29/Jan/2024 11:02:59] "GET /static/img/img-162.png HTTP/1.1" 200 -
[2024-01-29 11:02:59,731] INFO in _internal: 127.0.0.1 - - [29/Jan/2024 11:02:59] "GET /static/img/img-163.png HTTP/1.1" 200 -
[2024-01-29 11:02:59,765] INFO in _internal: 127.0.0.1 - - [29/Jan/2024 11:02:59] "GET /static/img/img-165.png HTTP/1.1" 200 -
[2024-01-29 11:02:59,776] INFO in _internal: 127.0.0.1 - - [29/Jan/2024 11:02:59] "GET /static/img/img-166.png HTTP/1.1" 200 -
[2024-01-29 11:02:59,777] INFO in _internal: 127.0.0.1 - - [29/Jan/2024 11:02:59] "GET /static/img/img-164.png HTTP/1.1" 200 -
[2024-01-29 11:02:59,821] INFO in _internal: 127.0.0.1 - - [29/Jan/2024 11:02:59] "GET /static/img/img-168.png HTTP/1.1" 200 -
[2024-01-29 11:02:59,821] INFO in _internal: 127.0.0.1 - - [29/Jan/2024 11:02:59] "GET /static/img/img-169.png HTTP/1.1" 200 -
[2024-01-29 11:02:59,844] INFO in _internal: 127.0.0.1 - - [29/Jan/2024 11:02:59] "GET /static/img/img-170.png HTTP/1.1" 200 -
[2024-01-29 11:02:59,850] INFO in _internal: 127.0.0.1 - - [29/Jan/2024 11:02:59] "GET /static/img/img-171.png HTTP/1.1" 200 -
[2024-01-29 11:02:59,869] INFO in _internal: 127.0.0.1 - - [29/Jan/2024 11:02:59] "GET /static/img/img-135.png HTTP/1.1" 200 -
[2024-01-29 11:02:59,896] INFO in _internal: 127.0.0.1 - - [29/Jan/2024 11:02:59] "GET /static/img/img-173.png HTTP/1.1" 200 -
[2024-01-29 11:02:59,916] INFO in _internal: 127.0.0.1 - - [29/Jan/2024 11:02:59] "GET /static/img/img-174.png HTTP/1.1" 200 -
[2024-01-29 11:02:59,921] INFO in _internal: 127.0.0.1 - - [29/Jan/2024 11:02:59] "GET /static/img/img-175.png HTTP/1.1" 200 -
[2024-01-29 11:02:59,948] INFO in _internal: 127.0.0.1 - - [29/Jan/2024 11:02:59] "GET /static/img/img-176.png HTTP/1.1" 200 -
[2024-01-29 11:02:59,959] INFO in _internal: 127.0.0.1 - - [29/Jan/2024 11:02:59] "GET /static/img/img-177.png HTTP/1.1" 200 -
[2024-01-29 11:02:59,995] INFO in _internal: 127.0.0.1 - - [29/Jan/2024 11:02:59] "GET /static/img/img-178.png HTTP/1.1" 200 -
[2024-01-29 11:03:00,035] INFO in _internal: 127.0.0.1 - - [29/Jan/2024 11:03:00] "GET /static/img/img-179.png HTTP/1.1" 200 -
[2024-01-29 11:03:00,041] INFO in _internal: 127.0.0.1 - - [29/Jan/2024 11:03:00] "GET /static/img/img-180.png HTTP/1.1" 200 -
[2024-01-29 11:03:00,085] INFO in _internal: 127.0.0.1 - - [29/Jan/2024 11:03:00] "GET /static/img/img-181.png HTTP/1.1" 200 -
[2024-01-29 11:03:00,094] INFO in _internal: 127.0.0.1 - - [29/Jan/2024 11:03:00] "GET /static/img/img-182.png HTTP/1.1" 200 -
[2024-01-29 11:03:00,096] INFO in _internal: 127.0.0.1 - - [29/Jan/2024 11:03:00] "GET /static/img/img-153.png HTTP/1.1" 200 -
[2024-01-29 11:03:00,132] INFO in _internal: 127.0.0.1 - - [29/Jan/2024 11:03:00] "GET /static/img/img-184.png HTTP/1.1" 200 -
[2024-01-29 11:03:00,156] INFO in _internal: 127.0.0.1 - - [29/Jan/2024 11:03:00] "GET /static/img/img-185.png HTTP/1.1" 200 -
[2024-01-29 11:03:00,182] INFO in _internal: 127.0.0.1 - - [29/Jan/2024 11:03:00] "GET /static/img/img-186.png HTTP/1.1" 200 -
[2024-01-29 11:03:00,258] INFO in _internal: 127.0.0.1 - - [29/Jan/2024 11:03:00] "GET /static/img/img-187.png HTTP/1.1" 200 -
[2024-01-29 11:03:00,274] INFO in _internal: 127.0.0.1 - - [29/Jan/2024 11:03:00] "GET /static/img/img-188.png HTTP/1.1" 200 -
[2024-01-29 11:03:00,290] INFO in _internal: 127.0.0.1 - - [29/Jan/2024 11:03:00] "GET /static/img/img-189.png HTTP/1.1" 200 -
[2024-01-29 11:03:00,294] INFO in _internal: 127.0.0.1 - - [29/Jan/2024 11:03:00] "GET /static/img/img-183.png HTTP/1.1" 200 -
[2024-01-29 11:03:00,323] INFO in _internal: 127.0.0.1 - - [29/Jan/2024 11:03:00] "GET /static/img/img-191.png HTTP/1.1" 200 -
[2024-01-29 11:03:00,325] INFO in _internal: 127.0.0.1 - - [29/Jan/2024 11:03:00] "GET /static/img/img-192.png HTTP/1.1" 200 -
[2024-01-29 11:03:00,327] INFO in _internal: 127.0.0.1 - - [29/Jan/2024 11:03:00] "GET /static/img/img-190.png HTTP/1.1" 200 -
[2024-01-29 11:03:00,357] INFO in _internal: 127.0.0.1 - - [29/Jan/2024 11:03:00] "GET /static/img/img-172.png HTTP/1.1" 200 -
[2024-01-29 11:03:00,364] INFO in _internal: 127.0.0.1 - - [29/Jan/2024 11:03:00] "GET /static/img/img-167.png HTTP/1.1" 200 -
[2024-01-29 11:03:00,858] INFO in _internal: 127.0.0.1 - - [29/Jan/2024 11:03:00] "[36mGET /static/css/info.css HTTP/1.1[0m" 304 -
[2024-01-29 11:05:01,358] INFO in _internal: 127.0.0.1 - - [29/Jan/2024 11:05:01] "GET /info HTTP/1.1" 200 -
[2024-01-29 11:05:01,398] INFO in _internal: 127.0.0.1 - - [29/Jan/2024 11:05:01] "GET /static/css/info.css HTTP/1.1" 200 -
[2024-01-29 11:05:01,398] INFO in _internal: 127.0.0.1 - - [29/Jan/2024 11:05:01] "[36mGET /static/img/logo.png HTTP/1.1[0m" 304 -
[2024-01-29 11:05:01,400] INFO in _internal: 127.0.0.1 - - [29/Jan/2024 11:05:01] "[36mGET /static/js/info.js HTTP/1.1[0m" 304 -
[2024-01-29 11:05:02,362] INFO in _internal: 127.0.0.1 - - [29/Jan/2024 11:05:02] "[36mGET /static/img/img-1.png HTTP/1.1[0m" 304 -
[2024-01-29 11:05:02,385] INFO in _internal: 127.0.0.1 - - [29/Jan/2024 11:05:02] "[36mGET /static/img/img-2.png HTTP/1.1[0m" 304 -
[2024-01-29 11:05:02,407] INFO in _internal: 127.0.0.1 - - [29/Jan/2024 11:05:02] "[36mGET /static/img/img-3.png HTTP/1.1[0m" 304 -
[2024-01-29 11:05:02,428] INFO in _internal: 127.0.0.1 - - [29/Jan/2024 11:05:02] "[36mGET /static/img/img-4.png HTTP/1.1[0m" 304 -
[2024-01-29 11:05:02,450] INFO in _internal: 127.0.0.1 - - [29/Jan/2024 11:05:02] "[36mGET /static/img/img-5.png HTTP/1.1[0m" 304 -
[2024-01-29 11:05:02,474] INFO in _internal: 127.0.0.1 - - [29/Jan/2024 11:05:02] "[36mGET /static/img/img-6.png HTTP/1.1[0m" 304 -
[2024-01-29 11:05:02,519] INFO in _internal: 127.0.0.1 - - [29/Jan/2024 11:05:02] "[36mGET /static/img/img-47.png HTTP/1.1[0m" 304 -
[2024-01-29 11:05:02,520] INFO in _internal: 127.0.0.1 - - [29/Jan/2024 11:05:02] "[36mGET /static/img/img-45.png HTTP/1.1[0m" 304 -
[2024-01-29 11:05:02,521] INFO in _internal: 127.0.0.1 - - [29/Jan/2024 11:05:02] "[36mGET /static/img/img-46.png HTTP/1.1[0m" 304 -
[2024-01-29 11:05:02,522] INFO in _internal: 127.0.0.1 - - [29/Jan/2024 11:05:02] "[36mGET /static/img/img-48.png HTTP/1.1[0m" 304 -
[2024-01-29 11:05:02,523] INFO in _internal: 127.0.0.1 - - [29/Jan/2024 11:05:02] "[36mGET /static/img/img-49.png HTTP/1.1[0m" 304 -
[2024-01-29 11:05:02,572] INFO in _internal: 127.0.0.1 - - [29/Jan/2024 11:05:02] "[36mGET /static/img/img-7.png HTTP/1.1[0m" 304 -
[2024-01-29 11:05:02,609] INFO in _internal: 127.0.0.1 - - [29/Jan/2024 11:05:02] "[36mGET /static/img/img-8.png HTTP/1.1[0m" 304 -
[2024-01-29 11:05:02,610] INFO in _internal: 127.0.0.1 - - [29/Jan/2024 11:05:02] "[36mGET /static/img/img-9.png HTTP/1.1[0m" 304 -
[2024-01-29 11:05:02,613] INFO in _internal: 127.0.0.1 - - [29/Jan/2024 11:05:02] "[36mGET /static/img/img-10.png HTTP/1.1[0m" 304 -
[2024-01-29 11:05:02,617] INFO in _internal: 127.0.0.1 - - [29/Jan/2024 11:05:02] "[36mGET /static/img/img-11.png HTTP/1.1[0m" 304 -
[2024-01-29 11:05:02,619] INFO in _internal: 127.0.0.1 - - [29/Jan/2024 11:05:02] "[36mGET /static/img/img-12.png HTTP/1.1[0m" 304 -
[2024-01-29 11:05:02,634] INFO in _internal: 127.0.0.1 - - [29/Jan/2024 11:05:02] "[36mGET /static/img/img-16.png HTTP/1.1[0m" 304 -
[2024-01-29 11:05:02,634] INFO in _internal: 127.0.0.1 - - [29/Jan/2024 11:05:02] "[36mGET /static/img/img-14.png HTTP/1.1[0m" 304 -
[2024-01-29 11:05:02,636] INFO in _internal: 127.0.0.1 - - [29/Jan/2024 11:05:02] "[36mGET /static/img/img-13.png HTTP/1.1[0m" 304 -
[2024-01-29 11:05:02,637] INFO in _internal: 127.0.0.1 - - [29/Jan/2024 11:05:02] "[36mGET /static/img/img-15.png HTTP/1.1[0m" 304 -
[2024-01-29 11:05:02,638] INFO in _internal: 127.0.0.1 - - [29/Jan/2024 11:05:02] "[36mGET /static/img/img-17.png HTTP/1.1[0m" 304 -
[2024-01-29 11:05:02,639] INFO in _internal: 127.0.0.1 - - [29/Jan/2024 11:05:02] "[36mGET /static/img/img-18.png HTTP/1.1[0m" 304 -
[2024-01-29 11:05:02,647] INFO in _internal: 127.0.0.1 - - [29/Jan/2024 11:05:02] "[36mGET /static/img/img-19.png HTTP/1.1[0m" 304 -
[2024-01-29 11:05:02,651] INFO in _internal: 127.0.0.1 - - [29/Jan/2024 11:05:02] "[36mGET /static/img/img-20.png HTTP/1.1[0m" 304 -
[2024-01-29 11:05:02,655] INFO in _internal: 127.0.0.1 - - [29/Jan/2024 11:05:02] "[36mGET /static/img/img-21.png HTTP/1.1[0m" 304 -
[2024-01-29 11:05:02,662] INFO in _internal: 127.0.0.1 - - [29/Jan/2024 11:05:02] "[36mGET /static/img/img-22.png HTTP/1.1[0m" 304 -
[2024-01-29 11:05:02,677] INFO in _internal: 127.0.0.1 - - [29/Jan/2024 11:05:02] "[36mGET /static/img/img-23.png HTTP/1.1[0m" 304 -
[2024-01-29 11:05:02,679] INFO in _internal: 127.0.0.1 - - [29/Jan/2024 11:05:02] "[36mGET /static/img/img-24.png HTTP/1.1[0m" 304 -
[2024-01-29 11:05:02,687] INFO in _internal: 127.0.0.1 - - [29/Jan/2024 11:05:02] "[36mGET /static/img/img-26.png HTTP/1.1[0m" 304 -
[2024-01-29 11:05:02,693] INFO in _internal: 127.0.0.1 - - [29/Jan/2024 11:05:02] "[36mGET /static/img/img-25.png HTTP/1.1[0m" 304 -
[2024-01-29 11:05:02,731] INFO in _internal: 127.0.0.1 - - [29/Jan/2024 11:05:02] "[36mGET /static/img/img-28.png HTTP/1.1[0m" 304 -
[2024-01-29 11:05:02,734] INFO in _internal: 127.0.0.1 - - [29/Jan/2024 11:05:02] "[36mGET /static/img/img-27.png HTTP/1.1[0m" 304 -
[2024-01-29 11:05:02,734] INFO in _internal: 127.0.0.1 - - [29/Jan/2024 11:05:02] "[36mGET /static/img/img-29.png HTTP/1.1[0m" 304 -
[2024-01-29 11:05:02,742] INFO in _internal: 127.0.0.1 - - [29/Jan/2024 11:05:02] "[36mGET /static/img/img-30.png HTTP/1.1[0m" 304 -
[2024-01-29 11:05:02,744] INFO in _internal: 127.0.0.1 - - [29/Jan/2024 11:05:02] "[36mGET /static/img/img-31.png HTTP/1.1[0m" 304 -
[2024-01-29 11:05:02,749] INFO in _internal: 127.0.0.1 - - [29/Jan/2024 11:05:02] "[36mGET /static/img/img-32.png HTTP/1.1[0m" 304 -
[2024-01-29 11:05:02,759] INFO in _internal: 127.0.0.1 - - [29/Jan/2024 11:05:02] "[36mGET /static/img/img-33.png HTTP/1.1[0m" 304 -
[2024-01-29 11:05:02,762] INFO in _internal: 127.0.0.1 - - [29/Jan/2024 11:05:02] "[36mGET /static/img/img-34.png HTTP/1.1[0m" 304 -
[2024-01-29 11:05:02,770] INFO in _internal: 127.0.0.1 - - [29/Jan/2024 11:05:02] "[36mGET /static/img/img-35.png HTTP/1.1[0m" 304 -
[2024-01-29 11:05:02,775] INFO in _internal: 127.0.0.1 - - [29/Jan/2024 11:05:02] "[36mGET /static/img/img-36.png HTTP/1.1[0m" 304 -
[2024-01-29 11:05:02,779] INFO in _internal: 127.0.0.1 - - [29/Jan/2024 11:05:02] "[36mGET /static/img/img-37.png HTTP/1.1[0m" 304 -
[2024-01-29 11:05:02,781] INFO in _internal: 127.0.0.1 - - [29/Jan/2024 11:05:02] "[36mGET /static/img/img-38.png HTTP/1.1[0m" 304 -
[2024-01-29 11:05:02,786] INFO in _internal: 127.0.0.1 - - [29/Jan/2024 11:05:02] "[36mGET /static/img/img-39.png HTTP/1.1[0m" 304 -
[2024-01-29 11:05:02,790] INFO in _internal: 127.0.0.1 - - [29/Jan/2024 11:05:02] "[36mGET /static/img/img-40.png HTTP/1.1[0m" 304 -
[2024-01-29 11:05:02,791] INFO in _internal: 127.0.0.1 - - [29/Jan/2024 11:05:02] "[36mGET /static/img/img-41.png HTTP/1.1[0m" 304 -
[2024-01-29 11:05:02,793] INFO in _internal: 127.0.0.1 - - [29/Jan/2024 11:05:02] "[36mGET /static/img/img-42.png HTTP/1.1[0m" 304 -
[2024-01-29 11:05:02,800] INFO in _internal: 127.0.0.1 - - [29/Jan/2024 11:05:02] "[36mGET /static/img/img-43.png HTTP/1.1[0m" 304 -
[2024-01-29 11:05:02,809] INFO in _internal: 127.0.0.1 - - [29/Jan/2024 11:05:02] "[36mGET /static/img/img-44.png HTTP/1.1[0m" 304 -
[2024-01-29 11:05:02,827] INFO in _internal: 127.0.0.1 - - [29/Jan/2024 11:05:02] "[36mGET /static/img/img-50.png HTTP/1.1[0m" 304 -
[2024-01-29 11:05:02,833] INFO in _internal: 127.0.0.1 - - [29/Jan/2024 11:05:02] "[36mGET /static/img/img-51.png HTTP/1.1[0m" 304 -
[2024-01-29 11:05:02,834] INFO in _internal: 127.0.0.1 - - [29/Jan/2024 11:05:02] "[36mGET /static/img/img-52.png HTTP/1.1[0m" 304 -
[2024-01-29 11:05:02,841] INFO in _internal: 127.0.0.1 - - [29/Jan/2024 11:05:02] "[36mGET /static/img/img-53.png HTTP/1.1[0m" 304 -
[2024-01-29 11:05:02,880] INFO in _internal: 127.0.0.1 - - [29/Jan/2024 11:05:02] "[36mGET /static/img/img-55.png HTTP/1.1[0m" 304 -
[2024-01-29 11:05:02,882] INFO in _internal: 127.0.0.1 - - [29/Jan/2024 11:05:02] "[36mGET /static/img/img-54.png HTTP/1.1[0m" 304 -
[2024-01-29 11:05:02,888] INFO in _internal: 127.0.0.1 - - [29/Jan/2024 11:05:02] "[36mGET /static/img/img-56.png HTTP/1.1[0m" 304 -
[2024-01-29 11:05:02,893] INFO in _internal: 127.0.0.1 - - [29/Jan/2024 11:05:02] "[36mGET /static/img/img-57.png HTTP/1.1[0m" 304 -
[2024-01-29 11:05:02,895] INFO in _internal: 127.0.0.1 - - [29/Jan/2024 11:05:02] "[36mGET /static/img/img-58.png HTTP/1.1[0m" 304 -
[2024-01-29 11:05:02,900] INFO in _internal: 127.0.0.1 - - [29/Jan/2024 11:05:02] "[36mGET /static/img/img-59.png HTTP/1.1[0m" 304 -
[2024-01-29 11:05:02,906] INFO in _internal: 127.0.0.1 - - [29/Jan/2024 11:05:02] "[36mGET /static/img/img-60.png HTTP/1.1[0m" 304 -
[2024-01-29 11:05:02,911] INFO in _internal: 127.0.0.1 - - [29/Jan/2024 11:05:02] "[36mGET /static/img/img-61.png HTTP/1.1[0m" 304 -
[2024-01-29 11:05:02,914] INFO in _internal: 127.0.0.1 - - [29/Jan/2024 11:05:02] "[36mGET /static/img/img-62.png HTTP/1.1[0m" 304 -
[2024-01-29 11:05:02,922] INFO in _internal: 127.0.0.1 - - [29/Jan/2024 11:05:02] "[36mGET /static/img/img-63.png HTTP/1.1[0m" 304 -
[2024-01-29 11:05:02,925] INFO in _internal: 127.0.0.1 - - [29/Jan/2024 11:05:02] "[36mGET /static/img/img-64.png HTTP/1.1[0m" 304 -
[2024-01-29 11:05:02,928] INFO in _internal: 127.0.0.1 - - [29/Jan/2024 11:05:02] "[36mGET /static/img/img-65.png HTTP/1.1[0m" 304 -
[2024-01-29 11:05:02,938] INFO in _internal: 127.0.0.1 - - [29/Jan/2024 11:05:02] "[36mGET /static/img/img-66.png HTTP/1.1[0m" 304 -
[2024-01-29 11:05:02,939] INFO in _internal: 127.0.0.1 - - [29/Jan/2024 11:05:02] "[36mGET /static/img/img-67.png HTTP/1.1[0m" 304 -
[2024-01-29 11:05:02,942] INFO in _internal: 127.0.0.1 - - [29/Jan/2024 11:05:02] "[36mGET /static/img/img-68.png HTTP/1.1[0m" 304 -
[2024-01-29 11:05:02,950] INFO in _internal: 127.0.0.1 - - [29/Jan/2024 11:05:02] "[36mGET /static/img/img-69.png HTTP/1.1[0m" 304 -
[2024-01-29 11:05:02,953] INFO in _internal: 127.0.0.1 - - [29/Jan/2024 11:05:02] "[36mGET /static/img/img-70.png HTTP/1.1[0m" 304 -
[2024-01-29 11:05:02,957] INFO in _internal: 127.0.0.1 - - [29/Jan/2024 11:05:02] "[36mGET /static/img/img-71.png HTTP/1.1[0m" 304 -
[2024-01-29 11:05:02,959] INFO in _internal: 127.0.0.1 - - [29/Jan/2024 11:05:02] "[36mGET /static/img/img-72.png HTTP/1.1[0m" 304 -
[2024-01-29 11:05:02,964] INFO in _internal: 127.0.0.1 - - [29/Jan/2024 11:05:02] "[36mGET /static/img/img-73.png HTTP/1.1[0m" 304 -
[2024-01-29 11:05:02,973] INFO in _internal: 127.0.0.1 - - [29/Jan/2024 11:05:02] "[36mGET /static/img/img-74.png HTTP/1.1[0m" 304 -
[2024-01-29 11:05:02,976] INFO in _internal: 127.0.0.1 - - [29/Jan/2024 11:05:02] "[36mGET /static/img/img-75.png HTTP/1.1[0m" 304 -
[2024-01-29 11:05:02,979] INFO in _internal: 127.0.0.1 - - [29/Jan/2024 11:05:02] "[36mGET /static/img/img-76.png HTTP/1.1[0m" 304 -
[2024-01-29 11:05:02,982] INFO in _internal: 127.0.0.1 - - [29/Jan/2024 11:05:02] "[36mGET /static/img/img-77.png HTTP/1.1[0m" 304 -
[2024-01-29 11:05:02,984] INFO in _internal: 127.0.0.1 - - [29/Jan/2024 11:05:02] "[36mGET /static/img/img-78.png HTTP/1.1[0m" 304 -
[2024-01-29 11:05:02,996] INFO in _internal: 127.0.0.1 - - [29/Jan/2024 11:05:02] "[36mGET /static/img/img-79.png HTTP/1.1[0m" 304 -
[2024-01-29 11:05:02,999] INFO in _internal: 127.0.0.1 - - [29/Jan/2024 11:05:02] "[36mGET /static/img/img-80.png HTTP/1.1[0m" 304 -
[2024-01-29 11:05:03,001] INFO in _internal: 127.0.0.1 - - [29/Jan/2024 11:05:03] "[36mGET /static/img/img-81.png HTTP/1.1[0m" 304 -
[2024-01-29 11:05:03,004] INFO in _internal: 127.0.0.1 - - [29/Jan/2024 11:05:03] "[36mGET /static/img/img-82.png HTTP/1.1[0m" 304 -
[2024-01-29 11:05:03,008] INFO in _internal: 127.0.0.1 - - [29/Jan/2024 11:05:03] "[36mGET /static/img/img-83.png HTTP/1.1[0m" 304 -
[2024-01-29 11:05:03,012] INFO in _internal: 127.0.0.1 - - [29/Jan/2024 11:05:03] "[36mGET /static/img/img-84.png HTTP/1.1[0m" 304 -
[2024-01-29 11:05:03,017] INFO in _internal: 127.0.0.1 - - [29/Jan/2024 11:05:03] "[36mGET /static/img/img-85.png HTTP/1.1[0m" 304 -
[2024-01-29 11:05:03,023] INFO in _internal: 127.0.0.1 - - [29/Jan/2024 11:05:03] "[36mGET /static/img/img-86.png HTTP/1.1[0m" 304 -
[2024-01-29 11:05:03,026] INFO in _internal: 127.0.0.1 - - [29/Jan/2024 11:05:03] "[36mGET /static/img/img-87.png HTTP/1.1[0m" 304 -
[2024-01-29 11:05:03,029] INFO in _internal: 127.0.0.1 - - [29/Jan/2024 11:05:03] "[36mGET /static/img/img-88.png HTTP/1.1[0m" 304 -
[2024-01-29 11:05:03,036] INFO in _internal: 127.0.0.1 - - [29/Jan/2024 11:05:03] "[36mGET /static/img/img-89.png HTTP/1.1[0m" 304 -
[2024-01-29 11:05:03,039] INFO in _internal: 127.0.0.1 - - [29/Jan/2024 11:05:03] "[36mGET /static/img/img-90.png HTTP/1.1[0m" 304 -
[2024-01-29 11:05:03,043] INFO in _internal: 127.0.0.1 - - [29/Jan/2024 11:05:03] "[36mGET /static/img/img-91.png HTTP/1.1[0m" 304 -
[2024-01-29 11:05:03,048] INFO in _internal: 127.0.0.1 - - [29/Jan/2024 11:05:03] "[36mGET /static/img/img-92.png HTTP/1.1[0m" 304 -
[2024-01-29 11:05:03,050] INFO in _internal: 127.0.0.1 - - [29/Jan/2024 11:05:03] "[36mGET /static/img/img-93.png HTTP/1.1[0m" 304 -
[2024-01-29 11:05:03,053] INFO in _internal: 127.0.0.1 - - [29/Jan/2024 11:05:03] "[36mGET /static/img/img-94.png HTTP/1.1[0m" 304 -
[2024-01-29 11:05:03,060] INFO in _internal: 127.0.0.1 - - [29/Jan/2024 11:05:03] "[36mGET /static/img/img-95.png HTTP/1.1[0m" 304 -
[2024-01-29 11:05:03,061] INFO in _internal: 127.0.0.1 - - [29/Jan/2024 11:05:03] "[36mGET /static/img/img-96.png HTTP/1.1[0m" 304 -
[2024-01-29 11:05:03,068] INFO in _internal: 127.0.0.1 - - [29/Jan/2024 11:05:03] "[36mGET /static/img/img-97.png HTTP/1.1[0m" 304 -
[2024-01-29 11:05:03,072] INFO in _internal: 127.0.0.1 - - [29/Jan/2024 11:05:03] "[36mGET /static/img/img-98.png HTTP/1.1[0m" 304 -
[2024-01-29 11:05:03,075] INFO in _internal: 127.0.0.1 - - [29/Jan/2024 11:05:03] "[36mGET /static/img/img-99.png HTTP/1.1[0m" 304 -
[2024-01-29 11:05:03,077] INFO in _internal: 127.0.0.1 - - [29/Jan/2024 11:05:03] "[36mGET /static/img/img-100.png HTTP/1.1[0m" 304 -
[2024-01-29 11:05:03,083] INFO in _internal: 127.0.0.1 - - [29/Jan/2024 11:05:03] "[36mGET /static/img/img-101.png HTTP/1.1[0m" 304 -
[2024-01-29 11:05:03,086] INFO in _internal: 127.0.0.1 - - [29/Jan/2024 11:05:03] "[36mGET /static/img/img-102.png HTTP/1.1[0m" 304 -
[2024-01-29 11:05:03,091] INFO in _internal: 127.0.0.1 - - [29/Jan/2024 11:05:03] "[36mGET /static/img/img-103.png HTTP/1.1[0m" 304 -
[2024-01-29 11:05:03,095] INFO in _internal: 127.0.0.1 - - [29/Jan/2024 11:05:03] "[36mGET /static/img/img-104.png HTTP/1.1[0m" 304 -
[2024-01-29 11:05:03,101] INFO in _internal: 127.0.0.1 - - [29/Jan/2024 11:05:03] "[36mGET /static/img/img-105.png HTTP/1.1[0m" 304 -
[2024-01-29 11:05:03,102] INFO in _internal: 127.0.0.1 - - [29/Jan/2024 11:05:03] "[36mGET /static/img/img-106.png HTTP/1.1[0m" 304 -
[2024-01-29 11:05:03,104] INFO in _internal: 127.0.0.1 - - [29/Jan/2024 11:05:03] "[36mGET /static/img/img-107.png HTTP/1.1[0m" 304 -
[2024-01-29 11:05:03,111] INFO in _internal: 127.0.0.1 - - [29/Jan/2024 11:05:03] "[36mGET /static/img/img-108.png HTTP/1.1[0m" 304 -
[2024-01-29 11:05:03,114] INFO in _internal: 127.0.0.1 - - [29/Jan/2024 11:05:03] "[36mGET /static/img/img-109.png HTTP/1.1[0m" 304 -
[2024-01-29 11:05:03,116] INFO in _internal: 127.0.0.1 - - [29/Jan/2024 11:05:03] "[36mGET /static/img/img-110.png HTTP/1.1[0m" 304 -
[2024-01-29 11:05:03,122] INFO in _internal: 127.0.0.1 - - [29/Jan/2024 11:05:03] "[36mGET /static/img/img-111.png HTTP/1.1[0m" 304 -
[2024-01-29 11:05:03,123] INFO in _internal: 127.0.0.1 - - [29/Jan/2024 11:05:03] "[36mGET /static/img/img-112.png HTTP/1.1[0m" 304 -
[2024-01-29 11:05:03,127] INFO in _internal: 127.0.0.1 - - [29/Jan/2024 11:05:03] "[36mGET /static/img/img-113.png HTTP/1.1[0m" 304 -
[2024-01-29 11:05:03,133] INFO in _internal: 127.0.0.1 - - [29/Jan/2024 11:05:03] "[36mGET /static/img/img-114.png HTTP/1.1[0m" 304 -
[2024-01-29 11:05:03,135] INFO in _internal: 127.0.0.1 - - [29/Jan/2024 11:05:03] "[36mGET /static/img/img-115.png HTTP/1.1[0m" 304 -
[2024-01-29 11:05:03,143] INFO in _internal: 127.0.0.1 - - [29/Jan/2024 11:05:03] "[36mGET /static/img/img-116.png HTTP/1.1[0m" 304 -
[2024-01-29 11:05:03,143] INFO in _internal: 127.0.0.1 - - [29/Jan/2024 11:05:03] "[36mGET /static/img/img-117.png HTTP/1.1[0m" 304 -
[2024-01-29 11:05:03,161] INFO in _internal: 127.0.0.1 - - [29/Jan/2024 11:05:03] "[36mGET /static/img/img-118.png HTTP/1.1[0m" 304 -
[2024-01-29 11:05:03,162] INFO in _internal: 127.0.0.1 - - [29/Jan/2024 11:05:03] "[36mGET /static/img/img-119.png HTTP/1.1[0m" 304 -
[2024-01-29 11:05:03,170] INFO in _internal: 127.0.0.1 - - [29/Jan/2024 11:05:03] "[36mGET /static/img/img-120.png HTTP/1.1[0m" 304 -
[2024-01-29 11:05:03,171] INFO in _internal: 127.0.0.1 - - [29/Jan/2024 11:05:03] "[36mGET /static/img/img-121.png HTTP/1.1[0m" 304 -
[2024-01-29 11:05:03,185] INFO in _internal: 127.0.0.1 - - [29/Jan/2024 11:05:03] "[36mGET /static/img/img-122.png HTTP/1.1[0m" 304 -
[2024-01-29 11:05:03,189] INFO in _internal: 127.0.0.1 - - [29/Jan/2024 11:05:03] "[36mGET /static/img/img-123.png HTTP/1.1[0m" 304 -
[2024-01-29 11:05:03,194] INFO in _internal: 127.0.0.1 - - [29/Jan/2024 11:05:03] "[36mGET /static/img/img-124.png HTTP/1.1[0m" 304 -
[2024-01-29 11:05:03,199] INFO in _internal: 127.0.0.1 - - [29/Jan/2024 11:05:03] "[36mGET /static/img/img-125.png HTTP/1.1[0m" 304 -
[2024-01-29 11:05:03,202] INFO in _internal: 127.0.0.1 - - [29/Jan/2024 11:05:03] "[36mGET /static/img/img-126.png HTTP/1.1[0m" 304 -
[2024-01-29 11:05:03,204] INFO in _internal: 127.0.0.1 - - [29/Jan/2024 11:05:03] "[36mGET /static/img/img-127.png HTTP/1.1[0m" 304 -
[2024-01-29 11:05:03,207] INFO in _internal: 127.0.0.1 - - [29/Jan/2024 11:05:03] "[36mGET /static/img/img-128.png HTTP/1.1[0m" 304 -
[2024-01-29 11:05:03,209] INFO in _internal: 127.0.0.1 - - [29/Jan/2024 11:05:03] "[36mGET /static/img/img-129.png HTTP/1.1[0m" 304 -
[2024-01-29 11:05:03,212] INFO in _internal: 127.0.0.1 - - [29/Jan/2024 11:05:03] "[36mGET /static/img/img-130.png HTTP/1.1[0m" 304 -
[2024-01-29 11:05:03,224] INFO in _internal: 127.0.0.1 - - [29/Jan/2024 11:05:03] "[36mGET /static/img/img-131.png HTTP/1.1[0m" 304 -
[2024-01-29 11:05:03,225] INFO in _internal: 127.0.0.1 - - [29/Jan/2024 11:05:03] "[36mGET /static/img/img-132.png HTTP/1.1[0m" 304 -
[2024-01-29 11:05:03,234] INFO in _internal: 127.0.0.1 - - [29/Jan/2024 11:05:03] "[36mGET /static/img/img-133.png HTTP/1.1[0m" 304 -
[2024-01-29 11:05:03,236] INFO in _internal: 127.0.0.1 - - [29/Jan/2024 11:05:03] "[36mGET /static/img/img-134.png HTTP/1.1[0m" 304 -
[2024-01-29 11:05:03,240] INFO in _internal: 127.0.0.1 - - [29/Jan/2024 11:05:03] "[36mGET /static/img/img-135.png HTTP/1.1[0m" 304 -
[2024-01-29 11:05:03,243] INFO in _internal: 127.0.0.1 - - [29/Jan/2024 11:05:03] "[36mGET /static/img/img-136.png HTTP/1.1[0m" 304 -
[2024-01-29 11:05:03,244] INFO in _internal: 127.0.0.1 - - [29/Jan/2024 11:05:03] "[36mGET /static/img/img-137.png HTTP/1.1[0m" 304 -
[2024-01-29 11:05:03,253] INFO in _internal: 127.0.0.1 - - [29/Jan/2024 11:05:03] "[36mGET /static/img/img-138.png HTTP/1.1[0m" 304 -
[2024-01-29 11:05:03,256] INFO in _internal: 127.0.0.1 - - [29/Jan/2024 11:05:03] "[36mGET /static/img/img-139.png HTTP/1.1[0m" 304 -
[2024-01-29 11:05:03,258] INFO in _internal: 127.0.0.1 - - [29/Jan/2024 11:05:03] "[36mGET /static/img/img-140.png HTTP/1.1[0m" 304 -
[2024-01-29 11:05:03,275] INFO in _internal: 127.0.0.1 - - [29/Jan/2024 11:05:03] "[36mGET /static/img/img-141.png HTTP/1.1[0m" 304 -
[2024-01-29 11:05:03,284] INFO in _internal: 127.0.0.1 - - [29/Jan/2024 11:05:03] "[36mGET /static/img/img-142.png HTTP/1.1[0m" 304 -
[2024-01-29 11:05:03,293] INFO in _internal: 127.0.0.1 - - [29/Jan/2024 11:05:03] "[36mGET /static/img/img-143.png HTTP/1.1[0m" 304 -
[2024-01-29 11:05:03,296] INFO in _internal: 127.0.0.1 - - [29/Jan/2024 11:05:03] "[36mGET /static/img/img-144.png HTTP/1.1[0m" 304 -
[2024-01-29 11:05:03,299] INFO in _internal: 127.0.0.1 - - [29/Jan/2024 11:05:03] "[36mGET /static/img/img-145.png HTTP/1.1[0m" 304 -
[2024-01-29 11:05:03,328] INFO in _internal: 127.0.0.1 - - [29/Jan/2024 11:05:03] "[36mGET /static/img/img-146.png HTTP/1.1[0m" 304 -
[2024-01-29 11:05:03,333] INFO in _internal: 127.0.0.1 - - [29/Jan/2024 11:05:03] "[36mGET /static/img/img-147.png HTTP/1.1[0m" 304 -
[2024-01-29 11:05:03,337] INFO in _internal: 127.0.0.1 - - [29/Jan/2024 11:05:03] "[36mGET /static/img/img-148.png HTTP/1.1[0m" 304 -
[2024-01-29 11:05:03,340] INFO in _internal: 127.0.0.1 - - [29/Jan/2024 11:05:03] "[36mGET /static/img/img-149.png HTTP/1.1[0m" 304 -
[2024-01-29 11:05:03,345] INFO in _internal: 127.0.0.1 - - [29/Jan/2024 11:05:03] "[36mGET /static/img/img-150.png HTTP/1.1[0m" 304 -
[2024-01-29 11:05:03,347] INFO in _internal: 127.0.0.1 - - [29/Jan/2024 11:05:03] "[36mGET /static/img/img-151.png HTTP/1.1[0m" 304 -
[2024-01-29 11:05:03,350] INFO in _internal: 127.0.0.1 - - [29/Jan/2024 11:05:03] "[36mGET /static/img/img-152.png HTTP/1.1[0m" 304 -
[2024-01-29 11:05:03,357] INFO in _internal: 127.0.0.1 - - [29/Jan/2024 11:05:03] "[36mGET /static/img/img-153.png HTTP/1.1[0m" 304 -
[2024-01-29 11:05:03,365] INFO in _internal: 127.0.0.1 - - [29/Jan/2024 11:05:03] "[36mGET /static/img/img-154.png HTTP/1.1[0m" 304 -
[2024-01-29 11:05:03,366] INFO in _internal: 127.0.0.1 - - [29/Jan/2024 11:05:03] "[36mGET /static/img/img-155.png HTTP/1.1[0m" 304 -
[2024-01-29 11:05:03,377] INFO in _internal: 127.0.0.1 - - [29/Jan/2024 11:05:03] "[36mGET /static/img/img-156.png HTTP/1.1[0m" 304 -
[2024-01-29 11:05:03,380] INFO in _internal: 127.0.0.1 - - [29/Jan/2024 11:05:03] "[36mGET /static/img/img-157.png HTTP/1.1[0m" 304 -
[2024-01-29 11:05:03,384] INFO in _internal: 127.0.0.1 - - [29/Jan/2024 11:05:03] "[36mGET /static/img/img-158.png HTTP/1.1[0m" 304 -
[2024-01-29 11:05:03,386] INFO in _internal: 127.0.0.1 - - [29/Jan/2024 11:05:03] "[36mGET /static/img/img-159.png HTTP/1.1[0m" 304 -
[2024-01-29 11:05:03,391] INFO in _internal: 127.0.0.1 - - [29/Jan/2024 11:05:03] "[36mGET /static/img/img-160.png HTTP/1.1[0m" 304 -
[2024-01-29 11:05:03,400] INFO in _internal: 127.0.0.1 - - [29/Jan/2024 11:05:03] "[36mGET /static/img/img-161.png HTTP/1.1[0m" 304 -
[2024-01-29 11:05:03,407] INFO in _internal: 127.0.0.1 - - [29/Jan/2024 11:05:03] "[36mGET /static/img/img-162.png HTTP/1.1[0m" 304 -
[2024-01-29 11:05:03,415] INFO in _internal: 127.0.0.1 - - [29/Jan/2024 11:05:03] "[36mGET /static/img/img-163.png HTTP/1.1[0m" 304 -
[2024-01-29 11:05:03,421] INFO in _internal: 127.0.0.1 - - [29/Jan/2024 11:05:03] "[36mGET /static/img/img-164.png HTTP/1.1[0m" 304 -
[2024-01-29 11:05:03,426] INFO in _internal: 127.0.0.1 - - [29/Jan/2024 11:05:03] "[36mGET /static/img/img-165.png HTTP/1.1[0m" 304 -
[2024-01-29 11:05:03,438] INFO in _internal: 127.0.0.1 - - [29/Jan/2024 11:05:03] "[36mGET /static/img/img-166.png HTTP/1.1[0m" 304 -
[2024-01-29 11:05:03,441] INFO in _internal: 127.0.0.1 - - [29/Jan/2024 11:05:03] "[36mGET /static/img/img-167.png HTTP/1.1[0m" 304 -
[2024-01-29 11:05:03,442] INFO in _internal: 127.0.0.1 - - [29/Jan/2024 11:05:03] "[36mGET /static/img/img-168.png HTTP/1.1[0m" 304 -
[2024-01-29 11:05:03,449] INFO in _internal: 127.0.0.1 - - [29/Jan/2024 11:05:03] "[36mGET /static/img/img-169.png HTTP/1.1[0m" 304 -
[2024-01-29 11:05:03,456] INFO in _internal: 127.0.0.1 - - [29/Jan/2024 11:05:03] "[36mGET /static/img/img-170.png HTTP/1.1[0m" 304 -
[2024-01-29 11:05:03,462] INFO in _internal: 127.0.0.1 - - [29/Jan/2024 11:05:03] "[36mGET /static/img/img-171.png HTTP/1.1[0m" 304 -
[2024-01-29 11:05:03,463] INFO in _internal: 127.0.0.1 - - [29/Jan/2024 11:05:03] "[36mGET /static/img/img-172.png HTTP/1.1[0m" 304 -
[2024-01-29 11:05:03,481] INFO in _internal: 127.0.0.1 - - [29/Jan/2024 11:05:03] "[36mGET /static/img/img-173.png HTTP/1.1[0m" 304 -
[2024-01-29 11:05:03,484] INFO in _internal: 127.0.0.1 - - [29/Jan/2024 11:05:03] "[36mGET /static/img/img-174.png HTTP/1.1[0m" 304 -
[2024-01-29 11:05:03,487] INFO in _internal: 127.0.0.1 - - [29/Jan/2024 11:05:03] "[36mGET /static/img/img-175.png HTTP/1.1[0m" 304 -
[2024-01-29 11:05:03,492] INFO in _internal: 127.0.0.1 - - [29/Jan/2024 11:05:03] "[36mGET /static/img/img-176.png HTTP/1.1[0m" 304 -
[2024-01-29 11:05:03,496] INFO in _internal: 127.0.0.1 - - [29/Jan/2024 11:05:03] "[36mGET /static/img/img-177.png HTTP/1.1[0m" 304 -
[2024-01-29 11:05:03,498] INFO in _internal: 127.0.0.1 - - [29/Jan/2024 11:05:03] "[36mGET /static/img/img-178.png HTTP/1.1[0m" 304 -
[2024-01-29 11:05:03,500] INFO in _internal: 127.0.0.1 - - [29/Jan/2024 11:05:03] "[36mGET /static/img/img-179.png HTTP/1.1[0m" 304 -
[2024-01-29 11:05:03,507] INFO in _internal: 127.0.0.1 - - [29/Jan/2024 11:05:03] "[36mGET /static/img/img-180.png HTTP/1.1[0m" 304 -
[2024-01-29 11:05:03,512] INFO in _internal: 127.0.0.1 - - [29/Jan/2024 11:05:03] "[36mGET /static/img/img-181.png HTTP/1.1[0m" 304 -
[2024-01-29 11:05:03,520] INFO in _internal: 127.0.0.1 - - [29/Jan/2024 11:05:03] "[36mGET /static/img/img-182.png HTTP/1.1[0m" 304 -
[2024-01-29 11:05:03,521] INFO in _internal: 127.0.0.1 - - [29/Jan/2024 11:05:03] "[36mGET /static/img/img-183.png HTTP/1.1[0m" 304 -
[2024-01-29 11:05:03,523] INFO in _internal: 127.0.0.1 - - [29/Jan/2024 11:05:03] "[36mGET /static/img/img-184.png HTTP/1.1[0m" 304 -
[2024-01-29 11:05:03,533] INFO in _internal: 127.0.0.1 - - [29/Jan/2024 11:05:03] "[36mGET /static/img/img-185.png HTTP/1.1[0m" 304 -
[2024-01-29 11:05:03,535] INFO in _internal: 127.0.0.1 - - [29/Jan/2024 11:05:03] "[36mGET /static/img/img-186.png HTTP/1.1[0m" 304 -
[2024-01-29 11:05:03,540] INFO in _internal: 127.0.0.1 - - [29/Jan/2024 11:05:03] "[36mGET /static/img/img-187.png HTTP/1.1[0m" 304 -
[2024-01-29 11:05:03,542] INFO in _internal: 127.0.0.1 - - [29/Jan/2024 11:05:03] "[36mGET /static/img/img-188.png HTTP/1.1[0m" 304 -
[2024-01-29 11:05:03,550] INFO in _internal: 127.0.0.1 - - [29/Jan/2024 11:05:03] "[36mGET /static/img/img-189.png HTTP/1.1[0m" 304 -
[2024-01-29 11:05:03,556] INFO in _internal: 127.0.0.1 - - [29/Jan/2024 11:05:03] "[36mGET /static/img/img-190.png HTTP/1.1[0m" 304 -
[2024-01-29 11:05:03,558] INFO in _internal: 127.0.0.1 - - [29/Jan/2024 11:05:03] "[36mGET /static/img/img-191.png HTTP/1.1[0m" 304 -
[2024-01-29 11:05:03,560] INFO in _internal: 127.0.0.1 - - [29/Jan/2024 11:05:03] "[36mGET /static/img/img-192.png HTTP/1.1[0m" 304 -
[2024-01-29 11:05:43,988] INFO in _internal: 127.0.0.1 - - [29/Jan/2024 11:05:43] "GET /info HTTP/1.1" 200 -
[2024-01-29 11:05:44,016] INFO in _internal: 127.0.0.1 - - [29/Jan/2024 11:05:44] "GET /static/css/info.css HTTP/1.1" 200 -
[2024-01-29 11:05:44,017] INFO in _internal: 127.0.0.1 - - [29/Jan/2024 11:05:44] "[36mGET /static/img/logo.png HTTP/1.1[0m" 304 -
[2024-01-29 11:05:44,020] INFO in _internal: 127.0.0.1 - - [29/Jan/2024 11:05:44] "[36mGET /static/js/info.js HTTP/1.1[0m" 304 -
[2024-01-29 11:05:44,076] INFO in _internal: 127.0.0.1 - - [29/Jan/2024 11:05:44] "[36mGET /static/img/img-1.png HTTP/1.1[0m" 304 -
[2024-01-29 11:05:44,091] INFO in _internal: 127.0.0.1 - - [29/Jan/2024 11:05:44] "[36mGET /static/img/img-3.png HTTP/1.1[0m" 304 -
[2024-01-29 11:05:44,095] INFO in _internal: 127.0.0.1 - - [29/Jan/2024 11:05:44] "[36mGET /static/img/img-2.png HTTP/1.1[0m" 304 -
[2024-01-29 11:05:44,096] INFO in _internal: 127.0.0.1 - - [29/Jan/2024 11:05:44] "[36mGET /static/img/img-4.png HTTP/1.1[0m" 304 -
[2024-01-29 11:05:44,100] INFO in _internal: 127.0.0.1 - - [29/Jan/2024 11:05:44] "[36mGET /static/img/img-5.png HTTP/1.1[0m" 304 -
[2024-01-29 11:05:44,107] INFO in _internal: 127.0.0.1 - - [29/Jan/2024 11:05:44] "[36mGET /static/img/img-6.png HTTP/1.1[0m" 304 -
[2024-01-29 11:05:44,110] INFO in _internal: 127.0.0.1 - - [29/Jan/2024 11:05:44] "[36mGET /static/img/img-7.png HTTP/1.1[0m" 304 -
[2024-01-29 11:05:44,113] INFO in _internal: 127.0.0.1 - - [29/Jan/2024 11:05:44] "[36mGET /static/img/img-8.png HTTP/1.1[0m" 304 -
[2024-01-29 11:05:44,115] INFO in _internal: 127.0.0.1 - - [29/Jan/2024 11:05:44] "[36mGET /static/img/img-9.png HTTP/1.1[0m" 304 -
[2024-01-29 11:05:44,124] INFO in _internal: 127.0.0.1 - - [29/Jan/2024 11:05:44] "[36mGET /static/img/img-10.png HTTP/1.1[0m" 304 -
[2024-01-29 11:05:44,135] INFO in _internal: 127.0.0.1 - - [29/Jan/2024 11:05:44] "[36mGET /static/img/img-11.png HTTP/1.1[0m" 304 -
[2024-01-29 11:05:44,138] INFO in _internal: 127.0.0.1 - - [29/Jan/2024 11:05:44] "[36mGET /static/img/img-12.png HTTP/1.1[0m" 304 -
[2024-01-29 11:05:44,145] INFO in _internal: 127.0.0.1 - - [29/Jan/2024 11:05:44] "[36mGET /static/img/img-13.png HTTP/1.1[0m" 304 -
[2024-01-29 11:05:44,159] INFO in _internal: 127.0.0.1 - - [29/Jan/2024 11:05:44] "[36mGET /static/img/img-14.png HTTP/1.1[0m" 304 -
[2024-01-29 11:05:44,160] INFO in _internal: 127.0.0.1 - - [29/Jan/2024 11:05:44] "[36mGET /static/img/img-15.png HTTP/1.1[0m" 304 -
[2024-01-29 11:05:44,161] INFO in _internal: 127.0.0.1 - - [29/Jan/2024 11:05:44] "[36mGET /static/img/img-16.png HTTP/1.1[0m" 304 -
[2024-01-29 11:05:44,175] INFO in _internal: 127.0.0.1 - - [29/Jan/2024 11:05:44] "[36mGET /static/img/img-17.png HTTP/1.1[0m" 304 -
[2024-01-29 11:05:44,178] INFO in _internal: 127.0.0.1 - - [29/Jan/2024 11:05:44] "[36mGET /static/img/img-18.png HTTP/1.1[0m" 304 -
[2024-01-29 11:05:44,182] INFO in _internal: 127.0.0.1 - - [29/Jan/2024 11:05:44] "[36mGET /static/img/img-19.png HTTP/1.1[0m" 304 -
[2024-01-29 11:05:44,193] INFO in _internal: 127.0.0.1 - - [29/Jan/2024 11:05:44] "[36mGET /static/img/img-20.png HTTP/1.1[0m" 304 -
[2024-01-29 11:05:44,202] INFO in _internal: 127.0.0.1 - - [29/Jan/2024 11:05:44] "[36mGET /static/img/img-21.png HTTP/1.1[0m" 304 -
[2024-01-29 11:05:44,216] INFO in _internal: 127.0.0.1 - - [29/Jan/2024 11:05:44] "[36mGET /static/img/img-22.png HTTP/1.1[0m" 304 -
[2024-01-29 11:05:44,247] INFO in _internal: 127.0.0.1 - - [29/Jan/2024 11:05:44] "[36mGET /static/img/img-23.png HTTP/1.1[0m" 304 -
[2024-01-29 11:05:44,248] INFO in _internal: 127.0.0.1 - - [29/Jan/2024 11:05:44] "[36mGET /static/img/img-24.png HTTP/1.1[0m" 304 -
[2024-01-29 11:05:44,272] INFO in _internal: 127.0.0.1 - - [29/Jan/2024 11:05:44] "[36mGET /static/img/img-46.png HTTP/1.1[0m" 304 -
[2024-01-29 11:05:44,288] INFO in _internal: 127.0.0.1 - - [29/Jan/2024 11:05:44] "[36mGET /static/img/img-47.png HTTP/1.1[0m" 304 -
[2024-01-29 11:05:44,291] INFO in _internal: 127.0.0.1 - - [29/Jan/2024 11:05:44] "[36mGET /static/img/img-45.png HTTP/1.1[0m" 304 -
[2024-01-29 11:05:44,294] INFO in _internal: 127.0.0.1 - - [29/Jan/2024 11:05:44] "[36mGET /static/img/img-49.png HTTP/1.1[0m" 304 -
[2024-01-29 11:05:44,298] INFO in _internal: 127.0.0.1 - - [29/Jan/2024 11:05:44] "[36mGET /static/img/img-48.png HTTP/1.1[0m" 304 -
[2024-01-29 11:05:44,308] INFO in _internal: 127.0.0.1 - - [29/Jan/2024 11:05:44] "[36mGET /static/img/img-25.png HTTP/1.1[0m" 304 -
[2024-01-29 11:05:44,313] INFO in _internal: 127.0.0.1 - - [29/Jan/2024 11:05:44] "[36mGET /static/img/img-26.png HTTP/1.1[0m" 304 -
[2024-01-29 11:05:44,319] INFO in _internal: 127.0.0.1 - - [29/Jan/2024 11:05:44] "[36mGET /static/img/img-27.png HTTP/1.1[0m" 304 -
[2024-01-29 11:05:44,321] INFO in _internal: 127.0.0.1 - - [29/Jan/2024 11:05:44] "[36mGET /static/img/img-28.png HTTP/1.1[0m" 304 -
[2024-01-29 11:05:44,326] INFO in _internal: 127.0.0.1 - - [29/Jan/2024 11:05:44] "[36mGET /static/img/img-29.png HTTP/1.1[0m" 304 -
[2024-01-29 11:05:44,334] INFO in _internal: 127.0.0.1 - - [29/Jan/2024 11:05:44] "[36mGET /static/img/img-30.png HTTP/1.1[0m" 304 -
[2024-01-29 11:05:44,339] INFO in _internal: 127.0.0.1 - - [29/Jan/2024 11:05:44] "[36mGET /static/img/img-31.png HTTP/1.1[0m" 304 -
[2024-01-29 11:05:44,343] INFO in _internal: 127.0.0.1 - - [29/Jan/2024 11:05:44] "[36mGET /static/img/img-32.png HTTP/1.1[0m" 304 -
[2024-01-29 11:05:44,348] INFO in _internal: 127.0.0.1 - - [29/Jan/2024 11:05:44] "[36mGET /static/img/img-33.png HTTP/1.1[0m" 304 -
[2024-01-29 11:05:44,354] INFO in _internal: 127.0.0.1 - - [29/Jan/2024 11:05:44] "[36mGET /static/img/img-34.png HTTP/1.1[0m" 304 -
[2024-01-29 11:05:44,361] INFO in _internal: 127.0.0.1 - - [29/Jan/2024 11:05:44] "[36mGET /static/img/img-35.png HTTP/1.1[0m" 304 -
[2024-01-29 11:05:44,378] INFO in _internal: 127.0.0.1 - - [29/Jan/2024 11:05:44] "[36mGET /static/img/img-36.png HTTP/1.1[0m" 304 -
[2024-01-29 11:05:44,384] INFO in _internal: 127.0.0.1 - - [29/Jan/2024 11:05:44] "[36mGET /static/img/img-37.png HTTP/1.1[0m" 304 -
[2024-01-29 11:05:44,389] INFO in _internal: 127.0.0.1 - - [29/Jan/2024 11:05:44] "[36mGET /static/img/img-38.png HTTP/1.1[0m" 304 -
[2024-01-29 11:05:44,393] INFO in _internal: 127.0.0.1 - - [29/Jan/2024 11:05:44] "[36mGET /static/img/img-39.png HTTP/1.1[0m" 304 -
[2024-01-29 11:05:44,406] INFO in _internal: 127.0.0.1 - - [29/Jan/2024 11:05:44] "[36mGET /static/img/img-40.png HTTP/1.1[0m" 304 -
[2024-01-29 11:05:44,408] INFO in _internal: 127.0.0.1 - - [29/Jan/2024 11:05:44] "[36mGET /static/img/img-41.png HTTP/1.1[0m" 304 -
[2024-01-29 11:05:44,411] INFO in _internal: 127.0.0.1 - - [29/Jan/2024 11:05:44] "[36mGET /static/img/img-42.png HTTP/1.1[0m" 304 -
[2024-01-29 11:05:44,413] INFO in _internal: 127.0.0.1 - - [29/Jan/2024 11:05:44] "[36mGET /static/img/img-43.png HTTP/1.1[0m" 304 -
[2024-01-29 11:05:44,419] INFO in _internal: 127.0.0.1 - - [29/Jan/2024 11:05:44] "[36mGET /static/img/img-44.png HTTP/1.1[0m" 304 -
[2024-01-29 11:05:44,425] INFO in _internal: 127.0.0.1 - - [29/Jan/2024 11:05:44] "[36mGET /static/img/img-50.png HTTP/1.1[0m" 304 -
[2024-01-29 11:05:44,427] INFO in _internal: 127.0.0.1 - - [29/Jan/2024 11:05:44] "[36mGET /static/img/img-51.png HTTP/1.1[0m" 304 -
[2024-01-29 11:05:44,431] INFO in _internal: 127.0.0.1 - - [29/Jan/2024 11:05:44] "[36mGET /static/img/img-52.png HTTP/1.1[0m" 304 -
[2024-01-29 11:05:44,437] INFO in _internal: 127.0.0.1 - - [29/Jan/2024 11:05:44] "[36mGET /static/img/img-53.png HTTP/1.1[0m" 304 -
[2024-01-29 11:05:44,437] INFO in _internal: 127.0.0.1 - - [29/Jan/2024 11:05:44] "[36mGET /static/img/img-54.png HTTP/1.1[0m" 304 -
[2024-01-29 11:05:44,443] INFO in _internal: 127.0.0.1 - - [29/Jan/2024 11:05:44] "[36mGET /static/img/img-55.png HTTP/1.1[0m" 304 -
[2024-01-29 11:05:44,452] INFO in _internal: 127.0.0.1 - - [29/Jan/2024 11:05:44] "[36mGET /static/img/img-56.png HTTP/1.1[0m" 304 -
[2024-01-29 11:05:44,455] INFO in _internal: 127.0.0.1 - - [29/Jan/2024 11:05:44] "[36mGET /static/img/img-57.png HTTP/1.1[0m" 304 -
[2024-01-29 11:05:44,458] INFO in _internal: 127.0.0.1 - - [29/Jan/2024 11:05:44] "[36mGET /static/img/img-58.png HTTP/1.1[0m" 304 -
[2024-01-29 11:05:44,462] INFO in _internal: 127.0.0.1 - - [29/Jan/2024 11:05:44] "[36mGET /static/img/img-59.png HTTP/1.1[0m" 304 -
[2024-01-29 11:05:44,464] INFO in _internal: 127.0.0.1 - - [29/Jan/2024 11:05:44] "[36mGET /static/img/img-60.png HTTP/1.1[0m" 304 -
[2024-01-29 11:05:44,472] INFO in _internal: 127.0.0.1 - - [29/Jan/2024 11:05:44] "[36mGET /static/img/img-61.png HTTP/1.1[0m" 304 -
[2024-01-29 11:05:44,476] INFO in _internal: 127.0.0.1 - - [29/Jan/2024 11:05:44] "[36mGET /static/img/img-62.png HTTP/1.1[0m" 304 -
[2024-01-29 11:05:44,479] INFO in _internal: 127.0.0.1 - - [29/Jan/2024 11:05:44] "[36mGET /static/img/img-63.png HTTP/1.1[0m" 304 -
[2024-01-29 11:05:44,482] INFO in _internal: 127.0.0.1 - - [29/Jan/2024 11:05:44] "[36mGET /static/img/img-64.png HTTP/1.1[0m" 304 -
[2024-01-29 11:05:44,489] INFO in _internal: 127.0.0.1 - - [29/Jan/2024 11:05:44] "[36mGET /static/img/img-65.png HTTP/1.1[0m" 304 -
[2024-01-29 11:05:44,494] INFO in _internal: 127.0.0.1 - - [29/Jan/2024 11:05:44] "[36mGET /static/img/img-66.png HTTP/1.1[0m" 304 -
[2024-01-29 11:05:44,498] INFO in _internal: 127.0.0.1 - - [29/Jan/2024 11:05:44] "[36mGET /static/img/img-67.png HTTP/1.1[0m" 304 -
[2024-01-29 11:05:44,502] INFO in _internal: 127.0.0.1 - - [29/Jan/2024 11:05:44] "[36mGET /static/img/img-68.png HTTP/1.1[0m" 304 -
[2024-01-29 11:05:44,505] INFO in _internal: 127.0.0.1 - - [29/Jan/2024 11:05:44] "[36mGET /static/img/img-69.png HTTP/1.1[0m" 304 -
[2024-01-29 11:05:44,512] INFO in _internal: 127.0.0.1 - - [29/Jan/2024 11:05:44] "[36mGET /static/img/img-70.png HTTP/1.1[0m" 304 -
[2024-01-29 11:05:44,515] INFO in _internal: 127.0.0.1 - - [29/Jan/2024 11:05:44] "[36mGET /static/img/img-71.png HTTP/1.1[0m" 304 -
[2024-01-29 11:05:44,518] INFO in _internal: 127.0.0.1 - - [29/Jan/2024 11:05:44] "[36mGET /static/img/img-72.png HTTP/1.1[0m" 304 -
[2024-01-29 11:05:44,528] INFO in _internal: 127.0.0.1 - - [29/Jan/2024 11:05:44] "[36mGET /static/img/img-73.png HTTP/1.1[0m" 304 -
[2024-01-29 11:05:44,528] INFO in _internal: 127.0.0.1 - - [29/Jan/2024 11:05:44] "[36mGET /static/img/img-74.png HTTP/1.1[0m" 304 -
[2024-01-29 11:05:44,531] INFO in _internal: 127.0.0.1 - - [29/Jan/2024 11:05:44] "[36mGET /static/img/img-75.png HTTP/1.1[0m" 304 -
[2024-01-29 11:05:44,537] INFO in _internal: 127.0.0.1 - - [29/Jan/2024 11:05:44] "[36mGET /static/img/img-76.png HTTP/1.1[0m" 304 -
[2024-01-29 11:05:44,539] INFO in _internal: 127.0.0.1 - - [29/Jan/2024 11:05:44] "[36mGET /static/img/img-77.png HTTP/1.1[0m" 304 -
[2024-01-29 11:05:44,542] INFO in _internal: 127.0.0.1 - - [29/Jan/2024 11:05:44] "[36mGET /static/img/img-78.png HTTP/1.1[0m" 304 -
[2024-01-29 11:05:44,549] INFO in _internal: 127.0.0.1 - - [29/Jan/2024 11:05:44] "[36mGET /static/img/img-79.png HTTP/1.1[0m" 304 -
[2024-01-29 11:05:44,554] INFO in _internal: 127.0.0.1 - - [29/Jan/2024 11:05:44] "[36mGET /static/img/img-80.png HTTP/1.1[0m" 304 -
[2024-01-29 11:05:44,555] INFO in _internal: 127.0.0.1 - - [29/Jan/2024 11:05:44] "[36mGET /static/img/img-81.png HTTP/1.1[0m" 304 -
[2024-01-29 11:05:44,562] INFO in _internal: 127.0.0.1 - - [29/Jan/2024 11:05:44] "[36mGET /static/img/img-82.png HTTP/1.1[0m" 304 -
[2024-01-29 11:05:44,565] INFO in _internal: 127.0.0.1 - - [29/Jan/2024 11:05:44] "[36mGET /static/img/img-83.png HTTP/1.1[0m" 304 -
[2024-01-29 11:05:44,569] INFO in _internal: 127.0.0.1 - - [29/Jan/2024 11:05:44] "[36mGET /static/img/img-84.png HTTP/1.1[0m" 304 -
[2024-01-29 11:05:44,576] INFO in _internal: 127.0.0.1 - - [29/Jan/2024 11:05:44] "[36mGET /static/img/img-85.png HTTP/1.1[0m" 304 -
[2024-01-29 11:05:44,582] INFO in _internal: 127.0.0.1 - - [29/Jan/2024 11:05:44] "[36mGET /static/img/img-86.png HTTP/1.1[0m" 304 -
[2024-01-29 11:05:44,587] INFO in _internal: 127.0.0.1 - - [29/Jan/2024 11:05:44] "[36mGET /static/img/img-87.png HTTP/1.1[0m" 304 -
[2024-01-29 11:05:44,593] INFO in _internal: 127.0.0.1 - - [29/Jan/2024 11:05:44] "[36mGET /static/img/img-88.png HTTP/1.1[0m" 304 -
[2024-01-29 11:05:44,596] INFO in _internal: 127.0.0.1 - - [29/Jan/2024 11:05:44] "[36mGET /static/img/img-89.png HTTP/1.1[0m" 304 -
[2024-01-29 11:05:44,597] INFO in _internal: 127.0.0.1 - - [29/Jan/2024 11:05:44] "[36mGET /static/img/img-90.png HTTP/1.1[0m" 304 -
[2024-01-29 11:05:44,604] INFO in _internal: 127.0.0.1 - - [29/Jan/2024 11:05:44] "[36mGET /static/img/img-91.png HTTP/1.1[0m" 304 -
[2024-01-29 11:05:44,609] INFO in _internal: 127.0.0.1 - - [29/Jan/2024 11:05:44] "[36mGET /static/img/img-92.png HTTP/1.1[0m" 304 -
[2024-01-29 11:05:44,611] INFO in _internal: 127.0.0.1 - - [29/Jan/2024 11:05:44] "[36mGET /static/img/img-93.png HTTP/1.1[0m" 304 -
[2024-01-29 11:05:44,618] INFO in _internal: 127.0.0.1 - - [29/Jan/2024 11:05:44] "[36mGET /static/img/img-94.png HTTP/1.1[0m" 304 -
[2024-01-29 11:05:44,621] INFO in _internal: 127.0.0.1 - - [29/Jan/2024 11:05:44] "[36mGET /static/img/img-95.png HTTP/1.1[0m" 304 -
[2024-01-29 11:05:44,625] INFO in _internal: 127.0.0.1 - - [29/Jan/2024 11:05:44] "[36mGET /static/img/img-96.png HTTP/1.1[0m" 304 -
[2024-01-29 11:05:44,633] INFO in _internal: 127.0.0.1 - - [29/Jan/2024 11:05:44] "[36mGET /static/img/img-97.png HTTP/1.1[0m" 304 -
[2024-01-29 11:05:44,637] INFO in _internal: 127.0.0.1 - - [29/Jan/2024 11:05:44] "[36mGET /static/img/img-98.png HTTP/1.1[0m" 304 -
[2024-01-29 11:05:44,639] INFO in _internal: 127.0.0.1 - - [29/Jan/2024 11:05:44] "[36mGET /static/img/img-99.png HTTP/1.1[0m" 304 -
[2024-01-29 11:05:44,640] INFO in _internal: 127.0.0.1 - - [29/Jan/2024 11:05:44] "[36mGET /static/img/img-100.png HTTP/1.1[0m" 304 -
[2024-01-29 11:05:44,649] INFO in _internal: 127.0.0.1 - - [29/Jan/2024 11:05:44] "[36mGET /static/img/img-101.png HTTP/1.1[0m" 304 -
[2024-01-29 11:05:44,654] INFO in _internal: 127.0.0.1 - - [29/Jan/2024 11:05:44] "[36mGET /static/img/img-102.png HTTP/1.1[0m" 304 -
[2024-01-29 11:05:44,678] INFO in _internal: 127.0.0.1 - - [29/Jan/2024 11:05:44] "[36mGET /static/img/img-103.png HTTP/1.1[0m" 304 -
[2024-01-29 11:05:44,681] INFO in _internal: 127.0.0.1 - - [29/Jan/2024 11:05:44] "[36mGET /static/img/img-104.png HTTP/1.1[0m" 304 -
[2024-01-29 11:05:44,682] INFO in _internal: 127.0.0.1 - - [29/Jan/2024 11:05:44] "[36mGET /static/img/img-105.png HTTP/1.1[0m" 304 -
[2024-01-29 11:05:44,690] INFO in _internal: 127.0.0.1 - - [29/Jan/2024 11:05:44] "[36mGET /static/img/img-106.png HTTP/1.1[0m" 304 -
[2024-01-29 11:05:44,692] INFO in _internal: 127.0.0.1 - - [29/Jan/2024 11:05:44] "[36mGET /static/img/img-107.png HTTP/1.1[0m" 304 -
[2024-01-29 11:05:44,697] INFO in _internal: 127.0.0.1 - - [29/Jan/2024 11:05:44] "[36mGET /static/img/img-108.png HTTP/1.1[0m" 304 -
[2024-01-29 11:05:44,708] INFO in _internal: 127.0.0.1 - - [29/Jan/2024 11:05:44] "[36mGET /static/img/img-109.png HTTP/1.1[0m" 304 -
[2024-01-29 11:05:44,711] INFO in _internal: 127.0.0.1 - - [29/Jan/2024 11:05:44] "[36mGET /static/img/img-110.png HTTP/1.1[0m" 304 -
[2024-01-29 11:05:44,716] INFO in _internal: 127.0.0.1 - - [29/Jan/2024 11:05:44] "[36mGET /static/img/img-111.png HTTP/1.1[0m" 304 -
[2024-01-29 11:05:44,720] INFO in _internal: 127.0.0.1 - - [29/Jan/2024 11:05:44] "[36mGET /static/img/img-112.png HTTP/1.1[0m" 304 -
[2024-01-29 11:05:44,724] INFO in _internal: 127.0.0.1 - - [29/Jan/2024 11:05:44] "[36mGET /static/img/img-113.png HTTP/1.1[0m" 304 -
[2024-01-29 11:05:44,728] INFO in _internal: 127.0.0.1 - - [29/Jan/2024 11:05:44] "[36mGET /static/img/img-114.png HTTP/1.1[0m" 304 -
[2024-01-29 11:05:44,732] INFO in _internal: 127.0.0.1 - - [29/Jan/2024 11:05:44] "[36mGET /static/img/img-115.png HTTP/1.1[0m" 304 -
[2024-01-29 11:05:44,738] INFO in _internal: 127.0.0.1 - - [29/Jan/2024 11:05:44] "[36mGET /static/img/img-116.png HTTP/1.1[0m" 304 -
[2024-01-29 11:05:44,741] INFO in _internal: 127.0.0.1 - - [29/Jan/2024 11:05:44] "[36mGET /static/img/img-117.png HTTP/1.1[0m" 304 -
[2024-01-29 11:05:44,744] INFO in _internal: 127.0.0.1 - - [29/Jan/2024 11:05:44] "[36mGET /static/img/img-118.png HTTP/1.1[0m" 304 -
[2024-01-29 11:05:44,754] INFO in _internal: 127.0.0.1 - - [29/Jan/2024 11:05:44] "[36mGET /static/img/img-119.png HTTP/1.1[0m" 304 -
[2024-01-29 11:05:44,756] INFO in _internal: 127.0.0.1 - - [29/Jan/2024 11:05:44] "[36mGET /static/img/img-120.png HTTP/1.1[0m" 304 -
[2024-01-29 11:05:44,766] INFO in _internal: 127.0.0.1 - - [29/Jan/2024 11:05:44] "[36mGET /static/img/img-122.png HTTP/1.1[0m" 304 -
[2024-01-29 11:05:44,767] INFO in _internal: 127.0.0.1 - - [29/Jan/2024 11:05:44] "[36mGET /static/img/img-121.png HTTP/1.1[0m" 304 -
[2024-01-29 11:05:44,768] INFO in _internal: 127.0.0.1 - - [29/Jan/2024 11:05:44] "[36mGET /static/img/img-123.png HTTP/1.1[0m" 304 -
[2024-01-29 11:05:44,776] INFO in _internal: 127.0.0.1 - - [29/Jan/2024 11:05:44] "[36mGET /static/img/img-124.png HTTP/1.1[0m" 304 -
[2024-01-29 11:05:44,778] INFO in _internal: 127.0.0.1 - - [29/Jan/2024 11:05:44] "[36mGET /static/img/img-125.png HTTP/1.1[0m" 304 -
[2024-01-29 11:05:44,791] INFO in _internal: 127.0.0.1 - - [29/Jan/2024 11:05:44] "[36mGET /static/img/img-127.png HTTP/1.1[0m" 304 -
[2024-01-29 11:05:44,791] INFO in _internal: 127.0.0.1 - - [29/Jan/2024 11:05:44] "[36mGET /static/img/img-126.png HTTP/1.1[0m" 304 -
[2024-01-29 11:05:44,796] INFO in _internal: 127.0.0.1 - - [29/Jan/2024 11:05:44] "[36mGET /static/img/img-128.png HTTP/1.1[0m" 304 -
[2024-01-29 11:05:44,802] INFO in _internal: 127.0.0.1 - - [29/Jan/2024 11:05:44] "[36mGET /static/img/img-129.png HTTP/1.1[0m" 304 -
[2024-01-29 11:05:44,811] INFO in _internal: 127.0.0.1 - - [29/Jan/2024 11:05:44] "[36mGET /static/img/img-130.png HTTP/1.1[0m" 304 -
[2024-01-29 11:05:44,838] INFO in _internal: 127.0.0.1 - - [29/Jan/2024 11:05:44] "[36mGET /static/img/img-131.png HTTP/1.1[0m" 304 -
[2024-01-29 11:05:44,866] INFO in _internal: 127.0.0.1 - - [29/Jan/2024 11:05:44] "[36mGET /static/img/img-132.png HTTP/1.1[0m" 304 -
[2024-01-29 11:05:44,899] INFO in _internal: 127.0.0.1 - - [29/Jan/2024 11:05:44] "[36mGET /static/img/img-133.png HTTP/1.1[0m" 304 -
[2024-01-29 11:05:44,921] INFO in _internal: 127.0.0.1 - - [29/Jan/2024 11:05:44] "[36mGET /static/img/img-134.png HTTP/1.1[0m" 304 -
[2024-01-29 11:05:44,931] INFO in _internal: 127.0.0.1 - - [29/Jan/2024 11:05:44] "[36mGET /static/img/img-135.png HTTP/1.1[0m" 304 -
[2024-01-29 11:05:44,939] INFO in _internal: 127.0.0.1 - - [29/Jan/2024 11:05:44] "[36mGET /static/img/img-136.png HTTP/1.1[0m" 304 -
[2024-01-29 11:05:44,954] INFO in _internal: 127.0.0.1 - - [29/Jan/2024 11:05:44] "[36mGET /static/img/img-137.png HTTP/1.1[0m" 304 -
[2024-01-29 11:05:44,960] INFO in _internal: 127.0.0.1 - - [29/Jan/2024 11:05:44] "[36mGET /static/img/img-138.png HTTP/1.1[0m" 304 -
[2024-01-29 11:05:44,973] INFO in _internal: 127.0.0.1 - - [29/Jan/2024 11:05:44] "[36mGET /static/img/img-139.png HTTP/1.1[0m" 304 -
[2024-01-29 11:05:44,978] INFO in _internal: 127.0.0.1 - - [29/Jan/2024 11:05:44] "[36mGET /static/img/img-140.png HTTP/1.1[0m" 304 -
[2024-01-29 11:05:44,985] INFO in _internal: 127.0.0.1 - - [29/Jan/2024 11:05:44] "[36mGET /static/img/img-141.png HTTP/1.1[0m" 304 -
[2024-01-29 11:05:44,991] INFO in _internal: 127.0.0.1 - - [29/Jan/2024 11:05:44] "[36mGET /static/img/img-142.png HTTP/1.1[0m" 304 -
[2024-01-29 11:05:44,994] INFO in _internal: 127.0.0.1 - - [29/Jan/2024 11:05:44] "[36mGET /static/img/img-143.png HTTP/1.1[0m" 304 -
[2024-01-29 11:05:45,005] INFO in _internal: 127.0.0.1 - - [29/Jan/2024 11:05:45] "[36mGET /static/img/img-144.png HTTP/1.1[0m" 304 -
[2024-01-29 11:05:45,009] INFO in _internal: 127.0.0.1 - - [29/Jan/2024 11:05:45] "[36mGET /static/img/img-145.png HTTP/1.1[0m" 304 -
[2024-01-29 11:05:45,023] INFO in _internal: 127.0.0.1 - - [29/Jan/2024 11:05:45] "[36mGET /static/img/img-146.png HTTP/1.1[0m" 304 -
[2024-01-29 11:05:45,051] INFO in _internal: 127.0.0.1 - - [29/Jan/2024 11:05:45] "[36mGET /static/img/img-147.png HTTP/1.1[0m" 304 -
[2024-01-29 11:05:45,078] INFO in _internal: 127.0.0.1 - - [29/Jan/2024 11:05:45] "[36mGET /static/img/img-148.png HTTP/1.1[0m" 304 -
[2024-01-29 11:05:45,082] INFO in _internal: 127.0.0.1 - - [29/Jan/2024 11:05:45] "[36mGET /static/img/img-149.png HTTP/1.1[0m" 304 -
[2024-01-29 11:05:45,089] INFO in _internal: 127.0.0.1 - - [29/Jan/2024 11:05:45] "[36mGET /static/img/img-150.png HTTP/1.1[0m" 304 -
[2024-01-29 11:05:45,091] INFO in _internal: 127.0.0.1 - - [29/Jan/2024 11:05:45] "[36mGET /static/img/img-151.png HTTP/1.1[0m" 304 -
[2024-01-29 11:05:45,105] INFO in _internal: 127.0.0.1 - - [29/Jan/2024 11:05:45] "[36mGET /static/img/img-152.png HTTP/1.1[0m" 304 -
[2024-01-29 11:05:45,109] INFO in _internal: 127.0.0.1 - - [29/Jan/2024 11:05:45] "[36mGET /static/img/img-153.png HTTP/1.1[0m" 304 -
[2024-01-29 11:05:45,112] INFO in _internal: 127.0.0.1 - - [29/Jan/2024 11:05:45] "[36mGET /static/img/img-154.png HTTP/1.1[0m" 304 -
[2024-01-29 11:05:45,121] INFO in _internal: 127.0.0.1 - - [29/Jan/2024 11:05:45] "[36mGET /static/img/img-155.png HTTP/1.1[0m" 304 -
[2024-01-29 11:05:45,129] INFO in _internal: 127.0.0.1 - - [29/Jan/2024 11:05:45] "[36mGET /static/img/img-156.png HTTP/1.1[0m" 304 -
[2024-01-29 11:05:45,139] INFO in _internal: 127.0.0.1 - - [29/Jan/2024 11:05:45] "[36mGET /static/img/img-157.png HTTP/1.1[0m" 304 -
[2024-01-29 11:05:45,148] INFO in _internal: 127.0.0.1 - - [29/Jan/2024 11:05:45] "[36mGET /static/img/img-158.png HTTP/1.1[0m" 304 -
[2024-01-29 11:05:45,157] INFO in _internal: 127.0.0.1 - - [29/Jan/2024 11:05:45] "[36mGET /static/img/img-159.png HTTP/1.1[0m" 304 -
[2024-01-29 11:05:45,161] INFO in _internal: 127.0.0.1 - - [29/Jan/2024 11:05:45] "[36mGET /static/img/img-160.png HTTP/1.1[0m" 304 -
[2024-01-29 11:05:45,175] INFO in _internal: 127.0.0.1 - - [29/Jan/2024 11:05:45] "[36mGET /static/img/img-161.png HTTP/1.1[0m" 304 -
[2024-01-29 11:05:45,179] INFO in _internal: 127.0.0.1 - - [29/Jan/2024 11:05:45] "[36mGET /static/img/img-162.png HTTP/1.1[0m" 304 -
[2024-01-29 11:05:45,187] INFO in _internal: 127.0.0.1 - - [29/Jan/2024 11:05:45] "[36mGET /static/img/img-163.png HTTP/1.1[0m" 304 -
[2024-01-29 11:05:45,192] INFO in _internal: 127.0.0.1 - - [29/Jan/2024 11:05:45] "[36mGET /static/img/img-164.png HTTP/1.1[0m" 304 -
[2024-01-29 11:05:45,195] INFO in _internal: 127.0.0.1 - - [29/Jan/2024 11:05:45] "[36mGET /static/img/img-165.png HTTP/1.1[0m" 304 -
[2024-01-29 11:05:45,203] INFO in _internal: 127.0.0.1 - - [29/Jan/2024 11:05:45] "[36mGET /static/img/img-166.png HTTP/1.1[0m" 304 -
[2024-01-29 11:05:45,209] INFO in _internal: 127.0.0.1 - - [29/Jan/2024 11:05:45] "[36mGET /static/img/img-167.png HTTP/1.1[0m" 304 -
[2024-01-29 11:05:45,213] INFO in _internal: 127.0.0.1 - - [29/Jan/2024 11:05:45] "[36mGET /static/img/img-168.png HTTP/1.1[0m" 304 -
[2024-01-29 11:05:45,221] INFO in _internal: 127.0.0.1 - - [29/Jan/2024 11:05:45] "[36mGET /static/img/img-169.png HTTP/1.1[0m" 304 -
[2024-01-29 11:05:45,226] INFO in _internal: 127.0.0.1 - - [29/Jan/2024 11:05:45] "[36mGET /static/img/img-170.png HTTP/1.1[0m" 304 -
[2024-01-29 11:05:45,241] INFO in _internal: 127.0.0.1 - - [29/Jan/2024 11:05:45] "[36mGET /static/img/img-171.png HTTP/1.1[0m" 304 -
[2024-01-29 11:05:45,246] INFO in _internal: 127.0.0.1 - - [29/Jan/2024 11:05:45] "[36mGET /static/img/img-172.png HTTP/1.1[0m" 304 -
[2024-01-29 11:05:45,265] INFO in _internal: 127.0.0.1 - - [29/Jan/2024 11:05:45] "[36mGET /static/img/img-175.png HTTP/1.1[0m" 304 -
[2024-01-29 11:05:45,254] INFO in _internal: 127.0.0.1 - - [29/Jan/2024 11:05:45] "[36mGET /static/img/img-173.png HTTP/1.1[0m" 304 -
[2024-01-29 11:05:45,277] INFO in _internal: 127.0.0.1 - - [29/Jan/2024 11:05:45] "[36mGET /static/img/img-174.png HTTP/1.1[0m" 304 -
[2024-01-29 11:05:45,289] INFO in _internal: 127.0.0.1 - - [29/Jan/2024 11:05:45] "[36mGET /static/img/img-176.png HTTP/1.1[0m" 304 -
[2024-01-29 11:05:45,289] INFO in _internal: 127.0.0.1 - - [29/Jan/2024 11:05:45] "[36mGET /static/img/img-177.png HTTP/1.1[0m" 304 -
[2024-01-29 11:05:45,291] INFO in _internal: 127.0.0.1 - - [29/Jan/2024 11:05:45] "[36mGET /static/img/img-178.png HTTP/1.1[0m" 304 -
[2024-01-29 11:05:45,297] INFO in _internal: 127.0.0.1 - - [29/Jan/2024 11:05:45] "[36mGET /static/img/img-179.png HTTP/1.1[0m" 304 -
[2024-01-29 11:05:45,299] INFO in _internal: 127.0.0.1 - - [29/Jan/2024 11:05:45] "[36mGET /static/img/img-180.png HTTP/1.1[0m" 304 -
[2024-01-29 11:05:45,308] INFO in _internal: 127.0.0.1 - - [29/Jan/2024 11:05:45] "[36mGET /static/img/img-181.png HTTP/1.1[0m" 304 -
[2024-01-29 11:05:45,310] INFO in _internal: 127.0.0.1 - - [29/Jan/2024 11:05:45] "[36mGET /static/img/img-182.png HTTP/1.1[0m" 304 -
[2024-01-29 11:05:45,321] INFO in _internal: 127.0.0.1 - - [29/Jan/2024 11:05:45] "[36mGET /static/img/img-183.png HTTP/1.1[0m" 304 -
[2024-01-29 11:05:45,329] INFO in _internal: 127.0.0.1 - - [29/Jan/2024 11:05:45] "[36mGET /static/img/img-184.png HTTP/1.1[0m" 304 -
[2024-01-29 11:05:45,337] INFO in _internal: 127.0.0.1 - - [29/Jan/2024 11:05:45] "[36mGET /static/img/img-185.png HTTP/1.1[0m" 304 -
[2024-01-29 11:05:45,343] INFO in _internal: 127.0.0.1 - - [29/Jan/2024 11:05:45] "[36mGET /static/img/img-186.png HTTP/1.1[0m" 304 -
[2024-01-29 11:05:45,351] INFO in _internal: 127.0.0.1 - - [29/Jan/2024 11:05:45] "[36mGET /static/img/img-187.png HTTP/1.1[0m" 304 -
[2024-01-29 11:05:45,353] INFO in _internal: 127.0.0.1 - - [29/Jan/2024 11:05:45] "[36mGET /static/img/img-188.png HTTP/1.1[0m" 304 -
[2024-01-29 11:05:45,362] INFO in _internal: 127.0.0.1 - - [29/Jan/2024 11:05:45] "[36mGET /static/img/img-189.png HTTP/1.1[0m" 304 -
[2024-01-29 11:05:45,375] INFO in _internal: 127.0.0.1 - - [29/Jan/2024 11:05:45] "[36mGET /static/img/img-190.png HTTP/1.1[0m" 304 -
[2024-01-29 11:05:45,378] INFO in _internal: 127.0.0.1 - - [29/Jan/2024 11:05:45] "[36mGET /static/img/img-191.png HTTP/1.1[0m" 304 -
[2024-01-29 11:05:45,381] INFO in _internal: 127.0.0.1 - - [29/Jan/2024 11:05:45] "[36mGET /static/img/img-192.png HTTP/1.1[0m" 304 -
[2024-01-29 11:06:04,109] INFO in _internal: 127.0.0.1 - - [29/Jan/2024 11:06:04] "GET /info HTTP/1.1" 200 -
[2024-01-29 11:06:04,132] INFO in _internal: 127.0.0.1 - - [29/Jan/2024 11:06:04] "GET /static/css/info.css HTTP/1.1" 200 -
[2024-01-29 11:06:04,133] INFO in _internal: 127.0.0.1 - - [29/Jan/2024 11:06:04] "[36mGET /static/img/logo.png HTTP/1.1[0m" 304 -
[2024-01-29 11:06:04,136] INFO in _internal: 127.0.0.1 - - [29/Jan/2024 11:06:04] "[36mGET /static/js/info.js HTTP/1.1[0m" 304 -
[2024-01-29 11:06:04,154] INFO in _internal: 127.0.0.1 - - [29/Jan/2024 11:06:04] "[36mGET /static/img/img-1.png HTTP/1.1[0m" 304 -
[2024-01-29 11:06:04,165] INFO in _internal: 127.0.0.1 - - [29/Jan/2024 11:06:04] "[36mGET /static/img/img-2.png HTTP/1.1[0m" 304 -
[2024-01-29 11:06:04,167] INFO in _internal: 127.0.0.1 - - [29/Jan/2024 11:06:04] "[36mGET /static/img/img-3.png HTTP/1.1[0m" 304 -
[2024-01-29 11:06:04,167] INFO in _internal: 127.0.0.1 - - [29/Jan/2024 11:06:04] "[36mGET /static/img/img-4.png HTTP/1.1[0m" 304 -
[2024-01-29 11:06:04,171] INFO in _internal: 127.0.0.1 - - [29/Jan/2024 11:06:04] "[36mGET /static/img/img-6.png HTTP/1.1[0m" 304 -
[2024-01-29 11:06:04,171] INFO in _internal: 127.0.0.1 - - [29/Jan/2024 11:06:04] "[36mGET /static/img/img-5.png HTTP/1.1[0m" 304 -
[2024-01-29 11:06:04,172] INFO in _internal: 127.0.0.1 - - [29/Jan/2024 11:06:04] "[36mGET /static/img/img-7.png HTTP/1.1[0m" 304 -
[2024-01-29 11:06:04,180] INFO in _internal: 127.0.0.1 - - [29/Jan/2024 11:06:04] "[36mGET /static/img/img-8.png HTTP/1.1[0m" 304 -
[2024-01-29 11:06:04,187] INFO in _internal: 127.0.0.1 - - [29/Jan/2024 11:06:04] "[36mGET /static/img/img-9.png HTTP/1.1[0m" 304 -
[2024-01-29 11:06:04,193] INFO in _internal: 127.0.0.1 - - [29/Jan/2024 11:06:04] "[36mGET /static/img/img-10.png HTTP/1.1[0m" 304 -
[2024-01-29 11:06:04,200] INFO in _internal: 127.0.0.1 - - [29/Jan/2024 11:06:04] "[36mGET /static/img/img-11.png HTTP/1.1[0m" 304 -
[2024-01-29 11:06:04,205] INFO in _internal: 127.0.0.1 - - [29/Jan/2024 11:06:04] "[36mGET /static/img/img-12.png HTTP/1.1[0m" 304 -
[2024-01-29 11:06:04,210] INFO in _internal: 127.0.0.1 - - [29/Jan/2024 11:06:04] "[36mGET /static/img/img-13.png HTTP/1.1[0m" 304 -
[2024-01-29 11:06:04,213] INFO in _internal: 127.0.0.1 - - [29/Jan/2024 11:06:04] "[36mGET /static/img/img-14.png HTTP/1.1[0m" 304 -
[2024-01-29 11:06:04,222] INFO in _internal: 127.0.0.1 - - [29/Jan/2024 11:06:04] "[36mGET /static/img/img-15.png HTTP/1.1[0m" 304 -
[2024-01-29 11:06:04,225] INFO in _internal: 127.0.0.1 - - [29/Jan/2024 11:06:04] "[36mGET /static/img/img-16.png HTTP/1.1[0m" 304 -
[2024-01-29 11:06:04,255] INFO in _internal: 127.0.0.1 - - [29/Jan/2024 11:06:04] "[36mGET /static/img/img-47.png HTTP/1.1[0m" 304 -
[2024-01-29 11:06:04,261] INFO in _internal: 127.0.0.1 - - [29/Jan/2024 11:06:04] "[36mGET /static/img/img-46.png HTTP/1.1[0m" 304 -
[2024-01-29 11:06:04,227] INFO in _internal: 127.0.0.1 - - [29/Jan/2024 11:06:04] "[36mGET /static/img/img-17.png HTTP/1.1[0m" 304 -
[2024-01-29 11:06:04,242] INFO in _internal: 127.0.0.1 - - [29/Jan/2024 11:06:04] "[36mGET /static/img/img-18.png HTTP/1.1[0m" 304 -
[2024-01-29 11:06:04,273] INFO in _internal: 127.0.0.1 - - [29/Jan/2024 11:06:04] "[36mGET /static/img/img-49.png HTTP/1.1[0m" 304 -
[2024-01-29 11:06:04,276] INFO in _internal: 127.0.0.1 - - [29/Jan/2024 11:06:04] "[36mGET /static/img/img-45.png HTTP/1.1[0m" 304 -
[2024-01-29 11:06:04,279] INFO in _internal: 127.0.0.1 - - [29/Jan/2024 11:06:04] "[36mGET /static/img/img-50.png HTTP/1.1[0m" 304 -
[2024-01-29 11:06:04,284] INFO in _internal: 127.0.0.1 - - [29/Jan/2024 11:06:04] "[36mGET /static/img/img-48.png HTTP/1.1[0m" 304 -
[2024-01-29 11:06:04,296] INFO in _internal: 127.0.0.1 - - [29/Jan/2024 11:06:04] "[36mGET /static/img/img-19.png HTTP/1.1[0m" 304 -
[2024-01-29 11:06:04,309] INFO in _internal: 127.0.0.1 - - [29/Jan/2024 11:06:04] "[36mGET /static/img/img-20.png HTTP/1.1[0m" 304 -
[2024-01-29 11:06:04,311] INFO in _internal: 127.0.0.1 - - [29/Jan/2024 11:06:04] "[36mGET /static/img/img-21.png HTTP/1.1[0m" 304 -
[2024-01-29 11:06:04,317] INFO in _internal: 127.0.0.1 - - [29/Jan/2024 11:06:04] "[36mGET /static/img/img-22.png HTTP/1.1[0m" 304 -
[2024-01-29 11:06:04,339] INFO in _internal: 127.0.0.1 - - [29/Jan/2024 11:06:04] "[36mGET /static/img/img-23.png HTTP/1.1[0m" 304 -
[2024-01-29 11:06:04,344] INFO in _internal: 127.0.0.1 - - [29/Jan/2024 11:06:04] "[36mGET /static/img/img-24.png HTTP/1.1[0m" 304 -
[2024-01-29 11:06:04,346] INFO in _internal: 127.0.0.1 - - [29/Jan/2024 11:06:04] "[36mGET /static/img/img-25.png HTTP/1.1[0m" 304 -
[2024-01-29 11:06:04,348] INFO in _internal: 127.0.0.1 - - [29/Jan/2024 11:06:04] "[36mGET /static/img/img-26.png HTTP/1.1[0m" 304 -
[2024-01-29 11:06:04,361] INFO in _internal: 127.0.0.1 - - [29/Jan/2024 11:06:04] "[36mGET /static/img/img-27.png HTTP/1.1[0m" 304 -
[2024-01-29 11:06:04,361] INFO in _internal: 127.0.0.1 - - [29/Jan/2024 11:06:04] "[36mGET /static/img/img-28.png HTTP/1.1[0m" 304 -
[2024-01-29 11:06:04,367] INFO in _internal: 127.0.0.1 - - [29/Jan/2024 11:06:04] "[36mGET /static/img/img-29.png HTTP/1.1[0m" 304 -
[2024-01-29 11:06:04,375] INFO in _internal: 127.0.0.1 - - [29/Jan/2024 11:06:04] "[36mGET /static/img/img-30.png HTTP/1.1[0m" 304 -
[2024-01-29 11:06:04,377] INFO in _internal: 127.0.0.1 - - [29/Jan/2024 11:06:04] "[36mGET /static/img/img-31.png HTTP/1.1[0m" 304 -
[2024-01-29 11:06:04,387] INFO in _internal: 127.0.0.1 - - [29/Jan/2024 11:06:04] "[36mGET /static/img/img-32.png HTTP/1.1[0m" 304 -
[2024-01-29 11:06:04,390] INFO in _internal: 127.0.0.1 - - [29/Jan/2024 11:06:04] "[36mGET /static/img/img-33.png HTTP/1.1[0m" 304 -
[2024-01-29 11:06:04,393] INFO in _internal: 127.0.0.1 - - [29/Jan/2024 11:06:04] "[36mGET /static/img/img-34.png HTTP/1.1[0m" 304 -
[2024-01-29 11:06:04,398] INFO in _internal: 127.0.0.1 - - [29/Jan/2024 11:06:04] "[36mGET /static/img/img-35.png HTTP/1.1[0m" 304 -
[2024-01-29 11:06:04,402] INFO in _internal: 127.0.0.1 - - [29/Jan/2024 11:06:04] "[36mGET /static/img/img-36.png HTTP/1.1[0m" 304 -
[2024-01-29 11:06:04,406] INFO in _internal: 127.0.0.1 - - [29/Jan/2024 11:06:04] "[36mGET /static/img/img-37.png HTTP/1.1[0m" 304 -
[2024-01-29 11:06:04,418] INFO in _internal: 127.0.0.1 - - [29/Jan/2024 11:06:04] "[36mGET /static/img/img-38.png HTTP/1.1[0m" 304 -
[2024-01-29 11:06:04,425] INFO in _internal: 127.0.0.1 - - [29/Jan/2024 11:06:04] "[36mGET /static/img/img-39.png HTTP/1.1[0m" 304 -
[2024-01-29 11:06:04,432] INFO in _internal: 127.0.0.1 - - [29/Jan/2024 11:06:04] "[36mGET /static/img/img-40.png HTTP/1.1[0m" 304 -
[2024-01-29 11:06:04,438] INFO in _internal: 127.0.0.1 - - [29/Jan/2024 11:06:04] "[36mGET /static/img/img-41.png HTTP/1.1[0m" 304 -
[2024-01-29 11:06:04,442] INFO in _internal: 127.0.0.1 - - [29/Jan/2024 11:06:04] "[36mGET /static/img/img-42.png HTTP/1.1[0m" 304 -
[2024-01-29 11:06:04,446] INFO in _internal: 127.0.0.1 - - [29/Jan/2024 11:06:04] "[36mGET /static/img/img-43.png HTTP/1.1[0m" 304 -
[2024-01-29 11:06:04,450] INFO in _internal: 127.0.0.1 - - [29/Jan/2024 11:06:04] "[36mGET /static/img/img-44.png HTTP/1.1[0m" 304 -
[2024-01-29 11:06:04,453] INFO in _internal: 127.0.0.1 - - [29/Jan/2024 11:06:04] "[36mGET /static/img/img-51.png HTTP/1.1[0m" 304 -
[2024-01-29 11:06:04,459] INFO in _internal: 127.0.0.1 - - [29/Jan/2024 11:06:04] "[36mGET /static/img/img-52.png HTTP/1.1[0m" 304 -
[2024-01-29 11:06:04,464] INFO in _internal: 127.0.0.1 - - [29/Jan/2024 11:06:04] "[36mGET /static/img/img-53.png HTTP/1.1[0m" 304 -
[2024-01-29 11:06:04,465] INFO in _internal: 127.0.0.1 - - [29/Jan/2024 11:06:04] "[36mGET /static/img/img-54.png HTTP/1.1[0m" 304 -
[2024-01-29 11:06:04,477] INFO in _internal: 127.0.0.1 - - [29/Jan/2024 11:06:04] "[36mGET /static/img/img-55.png HTTP/1.1[0m" 304 -
[2024-01-29 11:06:04,479] INFO in _internal: 127.0.0.1 - - [29/Jan/2024 11:06:04] "[36mGET /static/img/img-56.png HTTP/1.1[0m" 304 -
[2024-01-29 11:06:04,480] INFO in _internal: 127.0.0.1 - - [29/Jan/2024 11:06:04] "[36mGET /static/img/img-57.png HTTP/1.1[0m" 304 -
[2024-01-29 11:06:04,486] INFO in _internal: 127.0.0.1 - - [29/Jan/2024 11:06:04] "[36mGET /static/img/img-58.png HTTP/1.1[0m" 304 -
[2024-01-29 11:06:04,488] INFO in _internal: 127.0.0.1 - - [29/Jan/2024 11:06:04] "[36mGET /static/img/img-59.png HTTP/1.1[0m" 304 -
[2024-01-29 11:06:04,492] INFO in _internal: 127.0.0.1 - - [29/Jan/2024 11:06:04] "[36mGET /static/img/img-60.png HTTP/1.1[0m" 304 -
[2024-01-29 11:06:04,494] INFO in _internal: 127.0.0.1 - - [29/Jan/2024 11:06:04] "[36mGET /static/img/img-61.png HTTP/1.1[0m" 304 -
[2024-01-29 11:06:04,504] INFO in _internal: 127.0.0.1 - - [29/Jan/2024 11:06:04] "[36mGET /static/img/img-62.png HTTP/1.1[0m" 304 -
[2024-01-29 11:06:04,509] INFO in _internal: 127.0.0.1 - - [29/Jan/2024 11:06:04] "[36mGET /static/img/img-63.png HTTP/1.1[0m" 304 -
[2024-01-29 11:06:04,511] INFO in _internal: 127.0.0.1 - - [29/Jan/2024 11:06:04] "[36mGET /static/img/img-64.png HTTP/1.1[0m" 304 -
[2024-01-29 11:06:04,512] INFO in _internal: 127.0.0.1 - - [29/Jan/2024 11:06:04] "[36mGET /static/img/img-65.png HTTP/1.1[0m" 304 -
[2024-01-29 11:06:04,521] INFO in _internal: 127.0.0.1 - - [29/Jan/2024 11:06:04] "[36mGET /static/img/img-66.png HTTP/1.1[0m" 304 -
[2024-01-29 11:06:04,523] INFO in _internal: 127.0.0.1 - - [29/Jan/2024 11:06:04] "[36mGET /static/img/img-67.png HTTP/1.1[0m" 304 -
[2024-01-29 11:06:04,525] INFO in _internal: 127.0.0.1 - - [29/Jan/2024 11:06:04] "[36mGET /static/img/img-68.png HTTP/1.1[0m" 304 -
[2024-01-29 11:06:04,533] INFO in _internal: 127.0.0.1 - - [29/Jan/2024 11:06:04] "[36mGET /static/img/img-69.png HTTP/1.1[0m" 304 -
[2024-01-29 11:06:04,536] INFO in _internal: 127.0.0.1 - - [29/Jan/2024 11:06:04] "[36mGET /static/img/img-70.png HTTP/1.1[0m" 304 -
[2024-01-29 11:06:04,541] INFO in _internal: 127.0.0.1 - - [29/Jan/2024 11:06:04] "[36mGET /static/img/img-71.png HTTP/1.1[0m" 304 -
[2024-01-29 11:06:04,543] INFO in _internal: 127.0.0.1 - - [29/Jan/2024 11:06:04] "[36mGET /static/img/img-72.png HTTP/1.1[0m" 304 -
[2024-01-29 11:06:04,547] INFO in _internal: 127.0.0.1 - - [29/Jan/2024 11:06:04] "[36mGET /static/img/img-73.png HTTP/1.1[0m" 304 -
[2024-01-29 11:06:04,549] INFO in _internal: 127.0.0.1 - - [29/Jan/2024 11:06:04] "[36mGET /static/img/img-74.png HTTP/1.1[0m" 304 -
[2024-01-29 11:06:04,554] INFO in _internal: 127.0.0.1 - - [29/Jan/2024 11:06:04] "[36mGET /static/img/img-75.png HTTP/1.1[0m" 304 -
[2024-01-29 11:06:04,556] INFO in _internal: 127.0.0.1 - - [29/Jan/2024 11:06:04] "[36mGET /static/img/img-76.png HTTP/1.1[0m" 304 -
[2024-01-29 11:06:04,562] INFO in _internal: 127.0.0.1 - - [29/Jan/2024 11:06:04] "[36mGET /static/img/img-77.png HTTP/1.1[0m" 304 -
[2024-01-29 11:06:04,564] INFO in _internal: 127.0.0.1 - - [29/Jan/2024 11:06:04] "[36mGET /static/img/img-78.png HTTP/1.1[0m" 304 -
[2024-01-29 11:06:04,570] INFO in _internal: 127.0.0.1 - - [29/Jan/2024 11:06:04] "[36mGET /static/img/img-79.png HTTP/1.1[0m" 304 -
[2024-01-29 11:06:04,571] INFO in _internal: 127.0.0.1 - - [29/Jan/2024 11:06:04] "[36mGET /static/img/img-80.png HTTP/1.1[0m" 304 -
[2024-01-29 11:06:04,579] INFO in _internal: 127.0.0.1 - - [29/Jan/2024 11:06:04] "[36mGET /static/img/img-81.png HTTP/1.1[0m" 304 -
[2024-01-29 11:06:04,581] INFO in _internal: 127.0.0.1 - - [29/Jan/2024 11:06:04] "[36mGET /static/img/img-82.png HTTP/1.1[0m" 304 -
[2024-01-29 11:06:04,588] INFO in _internal: 127.0.0.1 - - [29/Jan/2024 11:06:04] "[36mGET /static/img/img-83.png HTTP/1.1[0m" 304 -
[2024-01-29 11:06:04,590] INFO in _internal: 127.0.0.1 - - [29/Jan/2024 11:06:04] "[36mGET /static/img/img-84.png HTTP/1.1[0m" 304 -
[2024-01-29 11:06:04,592] INFO in _internal: 127.0.0.1 - - [29/Jan/2024 11:06:04] "[36mGET /static/img/img-85.png HTTP/1.1[0m" 304 -
[2024-01-29 11:06:04,597] INFO in _internal: 127.0.0.1 - - [29/Jan/2024 11:06:04] "[36mGET /static/img/img-86.png HTTP/1.1[0m" 304 -
[2024-01-29 11:06:04,600] INFO in _internal: 127.0.0.1 - - [29/Jan/2024 11:06:04] "[36mGET /static/img/img-87.png HTTP/1.1[0m" 304 -
[2024-01-29 11:06:04,606] INFO in _internal: 127.0.0.1 - - [29/Jan/2024 11:06:04] "[36mGET /static/img/img-88.png HTTP/1.1[0m" 304 -
[2024-01-29 11:06:04,607] INFO in _internal: 127.0.0.1 - - [29/Jan/2024 11:06:04] "[36mGET /static/img/img-89.png HTTP/1.1[0m" 304 -
[2024-01-29 11:06:04,610] INFO in _internal: 127.0.0.1 - - [29/Jan/2024 11:06:04] "[36mGET /static/img/img-90.png HTTP/1.1[0m" 304 -
[2024-01-29 11:06:04,620] INFO in _internal: 127.0.0.1 - - [29/Jan/2024 11:06:04] "[36mGET /static/img/img-91.png HTTP/1.1[0m" 304 -
[2024-01-29 11:06:04,623] INFO in _internal: 127.0.0.1 - - [29/Jan/2024 11:06:04] "[36mGET /static/img/img-92.png HTTP/1.1[0m" 304 -
[2024-01-29 11:06:04,625] INFO in _internal: 127.0.0.1 - - [29/Jan/2024 11:06:04] "[36mGET /static/img/img-93.png HTTP/1.1[0m" 304 -
[2024-01-29 11:06:04,627] INFO in _internal: 127.0.0.1 - - [29/Jan/2024 11:06:04] "[36mGET /static/img/img-94.png HTTP/1.1[0m" 304 -
[2024-01-29 11:06:04,639] INFO in _internal: 127.0.0.1 - - [29/Jan/2024 11:06:04] "[36mGET /static/img/img-95.png HTTP/1.1[0m" 304 -
[2024-01-29 11:06:04,639] INFO in _internal: 127.0.0.1 - - [29/Jan/2024 11:06:04] "[36mGET /static/img/img-96.png HTTP/1.1[0m" 304 -
[2024-01-29 11:06:04,641] INFO in _internal: 127.0.0.1 - - [29/Jan/2024 11:06:04] "[36mGET /static/img/img-97.png HTTP/1.1[0m" 304 -
[2024-01-29 11:06:04,647] INFO in _internal: 127.0.0.1 - - [29/Jan/2024 11:06:04] "[36mGET /static/img/img-98.png HTTP/1.1[0m" 304 -
[2024-01-29 11:06:04,648] INFO in _internal: 127.0.0.1 - - [29/Jan/2024 11:06:04] "[36mGET /static/img/img-99.png HTTP/1.1[0m" 304 -
[2024-01-29 11:06:04,656] INFO in _internal: 127.0.0.1 - - [29/Jan/2024 11:06:04] "[36mGET /static/img/img-100.png HTTP/1.1[0m" 304 -
[2024-01-29 11:06:04,660] INFO in _internal: 127.0.0.1 - - [29/Jan/2024 11:06:04] "[36mGET /static/img/img-101.png HTTP/1.1[0m" 304 -
[2024-01-29 11:06:04,663] INFO in _internal: 127.0.0.1 - - [29/Jan/2024 11:06:04] "[36mGET /static/img/img-102.png HTTP/1.1[0m" 304 -
[2024-01-29 11:06:04,665] INFO in _internal: 127.0.0.1 - - [29/Jan/2024 11:06:04] "[36mGET /static/img/img-103.png HTTP/1.1[0m" 304 -
[2024-01-29 11:06:04,673] INFO in _internal: 127.0.0.1 - - [29/Jan/2024 11:06:04] "[36mGET /static/img/img-104.png HTTP/1.1[0m" 304 -
[2024-01-29 11:06:04,674] INFO in _internal: 127.0.0.1 - - [29/Jan/2024 11:06:04] "[36mGET /static/img/img-105.png HTTP/1.1[0m" 304 -
[2024-01-29 11:06:04,679] INFO in _internal: 127.0.0.1 - - [29/Jan/2024 11:06:04] "[36mGET /static/img/img-106.png HTTP/1.1[0m" 304 -
[2024-01-29 11:06:04,689] INFO in _internal: 127.0.0.1 - - [29/Jan/2024 11:06:04] "[36mGET /static/img/img-107.png HTTP/1.1[0m" 304 -
[2024-01-29 11:06:04,691] INFO in _internal: 127.0.0.1 - - [29/Jan/2024 11:06:04] "[36mGET /static/img/img-108.png HTTP/1.1[0m" 304 -
[2024-01-29 11:06:04,693] INFO in _internal: 127.0.0.1 - - [29/Jan/2024 11:06:04] "[36mGET /static/img/img-109.png HTTP/1.1[0m" 304 -
[2024-01-29 11:06:04,696] INFO in _internal: 127.0.0.1 - - [29/Jan/2024 11:06:04] "[36mGET /static/img/img-110.png HTTP/1.1[0m" 304 -
[2024-01-29 11:06:04,702] INFO in _internal: 127.0.0.1 - - [29/Jan/2024 11:06:04] "[36mGET /static/img/img-111.png HTTP/1.1[0m" 304 -
[2024-01-29 11:06:04,705] INFO in _internal: 127.0.0.1 - - [29/Jan/2024 11:06:04] "[36mGET /static/img/img-112.png HTTP/1.1[0m" 304 -
[2024-01-29 11:06:04,709] INFO in _internal: 127.0.0.1 - - [29/Jan/2024 11:06:04] "[36mGET /static/img/img-113.png HTTP/1.1[0m" 304 -
[2024-01-29 11:06:04,713] INFO in _internal: 127.0.0.1 - - [29/Jan/2024 11:06:04] "[36mGET /static/img/img-114.png HTTP/1.1[0m" 304 -
[2024-01-29 11:06:04,717] INFO in _internal: 127.0.0.1 - - [29/Jan/2024 11:06:04] "[36mGET /static/img/img-115.png HTTP/1.1[0m" 304 -
[2024-01-29 11:06:04,721] INFO in _internal: 127.0.0.1 - - [29/Jan/2024 11:06:04] "[36mGET /static/img/img-116.png HTTP/1.1[0m" 304 -
[2024-01-29 11:06:04,725] INFO in _internal: 127.0.0.1 - - [29/Jan/2024 11:06:04] "[36mGET /static/img/img-117.png HTTP/1.1[0m" 304 -
[2024-01-29 11:06:04,729] INFO in _internal: 127.0.0.1 - - [29/Jan/2024 11:06:04] "[36mGET /static/img/img-118.png HTTP/1.1[0m" 304 -
[2024-01-29 11:06:04,738] INFO in _internal: 127.0.0.1 - - [29/Jan/2024 11:06:04] "[36mGET /static/img/img-119.png HTTP/1.1[0m" 304 -
[2024-01-29 11:06:04,740] INFO in _internal: 127.0.0.1 - - [29/Jan/2024 11:06:04] "[36mGET /static/img/img-120.png HTTP/1.1[0m" 304 -
[2024-01-29 11:06:04,743] INFO in _internal: 127.0.0.1 - - [29/Jan/2024 11:06:04] "[36mGET /static/img/img-121.png HTTP/1.1[0m" 304 -
[2024-01-29 11:06:04,745] INFO in _internal: 127.0.0.1 - - [29/Jan/2024 11:06:04] "[36mGET /static/img/img-122.png HTTP/1.1[0m" 304 -
[2024-01-29 11:06:04,749] INFO in _internal: 127.0.0.1 - - [29/Jan/2024 11:06:04] "[36mGET /static/img/img-123.png HTTP/1.1[0m" 304 -
[2024-01-29 11:06:04,758] INFO in _internal: 127.0.0.1 - - [29/Jan/2024 11:06:04] "[36mGET /static/img/img-124.png HTTP/1.1[0m" 304 -
[2024-01-29 11:06:04,764] INFO in _internal: 127.0.0.1 - - [29/Jan/2024 11:06:04] "[36mGET /static/img/img-125.png HTTP/1.1[0m" 304 -
[2024-01-29 11:06:04,765] INFO in _internal: 127.0.0.1 - - [29/Jan/2024 11:06:04] "[36mGET /static/img/img-126.png HTTP/1.1[0m" 304 -
[2024-01-29 11:06:04,769] INFO in _internal: 127.0.0.1 - - [29/Jan/2024 11:06:04] "[36mGET /static/img/img-127.png HTTP/1.1[0m" 304 -
[2024-01-29 11:06:04,772] INFO in _internal: 127.0.0.1 - - [29/Jan/2024 11:06:04] "[36mGET /static/img/img-128.png HTTP/1.1[0m" 304 -
[2024-01-29 11:06:04,773] INFO in _internal: 127.0.0.1 - - [29/Jan/2024 11:06:04] "[36mGET /static/img/img-129.png HTTP/1.1[0m" 304 -
[2024-01-29 11:06:04,780] INFO in _internal: 127.0.0.1 - - [29/Jan/2024 11:06:04] "[36mGET /static/img/img-130.png HTTP/1.1[0m" 304 -
[2024-01-29 11:06:04,783] INFO in _internal: 127.0.0.1 - - [29/Jan/2024 11:06:04] "[36mGET /static/img/img-131.png HTTP/1.1[0m" 304 -
[2024-01-29 11:06:04,787] INFO in _internal: 127.0.0.1 - - [29/Jan/2024 11:06:04] "[36mGET /static/img/img-132.png HTTP/1.1[0m" 304 -
[2024-01-29 11:06:04,792] INFO in _internal: 127.0.0.1 - - [29/Jan/2024 11:06:04] "[36mGET /static/img/img-133.png HTTP/1.1[0m" 304 -
[2024-01-29 11:06:04,801] INFO in _internal: 127.0.0.1 - - [29/Jan/2024 11:06:04] "[36mGET /static/img/img-134.png HTTP/1.1[0m" 304 -
[2024-01-29 11:06:04,802] INFO in _internal: 127.0.0.1 - - [29/Jan/2024 11:06:04] "[36mGET /static/img/img-135.png HTTP/1.1[0m" 304 -
[2024-01-29 11:06:04,805] INFO in _internal: 127.0.0.1 - - [29/Jan/2024 11:06:04] "[36mGET /static/img/img-136.png HTTP/1.1[0m" 304 -
[2024-01-29 11:06:04,808] INFO in _internal: 127.0.0.1 - - [29/Jan/2024 11:06:04] "[36mGET /static/img/img-137.png HTTP/1.1[0m" 304 -
[2024-01-29 11:06:04,816] INFO in _internal: 127.0.0.1 - - [29/Jan/2024 11:06:04] "[36mGET /static/img/img-138.png HTTP/1.1[0m" 304 -
[2024-01-29 11:06:04,820] INFO in _internal: 127.0.0.1 - - [29/Jan/2024 11:06:04] "[36mGET /static/img/img-139.png HTTP/1.1[0m" 304 -
[2024-01-29 11:06:04,838] INFO in _internal: 127.0.0.1 - - [29/Jan/2024 11:06:04] "[36mGET /static/img/img-140.png HTTP/1.1[0m" 304 -
[2024-01-29 11:06:04,841] INFO in _internal: 127.0.0.1 - - [29/Jan/2024 11:06:04] "[36mGET /static/img/img-141.png HTTP/1.1[0m" 304 -
[2024-01-29 11:06:04,848] INFO in _internal: 127.0.0.1 - - [29/Jan/2024 11:06:04] "[36mGET /static/img/img-142.png HTTP/1.1[0m" 304 -
[2024-01-29 11:06:04,865] INFO in _internal: 127.0.0.1 - - [29/Jan/2024 11:06:04] "[36mGET /static/img/img-143.png HTTP/1.1[0m" 304 -
[2024-01-29 11:06:04,867] INFO in _internal: 127.0.0.1 - - [29/Jan/2024 11:06:04] "[36mGET /static/img/img-144.png HTTP/1.1[0m" 304 -
[2024-01-29 11:06:04,872] INFO in _internal: 127.0.0.1 - - [29/Jan/2024 11:06:04] "[36mGET /static/img/img-145.png HTTP/1.1[0m" 304 -
[2024-01-29 11:06:04,881] INFO in _internal: 127.0.0.1 - - [29/Jan/2024 11:06:04] "[36mGET /static/img/img-146.png HTTP/1.1[0m" 304 -
[2024-01-29 11:06:04,889] INFO in _internal: 127.0.0.1 - - [29/Jan/2024 11:06:04] "[36mGET /static/img/img-148.png HTTP/1.1[0m" 304 -
[2024-01-29 11:06:04,891] INFO in _internal: 127.0.0.1 - - [29/Jan/2024 11:06:04] "[36mGET /static/img/img-147.png HTTP/1.1[0m" 304 -
[2024-01-29 11:06:04,894] INFO in _internal: 127.0.0.1 - - [29/Jan/2024 11:06:04] "[36mGET /static/img/img-149.png HTTP/1.1[0m" 304 -
[2024-01-29 11:06:04,901] INFO in _internal: 127.0.0.1 - - [29/Jan/2024 11:06:04] "[36mGET /static/img/img-150.png HTTP/1.1[0m" 304 -
[2024-01-29 11:06:04,904] INFO in _internal: 127.0.0.1 - - [29/Jan/2024 11:06:04] "[36mGET /static/img/img-151.png HTTP/1.1[0m" 304 -
[2024-01-29 11:06:04,909] INFO in _internal: 127.0.0.1 - - [29/Jan/2024 11:06:04] "[36mGET /static/img/img-152.png HTTP/1.1[0m" 304 -
[2024-01-29 11:06:04,921] INFO in _internal: 127.0.0.1 - - [29/Jan/2024 11:06:04] "[36mGET /static/img/img-153.png HTTP/1.1[0m" 304 -
[2024-01-29 11:06:04,922] INFO in _internal: 127.0.0.1 - - [29/Jan/2024 11:06:04] "[36mGET /static/img/img-154.png HTTP/1.1[0m" 304 -
[2024-01-29 11:06:04,929] INFO in _internal: 127.0.0.1 - - [29/Jan/2024 11:06:04] "[36mGET /static/img/img-155.png HTTP/1.1[0m" 304 -
[2024-01-29 11:06:04,935] INFO in _internal: 127.0.0.1 - - [29/Jan/2024 11:06:04] "[36mGET /static/img/img-156.png HTTP/1.1[0m" 304 -
[2024-01-29 11:06:04,938] INFO in _internal: 127.0.0.1 - - [29/Jan/2024 11:06:04] "[36mGET /static/img/img-157.png HTTP/1.1[0m" 304 -
[2024-01-29 11:06:04,944] INFO in _internal: 127.0.0.1 - - [29/Jan/2024 11:06:04] "[36mGET /static/img/img-158.png HTTP/1.1[0m" 304 -
[2024-01-29 11:06:04,944] INFO in _internal: 127.0.0.1 - - [29/Jan/2024 11:06:04] "[36mGET /static/img/img-159.png HTTP/1.1[0m" 304 -
[2024-01-29 11:06:04,952] INFO in _internal: 127.0.0.1 - - [29/Jan/2024 11:06:04] "[36mGET /static/img/img-160.png HTTP/1.1[0m" 304 -
[2024-01-29 11:06:04,955] INFO in _internal: 127.0.0.1 - - [29/Jan/2024 11:06:04] "[36mGET /static/img/img-161.png HTTP/1.1[0m" 304 -
[2024-01-29 11:06:04,957] INFO in _internal: 127.0.0.1 - - [29/Jan/2024 11:06:04] "[36mGET /static/img/img-162.png HTTP/1.1[0m" 304 -
[2024-01-29 11:06:04,966] INFO in _internal: 127.0.0.1 - - [29/Jan/2024 11:06:04] "[36mGET /static/img/img-163.png HTTP/1.1[0m" 304 -
[2024-01-29 11:06:04,973] INFO in _internal: 127.0.0.1 - - [29/Jan/2024 11:06:04] "[36mGET /static/img/img-164.png HTTP/1.1[0m" 304 -
[2024-01-29 11:06:04,977] INFO in _internal: 127.0.0.1 - - [29/Jan/2024 11:06:04] "[36mGET /static/img/img-165.png HTTP/1.1[0m" 304 -
[2024-01-29 11:06:05,000] INFO in _internal: 127.0.0.1 - - [29/Jan/2024 11:06:05] "[36mGET /static/img/img-166.png HTTP/1.1[0m" 304 -
[2024-01-29 11:06:05,006] INFO in _internal: 127.0.0.1 - - [29/Jan/2024 11:06:05] "[36mGET /static/img/img-167.png HTTP/1.1[0m" 304 -
[2024-01-29 11:06:05,015] INFO in _internal: 127.0.0.1 - - [29/Jan/2024 11:06:05] "[36mGET /static/img/img-168.png HTTP/1.1[0m" 304 -
[2024-01-29 11:06:05,022] INFO in _internal: 127.0.0.1 - - [29/Jan/2024 11:06:05] "[36mGET /static/img/img-169.png HTTP/1.1[0m" 304 -
[2024-01-29 11:06:05,033] INFO in _internal: 127.0.0.1 - - [29/Jan/2024 11:06:05] "[36mGET /static/img/img-170.png HTTP/1.1[0m" 304 -
[2024-01-29 11:06:05,040] INFO in _internal: 127.0.0.1 - - [29/Jan/2024 11:06:05] "[36mGET /static/img/img-171.png HTTP/1.1[0m" 304 -
[2024-01-29 11:06:05,052] INFO in _internal: 127.0.0.1 - - [29/Jan/2024 11:06:05] "[36mGET /static/img/img-172.png HTTP/1.1[0m" 304 -
[2024-01-29 11:06:05,062] INFO in _internal: 127.0.0.1 - - [29/Jan/2024 11:06:05] "[36mGET /static/img/img-173.png HTTP/1.1[0m" 304 -
[2024-01-29 11:06:05,068] INFO in _internal: 127.0.0.1 - - [29/Jan/2024 11:06:05] "[36mGET /static/img/img-174.png HTTP/1.1[0m" 304 -
[2024-01-29 11:06:05,082] INFO in _internal: 127.0.0.1 - - [29/Jan/2024 11:06:05] "[36mGET /static/img/img-175.png HTTP/1.1[0m" 304 -
[2024-01-29 11:06:05,085] INFO in _internal: 127.0.0.1 - - [29/Jan/2024 11:06:05] "[36mGET /static/img/img-176.png HTTP/1.1[0m" 304 -
[2024-01-29 11:06:05,090] INFO in _internal: 127.0.0.1 - - [29/Jan/2024 11:06:05] "[36mGET /static/img/img-177.png HTTP/1.1[0m" 304 -
[2024-01-29 11:06:05,094] INFO in _internal: 127.0.0.1 - - [29/Jan/2024 11:06:05] "[36mGET /static/img/img-178.png HTTP/1.1[0m" 304 -
[2024-01-29 11:06:05,099] INFO in _internal: 127.0.0.1 - - [29/Jan/2024 11:06:05] "[36mGET /static/img/img-179.png HTTP/1.1[0m" 304 -
[2024-01-29 11:06:05,108] INFO in _internal: 127.0.0.1 - - [29/Jan/2024 11:06:05] "[36mGET /static/img/img-180.png HTTP/1.1[0m" 304 -
[2024-01-29 11:06:05,117] INFO in _internal: 127.0.0.1 - - [29/Jan/2024 11:06:05] "[36mGET /static/img/img-181.png HTTP/1.1[0m" 304 -
[2024-01-29 11:06:05,125] INFO in _internal: 127.0.0.1 - - [29/Jan/2024 11:06:05] "[36mGET /static/img/img-182.png HTTP/1.1[0m" 304 -
[2024-01-29 11:06:05,127] INFO in _internal: 127.0.0.1 - - [29/Jan/2024 11:06:05] "[36mGET /static/img/img-183.png HTTP/1.1[0m" 304 -
[2024-01-29 11:06:05,137] INFO in _internal: 127.0.0.1 - - [29/Jan/2024 11:06:05] "[36mGET /static/img/img-184.png HTTP/1.1[0m" 304 -
[2024-01-29 11:06:05,145] INFO in _internal: 127.0.0.1 - - [29/Jan/2024 11:06:05] "[36mGET /static/img/img-185.png HTTP/1.1[0m" 304 -
[2024-01-29 11:06:05,148] INFO in _internal: 127.0.0.1 - - [29/Jan/2024 11:06:05] "[36mGET /static/img/img-186.png HTTP/1.1[0m" 304 -
[2024-01-29 11:06:05,152] INFO in _internal: 127.0.0.1 - - [29/Jan/2024 11:06:05] "[36mGET /static/img/img-187.png HTTP/1.1[0m" 304 -
[2024-01-29 11:06:05,155] INFO in _internal: 127.0.0.1 - - [29/Jan/2024 11:06:05] "[36mGET /static/img/img-188.png HTTP/1.1[0m" 304 -
[2024-01-29 11:06:05,161] INFO in _internal: 127.0.0.1 - - [29/Jan/2024 11:06:05] "[36mGET /static/img/img-189.png HTTP/1.1[0m" 304 -
[2024-01-29 11:06:05,164] INFO in _internal: 127.0.0.1 - - [29/Jan/2024 11:06:05] "[36mGET /static/img/img-190.png HTTP/1.1[0m" 304 -
[2024-01-29 11:06:05,169] INFO in _internal: 127.0.0.1 - - [29/Jan/2024 11:06:05] "[36mGET /static/img/img-191.png HTTP/1.1[0m" 304 -
[2024-01-29 11:06:05,172] INFO in _internal: 127.0.0.1 - - [29/Jan/2024 11:06:05] "[36mGET /static/img/img-192.png HTTP/1.1[0m" 304 -
[2024-01-29 11:06:37,246] INFO in _internal: 127.0.0.1 - - [29/Jan/2024 11:06:37] "GET /info HTTP/1.1" 200 -
[2024-01-29 11:06:37,270] INFO in _internal: 127.0.0.1 - - [29/Jan/2024 11:06:37] "GET /static/css/info.css HTTP/1.1" 200 -
[2024-01-29 11:06:37,271] INFO in _internal: 127.0.0.1 - - [29/Jan/2024 11:06:37] "[36mGET /static/img/logo.png HTTP/1.1[0m" 304 -
[2024-01-29 11:06:37,273] INFO in _internal: 127.0.0.1 - - [29/Jan/2024 11:06:37] "[36mGET /static/js/info.js HTTP/1.1[0m" 304 -
[2024-01-29 11:06:37,306] INFO in _internal: 127.0.0.1 - - [29/Jan/2024 11:06:37] "[36mGET /static/img/img-1.png HTTP/1.1[0m" 304 -
[2024-01-29 11:06:37,320] INFO in _internal: 127.0.0.1 - - [29/Jan/2024 11:06:37] "[36mGET /static/img/img-2.png HTTP/1.1[0m" 304 -
[2024-01-29 11:06:37,321] INFO in _internal: 127.0.0.1 - - [29/Jan/2024 11:06:37] "[36mGET /static/img/img-6.png HTTP/1.1[0m" 304 -
[2024-01-29 11:06:37,328] INFO in _internal: 127.0.0.1 - - [29/Jan/2024 11:06:37] "[36mGET /static/img/img-4.png HTTP/1.1[0m" 304 -
[2024-01-29 11:06:37,329] INFO in _internal: 127.0.0.1 - - [29/Jan/2024 11:06:37] "[36mGET /static/img/img-5.png HTTP/1.1[0m" 304 -
[2024-01-29 11:06:37,330] INFO in _internal: 127.0.0.1 - - [29/Jan/2024 11:06:37] "[36mGET /static/img/img-3.png HTTP/1.1[0m" 304 -
[2024-01-29 11:06:37,335] INFO in _internal: 127.0.0.1 - - [29/Jan/2024 11:06:37] "[36mGET /static/img/img-7.png HTTP/1.1[0m" 304 -
[2024-01-29 11:06:37,358] INFO in _internal: 127.0.0.1 - - [29/Jan/2024 11:06:37] "[36mGET /static/img/img-9.png HTTP/1.1[0m" 304 -
[2024-01-29 11:06:37,365] INFO in _internal: 127.0.0.1 - - [29/Jan/2024 11:06:37] "[36mGET /static/img/img-8.png HTTP/1.1[0m" 304 -
[2024-01-29 11:06:37,374] INFO in _internal: 127.0.0.1 - - [29/Jan/2024 11:06:37] "[36mGET /static/img/img-10.png HTTP/1.1[0m" 304 -
[2024-01-29 11:06:37,376] INFO in _internal: 127.0.0.1 - - [29/Jan/2024 11:06:37] "[36mGET /static/img/img-11.png HTTP/1.1[0m" 304 -
[2024-01-29 11:06:37,385] INFO in _internal: 127.0.0.1 - - [29/Jan/2024 11:06:37] "[36mGET /static/img/img-12.png HTTP/1.1[0m" 304 -
[2024-01-29 11:06:37,386] INFO in _internal: 127.0.0.1 - - [29/Jan/2024 11:06:37] "[36mGET /static/img/img-13.png HTTP/1.1[0m" 304 -
[2024-01-29 11:06:37,391] INFO in _internal: 127.0.0.1 - - [29/Jan/2024 11:06:37] "[36mGET /static/img/img-14.png HTTP/1.1[0m" 304 -
[2024-01-29 11:06:37,394] INFO in _internal: 127.0.0.1 - - [29/Jan/2024 11:06:37] "[36mGET /static/img/img-15.png HTTP/1.1[0m" 304 -
[2024-01-29 11:06:37,408] INFO in _internal: 127.0.0.1 - - [29/Jan/2024 11:06:37] "[36mGET /static/img/img-16.png HTTP/1.1[0m" 304 -
[2024-01-29 11:06:37,413] INFO in _internal: 127.0.0.1 - - [29/Jan/2024 11:06:37] "[36mGET /static/img/img-17.png HTTP/1.1[0m" 304 -
[2024-01-29 11:06:37,415] INFO in _internal: 127.0.0.1 - - [29/Jan/2024 11:06:37] "[36mGET /static/img/img-18.png HTTP/1.1[0m" 304 -
[2024-01-29 11:06:37,418] INFO in _internal: 127.0.0.1 - - [29/Jan/2024 11:06:37] "[36mGET /static/img/img-19.png HTTP/1.1[0m" 304 -
[2024-01-29 11:06:37,432] INFO in _internal: 127.0.0.1 - - [29/Jan/2024 11:06:37] "[36mGET /static/img/img-46.png HTTP/1.1[0m" 304 -
[2024-01-29 11:06:37,434] INFO in _internal: 127.0.0.1 - - [29/Jan/2024 11:06:37] "[36mGET /static/img/img-45.png HTTP/1.1[0m" 304 -
[2024-01-29 11:06:37,444] INFO in _internal: 127.0.0.1 - - [29/Jan/2024 11:06:37] "[36mGET /static/img/img-47.png HTTP/1.1[0m" 304 -
[2024-01-29 11:06:37,447] INFO in _internal: 127.0.0.1 - - [29/Jan/2024 11:06:37] "[36mGET /static/img/img-20.png HTTP/1.1[0m" 304 -
[2024-01-29 11:06:37,454] INFO in _internal: 127.0.0.1 - - [29/Jan/2024 11:06:37] "[36mGET /static/img/img-21.png HTTP/1.1[0m" 304 -
[2024-01-29 11:06:37,458] INFO in _internal: 127.0.0.1 - - [29/Jan/2024 11:06:37] "[36mGET /static/img/img-22.png HTTP/1.1[0m" 304 -
[2024-01-29 11:06:37,462] INFO in _internal: 127.0.0.1 - - [29/Jan/2024 11:06:37] "[36mGET /static/img/img-23.png HTTP/1.1[0m" 304 -
[2024-01-29 11:06:37,466] INFO in _internal: 127.0.0.1 - - [29/Jan/2024 11:06:37] "[36mGET /static/img/img-24.png HTTP/1.1[0m" 304 -
[2024-01-29 11:06:37,473] INFO in _internal: 127.0.0.1 - - [29/Jan/2024 11:06:37] "[36mGET /static/img/img-25.png HTTP/1.1[0m" 304 -
[2024-01-29 11:06:37,478] INFO in _internal: 127.0.0.1 - - [29/Jan/2024 11:06:37] "[36mGET /static/img/img-26.png HTTP/1.1[0m" 304 -
[2024-01-29 11:06:37,480] INFO in _internal: 127.0.0.1 - - [29/Jan/2024 11:06:37] "[36mGET /static/img/img-27.png HTTP/1.1[0m" 304 -
[2024-01-29 11:06:37,486] INFO in _internal: 127.0.0.1 - - [29/Jan/2024 11:06:37] "[36mGET /static/img/img-28.png HTTP/1.1[0m" 304 -
[2024-01-29 11:06:37,492] INFO in _internal: 127.0.0.1 - - [29/Jan/2024 11:06:37] "[36mGET /static/img/img-29.png HTTP/1.1[0m" 304 -
[2024-01-29 11:06:37,494] INFO in _internal: 127.0.0.1 - - [29/Jan/2024 11:06:37] "[36mGET /static/img/img-30.png HTTP/1.1[0m" 304 -
[2024-01-29 11:06:37,503] INFO in _internal: 127.0.0.1 - - [29/Jan/2024 11:06:37] "[36mGET /static/img/img-31.png HTTP/1.1[0m" 304 -
[2024-01-29 11:06:37,511] INFO in _internal: 127.0.0.1 - - [29/Jan/2024 11:06:37] "[36mGET /static/img/img-32.png HTTP/1.1[0m" 304 -
[2024-01-29 11:06:37,515] INFO in _internal: 127.0.0.1 - - [29/Jan/2024 11:06:37] "[36mGET /static/img/img-33.png HTTP/1.1[0m" 304 -
[2024-01-29 11:06:37,518] INFO in _internal: 127.0.0.1 - - [29/Jan/2024 11:06:37] "[36mGET /static/img/img-34.png HTTP/1.1[0m" 304 -
[2024-01-29 11:06:37,521] INFO in _internal: 127.0.0.1 - - [29/Jan/2024 11:06:37] "[36mGET /static/img/img-35.png HTTP/1.1[0m" 304 -
[2024-01-29 11:06:37,524] INFO in _internal: 127.0.0.1 - - [29/Jan/2024 11:06:37] "[36mGET /static/img/img-36.png HTTP/1.1[0m" 304 -
[2024-01-29 11:06:37,529] INFO in _internal: 127.0.0.1 - - [29/Jan/2024 11:06:37] "[36mGET /static/img/img-37.png HTTP/1.1[0m" 304 -
[2024-01-29 11:06:37,534] INFO in _internal: 127.0.0.1 - - [29/Jan/2024 11:06:37] "[36mGET /static/img/img-38.png HTTP/1.1[0m" 304 -
[2024-01-29 11:06:37,536] INFO in _internal: 127.0.0.1 - - [29/Jan/2024 11:06:37] "[36mGET /static/img/img-39.png HTTP/1.1[0m" 304 -
[2024-01-29 11:06:37,546] INFO in _internal: 127.0.0.1 - - [29/Jan/2024 11:06:37] "[36mGET /static/img/img-40.png HTTP/1.1[0m" 304 -
[2024-01-29 11:06:37,549] INFO in _internal: 127.0.0.1 - - [29/Jan/2024 11:06:37] "[36mGET /static/img/img-41.png HTTP/1.1[0m" 304 -
[2024-01-29 11:06:37,555] INFO in _internal: 127.0.0.1 - - [29/Jan/2024 11:06:37] "[36mGET /static/img/img-42.png HTTP/1.1[0m" 304 -
[2024-01-29 11:06:37,558] INFO in _internal: 127.0.0.1 - - [29/Jan/2024 11:06:37] "[36mGET /static/img/img-43.png HTTP/1.1[0m" 304 -
[2024-01-29 11:06:37,564] INFO in _internal: 127.0.0.1 - - [29/Jan/2024 11:06:37] "[36mGET /static/img/img-44.png HTTP/1.1[0m" 304 -
[2024-01-29 11:06:37,571] INFO in _internal: 127.0.0.1 - - [29/Jan/2024 11:06:37] "[36mGET /static/img/img-48.png HTTP/1.1[0m" 304 -
[2024-01-29 11:06:37,573] INFO in _internal: 127.0.0.1 - - [29/Jan/2024 11:06:37] "[36mGET /static/img/img-49.png HTTP/1.1[0m" 304 -
[2024-01-29 11:06:37,576] INFO in _internal: 127.0.0.1 - - [29/Jan/2024 11:06:37] "[36mGET /static/img/img-50.png HTTP/1.1[0m" 304 -
[2024-01-29 11:06:37,584] INFO in _internal: 127.0.0.1 - - [29/Jan/2024 11:06:37] "[36mGET /static/img/img-51.png HTTP/1.1[0m" 304 -
[2024-01-29 11:06:37,587] INFO in _internal: 127.0.0.1 - - [29/Jan/2024 11:06:37] "[36mGET /static/img/img-52.png HTTP/1.1[0m" 304 -
[2024-01-29 11:06:37,589] INFO in _internal: 127.0.0.1 - - [29/Jan/2024 11:06:37] "[36mGET /static/img/img-53.png HTTP/1.1[0m" 304 -
[2024-01-29 11:06:37,595] INFO in _internal: 127.0.0.1 - - [29/Jan/2024 11:06:37] "[36mGET /static/img/img-54.png HTTP/1.1[0m" 304 -
[2024-01-29 11:06:37,601] INFO in _internal: 127.0.0.1 - - [29/Jan/2024 11:06:37] "[36mGET /static/img/img-55.png HTTP/1.1[0m" 304 -
[2024-01-29 11:06:37,608] INFO in _internal: 127.0.0.1 - - [29/Jan/2024 11:06:37] "[36mGET /static/img/img-56.png HTTP/1.1[0m" 304 -
[2024-01-29 11:06:37,610] INFO in _internal: 127.0.0.1 - - [29/Jan/2024 11:06:37] "[36mGET /static/img/img-57.png HTTP/1.1[0m" 304 -
[2024-01-29 11:06:37,612] INFO in _internal: 127.0.0.1 - - [29/Jan/2024 11:06:37] "[36mGET /static/img/img-58.png HTTP/1.1[0m" 304 -
[2024-01-29 11:06:37,619] INFO in _internal: 127.0.0.1 - - [29/Jan/2024 11:06:37] "[36mGET /static/img/img-59.png HTTP/1.1[0m" 304 -
[2024-01-29 11:06:37,622] INFO in _internal: 127.0.0.1 - - [29/Jan/2024 11:06:37] "[36mGET /static/img/img-60.png HTTP/1.1[0m" 304 -
[2024-01-29 11:06:37,629] INFO in _internal: 127.0.0.1 - - [29/Jan/2024 11:06:37] "[36mGET /static/img/img-61.png HTTP/1.1[0m" 304 -
[2024-01-29 11:06:37,633] INFO in _internal: 127.0.0.1 - - [29/Jan/2024 11:06:37] "[36mGET /static/img/img-62.png HTTP/1.1[0m" 304 -
[2024-01-29 11:06:37,636] INFO in _internal: 127.0.0.1 - - [29/Jan/2024 11:06:37] "[36mGET /static/img/img-63.png HTTP/1.1[0m" 304 -
[2024-01-29 11:06:37,638] INFO in _internal: 127.0.0.1 - - [29/Jan/2024 11:06:37] "[36mGET /static/img/img-64.png HTTP/1.1[0m" 304 -
[2024-01-29 11:06:37,642] INFO in _internal: 127.0.0.1 - - [29/Jan/2024 11:06:37] "[36mGET /static/img/img-65.png HTTP/1.1[0m" 304 -
[2024-01-29 11:06:37,648] INFO in _internal: 127.0.0.1 - - [29/Jan/2024 11:06:37] "[36mGET /static/img/img-66.png HTTP/1.1[0m" 304 -
[2024-01-29 11:06:37,651] INFO in _internal: 127.0.0.1 - - [29/Jan/2024 11:06:37] "[36mGET /static/img/img-67.png HTTP/1.1[0m" 304 -
[2024-01-29 11:06:37,655] INFO in _internal: 127.0.0.1 - - [29/Jan/2024 11:06:37] "[36mGET /static/img/img-68.png HTTP/1.1[0m" 304 -
[2024-01-29 11:06:37,658] INFO in _internal: 127.0.0.1 - - [29/Jan/2024 11:06:37] "[36mGET /static/img/img-69.png HTTP/1.1[0m" 304 -
[2024-01-29 11:06:37,665] INFO in _internal: 127.0.0.1 - - [29/Jan/2024 11:06:37] "[36mGET /static/img/img-70.png HTTP/1.1[0m" 304 -
[2024-01-29 11:06:37,667] INFO in _internal: 127.0.0.1 - - [29/Jan/2024 11:06:37] "[36mGET /static/img/img-71.png HTTP/1.1[0m" 304 -
[2024-01-29 11:06:37,670] INFO in _internal: 127.0.0.1 - - [29/Jan/2024 11:06:37] "[36mGET /static/img/img-72.png HTTP/1.1[0m" 304 -
[2024-01-29 11:06:37,672] INFO in _internal: 127.0.0.1 - - [29/Jan/2024 11:06:37] "[36mGET /static/img/img-73.png HTTP/1.1[0m" 304 -
[2024-01-29 11:06:37,681] INFO in _internal: 127.0.0.1 - - [29/Jan/2024 11:06:37] "[36mGET /static/img/img-74.png HTTP/1.1[0m" 304 -
[2024-01-29 11:06:37,684] INFO in _internal: 127.0.0.1 - - [29/Jan/2024 11:06:37] "[36mGET /static/img/img-75.png HTTP/1.1[0m" 304 -
[2024-01-29 11:06:37,697] INFO in _internal: 127.0.0.1 - - [29/Jan/2024 11:06:37] "[36mGET /static/img/img-76.png HTTP/1.1[0m" 304 -
[2024-01-29 11:06:37,710] INFO in _internal: 127.0.0.1 - - [29/Jan/2024 11:06:37] "[36mGET /static/img/img-78.png HTTP/1.1[0m" 304 -
[2024-01-29 11:06:37,714] INFO in _internal: 127.0.0.1 - - [29/Jan/2024 11:06:37] "[36mGET /static/img/img-77.png HTTP/1.1[0m" 304 -
[2024-01-29 11:06:37,718] INFO in _internal: 127.0.0.1 - - [29/Jan/2024 11:06:37] "[36mGET /static/img/img-79.png HTTP/1.1[0m" 304 -
[2024-01-29 11:06:37,728] INFO in _internal: 127.0.0.1 - - [29/Jan/2024 11:06:37] "[36mGET /static/img/img-80.png HTTP/1.1[0m" 304 -
[2024-01-29 11:06:37,734] INFO in _internal: 127.0.0.1 - - [29/Jan/2024 11:06:37] "[36mGET /static/img/img-81.png HTTP/1.1[0m" 304 -
[2024-01-29 11:06:37,738] INFO in _internal: 127.0.0.1 - - [29/Jan/2024 11:06:37] "[36mGET /static/img/img-82.png HTTP/1.1[0m" 304 -
[2024-01-29 11:06:37,739] INFO in _internal: 127.0.0.1 - - [29/Jan/2024 11:06:37] "[36mGET /static/img/img-83.png HTTP/1.1[0m" 304 -
[2024-01-29 11:06:37,746] INFO in _internal: 127.0.0.1 - - [29/Jan/2024 11:06:37] "[36mGET /static/img/img-84.png HTTP/1.1[0m" 304 -
[2024-01-29 11:06:37,747] INFO in _internal: 127.0.0.1 - - [29/Jan/2024 11:06:37] "[36mGET /static/img/img-85.png HTTP/1.1[0m" 304 -
[2024-01-29 11:06:37,761] INFO in _internal: 127.0.0.1 - - [29/Jan/2024 11:06:37] "[36mGET /static/img/img-86.png HTTP/1.1[0m" 304 -
[2024-01-29 11:06:37,769] INFO in _internal: 127.0.0.1 - - [29/Jan/2024 11:06:37] "[36mGET /static/img/img-87.png HTTP/1.1[0m" 304 -
[2024-01-29 11:06:37,772] INFO in _internal: 127.0.0.1 - - [29/Jan/2024 11:06:37] "[36mGET /static/img/img-88.png HTTP/1.1[0m" 304 -
[2024-01-29 11:06:37,775] INFO in _internal: 127.0.0.1 - - [29/Jan/2024 11:06:37] "[36mGET /static/img/img-89.png HTTP/1.1[0m" 304 -
[2024-01-29 11:06:37,780] INFO in _internal: 127.0.0.1 - - [29/Jan/2024 11:06:37] "[36mGET /static/img/img-90.png HTTP/1.1[0m" 304 -
[2024-01-29 11:06:37,784] INFO in _internal: 127.0.0.1 - - [29/Jan/2024 11:06:37] "[36mGET /static/img/img-91.png HTTP/1.1[0m" 304 -
[2024-01-29 11:06:37,788] INFO in _internal: 127.0.0.1 - - [29/Jan/2024 11:06:37] "[36mGET /static/img/img-92.png HTTP/1.1[0m" 304 -
[2024-01-29 11:06:37,794] INFO in _internal: 127.0.0.1 - - [29/Jan/2024 11:06:37] "[36mGET /static/img/img-93.png HTTP/1.1[0m" 304 -
[2024-01-29 11:06:37,797] INFO in _internal: 127.0.0.1 - - [29/Jan/2024 11:06:37] "[36mGET /static/img/img-94.png HTTP/1.1[0m" 304 -
[2024-01-29 11:06:37,800] INFO in _internal: 127.0.0.1 - - [29/Jan/2024 11:06:37] "[36mGET /static/img/img-95.png HTTP/1.1[0m" 304 -
[2024-01-29 11:06:37,805] INFO in _internal: 127.0.0.1 - - [29/Jan/2024 11:06:37] "[36mGET /static/img/img-96.png HTTP/1.1[0m" 304 -
[2024-01-29 11:06:37,807] INFO in _internal: 127.0.0.1 - - [29/Jan/2024 11:06:37] "[36mGET /static/img/img-97.png HTTP/1.1[0m" 304 -
[2024-01-29 11:06:37,814] INFO in _internal: 127.0.0.1 - - [29/Jan/2024 11:06:37] "[36mGET /static/img/img-99.png HTTP/1.1[0m" 304 -
[2024-01-29 11:06:37,816] INFO in _internal: 127.0.0.1 - - [29/Jan/2024 11:06:37] "[36mGET /static/img/img-98.png HTTP/1.1[0m" 304 -
[2024-01-29 11:06:37,822] INFO in _internal: 127.0.0.1 - - [29/Jan/2024 11:06:37] "[36mGET /static/img/img-100.png HTTP/1.1[0m" 304 -
[2024-01-29 11:06:37,831] INFO in _internal: 127.0.0.1 - - [29/Jan/2024 11:06:37] "[36mGET /static/img/img-101.png HTTP/1.1[0m" 304 -
[2024-01-29 11:06:37,831] INFO in _internal: 127.0.0.1 - - [29/Jan/2024 11:06:37] "[36mGET /static/img/img-102.png HTTP/1.1[0m" 304 -
[2024-01-29 11:06:37,835] INFO in _internal: 127.0.0.1 - - [29/Jan/2024 11:06:37] "[36mGET /static/img/img-103.png HTTP/1.1[0m" 304 -
[2024-01-29 11:06:37,837] INFO in _internal: 127.0.0.1 - - [29/Jan/2024 11:06:37] "[36mGET /static/img/img-104.png HTTP/1.1[0m" 304 -
[2024-01-29 11:06:37,843] INFO in _internal: 127.0.0.1 - - [29/Jan/2024 11:06:37] "[36mGET /static/img/img-105.png HTTP/1.1[0m" 304 -
[2024-01-29 11:06:37,847] INFO in _internal: 127.0.0.1 - - [29/Jan/2024 11:06:37] "[36mGET /static/img/img-106.png HTTP/1.1[0m" 304 -
[2024-01-29 11:06:37,852] INFO in _internal: 127.0.0.1 - - [29/Jan/2024 11:06:37] "[36mGET /static/img/img-107.png HTTP/1.1[0m" 304 -
[2024-01-29 11:06:37,855] INFO in _internal: 127.0.0.1 - - [29/Jan/2024 11:06:37] "[36mGET /static/img/img-108.png HTTP/1.1[0m" 304 -
[2024-01-29 11:06:37,862] INFO in _internal: 127.0.0.1 - - [29/Jan/2024 11:06:37] "[36mGET /static/img/img-109.png HTTP/1.1[0m" 304 -
[2024-01-29 11:06:37,866] INFO in _internal: 127.0.0.1 - - [29/Jan/2024 11:06:37] "[36mGET /static/img/img-110.png HTTP/1.1[0m" 304 -
[2024-01-29 11:06:37,876] INFO in _internal: 127.0.0.1 - - [29/Jan/2024 11:06:37] "[36mGET /static/img/img-111.png HTTP/1.1[0m" 304 -
[2024-01-29 11:06:37,877] INFO in _internal: 127.0.0.1 - - [29/Jan/2024 11:06:37] "[36mGET /static/img/img-112.png HTTP/1.1[0m" 304 -
[2024-01-29 11:06:37,879] INFO in _internal: 127.0.0.1 - - [29/Jan/2024 11:06:37] "[36mGET /static/img/img-113.png HTTP/1.1[0m" 304 -
[2024-01-29 11:06:37,881] INFO in _internal: 127.0.0.1 - - [29/Jan/2024 11:06:37] "[36mGET /static/img/img-114.png HTTP/1.1[0m" 304 -
[2024-01-29 11:06:37,887] INFO in _internal: 127.0.0.1 - - [29/Jan/2024 11:06:37] "[36mGET /static/img/img-115.png HTTP/1.1[0m" 304 -
[2024-01-29 11:06:37,889] INFO in _internal: 127.0.0.1 - - [29/Jan/2024 11:06:37] "[36mGET /static/img/img-116.png HTTP/1.1[0m" 304 -
[2024-01-29 11:06:37,894] INFO in _internal: 127.0.0.1 - - [29/Jan/2024 11:06:37] "[36mGET /static/img/img-117.png HTTP/1.1[0m" 304 -
[2024-01-29 11:06:37,897] INFO in _internal: 127.0.0.1 - - [29/Jan/2024 11:06:37] "[36mGET /static/img/img-118.png HTTP/1.1[0m" 304 -
[2024-01-29 11:06:37,900] INFO in _internal: 127.0.0.1 - - [29/Jan/2024 11:06:37] "[36mGET /static/img/img-119.png HTTP/1.1[0m" 304 -
[2024-01-29 11:06:37,904] INFO in _internal: 127.0.0.1 - - [29/Jan/2024 11:06:37] "[36mGET /static/img/img-120.png HTTP/1.1[0m" 304 -
[2024-01-29 11:06:37,907] INFO in _internal: 127.0.0.1 - - [29/Jan/2024 11:06:37] "[36mGET /static/img/img-121.png HTTP/1.1[0m" 304 -
[2024-01-29 11:06:37,913] INFO in _internal: 127.0.0.1 - - [29/Jan/2024 11:06:37] "[36mGET /static/img/img-122.png HTTP/1.1[0m" 304 -
[2024-01-29 11:06:37,916] INFO in _internal: 127.0.0.1 - - [29/Jan/2024 11:06:37] "[36mGET /static/img/img-123.png HTTP/1.1[0m" 304 -
[2024-01-29 11:06:37,920] INFO in _internal: 127.0.0.1 - - [29/Jan/2024 11:06:37] "[36mGET /static/img/img-124.png HTTP/1.1[0m" 304 -
[2024-01-29 11:06:37,926] INFO in _internal: 127.0.0.1 - - [29/Jan/2024 11:06:37] "[36mGET /static/img/img-125.png HTTP/1.1[0m" 304 -
[2024-01-29 11:06:37,935] INFO in _internal: 127.0.0.1 - - [29/Jan/2024 11:06:37] "[36mGET /static/img/img-126.png HTTP/1.1[0m" 304 -
[2024-01-29 11:06:37,940] INFO in _internal: 127.0.0.1 - - [29/Jan/2024 11:06:37] "[36mGET /static/img/img-127.png HTTP/1.1[0m" 304 -
[2024-01-29 11:06:37,942] INFO in _internal: 127.0.0.1 - - [29/Jan/2024 11:06:37] "[36mGET /static/img/img-128.png HTTP/1.1[0m" 304 -
[2024-01-29 11:06:37,948] INFO in _internal: 127.0.0.1 - - [29/Jan/2024 11:06:37] "[36mGET /static/img/img-129.png HTTP/1.1[0m" 304 -
[2024-01-29 11:06:37,954] INFO in _internal: 127.0.0.1 - - [29/Jan/2024 11:06:37] "[36mGET /static/img/img-130.png HTTP/1.1[0m" 304 -
[2024-01-29 11:06:37,955] INFO in _internal: 127.0.0.1 - - [29/Jan/2024 11:06:37] "[36mGET /static/img/img-131.png HTTP/1.1[0m" 304 -
[2024-01-29 11:06:37,956] INFO in _internal: 127.0.0.1 - - [29/Jan/2024 11:06:37] "[36mGET /static/img/img-132.png HTTP/1.1[0m" 304 -
[2024-01-29 11:06:37,963] INFO in _internal: 127.0.0.1 - - [29/Jan/2024 11:06:37] "[36mGET /static/img/img-133.png HTTP/1.1[0m" 304 -
[2024-01-29 11:06:37,967] INFO in _internal: 127.0.0.1 - - [29/Jan/2024 11:06:37] "[36mGET /static/img/img-134.png HTTP/1.1[0m" 304 -
[2024-01-29 11:06:37,970] INFO in _internal: 127.0.0.1 - - [29/Jan/2024 11:06:37] "[36mGET /static/img/img-135.png HTTP/1.1[0m" 304 -
[2024-01-29 11:06:37,974] INFO in _internal: 127.0.0.1 - - [29/Jan/2024 11:06:37] "[36mGET /static/img/img-136.png HTTP/1.1[0m" 304 -
[2024-01-29 11:06:37,977] INFO in _internal: 127.0.0.1 - - [29/Jan/2024 11:06:37] "[36mGET /static/img/img-137.png HTTP/1.1[0m" 304 -
[2024-01-29 11:06:37,982] INFO in _internal: 127.0.0.1 - - [29/Jan/2024 11:06:37] "[36mGET /static/img/img-138.png HTTP/1.1[0m" 304 -
[2024-01-29 11:06:37,984] INFO in _internal: 127.0.0.1 - - [29/Jan/2024 11:06:37] "[36mGET /static/img/img-139.png HTTP/1.1[0m" 304 -
[2024-01-29 11:06:37,989] INFO in _internal: 127.0.0.1 - - [29/Jan/2024 11:06:37] "[36mGET /static/img/img-140.png HTTP/1.1[0m" 304 -
[2024-01-29 11:06:37,993] INFO in _internal: 127.0.0.1 - - [29/Jan/2024 11:06:37] "[36mGET /static/img/img-141.png HTTP/1.1[0m" 304 -
[2024-01-29 11:06:37,998] INFO in _internal: 127.0.0.1 - - [29/Jan/2024 11:06:37] "[36mGET /static/img/img-142.png HTTP/1.1[0m" 304 -
[2024-01-29 11:06:38,000] INFO in _internal: 127.0.0.1 - - [29/Jan/2024 11:06:38] "[36mGET /static/img/img-143.png HTTP/1.1[0m" 304 -
[2024-01-29 11:06:38,003] INFO in _internal: 127.0.0.1 - - [29/Jan/2024 11:06:38] "[36mGET /static/img/img-144.png HTTP/1.1[0m" 304 -
[2024-01-29 11:06:38,011] INFO in _internal: 127.0.0.1 - - [29/Jan/2024 11:06:38] "[36mGET /static/img/img-145.png HTTP/1.1[0m" 304 -
[2024-01-29 11:06:38,015] INFO in _internal: 127.0.0.1 - - [29/Jan/2024 11:06:38] "[36mGET /static/img/img-146.png HTTP/1.1[0m" 304 -
[2024-01-29 11:06:38,018] INFO in _internal: 127.0.0.1 - - [29/Jan/2024 11:06:38] "[36mGET /static/img/img-147.png HTTP/1.1[0m" 304 -
[2024-01-29 11:06:38,023] INFO in _internal: 127.0.0.1 - - [29/Jan/2024 11:06:38] "[36mGET /static/img/img-148.png HTTP/1.1[0m" 304 -
[2024-01-29 11:06:38,023] INFO in _internal: 127.0.0.1 - - [29/Jan/2024 11:06:38] "[36mGET /static/img/img-149.png HTTP/1.1[0m" 304 -
[2024-01-29 11:06:38,031] INFO in _internal: 127.0.0.1 - - [29/Jan/2024 11:06:38] "[36mGET /static/img/img-150.png HTTP/1.1[0m" 304 -
[2024-01-29 11:06:38,033] INFO in _internal: 127.0.0.1 - - [29/Jan/2024 11:06:38] "[36mGET /static/img/img-151.png HTTP/1.1[0m" 304 -
[2024-01-29 11:06:38,035] INFO in _internal: 127.0.0.1 - - [29/Jan/2024 11:06:38] "[36mGET /static/img/img-152.png HTTP/1.1[0m" 304 -
[2024-01-29 11:06:38,044] INFO in _internal: 127.0.0.1 - - [29/Jan/2024 11:06:38] "[36mGET /static/img/img-153.png HTTP/1.1[0m" 304 -
[2024-01-29 11:06:38,047] INFO in _internal: 127.0.0.1 - - [29/Jan/2024 11:06:38] "[36mGET /static/img/img-154.png HTTP/1.1[0m" 304 -
[2024-01-29 11:06:38,050] INFO in _internal: 127.0.0.1 - - [29/Jan/2024 11:06:38] "[36mGET /static/img/img-155.png HTTP/1.1[0m" 304 -
[2024-01-29 11:06:38,059] INFO in _internal: 127.0.0.1 - - [29/Jan/2024 11:06:38] "[36mGET /static/img/img-156.png HTTP/1.1[0m" 304 -
[2024-01-29 11:06:38,063] INFO in _internal: 127.0.0.1 - - [29/Jan/2024 11:06:38] "[36mGET /static/img/img-157.png HTTP/1.1[0m" 304 -
[2024-01-29 11:06:38,068] INFO in _internal: 127.0.0.1 - - [29/Jan/2024 11:06:38] "[36mGET /static/img/img-158.png HTTP/1.1[0m" 304 -
[2024-01-29 11:06:38,076] INFO in _internal: 127.0.0.1 - - [29/Jan/2024 11:06:38] "[36mGET /static/img/img-159.png HTTP/1.1[0m" 304 -
[2024-01-29 11:06:38,083] INFO in _internal: 127.0.0.1 - - [29/Jan/2024 11:06:38] "[36mGET /static/img/img-160.png HTTP/1.1[0m" 304 -
[2024-01-29 11:06:38,090] INFO in _internal: 127.0.0.1 - - [29/Jan/2024 11:06:38] "[36mGET /static/img/img-161.png HTTP/1.1[0m" 304 -
[2024-01-29 11:06:38,095] INFO in _internal: 127.0.0.1 - - [29/Jan/2024 11:06:38] "[36mGET /static/img/img-162.png HTTP/1.1[0m" 304 -
[2024-01-29 11:06:38,097] INFO in _internal: 127.0.0.1 - - [29/Jan/2024 11:06:38] "[36mGET /static/img/img-163.png HTTP/1.1[0m" 304 -
[2024-01-29 11:06:38,100] INFO in _internal: 127.0.0.1 - - [29/Jan/2024 11:06:38] "[36mGET /static/img/img-164.png HTTP/1.1[0m" 304 -
[2024-01-29 11:06:38,101] INFO in _internal: 127.0.0.1 - - [29/Jan/2024 11:06:38] "[36mGET /static/img/img-165.png HTTP/1.1[0m" 304 -
[2024-01-29 11:06:38,111] INFO in _internal: 127.0.0.1 - - [29/Jan/2024 11:06:38] "[36mGET /static/img/img-166.png HTTP/1.1[0m" 304 -
[2024-01-29 11:06:38,115] INFO in _internal: 127.0.0.1 - - [29/Jan/2024 11:06:38] "[36mGET /static/img/img-167.png HTTP/1.1[0m" 304 -
[2024-01-29 11:06:38,119] INFO in _internal: 127.0.0.1 - - [29/Jan/2024 11:06:38] "[36mGET /static/img/img-168.png HTTP/1.1[0m" 304 -
[2024-01-29 11:06:38,122] INFO in _internal: 127.0.0.1 - - [29/Jan/2024 11:06:38] "[36mGET /static/img/img-169.png HTTP/1.1[0m" 304 -
[2024-01-29 11:06:38,126] INFO in _internal: 127.0.0.1 - - [29/Jan/2024 11:06:38] "[36mGET /static/img/img-170.png HTTP/1.1[0m" 304 -
[2024-01-29 11:06:38,131] INFO in _internal: 127.0.0.1 - - [29/Jan/2024 11:06:38] "[36mGET /static/img/img-171.png HTTP/1.1[0m" 304 -
[2024-01-29 11:06:38,134] INFO in _internal: 127.0.0.1 - - [29/Jan/2024 11:06:38] "[36mGET /static/img/img-172.png HTTP/1.1[0m" 304 -
[2024-01-29 11:06:38,137] INFO in _internal: 127.0.0.1 - - [29/Jan/2024 11:06:38] "[36mGET /static/img/img-173.png HTTP/1.1[0m" 304 -
[2024-01-29 11:06:38,141] INFO in _internal: 127.0.0.1 - - [29/Jan/2024 11:06:38] "[36mGET /static/img/img-174.png HTTP/1.1[0m" 304 -
[2024-01-29 11:06:38,147] INFO in _internal: 127.0.0.1 - - [29/Jan/2024 11:06:38] "[36mGET /static/img/img-175.png HTTP/1.1[0m" 304 -
[2024-01-29 11:06:38,148] INFO in _internal: 127.0.0.1 - - [29/Jan/2024 11:06:38] "[36mGET /static/img/img-176.png HTTP/1.1[0m" 304 -
[2024-01-29 11:06:38,156] INFO in _internal: 127.0.0.1 - - [29/Jan/2024 11:06:38] "[36mGET /static/img/img-177.png HTTP/1.1[0m" 304 -
[2024-01-29 11:06:38,159] INFO in _internal: 127.0.0.1 - - [29/Jan/2024 11:06:38] "[36mGET /static/img/img-178.png HTTP/1.1[0m" 304 -
[2024-01-29 11:06:38,164] INFO in _internal: 127.0.0.1 - - [29/Jan/2024 11:06:38] "[36mGET /static/img/img-179.png HTTP/1.1[0m" 304 -
[2024-01-29 11:06:38,168] INFO in _internal: 127.0.0.1 - - [29/Jan/2024 11:06:38] "[36mGET /static/img/img-180.png HTTP/1.1[0m" 304 -
[2024-01-29 11:06:38,172] INFO in _internal: 127.0.0.1 - - [29/Jan/2024 11:06:38] "[36mGET /static/img/img-181.png HTTP/1.1[0m" 304 -
[2024-01-29 11:06:38,174] INFO in _internal: 127.0.0.1 - - [29/Jan/2024 11:06:38] "[36mGET /static/img/img-182.png HTTP/1.1[0m" 304 -
[2024-01-29 11:06:38,185] INFO in _internal: 127.0.0.1 - - [29/Jan/2024 11:06:38] "[36mGET /static/img/img-183.png HTTP/1.1[0m" 304 -
[2024-01-29 11:06:38,188] INFO in _internal: 127.0.0.1 - - [29/Jan/2024 11:06:38] "[36mGET /static/img/img-184.png HTTP/1.1[0m" 304 -
[2024-01-29 11:06:38,191] INFO in _internal: 127.0.0.1 - - [29/Jan/2024 11:06:38] "[36mGET /static/img/img-185.png HTTP/1.1[0m" 304 -
[2024-01-29 11:06:38,192] INFO in _internal: 127.0.0.1 - - [29/Jan/2024 11:06:38] "[36mGET /static/img/img-186.png HTTP/1.1[0m" 304 -
[2024-01-29 11:06:38,200] INFO in _internal: 127.0.0.1 - - [29/Jan/2024 11:06:38] "[36mGET /static/img/img-187.png HTTP/1.1[0m" 304 -
[2024-01-29 11:06:38,203] INFO in _internal: 127.0.0.1 - - [29/Jan/2024 11:06:38] "[36mGET /static/img/img-188.png HTTP/1.1[0m" 304 -
[2024-01-29 11:06:38,206] INFO in _internal: 127.0.0.1 - - [29/Jan/2024 11:06:38] "[36mGET /static/img/img-189.png HTTP/1.1[0m" 304 -
[2024-01-29 11:06:38,212] INFO in _internal: 127.0.0.1 - - [29/Jan/2024 11:06:38] "[36mGET /static/img/img-190.png HTTP/1.1[0m" 304 -
[2024-01-29 11:06:38,216] INFO in _internal: 127.0.0.1 - - [29/Jan/2024 11:06:38] "[36mGET /static/img/img-191.png HTTP/1.1[0m" 304 -
[2024-01-29 11:06:38,219] INFO in _internal: 127.0.0.1 - - [29/Jan/2024 11:06:38] "[36mGET /static/img/img-192.png HTTP/1.1[0m" 304 -
[2024-01-29 11:06:47,221] INFO in _internal: 127.0.0.1 - - [29/Jan/2024 11:06:47] "GET /info HTTP/1.1" 200 -
[2024-01-29 11:06:47,240] INFO in _internal: 127.0.0.1 - - [29/Jan/2024 11:06:47] "GET /static/css/info.css HTTP/1.1" 200 -
[2024-01-29 11:06:47,242] INFO in _internal: 127.0.0.1 - - [29/Jan/2024 11:06:47] "[36mGET /static/img/logo.png HTTP/1.1[0m" 304 -
[2024-01-29 11:06:47,244] INFO in _internal: 127.0.0.1 - - [29/Jan/2024 11:06:47] "[36mGET /static/js/info.js HTTP/1.1[0m" 304 -
[2024-01-29 11:06:47,282] INFO in _internal: 127.0.0.1 - - [29/Jan/2024 11:06:47] "[36mGET /static/img/img-1.png HTTP/1.1[0m" 304 -
[2024-01-29 11:06:47,299] INFO in _internal: 127.0.0.1 - - [29/Jan/2024 11:06:47] "[36mGET /static/img/img-2.png HTTP/1.1[0m" 304 -
[2024-01-29 11:06:47,308] INFO in _internal: 127.0.0.1 - - [29/Jan/2024 11:06:47] "[36mGET /static/img/img-3.png HTTP/1.1[0m" 304 -
[2024-01-29 11:06:47,313] INFO in _internal: 127.0.0.1 - - [29/Jan/2024 11:06:47] "[36mGET /static/img/img-4.png HTTP/1.1[0m" 304 -
[2024-01-29 11:06:47,317] INFO in _internal: 127.0.0.1 - - [29/Jan/2024 11:06:47] "[36mGET /static/img/img-6.png HTTP/1.1[0m" 304 -
[2024-01-29 11:06:47,318] INFO in _internal: 127.0.0.1 - - [29/Jan/2024 11:06:47] "[36mGET /static/img/img-5.png HTTP/1.1[0m" 304 -
[2024-01-29 11:06:47,320] INFO in _internal: 127.0.0.1 - - [29/Jan/2024 11:06:47] "[36mGET /static/img/img-7.png HTTP/1.1[0m" 304 -
[2024-01-29 11:06:47,322] INFO in _internal: 127.0.0.1 - - [29/Jan/2024 11:06:47] "[36mGET /static/img/img-8.png HTTP/1.1[0m" 304 -
[2024-01-29 11:06:47,335] INFO in _internal: 127.0.0.1 - - [29/Jan/2024 11:06:47] "[36mGET /static/img/img-9.png HTTP/1.1[0m" 304 -
[2024-01-29 11:06:47,337] INFO in _internal: 127.0.0.1 - - [29/Jan/2024 11:06:47] "[36mGET /static/img/img-10.png HTTP/1.1[0m" 304 -
[2024-01-29 11:06:47,342] INFO in _internal: 127.0.0.1 - - [29/Jan/2024 11:06:47] "[36mGET /static/img/img-11.png HTTP/1.1[0m" 304 -
[2024-01-29 11:06:47,346] INFO in _internal: 127.0.0.1 - - [29/Jan/2024 11:06:47] "[36mGET /static/img/img-12.png HTTP/1.1[0m" 304 -
[2024-01-29 11:06:47,367] INFO in _internal: 127.0.0.1 - - [29/Jan/2024 11:06:47] "[36mGET /static/img/img-13.png HTTP/1.1[0m" 304 -
[2024-01-29 11:06:47,371] INFO in _internal: 127.0.0.1 - - [29/Jan/2024 11:06:47] "[36mGET /static/img/img-14.png HTTP/1.1[0m" 304 -
[2024-01-29 11:06:47,379] INFO in _internal: 127.0.0.1 - - [29/Jan/2024 11:06:47] "[36mGET /static/img/img-15.png HTTP/1.1[0m" 304 -
[2024-01-29 11:06:47,384] INFO in _internal: 127.0.0.1 - - [29/Jan/2024 11:06:47] "[36mGET /static/img/img-16.png HTTP/1.1[0m" 304 -
[2024-01-29 11:06:47,390] INFO in _internal: 127.0.0.1 - - [29/Jan/2024 11:06:47] "[36mGET /static/img/img-46.png HTTP/1.1[0m" 304 -
[2024-01-29 11:06:47,398] INFO in _internal: 127.0.0.1 - - [29/Jan/2024 11:06:47] "[36mGET /static/img/img-45.png HTTP/1.1[0m" 304 -
[2024-01-29 11:06:47,411] INFO in _internal: 127.0.0.1 - - [29/Jan/2024 11:06:47] "[36mGET /static/img/img-47.png HTTP/1.1[0m" 304 -
[2024-01-29 11:06:47,416] INFO in _internal: 127.0.0.1 - - [29/Jan/2024 11:06:47] "[36mGET /static/img/img-17.png HTTP/1.1[0m" 304 -
[2024-01-29 11:06:47,426] INFO in _internal: 127.0.0.1 - - [29/Jan/2024 11:06:47] "[36mGET /static/img/img-18.png HTTP/1.1[0m" 304 -
[2024-01-29 11:06:47,430] INFO in _internal: 127.0.0.1 - - [29/Jan/2024 11:06:47] "[36mGET /static/img/img-19.png HTTP/1.1[0m" 304 -
[2024-01-29 11:06:47,433] INFO in _internal: 127.0.0.1 - - [29/Jan/2024 11:06:47] "[36mGET /static/img/img-20.png HTTP/1.1[0m" 304 -
[2024-01-29 11:06:47,437] INFO in _internal: 127.0.0.1 - - [29/Jan/2024 11:06:47] "[36mGET /static/img/img-21.png HTTP/1.1[0m" 304 -
[2024-01-29 11:06:47,440] INFO in _internal: 127.0.0.1 - - [29/Jan/2024 11:06:47] "[36mGET /static/img/img-22.png HTTP/1.1[0m" 304 -
[2024-01-29 11:06:47,442] INFO in _internal: 127.0.0.1 - - [29/Jan/2024 11:06:47] "[36mGET /static/img/img-23.png HTTP/1.1[0m" 304 -
[2024-01-29 11:06:47,445] INFO in _internal: 127.0.0.1 - - [29/Jan/2024 11:06:47] "[36mGET /static/img/img-24.png HTTP/1.1[0m" 304 -
[2024-01-29 11:06:47,447] INFO in _internal: 127.0.0.1 - - [29/Jan/2024 11:06:47] "[36mGET /static/img/img-25.png HTTP/1.1[0m" 304 -
[2024-01-29 11:06:47,453] INFO in _internal: 127.0.0.1 - - [29/Jan/2024 11:06:47] "[36mGET /static/img/img-26.png HTTP/1.1[0m" 304 -
[2024-01-29 11:06:47,454] INFO in _internal: 127.0.0.1 - - [29/Jan/2024 11:06:47] "[36mGET /static/img/img-27.png HTTP/1.1[0m" 304 -
[2024-01-29 11:06:47,460] INFO in _internal: 127.0.0.1 - - [29/Jan/2024 11:06:47] "[36mGET /static/img/img-28.png HTTP/1.1[0m" 304 -
[2024-01-29 11:06:47,461] INFO in _internal: 127.0.0.1 - - [29/Jan/2024 11:06:47] "[36mGET /static/img/img-29.png HTTP/1.1[0m" 304 -
[2024-01-29 11:06:47,467] INFO in _internal: 127.0.0.1 - - [29/Jan/2024 11:06:47] "[36mGET /static/img/img-30.png HTTP/1.1[0m" 304 -
[2024-01-29 11:06:47,469] INFO in _internal: 127.0.0.1 - - [29/Jan/2024 11:06:47] "[36mGET /static/img/img-31.png HTTP/1.1[0m" 304 -
[2024-01-29 11:06:47,474] INFO in _internal: 127.0.0.1 - - [29/Jan/2024 11:06:47] "[36mGET /static/img/img-32.png HTTP/1.1[0m" 304 -
[2024-01-29 11:06:47,477] INFO in _internal: 127.0.0.1 - - [29/Jan/2024 11:06:47] "[36mGET /static/img/img-33.png HTTP/1.1[0m" 304 -
[2024-01-29 11:06:47,484] INFO in _internal: 127.0.0.1 - - [29/Jan/2024 11:06:47] "[36mGET /static/img/img-34.png HTTP/1.1[0m" 304 -
[2024-01-29 11:06:47,486] INFO in _internal: 127.0.0.1 - - [29/Jan/2024 11:06:47] "[36mGET /static/img/img-35.png HTTP/1.1[0m" 304 -
[2024-01-29 11:06:47,491] INFO in _internal: 127.0.0.1 - - [29/Jan/2024 11:06:47] "[36mGET /static/img/img-36.png HTTP/1.1[0m" 304 -
[2024-01-29 11:06:47,493] INFO in _internal: 127.0.0.1 - - [29/Jan/2024 11:06:47] "[36mGET /static/img/img-37.png HTTP/1.1[0m" 304 -
[2024-01-29 11:06:47,496] INFO in _internal: 127.0.0.1 - - [29/Jan/2024 11:06:47] "[36mGET /static/img/img-38.png HTTP/1.1[0m" 304 -
[2024-01-29 11:06:47,501] INFO in _internal: 127.0.0.1 - - [29/Jan/2024 11:06:47] "[36mGET /static/img/img-39.png HTTP/1.1[0m" 304 -
[2024-01-29 11:06:47,502] INFO in _internal: 127.0.0.1 - - [29/Jan/2024 11:06:47] "[36mGET /static/img/img-40.png HTTP/1.1[0m" 304 -
[2024-01-29 11:06:47,508] INFO in _internal: 127.0.0.1 - - [29/Jan/2024 11:06:47] "[36mGET /static/img/img-41.png HTTP/1.1[0m" 304 -
[2024-01-29 11:06:47,511] INFO in _internal: 127.0.0.1 - - [29/Jan/2024 11:06:47] "[36mGET /static/img/img-42.png HTTP/1.1[0m" 304 -
[2024-01-29 11:06:47,515] INFO in _internal: 127.0.0.1 - - [29/Jan/2024 11:06:47] "[36mGET /static/img/img-43.png HTTP/1.1[0m" 304 -
[2024-01-29 11:06:47,516] INFO in _internal: 127.0.0.1 - - [29/Jan/2024 11:06:47] "[36mGET /static/img/img-44.png HTTP/1.1[0m" 304 -
[2024-01-29 11:06:47,522] INFO in _internal: 127.0.0.1 - - [29/Jan/2024 11:06:47] "[36mGET /static/img/img-48.png HTTP/1.1[0m" 304 -
[2024-01-29 11:06:47,526] INFO in _internal: 127.0.0.1 - - [29/Jan/2024 11:06:47] "[36mGET /static/img/img-49.png HTTP/1.1[0m" 304 -
[2024-01-29 11:06:47,529] INFO in _internal: 127.0.0.1 - - [29/Jan/2024 11:06:47] "[36mGET /static/img/img-50.png HTTP/1.1[0m" 304 -
[2024-01-29 11:06:47,531] INFO in _internal: 127.0.0.1 - - [29/Jan/2024 11:06:47] "[36mGET /static/img/img-51.png HTTP/1.1[0m" 304 -
[2024-01-29 11:06:47,537] INFO in _internal: 127.0.0.1 - - [29/Jan/2024 11:06:47] "[36mGET /static/img/img-52.png HTTP/1.1[0m" 304 -
[2024-01-29 11:06:47,540] INFO in _internal: 127.0.0.1 - - [29/Jan/2024 11:06:47] "[36mGET /static/img/img-53.png HTTP/1.1[0m" 304 -
[2024-01-29 11:06:47,543] INFO in _internal: 127.0.0.1 - - [29/Jan/2024 11:06:47] "[36mGET /static/img/img-54.png HTTP/1.1[0m" 304 -
[2024-01-29 11:06:47,545] INFO in _internal: 127.0.0.1 - - [29/Jan/2024 11:06:47] "[36mGET /static/img/img-55.png HTTP/1.1[0m" 304 -
[2024-01-29 11:06:47,558] INFO in _internal: 127.0.0.1 - - [29/Jan/2024 11:06:47] "[36mGET /static/img/img-56.png HTTP/1.1[0m" 304 -
[2024-01-29 11:06:47,560] INFO in _internal: 127.0.0.1 - - [29/Jan/2024 11:06:47] "[36mGET /static/img/img-57.png HTTP/1.1[0m" 304 -
[2024-01-29 11:06:47,579] INFO in _internal: 127.0.0.1 - - [29/Jan/2024 11:06:47] "[36mGET /static/img/img-58.png HTTP/1.1[0m" 304 -
[2024-01-29 11:06:47,580] INFO in _internal: 127.0.0.1 - - [29/Jan/2024 11:06:47] "[36mGET /static/img/img-59.png HTTP/1.1[0m" 304 -
[2024-01-29 11:06:47,584] INFO in _internal: 127.0.0.1 - - [29/Jan/2024 11:06:47] "[36mGET /static/img/img-60.png HTTP/1.1[0m" 304 -
[2024-01-29 11:06:47,610] INFO in _internal: 127.0.0.1 - - [29/Jan/2024 11:06:47] "[36mGET /static/img/img-61.png HTTP/1.1[0m" 304 -
[2024-01-29 11:06:47,613] INFO in _internal: 127.0.0.1 - - [29/Jan/2024 11:06:47] "[36mGET /static/img/img-62.png HTTP/1.1[0m" 304 -
[2024-01-29 11:06:47,617] INFO in _internal: 127.0.0.1 - - [29/Jan/2024 11:06:47] "[36mGET /static/img/img-63.png HTTP/1.1[0m" 304 -
[2024-01-29 11:06:47,625] INFO in _internal: 127.0.0.1 - - [29/Jan/2024 11:06:47] "[36mGET /static/img/img-64.png HTTP/1.1[0m" 304 -
[2024-01-29 11:06:47,627] INFO in _internal: 127.0.0.1 - - [29/Jan/2024 11:06:47] "[36mGET /static/img/img-65.png HTTP/1.1[0m" 304 -
[2024-01-29 11:06:47,630] INFO in _internal: 127.0.0.1 - - [29/Jan/2024 11:06:47] "[36mGET /static/img/img-66.png HTTP/1.1[0m" 304 -
[2024-01-29 11:06:47,632] INFO in _internal: 127.0.0.1 - - [29/Jan/2024 11:06:47] "[36mGET /static/img/img-67.png HTTP/1.1[0m" 304 -
[2024-01-29 11:06:47,636] INFO in _internal: 127.0.0.1 - - [29/Jan/2024 11:06:47] "[36mGET /static/img/img-68.png HTTP/1.1[0m" 304 -
[2024-01-29 11:06:47,642] INFO in _internal: 127.0.0.1 - - [29/Jan/2024 11:06:47] "[36mGET /static/img/img-69.png HTTP/1.1[0m" 304 -
[2024-01-29 11:06:47,644] INFO in _internal: 127.0.0.1 - - [29/Jan/2024 11:06:47] "[36mGET /static/img/img-70.png HTTP/1.1[0m" 304 -
[2024-01-29 11:06:47,652] INFO in _internal: 127.0.0.1 - - [29/Jan/2024 11:06:47] "[36mGET /static/img/img-71.png HTTP/1.1[0m" 304 -
[2024-01-29 11:06:47,655] INFO in _internal: 127.0.0.1 - - [29/Jan/2024 11:06:47] "[36mGET /static/img/img-72.png HTTP/1.1[0m" 304 -
[2024-01-29 11:06:47,658] INFO in _internal: 127.0.0.1 - - [29/Jan/2024 11:06:47] "[36mGET /static/img/img-73.png HTTP/1.1[0m" 304 -
[2024-01-29 11:06:47,660] INFO in _internal: 127.0.0.1 - - [29/Jan/2024 11:06:47] "[36mGET /static/img/img-74.png HTTP/1.1[0m" 304 -
[2024-01-29 11:06:47,670] INFO in _internal: 127.0.0.1 - - [29/Jan/2024 11:06:47] "[36mGET /static/img/img-75.png HTTP/1.1[0m" 304 -
[2024-01-29 11:06:47,673] INFO in _internal: 127.0.0.1 - - [29/Jan/2024 11:06:47] "[36mGET /static/img/img-76.png HTTP/1.1[0m" 304 -
[2024-01-29 11:06:47,676] INFO in _internal: 127.0.0.1 - - [29/Jan/2024 11:06:47] "[36mGET /static/img/img-77.png HTTP/1.1[0m" 304 -
[2024-01-29 11:06:47,677] INFO in _internal: 127.0.0.1 - - [29/Jan/2024 11:06:47] "[36mGET /static/img/img-78.png HTTP/1.1[0m" 304 -
[2024-01-29 11:06:47,686] INFO in _internal: 127.0.0.1 - - [29/Jan/2024 11:06:47] "[36mGET /static/img/img-79.png HTTP/1.1[0m" 304 -
[2024-01-29 11:06:47,691] INFO in _internal: 127.0.0.1 - - [29/Jan/2024 11:06:47] "[36mGET /static/img/img-80.png HTTP/1.1[0m" 304 -
[2024-01-29 11:06:47,695] INFO in _internal: 127.0.0.1 - - [29/Jan/2024 11:06:47] "[36mGET /static/img/img-81.png HTTP/1.1[0m" 304 -
[2024-01-29 11:06:47,697] INFO in _internal: 127.0.0.1 - - [29/Jan/2024 11:06:47] "[36mGET /static/img/img-82.png HTTP/1.1[0m" 304 -
[2024-01-29 11:06:47,707] INFO in _internal: 127.0.0.1 - - [29/Jan/2024 11:06:47] "[36mGET /static/img/img-83.png HTTP/1.1[0m" 304 -
[2024-01-29 11:06:47,710] INFO in _internal: 127.0.0.1 - - [29/Jan/2024 11:06:47] "[36mGET /static/img/img-84.png HTTP/1.1[0m" 304 -
[2024-01-29 11:06:47,712] INFO in _internal: 127.0.0.1 - - [29/Jan/2024 11:06:47] "[36mGET /static/img/img-85.png HTTP/1.1[0m" 304 -
[2024-01-29 11:06:47,718] INFO in _internal: 127.0.0.1 - - [29/Jan/2024 11:06:47] "[36mGET /static/img/img-86.png HTTP/1.1[0m" 304 -
[2024-01-29 11:06:47,724] INFO in _internal: 127.0.0.1 - - [29/Jan/2024 11:06:47] "[36mGET /static/img/img-87.png HTTP/1.1[0m" 304 -
[2024-01-29 11:06:47,727] INFO in _internal: 127.0.0.1 - - [29/Jan/2024 11:06:47] "[36mGET /static/img/img-88.png HTTP/1.1[0m" 304 -
[2024-01-29 11:06:47,738] INFO in _internal: 127.0.0.1 - - [29/Jan/2024 11:06:47] "[36mGET /static/img/img-89.png HTTP/1.1[0m" 304 -
[2024-01-29 11:06:47,741] INFO in _internal: 127.0.0.1 - - [29/Jan/2024 11:06:47] "[36mGET /static/img/img-90.png HTTP/1.1[0m" 304 -
[2024-01-29 11:06:47,744] INFO in _internal: 127.0.0.1 - - [29/Jan/2024 11:06:47] "[36mGET /static/img/img-91.png HTTP/1.1[0m" 304 -
[2024-01-29 11:06:47,749] INFO in _internal: 127.0.0.1 - - [29/Jan/2024 11:06:47] "[36mGET /static/img/img-92.png HTTP/1.1[0m" 304 -
[2024-01-29 11:06:47,752] INFO in _internal: 127.0.0.1 - - [29/Jan/2024 11:06:47] "[36mGET /static/img/img-93.png HTTP/1.1[0m" 304 -
[2024-01-29 11:06:47,754] INFO in _internal: 127.0.0.1 - - [29/Jan/2024 11:06:47] "[36mGET /static/img/img-94.png HTTP/1.1[0m" 304 -
[2024-01-29 11:06:47,762] INFO in _internal: 127.0.0.1 - - [29/Jan/2024 11:06:47] "[36mGET /static/img/img-95.png HTTP/1.1[0m" 304 -
[2024-01-29 11:06:47,765] INFO in _internal: 127.0.0.1 - - [29/Jan/2024 11:06:47] "[36mGET /static/img/img-96.png HTTP/1.1[0m" 304 -
[2024-01-29 11:06:47,767] INFO in _internal: 127.0.0.1 - - [29/Jan/2024 11:06:47] "[36mGET /static/img/img-97.png HTTP/1.1[0m" 304 -
[2024-01-29 11:06:47,773] INFO in _internal: 127.0.0.1 - - [29/Jan/2024 11:06:47] "[36mGET /static/img/img-98.png HTTP/1.1[0m" 304 -
[2024-01-29 11:06:47,775] INFO in _internal: 127.0.0.1 - - [29/Jan/2024 11:06:47] "[36mGET /static/img/img-99.png HTTP/1.1[0m" 304 -
[2024-01-29 11:06:47,785] INFO in _internal: 127.0.0.1 - - [29/Jan/2024 11:06:47] "[36mGET /static/img/img-100.png HTTP/1.1[0m" 304 -
[2024-01-29 11:06:47,791] INFO in _internal: 127.0.0.1 - - [29/Jan/2024 11:06:47] "[36mGET /static/img/img-101.png HTTP/1.1[0m" 304 -
[2024-01-29 11:06:47,791] INFO in _internal: 127.0.0.1 - - [29/Jan/2024 11:06:47] "[36mGET /static/img/img-102.png HTTP/1.1[0m" 304 -
[2024-01-29 11:06:47,801] INFO in _internal: 127.0.0.1 - - [29/Jan/2024 11:06:47] "[36mGET /static/img/img-103.png HTTP/1.1[0m" 304 -
[2024-01-29 11:06:47,804] INFO in _internal: 127.0.0.1 - - [29/Jan/2024 11:06:47] "[36mGET /static/img/img-104.png HTTP/1.1[0m" 304 -
[2024-01-29 11:06:47,809] INFO in _internal: 127.0.0.1 - - [29/Jan/2024 11:06:47] "[36mGET /static/img/img-105.png HTTP/1.1[0m" 304 -
[2024-01-29 11:06:47,815] INFO in _internal: 127.0.0.1 - - [29/Jan/2024 11:06:47] "[36mGET /static/img/img-106.png HTTP/1.1[0m" 304 -
[2024-01-29 11:06:47,821] INFO in _internal: 127.0.0.1 - - [29/Jan/2024 11:06:47] "[36mGET /static/img/img-107.png HTTP/1.1[0m" 304 -
[2024-01-29 11:06:47,824] INFO in _internal: 127.0.0.1 - - [29/Jan/2024 11:06:47] "[36mGET /static/img/img-108.png HTTP/1.1[0m" 304 -
[2024-01-29 11:06:47,829] INFO in _internal: 127.0.0.1 - - [29/Jan/2024 11:06:47] "[36mGET /static/img/img-109.png HTTP/1.1[0m" 304 -
[2024-01-29 11:06:47,838] INFO in _internal: 127.0.0.1 - - [29/Jan/2024 11:06:47] "[36mGET /static/img/img-110.png HTTP/1.1[0m" 304 -
[2024-01-29 11:06:47,842] INFO in _internal: 127.0.0.1 - - [29/Jan/2024 11:06:47] "[36mGET /static/img/img-111.png HTTP/1.1[0m" 304 -
[2024-01-29 11:06:47,845] INFO in _internal: 127.0.0.1 - - [29/Jan/2024 11:06:47] "[36mGET /static/img/img-112.png HTTP/1.1[0m" 304 -
[2024-01-29 11:06:47,846] INFO in _internal: 127.0.0.1 - - [29/Jan/2024 11:06:47] "[36mGET /static/img/img-113.png HTTP/1.1[0m" 304 -
[2024-01-29 11:06:47,857] INFO in _internal: 127.0.0.1 - - [29/Jan/2024 11:06:47] "[36mGET /static/img/img-114.png HTTP/1.1[0m" 304 -
[2024-01-29 11:06:47,860] INFO in _internal: 127.0.0.1 - - [29/Jan/2024 11:06:47] "[36mGET /static/img/img-115.png HTTP/1.1[0m" 304 -
[2024-01-29 11:06:47,864] INFO in _internal: 127.0.0.1 - - [29/Jan/2024 11:06:47] "[36mGET /static/img/img-116.png HTTP/1.1[0m" 304 -
[2024-01-29 11:06:47,867] INFO in _internal: 127.0.0.1 - - [29/Jan/2024 11:06:47] "[36mGET /static/img/img-117.png HTTP/1.1[0m" 304 -
[2024-01-29 11:06:47,872] INFO in _internal: 127.0.0.1 - - [29/Jan/2024 11:06:47] "[36mGET /static/img/img-118.png HTTP/1.1[0m" 304 -
[2024-01-29 11:06:47,876] INFO in _internal: 127.0.0.1 - - [29/Jan/2024 11:06:47] "[36mGET /static/img/img-119.png HTTP/1.1[0m" 304 -
[2024-01-29 11:06:47,877] INFO in _internal: 127.0.0.1 - - [29/Jan/2024 11:06:47] "[36mGET /static/img/img-120.png HTTP/1.1[0m" 304 -
[2024-01-29 11:06:47,881] INFO in _internal: 127.0.0.1 - - [29/Jan/2024 11:06:47] "[36mGET /static/img/img-121.png HTTP/1.1[0m" 304 -
[2024-01-29 11:06:47,888] INFO in _internal: 127.0.0.1 - - [29/Jan/2024 11:06:47] "[36mGET /static/img/img-122.png HTTP/1.1[0m" 304 -
[2024-01-29 11:06:47,891] INFO in _internal: 127.0.0.1 - - [29/Jan/2024 11:06:47] "[36mGET /static/img/img-123.png HTTP/1.1[0m" 304 -
[2024-01-29 11:06:47,894] INFO in _internal: 127.0.0.1 - - [29/Jan/2024 11:06:47] "[36mGET /static/img/img-124.png HTTP/1.1[0m" 304 -
[2024-01-29 11:06:47,897] INFO in _internal: 127.0.0.1 - - [29/Jan/2024 11:06:47] "[36mGET /static/img/img-125.png HTTP/1.1[0m" 304 -
[2024-01-29 11:06:47,902] INFO in _internal: 127.0.0.1 - - [29/Jan/2024 11:06:47] "[36mGET /static/img/img-126.png HTTP/1.1[0m" 304 -
[2024-01-29 11:06:47,904] INFO in _internal: 127.0.0.1 - - [29/Jan/2024 11:06:47] "[36mGET /static/img/img-127.png HTTP/1.1[0m" 304 -
[2024-01-29 11:06:47,906] INFO in _internal: 127.0.0.1 - - [29/Jan/2024 11:06:47] "[36mGET /static/img/img-128.png HTTP/1.1[0m" 304 -
[2024-01-29 11:06:47,918] INFO in _internal: 127.0.0.1 - - [29/Jan/2024 11:06:47] "[36mGET /static/img/img-129.png HTTP/1.1[0m" 304 -
[2024-01-29 11:06:47,918] INFO in _internal: 127.0.0.1 - - [29/Jan/2024 11:06:47] "[36mGET /static/img/img-130.png HTTP/1.1[0m" 304 -
[2024-01-29 11:06:47,922] INFO in _internal: 127.0.0.1 - - [29/Jan/2024 11:06:47] "[36mGET /static/img/img-131.png HTTP/1.1[0m" 304 -
[2024-01-29 11:06:47,925] INFO in _internal: 127.0.0.1 - - [29/Jan/2024 11:06:47] "[36mGET /static/img/img-132.png HTTP/1.1[0m" 304 -
[2024-01-29 11:06:47,926] INFO in _internal: 127.0.0.1 - - [29/Jan/2024 11:06:47] "[36mGET /static/img/img-133.png HTTP/1.1[0m" 304 -
[2024-01-29 11:06:47,929] INFO in _internal: 127.0.0.1 - - [29/Jan/2024 11:06:47] "[36mGET /static/img/img-134.png HTTP/1.1[0m" 304 -
[2024-01-29 11:06:47,930] INFO in _internal: 127.0.0.1 - - [29/Jan/2024 11:06:47] "[36mGET /static/img/img-135.png HTTP/1.1[0m" 304 -
[2024-01-29 11:06:47,938] INFO in _internal: 127.0.0.1 - - [29/Jan/2024 11:06:47] "[36mGET /static/img/img-136.png HTTP/1.1[0m" 304 -
[2024-01-29 11:06:47,940] INFO in _internal: 127.0.0.1 - - [29/Jan/2024 11:06:47] "[36mGET /static/img/img-137.png HTTP/1.1[0m" 304 -
[2024-01-29 11:06:47,941] INFO in _internal: 127.0.0.1 - - [29/Jan/2024 11:06:47] "[36mGET /static/img/img-138.png HTTP/1.1[0m" 304 -
[2024-01-29 11:06:47,948] INFO in _internal: 127.0.0.1 - - [29/Jan/2024 11:06:47] "[36mGET /static/img/img-139.png HTTP/1.1[0m" 304 -
[2024-01-29 11:06:47,951] INFO in _internal: 127.0.0.1 - - [29/Jan/2024 11:06:47] "[36mGET /static/img/img-140.png HTTP/1.1[0m" 304 -
[2024-01-29 11:06:47,953] INFO in _internal: 127.0.0.1 - - [29/Jan/2024 11:06:47] "[36mGET /static/img/img-141.png HTTP/1.1[0m" 304 -
[2024-01-29 11:06:47,959] INFO in _internal: 127.0.0.1 - - [29/Jan/2024 11:06:47] "[36mGET /static/img/img-142.png HTTP/1.1[0m" 304 -
[2024-01-29 11:06:47,962] INFO in _internal: 127.0.0.1 - - [29/Jan/2024 11:06:47] "[36mGET /static/img/img-143.png HTTP/1.1[0m" 304 -
[2024-01-29 11:06:47,969] INFO in _internal: 127.0.0.1 - - [29/Jan/2024 11:06:47] "[36mGET /static/img/img-144.png HTTP/1.1[0m" 304 -
[2024-01-29 11:06:47,973] INFO in _internal: 127.0.0.1 - - [29/Jan/2024 11:06:47] "[36mGET /static/img/img-145.png HTTP/1.1[0m" 304 -
[2024-01-29 11:06:47,974] INFO in _internal: 127.0.0.1 - - [29/Jan/2024 11:06:47] "[36mGET /static/img/img-146.png HTTP/1.1[0m" 304 -
[2024-01-29 11:06:47,983] INFO in _internal: 127.0.0.1 - - [29/Jan/2024 11:06:47] "[36mGET /static/img/img-147.png HTTP/1.1[0m" 304 -
[2024-01-29 11:06:47,985] INFO in _internal: 127.0.0.1 - - [29/Jan/2024 11:06:47] "[36mGET /static/img/img-148.png HTTP/1.1[0m" 304 -
[2024-01-29 11:06:47,985] INFO in _internal: 127.0.0.1 - - [29/Jan/2024 11:06:47] "[36mGET /static/img/img-149.png HTTP/1.1[0m" 304 -
[2024-01-29 11:06:47,990] INFO in _internal: 127.0.0.1 - - [29/Jan/2024 11:06:47] "[36mGET /static/img/img-150.png HTTP/1.1[0m" 304 -
[2024-01-29 11:06:47,996] INFO in _internal: 127.0.0.1 - - [29/Jan/2024 11:06:47] "[36mGET /static/img/img-151.png HTTP/1.1[0m" 304 -
[2024-01-29 11:06:47,999] INFO in _internal: 127.0.0.1 - - [29/Jan/2024 11:06:47] "[36mGET /static/img/img-152.png HTTP/1.1[0m" 304 -
[2024-01-29 11:06:48,004] INFO in _internal: 127.0.0.1 - - [29/Jan/2024 11:06:48] "[36mGET /static/img/img-153.png HTTP/1.1[0m" 304 -
[2024-01-29 11:06:48,007] INFO in _internal: 127.0.0.1 - - [29/Jan/2024 11:06:48] "[36mGET /static/img/img-154.png HTTP/1.1[0m" 304 -
[2024-01-29 11:06:48,023] INFO in _internal: 127.0.0.1 - - [29/Jan/2024 11:06:48] "[36mGET /static/img/img-155.png HTTP/1.1[0m" 304 -
[2024-01-29 11:06:48,025] INFO in _internal: 127.0.0.1 - - [29/Jan/2024 11:06:48] "[36mGET /static/img/img-156.png HTTP/1.1[0m" 304 -
[2024-01-29 11:06:48,026] INFO in _internal: 127.0.0.1 - - [29/Jan/2024 11:06:48] "[36mGET /static/img/img-157.png HTTP/1.1[0m" 304 -
[2024-01-29 11:06:48,033] INFO in _internal: 127.0.0.1 - - [29/Jan/2024 11:06:48] "[36mGET /static/img/img-158.png HTTP/1.1[0m" 304 -
[2024-01-29 11:06:48,036] INFO in _internal: 127.0.0.1 - - [29/Jan/2024 11:06:48] "[36mGET /static/img/img-159.png HTTP/1.1[0m" 304 -
[2024-01-29 11:06:48,039] INFO in _internal: 127.0.0.1 - - [29/Jan/2024 11:06:48] "[36mGET /static/img/img-160.png HTTP/1.1[0m" 304 -
[2024-01-29 11:06:48,042] INFO in _internal: 127.0.0.1 - - [29/Jan/2024 11:06:48] "[36mGET /static/img/img-161.png HTTP/1.1[0m" 304 -
[2024-01-29 11:06:48,044] INFO in _internal: 127.0.0.1 - - [29/Jan/2024 11:06:48] "[36mGET /static/img/img-162.png HTTP/1.1[0m" 304 -
[2024-01-29 11:06:48,049] INFO in _internal: 127.0.0.1 - - [29/Jan/2024 11:06:48] "[36mGET /static/img/img-163.png HTTP/1.1[0m" 304 -
[2024-01-29 11:06:48,051] INFO in _internal: 127.0.0.1 - - [29/Jan/2024 11:06:48] "[36mGET /static/img/img-164.png HTTP/1.1[0m" 304 -
[2024-01-29 11:06:48,053] INFO in _internal: 127.0.0.1 - - [29/Jan/2024 11:06:48] "[36mGET /static/img/img-165.png HTTP/1.1[0m" 304 -
[2024-01-29 11:06:48,061] INFO in _internal: 127.0.0.1 - - [29/Jan/2024 11:06:48] "[36mGET /static/img/img-166.png HTTP/1.1[0m" 304 -
[2024-01-29 11:06:48,064] INFO in _internal: 127.0.0.1 - - [29/Jan/2024 11:06:48] "[36mGET /static/img/img-167.png HTTP/1.1[0m" 304 -
[2024-01-29 11:06:48,067] INFO in _internal: 127.0.0.1 - - [29/Jan/2024 11:06:48] "[36mGET /static/img/img-168.png HTTP/1.1[0m" 304 -
[2024-01-29 11:06:48,070] INFO in _internal: 127.0.0.1 - - [29/Jan/2024 11:06:48] "[36mGET /static/img/img-169.png HTTP/1.1[0m" 304 -
[2024-01-29 11:06:48,073] INFO in _internal: 127.0.0.1 - - [29/Jan/2024 11:06:48] "[36mGET /static/img/img-170.png HTTP/1.1[0m" 304 -
[2024-01-29 11:06:48,076] INFO in _internal: 127.0.0.1 - - [29/Jan/2024 11:06:48] "[36mGET /static/img/img-171.png HTTP/1.1[0m" 304 -
[2024-01-29 11:06:48,079] INFO in _internal: 127.0.0.1 - - [29/Jan/2024 11:06:48] "[36mGET /static/img/img-172.png HTTP/1.1[0m" 304 -
[2024-01-29 11:06:48,080] INFO in _internal: 127.0.0.1 - - [29/Jan/2024 11:06:48] "[36mGET /static/img/img-173.png HTTP/1.1[0m" 304 -
[2024-01-29 11:06:48,089] INFO in _internal: 127.0.0.1 - - [29/Jan/2024 11:06:48] "[36mGET /static/img/img-174.png HTTP/1.1[0m" 304 -
[2024-01-29 11:06:48,091] INFO in _internal: 127.0.0.1 - - [29/Jan/2024 11:06:48] "[36mGET /static/img/img-175.png HTTP/1.1[0m" 304 -
[2024-01-29 11:06:48,094] INFO in _internal: 127.0.0.1 - - [29/Jan/2024 11:06:48] "[36mGET /static/img/img-176.png HTTP/1.1[0m" 304 -
[2024-01-29 11:06:48,097] INFO in _internal: 127.0.0.1 - - [29/Jan/2024 11:06:48] "[36mGET /static/img/img-177.png HTTP/1.1[0m" 304 -
[2024-01-29 11:06:48,102] INFO in _internal: 127.0.0.1 - - [29/Jan/2024 11:06:48] "[36mGET /static/img/img-178.png HTTP/1.1[0m" 304 -
[2024-01-29 11:06:48,104] INFO in _internal: 127.0.0.1 - - [29/Jan/2024 11:06:48] "[36mGET /static/img/img-179.png HTTP/1.1[0m" 304 -
[2024-01-29 11:06:48,106] INFO in _internal: 127.0.0.1 - - [29/Jan/2024 11:06:48] "[36mGET /static/img/img-180.png HTTP/1.1[0m" 304 -
[2024-01-29 11:06:48,111] INFO in _internal: 127.0.0.1 - - [29/Jan/2024 11:06:48] "[36mGET /static/img/img-181.png HTTP/1.1[0m" 304 -
[2024-01-29 11:06:48,112] INFO in _internal: 127.0.0.1 - - [29/Jan/2024 11:06:48] "[36mGET /static/img/img-182.png HTTP/1.1[0m" 304 -
[2024-01-29 11:06:48,118] INFO in _internal: 127.0.0.1 - - [29/Jan/2024 11:06:48] "[36mGET /static/img/img-183.png HTTP/1.1[0m" 304 -
[2024-01-29 11:06:48,121] INFO in _internal: 127.0.0.1 - - [29/Jan/2024 11:06:48] "[36mGET /static/img/img-184.png HTTP/1.1[0m" 304 -
[2024-01-29 11:06:48,122] INFO in _internal: 127.0.0.1 - - [29/Jan/2024 11:06:48] "[36mGET /static/img/img-185.png HTTP/1.1[0m" 304 -
[2024-01-29 11:06:48,129] INFO in _internal: 127.0.0.1 - - [29/Jan/2024 11:06:48] "[36mGET /static/img/img-186.png HTTP/1.1[0m" 304 -
[2024-01-29 11:06:48,133] INFO in _internal: 127.0.0.1 - - [29/Jan/2024 11:06:48] "[36mGET /static/img/img-187.png HTTP/1.1[0m" 304 -
[2024-01-29 11:06:48,137] INFO in _internal: 127.0.0.1 - - [29/Jan/2024 11:06:48] "[36mGET /static/img/img-188.png HTTP/1.1[0m" 304 -
[2024-01-29 11:06:48,139] INFO in _internal: 127.0.0.1 - - [29/Jan/2024 11:06:48] "[36mGET /static/img/img-189.png HTTP/1.1[0m" 304 -
[2024-01-29 11:06:48,142] INFO in _internal: 127.0.0.1 - - [29/Jan/2024 11:06:48] "[36mGET /static/img/img-190.png HTTP/1.1[0m" 304 -
[2024-01-29 11:06:48,146] INFO in _internal: 127.0.0.1 - - [29/Jan/2024 11:06:48] "[36mGET /static/img/img-191.png HTTP/1.1[0m" 304 -
[2024-01-29 11:06:48,147] INFO in _internal: 127.0.0.1 - - [29/Jan/2024 11:06:48] "[36mGET /static/img/img-192.png HTTP/1.1[0m" 304 -
[2024-01-29 11:06:56,524] INFO in _internal: 127.0.0.1 - - [29/Jan/2024 11:06:56] "GET /info HTTP/1.1" 200 -
[2024-01-29 11:06:56,551] INFO in _internal: 127.0.0.1 - - [29/Jan/2024 11:06:56] "[36mGET /static/img/logo.png HTTP/1.1[0m" 304 -
[2024-01-29 11:06:56,552] INFO in _internal: 127.0.0.1 - - [29/Jan/2024 11:06:56] "GET /static/css/info.css HTTP/1.1" 200 -
[2024-01-29 11:06:56,553] INFO in _internal: 127.0.0.1 - - [29/Jan/2024 11:06:56] "[36mGET /static/js/info.js HTTP/1.1[0m" 304 -
[2024-01-29 11:06:56,579] INFO in _internal: 127.0.0.1 - - [29/Jan/2024 11:06:56] "[36mGET /static/img/img-1.png HTTP/1.1[0m" 304 -
[2024-01-29 11:06:56,587] INFO in _internal: 127.0.0.1 - - [29/Jan/2024 11:06:56] "[36mGET /static/img/img-2.png HTTP/1.1[0m" 304 -
[2024-01-29 11:06:56,589] INFO in _internal: 127.0.0.1 - - [29/Jan/2024 11:06:56] "[36mGET /static/img/img-4.png HTTP/1.1[0m" 304 -
[2024-01-29 11:06:56,590] INFO in _internal: 127.0.0.1 - - [29/Jan/2024 11:06:56] "[36mGET /static/img/img-3.png HTTP/1.1[0m" 304 -
[2024-01-29 11:06:56,595] INFO in _internal: 127.0.0.1 - - [29/Jan/2024 11:06:56] "[36mGET /static/img/img-5.png HTTP/1.1[0m" 304 -
[2024-01-29 11:06:56,601] INFO in _internal: 127.0.0.1 - - [29/Jan/2024 11:06:56] "[36mGET /static/img/img-6.png HTTP/1.1[0m" 304 -
[2024-01-29 11:06:56,602] INFO in _internal: 127.0.0.1 - - [29/Jan/2024 11:06:56] "[36mGET /static/img/img-7.png HTTP/1.1[0m" 304 -
[2024-01-29 11:06:56,603] INFO in _internal: 127.0.0.1 - - [29/Jan/2024 11:06:56] "[36mGET /static/img/img-8.png HTTP/1.1[0m" 304 -
[2024-01-29 11:06:56,617] INFO in _internal: 127.0.0.1 - - [29/Jan/2024 11:06:56] "[36mGET /static/img/img-9.png HTTP/1.1[0m" 304 -
[2024-01-29 11:06:56,624] INFO in _internal: 127.0.0.1 - - [29/Jan/2024 11:06:56] "[36mGET /static/img/img-10.png HTTP/1.1[0m" 304 -
[2024-01-29 11:06:56,629] INFO in _internal: 127.0.0.1 - - [29/Jan/2024 11:06:56] "[36mGET /static/img/img-11.png HTTP/1.1[0m" 304 -
[2024-01-29 11:06:56,631] INFO in _internal: 127.0.0.1 - - [29/Jan/2024 11:06:56] "[36mGET /static/img/img-12.png HTTP/1.1[0m" 304 -
[2024-01-29 11:06:56,638] INFO in _internal: 127.0.0.1 - - [29/Jan/2024 11:06:56] "[36mGET /static/img/img-13.png HTTP/1.1[0m" 304 -
[2024-01-29 11:06:56,640] INFO in _internal: 127.0.0.1 - - [29/Jan/2024 11:06:56] "[36mGET /static/img/img-14.png HTTP/1.1[0m" 304 -
[2024-01-29 11:06:56,651] INFO in _internal: 127.0.0.1 - - [29/Jan/2024 11:06:56] "[36mGET /static/img/img-15.png HTTP/1.1[0m" 304 -
[2024-01-29 11:06:56,652] INFO in _internal: 127.0.0.1 - - [29/Jan/2024 11:06:56] "[36mGET /static/img/img-16.png HTTP/1.1[0m" 304 -
[2024-01-29 11:06:56,662] INFO in _internal: 127.0.0.1 - - [29/Jan/2024 11:06:56] "[36mGET /static/img/img-17.png HTTP/1.1[0m" 304 -
[2024-01-29 11:06:56,672] INFO in _internal: 127.0.0.1 - - [29/Jan/2024 11:06:56] "[36mGET /static/img/img-46.png HTTP/1.1[0m" 304 -
[2024-01-29 11:06:56,686] INFO in _internal: 127.0.0.1 - - [29/Jan/2024 11:06:56] "[36mGET /static/img/img-18.png HTTP/1.1[0m" 304 -
[2024-01-29 11:06:56,694] INFO in _internal: 127.0.0.1 - - [29/Jan/2024 11:06:56] "[36mGET /static/img/img-47.png HTTP/1.1[0m" 304 -
[2024-01-29 11:06:56,697] INFO in _internal: 127.0.0.1 - - [29/Jan/2024 11:06:56] "[36mGET /static/img/img-45.png HTTP/1.1[0m" 304 -
[2024-01-29 11:06:56,720] INFO in _internal: 127.0.0.1 - - [29/Jan/2024 11:06:56] "[36mGET /static/img/img-19.png HTTP/1.1[0m" 304 -
[2024-01-29 11:06:56,726] INFO in _internal: 127.0.0.1 - - [29/Jan/2024 11:06:56] "[36mGET /static/img/img-20.png HTTP/1.1[0m" 304 -
[2024-01-29 11:06:56,730] INFO in _internal: 127.0.0.1 - - [29/Jan/2024 11:06:56] "[36mGET /static/img/img-21.png HTTP/1.1[0m" 304 -
[2024-01-29 11:06:56,742] INFO in _internal: 127.0.0.1 - - [29/Jan/2024 11:06:56] "[36mGET /static/img/img-22.png HTTP/1.1[0m" 304 -
[2024-01-29 11:06:56,756] INFO in _internal: 127.0.0.1 - - [29/Jan/2024 11:06:56] "[36mGET /static/img/img-23.png HTTP/1.1[0m" 304 -
[2024-01-29 11:06:56,762] INFO in _internal: 127.0.0.1 - - [29/Jan/2024 11:06:56] "[36mGET /static/img/img-24.png HTTP/1.1[0m" 304 -
[2024-01-29 11:06:56,765] INFO in _internal: 127.0.0.1 - - [29/Jan/2024 11:06:56] "[36mGET /static/img/img-25.png HTTP/1.1[0m" 304 -
[2024-01-29 11:06:56,768] INFO in _internal: 127.0.0.1 - - [29/Jan/2024 11:06:56] "[36mGET /static/img/img-26.png HTTP/1.1[0m" 304 -
[2024-01-29 11:06:56,772] INFO in _internal: 127.0.0.1 - - [29/Jan/2024 11:06:56] "[36mGET /static/img/img-27.png HTTP/1.1[0m" 304 -
[2024-01-29 11:06:56,773] INFO in _internal: 127.0.0.1 - - [29/Jan/2024 11:06:56] "[36mGET /static/img/img-28.png HTTP/1.1[0m" 304 -
[2024-01-29 11:06:56,775] INFO in _internal: 127.0.0.1 - - [29/Jan/2024 11:06:56] "[36mGET /static/img/img-29.png HTTP/1.1[0m" 304 -
[2024-01-29 11:06:56,786] INFO in _internal: 127.0.0.1 - - [29/Jan/2024 11:06:56] "[36mGET /static/img/img-31.png HTTP/1.1[0m" 304 -
[2024-01-29 11:06:56,786] INFO in _internal: 127.0.0.1 - - [29/Jan/2024 11:06:56] "[36mGET /static/img/img-30.png HTTP/1.1[0m" 304 -
[2024-01-29 11:06:56,788] INFO in _internal: 127.0.0.1 - - [29/Jan/2024 11:06:56] "[36mGET /static/img/img-32.png HTTP/1.1[0m" 304 -
[2024-01-29 11:06:56,798] INFO in _internal: 127.0.0.1 - - [29/Jan/2024 11:06:56] "[36mGET /static/img/img-33.png HTTP/1.1[0m" 304 -
[2024-01-29 11:06:56,799] INFO in _internal: 127.0.0.1 - - [29/Jan/2024 11:06:56] "[36mGET /static/img/img-34.png HTTP/1.1[0m" 304 -
[2024-01-29 11:06:56,805] INFO in _internal: 127.0.0.1 - - [29/Jan/2024 11:06:56] "[36mGET /static/img/img-35.png HTTP/1.1[0m" 304 -
[2024-01-29 11:06:56,806] INFO in _internal: 127.0.0.1 - - [29/Jan/2024 11:06:56] "[36mGET /static/img/img-36.png HTTP/1.1[0m" 304 -
[2024-01-29 11:06:56,812] INFO in _internal: 127.0.0.1 - - [29/Jan/2024 11:06:56] "[36mGET /static/img/img-37.png HTTP/1.1[0m" 304 -
[2024-01-29 11:06:56,819] INFO in _internal: 127.0.0.1 - - [29/Jan/2024 11:06:56] "[36mGET /static/img/img-38.png HTTP/1.1[0m" 304 -
[2024-01-29 11:06:56,822] INFO in _internal: 127.0.0.1 - - [29/Jan/2024 11:06:56] "[36mGET /static/img/img-39.png HTTP/1.1[0m" 304 -
[2024-01-29 11:06:56,826] INFO in _internal: 127.0.0.1 - - [29/Jan/2024 11:06:56] "[36mGET /static/img/img-40.png HTTP/1.1[0m" 304 -
[2024-01-29 11:06:56,829] INFO in _internal: 127.0.0.1 - - [29/Jan/2024 11:06:56] "[36mGET /static/img/img-41.png HTTP/1.1[0m" 304 -
[2024-01-29 11:06:56,834] INFO in _internal: 127.0.0.1 - - [29/Jan/2024 11:06:56] "[36mGET /static/img/img-42.png HTTP/1.1[0m" 304 -
[2024-01-29 11:06:56,839] INFO in _internal: 127.0.0.1 - - [29/Jan/2024 11:06:56] "[36mGET /static/img/img-43.png HTTP/1.1[0m" 304 -
[2024-01-29 11:06:56,843] INFO in _internal: 127.0.0.1 - - [29/Jan/2024 11:06:56] "[36mGET /static/img/img-44.png HTTP/1.1[0m" 304 -
[2024-01-29 11:06:56,847] INFO in _internal: 127.0.0.1 - - [29/Jan/2024 11:06:56] "[36mGET /static/img/img-48.png HTTP/1.1[0m" 304 -
[2024-01-29 11:06:56,850] INFO in _internal: 127.0.0.1 - - [29/Jan/2024 11:06:56] "[36mGET /static/img/img-49.png HTTP/1.1[0m" 304 -
[2024-01-29 11:06:56,854] INFO in _internal: 127.0.0.1 - - [29/Jan/2024 11:06:56] "[36mGET /static/img/img-50.png HTTP/1.1[0m" 304 -
[2024-01-29 11:06:56,859] INFO in _internal: 127.0.0.1 - - [29/Jan/2024 11:06:56] "[36mGET /static/img/img-51.png HTTP/1.1[0m" 304 -
[2024-01-29 11:06:56,862] INFO in _internal: 127.0.0.1 - - [29/Jan/2024 11:06:56] "[36mGET /static/img/img-52.png HTTP/1.1[0m" 304 -
[2024-01-29 11:06:56,865] INFO in _internal: 127.0.0.1 - - [29/Jan/2024 11:06:56] "[36mGET /static/img/img-53.png HTTP/1.1[0m" 304 -
[2024-01-29 11:06:56,872] INFO in _internal: 127.0.0.1 - - [29/Jan/2024 11:06:56] "[36mGET /static/img/img-54.png HTTP/1.1[0m" 304 -
[2024-01-29 11:06:56,875] INFO in _internal: 127.0.0.1 - - [29/Jan/2024 11:06:56] "[36mGET /static/img/img-55.png HTTP/1.1[0m" 304 -
[2024-01-29 11:06:56,881] INFO in _internal: 127.0.0.1 - - [29/Jan/2024 11:06:56] "[36mGET /static/img/img-56.png HTTP/1.1[0m" 304 -
[2024-01-29 11:06:56,890] INFO in _internal: 127.0.0.1 - - [29/Jan/2024 11:06:56] "[36mGET /static/img/img-57.png HTTP/1.1[0m" 304 -
[2024-01-29 11:06:56,901] INFO in _internal: 127.0.0.1 - - [29/Jan/2024 11:06:56] "[36mGET /static/img/img-58.png HTTP/1.1[0m" 304 -
[2024-01-29 11:06:56,904] INFO in _internal: 127.0.0.1 - - [29/Jan/2024 11:06:56] "[36mGET /static/img/img-59.png HTTP/1.1[0m" 304 -
[2024-01-29 11:06:56,912] INFO in _internal: 127.0.0.1 - - [29/Jan/2024 11:06:56] "[36mGET /static/img/img-60.png HTTP/1.1[0m" 304 -
[2024-01-29 11:06:56,922] INFO in _internal: 127.0.0.1 - - [29/Jan/2024 11:06:56] "[36mGET /static/img/img-61.png HTTP/1.1[0m" 304 -
[2024-01-29 11:06:56,930] INFO in _internal: 127.0.0.1 - - [29/Jan/2024 11:06:56] "[36mGET /static/img/img-62.png HTTP/1.1[0m" 304 -
[2024-01-29 11:06:56,934] INFO in _internal: 127.0.0.1 - - [29/Jan/2024 11:06:56] "[36mGET /static/img/img-63.png HTTP/1.1[0m" 304 -
[2024-01-29 11:06:56,937] INFO in _internal: 127.0.0.1 - - [29/Jan/2024 11:06:56] "[36mGET /static/img/img-64.png HTTP/1.1[0m" 304 -
[2024-01-29 11:06:56,939] INFO in _internal: 127.0.0.1 - - [29/Jan/2024 11:06:56] "[36mGET /static/img/img-65.png HTTP/1.1[0m" 304 -
[2024-01-29 11:06:56,944] INFO in _internal: 127.0.0.1 - - [29/Jan/2024 11:06:56] "[36mGET /static/img/img-66.png HTTP/1.1[0m" 304 -
[2024-01-29 11:06:56,949] INFO in _internal: 127.0.0.1 - - [29/Jan/2024 11:06:56] "[36mGET /static/img/img-67.png HTTP/1.1[0m" 304 -
[2024-01-29 11:06:56,953] INFO in _internal: 127.0.0.1 - - [29/Jan/2024 11:06:56] "[36mGET /static/img/img-68.png HTTP/1.1[0m" 304 -
[2024-01-29 11:06:56,957] INFO in _internal: 127.0.0.1 - - [29/Jan/2024 11:06:56] "[36mGET /static/img/img-69.png HTTP/1.1[0m" 304 -
[2024-01-29 11:06:56,961] INFO in _internal: 127.0.0.1 - - [29/Jan/2024 11:06:56] "[36mGET /static/img/img-70.png HTTP/1.1[0m" 304 -
[2024-01-29 11:06:56,963] INFO in _internal: 127.0.0.1 - - [29/Jan/2024 11:06:56] "[36mGET /static/img/img-71.png HTTP/1.1[0m" 304 -
[2024-01-29 11:06:56,966] INFO in _internal: 127.0.0.1 - - [29/Jan/2024 11:06:56] "[36mGET /static/img/img-72.png HTTP/1.1[0m" 304 -
[2024-01-29 11:06:56,970] INFO in _internal: 127.0.0.1 - - [29/Jan/2024 11:06:56] "[36mGET /static/img/img-73.png HTTP/1.1[0m" 304 -
[2024-01-29 11:06:56,976] INFO in _internal: 127.0.0.1 - - [29/Jan/2024 11:06:56] "[36mGET /static/img/img-74.png HTTP/1.1[0m" 304 -
[2024-01-29 11:06:56,980] INFO in _internal: 127.0.0.1 - - [29/Jan/2024 11:06:56] "[36mGET /static/img/img-75.png HTTP/1.1[0m" 304 -
[2024-01-29 11:06:56,982] INFO in _internal: 127.0.0.1 - - [29/Jan/2024 11:06:56] "[36mGET /static/img/img-76.png HTTP/1.1[0m" 304 -
[2024-01-29 11:06:56,986] INFO in _internal: 127.0.0.1 - - [29/Jan/2024 11:06:56] "[36mGET /static/img/img-77.png HTTP/1.1[0m" 304 -
[2024-01-29 11:06:56,988] INFO in _internal: 127.0.0.1 - - [29/Jan/2024 11:06:56] "[36mGET /static/img/img-78.png HTTP/1.1[0m" 304 -
[2024-01-29 11:06:56,994] INFO in _internal: 127.0.0.1 - - [29/Jan/2024 11:06:56] "[36mGET /static/img/img-79.png HTTP/1.1[0m" 304 -
[2024-01-29 11:06:56,997] INFO in _internal: 127.0.0.1 - - [29/Jan/2024 11:06:56] "[36mGET /static/img/img-80.png HTTP/1.1[0m" 304 -
[2024-01-29 11:06:57,003] INFO in _internal: 127.0.0.1 - - [29/Jan/2024 11:06:57] "[36mGET /static/img/img-81.png HTTP/1.1[0m" 304 -
[2024-01-29 11:06:57,006] INFO in _internal: 127.0.0.1 - - [29/Jan/2024 11:06:57] "[36mGET /static/img/img-82.png HTTP/1.1[0m" 304 -
[2024-01-29 11:06:57,012] INFO in _internal: 127.0.0.1 - - [29/Jan/2024 11:06:57] "[36mGET /static/img/img-83.png HTTP/1.1[0m" 304 -
[2024-01-29 11:06:57,015] INFO in _internal: 127.0.0.1 - - [29/Jan/2024 11:06:57] "[36mGET /static/img/img-84.png HTTP/1.1[0m" 304 -
[2024-01-29 11:06:57,020] INFO in _internal: 127.0.0.1 - - [29/Jan/2024 11:06:57] "[36mGET /static/img/img-85.png HTTP/1.1[0m" 304 -
[2024-01-29 11:06:57,023] INFO in _internal: 127.0.0.1 - - [29/Jan/2024 11:06:57] "[36mGET /static/img/img-86.png HTTP/1.1[0m" 304 -
[2024-01-29 11:06:57,027] INFO in _internal: 127.0.0.1 - - [29/Jan/2024 11:06:57] "[36mGET /static/img/img-87.png HTTP/1.1[0m" 304 -
[2024-01-29 11:06:57,034] INFO in _internal: 127.0.0.1 - - [29/Jan/2024 11:06:57] "[36mGET /static/img/img-88.png HTTP/1.1[0m" 304 -
[2024-01-29 11:06:57,038] INFO in _internal: 127.0.0.1 - - [29/Jan/2024 11:06:57] "[36mGET /static/img/img-89.png HTTP/1.1[0m" 304 -
[2024-01-29 11:06:57,041] INFO in _internal: 127.0.0.1 - - [29/Jan/2024 11:06:57] "[36mGET /static/img/img-90.png HTTP/1.1[0m" 304 -
[2024-01-29 11:06:57,044] INFO in _internal: 127.0.0.1 - - [29/Jan/2024 11:06:57] "[36mGET /static/img/img-91.png HTTP/1.1[0m" 304 -
[2024-01-29 11:06:57,046] INFO in _internal: 127.0.0.1 - - [29/Jan/2024 11:06:57] "[36mGET /static/img/img-92.png HTTP/1.1[0m" 304 -
[2024-01-29 11:06:57,052] INFO in _internal: 127.0.0.1 - - [29/Jan/2024 11:06:57] "[36mGET /static/img/img-93.png HTTP/1.1[0m" 304 -
[2024-01-29 11:06:57,055] INFO in _internal: 127.0.0.1 - - [29/Jan/2024 11:06:57] "[36mGET /static/img/img-94.png HTTP/1.1[0m" 304 -
[2024-01-29 11:06:57,058] INFO in _internal: 127.0.0.1 - - [29/Jan/2024 11:06:57] "[36mGET /static/img/img-95.png HTTP/1.1[0m" 304 -
[2024-01-29 11:06:57,063] INFO in _internal: 127.0.0.1 - - [29/Jan/2024 11:06:57] "[36mGET /static/img/img-96.png HTTP/1.1[0m" 304 -
[2024-01-29 11:06:57,065] INFO in _internal: 127.0.0.1 - - [29/Jan/2024 11:06:57] "[36mGET /static/img/img-97.png HTTP/1.1[0m" 304 -
[2024-01-29 11:06:57,071] INFO in _internal: 127.0.0.1 - - [29/Jan/2024 11:06:57] "[36mGET /static/img/img-98.png HTTP/1.1[0m" 304 -
[2024-01-29 11:06:57,075] INFO in _internal: 127.0.0.1 - - [29/Jan/2024 11:06:57] "[36mGET /static/img/img-99.png HTTP/1.1[0m" 304 -
[2024-01-29 11:06:57,076] INFO in _internal: 127.0.0.1 - - [29/Jan/2024 11:06:57] "[36mGET /static/img/img-100.png HTTP/1.1[0m" 304 -
[2024-01-29 11:06:57,083] INFO in _internal: 127.0.0.1 - - [29/Jan/2024 11:06:57] "[36mGET /static/img/img-101.png HTTP/1.1[0m" 304 -
[2024-01-29 11:06:57,085] INFO in _internal: 127.0.0.1 - - [29/Jan/2024 11:06:57] "[36mGET /static/img/img-102.png HTTP/1.1[0m" 304 -
[2024-01-29 11:06:57,092] INFO in _internal: 127.0.0.1 - - [29/Jan/2024 11:06:57] "[36mGET /static/img/img-103.png HTTP/1.1[0m" 304 -
[2024-01-29 11:06:57,096] INFO in _internal: 127.0.0.1 - - [29/Jan/2024 11:06:57] "[36mGET /static/img/img-104.png HTTP/1.1[0m" 304 -
[2024-01-29 11:06:57,102] INFO in _internal: 127.0.0.1 - - [29/Jan/2024 11:06:57] "[36mGET /static/img/img-105.png HTTP/1.1[0m" 304 -
[2024-01-29 11:06:57,104] INFO in _internal: 127.0.0.1 - - [29/Jan/2024 11:06:57] "[36mGET /static/img/img-106.png HTTP/1.1[0m" 304 -
[2024-01-29 11:06:57,113] INFO in _internal: 127.0.0.1 - - [29/Jan/2024 11:06:57] "[36mGET /static/img/img-107.png HTTP/1.1[0m" 304 -
[2024-01-29 11:06:57,114] INFO in _internal: 127.0.0.1 - - [29/Jan/2024 11:06:57] "[36mGET /static/img/img-108.png HTTP/1.1[0m" 304 -
[2024-01-29 11:06:57,116] INFO in _internal: 127.0.0.1 - - [29/Jan/2024 11:06:57] "[36mGET /static/img/img-109.png HTTP/1.1[0m" 304 -
[2024-01-29 11:06:57,127] INFO in _internal: 127.0.0.1 - - [29/Jan/2024 11:06:57] "[36mGET /static/img/img-110.png HTTP/1.1[0m" 304 -
[2024-01-29 11:06:57,130] INFO in _internal: 127.0.0.1 - - [29/Jan/2024 11:06:57] "[36mGET /static/img/img-111.png HTTP/1.1[0m" 304 -
[2024-01-29 11:06:57,136] INFO in _internal: 127.0.0.1 - - [29/Jan/2024 11:06:57] "[36mGET /static/img/img-112.png HTTP/1.1[0m" 304 -
[2024-01-29 11:06:57,139] INFO in _internal: 127.0.0.1 - - [29/Jan/2024 11:06:57] "[36mGET /static/img/img-113.png HTTP/1.1[0m" 304 -
[2024-01-29 11:06:57,139] INFO in _internal: 127.0.0.1 - - [29/Jan/2024 11:06:57] "[36mGET /static/img/img-114.png HTTP/1.1[0m" 304 -
[2024-01-29 11:06:57,140] INFO in _internal: 127.0.0.1 - - [29/Jan/2024 11:06:57] "[36mGET /static/img/img-115.png HTTP/1.1[0m" 304 -
[2024-01-29 11:06:57,148] INFO in _internal: 127.0.0.1 - - [29/Jan/2024 11:06:57] "[36mGET /static/img/img-116.png HTTP/1.1[0m" 304 -
[2024-01-29 11:06:57,151] INFO in _internal: 127.0.0.1 - - [29/Jan/2024 11:06:57] "[36mGET /static/img/img-117.png HTTP/1.1[0m" 304 -
[2024-01-29 11:06:57,155] INFO in _internal: 127.0.0.1 - - [29/Jan/2024 11:06:57] "[36mGET /static/img/img-118.png HTTP/1.1[0m" 304 -
[2024-01-29 11:06:57,159] INFO in _internal: 127.0.0.1 - - [29/Jan/2024 11:06:57] "[36mGET /static/img/img-119.png HTTP/1.1[0m" 304 -
[2024-01-29 11:06:57,163] INFO in _internal: 127.0.0.1 - - [29/Jan/2024 11:06:57] "[36mGET /static/img/img-120.png HTTP/1.1[0m" 304 -
[2024-01-29 11:06:57,166] INFO in _internal: 127.0.0.1 - - [29/Jan/2024 11:06:57] "[36mGET /static/img/img-121.png HTTP/1.1[0m" 304 -
[2024-01-29 11:06:57,168] INFO in _internal: 127.0.0.1 - - [29/Jan/2024 11:06:57] "[36mGET /static/img/img-122.png HTTP/1.1[0m" 304 -
[2024-01-29 11:06:57,173] INFO in _internal: 127.0.0.1 - - [29/Jan/2024 11:06:57] "[36mGET /static/img/img-123.png HTTP/1.1[0m" 304 -
[2024-01-29 11:06:57,176] INFO in _internal: 127.0.0.1 - - [29/Jan/2024 11:06:57] "[36mGET /static/img/img-124.png HTTP/1.1[0m" 304 -
[2024-01-29 11:06:57,181] INFO in _internal: 127.0.0.1 - - [29/Jan/2024 11:06:57] "[36mGET /static/img/img-125.png HTTP/1.1[0m" 304 -
[2024-01-29 11:06:57,183] INFO in _internal: 127.0.0.1 - - [29/Jan/2024 11:06:57] "[36mGET /static/img/img-126.png HTTP/1.1[0m" 304 -
[2024-01-29 11:06:57,194] INFO in _internal: 127.0.0.1 - - [29/Jan/2024 11:06:57] "[36mGET /static/img/img-127.png HTTP/1.1[0m" 304 -
[2024-01-29 11:06:57,196] INFO in _internal: 127.0.0.1 - - [29/Jan/2024 11:06:57] "[36mGET /static/img/img-128.png HTTP/1.1[0m" 304 -
[2024-01-29 11:06:57,200] INFO in _internal: 127.0.0.1 - - [29/Jan/2024 11:06:57] "[36mGET /static/img/img-129.png HTTP/1.1[0m" 304 -
[2024-01-29 11:06:57,203] INFO in _internal: 127.0.0.1 - - [29/Jan/2024 11:06:57] "[36mGET /static/img/img-130.png HTTP/1.1[0m" 304 -
[2024-01-29 11:06:57,206] INFO in _internal: 127.0.0.1 - - [29/Jan/2024 11:06:57] "[36mGET /static/img/img-131.png HTTP/1.1[0m" 304 -
[2024-01-29 11:06:57,211] INFO in _internal: 127.0.0.1 - - [29/Jan/2024 11:06:57] "[36mGET /static/img/img-132.png HTTP/1.1[0m" 304 -
[2024-01-29 11:06:57,212] INFO in _internal: 127.0.0.1 - - [29/Jan/2024 11:06:57] "[36mGET /static/img/img-133.png HTTP/1.1[0m" 304 -
[2024-01-29 11:06:57,218] INFO in _internal: 127.0.0.1 - - [29/Jan/2024 11:06:57] "[36mGET /static/img/img-134.png HTTP/1.1[0m" 304 -
[2024-01-29 11:06:57,219] INFO in _internal: 127.0.0.1 - - [29/Jan/2024 11:06:57] "[36mGET /static/img/img-135.png HTTP/1.1[0m" 304 -
[2024-01-29 11:06:57,225] INFO in _internal: 127.0.0.1 - - [29/Jan/2024 11:06:57] "[36mGET /static/img/img-136.png HTTP/1.1[0m" 304 -
[2024-01-29 11:06:57,227] INFO in _internal: 127.0.0.1 - - [29/Jan/2024 11:06:57] "[36mGET /static/img/img-137.png HTTP/1.1[0m" 304 -
[2024-01-29 11:06:57,234] INFO in _internal: 127.0.0.1 - - [29/Jan/2024 11:06:57] "[36mGET /static/img/img-138.png HTTP/1.1[0m" 304 -
[2024-01-29 11:06:57,235] INFO in _internal: 127.0.0.1 - - [29/Jan/2024 11:06:57] "[36mGET /static/img/img-139.png HTTP/1.1[0m" 304 -
[2024-01-29 11:06:57,240] INFO in _internal: 127.0.0.1 - - [29/Jan/2024 11:06:57] "[36mGET /static/img/img-140.png HTTP/1.1[0m" 304 -
[2024-01-29 11:06:57,243] INFO in _internal: 127.0.0.1 - - [29/Jan/2024 11:06:57] "[36mGET /static/img/img-141.png HTTP/1.1[0m" 304 -
[2024-01-29 11:06:57,253] INFO in _internal: 127.0.0.1 - - [29/Jan/2024 11:06:57] "[36mGET /static/img/img-142.png HTTP/1.1[0m" 304 -
[2024-01-29 11:06:57,256] INFO in _internal: 127.0.0.1 - - [29/Jan/2024 11:06:57] "[36mGET /static/img/img-143.png HTTP/1.1[0m" 304 -
[2024-01-29 11:06:57,259] INFO in _internal: 127.0.0.1 - - [29/Jan/2024 11:06:57] "[36mGET /static/img/img-144.png HTTP/1.1[0m" 304 -
[2024-01-29 11:06:57,263] INFO in _internal: 127.0.0.1 - - [29/Jan/2024 11:06:57] "[36mGET /static/img/img-145.png HTTP/1.1[0m" 304 -
[2024-01-29 11:06:57,268] INFO in _internal: 127.0.0.1 - - [29/Jan/2024 11:06:57] "[36mGET /static/img/img-146.png HTTP/1.1[0m" 304 -
[2024-01-29 11:06:57,271] INFO in _internal: 127.0.0.1 - - [29/Jan/2024 11:06:57] "[36mGET /static/img/img-147.png HTTP/1.1[0m" 304 -
[2024-01-29 11:06:57,272] INFO in _internal: 127.0.0.1 - - [29/Jan/2024 11:06:57] "[36mGET /static/img/img-148.png HTTP/1.1[0m" 304 -
[2024-01-29 11:06:57,285] INFO in _internal: 127.0.0.1 - - [29/Jan/2024 11:06:57] "[36mGET /static/img/img-149.png HTTP/1.1[0m" 304 -
[2024-01-29 11:06:57,289] INFO in _internal: 127.0.0.1 - - [29/Jan/2024 11:06:57] "[36mGET /static/img/img-150.png HTTP/1.1[0m" 304 -
[2024-01-29 11:06:57,293] INFO in _internal: 127.0.0.1 - - [29/Jan/2024 11:06:57] "[36mGET /static/img/img-151.png HTTP/1.1[0m" 304 -
[2024-01-29 11:06:57,296] INFO in _internal: 127.0.0.1 - - [29/Jan/2024 11:06:57] "[36mGET /static/img/img-152.png HTTP/1.1[0m" 304 -
[2024-01-29 11:06:57,300] INFO in _internal: 127.0.0.1 - - [29/Jan/2024 11:06:57] "[36mGET /static/img/img-153.png HTTP/1.1[0m" 304 -
[2024-01-29 11:06:57,304] INFO in _internal: 127.0.0.1 - - [29/Jan/2024 11:06:57] "[36mGET /static/img/img-154.png HTTP/1.1[0m" 304 -
[2024-01-29 11:06:57,311] INFO in _internal: 127.0.0.1 - - [29/Jan/2024 11:06:57] "[36mGET /static/img/img-155.png HTTP/1.1[0m" 304 -
[2024-01-29 11:06:57,314] INFO in _internal: 127.0.0.1 - - [29/Jan/2024 11:06:57] "[36mGET /static/img/img-156.png HTTP/1.1[0m" 304 -
[2024-01-29 11:06:57,318] INFO in _internal: 127.0.0.1 - - [29/Jan/2024 11:06:57] "[36mGET /static/img/img-157.png HTTP/1.1[0m" 304 -
[2024-01-29 11:06:57,323] INFO in _internal: 127.0.0.1 - - [29/Jan/2024 11:06:57] "[36mGET /static/img/img-158.png HTTP/1.1[0m" 304 -
[2024-01-29 11:06:57,333] INFO in _internal: 127.0.0.1 - - [29/Jan/2024 11:06:57] "[36mGET /static/img/img-159.png HTTP/1.1[0m" 304 -
[2024-01-29 11:06:57,337] INFO in _internal: 127.0.0.1 - - [29/Jan/2024 11:06:57] "[36mGET /static/img/img-160.png HTTP/1.1[0m" 304 -
[2024-01-29 11:06:57,351] INFO in _internal: 127.0.0.1 - - [29/Jan/2024 11:06:57] "[36mGET /static/img/img-161.png HTTP/1.1[0m" 304 -
[2024-01-29 11:06:57,353] INFO in _internal: 127.0.0.1 - - [29/Jan/2024 11:06:57] "[36mGET /static/img/img-162.png HTTP/1.1[0m" 304 -
[2024-01-29 11:06:57,356] INFO in _internal: 127.0.0.1 - - [29/Jan/2024 11:06:57] "[36mGET /static/img/img-163.png HTTP/1.1[0m" 304 -
[2024-01-29 11:06:57,360] INFO in _internal: 127.0.0.1 - - [29/Jan/2024 11:06:57] "[36mGET /static/img/img-164.png HTTP/1.1[0m" 304 -
[2024-01-29 11:06:57,362] INFO in _internal: 127.0.0.1 - - [29/Jan/2024 11:06:57] "[36mGET /static/img/img-165.png HTTP/1.1[0m" 304 -
[2024-01-29 11:06:57,365] INFO in _internal: 127.0.0.1 - - [29/Jan/2024 11:06:57] "[36mGET /static/img/img-166.png HTTP/1.1[0m" 304 -
[2024-01-29 11:06:57,370] INFO in _internal: 127.0.0.1 - - [29/Jan/2024 11:06:57] "[36mGET /static/img/img-167.png HTTP/1.1[0m" 304 -
[2024-01-29 11:06:57,372] INFO in _internal: 127.0.0.1 - - [29/Jan/2024 11:06:57] "[36mGET /static/img/img-168.png HTTP/1.1[0m" 304 -
[2024-01-29 11:06:57,376] INFO in _internal: 127.0.0.1 - - [29/Jan/2024 11:06:57] "[36mGET /static/img/img-169.png HTTP/1.1[0m" 304 -
[2024-01-29 11:06:57,381] INFO in _internal: 127.0.0.1 - - [29/Jan/2024 11:06:57] "[36mGET /static/img/img-170.png HTTP/1.1[0m" 304 -
[2024-01-29 11:06:57,384] INFO in _internal: 127.0.0.1 - - [29/Jan/2024 11:06:57] "[36mGET /static/img/img-171.png HTTP/1.1[0m" 304 -
[2024-01-29 11:06:57,387] INFO in _internal: 127.0.0.1 - - [29/Jan/2024 11:06:57] "[36mGET /static/img/img-172.png HTTP/1.1[0m" 304 -
[2024-01-29 11:06:57,389] INFO in _internal: 127.0.0.1 - - [29/Jan/2024 11:06:57] "[36mGET /static/img/img-173.png HTTP/1.1[0m" 304 -
[2024-01-29 11:06:57,399] INFO in _internal: 127.0.0.1 - - [29/Jan/2024 11:06:57] "[36mGET /static/img/img-174.png HTTP/1.1[0m" 304 -
[2024-01-29 11:06:57,399] INFO in _internal: 127.0.0.1 - - [29/Jan/2024 11:06:57] "[36mGET /static/img/img-175.png HTTP/1.1[0m" 304 -
[2024-01-29 11:06:57,400] INFO in _internal: 127.0.0.1 - - [29/Jan/2024 11:06:57] "[36mGET /static/img/img-176.png HTTP/1.1[0m" 304 -
[2024-01-29 11:06:57,404] INFO in _internal: 127.0.0.1 - - [29/Jan/2024 11:06:57] "[36mGET /static/img/img-177.png HTTP/1.1[0m" 304 -
[2024-01-29 11:06:57,410] INFO in _internal: 127.0.0.1 - - [29/Jan/2024 11:06:57] "[36mGET /static/img/img-178.png HTTP/1.1[0m" 304 -
[2024-01-29 11:06:57,414] INFO in _internal: 127.0.0.1 - - [29/Jan/2024 11:06:57] "[36mGET /static/img/img-179.png HTTP/1.1[0m" 304 -
[2024-01-29 11:06:57,417] INFO in _internal: 127.0.0.1 - - [29/Jan/2024 11:06:57] "[36mGET /static/img/img-180.png HTTP/1.1[0m" 304 -
[2024-01-29 11:06:57,422] INFO in _internal: 127.0.0.1 - - [29/Jan/2024 11:06:57] "[36mGET /static/img/img-181.png HTTP/1.1[0m" 304 -
[2024-01-29 11:06:57,427] INFO in _internal: 127.0.0.1 - - [29/Jan/2024 11:06:57] "[36mGET /static/img/img-182.png HTTP/1.1[0m" 304 -
[2024-01-29 11:06:57,429] INFO in _internal: 127.0.0.1 - - [29/Jan/2024 11:06:57] "[36mGET /static/img/img-183.png HTTP/1.1[0m" 304 -
[2024-01-29 11:06:57,433] INFO in _internal: 127.0.0.1 - - [29/Jan/2024 11:06:57] "[36mGET /static/img/img-184.png HTTP/1.1[0m" 304 -
[2024-01-29 11:06:57,436] INFO in _internal: 127.0.0.1 - - [29/Jan/2024 11:06:57] "[36mGET /static/img/img-185.png HTTP/1.1[0m" 304 -
[2024-01-29 11:06:57,438] INFO in _internal: 127.0.0.1 - - [29/Jan/2024 11:06:57] "[36mGET /static/img/img-186.png HTTP/1.1[0m" 304 -
[2024-01-29 11:06:57,440] INFO in _internal: 127.0.0.1 - - [29/Jan/2024 11:06:57] "[36mGET /static/img/img-187.png HTTP/1.1[0m" 304 -
[2024-01-29 11:06:57,447] INFO in _internal: 127.0.0.1 - - [29/Jan/2024 11:06:57] "[36mGET /static/img/img-188.png HTTP/1.1[0m" 304 -
[2024-01-29 11:06:57,450] INFO in _internal: 127.0.0.1 - - [29/Jan/2024 11:06:57] "[36mGET /static/img/img-189.png HTTP/1.1[0m" 304 -
[2024-01-29 11:06:57,453] INFO in _internal: 127.0.0.1 - - [29/Jan/2024 11:06:57] "[36mGET /static/img/img-190.png HTTP/1.1[0m" 304 -
[2024-01-29 11:06:57,456] INFO in _internal: 127.0.0.1 - - [29/Jan/2024 11:06:57] "[36mGET /static/img/img-191.png HTTP/1.1[0m" 304 -
[2024-01-29 11:06:57,457] INFO in _internal: 127.0.0.1 - - [29/Jan/2024 11:06:57] "[36mGET /static/img/img-192.png HTTP/1.1[0m" 304 -
[2024-01-29 11:17:36,507] INFO in _internal: 127.0.0.1 - - [29/Jan/2024 11:17:36] "[33mGET /etest HTTP/1.1[0m" 404 -
[2024-01-29 11:17:54,847] INFO in _internal: 127.0.0.1 - - [29/Jan/2024 11:17:54] "GET /test HTTP/1.1" 200 -
[2024-01-29 11:17:54,878] INFO in _internal: 127.0.0.1 - - [29/Jan/2024 11:17:54] "GET /static/js/test.js HTTP/1.1" 200 -
[2024-01-29 12:52:46,756] INFO in _internal: [31m[1mWARNING: This is a development server. Do not use it in a production deployment. Use a production WSGI server instead.[0m
 * Running on http://127.0.0.1:5000
[2024-01-29 12:52:46,758] INFO in _internal: [33mPress CTRL+C to quit[0m
[2024-01-29 12:52:46,789] INFO in _internal:  * Restarting with watchdog (windowsapi)
[2024-01-29 12:52:47,579] WARNING in _internal:  * Debugger is active!
[2024-01-29 12:52:47,599] INFO in _internal:  * Debugger PIN: 123-293-346
[2024-01-29 12:52:50,704] INFO in _internal: 127.0.0.1 - - [29/Jan/2024 12:52:50] "GET / HTTP/1.1" 200 -
[2024-01-29 12:52:51,113] INFO in _internal: 127.0.0.1 - - [29/Jan/2024 12:52:51] "[36mGET /static/css/templatemo-style.css HTTP/1.1[0m" 304 -
[2024-01-29 12:52:51,243] INFO in _internal: 127.0.0.1 - - [29/Jan/2024 12:52:51] "[36mGET /static/css/index.css HTTP/1.1[0m" 304 -
[2024-01-29 12:52:51,387] INFO in _internal: 127.0.0.1 - - [29/Jan/2024 12:52:51] "[36mGET /static/img/logo.png HTTP/1.1[0m" 304 -
[2024-01-29 12:52:51,555] INFO in _internal: 127.0.0.1 - - [29/Jan/2024 12:52:51] "GET /sensing_data HTTP/1.1" 200 -
[2024-01-29 12:52:53,703] INFO in _internal: 127.0.0.1 - - [29/Jan/2024 12:52:53] "GET /escort HTTP/1.1" 200 -
[2024-01-29 12:52:53,748] INFO in _internal: 127.0.0.1 - - [29/Jan/2024 12:52:53] "[36mGET /static/css/escort.css HTTP/1.1[0m" 304 -
[2024-01-29 12:52:53,748] INFO in _internal: 127.0.0.1 - - [29/Jan/2024 12:52:53] "[36mGET /static/img/logo.png HTTP/1.1[0m" 304 -
[2024-01-29 12:52:53,750] INFO in _internal: 127.0.0.1 - - [29/Jan/2024 12:52:53] "[36mGET /static/img/area.png HTTP/1.1[0m" 304 -
[2024-01-29 12:52:53,752] INFO in _internal: 127.0.0.1 - - [29/Jan/2024 12:52:53] "[36mGET /static/js/escort.js HTTP/1.1[0m" 304 -
[2024-01-29 12:52:53,772] INFO in _internal: 127.0.0.1 - - [29/Jan/2024 12:52:53] "[36mGET /static/img/3.jpg HTTP/1.1[0m" 304 -
[2024-01-29 12:52:53,772] INFO in _internal: 127.0.0.1 - - [29/Jan/2024 12:52:53] "[36mGET /static/img/20.jpg HTTP/1.1[0m" 304 -
[2024-01-29 12:52:53,773] INFO in _internal: 127.0.0.1 - - [29/Jan/2024 12:52:53] "[36mGET /static/img/1.jpg HTTP/1.1[0m" 304 -
[2024-01-29 12:52:53,774] INFO in _internal: 127.0.0.1 - - [29/Jan/2024 12:52:53] "[36mGET /static/img/19.jpg HTTP/1.1[0m" 304 -
[2024-01-29 12:52:53,775] INFO in _internal: 127.0.0.1 - - [29/Jan/2024 12:52:53] "[36mGET /static/img/2.jpg HTTP/1.1[0m" 304 -
[2024-01-29 12:52:53,787] INFO in _internal: 127.0.0.1 - - [29/Jan/2024 12:52:53] "[36mGET /static/img/4.jpg HTTP/1.1[0m" 304 -
[2024-01-29 12:52:53,794] INFO in _internal: 127.0.0.1 - - [29/Jan/2024 12:52:53] "[36mGET /static/img/21.jpg HTTP/1.1[0m" 304 -
[2024-01-29 12:52:53,797] INFO in _internal: 127.0.0.1 - - [29/Jan/2024 12:52:53] "[36mGET /static/img/22.jpg HTTP/1.1[0m" 304 -
[2024-01-29 12:53:00,712] INFO in _internal: 127.0.0.1 - - [29/Jan/2024 12:53:00] "GET /info HTTP/1.1" 200 -
[2024-01-29 12:53:00,747] INFO in _internal: 127.0.0.1 - - [29/Jan/2024 12:53:00] "GET /static/css/info.css HTTP/1.1" 200 -
[2024-01-29 12:53:00,747] INFO in _internal: 127.0.0.1 - - [29/Jan/2024 12:53:00] "[36mGET /static/img/logo.png HTTP/1.1[0m" 304 -
[2024-01-29 12:53:00,748] INFO in _internal: 127.0.0.1 - - [29/Jan/2024 12:53:00] "[36mGET /static/js/info.js HTTP/1.1[0m" 304 -
[2024-01-29 12:53:00,801] INFO in _internal: 127.0.0.1 - - [29/Jan/2024 12:53:00] "GET /static/img/img-1.png HTTP/1.1" 200 -
[2024-01-29 12:53:00,802] INFO in _internal: 127.0.0.1 - - [29/Jan/2024 12:53:00] "GET /static/img/img-5.png HTTP/1.1" 200 -
[2024-01-29 12:53:00,803] INFO in _internal: 127.0.0.1 - - [29/Jan/2024 12:53:00] "GET /static/img/img-2.png HTTP/1.1" 200 -
[2024-01-29 12:53:00,803] INFO in _internal: 127.0.0.1 - - [29/Jan/2024 12:53:00] "GET /static/img/img-3.png HTTP/1.1" 200 -
[2024-01-29 12:53:00,804] INFO in _internal: 127.0.0.1 - - [29/Jan/2024 12:53:00] "GET /static/img/img-4.png HTTP/1.1" 200 -
[2024-01-29 12:53:00,852] INFO in _internal: 127.0.0.1 - - [29/Jan/2024 12:53:00] "GET /static/img/img-6.png HTTP/1.1" 200 -
[2024-01-29 12:53:00,907] INFO in _internal: 127.0.0.1 - - [29/Jan/2024 12:53:00] "GET /static/img/img-46.png HTTP/1.1" 200 -
[2024-01-29 12:53:00,907] INFO in _internal: 127.0.0.1 - - [29/Jan/2024 12:53:00] "GET /static/img/img-47.png HTTP/1.1" 200 -
[2024-01-29 12:53:00,908] INFO in _internal: 127.0.0.1 - - [29/Jan/2024 12:53:00] "GET /static/img/img-45.png HTTP/1.1" 200 -
[2024-01-29 12:53:00,947] INFO in _internal: 127.0.0.1 - - [29/Jan/2024 12:53:00] "GET /static/img/img-49.png HTTP/1.1" 200 -
[2024-01-29 12:53:00,998] INFO in _internal: 127.0.0.1 - - [29/Jan/2024 12:53:00] "GET /static/img/img-48.png HTTP/1.1" 200 -
[2024-01-29 12:53:01,006] INFO in _internal: 127.0.0.1 - - [29/Jan/2024 12:53:01] "GET /static/img/img-50.png HTTP/1.1" 200 -
[2024-01-29 12:53:01,022] INFO in _internal: 127.0.0.1 - - [29/Jan/2024 12:53:01] "GET /static/img/img-7.png HTTP/1.1" 200 -
[2024-01-29 12:53:01,029] INFO in _internal: 127.0.0.1 - - [29/Jan/2024 12:53:01] "GET /static/img/img-8.png HTTP/1.1" 200 -
[2024-01-29 12:53:01,040] INFO in _internal: 127.0.0.1 - - [29/Jan/2024 12:53:01] "GET /static/img/img-9.png HTTP/1.1" 200 -
[2024-01-29 12:53:01,060] INFO in _internal: 127.0.0.1 - - [29/Jan/2024 12:53:01] "GET /static/img/img-10.png HTTP/1.1" 200 -
[2024-01-29 12:53:01,090] INFO in _internal: 127.0.0.1 - - [29/Jan/2024 12:53:01] "GET /static/img/img-11.png HTTP/1.1" 200 -
[2024-01-29 12:53:01,116] INFO in _internal: 127.0.0.1 - - [29/Jan/2024 12:53:01] "GET /static/img/img-12.png HTTP/1.1" 200 -
[2024-01-29 12:53:01,117] INFO in _internal: 127.0.0.1 - - [29/Jan/2024 12:53:01] "GET /static/img/img-13.png HTTP/1.1" 200 -
[2024-01-29 12:53:01,177] INFO in _internal: 127.0.0.1 - - [29/Jan/2024 12:53:01] "GET /static/img/img-14.png HTTP/1.1" 200 -
[2024-01-29 12:53:01,201] INFO in _internal: 127.0.0.1 - - [29/Jan/2024 12:53:01] "GET /static/img/img-15.png HTTP/1.1" 200 -
[2024-01-29 12:53:01,234] INFO in _internal: 127.0.0.1 - - [29/Jan/2024 12:53:01] "GET /static/img/img-16.png HTTP/1.1" 200 -
[2024-01-29 12:53:01,236] INFO in _internal: 127.0.0.1 - - [29/Jan/2024 12:53:01] "GET /static/img/img-17.png HTTP/1.1" 200 -
[2024-01-29 12:53:01,252] INFO in _internal: 127.0.0.1 - - [29/Jan/2024 12:53:01] "GET /static/img/img-18.png HTTP/1.1" 200 -
[2024-01-29 12:53:01,284] INFO in _internal: 127.0.0.1 - - [29/Jan/2024 12:53:01] "GET /static/img/img-19.png HTTP/1.1" 200 -
[2024-01-29 12:53:01,286] INFO in _internal: 127.0.0.1 - - [29/Jan/2024 12:53:01] "GET /static/img/img-20.png HTTP/1.1" 200 -
[2024-01-29 12:53:01,296] INFO in _internal: 127.0.0.1 - - [29/Jan/2024 12:53:01] "GET /static/img/img-21.png HTTP/1.1" 200 -
[2024-01-29 12:53:01,312] INFO in _internal: 127.0.0.1 - - [29/Jan/2024 12:53:01] "GET /static/img/img-22.png HTTP/1.1" 200 -
[2024-01-29 12:53:01,315] INFO in _internal: 127.0.0.1 - - [29/Jan/2024 12:53:01] "GET /static/img/img-23.png HTTP/1.1" 200 -
[2024-01-29 12:53:01,335] INFO in _internal: 127.0.0.1 - - [29/Jan/2024 12:53:01] "GET /static/img/img-24.png HTTP/1.1" 200 -
[2024-01-29 12:53:01,342] INFO in _internal: 127.0.0.1 - - [29/Jan/2024 12:53:01] "GET /static/img/img-25.png HTTP/1.1" 200 -
[2024-01-29 12:53:01,357] INFO in _internal: 127.0.0.1 - - [29/Jan/2024 12:53:01] "GET /static/img/img-26.png HTTP/1.1" 200 -
[2024-01-29 12:53:01,372] INFO in _internal: 127.0.0.1 - - [29/Jan/2024 12:53:01] "GET /static/img/img-27.png HTTP/1.1" 200 -
[2024-01-29 12:53:01,377] INFO in _internal: 127.0.0.1 - - [29/Jan/2024 12:53:01] "GET /static/img/img-28.png HTTP/1.1" 200 -
[2024-01-29 12:53:01,394] INFO in _internal: 127.0.0.1 - - [29/Jan/2024 12:53:01] "GET /static/img/img-29.png HTTP/1.1" 200 -
[2024-01-29 12:53:01,398] INFO in _internal: 127.0.0.1 - - [29/Jan/2024 12:53:01] "GET /static/img/img-30.png HTTP/1.1" 200 -
[2024-01-29 12:53:01,418] INFO in _internal: 127.0.0.1 - - [29/Jan/2024 12:53:01] "GET /static/img/img-31.png HTTP/1.1" 200 -
[2024-01-29 12:53:01,428] INFO in _internal: 127.0.0.1 - - [29/Jan/2024 12:53:01] "GET /static/img/img-32.png HTTP/1.1" 200 -
[2024-01-29 12:53:01,431] INFO in _internal: 127.0.0.1 - - [29/Jan/2024 12:53:01] "GET /static/img/img-33.png HTTP/1.1" 200 -
[2024-01-29 12:53:01,447] INFO in _internal: 127.0.0.1 - - [29/Jan/2024 12:53:01] "GET /static/img/img-34.png HTTP/1.1" 200 -
[2024-01-29 12:53:01,452] INFO in _internal: 127.0.0.1 - - [29/Jan/2024 12:53:01] "GET /static/img/img-35.png HTTP/1.1" 200 -
[2024-01-29 12:53:01,467] INFO in _internal: 127.0.0.1 - - [29/Jan/2024 12:53:01] "GET /static/img/img-36.png HTTP/1.1" 200 -
[2024-01-29 12:53:01,475] INFO in _internal: 127.0.0.1 - - [29/Jan/2024 12:53:01] "GET /static/img/img-37.png HTTP/1.1" 200 -
[2024-01-29 12:53:01,481] INFO in _internal: 127.0.0.1 - - [29/Jan/2024 12:53:01] "GET /static/img/img-38.png HTTP/1.1" 200 -
[2024-01-29 12:53:01,499] INFO in _internal: 127.0.0.1 - - [29/Jan/2024 12:53:01] "GET /static/img/img-39.png HTTP/1.1" 200 -
[2024-01-29 12:53:01,505] INFO in _internal: 127.0.0.1 - - [29/Jan/2024 12:53:01] "GET /static/img/img-40.png HTTP/1.1" 200 -
[2024-01-29 12:53:01,521] INFO in _internal: 127.0.0.1 - - [29/Jan/2024 12:53:01] "GET /static/img/img-41.png HTTP/1.1" 200 -
[2024-01-29 12:53:01,529] INFO in _internal: 127.0.0.1 - - [29/Jan/2024 12:53:01] "GET /static/img/img-42.png HTTP/1.1" 200 -
[2024-01-29 12:53:01,547] INFO in _internal: 127.0.0.1 - - [29/Jan/2024 12:53:01] "GET /static/img/img-43.png HTTP/1.1" 200 -
[2024-01-29 12:53:01,550] INFO in _internal: 127.0.0.1 - - [29/Jan/2024 12:53:01] "GET /static/img/img-44.png HTTP/1.1" 200 -
[2024-01-29 12:53:01,558] INFO in _internal: 127.0.0.1 - - [29/Jan/2024 12:53:01] "GET /static/img/img-51.png HTTP/1.1" 200 -
[2024-01-29 12:53:01,576] INFO in _internal: 127.0.0.1 - - [29/Jan/2024 12:53:01] "GET /static/img/img-52.png HTTP/1.1" 200 -
[2024-01-29 12:53:01,582] INFO in _internal: 127.0.0.1 - - [29/Jan/2024 12:53:01] "GET /static/img/img-53.png HTTP/1.1" 200 -
[2024-01-29 12:53:01,601] INFO in _internal: 127.0.0.1 - - [29/Jan/2024 12:53:01] "GET /static/img/img-54.png HTTP/1.1" 200 -
[2024-01-29 12:53:01,609] INFO in _internal: 127.0.0.1 - - [29/Jan/2024 12:53:01] "GET /static/img/img-55.png HTTP/1.1" 200 -
[2024-01-29 12:53:01,616] INFO in _internal: 127.0.0.1 - - [29/Jan/2024 12:53:01] "GET /static/img/img-56.png HTTP/1.1" 200 -
[2024-01-29 12:53:01,636] INFO in _internal: 127.0.0.1 - - [29/Jan/2024 12:53:01] "GET /static/img/img-57.png HTTP/1.1" 200 -
[2024-01-29 12:53:01,645] INFO in _internal: 127.0.0.1 - - [29/Jan/2024 12:53:01] "GET /static/img/img-58.png HTTP/1.1" 200 -
[2024-01-29 12:53:01,672] INFO in _internal: 127.0.0.1 - - [29/Jan/2024 12:53:01] "GET /static/img/img-59.png HTTP/1.1" 200 -
[2024-01-29 12:53:01,683] INFO in _internal: 127.0.0.1 - - [29/Jan/2024 12:53:01] "GET /static/img/img-60.png HTTP/1.1" 200 -
[2024-01-29 12:53:01,697] INFO in _internal: 127.0.0.1 - - [29/Jan/2024 12:53:01] "GET /static/img/img-61.png HTTP/1.1" 200 -
[2024-01-29 12:53:01,705] INFO in _internal: 127.0.0.1 - - [29/Jan/2024 12:53:01] "GET /static/img/img-62.png HTTP/1.1" 200 -
[2024-01-29 12:53:01,719] INFO in _internal: 127.0.0.1 - - [29/Jan/2024 12:53:01] "GET /static/img/img-63.png HTTP/1.1" 200 -
[2024-01-29 12:53:01,741] INFO in _internal: 127.0.0.1 - - [29/Jan/2024 12:53:01] "GET /static/img/img-64.png HTTP/1.1" 200 -
[2024-01-29 12:53:01,746] INFO in _internal: 127.0.0.1 - - [29/Jan/2024 12:53:01] "GET /static/img/img-91.png HTTP/1.1" 200 -
[2024-01-29 12:53:01,747] INFO in _internal: 127.0.0.1 - - [29/Jan/2024 12:53:01] "GET /static/img/img-90.png HTTP/1.1" 200 -
[2024-01-29 12:53:01,771] INFO in _internal: 127.0.0.1 - - [29/Jan/2024 12:53:01] "GET /static/img/img-89.png HTTP/1.1" 200 -
[2024-01-29 12:53:01,809] INFO in _internal: 127.0.0.1 - - [29/Jan/2024 12:53:01] "GET /static/img/img-92.png HTTP/1.1" 200 -
[2024-01-29 12:53:01,825] INFO in _internal: 127.0.0.1 - - [29/Jan/2024 12:53:01] "GET /static/img/img-88.png HTTP/1.1" 200 -
[2024-01-29 12:53:01,846] INFO in _internal: 127.0.0.1 - - [29/Jan/2024 12:53:01] "GET /static/img/img-93.png HTTP/1.1" 200 -
[2024-01-29 12:53:01,848] INFO in _internal: 127.0.0.1 - - [29/Jan/2024 12:53:01] "[36mGET /static/img/img-132.png HTTP/1.1[0m" 304 -
[2024-01-29 12:53:01,860] INFO in _internal: 127.0.0.1 - - [29/Jan/2024 12:53:01] "[36mGET /static/img/img-133.png HTTP/1.1[0m" 304 -
[2024-01-29 12:53:01,878] INFO in _internal: 127.0.0.1 - - [29/Jan/2024 12:53:01] "[36mGET /static/img/img-135.png HTTP/1.1[0m" 304 -
[2024-01-29 12:53:01,880] INFO in _internal: 127.0.0.1 - - [29/Jan/2024 12:53:01] "[36mGET /static/img/img-136.png HTTP/1.1[0m" 304 -
[2024-01-29 12:53:01,889] INFO in _internal: 127.0.0.1 - - [29/Jan/2024 12:53:01] "[36mGET /static/img/img-134.png HTTP/1.1[0m" 304 -
[2024-01-29 12:53:01,889] INFO in _internal: 127.0.0.1 - - [29/Jan/2024 12:53:01] "[36mGET /static/img/img-131.png HTTP/1.1[0m" 304 -
[2024-01-29 12:53:01,922] INFO in _internal: 127.0.0.1 - - [29/Jan/2024 12:53:01] "GET /static/img/img-65.png HTTP/1.1" 200 -
[2024-01-29 12:53:01,937] INFO in _internal: 127.0.0.1 - - [29/Jan/2024 12:53:01] "GET /static/img/img-66.png HTTP/1.1" 200 -
[2024-01-29 12:53:01,959] INFO in _internal: 127.0.0.1 - - [29/Jan/2024 12:53:01] "GET /static/img/img-67.png HTTP/1.1" 200 -
[2024-01-29 12:53:01,969] INFO in _internal: 127.0.0.1 - - [29/Jan/2024 12:53:01] "GET /static/img/img-68.png HTTP/1.1" 200 -
[2024-01-29 12:53:01,983] INFO in _internal: 127.0.0.1 - - [29/Jan/2024 12:53:01] "GET /static/img/img-69.png HTTP/1.1" 200 -
[2024-01-29 12:53:02,000] INFO in _internal: 127.0.0.1 - - [29/Jan/2024 12:53:02] "GET /static/img/img-70.png HTTP/1.1" 200 -
[2024-01-29 12:53:02,018] INFO in _internal: 127.0.0.1 - - [29/Jan/2024 12:53:02] "GET /static/img/img-71.png HTTP/1.1" 200 -
[2024-01-29 12:53:02,085] INFO in _internal: 127.0.0.1 - - [29/Jan/2024 12:53:02] "GET /static/img/img-72.png HTTP/1.1" 200 -
[2024-01-29 12:53:02,088] INFO in _internal: 127.0.0.1 - - [29/Jan/2024 12:53:02] "GET /static/img/img-73.png HTTP/1.1" 200 -
[2024-01-29 12:53:02,126] INFO in _internal: 127.0.0.1 - - [29/Jan/2024 12:53:02] "GET /static/img/img-74.png HTTP/1.1" 200 -
[2024-01-29 12:53:02,145] INFO in _internal: 127.0.0.1 - - [29/Jan/2024 12:53:02] "GET /static/img/img-75.png HTTP/1.1" 200 -
[2024-01-29 12:53:02,167] INFO in _internal: 127.0.0.1 - - [29/Jan/2024 12:53:02] "GET /static/img/img-76.png HTTP/1.1" 200 -
[2024-01-29 12:53:02,190] INFO in _internal: 127.0.0.1 - - [29/Jan/2024 12:53:02] "GET /static/img/img-77.png HTTP/1.1" 200 -
[2024-01-29 12:53:02,216] INFO in _internal: 127.0.0.1 - - [29/Jan/2024 12:53:02] "GET /static/img/img-78.png HTTP/1.1" 200 -
[2024-01-29 12:53:02,227] INFO in _internal: 127.0.0.1 - - [29/Jan/2024 12:53:02] "GET /static/img/img-79.png HTTP/1.1" 200 -
[2024-01-29 12:53:02,231] INFO in _internal: 127.0.0.1 - - [29/Jan/2024 12:53:02] "GET /static/img/img-80.png HTTP/1.1" 200 -
[2024-01-29 12:53:02,330] INFO in _internal: 127.0.0.1 - - [29/Jan/2024 12:53:02] "GET /static/img/img-81.png HTTP/1.1" 200 -
[2024-01-29 12:53:02,337] INFO in _internal: 127.0.0.1 - - [29/Jan/2024 12:53:02] "GET /static/img/img-82.png HTTP/1.1" 200 -
[2024-01-29 12:53:02,369] INFO in _internal: 127.0.0.1 - - [29/Jan/2024 12:53:02] "GET /static/img/img-83.png HTTP/1.1" 200 -
[2024-01-29 12:53:02,376] INFO in _internal: 127.0.0.1 - - [29/Jan/2024 12:53:02] "GET /static/img/img-84.png HTTP/1.1" 200 -
[2024-01-29 12:53:02,394] INFO in _internal: 127.0.0.1 - - [29/Jan/2024 12:53:02] "GET /static/img/img-85.png HTTP/1.1" 200 -
[2024-01-29 12:53:02,411] INFO in _internal: 127.0.0.1 - - [29/Jan/2024 12:53:02] "GET /static/img/img-86.png HTTP/1.1" 200 -
[2024-01-29 12:53:02,425] INFO in _internal: 127.0.0.1 - - [29/Jan/2024 12:53:02] "GET /static/img/img-87.png HTTP/1.1" 200 -
[2024-01-29 12:53:02,430] INFO in _internal: 127.0.0.1 - - [29/Jan/2024 12:53:02] "GET /static/img/img-94.png HTTP/1.1" 200 -
[2024-01-29 12:53:02,451] INFO in _internal: 127.0.0.1 - - [29/Jan/2024 12:53:02] "[36mGET /static/img/img-95.png HTTP/1.1[0m" 304 -
[2024-01-29 12:53:02,470] INFO in _internal: 127.0.0.1 - - [29/Jan/2024 12:53:02] "GET /static/img/img-96.png HTTP/1.1" 200 -
[2024-01-29 12:53:02,502] INFO in _internal: 127.0.0.1 - - [29/Jan/2024 12:53:02] "GET /static/img/img-97.png HTTP/1.1" 200 -
[2024-01-29 12:53:02,524] INFO in _internal: 127.0.0.1 - - [29/Jan/2024 12:53:02] "[36mGET /static/img/img-159.png HTTP/1.1[0m" 304 -
[2024-01-29 12:53:02,541] INFO in _internal: 127.0.0.1 - - [29/Jan/2024 12:53:02] "[36mGET /static/img/img-158.png HTTP/1.1[0m" 304 -
[2024-01-29 12:53:02,541] INFO in _internal: 127.0.0.1 - - [29/Jan/2024 12:53:02] "[36mGET /static/img/img-162.png HTTP/1.1[0m" 304 -
[2024-01-29 12:53:02,554] INFO in _internal: 127.0.0.1 - - [29/Jan/2024 12:53:02] "[36mGET /static/img/img-160.png HTTP/1.1[0m" 304 -
[2024-01-29 12:53:02,554] INFO in _internal: 127.0.0.1 - - [29/Jan/2024 12:53:02] "[36mGET /static/img/img-161.png HTTP/1.1[0m" 304 -
[2024-01-29 12:53:02,565] INFO in _internal: 127.0.0.1 - - [29/Jan/2024 12:53:02] "[36mGET /static/img/img-163.png HTTP/1.1[0m" 304 -
[2024-01-29 12:53:02,577] INFO in _internal: 127.0.0.1 - - [29/Jan/2024 12:53:02] "[36mGET /static/img/img-179.png HTTP/1.1[0m" 304 -
[2024-01-29 12:53:02,579] INFO in _internal: 127.0.0.1 - - [29/Jan/2024 12:53:02] "[36mGET /static/img/img-174.png HTTP/1.1[0m" 304 -
[2024-01-29 12:53:02,587] INFO in _internal: 127.0.0.1 - - [29/Jan/2024 12:53:02] "[36mGET /static/img/img-172.png HTTP/1.1[0m" 304 -
[2024-01-29 12:53:02,588] INFO in _internal: 127.0.0.1 - - [29/Jan/2024 12:53:02] "[36mGET /static/img/img-171.png HTTP/1.1[0m" 304 -
[2024-01-29 12:53:02,611] INFO in _internal: 127.0.0.1 - - [29/Jan/2024 12:53:02] "[36mGET /static/img/img-173.png HTTP/1.1[0m" 304 -
[2024-01-29 12:53:02,614] INFO in _internal: 127.0.0.1 - - [29/Jan/2024 12:53:02] "[36mGET /static/img/img-175.png HTTP/1.1[0m" 304 -
[2024-01-29 12:53:02,614] INFO in _internal: 127.0.0.1 - - [29/Jan/2024 12:53:02] "[36mGET /static/img/img-176.png HTTP/1.1[0m" 304 -
[2024-01-29 12:53:02,618] INFO in _internal: 127.0.0.1 - - [29/Jan/2024 12:53:02] "[36mGET /static/img/img-178.png HTTP/1.1[0m" 304 -
[2024-01-29 12:53:02,631] INFO in _internal: 127.0.0.1 - - [29/Jan/2024 12:53:02] "[36mGET /static/img/img-182.png HTTP/1.1[0m" 304 -
[2024-01-29 12:53:02,633] INFO in _internal: 127.0.0.1 - - [29/Jan/2024 12:53:02] "[36mGET /static/img/img-181.png HTTP/1.1[0m" 304 -
[2024-01-29 12:53:02,636] INFO in _internal: 127.0.0.1 - - [29/Jan/2024 12:53:02] "[36mGET /static/img/img-180.png HTTP/1.1[0m" 304 -
[2024-01-29 12:53:02,693] INFO in _internal: 127.0.0.1 - - [29/Jan/2024 12:53:02] "GET /static/img/img-98.png HTTP/1.1" 200 -
[2024-01-29 12:53:02,698] INFO in _internal: 127.0.0.1 - - [29/Jan/2024 12:53:02] "GET /static/img/img-99.png HTTP/1.1" 200 -
[2024-01-29 12:53:02,698] INFO in _internal: 127.0.0.1 - - [29/Jan/2024 12:53:02] "GET /static/img/img-100.png HTTP/1.1" 200 -
[2024-01-29 12:53:02,703] INFO in _internal: 127.0.0.1 - - [29/Jan/2024 12:53:02] "GET /static/img/img-101.png HTTP/1.1" 200 -
[2024-01-29 12:53:02,708] INFO in _internal: 127.0.0.1 - - [29/Jan/2024 12:53:02] "GET /static/img/img-102.png HTTP/1.1" 200 -
[2024-01-29 12:53:02,763] INFO in _internal: 127.0.0.1 - - [29/Jan/2024 12:53:02] "[36mGET /static/img/img-103.png HTTP/1.1[0m" 304 -
[2024-01-29 12:53:02,774] INFO in _internal: 127.0.0.1 - - [29/Jan/2024 12:53:02] "GET /static/img/img-104.png HTTP/1.1" 200 -
[2024-01-29 12:53:02,804] INFO in _internal: 127.0.0.1 - - [29/Jan/2024 12:53:02] "[36mGET /static/img/img-105.png HTTP/1.1[0m" 304 -
[2024-01-29 12:53:02,826] INFO in _internal: 127.0.0.1 - - [29/Jan/2024 12:53:02] "[36mGET /static/img/img-107.png HTTP/1.1[0m" 304 -
[2024-01-29 12:53:02,827] INFO in _internal: 127.0.0.1 - - [29/Jan/2024 12:53:02] "[36mGET /static/img/img-106.png HTTP/1.1[0m" 304 -
[2024-01-29 12:53:02,831] INFO in _internal: 127.0.0.1 - - [29/Jan/2024 12:53:02] "[36mGET /static/img/img-108.png HTTP/1.1[0m" 304 -
[2024-01-29 12:53:02,846] INFO in _internal: 127.0.0.1 - - [29/Jan/2024 12:53:02] "[36mGET /static/img/img-109.png HTTP/1.1[0m" 304 -
[2024-01-29 12:53:02,865] INFO in _internal: 127.0.0.1 - - [29/Jan/2024 12:53:02] "[36mGET /static/img/img-110.png HTTP/1.1[0m" 304 -
[2024-01-29 12:53:02,872] INFO in _internal: 127.0.0.1 - - [29/Jan/2024 12:53:02] "[36mGET /static/img/img-111.png HTTP/1.1[0m" 304 -
[2024-01-29 12:53:02,886] INFO in _internal: 127.0.0.1 - - [29/Jan/2024 12:53:02] "[36mGET /static/img/img-112.png HTTP/1.1[0m" 304 -
[2024-01-29 12:53:02,888] INFO in _internal: 127.0.0.1 - - [29/Jan/2024 12:53:02] "[36mGET /static/img/img-113.png HTTP/1.1[0m" 304 -
[2024-01-29 12:53:02,889] INFO in _internal: 127.0.0.1 - - [29/Jan/2024 12:53:02] "[36mGET /static/img/img-114.png HTTP/1.1[0m" 304 -
[2024-01-29 12:53:02,900] INFO in _internal: 127.0.0.1 - - [29/Jan/2024 12:53:02] "[36mGET /static/img/img-115.png HTTP/1.1[0m" 304 -
[2024-01-29 12:53:02,911] INFO in _internal: 127.0.0.1 - - [29/Jan/2024 12:53:02] "[36mGET /static/img/img-116.png HTTP/1.1[0m" 304 -
[2024-01-29 12:53:02,912] INFO in _internal: 127.0.0.1 - - [29/Jan/2024 12:53:02] "[36mGET /static/img/img-117.png HTTP/1.1[0m" 304 -
[2024-01-29 12:53:02,931] INFO in _internal: 127.0.0.1 - - [29/Jan/2024 12:53:02] "[36mGET /static/img/img-118.png HTTP/1.1[0m" 304 -
[2024-01-29 12:53:02,933] INFO in _internal: 127.0.0.1 - - [29/Jan/2024 12:53:02] "[36mGET /static/img/img-119.png HTTP/1.1[0m" 304 -
[2024-01-29 12:53:02,934] INFO in _internal: 127.0.0.1 - - [29/Jan/2024 12:53:02] "[36mGET /static/img/img-120.png HTTP/1.1[0m" 304 -
[2024-01-29 12:53:02,951] INFO in _internal: 127.0.0.1 - - [29/Jan/2024 12:53:02] "[36mGET /static/img/img-121.png HTTP/1.1[0m" 304 -
[2024-01-29 12:53:02,973] INFO in _internal: 127.0.0.1 - - [29/Jan/2024 12:53:02] "[36mGET /static/img/img-122.png HTTP/1.1[0m" 304 -
[2024-01-29 12:53:02,974] INFO in _internal: 127.0.0.1 - - [29/Jan/2024 12:53:02] "[36mGET /static/img/img-123.png HTTP/1.1[0m" 304 -
[2024-01-29 12:53:02,990] INFO in _internal: 127.0.0.1 - - [29/Jan/2024 12:53:02] "[36mGET /static/img/img-124.png HTTP/1.1[0m" 304 -
[2024-01-29 12:53:02,994] INFO in _internal: 127.0.0.1 - - [29/Jan/2024 12:53:02] "[36mGET /static/img/img-125.png HTTP/1.1[0m" 304 -
[2024-01-29 12:53:03,001] INFO in _internal: 127.0.0.1 - - [29/Jan/2024 12:53:03] "[36mGET /static/img/img-126.png HTTP/1.1[0m" 304 -
[2024-01-29 12:53:03,006] INFO in _internal: 127.0.0.1 - - [29/Jan/2024 12:53:03] "[36mGET /static/img/img-127.png HTTP/1.1[0m" 304 -
[2024-01-29 12:53:03,019] INFO in _internal: 127.0.0.1 - - [29/Jan/2024 12:53:03] "[36mGET /static/img/img-128.png HTTP/1.1[0m" 304 -
[2024-01-29 12:53:03,035] INFO in _internal: 127.0.0.1 - - [29/Jan/2024 12:53:03] "[36mGET /static/img/img-129.png HTTP/1.1[0m" 304 -
[2024-01-29 12:53:03,054] INFO in _internal: 127.0.0.1 - - [29/Jan/2024 12:53:03] "[36mGET /static/img/img-130.png HTTP/1.1[0m" 304 -
[2024-01-29 12:53:03,073] INFO in _internal: 127.0.0.1 - - [29/Jan/2024 12:53:03] "[36mGET /static/img/img-137.png HTTP/1.1[0m" 304 -
[2024-01-29 12:53:03,086] INFO in _internal: 127.0.0.1 - - [29/Jan/2024 12:53:03] "[36mGET /static/img/img-138.png HTTP/1.1[0m" 304 -
[2024-01-29 12:53:03,094] INFO in _internal: 127.0.0.1 - - [29/Jan/2024 12:53:03] "[36mGET /static/img/img-139.png HTTP/1.1[0m" 304 -
[2024-01-29 12:53:03,099] INFO in _internal: 127.0.0.1 - - [29/Jan/2024 12:53:03] "[36mGET /static/img/img-141.png HTTP/1.1[0m" 304 -
[2024-01-29 12:53:03,100] INFO in _internal: 127.0.0.1 - - [29/Jan/2024 12:53:03] "[36mGET /static/img/img-140.png HTTP/1.1[0m" 304 -
[2024-01-29 12:53:03,117] INFO in _internal: 127.0.0.1 - - [29/Jan/2024 12:53:03] "[36mGET /static/img/img-142.png HTTP/1.1[0m" 304 -
[2024-01-29 12:53:03,141] INFO in _internal: 127.0.0.1 - - [29/Jan/2024 12:53:03] "[36mGET /static/img/img-143.png HTTP/1.1[0m" 304 -
[2024-01-29 12:53:03,165] INFO in _internal: 127.0.0.1 - - [29/Jan/2024 12:53:03] "[36mGET /static/img/img-144.png HTTP/1.1[0m" 304 -
[2024-01-29 12:53:03,175] INFO in _internal: 127.0.0.1 - - [29/Jan/2024 12:53:03] "[36mGET /static/img/img-146.png HTTP/1.1[0m" 304 -
[2024-01-29 12:53:03,181] INFO in _internal: 127.0.0.1 - - [29/Jan/2024 12:53:03] "[36mGET /static/img/img-145.png HTTP/1.1[0m" 304 -
[2024-01-29 12:53:03,210] INFO in _internal: 127.0.0.1 - - [29/Jan/2024 12:53:03] "[36mGET /static/img/img-147.png HTTP/1.1[0m" 304 -
[2024-01-29 12:53:03,223] INFO in _internal: 127.0.0.1 - - [29/Jan/2024 12:53:03] "[36mGET /static/img/img-148.png HTTP/1.1[0m" 304 -
[2024-01-29 12:53:03,256] INFO in _internal: 127.0.0.1 - - [29/Jan/2024 12:53:03] "[36mGET /static/img/img-149.png HTTP/1.1[0m" 304 -
[2024-01-29 12:53:03,302] INFO in _internal: 127.0.0.1 - - [29/Jan/2024 12:53:03] "[36mGET /static/img/img-151.png HTTP/1.1[0m" 304 -
[2024-01-29 12:53:03,302] INFO in _internal: 127.0.0.1 - - [29/Jan/2024 12:53:03] "[36mGET /static/img/img-150.png HTTP/1.1[0m" 304 -
[2024-01-29 12:53:03,316] INFO in _internal: 127.0.0.1 - - [29/Jan/2024 12:53:03] "[36mGET /static/img/img-152.png HTTP/1.1[0m" 304 -
[2024-01-29 12:53:03,326] INFO in _internal: 127.0.0.1 - - [29/Jan/2024 12:53:03] "[36mGET /static/img/img-153.png HTTP/1.1[0m" 304 -
[2024-01-29 12:53:03,331] INFO in _internal: 127.0.0.1 - - [29/Jan/2024 12:53:03] "[36mGET /static/img/img-154.png HTTP/1.1[0m" 304 -
[2024-01-29 12:53:03,439] INFO in _internal: 127.0.0.1 - - [29/Jan/2024 12:53:03] "[36mGET /static/img/img-155.png HTTP/1.1[0m" 304 -
[2024-01-29 12:53:03,524] INFO in _internal: 127.0.0.1 - - [29/Jan/2024 12:53:03] "[36mGET /static/img/img-156.png HTTP/1.1[0m" 304 -
[2024-01-29 12:53:03,525] INFO in _internal: 127.0.0.1 - - [29/Jan/2024 12:53:03] "[36mGET /static/img/img-157.png HTTP/1.1[0m" 304 -
[2024-01-29 12:53:03,536] INFO in _internal: 127.0.0.1 - - [29/Jan/2024 12:53:03] "[36mGET /static/img/img-164.png HTTP/1.1[0m" 304 -
[2024-01-29 12:53:03,556] INFO in _internal: 127.0.0.1 - - [29/Jan/2024 12:53:03] "[36mGET /static/img/img-165.png HTTP/1.1[0m" 304 -
[2024-01-29 12:53:03,562] INFO in _internal: 127.0.0.1 - - [29/Jan/2024 12:53:03] "[36mGET /static/img/img-166.png HTTP/1.1[0m" 304 -
[2024-01-29 12:53:03,651] INFO in _internal: 127.0.0.1 - - [29/Jan/2024 12:53:03] "[36mGET /static/img/img-167.png HTTP/1.1[0m" 304 -
[2024-01-29 12:53:03,689] INFO in _internal: 127.0.0.1 - - [29/Jan/2024 12:53:03] "[36mGET /static/img/img-168.png HTTP/1.1[0m" 304 -
[2024-01-29 12:53:03,727] INFO in _internal: 127.0.0.1 - - [29/Jan/2024 12:53:03] "[36mGET /static/img/img-177.png HTTP/1.1[0m" 304 -
[2024-01-29 12:53:03,729] INFO in _internal: 127.0.0.1 - - [29/Jan/2024 12:53:03] "[36mGET /static/img/img-170.png HTTP/1.1[0m" 304 -
[2024-01-29 12:53:03,730] INFO in _internal: 127.0.0.1 - - [29/Jan/2024 12:53:03] "[36mGET /static/img/img-169.png HTTP/1.1[0m" 304 -
[2024-01-29 12:53:03,731] INFO in _internal: 127.0.0.1 - - [29/Jan/2024 12:53:03] "[36mGET /static/img/img-183.png HTTP/1.1[0m" 304 -
[2024-01-29 12:53:03,834] INFO in _internal: 127.0.0.1 - - [29/Jan/2024 12:53:03] "[36mGET /static/img/img-184.png HTTP/1.1[0m" 304 -
[2024-01-29 12:53:03,848] INFO in _internal: 127.0.0.1 - - [29/Jan/2024 12:53:03] "[36mGET /static/img/img-185.png HTTP/1.1[0m" 304 -
[2024-01-29 12:53:03,882] INFO in _internal: 127.0.0.1 - - [29/Jan/2024 12:53:03] "[36mGET /static/img/img-186.png HTTP/1.1[0m" 304 -
[2024-01-29 12:53:03,924] INFO in _internal: 127.0.0.1 - - [29/Jan/2024 12:53:03] "[36mGET /static/img/img-188.png HTTP/1.1[0m" 304 -
[2024-01-29 12:53:03,925] INFO in _internal: 127.0.0.1 - - [29/Jan/2024 12:53:03] "[36mGET /static/img/img-187.png HTTP/1.1[0m" 304 -
[2024-01-29 12:53:03,932] INFO in _internal: 127.0.0.1 - - [29/Jan/2024 12:53:03] "[36mGET /static/img/img-189.png HTTP/1.1[0m" 304 -
[2024-01-29 12:53:04,005] INFO in _internal: 127.0.0.1 - - [29/Jan/2024 12:53:04] "[36mGET /static/img/img-190.png HTTP/1.1[0m" 304 -
[2024-01-29 12:53:04,017] INFO in _internal: 127.0.0.1 - - [29/Jan/2024 12:53:04] "[36mGET /static/img/img-191.png HTTP/1.1[0m" 304 -
[2024-01-29 12:53:04,053] INFO in _internal: 127.0.0.1 - - [29/Jan/2024 12:53:04] "[36mGET /static/img/img-192.png HTTP/1.1[0m" 304 -
[2024-01-29 18:02:13,667] INFO in _internal:  * Detected change in 'C:\\Users\\USER\\Desktop\\ssm_web\\app\\main.py', reloading
[2024-01-29 18:02:13,682] INFO in _internal:  * Detected change in 'C:\\Users\\USER\\Desktop\\ssm_web\\app\\main.py', reloading
[2024-01-29 18:02:14,769] INFO in _internal:  * Restarting with watchdog (windowsapi)
[2024-01-29 18:02:15,744] WARNING in _internal:  * Debugger is active!
[2024-01-29 18:02:15,760] INFO in _internal:  * Debugger PIN: 123-293-346
[2024-01-30 09:21:46,296] INFO in _internal: 127.0.0.1 - - [30/Jan/2024 09:21:46] "GET / HTTP/1.1" 200 -
[2024-01-30 09:21:46,859] INFO in _internal: 127.0.0.1 - - [30/Jan/2024 09:21:46] "GET /static/css/templatemo-style.css HTTP/1.1" 200 -
[2024-01-30 09:21:47,059] INFO in _internal: 127.0.0.1 - - [30/Jan/2024 09:21:47] "GET /static/css/index.css HTTP/1.1" 200 -
[2024-01-30 09:21:47,077] INFO in _internal: 127.0.0.1 - - [30/Jan/2024 09:21:47] "[36mGET /static/img/logo.png HTTP/1.1[0m" 304 -
[2024-01-30 09:21:47,261] INFO in _internal: 127.0.0.1 - - [30/Jan/2024 09:21:47] "GET /sensing_data HTTP/1.1" 200 -
[2024-01-30 09:21:47,365] INFO in _internal: 127.0.0.1 - - [30/Jan/2024 09:21:47] "[33mGET /favicon.ico HTTP/1.1[0m" 404 -
[2024-01-30 09:21:51,420] INFO in _internal: 127.0.0.1 - - [30/Jan/2024 09:21:51] "GET /info HTTP/1.1" 200 -
[2024-01-30 09:21:51,457] INFO in _internal: 127.0.0.1 - - [30/Jan/2024 09:21:51] "GET /static/css/info.css HTTP/1.1" 200 -
[2024-01-30 09:21:51,457] INFO in _internal: 127.0.0.1 - - [30/Jan/2024 09:21:51] "GET /static/js/info.js HTTP/1.1" 200 -
[2024-01-30 09:21:51,459] INFO in _internal: 127.0.0.1 - - [30/Jan/2024 09:21:51] "[36mGET /static/img/logo.png HTTP/1.1[0m" 304 -
[2024-01-30 09:21:51,491] INFO in _internal: 127.0.0.1 - - [30/Jan/2024 09:21:51] "GET /static/img/img-1.png HTTP/1.1" 200 -
[2024-01-30 09:21:51,491] INFO in _internal: 127.0.0.1 - - [30/Jan/2024 09:21:51] "GET /static/img/img-3.png HTTP/1.1" 200 -
[2024-01-30 09:21:51,491] INFO in _internal: 127.0.0.1 - - [30/Jan/2024 09:21:51] "GET /static/img/img-2.png HTTP/1.1" 200 -
[2024-01-30 09:21:51,494] INFO in _internal: 127.0.0.1 - - [30/Jan/2024 09:21:51] "GET /static/img/img-4.png HTTP/1.1" 200 -
[2024-01-30 09:21:51,494] INFO in _internal: 127.0.0.1 - - [30/Jan/2024 09:21:51] "GET /static/img/img-5.png HTTP/1.1" 200 -
[2024-01-30 09:21:51,557] INFO in _internal: 127.0.0.1 - - [30/Jan/2024 09:21:51] "GET /static/img/img-6.png HTTP/1.1" 200 -
[2024-01-30 09:21:51,559] INFO in _internal: 127.0.0.1 - - [30/Jan/2024 09:21:51] "GET /static/img/img-7.png HTTP/1.1" 200 -
[2024-01-30 09:21:51,564] INFO in _internal: 127.0.0.1 - - [30/Jan/2024 09:21:51] "GET /static/img/img-8.png HTTP/1.1" 200 -
[2024-01-30 09:21:51,571] INFO in _internal: 127.0.0.1 - - [30/Jan/2024 09:21:51] "GET /static/img/img-46.png HTTP/1.1" 200 -
[2024-01-30 09:21:51,579] INFO in _internal: 127.0.0.1 - - [30/Jan/2024 09:21:51] "GET /static/img/img-50.png HTTP/1.1" 200 -
[2024-01-30 09:21:51,617] INFO in _internal: 127.0.0.1 - - [30/Jan/2024 09:21:51] "GET /static/img/img-47.png HTTP/1.1" 200 -
[2024-01-30 09:21:51,623] INFO in _internal: 127.0.0.1 - - [30/Jan/2024 09:21:51] "GET /static/img/img-49.png HTTP/1.1" 200 -
[2024-01-30 09:21:51,636] INFO in _internal: 127.0.0.1 - - [30/Jan/2024 09:21:51] "GET /static/img/img-45.png HTTP/1.1" 200 -
[2024-01-30 09:21:51,643] INFO in _internal: 127.0.0.1 - - [30/Jan/2024 09:21:51] "GET /static/img/img-48.png HTTP/1.1" 200 -
[2024-01-30 09:21:51,652] INFO in _internal: 127.0.0.1 - - [30/Jan/2024 09:21:51] "GET /static/img/img-9.png HTTP/1.1" 200 -
[2024-01-30 09:21:51,708] INFO in _internal: 127.0.0.1 - - [30/Jan/2024 09:21:51] "GET /static/img/img-10.png HTTP/1.1" 200 -
[2024-01-30 09:21:51,731] INFO in _internal: 127.0.0.1 - - [30/Jan/2024 09:21:51] "GET /static/img/img-11.png HTTP/1.1" 200 -
[2024-01-30 09:21:51,752] INFO in _internal: 127.0.0.1 - - [30/Jan/2024 09:21:51] "GET /static/img/img-12.png HTTP/1.1" 200 -
[2024-01-30 09:21:51,777] INFO in _internal: 127.0.0.1 - - [30/Jan/2024 09:21:51] "GET /static/img/img-13.png HTTP/1.1" 200 -
[2024-01-30 09:21:51,787] INFO in _internal: 127.0.0.1 - - [30/Jan/2024 09:21:51] "GET /static/img/img-14.png HTTP/1.1" 200 -
[2024-01-30 09:21:51,795] INFO in _internal: 127.0.0.1 - - [30/Jan/2024 09:21:51] "GET /static/img/img-15.png HTTP/1.1" 200 -
[2024-01-30 09:21:51,799] INFO in _internal: 127.0.0.1 - - [30/Jan/2024 09:21:51] "GET /static/img/img-16.png HTTP/1.1" 200 -
[2024-01-30 09:21:51,804] INFO in _internal: 127.0.0.1 - - [30/Jan/2024 09:21:51] "GET /static/img/img-17.png HTTP/1.1" 200 -
[2024-01-30 09:21:51,822] INFO in _internal: 127.0.0.1 - - [30/Jan/2024 09:21:51] "GET /static/img/img-18.png HTTP/1.1" 200 -
[2024-01-30 09:21:51,833] INFO in _internal: 127.0.0.1 - - [30/Jan/2024 09:21:51] "GET /static/img/img-19.png HTTP/1.1" 200 -
[2024-01-30 09:21:51,859] INFO in _internal: 127.0.0.1 - - [30/Jan/2024 09:21:51] "GET /static/img/img-20.png HTTP/1.1" 200 -
[2024-01-30 09:21:51,868] INFO in _internal: 127.0.0.1 - - [30/Jan/2024 09:21:51] "GET /static/img/img-21.png HTTP/1.1" 200 -
[2024-01-30 09:21:51,870] INFO in _internal: 127.0.0.1 - - [30/Jan/2024 09:21:51] "GET /static/img/img-22.png HTTP/1.1" 200 -
[2024-01-30 09:21:51,872] INFO in _internal: 127.0.0.1 - - [30/Jan/2024 09:21:51] "GET /static/img/img-23.png HTTP/1.1" 200 -
[2024-01-30 09:21:51,873] INFO in _internal: 127.0.0.1 - - [30/Jan/2024 09:21:51] "GET /static/img/img-24.png HTTP/1.1" 200 -
[2024-01-30 09:21:51,895] INFO in _internal: 127.0.0.1 - - [30/Jan/2024 09:21:51] "GET /static/img/img-25.png HTTP/1.1" 200 -
[2024-01-30 09:21:51,935] INFO in _internal: 127.0.0.1 - - [30/Jan/2024 09:21:51] "GET /static/img/img-26.png HTTP/1.1" 200 -
[2024-01-30 09:21:51,942] INFO in _internal: 127.0.0.1 - - [30/Jan/2024 09:21:51] "GET /static/img/img-28.png HTTP/1.1" 200 -
[2024-01-30 09:21:51,945] INFO in _internal: 127.0.0.1 - - [30/Jan/2024 09:21:51] "GET /static/img/img-27.png HTTP/1.1" 200 -
[2024-01-30 09:21:51,953] INFO in _internal: 127.0.0.1 - - [30/Jan/2024 09:21:51] "GET /static/img/img-29.png HTTP/1.1" 200 -
[2024-01-30 09:21:51,960] INFO in _internal: 127.0.0.1 - - [30/Jan/2024 09:21:51] "GET /static/img/img-30.png HTTP/1.1" 200 -
[2024-01-30 09:21:52,008] INFO in _internal: 127.0.0.1 - - [30/Jan/2024 09:21:52] "GET /static/img/img-31.png HTTP/1.1" 200 -
[2024-01-30 09:21:52,029] INFO in _internal: 127.0.0.1 - - [30/Jan/2024 09:21:52] "GET /static/img/img-32.png HTTP/1.1" 200 -
[2024-01-30 09:21:52,051] INFO in _internal: 127.0.0.1 - - [30/Jan/2024 09:21:52] "GET /static/img/img-33.png HTTP/1.1" 200 -
[2024-01-30 09:21:52,056] INFO in _internal: 127.0.0.1 - - [30/Jan/2024 09:21:52] "GET /static/img/img-34.png HTTP/1.1" 200 -
[2024-01-30 09:21:52,070] INFO in _internal: 127.0.0.1 - - [30/Jan/2024 09:21:52] "GET /static/img/img-35.png HTTP/1.1" 200 -
[2024-01-30 09:21:52,087] INFO in _internal: 127.0.0.1 - - [30/Jan/2024 09:21:52] "GET /static/img/img-36.png HTTP/1.1" 200 -
[2024-01-30 09:21:52,100] INFO in _internal: 127.0.0.1 - - [30/Jan/2024 09:21:52] "GET /static/img/img-37.png HTTP/1.1" 200 -
[2024-01-30 09:21:52,104] INFO in _internal: 127.0.0.1 - - [30/Jan/2024 09:21:52] "GET /static/img/img-38.png HTTP/1.1" 200 -
[2024-01-30 09:21:52,127] INFO in _internal: 127.0.0.1 - - [30/Jan/2024 09:21:52] "GET /static/img/img-39.png HTTP/1.1" 200 -
[2024-01-30 09:21:52,148] INFO in _internal: 127.0.0.1 - - [30/Jan/2024 09:21:52] "GET /static/img/img-40.png HTTP/1.1" 200 -
[2024-01-30 09:21:52,187] INFO in _internal: 127.0.0.1 - - [30/Jan/2024 09:21:52] "GET /static/img/img-41.png HTTP/1.1" 200 -
[2024-01-30 09:21:52,193] INFO in _internal: 127.0.0.1 - - [30/Jan/2024 09:21:52] "GET /static/img/img-42.png HTTP/1.1" 200 -
[2024-01-30 09:21:52,215] INFO in _internal: 127.0.0.1 - - [30/Jan/2024 09:21:52] "GET /static/img/img-43.png HTTP/1.1" 200 -
[2024-01-30 09:21:52,237] INFO in _internal: 127.0.0.1 - - [30/Jan/2024 09:21:52] "GET /static/img/img-44.png HTTP/1.1" 200 -
[2024-01-30 09:21:52,240] INFO in _internal: 127.0.0.1 - - [30/Jan/2024 09:21:52] "GET /static/img/img-51.png HTTP/1.1" 200 -
[2024-01-30 09:21:52,268] INFO in _internal: 127.0.0.1 - - [30/Jan/2024 09:21:52] "GET /static/img/img-52.png HTTP/1.1" 200 -
[2024-01-30 09:21:52,276] INFO in _internal: 127.0.0.1 - - [30/Jan/2024 09:21:52] "GET /static/img/img-53.png HTTP/1.1" 200 -
[2024-01-30 09:21:52,289] INFO in _internal: 127.0.0.1 - - [30/Jan/2024 09:21:52] "GET /static/img/img-54.png HTTP/1.1" 200 -
[2024-01-30 09:21:52,300] INFO in _internal: 127.0.0.1 - - [30/Jan/2024 09:21:52] "GET /static/img/img-55.png HTTP/1.1" 200 -
[2024-01-30 09:21:52,308] INFO in _internal: 127.0.0.1 - - [30/Jan/2024 09:21:52] "GET /static/img/img-56.png HTTP/1.1" 200 -
[2024-01-30 09:21:52,332] INFO in _internal: 127.0.0.1 - - [30/Jan/2024 09:21:52] "GET /static/img/img-57.png HTTP/1.1" 200 -
[2024-01-30 09:21:52,336] INFO in _internal: 127.0.0.1 - - [30/Jan/2024 09:21:52] "GET /static/img/img-58.png HTTP/1.1" 200 -
[2024-01-30 09:21:52,340] INFO in _internal: 127.0.0.1 - - [30/Jan/2024 09:21:52] "GET /static/img/img-59.png HTTP/1.1" 200 -
[2024-01-30 09:21:52,350] INFO in _internal: 127.0.0.1 - - [30/Jan/2024 09:21:52] "GET /static/img/img-60.png HTTP/1.1" 200 -
[2024-01-30 09:21:52,357] INFO in _internal: 127.0.0.1 - - [30/Jan/2024 09:21:52] "GET /static/img/img-61.png HTTP/1.1" 200 -
[2024-01-30 09:21:52,379] INFO in _internal: 127.0.0.1 - - [30/Jan/2024 09:21:52] "GET /static/img/img-62.png HTTP/1.1" 200 -
[2024-01-30 09:21:52,391] INFO in _internal: 127.0.0.1 - - [30/Jan/2024 09:21:52] "GET /static/img/img-63.png HTTP/1.1" 200 -
[2024-01-30 09:21:52,402] INFO in _internal: 127.0.0.1 - - [30/Jan/2024 09:21:52] "GET /static/img/img-64.png HTTP/1.1" 200 -
[2024-01-30 09:21:52,407] INFO in _internal: 127.0.0.1 - - [30/Jan/2024 09:21:52] "GET /static/img/img-65.png HTTP/1.1" 200 -
[2024-01-30 09:21:52,411] INFO in _internal: 127.0.0.1 - - [30/Jan/2024 09:21:52] "GET /static/img/img-66.png HTTP/1.1" 200 -
[2024-01-30 09:21:52,416] INFO in _internal: 127.0.0.1 - - [30/Jan/2024 09:21:52] "GET /static/img/img-67.png HTTP/1.1" 200 -
[2024-01-30 09:21:52,451] INFO in _internal: 127.0.0.1 - - [30/Jan/2024 09:21:52] "GET /static/img/img-68.png HTTP/1.1" 200 -
[2024-01-30 09:21:52,467] INFO in _internal: 127.0.0.1 - - [30/Jan/2024 09:21:52] "GET /static/img/img-69.png HTTP/1.1" 200 -
[2024-01-30 09:21:52,478] INFO in _internal: 127.0.0.1 - - [30/Jan/2024 09:21:52] "GET /static/img/img-70.png HTTP/1.1" 200 -
[2024-01-30 09:21:52,485] INFO in _internal: 127.0.0.1 - - [30/Jan/2024 09:21:52] "GET /static/img/img-71.png HTTP/1.1" 200 -
[2024-01-30 09:21:52,492] INFO in _internal: 127.0.0.1 - - [30/Jan/2024 09:21:52] "GET /static/img/img-72.png HTTP/1.1" 200 -
[2024-01-30 09:21:52,513] INFO in _internal: 127.0.0.1 - - [30/Jan/2024 09:21:52] "GET /static/img/img-73.png HTTP/1.1" 200 -
[2024-01-30 09:21:52,518] INFO in _internal: 127.0.0.1 - - [30/Jan/2024 09:21:52] "GET /static/img/img-74.png HTTP/1.1" 200 -
[2024-01-30 09:21:52,530] INFO in _internal: 127.0.0.1 - - [30/Jan/2024 09:21:52] "GET /static/img/img-75.png HTTP/1.1" 200 -
[2024-01-30 09:21:52,538] INFO in _internal: 127.0.0.1 - - [30/Jan/2024 09:21:52] "GET /static/img/img-76.png HTTP/1.1" 200 -
[2024-01-30 09:21:52,544] INFO in _internal: 127.0.0.1 - - [30/Jan/2024 09:21:52] "GET /static/img/img-77.png HTTP/1.1" 200 -
[2024-01-30 09:21:52,584] INFO in _internal: 127.0.0.1 - - [30/Jan/2024 09:21:52] "GET /static/img/img-78.png HTTP/1.1" 200 -
[2024-01-30 09:21:52,595] INFO in _internal: 127.0.0.1 - - [30/Jan/2024 09:21:52] "GET /static/img/img-79.png HTTP/1.1" 200 -
[2024-01-30 09:21:52,598] INFO in _internal: 127.0.0.1 - - [30/Jan/2024 09:21:52] "GET /static/img/img-80.png HTTP/1.1" 200 -
[2024-01-30 09:21:52,603] INFO in _internal: 127.0.0.1 - - [30/Jan/2024 09:21:52] "GET /static/img/img-81.png HTTP/1.1" 200 -
[2024-01-30 09:21:52,610] INFO in _internal: 127.0.0.1 - - [30/Jan/2024 09:21:52] "GET /static/img/img-82.png HTTP/1.1" 200 -
[2024-01-30 09:21:52,632] INFO in _internal: 127.0.0.1 - - [30/Jan/2024 09:21:52] "GET /static/img/img-83.png HTTP/1.1" 200 -
[2024-01-30 09:21:52,636] INFO in _internal: 127.0.0.1 - - [30/Jan/2024 09:21:52] "GET /static/img/img-84.png HTTP/1.1" 200 -
[2024-01-30 09:21:52,643] INFO in _internal: 127.0.0.1 - - [30/Jan/2024 09:21:52] "GET /static/img/img-85.png HTTP/1.1" 200 -
[2024-01-30 09:21:52,652] INFO in _internal: 127.0.0.1 - - [30/Jan/2024 09:21:52] "GET /static/img/img-86.png HTTP/1.1" 200 -
[2024-01-30 09:21:52,665] INFO in _internal: 127.0.0.1 - - [30/Jan/2024 09:21:52] "GET /static/img/img-87.png HTTP/1.1" 200 -
[2024-01-30 09:21:52,679] INFO in _internal: 127.0.0.1 - - [30/Jan/2024 09:21:52] "GET /static/img/img-88.png HTTP/1.1" 200 -
[2024-01-30 09:21:52,703] INFO in _internal: 127.0.0.1 - - [30/Jan/2024 09:21:52] "GET /static/img/img-89.png HTTP/1.1" 200 -
[2024-01-30 09:21:52,710] INFO in _internal: 127.0.0.1 - - [30/Jan/2024 09:21:52] "GET /static/img/img-90.png HTTP/1.1" 200 -
[2024-01-30 09:21:52,715] INFO in _internal: 127.0.0.1 - - [30/Jan/2024 09:21:52] "GET /static/img/img-91.png HTTP/1.1" 200 -
[2024-01-30 09:21:52,720] INFO in _internal: 127.0.0.1 - - [30/Jan/2024 09:21:52] "GET /static/img/img-92.png HTTP/1.1" 200 -
[2024-01-30 09:21:52,730] INFO in _internal: 127.0.0.1 - - [30/Jan/2024 09:21:52] "GET /static/img/img-93.png HTTP/1.1" 200 -
[2024-01-30 09:21:52,778] INFO in _internal: 127.0.0.1 - - [30/Jan/2024 09:21:52] "GET /static/img/img-94.png HTTP/1.1" 200 -
[2024-01-30 09:21:52,795] INFO in _internal: 127.0.0.1 - - [30/Jan/2024 09:21:52] "GET /static/img/img-97.png HTTP/1.1" 200 -
[2024-01-30 09:21:52,798] INFO in _internal: 127.0.0.1 - - [30/Jan/2024 09:21:52] "GET /static/img/img-96.png HTTP/1.1" 200 -
[2024-01-30 09:21:52,800] INFO in _internal: 127.0.0.1 - - [30/Jan/2024 09:21:52] "GET /static/img/img-95.png HTTP/1.1" 200 -
[2024-01-30 09:21:52,806] INFO in _internal: 127.0.0.1 - - [30/Jan/2024 09:21:52] "GET /static/img/img-98.png HTTP/1.1" 200 -
[2024-01-30 09:21:52,809] INFO in _internal: 127.0.0.1 - - [30/Jan/2024 09:21:52] "GET /static/img/img-99.png HTTP/1.1" 200 -
[2024-01-30 09:21:52,836] INFO in _internal: 127.0.0.1 - - [30/Jan/2024 09:21:52] "GET /static/img/img-100.png HTTP/1.1" 200 -
[2024-01-30 09:21:52,857] INFO in _internal: 127.0.0.1 - - [30/Jan/2024 09:21:52] "GET /static/img/img-101.png HTTP/1.1" 200 -
[2024-01-30 09:21:52,866] INFO in _internal: 127.0.0.1 - - [30/Jan/2024 09:21:52] "GET /static/img/img-102.png HTTP/1.1" 200 -
[2024-01-30 09:21:52,880] INFO in _internal: 127.0.0.1 - - [30/Jan/2024 09:21:52] "GET /static/img/img-103.png HTTP/1.1" 200 -
[2024-01-30 09:21:52,887] INFO in _internal: 127.0.0.1 - - [30/Jan/2024 09:21:52] "GET /static/img/img-104.png HTTP/1.1" 200 -
[2024-01-30 09:21:52,899] INFO in _internal: 127.0.0.1 - - [30/Jan/2024 09:21:52] "GET /static/img/img-105.png HTTP/1.1" 200 -
[2024-01-30 09:21:52,913] INFO in _internal: 127.0.0.1 - - [30/Jan/2024 09:21:52] "GET /static/img/img-106.png HTTP/1.1" 200 -
[2024-01-30 09:21:52,913] INFO in _internal: 127.0.0.1 - - [30/Jan/2024 09:21:52] "GET /static/img/img-107.png HTTP/1.1" 200 -
[2024-01-30 09:21:52,936] INFO in _internal: 127.0.0.1 - - [30/Jan/2024 09:21:52] "GET /static/img/img-108.png HTTP/1.1" 200 -
[2024-01-30 09:21:52,949] INFO in _internal: 127.0.0.1 - - [30/Jan/2024 09:21:52] "GET /static/img/img-109.png HTTP/1.1" 200 -
[2024-01-30 09:21:52,964] INFO in _internal: 127.0.0.1 - - [30/Jan/2024 09:21:52] "GET /static/img/img-110.png HTTP/1.1" 200 -
[2024-01-30 09:21:52,994] INFO in _internal: 127.0.0.1 - - [30/Jan/2024 09:21:52] "GET /static/img/img-111.png HTTP/1.1" 200 -
[2024-01-30 09:21:53,000] INFO in _internal: 127.0.0.1 - - [30/Jan/2024 09:21:53] "GET /static/img/img-112.png HTTP/1.1" 200 -
[2024-01-30 09:21:53,033] INFO in _internal: 127.0.0.1 - - [30/Jan/2024 09:21:53] "GET /static/img/img-113.png HTTP/1.1" 200 -
[2024-01-30 09:21:53,062] INFO in _internal: 127.0.0.1 - - [30/Jan/2024 09:21:53] "GET /static/img/img-114.png HTTP/1.1" 200 -
[2024-01-30 09:21:53,075] INFO in _internal: 127.0.0.1 - - [30/Jan/2024 09:21:53] "GET /static/img/img-115.png HTTP/1.1" 200 -
[2024-01-30 09:21:53,094] INFO in _internal: 127.0.0.1 - - [30/Jan/2024 09:21:53] "GET /static/img/img-116.png HTTP/1.1" 200 -
[2024-01-30 09:21:53,107] INFO in _internal: 127.0.0.1 - - [30/Jan/2024 09:21:53] "GET /static/img/img-117.png HTTP/1.1" 200 -
[2024-01-30 09:21:53,153] INFO in _internal: 127.0.0.1 - - [30/Jan/2024 09:21:53] "GET /static/img/img-118.png HTTP/1.1" 200 -
[2024-01-30 09:21:53,154] INFO in _internal: 127.0.0.1 - - [30/Jan/2024 09:21:53] "GET /static/img/img-120.png HTTP/1.1" 200 -
[2024-01-30 09:21:53,159] INFO in _internal: 127.0.0.1 - - [30/Jan/2024 09:21:53] "GET /static/img/img-119.png HTTP/1.1" 200 -
[2024-01-30 09:21:53,223] INFO in _internal: 127.0.0.1 - - [30/Jan/2024 09:21:53] "GET /static/img/img-122.png HTTP/1.1" 200 -
[2024-01-30 09:21:53,232] INFO in _internal: 127.0.0.1 - - [30/Jan/2024 09:21:53] "GET /static/img/img-121.png HTTP/1.1" 200 -
[2024-01-30 09:21:53,243] INFO in _internal: 127.0.0.1 - - [30/Jan/2024 09:21:53] "GET /static/img/img-123.png HTTP/1.1" 200 -
[2024-01-30 09:21:53,253] INFO in _internal: 127.0.0.1 - - [30/Jan/2024 09:21:53] "GET /static/img/img-124.png HTTP/1.1" 200 -
[2024-01-30 09:21:53,293] INFO in _internal: 127.0.0.1 - - [30/Jan/2024 09:21:53] "GET /static/img/img-125.png HTTP/1.1" 200 -
[2024-01-30 09:21:53,297] INFO in _internal: 127.0.0.1 - - [30/Jan/2024 09:21:53] "GET /static/img/img-126.png HTTP/1.1" 200 -
[2024-01-30 09:21:53,308] INFO in _internal: 127.0.0.1 - - [30/Jan/2024 09:21:53] "GET /static/img/img-127.png HTTP/1.1" 200 -
[2024-01-30 09:21:53,316] INFO in _internal: 127.0.0.1 - - [30/Jan/2024 09:21:53] "GET /static/img/img-128.png HTTP/1.1" 200 -
[2024-01-30 09:21:53,343] INFO in _internal: 127.0.0.1 - - [30/Jan/2024 09:21:53] "GET /static/img/img-129.png HTTP/1.1" 200 -
[2024-01-30 09:21:53,356] INFO in _internal: 127.0.0.1 - - [30/Jan/2024 09:21:53] "GET /static/img/img-130.png HTTP/1.1" 200 -
[2024-01-30 09:21:53,366] INFO in _internal: 127.0.0.1 - - [30/Jan/2024 09:21:53] "GET /static/img/img-131.png HTTP/1.1" 200 -
[2024-01-30 09:21:53,372] INFO in _internal: 127.0.0.1 - - [30/Jan/2024 09:21:53] "GET /static/img/img-132.png HTTP/1.1" 200 -
[2024-01-30 09:21:53,383] INFO in _internal: 127.0.0.1 - - [30/Jan/2024 09:21:53] "GET /static/img/img-133.png HTTP/1.1" 200 -
[2024-01-30 09:21:53,400] INFO in _internal: 127.0.0.1 - - [30/Jan/2024 09:21:53] "GET /static/img/img-134.png HTTP/1.1" 200 -
[2024-01-30 09:21:53,409] INFO in _internal: 127.0.0.1 - - [30/Jan/2024 09:21:53] "GET /static/img/img-135.png HTTP/1.1" 200 -
[2024-01-30 09:21:53,415] INFO in _internal: 127.0.0.1 - - [30/Jan/2024 09:21:53] "GET /static/img/img-136.png HTTP/1.1" 200 -
[2024-01-30 09:21:53,430] INFO in _internal: 127.0.0.1 - - [30/Jan/2024 09:21:53] "GET /static/img/img-137.png HTTP/1.1" 200 -
[2024-01-30 09:21:53,452] INFO in _internal: 127.0.0.1 - - [30/Jan/2024 09:21:53] "GET /static/img/img-138.png HTTP/1.1" 200 -
[2024-01-30 09:21:53,462] INFO in _internal: 127.0.0.1 - - [30/Jan/2024 09:21:53] "GET /static/img/img-139.png HTTP/1.1" 200 -
[2024-01-30 09:21:53,478] INFO in _internal: 127.0.0.1 - - [30/Jan/2024 09:21:53] "GET /static/img/img-140.png HTTP/1.1" 200 -
[2024-01-30 09:21:53,481] INFO in _internal: 127.0.0.1 - - [30/Jan/2024 09:21:53] "GET /static/img/img-141.png HTTP/1.1" 200 -
[2024-01-30 09:21:53,488] INFO in _internal: 127.0.0.1 - - [30/Jan/2024 09:21:53] "GET /static/img/img-142.png HTTP/1.1" 200 -
[2024-01-30 09:21:53,511] INFO in _internal: 127.0.0.1 - - [30/Jan/2024 09:21:53] "GET /static/img/img-143.png HTTP/1.1" 200 -
[2024-01-30 09:21:53,519] INFO in _internal: 127.0.0.1 - - [30/Jan/2024 09:21:53] "GET /static/img/img-144.png HTTP/1.1" 200 -
[2024-01-30 09:21:53,530] INFO in _internal: 127.0.0.1 - - [30/Jan/2024 09:21:53] "GET /static/img/img-145.png HTTP/1.1" 200 -
[2024-01-30 09:21:53,537] INFO in _internal: 127.0.0.1 - - [30/Jan/2024 09:21:53] "GET /static/img/img-146.png HTTP/1.1" 200 -
[2024-01-30 09:21:53,565] INFO in _internal: 127.0.0.1 - - [30/Jan/2024 09:21:53] "GET /static/img/img-147.png HTTP/1.1" 200 -
[2024-01-30 09:21:53,589] INFO in _internal: 127.0.0.1 - - [30/Jan/2024 09:21:53] "GET /static/img/img-148.png HTTP/1.1" 200 -
[2024-01-30 09:21:53,597] INFO in _internal: 127.0.0.1 - - [30/Jan/2024 09:21:53] "GET /static/img/img-149.png HTTP/1.1" 200 -
[2024-01-30 09:21:53,598] INFO in _internal: 127.0.0.1 - - [30/Jan/2024 09:21:53] "GET /static/img/img-150.png HTTP/1.1" 200 -
[2024-01-30 09:21:53,602] INFO in _internal: 127.0.0.1 - - [30/Jan/2024 09:21:53] "GET /static/img/img-151.png HTTP/1.1" 200 -
[2024-01-30 09:21:53,613] INFO in _internal: 127.0.0.1 - - [30/Jan/2024 09:21:53] "GET /static/img/img-152.png HTTP/1.1" 200 -
[2024-01-30 09:21:53,655] INFO in _internal: 127.0.0.1 - - [30/Jan/2024 09:21:53] "GET /static/img/img-153.png HTTP/1.1" 200 -
[2024-01-30 09:21:53,658] INFO in _internal: 127.0.0.1 - - [30/Jan/2024 09:21:53] "GET /static/img/img-154.png HTTP/1.1" 200 -
[2024-01-30 09:21:53,668] INFO in _internal: 127.0.0.1 - - [30/Jan/2024 09:21:53] "GET /static/img/img-155.png HTTP/1.1" 200 -
[2024-01-30 09:21:53,675] INFO in _internal: 127.0.0.1 - - [30/Jan/2024 09:21:53] "GET /static/img/img-156.png HTTP/1.1" 200 -
[2024-01-30 09:21:53,680] INFO in _internal: 127.0.0.1 - - [30/Jan/2024 09:21:53] "GET /static/img/img-157.png HTTP/1.1" 200 -
[2024-01-30 09:21:53,714] INFO in _internal: 127.0.0.1 - - [30/Jan/2024 09:21:53] "GET /static/img/img-158.png HTTP/1.1" 200 -
[2024-01-30 09:21:53,727] INFO in _internal: 127.0.0.1 - - [30/Jan/2024 09:21:53] "GET /static/img/img-159.png HTTP/1.1" 200 -
[2024-01-30 09:21:53,741] INFO in _internal: 127.0.0.1 - - [30/Jan/2024 09:21:53] "GET /static/img/img-160.png HTTP/1.1" 200 -
[2024-01-30 09:21:53,744] INFO in _internal: 127.0.0.1 - - [30/Jan/2024 09:21:53] "GET /static/img/img-161.png HTTP/1.1" 200 -
[2024-01-30 09:21:53,751] INFO in _internal: 127.0.0.1 - - [30/Jan/2024 09:21:53] "GET /static/img/img-162.png HTTP/1.1" 200 -
[2024-01-30 09:21:53,781] INFO in _internal: 127.0.0.1 - - [30/Jan/2024 09:21:53] "GET /static/img/img-163.png HTTP/1.1" 200 -
[2024-01-30 09:21:53,785] INFO in _internal: 127.0.0.1 - - [30/Jan/2024 09:21:53] "GET /static/img/img-164.png HTTP/1.1" 200 -
[2024-01-30 09:21:53,804] INFO in _internal: 127.0.0.1 - - [30/Jan/2024 09:21:53] "GET /static/img/img-165.png HTTP/1.1" 200 -
[2024-01-30 09:21:53,816] INFO in _internal: 127.0.0.1 - - [30/Jan/2024 09:21:53] "GET /static/img/img-166.png HTTP/1.1" 200 -
[2024-01-30 09:21:53,825] INFO in _internal: 127.0.0.1 - - [30/Jan/2024 09:21:53] "GET /static/img/img-167.png HTTP/1.1" 200 -
[2024-01-30 09:21:53,855] INFO in _internal: 127.0.0.1 - - [30/Jan/2024 09:21:53] "GET /static/img/img-168.png HTTP/1.1" 200 -
[2024-01-30 09:21:53,870] INFO in _internal: 127.0.0.1 - - [30/Jan/2024 09:21:53] "GET /static/img/img-169.png HTTP/1.1" 200 -
[2024-01-30 09:21:53,876] INFO in _internal: 127.0.0.1 - - [30/Jan/2024 09:21:53] "GET /static/img/img-170.png HTTP/1.1" 200 -
[2024-01-30 09:21:53,890] INFO in _internal: 127.0.0.1 - - [30/Jan/2024 09:21:53] "GET /static/img/img-171.png HTTP/1.1" 200 -
[2024-01-30 09:21:53,908] INFO in _internal: 127.0.0.1 - - [30/Jan/2024 09:21:53] "GET /static/img/img-173.png HTTP/1.1" 200 -
[2024-01-30 09:21:53,909] INFO in _internal: 127.0.0.1 - - [30/Jan/2024 09:21:53] "GET /static/img/img-172.png HTTP/1.1" 200 -
[2024-01-30 09:21:53,921] INFO in _internal: 127.0.0.1 - - [30/Jan/2024 09:21:53] "GET /static/img/img-174.png HTTP/1.1" 200 -
[2024-01-30 09:21:53,952] INFO in _internal: 127.0.0.1 - - [30/Jan/2024 09:21:53] "GET /static/img/img-175.png HTTP/1.1" 200 -
[2024-01-30 09:21:53,966] INFO in _internal: 127.0.0.1 - - [30/Jan/2024 09:21:53] "GET /static/img/img-176.png HTTP/1.1" 200 -
[2024-01-30 09:21:53,972] INFO in _internal: 127.0.0.1 - - [30/Jan/2024 09:21:53] "GET /static/img/img-177.png HTTP/1.1" 200 -
[2024-01-30 09:21:53,977] INFO in _internal: 127.0.0.1 - - [30/Jan/2024 09:21:53] "GET /static/img/img-178.png HTTP/1.1" 200 -
[2024-01-30 09:21:54,000] INFO in _internal: 127.0.0.1 - - [30/Jan/2024 09:21:54] "GET /static/img/img-179.png HTTP/1.1" 200 -
[2024-01-30 09:21:54,013] INFO in _internal: 127.0.0.1 - - [30/Jan/2024 09:21:54] "GET /static/img/img-180.png HTTP/1.1" 200 -
[2024-01-30 09:21:54,025] INFO in _internal: 127.0.0.1 - - [30/Jan/2024 09:21:54] "GET /static/img/img-181.png HTTP/1.1" 200 -
[2024-01-30 09:21:54,036] INFO in _internal: 127.0.0.1 - - [30/Jan/2024 09:21:54] "GET /static/img/img-182.png HTTP/1.1" 200 -
[2024-01-30 09:21:54,041] INFO in _internal: 127.0.0.1 - - [30/Jan/2024 09:21:54] "GET /static/img/img-183.png HTTP/1.1" 200 -
[2024-01-30 09:21:54,053] INFO in _internal: 127.0.0.1 - - [30/Jan/2024 09:21:54] "GET /static/img/img-184.png HTTP/1.1" 200 -
[2024-01-30 09:21:54,054] INFO in _internal: 127.0.0.1 - - [30/Jan/2024 09:21:54] "GET /static/img/img-185.png HTTP/1.1" 200 -
[2024-01-30 09:21:54,061] INFO in _internal: 127.0.0.1 - - [30/Jan/2024 09:21:54] "GET /static/img/img-186.png HTTP/1.1" 200 -
[2024-01-30 09:21:54,095] INFO in _internal: 127.0.0.1 - - [30/Jan/2024 09:21:54] "GET /static/img/img-187.png HTTP/1.1" 200 -
[2024-01-30 09:21:54,106] INFO in _internal: 127.0.0.1 - - [30/Jan/2024 09:21:54] "GET /static/img/img-188.png HTTP/1.1" 200 -
[2024-01-30 09:21:54,120] INFO in _internal: 127.0.0.1 - - [30/Jan/2024 09:21:54] "GET /static/img/img-189.png HTTP/1.1" 200 -
[2024-01-30 09:21:54,126] INFO in _internal: 127.0.0.1 - - [30/Jan/2024 09:21:54] "GET /static/img/img-190.png HTTP/1.1" 200 -
[2024-01-30 09:21:54,133] INFO in _internal: 127.0.0.1 - - [30/Jan/2024 09:21:54] "GET /static/img/img-191.png HTTP/1.1" 200 -
[2024-01-30 09:21:54,143] INFO in _internal: 127.0.0.1 - - [30/Jan/2024 09:21:54] "GET /static/img/img-192.png HTTP/1.1" 200 -
[2024-01-30 09:21:54,417] INFO in _internal: 127.0.0.1 - - [30/Jan/2024 09:21:54] "GET /news HTTP/1.1" 200 -
[2024-01-30 09:21:54,479] INFO in _internal: 127.0.0.1 - - [30/Jan/2024 09:21:54] "GET /static/css/news.css HTTP/1.1" 200 -
[2024-01-30 09:21:54,494] INFO in _internal: 127.0.0.1 - - [30/Jan/2024 09:21:54] "[36mGET /static/js/news.js HTTP/1.1[0m" 304 -
[2024-01-30 09:21:54,512] INFO in _internal: 127.0.0.1 - - [30/Jan/2024 09:21:54] "[36mGET /static/img/0.png HTTP/1.1[0m" 304 -
[2024-01-30 09:21:54,598] INFO in _internal: 127.0.0.1 - - [30/Jan/2024 09:21:54] "[36mGET /static/img/news1.png HTTP/1.1[0m" 304 -
[2024-01-30 09:21:54,599] INFO in _internal: 127.0.0.1 - - [30/Jan/2024 09:21:54] "[36mGET /static/img/news4.png HTTP/1.1[0m" 304 -
[2024-01-30 09:21:54,605] INFO in _internal: 127.0.0.1 - - [30/Jan/2024 09:21:54] "[36mGET /static/img/news3.png HTTP/1.1[0m" 304 -
[2024-01-30 09:21:54,609] INFO in _internal: 127.0.0.1 - - [30/Jan/2024 09:21:54] "[36mGET /static/img/news2.png HTTP/1.1[0m" 304 -
[2024-01-30 09:21:54,618] INFO in _internal: 127.0.0.1 - - [30/Jan/2024 09:21:54] "[36mGET /static/img/news5.png HTTP/1.1[0m" 304 -
[2024-01-30 09:21:54,623] INFO in _internal: 127.0.0.1 - - [30/Jan/2024 09:21:54] "[36mGET /static/img/news6.png HTTP/1.1[0m" 304 -
[2024-01-30 09:21:54,640] INFO in _internal: 127.0.0.1 - - [30/Jan/2024 09:21:54] "GET /static/img/news7.png HTTP/1.1" 200 -
[2024-01-30 09:21:54,655] INFO in _internal: 127.0.0.1 - - [30/Jan/2024 09:21:54] "[36mGET /static/img/donggu.png HTTP/1.1[0m" 304 -
[2024-01-30 09:21:54,695] INFO in _internal: 127.0.0.1 - - [30/Jan/2024 09:21:54] "GET /static/img/news9.png HTTP/1.1" 200 -
[2024-01-30 09:21:54,700] INFO in _internal: 127.0.0.1 - - [30/Jan/2024 09:21:54] "GET /static/img/news8.png HTTP/1.1" 200 -
[2024-01-30 17:07:58,028] INFO in _internal: 127.0.0.1 - - [30/Jan/2024 17:07:58] "GET / HTTP/1.1" 200 -
[2024-01-30 17:07:58,072] INFO in _internal: 127.0.0.1 - - [30/Jan/2024 17:07:58] "[36mGET /static/css/templatemo-style.css HTTP/1.1[0m" 304 -
[2024-01-30 17:07:58,093] INFO in _internal: 127.0.0.1 - - [30/Jan/2024 17:07:58] "[36mGET /static/img/logo.png HTTP/1.1[0m" 304 -
[2024-01-30 17:07:58,104] INFO in _internal: 127.0.0.1 - - [30/Jan/2024 17:07:58] "[36mGET /static/css/index.css HTTP/1.1[0m" 304 -
[2024-01-30 17:07:58,293] INFO in _internal: 127.0.0.1 - - [30/Jan/2024 17:07:58] "GET /sensing_data HTTP/1.1" 200 -
[2024-01-30 17:08:00,517] INFO in _internal: 127.0.0.1 - - [30/Jan/2024 17:08:00] "GET /escort HTTP/1.1" 200 -
[2024-01-30 17:08:00,546] INFO in _internal: 127.0.0.1 - - [30/Jan/2024 17:08:00] "[36mGET /static/css/escort.css HTTP/1.1[0m" 304 -
[2024-01-30 17:08:00,547] INFO in _internal: 127.0.0.1 - - [30/Jan/2024 17:08:00] "[36mGET /static/img/logo.png HTTP/1.1[0m" 304 -
[2024-01-30 17:08:00,548] INFO in _internal: 127.0.0.1 - - [30/Jan/2024 17:08:00] "[36mGET /static/js/escort.js HTTP/1.1[0m" 304 -
[2024-01-30 17:08:00,557] INFO in _internal: 127.0.0.1 - - [30/Jan/2024 17:08:00] "[36mGET /static/img/area.png HTTP/1.1[0m" 304 -
[2024-01-30 17:08:00,585] INFO in _internal: 127.0.0.1 - - [30/Jan/2024 17:08:00] "[36mGET /static/img/1.jpg HTTP/1.1[0m" 304 -
[2024-01-30 17:08:00,586] INFO in _internal: 127.0.0.1 - - [30/Jan/2024 17:08:00] "[36mGET /static/img/3.jpg HTTP/1.1[0m" 304 -
[2024-01-30 17:08:00,589] INFO in _internal: 127.0.0.1 - - [30/Jan/2024 17:08:00] "[36mGET /static/img/19.jpg HTTP/1.1[0m" 304 -
[2024-01-30 17:08:00,596] INFO in _internal: 127.0.0.1 - - [30/Jan/2024 17:08:00] "[36mGET /static/img/2.jpg HTTP/1.1[0m" 304 -
[2024-01-30 17:08:00,599] INFO in _internal: 127.0.0.1 - - [30/Jan/2024 17:08:00] "[36mGET /static/img/4.jpg HTTP/1.1[0m" 304 -
[2024-01-30 17:08:00,599] INFO in _internal: 127.0.0.1 - - [30/Jan/2024 17:08:00] "[36mGET /static/img/20.jpg HTTP/1.1[0m" 304 -
[2024-01-30 17:08:00,606] INFO in _internal: 127.0.0.1 - - [30/Jan/2024 17:08:00] "[36mGET /static/img/21.jpg HTTP/1.1[0m" 304 -
[2024-01-30 17:08:00,609] INFO in _internal: 127.0.0.1 - - [30/Jan/2024 17:08:00] "[36mGET /static/img/22.jpg HTTP/1.1[0m" 304 -
[2024-01-30 17:08:02,441] INFO in _internal: 127.0.0.1 - - [30/Jan/2024 17:08:02] "[36mGET /static/css/escort.css HTTP/1.1[0m" 304 -
[2024-01-30 17:08:09,785] INFO in _internal: 127.0.0.1 - - [30/Jan/2024 17:08:09] "GET /static/img/2.jpg HTTP/1.1" 200 -
[2024-01-30 17:13:53,994] INFO in _internal: 127.0.0.1 - - [30/Jan/2024 17:13:53] "GET /escort HTTP/1.1" 200 -
[2024-01-30 17:13:54,024] INFO in _internal: 127.0.0.1 - - [30/Jan/2024 17:13:54] "[36mGET /static/css/escort.css HTTP/1.1[0m" 304 -
[2024-01-30 17:13:54,041] INFO in _internal: 127.0.0.1 - - [30/Jan/2024 17:13:54] "[36mGET /static/img/logo.png HTTP/1.1[0m" 304 -
[2024-01-30 17:13:54,044] INFO in _internal: 127.0.0.1 - - [30/Jan/2024 17:13:54] "GET /static/js/escort.js HTTP/1.1" 200 -
[2024-01-30 17:13:54,044] INFO in _internal: 127.0.0.1 - - [30/Jan/2024 17:13:54] "[36mGET /static/img/area.png HTTP/1.1[0m" 304 -
[2024-01-30 17:13:54,078] INFO in _internal: 127.0.0.1 - - [30/Jan/2024 17:13:54] "[36mGET /static/img/1.jpg HTTP/1.1[0m" 304 -
[2024-01-30 17:13:54,084] INFO in _internal: 127.0.0.1 - - [30/Jan/2024 17:13:54] "[36mGET /static/img/2.jpg HTTP/1.1[0m" 304 -
[2024-01-30 17:13:54,085] INFO in _internal: 127.0.0.1 - - [30/Jan/2024 17:13:54] "[36mGET /static/img/3.jpg HTTP/1.1[0m" 304 -
[2024-01-30 17:13:54,095] INFO in _internal: 127.0.0.1 - - [30/Jan/2024 17:13:54] "[36mGET /static/img/4.jpg HTTP/1.1[0m" 304 -
[2024-01-30 17:13:54,115] INFO in _internal: 127.0.0.1 - - [30/Jan/2024 17:13:54] "[36mGET /static/img/19.jpg HTTP/1.1[0m" 304 -
[2024-01-30 17:13:54,119] INFO in _internal: 127.0.0.1 - - [30/Jan/2024 17:13:54] "[36mGET /static/img/20.jpg HTTP/1.1[0m" 304 -
[2024-01-30 17:13:54,122] INFO in _internal: 127.0.0.1 - - [30/Jan/2024 17:13:54] "[36mGET /static/img/22.jpg HTTP/1.1[0m" 304 -
[2024-01-30 17:13:54,127] INFO in _internal: 127.0.0.1 - - [30/Jan/2024 17:13:54] "[36mGET /static/img/21.jpg HTTP/1.1[0m" 304 -
[2024-01-30 17:14:04,285] INFO in _internal: 127.0.0.1 - - [30/Jan/2024 17:14:04] "GET /escort HTTP/1.1" 200 -
[2024-01-30 17:14:04,300] INFO in _internal: 127.0.0.1 - - [30/Jan/2024 17:14:04] "[36mGET /static/css/escort.css HTTP/1.1[0m" 304 -
[2024-01-30 17:14:04,305] INFO in _internal: 127.0.0.1 - - [30/Jan/2024 17:14:04] "[36mGET /static/js/escort.js HTTP/1.1[0m" 304 -
[2024-01-30 17:14:04,309] INFO in _internal: 127.0.0.1 - - [30/Jan/2024 17:14:04] "[36mGET /static/img/logo.png HTTP/1.1[0m" 304 -
[2024-01-30 17:14:04,310] INFO in _internal: 127.0.0.1 - - [30/Jan/2024 17:14:04] "[36mGET /static/img/area.png HTTP/1.1[0m" 304 -
[2024-01-30 17:14:04,336] INFO in _internal: 127.0.0.1 - - [30/Jan/2024 17:14:04] "[36mGET /static/img/1.jpg HTTP/1.1[0m" 304 -
[2024-01-30 17:14:04,340] INFO in _internal: 127.0.0.1 - - [30/Jan/2024 17:14:04] "[36mGET /static/img/2.jpg HTTP/1.1[0m" 304 -
[2024-01-30 17:14:04,361] INFO in _internal: 127.0.0.1 - - [30/Jan/2024 17:14:04] "[36mGET /static/img/3.jpg HTTP/1.1[0m" 304 -
[2024-01-30 17:14:04,363] INFO in _internal: 127.0.0.1 - - [30/Jan/2024 17:14:04] "[36mGET /static/img/19.jpg HTTP/1.1[0m" 304 -
[2024-01-30 17:14:04,365] INFO in _internal: 127.0.0.1 - - [30/Jan/2024 17:14:04] "[36mGET /static/img/4.jpg HTTP/1.1[0m" 304 -
[2024-01-30 17:14:04,366] INFO in _internal: 127.0.0.1 - - [30/Jan/2024 17:14:04] "[36mGET /static/img/20.jpg HTTP/1.1[0m" 304 -
[2024-01-30 17:14:04,368] INFO in _internal: 127.0.0.1 - - [30/Jan/2024 17:14:04] "[36mGET /static/img/21.jpg HTTP/1.1[0m" 304 -
[2024-01-30 17:14:04,370] INFO in _internal: 127.0.0.1 - - [30/Jan/2024 17:14:04] "[36mGET /static/img/22.jpg HTTP/1.1[0m" 304 -
[2024-01-30 17:15:05,359] INFO in _internal: 127.0.0.1 - - [30/Jan/2024 17:15:05] "GET /escort HTTP/1.1" 200 -
[2024-01-30 17:15:05,389] INFO in _internal: 127.0.0.1 - - [30/Jan/2024 17:15:05] "[36mGET /static/css/escort.css HTTP/1.1[0m" 304 -
[2024-01-30 17:15:05,393] INFO in _internal: 127.0.0.1 - - [30/Jan/2024 17:15:05] "[36mGET /static/img/logo.png HTTP/1.1[0m" 304 -
[2024-01-30 17:15:05,396] INFO in _internal: 127.0.0.1 - - [30/Jan/2024 17:15:05] "[36mGET /static/img/area.png HTTP/1.1[0m" 304 -
[2024-01-30 17:15:05,398] INFO in _internal: 127.0.0.1 - - [30/Jan/2024 17:15:05] "GET /static/js/escort.js HTTP/1.1" 200 -
[2024-01-30 17:15:05,424] INFO in _internal: 127.0.0.1 - - [30/Jan/2024 17:15:05] "[36mGET /static/img/2.jpg HTTP/1.1[0m" 304 -
[2024-01-30 17:15:05,424] INFO in _internal: 127.0.0.1 - - [30/Jan/2024 17:15:05] "[36mGET /static/img/1.jpg HTTP/1.1[0m" 304 -
[2024-01-30 17:15:05,457] INFO in _internal: 127.0.0.1 - - [30/Jan/2024 17:15:05] "[36mGET /static/img/3.jpg HTTP/1.1[0m" 304 -
[2024-01-30 17:15:05,461] INFO in _internal: 127.0.0.1 - - [30/Jan/2024 17:15:05] "[36mGET /static/img/4.jpg HTTP/1.1[0m" 304 -
[2024-01-30 17:15:05,467] INFO in _internal: 127.0.0.1 - - [30/Jan/2024 17:15:05] "[36mGET /static/img/19.jpg HTTP/1.1[0m" 304 -
[2024-01-30 17:15:05,478] INFO in _internal: 127.0.0.1 - - [30/Jan/2024 17:15:05] "[36mGET /static/img/21.jpg HTTP/1.1[0m" 304 -
[2024-01-30 17:15:05,483] INFO in _internal: 127.0.0.1 - - [30/Jan/2024 17:15:05] "[36mGET /static/img/20.jpg HTTP/1.1[0m" 304 -
[2024-01-30 17:15:05,485] INFO in _internal: 127.0.0.1 - - [30/Jan/2024 17:15:05] "[36mGET /static/img/22.jpg HTTP/1.1[0m" 304 -
[2024-01-30 17:20:36,818] INFO in _internal: 127.0.0.1 - - [30/Jan/2024 17:20:36] "GET /escort HTTP/1.1" 200 -
[2024-01-30 17:20:36,850] INFO in _internal: 127.0.0.1 - - [30/Jan/2024 17:20:36] "[36mGET /static/css/escort.css HTTP/1.1[0m" 304 -
[2024-01-30 17:20:36,855] INFO in _internal: 127.0.0.1 - - [30/Jan/2024 17:20:36] "[36mGET /static/img/logo.png HTTP/1.1[0m" 304 -
[2024-01-30 17:20:36,865] INFO in _internal: 127.0.0.1 - - [30/Jan/2024 17:20:36] "[36mGET /static/img/area.png HTTP/1.1[0m" 304 -
[2024-01-30 17:20:36,867] INFO in _internal: 127.0.0.1 - - [30/Jan/2024 17:20:36] "GET /static/js/escort.js HTTP/1.1" 200 -
[2024-01-30 17:20:36,907] INFO in _internal: 127.0.0.1 - - [30/Jan/2024 17:20:36] "[36mGET /static/img/1.jpg HTTP/1.1[0m" 304 -
[2024-01-30 17:20:36,936] INFO in _internal: 127.0.0.1 - - [30/Jan/2024 17:20:36] "[36mGET /static/img/2.jpg HTTP/1.1[0m" 304 -
[2024-01-30 17:20:36,965] INFO in _internal: 127.0.0.1 - - [30/Jan/2024 17:20:36] "[36mGET /static/img/3.jpg HTTP/1.1[0m" 304 -
[2024-01-30 17:20:36,983] INFO in _internal: 127.0.0.1 - - [30/Jan/2024 17:20:36] "[36mGET /static/img/4.jpg HTTP/1.1[0m" 304 -
[2024-01-30 17:20:36,985] INFO in _internal: 127.0.0.1 - - [30/Jan/2024 17:20:36] "[36mGET /static/img/19.jpg HTTP/1.1[0m" 304 -
[2024-01-30 17:20:37,015] INFO in _internal: 127.0.0.1 - - [30/Jan/2024 17:20:37] "[36mGET /static/img/20.jpg HTTP/1.1[0m" 304 -
[2024-01-30 17:20:37,023] INFO in _internal: 127.0.0.1 - - [30/Jan/2024 17:20:37] "[36mGET /static/img/22.jpg HTTP/1.1[0m" 304 -
[2024-01-30 17:20:37,025] INFO in _internal: 127.0.0.1 - - [30/Jan/2024 17:20:37] "[36mGET /static/img/21.jpg HTTP/1.1[0m" 304 -
[2024-01-30 17:21:50,565] INFO in _internal: 127.0.0.1 - - [30/Jan/2024 17:21:50] "GET /escort HTTP/1.1" 200 -
[2024-01-30 17:21:50,594] INFO in _internal: 127.0.0.1 - - [30/Jan/2024 17:21:50] "[36mGET /static/css/escort.css HTTP/1.1[0m" 304 -
[2024-01-30 17:21:50,595] INFO in _internal: 127.0.0.1 - - [30/Jan/2024 17:21:50] "[36mGET /static/img/logo.png HTTP/1.1[0m" 304 -
[2024-01-30 17:21:50,595] INFO in _internal: 127.0.0.1 - - [30/Jan/2024 17:21:50] "[36mGET /static/img/area.png HTTP/1.1[0m" 304 -
[2024-01-30 17:21:50,607] INFO in _internal: 127.0.0.1 - - [30/Jan/2024 17:21:50] "GET /static/js/escort.js HTTP/1.1" 200 -
[2024-01-30 17:21:50,646] INFO in _internal: 127.0.0.1 - - [30/Jan/2024 17:21:50] "[36mGET /static/img/1.jpg HTTP/1.1[0m" 304 -
[2024-01-30 17:21:50,655] INFO in _internal: 127.0.0.1 - - [30/Jan/2024 17:21:50] "[36mGET /static/img/2.jpg HTTP/1.1[0m" 304 -
[2024-01-30 17:21:50,668] INFO in _internal: 127.0.0.1 - - [30/Jan/2024 17:21:50] "[36mGET /static/img/3.jpg HTTP/1.1[0m" 304 -
[2024-01-30 17:21:50,670] INFO in _internal: 127.0.0.1 - - [30/Jan/2024 17:21:50] "[36mGET /static/img/4.jpg HTTP/1.1[0m" 304 -
[2024-01-30 17:21:50,673] INFO in _internal: 127.0.0.1 - - [30/Jan/2024 17:21:50] "[36mGET /static/img/19.jpg HTTP/1.1[0m" 304 -
[2024-01-30 17:21:50,680] INFO in _internal: 127.0.0.1 - - [30/Jan/2024 17:21:50] "[36mGET /static/img/20.jpg HTTP/1.1[0m" 304 -
[2024-01-30 17:21:50,686] INFO in _internal: 127.0.0.1 - - [30/Jan/2024 17:21:50] "[36mGET /static/img/21.jpg HTTP/1.1[0m" 304 -
[2024-01-30 17:21:50,689] INFO in _internal: 127.0.0.1 - - [30/Jan/2024 17:21:50] "[36mGET /static/img/22.jpg HTTP/1.1[0m" 304 -
[2024-01-30 17:43:36,495] INFO in _internal: 127.0.0.1 - - [30/Jan/2024 17:43:36] "GET /escort HTTP/1.1" 200 -
[2024-01-30 17:43:36,527] INFO in _internal: 127.0.0.1 - - [30/Jan/2024 17:43:36] "[36mGET /static/img/logo.png HTTP/1.1[0m" 304 -
[2024-01-30 17:43:36,528] INFO in _internal: 127.0.0.1 - - [30/Jan/2024 17:43:36] "[36mGET /static/js/escort.js HTTP/1.1[0m" 304 -
[2024-01-30 17:43:36,540] INFO in _internal: 127.0.0.1 - - [30/Jan/2024 17:43:36] "[36mGET /static/img/area.png HTTP/1.1[0m" 304 -
[2024-01-30 17:43:36,585] INFO in _internal: 127.0.0.1 - - [30/Jan/2024 17:43:36] "[36mGET /static/css/escort.css HTTP/1.1[0m" 304 -
[2024-01-30 17:43:36,622] INFO in _internal: 127.0.0.1 - - [30/Jan/2024 17:43:36] "[36mGET /static/img/1.jpg HTTP/1.1[0m" 304 -
[2024-01-30 17:43:36,623] INFO in _internal: 127.0.0.1 - - [30/Jan/2024 17:43:36] "[36mGET /static/img/2.jpg HTTP/1.1[0m" 304 -
[2024-01-30 17:43:36,631] INFO in _internal: 127.0.0.1 - - [30/Jan/2024 17:43:36] "[36mGET /static/img/3.jpg HTTP/1.1[0m" 304 -
[2024-01-30 17:43:36,651] INFO in _internal: 127.0.0.1 - - [30/Jan/2024 17:43:36] "[36mGET /static/img/4.jpg HTTP/1.1[0m" 304 -
[2024-01-30 17:43:36,658] INFO in _internal: 127.0.0.1 - - [30/Jan/2024 17:43:36] "[36mGET /static/img/19.jpg HTTP/1.1[0m" 304 -
[2024-01-30 17:43:36,662] INFO in _internal: 127.0.0.1 - - [30/Jan/2024 17:43:36] "[36mGET /static/img/20.jpg HTTP/1.1[0m" 304 -
[2024-01-30 17:43:36,676] INFO in _internal: 127.0.0.1 - - [30/Jan/2024 17:43:36] "[36mGET /static/img/21.jpg HTTP/1.1[0m" 304 -
[2024-01-30 17:43:36,680] INFO in _internal: 127.0.0.1 - - [30/Jan/2024 17:43:36] "[36mGET /static/img/22.jpg HTTP/1.1[0m" 304 -
[2024-01-31 10:00:24,824] INFO in _internal: 127.0.0.1 - - [31/Jan/2024 10:00:24] "GET / HTTP/1.1" 200 -
[2024-01-31 10:00:24,843] INFO in _internal: 127.0.0.1 - - [31/Jan/2024 10:00:24] "[36mGET /static/css/templatemo-style.css HTTP/1.1[0m" 304 -
[2024-01-31 10:00:24,867] INFO in _internal: 127.0.0.1 - - [31/Jan/2024 10:00:24] "[36mGET /static/css/index.css HTTP/1.1[0m" 304 -
[2024-01-31 10:00:24,881] INFO in _internal: 127.0.0.1 - - [31/Jan/2024 10:00:24] "[36mGET /static/img/logo.png HTTP/1.1[0m" 304 -
[2024-01-31 10:00:25,083] INFO in _internal: 127.0.0.1 - - [31/Jan/2024 10:00:25] "GET /sensing_data HTTP/1.1" 200 -
[2024-01-31 10:00:27,353] INFO in _internal: 127.0.0.1 - - [31/Jan/2024 10:00:27] "GET /test HTTP/1.1" 200 -
[2024-01-31 10:00:27,369] INFO in _internal: 127.0.0.1 - - [31/Jan/2024 10:00:27] "GET /static/js/test.js HTTP/1.1" 200 -
[2024-02-01 14:41:53,505] INFO in _internal: [31m[1mWARNING: This is a development server. Do not use it in a production deployment. Use a production WSGI server instead.[0m
 * Running on http://127.0.0.1:5000
[2024-02-01 14:41:53,506] INFO in _internal: [33mPress CTRL+C to quit[0m
[2024-02-01 14:41:53,533] INFO in _internal:  * Restarting with watchdog (windowsapi)
[2024-02-01 14:41:54,343] WARNING in _internal:  * Debugger is active!
[2024-02-01 14:41:54,361] INFO in _internal:  * Debugger PIN: 123-293-346
[2024-02-01 14:42:07,152] INFO in _internal: 127.0.0.1 - - [01/Feb/2024 14:42:07] "GET / HTTP/1.1" 200 -
[2024-02-01 14:42:07,517] INFO in _internal: 127.0.0.1 - - [01/Feb/2024 14:42:07] "[36mGET /static/css/templatemo-style.css HTTP/1.1[0m" 304 -
[2024-02-01 14:42:07,604] INFO in _internal: 127.0.0.1 - - [01/Feb/2024 14:42:07] "[36mGET /static/css/index.css HTTP/1.1[0m" 304 -
[2024-02-01 14:42:07,609] INFO in _internal: 127.0.0.1 - - [01/Feb/2024 14:42:07] "[36mGET /static/img/logo.png HTTP/1.1[0m" 304 -
[2024-02-01 14:42:07,780] INFO in _internal: 127.0.0.1 - - [01/Feb/2024 14:42:07] "GET /sensing_data HTTP/1.1" 200 -
[2024-02-01 14:42:09,045] INFO in _internal: 127.0.0.1 - - [01/Feb/2024 14:42:09] "[33mGET /favicon.ico HTTP/1.1[0m" 404 -
[2024-02-01 14:42:12,757] INFO in _internal: 127.0.0.1 - - [01/Feb/2024 14:42:12] "GET /test HTTP/1.1" 200 -
[2024-02-01 14:42:12,784] INFO in _internal: 127.0.0.1 - - [01/Feb/2024 14:42:12] "[36mGET /static/img/1.jpg HTTP/1.1[0m" 304 -
[2024-02-01 14:42:12,795] INFO in _internal: 127.0.0.1 - - [01/Feb/2024 14:42:12] "[36mGET /static/img/2.jpg HTTP/1.1[0m" 304 -
[2024-02-01 14:42:12,796] INFO in _internal: 127.0.0.1 - - [01/Feb/2024 14:42:12] "[36mGET /static/img/3.jpg HTTP/1.1[0m" 304 -
[2024-02-01 14:42:12,797] INFO in _internal: 127.0.0.1 - - [01/Feb/2024 14:42:12] "GET /static/js/test.js HTTP/1.1" 200 -
[2024-02-01 14:42:12,816] INFO in _internal: 127.0.0.1 - - [01/Feb/2024 14:42:12] "[36mGET /static/img/19.jpg HTTP/1.1[0m" 304 -
[2024-02-01 14:42:12,823] INFO in _internal: 127.0.0.1 - - [01/Feb/2024 14:42:12] "[36mGET /static/img/4.jpg HTTP/1.1[0m" 304 -
[2024-02-01 14:42:12,824] INFO in _internal: 127.0.0.1 - - [01/Feb/2024 14:42:12] "[36mGET /static/img/20.jpg HTTP/1.1[0m" 304 -
[2024-02-01 14:42:12,839] INFO in _internal: 127.0.0.1 - - [01/Feb/2024 14:42:12] "[36mGET /static/img/21.jpg HTTP/1.1[0m" 304 -
[2024-02-01 14:42:12,841] INFO in _internal: 127.0.0.1 - - [01/Feb/2024 14:42:12] "[36mGET /static/img/22.jpg HTTP/1.1[0m" 304 -
[2024-02-01 14:46:31,630] INFO in _internal: 127.0.0.1 - - [01/Feb/2024 14:46:31] "GET /test HTTP/1.1" 200 -
[2024-02-01 14:46:31,653] INFO in _internal: 127.0.0.1 - - [01/Feb/2024 14:46:31] "[36mGET /static/img/1.jpg HTTP/1.1[0m" 304 -
[2024-02-01 14:46:31,685] INFO in _internal: 127.0.0.1 - - [01/Feb/2024 14:46:31] "[36mGET /static/img/2.jpg HTTP/1.1[0m" 304 -
[2024-02-01 14:46:31,688] INFO in _internal: 127.0.0.1 - - [01/Feb/2024 14:46:31] "[36mGET /static/img/3.jpg HTTP/1.1[0m" 304 -
[2024-02-01 14:46:31,694] INFO in _internal: 127.0.0.1 - - [01/Feb/2024 14:46:31] "[36mGET /static/img/4.jpg HTTP/1.1[0m" 304 -
[2024-02-01 14:46:31,694] INFO in _internal: 127.0.0.1 - - [01/Feb/2024 14:46:31] "[36mGET /static/img/19.jpg HTTP/1.1[0m" 304 -
[2024-02-01 14:46:31,698] INFO in _internal: 127.0.0.1 - - [01/Feb/2024 14:46:31] "GET /static/js/test.js HTTP/1.1" 200 -
[2024-02-01 14:46:31,705] INFO in _internal: 127.0.0.1 - - [01/Feb/2024 14:46:31] "[36mGET /static/img/20.jpg HTTP/1.1[0m" 304 -
[2024-02-01 14:46:31,709] INFO in _internal: 127.0.0.1 - - [01/Feb/2024 14:46:31] "[36mGET /static/img/21.jpg HTTP/1.1[0m" 304 -
[2024-02-01 14:46:31,712] INFO in _internal: 127.0.0.1 - - [01/Feb/2024 14:46:31] "[36mGET /static/img/22.jpg HTTP/1.1[0m" 304 -
[2024-02-01 14:47:57,626] INFO in _internal: 127.0.0.1 - - [01/Feb/2024 14:47:57] "GET /test HTTP/1.1" 200 -
[2024-02-01 14:47:57,752] INFO in _internal: 127.0.0.1 - - [01/Feb/2024 14:47:57] "[36mGET /static/img/1.jpg HTTP/1.1[0m" 304 -
[2024-02-01 14:47:57,757] INFO in _internal: 127.0.0.1 - - [01/Feb/2024 14:47:57] "[36mGET /static/img/2.jpg HTTP/1.1[0m" 304 -
[2024-02-01 14:47:57,758] INFO in _internal: 127.0.0.1 - - [01/Feb/2024 14:47:57] "[36mGET /static/img/3.jpg HTTP/1.1[0m" 304 -
[2024-02-01 14:47:57,759] INFO in _internal: 127.0.0.1 - - [01/Feb/2024 14:47:57] "[36mGET /static/img/4.jpg HTTP/1.1[0m" 304 -
[2024-02-01 14:47:57,761] INFO in _internal: 127.0.0.1 - - [01/Feb/2024 14:47:57] "[36mGET /static/img/19.jpg HTTP/1.1[0m" 304 -
[2024-02-01 14:47:57,762] INFO in _internal: 127.0.0.1 - - [01/Feb/2024 14:47:57] "[36mGET /static/js/test.js HTTP/1.1[0m" 304 -
[2024-02-01 14:47:57,775] INFO in _internal: 127.0.0.1 - - [01/Feb/2024 14:47:57] "[36mGET /static/img/20.jpg HTTP/1.1[0m" 304 -
[2024-02-01 14:47:57,789] INFO in _internal: 127.0.0.1 - - [01/Feb/2024 14:47:57] "[36mGET /static/img/21.jpg HTTP/1.1[0m" 304 -
[2024-02-01 14:47:57,791] INFO in _internal: 127.0.0.1 - - [01/Feb/2024 14:47:57] "[36mGET /static/img/22.jpg HTTP/1.1[0m" 304 -
[2024-02-01 14:48:00,483] INFO in _internal: 127.0.0.1 - - [01/Feb/2024 14:48:00] "GET / HTTP/1.1" 200 -
[2024-02-01 14:48:00,508] INFO in _internal: 127.0.0.1 - - [01/Feb/2024 14:48:00] "[36mGET /static/css/templatemo-style.css HTTP/1.1[0m" 304 -
[2024-02-01 14:48:00,509] INFO in _internal: 127.0.0.1 - - [01/Feb/2024 14:48:00] "[36mGET /static/img/logo.png HTTP/1.1[0m" 304 -
[2024-02-01 14:48:00,511] INFO in _internal: 127.0.0.1 - - [01/Feb/2024 14:48:00] "[36mGET /static/css/index.css HTTP/1.1[0m" 304 -
[2024-02-01 14:48:00,770] INFO in _internal: 127.0.0.1 - - [01/Feb/2024 14:48:00] "GET /sensing_data HTTP/1.1" 200 -
[2024-02-01 14:48:01,862] INFO in _internal: 127.0.0.1 - - [01/Feb/2024 14:48:01] "GET /escort HTTP/1.1" 200 -
[2024-02-01 14:48:01,885] INFO in _internal: 127.0.0.1 - - [01/Feb/2024 14:48:01] "GET /static/js/escort.js HTTP/1.1" 200 -
[2024-02-01 14:48:01,886] INFO in _internal: 127.0.0.1 - - [01/Feb/2024 14:48:01] "[36mGET /static/img/logo.png HTTP/1.1[0m" 304 -
[2024-02-01 14:48:01,888] INFO in _internal: 127.0.0.1 - - [01/Feb/2024 14:48:01] "[36mGET /static/img/area.png HTTP/1.1[0m" 304 -
[2024-02-01 14:48:01,892] INFO in _internal: 127.0.0.1 - - [01/Feb/2024 14:48:01] "[36mGET /static/css/escort.css HTTP/1.1[0m" 304 -
[2024-02-01 14:48:01,911] INFO in _internal: 127.0.0.1 - - [01/Feb/2024 14:48:01] "[36mGET /static/img/1.jpg HTTP/1.1[0m" 304 -
[2024-02-01 14:48:01,913] INFO in _internal: 127.0.0.1 - - [01/Feb/2024 14:48:01] "[36mGET /static/img/2.jpg HTTP/1.1[0m" 304 -
[2024-02-01 14:48:01,914] INFO in _internal: 127.0.0.1 - - [01/Feb/2024 14:48:01] "[36mGET /static/img/3.jpg HTTP/1.1[0m" 304 -
[2024-02-01 14:48:01,915] INFO in _internal: 127.0.0.1 - - [01/Feb/2024 14:48:01] "[36mGET /static/img/19.jpg HTTP/1.1[0m" 304 -
[2024-02-01 14:48:01,917] INFO in _internal: 127.0.0.1 - - [01/Feb/2024 14:48:01] "[36mGET /static/img/4.jpg HTTP/1.1[0m" 304 -
[2024-02-01 14:48:01,919] INFO in _internal: 127.0.0.1 - - [01/Feb/2024 14:48:01] "[36mGET /static/img/20.jpg HTTP/1.1[0m" 304 -
[2024-02-01 14:48:01,930] INFO in _internal: 127.0.0.1 - - [01/Feb/2024 14:48:01] "[36mGET /static/img/21.jpg HTTP/1.1[0m" 304 -
[2024-02-01 14:48:01,931] INFO in _internal: 127.0.0.1 - - [01/Feb/2024 14:48:01] "[36mGET /static/img/22.jpg HTTP/1.1[0m" 304 -
[2024-02-01 14:48:05,789] INFO in _internal: 127.0.0.1 - - [01/Feb/2024 14:48:05] "GET /escort HTTP/1.1" 200 -
[2024-02-01 14:48:05,817] INFO in _internal: 127.0.0.1 - - [01/Feb/2024 14:48:05] "[36mGET /static/css/escort.css HTTP/1.1[0m" 304 -
[2024-02-01 14:48:05,817] INFO in _internal: 127.0.0.1 - - [01/Feb/2024 14:48:05] "[36mGET /static/img/logo.png HTTP/1.1[0m" 304 -
[2024-02-01 14:48:05,820] INFO in _internal: 127.0.0.1 - - [01/Feb/2024 14:48:05] "[36mGET /static/img/area.png HTTP/1.1[0m" 304 -
[2024-02-01 14:48:05,823] INFO in _internal: 127.0.0.1 - - [01/Feb/2024 14:48:05] "[36mGET /static/js/escort.js HTTP/1.1[0m" 304 -
[2024-02-01 14:48:05,861] INFO in _internal: 127.0.0.1 - - [01/Feb/2024 14:48:05] "[36mGET /static/img/1.jpg HTTP/1.1[0m" 304 -
[2024-02-01 14:48:05,862] INFO in _internal: 127.0.0.1 - - [01/Feb/2024 14:48:05] "[36mGET /static/img/4.jpg HTTP/1.1[0m" 304 -
[2024-02-01 14:48:05,863] INFO in _internal: 127.0.0.1 - - [01/Feb/2024 14:48:05] "[36mGET /static/img/2.jpg HTTP/1.1[0m" 304 -
[2024-02-01 14:48:05,864] INFO in _internal: 127.0.0.1 - - [01/Feb/2024 14:48:05] "[36mGET /static/img/3.jpg HTTP/1.1[0m" 304 -
[2024-02-01 14:48:05,865] INFO in _internal: 127.0.0.1 - - [01/Feb/2024 14:48:05] "[36mGET /static/img/19.jpg HTTP/1.1[0m" 304 -
[2024-02-01 14:48:05,868] INFO in _internal: 127.0.0.1 - - [01/Feb/2024 14:48:05] "[36mGET /static/img/20.jpg HTTP/1.1[0m" 304 -
[2024-02-01 14:48:05,879] INFO in _internal: 127.0.0.1 - - [01/Feb/2024 14:48:05] "[36mGET /static/img/21.jpg HTTP/1.1[0m" 304 -
[2024-02-01 14:48:05,882] INFO in _internal: 127.0.0.1 - - [01/Feb/2024 14:48:05] "[36mGET /static/img/22.jpg HTTP/1.1[0m" 304 -
[2024-02-01 14:50:25,522] INFO in _internal: 127.0.0.1 - - [01/Feb/2024 14:50:25] "GET /escort HTTP/1.1" 200 -
[2024-02-01 14:50:25,545] INFO in _internal: 127.0.0.1 - - [01/Feb/2024 14:50:25] "[36mGET /static/css/escort.css HTTP/1.1[0m" 304 -
[2024-02-01 14:50:25,553] INFO in _internal: 127.0.0.1 - - [01/Feb/2024 14:50:25] "[36mGET /static/img/logo.png HTTP/1.1[0m" 304 -
[2024-02-01 14:50:25,553] INFO in _internal: 127.0.0.1 - - [01/Feb/2024 14:50:25] "GET /static/js/escort.js HTTP/1.1" 200 -
[2024-02-01 14:50:25,554] INFO in _internal: 127.0.0.1 - - [01/Feb/2024 14:50:25] "[36mGET /static/img/area.png HTTP/1.1[0m" 304 -
[2024-02-01 14:50:25,580] INFO in _internal: 127.0.0.1 - - [01/Feb/2024 14:50:25] "[36mGET /static/img/1.jpg HTTP/1.1[0m" 304 -
[2024-02-01 14:50:25,581] INFO in _internal: 127.0.0.1 - - [01/Feb/2024 14:50:25] "[36mGET /static/img/2.jpg HTTP/1.1[0m" 304 -
[2024-02-01 14:50:25,596] INFO in _internal: 127.0.0.1 - - [01/Feb/2024 14:50:25] "[36mGET /static/img/3.jpg HTTP/1.1[0m" 304 -
[2024-02-01 14:50:25,597] INFO in _internal: 127.0.0.1 - - [01/Feb/2024 14:50:25] "[36mGET /static/img/4.jpg HTTP/1.1[0m" 304 -
[2024-02-01 14:50:25,602] INFO in _internal: 127.0.0.1 - - [01/Feb/2024 14:50:25] "[36mGET /static/img/19.jpg HTTP/1.1[0m" 304 -
[2024-02-01 14:50:25,613] INFO in _internal: 127.0.0.1 - - [01/Feb/2024 14:50:25] "[36mGET /static/img/20.jpg HTTP/1.1[0m" 304 -
[2024-02-01 14:50:25,619] INFO in _internal: 127.0.0.1 - - [01/Feb/2024 14:50:25] "[36mGET /static/img/21.jpg HTTP/1.1[0m" 304 -
[2024-02-01 14:50:25,623] INFO in _internal: 127.0.0.1 - - [01/Feb/2024 14:50:25] "[36mGET /static/img/22.jpg HTTP/1.1[0m" 304 -
[2024-02-01 14:55:13,028] INFO in _internal: 127.0.0.1 - - [01/Feb/2024 14:55:13] "GET /escort HTTP/1.1" 200 -
[2024-02-01 14:55:13,050] INFO in _internal: 127.0.0.1 - - [01/Feb/2024 14:55:13] "[36mGET /static/css/escort.css HTTP/1.1[0m" 304 -
[2024-02-01 14:55:13,054] INFO in _internal: 127.0.0.1 - - [01/Feb/2024 14:55:13] "[36mGET /static/img/logo.png HTTP/1.1[0m" 304 -
[2024-02-01 14:55:13,057] INFO in _internal: 127.0.0.1 - - [01/Feb/2024 14:55:13] "[36mGET /static/img/area.png HTTP/1.1[0m" 304 -
[2024-02-01 14:55:13,059] INFO in _internal: 127.0.0.1 - - [01/Feb/2024 14:55:13] "GET /static/js/escort.js HTTP/1.1" 200 -
[2024-02-01 14:55:13,087] INFO in _internal: 127.0.0.1 - - [01/Feb/2024 14:55:13] "[36mGET /static/img/3.jpg HTTP/1.1[0m" 304 -
[2024-02-01 14:55:13,088] INFO in _internal: 127.0.0.1 - - [01/Feb/2024 14:55:13] "[36mGET /static/img/2.jpg HTTP/1.1[0m" 304 -
[2024-02-01 14:55:13,090] INFO in _internal: 127.0.0.1 - - [01/Feb/2024 14:55:13] "[36mGET /static/img/1.jpg HTTP/1.1[0m" 304 -
[2024-02-01 14:55:13,093] INFO in _internal: 127.0.0.1 - - [01/Feb/2024 14:55:13] "[36mGET /static/img/19.jpg HTTP/1.1[0m" 304 -
[2024-02-01 14:55:13,096] INFO in _internal: 127.0.0.1 - - [01/Feb/2024 14:55:13] "[36mGET /static/img/4.jpg HTTP/1.1[0m" 304 -
[2024-02-01 14:55:13,111] INFO in _internal: 127.0.0.1 - - [01/Feb/2024 14:55:13] "[36mGET /static/img/20.jpg HTTP/1.1[0m" 304 -
[2024-02-01 14:55:13,117] INFO in _internal: 127.0.0.1 - - [01/Feb/2024 14:55:13] "[36mGET /static/img/21.jpg HTTP/1.1[0m" 304 -
[2024-02-01 14:55:13,119] INFO in _internal: 127.0.0.1 - - [01/Feb/2024 14:55:13] "[36mGET /static/img/22.jpg HTTP/1.1[0m" 304 -
[2024-02-01 14:55:16,632] INFO in _internal: 127.0.0.1 - - [01/Feb/2024 14:55:16] "GET /test HTTP/1.1" 200 -
[2024-02-01 14:55:16,651] INFO in _internal: 127.0.0.1 - - [01/Feb/2024 14:55:16] "[36mGET /static/img/1.jpg HTTP/1.1[0m" 304 -
[2024-02-01 14:55:16,652] INFO in _internal: 127.0.0.1 - - [01/Feb/2024 14:55:16] "[36mGET /static/img/2.jpg HTTP/1.1[0m" 304 -
[2024-02-01 14:55:16,663] INFO in _internal: 127.0.0.1 - - [01/Feb/2024 14:55:16] "[36mGET /static/img/3.jpg HTTP/1.1[0m" 304 -
[2024-02-01 14:55:16,665] INFO in _internal: 127.0.0.1 - - [01/Feb/2024 14:55:16] "GET /static/js/test.js HTTP/1.1" 200 -
[2024-02-01 14:55:16,677] INFO in _internal: 127.0.0.1 - - [01/Feb/2024 14:55:16] "[36mGET /static/img/4.jpg HTTP/1.1[0m" 304 -
[2024-02-01 14:55:16,678] INFO in _internal: 127.0.0.1 - - [01/Feb/2024 14:55:16] "[36mGET /static/img/19.jpg HTTP/1.1[0m" 304 -
[2024-02-01 14:55:16,679] INFO in _internal: 127.0.0.1 - - [01/Feb/2024 14:55:16] "[36mGET /static/img/20.jpg HTTP/1.1[0m" 304 -
[2024-02-01 14:55:16,693] INFO in _internal: 127.0.0.1 - - [01/Feb/2024 14:55:16] "[36mGET /static/img/21.jpg HTTP/1.1[0m" 304 -
[2024-02-01 14:55:16,694] INFO in _internal: 127.0.0.1 - - [01/Feb/2024 14:55:16] "[36mGET /static/img/22.jpg HTTP/1.1[0m" 304 -
[2024-02-01 14:59:47,227] INFO in _internal: 127.0.0.1 - - [01/Feb/2024 14:59:47] "GET /test HTTP/1.1" 200 -
[2024-02-01 14:59:47,246] INFO in _internal: 127.0.0.1 - - [01/Feb/2024 14:59:47] "[36mGET /static/img/1.jpg HTTP/1.1[0m" 304 -
[2024-02-01 14:59:47,251] INFO in _internal: 127.0.0.1 - - [01/Feb/2024 14:59:47] "[36mGET /static/img/2.jpg HTTP/1.1[0m" 304 -
[2024-02-01 14:59:47,272] INFO in _internal: 127.0.0.1 - - [01/Feb/2024 14:59:47] "[36mGET /static/img/3.jpg HTTP/1.1[0m" 304 -
[2024-02-01 14:59:47,273] INFO in _internal: 127.0.0.1 - - [01/Feb/2024 14:59:47] "[36mGET /static/img/4.jpg HTTP/1.1[0m" 304 -
[2024-02-01 14:59:47,278] INFO in _internal: 127.0.0.1 - - [01/Feb/2024 14:59:47] "[36mGET /static/img/19.jpg HTTP/1.1[0m" 304 -
[2024-02-01 14:59:47,285] INFO in _internal: 127.0.0.1 - - [01/Feb/2024 14:59:47] "GET /static/js/test.js HTTP/1.1" 200 -
[2024-02-01 14:59:47,297] INFO in _internal: 127.0.0.1 - - [01/Feb/2024 14:59:47] "[36mGET /static/img/20.jpg HTTP/1.1[0m" 304 -
[2024-02-01 14:59:47,298] INFO in _internal: 127.0.0.1 - - [01/Feb/2024 14:59:47] "[36mGET /static/img/21.jpg HTTP/1.1[0m" 304 -
[2024-02-01 14:59:47,299] INFO in _internal: 127.0.0.1 - - [01/Feb/2024 14:59:47] "[36mGET /static/img/22.jpg HTTP/1.1[0m" 304 -
[2024-02-01 15:03:52,811] INFO in _internal: 127.0.0.1 - - [01/Feb/2024 15:03:52] "GET /test HTTP/1.1" 200 -
[2024-02-01 15:03:52,829] INFO in _internal: 127.0.0.1 - - [01/Feb/2024 15:03:52] "[36mGET /static/img/1.jpg HTTP/1.1[0m" 304 -
[2024-02-01 15:03:52,851] INFO in _internal: 127.0.0.1 - - [01/Feb/2024 15:03:52] "[36mGET /static/img/2.jpg HTTP/1.1[0m" 304 -
[2024-02-01 15:03:52,851] INFO in _internal: 127.0.0.1 - - [01/Feb/2024 15:03:52] "[36mGET /static/img/3.jpg HTTP/1.1[0m" 304 -
[2024-02-01 15:03:52,853] INFO in _internal: 127.0.0.1 - - [01/Feb/2024 15:03:52] "[36mGET /static/img/4.jpg HTTP/1.1[0m" 304 -
[2024-02-01 15:03:52,856] INFO in _internal: 127.0.0.1 - - [01/Feb/2024 15:03:52] "[36mGET /static/img/19.jpg HTTP/1.1[0m" 304 -
[2024-02-01 15:03:52,858] INFO in _internal: 127.0.0.1 - - [01/Feb/2024 15:03:52] "[36mGET /static/img/20.jpg HTTP/1.1[0m" 304 -
[2024-02-01 15:03:52,860] INFO in _internal: 127.0.0.1 - - [01/Feb/2024 15:03:52] "GET /static/js/test.js HTTP/1.1" 200 -
[2024-02-01 15:03:52,872] INFO in _internal: 127.0.0.1 - - [01/Feb/2024 15:03:52] "[36mGET /static/img/21.jpg HTTP/1.1[0m" 304 -
[2024-02-01 15:03:52,878] INFO in _internal: 127.0.0.1 - - [01/Feb/2024 15:03:52] "[36mGET /static/img/22.jpg HTTP/1.1[0m" 304 -
[2024-02-01 15:06:08,425] INFO in _internal: 127.0.0.1 - - [01/Feb/2024 15:06:08] "GET /test HTTP/1.1" 200 -
[2024-02-01 15:06:08,442] INFO in _internal: 127.0.0.1 - - [01/Feb/2024 15:06:08] "[36mGET /static/img/1.jpg HTTP/1.1[0m" 304 -
[2024-02-01 15:06:08,463] INFO in _internal: 127.0.0.1 - - [01/Feb/2024 15:06:08] "[36mGET /static/img/2.jpg HTTP/1.1[0m" 304 -
[2024-02-01 15:06:08,464] INFO in _internal: 127.0.0.1 - - [01/Feb/2024 15:06:08] "[36mGET /static/img/4.jpg HTTP/1.1[0m" 304 -
[2024-02-01 15:06:08,464] INFO in _internal: 127.0.0.1 - - [01/Feb/2024 15:06:08] "[36mGET /static/img/3.jpg HTTP/1.1[0m" 304 -
[2024-02-01 15:06:08,468] INFO in _internal: 127.0.0.1 - - [01/Feb/2024 15:06:08] "[36mGET /static/img/19.jpg HTTP/1.1[0m" 304 -
[2024-02-01 15:06:08,475] INFO in _internal: 127.0.0.1 - - [01/Feb/2024 15:06:08] "GET /static/js/test.js HTTP/1.1" 200 -
[2024-02-01 15:06:08,476] INFO in _internal: 127.0.0.1 - - [01/Feb/2024 15:06:08] "[36mGET /static/img/20.jpg HTTP/1.1[0m" 304 -
[2024-02-01 15:06:08,480] INFO in _internal: 127.0.0.1 - - [01/Feb/2024 15:06:08] "[36mGET /static/img/21.jpg HTTP/1.1[0m" 304 -
[2024-02-01 15:06:08,484] INFO in _internal: 127.0.0.1 - - [01/Feb/2024 15:06:08] "[36mGET /static/img/22.jpg HTTP/1.1[0m" 304 -
[2024-02-01 15:08:37,018] INFO in _internal: 127.0.0.1 - - [01/Feb/2024 15:08:37] "GET /test HTTP/1.1" 200 -
[2024-02-01 15:08:37,037] INFO in _internal: 127.0.0.1 - - [01/Feb/2024 15:08:37] "[36mGET /static/img/1.jpg HTTP/1.1[0m" 304 -
[2024-02-01 15:08:37,053] INFO in _internal: 127.0.0.1 - - [01/Feb/2024 15:08:37] "[36mGET /static/img/2.jpg HTTP/1.1[0m" 304 -
[2024-02-01 15:08:37,056] INFO in _internal: 127.0.0.1 - - [01/Feb/2024 15:08:37] "[36mGET /static/img/3.jpg HTTP/1.1[0m" 304 -
[2024-02-01 15:08:37,060] INFO in _internal: 127.0.0.1 - - [01/Feb/2024 15:08:37] "[36mGET /static/img/4.jpg HTTP/1.1[0m" 304 -
[2024-02-01 15:08:37,065] INFO in _internal: 127.0.0.1 - - [01/Feb/2024 15:08:37] "[36mGET /static/img/19.jpg HTTP/1.1[0m" 304 -
[2024-02-01 15:08:37,076] INFO in _internal: 127.0.0.1 - - [01/Feb/2024 15:08:37] "[36mGET /static/img/20.jpg HTTP/1.1[0m" 304 -
[2024-02-01 15:08:37,079] INFO in _internal: 127.0.0.1 - - [01/Feb/2024 15:08:37] "GET /static/js/test.js HTTP/1.1" 200 -
[2024-02-01 15:08:37,080] INFO in _internal: 127.0.0.1 - - [01/Feb/2024 15:08:37] "[36mGET /static/img/21.jpg HTTP/1.1[0m" 304 -
[2024-02-01 15:08:37,082] INFO in _internal: 127.0.0.1 - - [01/Feb/2024 15:08:37] "[36mGET /static/img/22.jpg HTTP/1.1[0m" 304 -
[2024-02-01 15:11:36,160] INFO in _internal: 127.0.0.1 - - [01/Feb/2024 15:11:36] "GET /test HTTP/1.1" 200 -
[2024-02-01 15:11:36,179] INFO in _internal: 127.0.0.1 - - [01/Feb/2024 15:11:36] "[36mGET /static/img/1.jpg HTTP/1.1[0m" 304 -
[2024-02-01 15:11:36,202] INFO in _internal: 127.0.0.1 - - [01/Feb/2024 15:11:36] "[36mGET /static/img/2.jpg HTTP/1.1[0m" 304 -
[2024-02-01 15:11:36,202] INFO in _internal: 127.0.0.1 - - [01/Feb/2024 15:11:36] "[36mGET /static/img/3.jpg HTTP/1.1[0m" 304 -
[2024-02-01 15:11:36,204] INFO in _internal: 127.0.0.1 - - [01/Feb/2024 15:11:36] "[36mGET /static/img/4.jpg HTTP/1.1[0m" 304 -
[2024-02-01 15:11:36,209] INFO in _internal: 127.0.0.1 - - [01/Feb/2024 15:11:36] "[36mGET /static/img/19.jpg HTTP/1.1[0m" 304 -
[2024-02-01 15:11:36,214] INFO in _internal: 127.0.0.1 - - [01/Feb/2024 15:11:36] "GET /static/js/test.js HTTP/1.1" 200 -
[2024-02-01 15:11:36,216] INFO in _internal: 127.0.0.1 - - [01/Feb/2024 15:11:36] "[36mGET /static/img/20.jpg HTTP/1.1[0m" 304 -
[2024-02-01 15:11:36,222] INFO in _internal: 127.0.0.1 - - [01/Feb/2024 15:11:36] "[36mGET /static/img/21.jpg HTTP/1.1[0m" 304 -
[2024-02-01 15:11:36,225] INFO in _internal: 127.0.0.1 - - [01/Feb/2024 15:11:36] "[36mGET /static/img/22.jpg HTTP/1.1[0m" 304 -
[2024-02-01 15:12:20,897] INFO in _internal: 127.0.0.1 - - [01/Feb/2024 15:12:20] "GET /test HTTP/1.1" 200 -
[2024-02-01 15:12:20,915] INFO in _internal: 127.0.0.1 - - [01/Feb/2024 15:12:20] "[36mGET /static/img/1.jpg HTTP/1.1[0m" 304 -
[2024-02-01 15:12:20,931] INFO in _internal: 127.0.0.1 - - [01/Feb/2024 15:12:20] "[36mGET /static/img/2.jpg HTTP/1.1[0m" 304 -
[2024-02-01 15:12:20,933] INFO in _internal: 127.0.0.1 - - [01/Feb/2024 15:12:20] "[36mGET /static/img/3.jpg HTTP/1.1[0m" 304 -
[2024-02-01 15:12:20,936] INFO in _internal: 127.0.0.1 - - [01/Feb/2024 15:12:20] "[36mGET /static/img/4.jpg HTTP/1.1[0m" 304 -
[2024-02-01 15:12:20,937] INFO in _internal: 127.0.0.1 - - [01/Feb/2024 15:12:20] "[36mGET /static/img/19.jpg HTTP/1.1[0m" 304 -
[2024-02-01 15:12:20,939] INFO in _internal: 127.0.0.1 - - [01/Feb/2024 15:12:20] "GET /static/js/test.js HTTP/1.1" 200 -
[2024-02-01 15:12:20,949] INFO in _internal: 127.0.0.1 - - [01/Feb/2024 15:12:20] "[36mGET /static/img/20.jpg HTTP/1.1[0m" 304 -
[2024-02-01 15:12:20,951] INFO in _internal: 127.0.0.1 - - [01/Feb/2024 15:12:20] "[36mGET /static/img/21.jpg HTTP/1.1[0m" 304 -
[2024-02-01 15:12:20,953] INFO in _internal: 127.0.0.1 - - [01/Feb/2024 15:12:20] "[36mGET /static/img/22.jpg HTTP/1.1[0m" 304 -
[2024-02-01 15:15:55,161] INFO in _internal: 127.0.0.1 - - [01/Feb/2024 15:15:55] "GET /test HTTP/1.1" 200 -
[2024-02-01 15:15:55,181] INFO in _internal: 127.0.0.1 - - [01/Feb/2024 15:15:55] "[36mGET /static/img/1.jpg HTTP/1.1[0m" 304 -
[2024-02-01 15:15:55,207] INFO in _internal: 127.0.0.1 - - [01/Feb/2024 15:15:55] "[36mGET /static/img/2.jpg HTTP/1.1[0m" 304 -
[2024-02-01 15:15:55,210] INFO in _internal: 127.0.0.1 - - [01/Feb/2024 15:15:55] "[36mGET /static/img/3.jpg HTTP/1.1[0m" 304 -
[2024-02-01 15:15:55,214] INFO in _internal: 127.0.0.1 - - [01/Feb/2024 15:15:55] "[36mGET /static/img/4.jpg HTTP/1.1[0m" 304 -
[2024-02-01 15:15:55,221] INFO in _internal: 127.0.0.1 - - [01/Feb/2024 15:15:55] "[36mGET /static/img/19.jpg HTTP/1.1[0m" 304 -
[2024-02-01 15:15:55,225] INFO in _internal: 127.0.0.1 - - [01/Feb/2024 15:15:55] "GET /static/js/test.js HTTP/1.1" 200 -
[2024-02-01 15:15:55,226] INFO in _internal: 127.0.0.1 - - [01/Feb/2024 15:15:55] "[36mGET /static/img/20.jpg HTTP/1.1[0m" 304 -
[2024-02-01 15:15:55,231] INFO in _internal: 127.0.0.1 - - [01/Feb/2024 15:15:55] "[36mGET /static/img/21.jpg HTTP/1.1[0m" 304 -
[2024-02-01 15:15:55,238] INFO in _internal: 127.0.0.1 - - [01/Feb/2024 15:15:55] "[36mGET /static/img/22.jpg HTTP/1.1[0m" 304 -
[2024-02-01 15:16:51,138] INFO in _internal: 127.0.0.1 - - [01/Feb/2024 15:16:51] "GET /test HTTP/1.1" 200 -
[2024-02-01 15:16:51,153] INFO in _internal: 127.0.0.1 - - [01/Feb/2024 15:16:51] "[36mGET /static/img/1.jpg HTTP/1.1[0m" 304 -
[2024-02-01 15:16:51,172] INFO in _internal: 127.0.0.1 - - [01/Feb/2024 15:16:51] "[36mGET /static/img/2.jpg HTTP/1.1[0m" 304 -
[2024-02-01 15:16:51,176] INFO in _internal: 127.0.0.1 - - [01/Feb/2024 15:16:51] "[36mGET /static/img/3.jpg HTTP/1.1[0m" 304 -
[2024-02-01 15:16:51,178] INFO in _internal: 127.0.0.1 - - [01/Feb/2024 15:16:51] "[36mGET /static/img/4.jpg HTTP/1.1[0m" 304 -
[2024-02-01 15:16:51,182] INFO in _internal: 127.0.0.1 - - [01/Feb/2024 15:16:51] "[36mGET /static/img/19.jpg HTTP/1.1[0m" 304 -
[2024-02-01 15:16:51,184] INFO in _internal: 127.0.0.1 - - [01/Feb/2024 15:16:51] "GET /static/js/test.js HTTP/1.1" 200 -
[2024-02-01 15:16:51,186] INFO in _internal: 127.0.0.1 - - [01/Feb/2024 15:16:51] "[36mGET /static/img/20.jpg HTTP/1.1[0m" 304 -
[2024-02-01 15:16:51,192] INFO in _internal: 127.0.0.1 - - [01/Feb/2024 15:16:51] "[36mGET /static/img/21.jpg HTTP/1.1[0m" 304 -
[2024-02-01 15:16:51,194] INFO in _internal: 127.0.0.1 - - [01/Feb/2024 15:16:51] "[36mGET /static/img/22.jpg HTTP/1.1[0m" 304 -
[2024-02-01 15:17:14,730] INFO in _internal: 127.0.0.1 - - [01/Feb/2024 15:17:14] "GET /test HTTP/1.1" 200 -
[2024-02-01 15:17:14,750] INFO in _internal: 127.0.0.1 - - [01/Feb/2024 15:17:14] "[36mGET /static/img/1.jpg HTTP/1.1[0m" 304 -
[2024-02-01 15:17:14,773] INFO in _internal: 127.0.0.1 - - [01/Feb/2024 15:17:14] "[36mGET /static/img/2.jpg HTTP/1.1[0m" 304 -
[2024-02-01 15:17:14,774] INFO in _internal: 127.0.0.1 - - [01/Feb/2024 15:17:14] "[36mGET /static/img/3.jpg HTTP/1.1[0m" 304 -
[2024-02-01 15:17:14,778] INFO in _internal: 127.0.0.1 - - [01/Feb/2024 15:17:14] "[36mGET /static/img/4.jpg HTTP/1.1[0m" 304 -
[2024-02-01 15:17:14,784] INFO in _internal: 127.0.0.1 - - [01/Feb/2024 15:17:14] "[36mGET /static/img/19.jpg HTTP/1.1[0m" 304 -
[2024-02-01 15:17:14,795] INFO in _internal: 127.0.0.1 - - [01/Feb/2024 15:17:14] "GET /static/js/test.js HTTP/1.1" 200 -
[2024-02-01 15:17:14,800] INFO in _internal: 127.0.0.1 - - [01/Feb/2024 15:17:14] "[36mGET /static/img/20.jpg HTTP/1.1[0m" 304 -
[2024-02-01 15:17:14,804] INFO in _internal: 127.0.0.1 - - [01/Feb/2024 15:17:14] "[36mGET /static/img/21.jpg HTTP/1.1[0m" 304 -
[2024-02-01 15:17:14,805] INFO in _internal: 127.0.0.1 - - [01/Feb/2024 15:17:14] "[36mGET /static/img/22.jpg HTTP/1.1[0m" 304 -
[2024-02-01 15:21:18,209] INFO in _internal: 127.0.0.1 - - [01/Feb/2024 15:21:18] "GET / HTTP/1.1" 200 -
[2024-02-01 15:21:18,239] INFO in _internal: 127.0.0.1 - - [01/Feb/2024 15:21:18] "[36mGET /static/css/templatemo-style.css HTTP/1.1[0m" 304 -
[2024-02-01 15:21:18,249] INFO in _internal: 127.0.0.1 - - [01/Feb/2024 15:21:18] "[36mGET /static/img/logo.png HTTP/1.1[0m" 304 -
[2024-02-01 15:21:18,249] INFO in _internal: 127.0.0.1 - - [01/Feb/2024 15:21:18] "[36mGET /static/css/index.css HTTP/1.1[0m" 304 -
[2024-02-01 15:21:18,560] INFO in _internal: 127.0.0.1 - - [01/Feb/2024 15:21:18] "GET /sensing_data HTTP/1.1" 200 -
[2024-02-01 15:21:19,590] INFO in _internal: 127.0.0.1 - - [01/Feb/2024 15:21:19] "GET /info HTTP/1.1" 200 -
[2024-02-01 15:21:19,618] INFO in _internal: 127.0.0.1 - - [01/Feb/2024 15:21:19] "[36mGET /static/img/logo.png HTTP/1.1[0m" 304 -
[2024-02-01 15:21:19,623] INFO in _internal: 127.0.0.1 - - [01/Feb/2024 15:21:19] "[36mGET /static/js/info.js HTTP/1.1[0m" 304 -
[2024-02-01 15:21:19,625] INFO in _internal: 127.0.0.1 - - [01/Feb/2024 15:21:19] "[36mGET /static/css/info.css HTTP/1.1[0m" 304 -
[2024-02-01 15:21:19,681] INFO in _internal: 127.0.0.1 - - [01/Feb/2024 15:21:19] "GET /static/img/img-2.png HTTP/1.1" 200 -
[2024-02-01 15:21:19,682] INFO in _internal: 127.0.0.1 - - [01/Feb/2024 15:21:19] "GET /static/img/img-6.png HTTP/1.1" 200 -
[2024-02-01 15:21:19,682] INFO in _internal: 127.0.0.1 - - [01/Feb/2024 15:21:19] "GET /static/img/img-4.png HTTP/1.1" 200 -
[2024-02-01 15:21:19,684] INFO in _internal: 127.0.0.1 - - [01/Feb/2024 15:21:19] "GET /static/img/img-5.png HTTP/1.1" 200 -
[2024-02-01 15:21:19,684] INFO in _internal: 127.0.0.1 - - [01/Feb/2024 15:21:19] "GET /static/img/img-3.png HTTP/1.1" 200 -
[2024-02-01 15:21:19,781] INFO in _internal: 127.0.0.1 - - [01/Feb/2024 15:21:19] "GET /static/img/img-7.png HTTP/1.1" 200 -
[2024-02-01 15:21:19,807] INFO in _internal: 127.0.0.1 - - [01/Feb/2024 15:21:19] "GET /static/img/img-49.png HTTP/1.1" 200 -
[2024-02-01 15:21:19,808] INFO in _internal: 127.0.0.1 - - [01/Feb/2024 15:21:19] "GET /static/img/img-48.png HTTP/1.1" 200 -
[2024-02-01 15:21:19,810] INFO in _internal: 127.0.0.1 - - [01/Feb/2024 15:21:19] "GET /static/img/img-45.png HTTP/1.1" 200 -
[2024-02-01 15:21:19,857] INFO in _internal: 127.0.0.1 - - [01/Feb/2024 15:21:19] "GET /static/img/img-1.png HTTP/1.1" 200 -
[2024-02-01 15:21:19,891] INFO in _internal: 127.0.0.1 - - [01/Feb/2024 15:21:19] "GET /static/img/img-47.png HTTP/1.1" 200 -
[2024-02-01 15:21:20,105] INFO in _internal: 127.0.0.1 - - [01/Feb/2024 15:21:20] "GET /static/img/img-50.png HTTP/1.1" 200 -
[2024-02-01 15:21:20,132] INFO in _internal: 127.0.0.1 - - [01/Feb/2024 15:21:20] "GET /static/img/img-8.png HTTP/1.1" 200 -
[2024-02-01 15:21:20,183] INFO in _internal: 127.0.0.1 - - [01/Feb/2024 15:21:20] "GET /static/img/img-9.png HTTP/1.1" 200 -
[2024-02-01 15:21:20,201] INFO in _internal: 127.0.0.1 - - [01/Feb/2024 15:21:20] "GET /static/img/img-10.png HTTP/1.1" 200 -
[2024-02-01 15:21:20,203] INFO in _internal: 127.0.0.1 - - [01/Feb/2024 15:21:20] "GET /static/img/img-11.png HTTP/1.1" 200 -
[2024-02-01 15:21:20,255] INFO in _internal: 127.0.0.1 - - [01/Feb/2024 15:21:20] "GET /static/img/img-12.png HTTP/1.1" 200 -
[2024-02-01 15:21:20,280] INFO in _internal: 127.0.0.1 - - [01/Feb/2024 15:21:20] "GET /static/img/img-13.png HTTP/1.1" 200 -
[2024-02-01 15:21:20,281] INFO in _internal: 127.0.0.1 - - [01/Feb/2024 15:21:20] "GET /static/img/img-46.png HTTP/1.1" 200 -
[2024-02-01 15:21:20,362] INFO in _internal: 127.0.0.1 - - [01/Feb/2024 15:21:20] "GET /static/img/img-14.png HTTP/1.1" 200 -
[2024-02-01 15:21:20,382] INFO in _internal: 127.0.0.1 - - [01/Feb/2024 15:21:20] "GET /static/img/img-15.png HTTP/1.1" 200 -
[2024-02-01 15:21:20,413] INFO in _internal: 127.0.0.1 - - [01/Feb/2024 15:21:20] "GET /static/img/img-16.png HTTP/1.1" 200 -
[2024-02-01 15:21:20,425] INFO in _internal: 127.0.0.1 - - [01/Feb/2024 15:21:20] "GET /static/img/img-17.png HTTP/1.1" 200 -
[2024-02-01 15:21:20,448] INFO in _internal: 127.0.0.1 - - [01/Feb/2024 15:21:20] "GET /static/img/img-18.png HTTP/1.1" 200 -
[2024-02-01 15:21:20,467] INFO in _internal: 127.0.0.1 - - [01/Feb/2024 15:21:20] "GET /static/img/img-20.png HTTP/1.1" 200 -
[2024-02-01 15:21:20,493] INFO in _internal: 127.0.0.1 - - [01/Feb/2024 15:21:20] "GET /static/img/img-21.png HTTP/1.1" 200 -
[2024-02-01 15:21:20,501] INFO in _internal: 127.0.0.1 - - [01/Feb/2024 15:21:20] "GET /static/img/img-22.png HTTP/1.1" 200 -
[2024-02-01 15:21:20,510] INFO in _internal: 127.0.0.1 - - [01/Feb/2024 15:21:20] "GET /static/img/img-23.png HTTP/1.1" 200 -
[2024-02-01 15:21:20,516] INFO in _internal: 127.0.0.1 - - [01/Feb/2024 15:21:20] "GET /static/img/img-24.png HTTP/1.1" 200 -
[2024-02-01 15:21:20,542] INFO in _internal: 127.0.0.1 - - [01/Feb/2024 15:21:20] "GET /static/img/img-25.png HTTP/1.1" 200 -
[2024-02-01 15:21:20,582] INFO in _internal: 127.0.0.1 - - [01/Feb/2024 15:21:20] "GET /static/img/img-19.png HTTP/1.1" 200 -
[2024-02-01 15:21:20,590] INFO in _internal: 127.0.0.1 - - [01/Feb/2024 15:21:20] "GET /static/img/img-26.png HTTP/1.1" 200 -
[2024-02-01 15:21:20,594] INFO in _internal: 127.0.0.1 - - [01/Feb/2024 15:21:20] "GET /static/img/img-28.png HTTP/1.1" 200 -
[2024-02-01 15:21:20,597] INFO in _internal: 127.0.0.1 - - [01/Feb/2024 15:21:20] "GET /static/img/img-27.png HTTP/1.1" 200 -
[2024-02-01 15:21:20,678] INFO in _internal: 127.0.0.1 - - [01/Feb/2024 15:21:20] "GET /static/img/img-30.png HTTP/1.1" 200 -
[2024-02-01 15:21:20,696] INFO in _internal: 127.0.0.1 - - [01/Feb/2024 15:21:20] "GET /static/img/img-29.png HTTP/1.1" 200 -
[2024-02-01 15:21:20,726] INFO in _internal: 127.0.0.1 - - [01/Feb/2024 15:21:20] "GET /static/img/img-31.png HTTP/1.1" 200 -
[2024-02-01 15:21:20,752] INFO in _internal: 127.0.0.1 - - [01/Feb/2024 15:21:20] "GET /static/img/img-32.png HTTP/1.1" 200 -
[2024-02-01 15:21:20,780] INFO in _internal: 127.0.0.1 - - [01/Feb/2024 15:21:20] "GET /static/img/img-34.png HTTP/1.1" 200 -
[2024-02-01 15:21:20,834] INFO in _internal: 127.0.0.1 - - [01/Feb/2024 15:21:20] "GET /static/img/img-33.png HTTP/1.1" 200 -
[2024-02-01 15:21:20,907] INFO in _internal: 127.0.0.1 - - [01/Feb/2024 15:21:20] "GET /static/img/img-35.png HTTP/1.1" 200 -
[2024-02-01 15:21:21,043] INFO in _internal: 127.0.0.1 - - [01/Feb/2024 15:21:21] "GET /static/img/img-37.png HTTP/1.1" 200 -
[2024-02-01 15:21:21,063] INFO in _internal: 127.0.0.1 - - [01/Feb/2024 15:21:21] "GET /static/img/img-38.png HTTP/1.1" 200 -
[2024-02-01 15:21:21,101] INFO in _internal: 127.0.0.1 - - [01/Feb/2024 15:21:21] "GET /static/img/img-36.png HTTP/1.1" 200 -
[2024-02-01 15:21:21,140] INFO in _internal: 127.0.0.1 - - [01/Feb/2024 15:21:21] "GET /static/img/img-40.png HTTP/1.1" 200 -
[2024-02-01 15:21:21,141] INFO in _internal: 127.0.0.1 - - [01/Feb/2024 15:21:21] "GET /static/img/img-39.png HTTP/1.1" 200 -
[2024-02-01 15:21:21,249] INFO in _internal: 127.0.0.1 - - [01/Feb/2024 15:21:21] "GET /static/img/img-42.png HTTP/1.1" 200 -
[2024-02-01 15:21:21,265] INFO in _internal: 127.0.0.1 - - [01/Feb/2024 15:21:21] "GET /static/img/img-41.png HTTP/1.1" 200 -
[2024-02-01 15:21:21,299] INFO in _internal: 127.0.0.1 - - [01/Feb/2024 15:21:21] "GET /static/img/img-44.png HTTP/1.1" 200 -
[2024-02-01 15:21:21,375] INFO in _internal: 127.0.0.1 - - [01/Feb/2024 15:21:21] "GET /static/img/img-51.png HTTP/1.1" 200 -
[2024-02-01 15:21:21,384] INFO in _internal: 127.0.0.1 - - [01/Feb/2024 15:21:21] "GET /static/img/img-43.png HTTP/1.1" 200 -
[2024-02-01 15:21:21,425] INFO in _internal: 127.0.0.1 - - [01/Feb/2024 15:21:21] "GET /static/img/img-53.png HTTP/1.1" 200 -
[2024-02-01 15:21:21,431] INFO in _internal: 127.0.0.1 - - [01/Feb/2024 15:21:21] "GET /static/img/img-54.png HTTP/1.1" 200 -
[2024-02-01 15:21:21,439] INFO in _internal: 127.0.0.1 - - [01/Feb/2024 15:21:21] "GET /static/img/img-55.png HTTP/1.1" 200 -
[2024-02-01 15:21:21,459] INFO in _internal: 127.0.0.1 - - [01/Feb/2024 15:21:21] "GET /static/img/img-56.png HTTP/1.1" 200 -
[2024-02-01 15:21:21,468] INFO in _internal: 127.0.0.1 - - [01/Feb/2024 15:21:21] "GET /static/img/img-57.png HTTP/1.1" 200 -
[2024-02-01 15:21:21,503] INFO in _internal: 127.0.0.1 - - [01/Feb/2024 15:21:21] "GET /static/img/img-58.png HTTP/1.1" 200 -
[2024-02-01 15:21:21,530] INFO in _internal: 127.0.0.1 - - [01/Feb/2024 15:21:21] "GET /static/img/img-52.png HTTP/1.1" 200 -
[2024-02-01 15:21:21,599] INFO in _internal: 127.0.0.1 - - [01/Feb/2024 15:21:21] "GET /static/img/img-60.png HTTP/1.1" 200 -
[2024-02-01 15:21:21,605] INFO in _internal: 127.0.0.1 - - [01/Feb/2024 15:21:21] "GET /static/img/img-59.png HTTP/1.1" 200 -
[2024-02-01 15:21:21,621] INFO in _internal: 127.0.0.1 - - [01/Feb/2024 15:21:21] "GET /static/img/img-61.png HTTP/1.1" 200 -
[2024-02-01 15:21:21,654] INFO in _internal: 127.0.0.1 - - [01/Feb/2024 15:21:21] "GET /static/img/img-62.png HTTP/1.1" 200 -
[2024-02-01 15:21:21,673] INFO in _internal: 127.0.0.1 - - [01/Feb/2024 15:21:21] "GET /static/img/img-63.png HTTP/1.1" 200 -
[2024-02-01 15:21:21,736] INFO in _internal: 127.0.0.1 - - [01/Feb/2024 15:21:21] "GET /static/img/img-65.png HTTP/1.1" 200 -
[2024-02-01 15:21:21,759] INFO in _internal: 127.0.0.1 - - [01/Feb/2024 15:21:21] "GET /static/img/img-66.png HTTP/1.1" 200 -
[2024-02-01 15:21:21,779] INFO in _internal: 127.0.0.1 - - [01/Feb/2024 15:21:21] "GET /static/img/img-67.png HTTP/1.1" 200 -
[2024-02-01 15:21:21,784] INFO in _internal: 127.0.0.1 - - [01/Feb/2024 15:21:21] "GET /static/img/img-68.png HTTP/1.1" 200 -
[2024-02-01 15:21:21,799] INFO in _internal: 127.0.0.1 - - [01/Feb/2024 15:21:21] "GET /static/img/img-64.png HTTP/1.1" 200 -
[2024-02-01 15:21:21,827] INFO in _internal: 127.0.0.1 - - [01/Feb/2024 15:21:21] "GET /static/img/img-69.png HTTP/1.1" 200 -
[2024-02-01 15:21:21,847] INFO in _internal: 127.0.0.1 - - [01/Feb/2024 15:21:21] "GET /static/img/img-71.png HTTP/1.1" 200 -
[2024-02-01 15:21:21,863] INFO in _internal: 127.0.0.1 - - [01/Feb/2024 15:21:21] "GET /static/img/img-70.png HTTP/1.1" 200 -
[2024-02-01 15:21:21,880] INFO in _internal: 127.0.0.1 - - [01/Feb/2024 15:21:21] "GET /static/img/img-72.png HTTP/1.1" 200 -
[2024-02-01 15:21:21,891] INFO in _internal: 127.0.0.1 - - [01/Feb/2024 15:21:21] "GET /static/img/img-73.png HTTP/1.1" 200 -
[2024-02-01 15:21:21,917] INFO in _internal: 127.0.0.1 - - [01/Feb/2024 15:21:21] "GET /static/img/img-75.png HTTP/1.1" 200 -
[2024-02-01 15:21:21,927] INFO in _internal: 127.0.0.1 - - [01/Feb/2024 15:21:21] "GET /static/img/img-76.png HTTP/1.1" 200 -
[2024-02-01 15:21:21,956] INFO in _internal: 127.0.0.1 - - [01/Feb/2024 15:21:21] "GET /static/img/img-77.png HTTP/1.1" 200 -
[2024-02-01 15:21:21,965] INFO in _internal: 127.0.0.1 - - [01/Feb/2024 15:21:21] "GET /static/img/img-78.png HTTP/1.1" 200 -
[2024-02-01 15:21:21,978] INFO in _internal: 127.0.0.1 - - [01/Feb/2024 15:21:21] "GET /static/img/img-79.png HTTP/1.1" 200 -
[2024-02-01 15:21:21,999] INFO in _internal: 127.0.0.1 - - [01/Feb/2024 15:21:21] "GET /static/img/img-80.png HTTP/1.1" 200 -
[2024-02-01 15:21:22,007] INFO in _internal: 127.0.0.1 - - [01/Feb/2024 15:21:22] "GET /static/img/img-81.png HTTP/1.1" 200 -
[2024-02-01 15:21:22,017] INFO in _internal: 127.0.0.1 - - [01/Feb/2024 15:21:22] "GET /static/img/img-74.png HTTP/1.1" 200 -
[2024-02-01 15:21:22,025] INFO in _internal: 127.0.0.1 - - [01/Feb/2024 15:21:22] "GET /static/img/img-82.png HTTP/1.1" 200 -
[2024-02-01 15:21:22,035] INFO in _internal: 127.0.0.1 - - [01/Feb/2024 15:21:22] "GET /static/img/img-83.png HTTP/1.1" 200 -
[2024-02-01 15:21:22,054] INFO in _internal: 127.0.0.1 - - [01/Feb/2024 15:21:22] "GET /static/img/img-85.png HTTP/1.1" 200 -
[2024-02-01 15:21:22,056] INFO in _internal: 127.0.0.1 - - [01/Feb/2024 15:21:22] "GET /static/img/img-84.png HTTP/1.1" 200 -
[2024-02-01 15:21:22,077] INFO in _internal: 127.0.0.1 - - [01/Feb/2024 15:21:22] "GET /static/img/img-86.png HTTP/1.1" 200 -
[2024-02-01 15:21:22,096] INFO in _internal: 127.0.0.1 - - [01/Feb/2024 15:21:22] "GET /static/img/img-87.png HTTP/1.1" 200 -
[2024-02-01 15:21:22,118] INFO in _internal: 127.0.0.1 - - [01/Feb/2024 15:21:22] "GET /static/img/img-88.png HTTP/1.1" 200 -
[2024-02-01 15:21:22,139] INFO in _internal: 127.0.0.1 - - [01/Feb/2024 15:21:22] "GET /static/img/img-89.png HTTP/1.1" 200 -
[2024-02-01 15:21:22,178] INFO in _internal: 127.0.0.1 - - [01/Feb/2024 15:21:22] "GET /static/img/img-91.png HTTP/1.1" 200 -
[2024-02-01 15:21:22,187] INFO in _internal: 127.0.0.1 - - [01/Feb/2024 15:21:22] "GET /static/img/img-92.png HTTP/1.1" 200 -
[2024-02-01 15:21:22,197] INFO in _internal: 127.0.0.1 - - [01/Feb/2024 15:21:22] "GET /static/img/img-93.png HTTP/1.1" 200 -
[2024-02-01 15:21:22,207] INFO in _internal: 127.0.0.1 - - [01/Feb/2024 15:21:22] "GET /static/img/img-94.png HTTP/1.1" 200 -
[2024-02-01 15:21:22,230] INFO in _internal: 127.0.0.1 - - [01/Feb/2024 15:21:22] "GET /static/img/img-95.png HTTP/1.1" 200 -
[2024-02-01 15:21:22,249] INFO in _internal: 127.0.0.1 - - [01/Feb/2024 15:21:22] "GET /static/img/img-96.png HTTP/1.1" 200 -
[2024-02-01 15:21:22,256] INFO in _internal: 127.0.0.1 - - [01/Feb/2024 15:21:22] "GET /static/img/img-97.png HTTP/1.1" 200 -
[2024-02-01 15:21:22,270] INFO in _internal: 127.0.0.1 - - [01/Feb/2024 15:21:22] "GET /static/img/img-98.png HTTP/1.1" 200 -
[2024-02-01 15:21:22,279] INFO in _internal: 127.0.0.1 - - [01/Feb/2024 15:21:22] "GET /static/img/img-99.png HTTP/1.1" 200 -
[2024-02-01 15:21:22,300] INFO in _internal: 127.0.0.1 - - [01/Feb/2024 15:21:22] "GET /static/img/img-100.png HTTP/1.1" 200 -
[2024-02-01 15:21:22,308] INFO in _internal: 127.0.0.1 - - [01/Feb/2024 15:21:22] "GET /static/img/img-101.png HTTP/1.1" 200 -
[2024-02-01 15:21:22,324] INFO in _internal: 127.0.0.1 - - [01/Feb/2024 15:21:22] "GET /static/img/img-102.png HTTP/1.1" 200 -
[2024-02-01 15:21:22,330] INFO in _internal: 127.0.0.1 - - [01/Feb/2024 15:21:22] "GET /static/img/img-103.png HTTP/1.1" 200 -
[2024-02-01 15:21:22,346] INFO in _internal: 127.0.0.1 - - [01/Feb/2024 15:21:22] "GET /static/img/img-90.png HTTP/1.1" 200 -
[2024-02-01 15:21:22,351] INFO in _internal: 127.0.0.1 - - [01/Feb/2024 15:21:22] "GET /static/img/img-104.png HTTP/1.1" 200 -
[2024-02-01 15:21:22,398] INFO in _internal: 127.0.0.1 - - [01/Feb/2024 15:21:22] "GET /static/img/img-106.png HTTP/1.1" 200 -
[2024-02-01 15:21:22,415] INFO in _internal: 127.0.0.1 - - [01/Feb/2024 15:21:22] "GET /static/img/img-107.png HTTP/1.1" 200 -
[2024-02-01 15:21:22,439] INFO in _internal: 127.0.0.1 - - [01/Feb/2024 15:21:22] "GET /static/img/img-108.png HTTP/1.1" 200 -
[2024-02-01 15:21:22,456] INFO in _internal: 127.0.0.1 - - [01/Feb/2024 15:21:22] "GET /static/img/img-109.png HTTP/1.1" 200 -
[2024-02-01 15:21:22,473] INFO in _internal: 127.0.0.1 - - [01/Feb/2024 15:21:22] "GET /static/img/img-110.png HTTP/1.1" 200 -
[2024-02-01 15:21:22,501] INFO in _internal: 127.0.0.1 - - [01/Feb/2024 15:21:22] "GET /static/img/img-111.png HTTP/1.1" 200 -
[2024-02-01 15:21:22,510] INFO in _internal: 127.0.0.1 - - [01/Feb/2024 15:21:22] "GET /static/img/img-112.png HTTP/1.1" 200 -
[2024-02-01 15:21:22,526] INFO in _internal: 127.0.0.1 - - [01/Feb/2024 15:21:22] "GET /static/img/img-113.png HTTP/1.1" 200 -
[2024-02-01 15:21:22,542] INFO in _internal: 127.0.0.1 - - [01/Feb/2024 15:21:22] "GET /static/img/img-114.png HTTP/1.1" 200 -
[2024-02-01 15:21:22,580] INFO in _internal: 127.0.0.1 - - [01/Feb/2024 15:21:22] "GET /static/img/img-115.png HTTP/1.1" 200 -
[2024-02-01 15:21:22,587] INFO in _internal: 127.0.0.1 - - [01/Feb/2024 15:21:22] "GET /static/img/img-116.png HTTP/1.1" 200 -
[2024-02-01 15:21:22,594] INFO in _internal: 127.0.0.1 - - [01/Feb/2024 15:21:22] "GET /static/img/img-105.png HTTP/1.1" 200 -
[2024-02-01 15:21:22,621] INFO in _internal: 127.0.0.1 - - [01/Feb/2024 15:21:22] "GET /static/img/img-118.png HTTP/1.1" 200 -
[2024-02-01 15:21:22,635] INFO in _internal: 127.0.0.1 - - [01/Feb/2024 15:21:22] "GET /static/img/img-119.png HTTP/1.1" 200 -
[2024-02-01 15:21:22,651] INFO in _internal: 127.0.0.1 - - [01/Feb/2024 15:21:22] "GET /static/img/img-120.png HTTP/1.1" 200 -
[2024-02-01 15:21:22,673] INFO in _internal: 127.0.0.1 - - [01/Feb/2024 15:21:22] "GET /static/img/img-117.png HTTP/1.1" 200 -
[2024-02-01 15:21:22,701] INFO in _internal: 127.0.0.1 - - [01/Feb/2024 15:21:22] "GET /static/img/img-121.png HTTP/1.1" 200 -
[2024-02-01 15:21:22,703] INFO in _internal: 127.0.0.1 - - [01/Feb/2024 15:21:22] "GET /static/img/img-122.png HTTP/1.1" 200 -
[2024-02-01 15:21:22,711] INFO in _internal: 127.0.0.1 - - [01/Feb/2024 15:21:22] "GET /static/img/img-123.png HTTP/1.1" 200 -
[2024-02-01 15:21:22,737] INFO in _internal: 127.0.0.1 - - [01/Feb/2024 15:21:22] "GET /static/img/img-124.png HTTP/1.1" 200 -
[2024-02-01 15:21:22,742] INFO in _internal: 127.0.0.1 - - [01/Feb/2024 15:21:22] "GET /static/img/img-125.png HTTP/1.1" 200 -
[2024-02-01 15:21:22,769] INFO in _internal: 127.0.0.1 - - [01/Feb/2024 15:21:22] "GET /static/img/img-127.png HTTP/1.1" 200 -
[2024-02-01 15:21:22,786] INFO in _internal: 127.0.0.1 - - [01/Feb/2024 15:21:22] "GET /static/img/img-128.png HTTP/1.1" 200 -
[2024-02-01 15:21:22,791] INFO in _internal: 127.0.0.1 - - [01/Feb/2024 15:21:22] "GET /static/img/img-129.png HTTP/1.1" 200 -
[2024-02-01 15:21:22,803] INFO in _internal: 127.0.0.1 - - [01/Feb/2024 15:21:22] "GET /static/img/img-130.png HTTP/1.1" 200 -
[2024-02-01 15:21:22,818] INFO in _internal: 127.0.0.1 - - [01/Feb/2024 15:21:22] "GET /static/img/img-131.png HTTP/1.1" 200 -
[2024-02-01 15:21:22,825] INFO in _internal: 127.0.0.1 - - [01/Feb/2024 15:21:22] "GET /static/img/img-132.png HTTP/1.1" 200 -
[2024-02-01 15:21:22,839] INFO in _internal: 127.0.0.1 - - [01/Feb/2024 15:21:22] "GET /static/img/img-133.png HTTP/1.1" 200 -
[2024-02-01 15:21:22,845] INFO in _internal: 127.0.0.1 - - [01/Feb/2024 15:21:22] "GET /static/img/img-134.png HTTP/1.1" 200 -
[2024-02-01 15:21:22,863] INFO in _internal: 127.0.0.1 - - [01/Feb/2024 15:21:22] "GET /static/img/img-135.png HTTP/1.1" 200 -
[2024-02-01 15:21:22,872] INFO in _internal: 127.0.0.1 - - [01/Feb/2024 15:21:22] "GET /static/img/img-136.png HTTP/1.1" 200 -
[2024-02-01 15:21:22,893] INFO in _internal: 127.0.0.1 - - [01/Feb/2024 15:21:22] "GET /static/img/img-137.png HTTP/1.1" 200 -
[2024-02-01 15:21:22,907] INFO in _internal: 127.0.0.1 - - [01/Feb/2024 15:21:22] "GET /static/img/img-138.png HTTP/1.1" 200 -
[2024-02-01 15:21:22,918] INFO in _internal: 127.0.0.1 - - [01/Feb/2024 15:21:22] "GET /static/img/img-126.png HTTP/1.1" 200 -
[2024-02-01 15:21:22,930] INFO in _internal: 127.0.0.1 - - [01/Feb/2024 15:21:22] "GET /static/img/img-139.png HTTP/1.1" 200 -
[2024-02-01 15:21:22,950] INFO in _internal: 127.0.0.1 - - [01/Feb/2024 15:21:22] "GET /static/img/img-140.png HTTP/1.1" 200 -
[2024-02-01 15:21:22,959] INFO in _internal: 127.0.0.1 - - [01/Feb/2024 15:21:22] "GET /static/img/img-141.png HTTP/1.1" 200 -
[2024-02-01 15:21:22,968] INFO in _internal: 127.0.0.1 - - [01/Feb/2024 15:21:22] "GET /static/img/img-142.png HTTP/1.1" 200 -
[2024-02-01 15:21:22,991] INFO in _internal: 127.0.0.1 - - [01/Feb/2024 15:21:22] "GET /static/img/img-143.png HTTP/1.1" 200 -
[2024-02-01 15:21:23,023] INFO in _internal: 127.0.0.1 - - [01/Feb/2024 15:21:23] "GET /static/img/img-145.png HTTP/1.1" 200 -
[2024-02-01 15:21:23,024] INFO in _internal: 127.0.0.1 - - [01/Feb/2024 15:21:23] "GET /static/img/img-146.png HTTP/1.1" 200 -
[2024-02-01 15:21:23,031] INFO in _internal: 127.0.0.1 - - [01/Feb/2024 15:21:23] "GET /static/img/img-147.png HTTP/1.1" 200 -
[2024-02-01 15:21:23,059] INFO in _internal: 127.0.0.1 - - [01/Feb/2024 15:21:23] "GET /static/img/img-148.png HTTP/1.1" 200 -
[2024-02-01 15:21:23,073] INFO in _internal: 127.0.0.1 - - [01/Feb/2024 15:21:23] "GET /static/img/img-149.png HTTP/1.1" 200 -
[2024-02-01 15:21:23,088] INFO in _internal: 127.0.0.1 - - [01/Feb/2024 15:21:23] "GET /static/img/img-150.png HTTP/1.1" 200 -
[2024-02-01 15:21:23,098] INFO in _internal: 127.0.0.1 - - [01/Feb/2024 15:21:23] "GET /static/img/img-151.png HTTP/1.1" 200 -
[2024-02-01 15:21:23,112] INFO in _internal: 127.0.0.1 - - [01/Feb/2024 15:21:23] "GET /static/img/img-152.png HTTP/1.1" 200 -
[2024-02-01 15:21:23,127] INFO in _internal: 127.0.0.1 - - [01/Feb/2024 15:21:23] "GET /static/img/img-153.png HTTP/1.1" 200 -
[2024-02-01 15:21:23,147] INFO in _internal: 127.0.0.1 - - [01/Feb/2024 15:21:23] "GET /static/img/img-154.png HTTP/1.1" 200 -
[2024-02-01 15:21:23,158] INFO in _internal: 127.0.0.1 - - [01/Feb/2024 15:21:23] "GET /static/img/img-155.png HTTP/1.1" 200 -
[2024-02-01 15:21:23,171] INFO in _internal: 127.0.0.1 - - [01/Feb/2024 15:21:23] "GET /static/img/img-144.png HTTP/1.1" 200 -
[2024-02-01 15:21:23,185] INFO in _internal: 127.0.0.1 - - [01/Feb/2024 15:21:23] "GET /static/img/img-156.png HTTP/1.1" 200 -
[2024-02-01 15:21:23,197] INFO in _internal: 127.0.0.1 - - [01/Feb/2024 15:21:23] "GET /static/img/img-157.png HTTP/1.1" 200 -
[2024-02-01 15:21:23,217] INFO in _internal: 127.0.0.1 - - [01/Feb/2024 15:21:23] "GET /static/img/img-158.png HTTP/1.1" 200 -
[2024-02-01 15:21:23,236] INFO in _internal: 127.0.0.1 - - [01/Feb/2024 15:21:23] "GET /static/img/img-159.png HTTP/1.1" 200 -
[2024-02-01 15:21:23,267] INFO in _internal: 127.0.0.1 - - [01/Feb/2024 15:21:23] "GET /static/img/img-160.png HTTP/1.1" 200 -
[2024-02-01 15:21:23,288] INFO in _internal: 127.0.0.1 - - [01/Feb/2024 15:21:23] "GET /static/img/img-161.png HTTP/1.1" 200 -
[2024-02-01 15:21:23,349] INFO in _internal: 127.0.0.1 - - [01/Feb/2024 15:21:23] "GET /static/img/img-162.png HTTP/1.1" 200 -
[2024-02-01 15:21:23,546] INFO in _internal: 127.0.0.1 - - [01/Feb/2024 15:21:23] "GET /static/img/img-163.png HTTP/1.1" 200 -
[2024-02-01 15:21:23,597] INFO in _internal: 127.0.0.1 - - [01/Feb/2024 15:21:23] "GET /static/img/img-165.png HTTP/1.1" 200 -
[2024-02-01 15:21:23,597] INFO in _internal: 127.0.0.1 - - [01/Feb/2024 15:21:23] "GET /static/img/img-164.png HTTP/1.1" 200 -
[2024-02-01 15:21:23,672] INFO in _internal: 127.0.0.1 - - [01/Feb/2024 15:21:23] "GET /static/img/img-167.png HTTP/1.1" 200 -
[2024-02-01 15:21:23,686] INFO in _internal: 127.0.0.1 - - [01/Feb/2024 15:21:23] "GET /static/img/img-168.png HTTP/1.1" 200 -
[2024-02-01 15:21:23,720] INFO in _internal: 127.0.0.1 - - [01/Feb/2024 15:21:23] "GET /static/img/img-166.png HTTP/1.1" 200 -
[2024-02-01 15:21:23,763] INFO in _internal: 127.0.0.1 - - [01/Feb/2024 15:21:23] "GET /static/img/img-169.png HTTP/1.1" 200 -
[2024-02-01 15:21:23,833] INFO in _internal: 127.0.0.1 - - [01/Feb/2024 15:21:23] "GET /static/img/img-170.png HTTP/1.1" 200 -
[2024-02-01 15:21:23,905] INFO in _internal: 127.0.0.1 - - [01/Feb/2024 15:21:23] "GET /static/img/img-171.png HTTP/1.1" 200 -
[2024-02-01 15:21:23,980] INFO in _internal: 127.0.0.1 - - [01/Feb/2024 15:21:23] "GET /static/img/img-173.png HTTP/1.1" 200 -
[2024-02-01 15:21:24,012] INFO in _internal: 127.0.0.1 - - [01/Feb/2024 15:21:24] "GET /static/img/img-172.png HTTP/1.1" 200 -
[2024-02-01 15:21:24,022] INFO in _internal: 127.0.0.1 - - [01/Feb/2024 15:21:24] "GET /static/img/img-174.png HTTP/1.1" 200 -
[2024-02-01 15:21:24,135] INFO in _internal: 127.0.0.1 - - [01/Feb/2024 15:21:24] "GET /static/img/img-175.png HTTP/1.1" 200 -
[2024-02-01 15:21:24,144] INFO in _internal: 127.0.0.1 - - [01/Feb/2024 15:21:24] "GET /static/img/img-176.png HTTP/1.1" 200 -
[2024-02-01 15:21:24,173] INFO in _internal: 127.0.0.1 - - [01/Feb/2024 15:21:24] "GET /static/img/img-177.png HTTP/1.1" 200 -
[2024-02-01 15:21:24,193] INFO in _internal: 127.0.0.1 - - [01/Feb/2024 15:21:24] "GET /static/img/img-178.png HTTP/1.1" 200 -
[2024-02-01 15:21:24,236] INFO in _internal: 127.0.0.1 - - [01/Feb/2024 15:21:24] "GET /static/img/img-179.png HTTP/1.1" 200 -
[2024-02-01 15:21:24,279] INFO in _internal: 127.0.0.1 - - [01/Feb/2024 15:21:24] "GET /static/img/img-180.png HTTP/1.1" 200 -
[2024-02-01 15:21:24,321] INFO in _internal: 127.0.0.1 - - [01/Feb/2024 15:21:24] "GET /static/img/img-181.png HTTP/1.1" 200 -
[2024-02-01 15:21:24,342] INFO in _internal: 127.0.0.1 - - [01/Feb/2024 15:21:24] "GET /static/img/img-182.png HTTP/1.1" 200 -
[2024-02-01 15:21:24,420] INFO in _internal: 127.0.0.1 - - [01/Feb/2024 15:21:24] "GET /static/img/img-184.png HTTP/1.1" 200 -
[2024-02-01 15:21:24,421] INFO in _internal: 127.0.0.1 - - [01/Feb/2024 15:21:24] "GET /static/img/img-185.png HTTP/1.1" 200 -
[2024-02-01 15:21:24,442] INFO in _internal: 127.0.0.1 - - [01/Feb/2024 15:21:24] "GET /static/img/img-186.png HTTP/1.1" 200 -
[2024-02-01 15:21:24,457] INFO in _internal: 127.0.0.1 - - [01/Feb/2024 15:21:24] "GET /static/img/img-183.png HTTP/1.1" 200 -
[2024-02-01 15:21:24,496] INFO in _internal: 127.0.0.1 - - [01/Feb/2024 15:21:24] "GET /static/img/img-187.png HTTP/1.1" 200 -
[2024-02-01 15:21:24,543] INFO in _internal: 127.0.0.1 - - [01/Feb/2024 15:21:24] "GET /static/img/img-189.png HTTP/1.1" 200 -
[2024-02-01 15:21:24,546] INFO in _internal: 127.0.0.1 - - [01/Feb/2024 15:21:24] "GET /static/img/img-188.png HTTP/1.1" 200 -
[2024-02-01 15:21:24,557] INFO in _internal: 127.0.0.1 - - [01/Feb/2024 15:21:24] "GET /static/img/img-190.png HTTP/1.1" 200 -
[2024-02-01 15:21:24,620] INFO in _internal: 127.0.0.1 - - [01/Feb/2024 15:21:24] "GET /static/img/img-192.png HTTP/1.1" 200 -
[2024-02-01 15:21:24,703] INFO in _internal: 127.0.0.1 - - [01/Feb/2024 15:21:24] "GET /static/img/img-191.png HTTP/1.1" 200 -
[2024-02-01 15:23:27,449] INFO in _internal: 127.0.0.1 - - [01/Feb/2024 15:23:27] "GET /escort HTTP/1.1" 200 -
[2024-02-01 15:23:27,478] INFO in _internal: 127.0.0.1 - - [01/Feb/2024 15:23:27] "[36mGET /static/css/escort.css HTTP/1.1[0m" 304 -
[2024-02-01 15:23:27,483] INFO in _internal: 127.0.0.1 - - [01/Feb/2024 15:23:27] "[36mGET /static/img/logo.png HTTP/1.1[0m" 304 -
[2024-02-01 15:23:27,485] INFO in _internal: 127.0.0.1 - - [01/Feb/2024 15:23:27] "[36mGET /static/img/area.png HTTP/1.1[0m" 304 -
[2024-02-01 15:23:27,489] INFO in _internal: 127.0.0.1 - - [01/Feb/2024 15:23:27] "[36mGET /static/js/escort.js HTTP/1.1[0m" 304 -
[2024-02-01 15:23:27,515] INFO in _internal: 127.0.0.1 - - [01/Feb/2024 15:23:27] "[36mGET /static/img/1.jpg HTTP/1.1[0m" 304 -
[2024-02-01 15:23:27,517] INFO in _internal: 127.0.0.1 - - [01/Feb/2024 15:23:27] "[36mGET /static/img/3.jpg HTTP/1.1[0m" 304 -
[2024-02-01 15:23:27,517] INFO in _internal: 127.0.0.1 - - [01/Feb/2024 15:23:27] "[36mGET /static/img/2.jpg HTTP/1.1[0m" 304 -
[2024-02-01 15:23:27,519] INFO in _internal: 127.0.0.1 - - [01/Feb/2024 15:23:27] "[36mGET /static/img/4.jpg HTTP/1.1[0m" 304 -
[2024-02-01 15:23:27,521] INFO in _internal: 127.0.0.1 - - [01/Feb/2024 15:23:27] "[36mGET /static/img/19.jpg HTTP/1.1[0m" 304 -
[2024-02-01 15:23:27,529] INFO in _internal: 127.0.0.1 - - [01/Feb/2024 15:23:27] "[36mGET /static/img/20.jpg HTTP/1.1[0m" 304 -
[2024-02-01 15:23:27,538] INFO in _internal: 127.0.0.1 - - [01/Feb/2024 15:23:27] "[36mGET /static/img/21.jpg HTTP/1.1[0m" 304 -
[2024-02-01 15:23:27,552] INFO in _internal: 127.0.0.1 - - [01/Feb/2024 15:23:27] "[36mGET /static/img/22.jpg HTTP/1.1[0m" 304 -
[2024-02-01 15:25:36,111] INFO in _internal: 127.0.0.1 - - [01/Feb/2024 15:25:36] "[36mGET /static/css/escort.css HTTP/1.1[0m" 304 -
[2024-02-01 15:43:20,702] INFO in _internal: 127.0.0.1 - - [01/Feb/2024 15:43:20] "GET /test HTTP/1.1" 200 -
[2024-02-01 15:43:20,737] INFO in _internal: 127.0.0.1 - - [01/Feb/2024 15:43:20] "[36mGET /static/img/1.jpg HTTP/1.1[0m" 304 -
[2024-02-01 15:43:20,767] INFO in _internal: 127.0.0.1 - - [01/Feb/2024 15:43:20] "[36mGET /static/img/3.jpg HTTP/1.1[0m" 304 -
[2024-02-01 15:43:20,767] INFO in _internal: 127.0.0.1 - - [01/Feb/2024 15:43:20] "[36mGET /static/img/2.jpg HTTP/1.1[0m" 304 -
[2024-02-01 15:43:20,774] INFO in _internal: 127.0.0.1 - - [01/Feb/2024 15:43:20] "[36mGET /static/img/19.jpg HTTP/1.1[0m" 304 -
[2024-02-01 15:43:20,782] INFO in _internal: 127.0.0.1 - - [01/Feb/2024 15:43:20] "[36mGET /static/js/test.js HTTP/1.1[0m" 304 -
[2024-02-01 15:43:20,784] INFO in _internal: 127.0.0.1 - - [01/Feb/2024 15:43:20] "[36mGET /static/img/4.jpg HTTP/1.1[0m" 304 -
[2024-02-01 15:43:20,790] INFO in _internal: 127.0.0.1 - - [01/Feb/2024 15:43:20] "[36mGET /static/img/20.jpg HTTP/1.1[0m" 304 -
[2024-02-01 15:43:20,798] INFO in _internal: 127.0.0.1 - - [01/Feb/2024 15:43:20] "[36mGET /static/img/21.jpg HTTP/1.1[0m" 304 -
[2024-02-01 15:43:20,803] INFO in _internal: 127.0.0.1 - - [01/Feb/2024 15:43:20] "[36mGET /static/img/22.jpg HTTP/1.1[0m" 304 -
[2024-02-01 15:47:22,186] INFO in _internal: 127.0.0.1 - - [01/Feb/2024 15:47:22] "GET / HTTP/1.1" 200 -
[2024-02-01 15:47:22,217] INFO in _internal: 127.0.0.1 - - [01/Feb/2024 15:47:22] "[36mGET /static/css/templatemo-style.css HTTP/1.1[0m" 304 -
[2024-02-01 15:47:22,219] INFO in _internal: 127.0.0.1 - - [01/Feb/2024 15:47:22] "[36mGET /static/css/index.css HTTP/1.1[0m" 304 -
[2024-02-01 15:47:22,223] INFO in _internal: 127.0.0.1 - - [01/Feb/2024 15:47:22] "[36mGET /static/img/logo.png HTTP/1.1[0m" 304 -
[2024-02-01 15:47:22,438] INFO in _internal: 127.0.0.1 - - [01/Feb/2024 15:47:22] "GET /sensing_data HTTP/1.1" 200 -
[2024-02-01 15:47:23,514] INFO in _internal: 127.0.0.1 - - [01/Feb/2024 15:47:23] "GET /escort HTTP/1.1" 200 -
[2024-02-01 15:47:23,540] INFO in _internal: 127.0.0.1 - - [01/Feb/2024 15:47:23] "[36mGET /static/img/logo.png HTTP/1.1[0m" 304 -
[2024-02-01 15:47:23,542] INFO in _internal: 127.0.0.1 - - [01/Feb/2024 15:47:23] "[36mGET /static/css/escort.css HTTP/1.1[0m" 304 -
[2024-02-01 15:47:23,543] INFO in _internal: 127.0.0.1 - - [01/Feb/2024 15:47:23] "[36mGET /static/img/area.png HTTP/1.1[0m" 304 -
[2024-02-01 15:47:23,546] INFO in _internal: 127.0.0.1 - - [01/Feb/2024 15:47:23] "[36mGET /static/js/escort.js HTTP/1.1[0m" 304 -
[2024-02-01 15:47:23,570] INFO in _internal: 127.0.0.1 - - [01/Feb/2024 15:47:23] "[36mGET /static/img/1.jpg HTTP/1.1[0m" 304 -
[2024-02-01 15:47:23,572] INFO in _internal: 127.0.0.1 - - [01/Feb/2024 15:47:23] "[36mGET /static/img/2.jpg HTTP/1.1[0m" 304 -
[2024-02-01 15:47:23,574] INFO in _internal: 127.0.0.1 - - [01/Feb/2024 15:47:23] "[36mGET /static/img/3.jpg HTTP/1.1[0m" 304 -
[2024-02-01 15:47:23,578] INFO in _internal: 127.0.0.1 - - [01/Feb/2024 15:47:23] "[36mGET /static/img/4.jpg HTTP/1.1[0m" 304 -
[2024-02-01 15:47:23,580] INFO in _internal: 127.0.0.1 - - [01/Feb/2024 15:47:23] "[36mGET /static/img/19.jpg HTTP/1.1[0m" 304 -
[2024-02-01 15:47:23,581] INFO in _internal: 127.0.0.1 - - [01/Feb/2024 15:47:23] "[36mGET /static/img/20.jpg HTTP/1.1[0m" 304 -
[2024-02-01 15:47:23,589] INFO in _internal: 127.0.0.1 - - [01/Feb/2024 15:47:23] "[36mGET /static/img/21.jpg HTTP/1.1[0m" 304 -
[2024-02-01 15:47:23,592] INFO in _internal: 127.0.0.1 - - [01/Feb/2024 15:47:23] "[36mGET /static/img/22.jpg HTTP/1.1[0m" 304 -
[2024-02-01 15:49:52,585] INFO in _internal:  * Detected change in 'C:\\Users\\USER\\Desktop\\ssm_web\\app\\main.py', reloading
[2024-02-01 15:49:52,586] INFO in _internal:  * Detected change in 'C:\\Users\\USER\\Desktop\\ssm_web\\app\\main.py', reloading
[2024-02-01 15:49:52,587] INFO in _internal:  * Detected change in 'C:\\Users\\USER\\Desktop\\ssm_web\\app\\main.py', reloading
[2024-02-01 15:49:53,628] INFO in _internal:  * Restarting with watchdog (windowsapi)
[2024-02-01 15:49:54,841] WARNING in _internal:  * Debugger is active!
[2024-02-01 15:49:54,858] INFO in _internal:  * Debugger PIN: 123-293-346
[2024-02-01 15:49:57,328] INFO in _internal: 127.0.0.1 - - [01/Feb/2024 15:49:57] "GET /escort HTTP/1.1" 200 -
[2024-02-01 15:49:57,670] INFO in _internal: 127.0.0.1 - - [01/Feb/2024 15:49:57] "[36mGET /static/img/logo.png HTTP/1.1[0m" 304 -
[2024-02-01 15:49:57,677] INFO in _internal: 127.0.0.1 - - [01/Feb/2024 15:49:57] "[36mGET /static/img/area.png HTTP/1.1[0m" 304 -
[2024-02-01 15:49:57,678] INFO in _internal: 127.0.0.1 - - [01/Feb/2024 15:49:57] "[36mGET /static/css/escort.css HTTP/1.1[0m" 304 -
[2024-02-01 15:49:57,680] INFO in _internal: 127.0.0.1 - - [01/Feb/2024 15:49:57] "[36mGET /static/js/escort.js HTTP/1.1[0m" 304 -
[2024-02-01 15:49:57,702] INFO in _internal: 127.0.0.1 - - [01/Feb/2024 15:49:57] "[36mGET /static/img/1.jpg HTTP/1.1[0m" 304 -
[2024-02-01 15:49:57,703] INFO in _internal: 127.0.0.1 - - [01/Feb/2024 15:49:57] "[36mGET /static/img/2.jpg HTTP/1.1[0m" 304 -
[2024-02-01 15:49:57,703] INFO in _internal: 127.0.0.1 - - [01/Feb/2024 15:49:57] "[36mGET /static/img/3.jpg HTTP/1.1[0m" 304 -
[2024-02-01 15:49:57,704] INFO in _internal: 127.0.0.1 - - [01/Feb/2024 15:49:57] "[36mGET /static/img/4.jpg HTTP/1.1[0m" 304 -
[2024-02-01 15:49:57,706] INFO in _internal: 127.0.0.1 - - [01/Feb/2024 15:49:57] "[36mGET /static/img/19.jpg HTTP/1.1[0m" 304 -
[2024-02-01 15:49:57,708] INFO in _internal: 127.0.0.1 - - [01/Feb/2024 15:49:57] "[36mGET /static/img/20.jpg HTTP/1.1[0m" 304 -
[2024-02-01 15:49:57,717] INFO in _internal: 127.0.0.1 - - [01/Feb/2024 15:49:57] "[36mGET /static/img/21.jpg HTTP/1.1[0m" 304 -
[2024-02-01 15:49:57,720] INFO in _internal: 127.0.0.1 - - [01/Feb/2024 15:49:57] "[36mGET /static/img/22.jpg HTTP/1.1[0m" 304 -
[2024-02-01 15:50:02,355] INFO in _internal: 127.0.0.1 - - [01/Feb/2024 15:50:02] "GET /escortv2 HTTP/1.1" 200 -
[2024-02-01 15:50:02,375] INFO in _internal: 127.0.0.1 - - [01/Feb/2024 15:50:02] "[36mGET /static/css/escort.css HTTP/1.1[0m" 304 -
[2024-02-01 15:50:02,385] INFO in _internal: 127.0.0.1 - - [01/Feb/2024 15:50:02] "[36mGET /static/js/escort.js HTTP/1.1[0m" 304 -
[2024-02-01 15:50:02,385] INFO in _internal: 127.0.0.1 - - [01/Feb/2024 15:50:02] "[36mGET /static/img/logo.png HTTP/1.1[0m" 304 -
[2024-02-01 15:50:02,386] INFO in _internal: 127.0.0.1 - - [01/Feb/2024 15:50:02] "[36mGET /static/img/area.png HTTP/1.1[0m" 304 -
[2024-02-01 15:50:02,401] INFO in _internal: 127.0.0.1 - - [01/Feb/2024 15:50:02] "[36mGET /static/img/1.jpg HTTP/1.1[0m" 304 -
[2024-02-01 15:50:02,408] INFO in _internal: 127.0.0.1 - - [01/Feb/2024 15:50:02] "[36mGET /static/img/2.jpg HTTP/1.1[0m" 304 -
[2024-02-01 15:50:02,410] INFO in _internal: 127.0.0.1 - - [01/Feb/2024 15:50:02] "[36mGET /static/img/3.jpg HTTP/1.1[0m" 304 -
[2024-02-01 15:50:02,414] INFO in _internal: 127.0.0.1 - - [01/Feb/2024 15:50:02] "[36mGET /static/img/4.jpg HTTP/1.1[0m" 304 -
[2024-02-01 15:50:02,418] INFO in _internal: 127.0.0.1 - - [01/Feb/2024 15:50:02] "[36mGET /static/img/19.jpg HTTP/1.1[0m" 304 -
[2024-02-01 15:50:02,426] INFO in _internal: 127.0.0.1 - - [01/Feb/2024 15:50:02] "[36mGET /static/img/20.jpg HTTP/1.1[0m" 304 -
[2024-02-01 15:50:02,427] INFO in _internal: 127.0.0.1 - - [01/Feb/2024 15:50:02] "[36mGET /static/img/21.jpg HTTP/1.1[0m" 304 -
[2024-02-01 15:50:02,430] INFO in _internal: 127.0.0.1 - - [01/Feb/2024 15:50:02] "[36mGET /static/img/22.jpg HTTP/1.1[0m" 304 -
[2024-02-01 15:50:18,110] INFO in _internal: 127.0.0.1 - - [01/Feb/2024 15:50:18] "GET /escortv2 HTTP/1.1" 200 -
[2024-02-01 15:50:18,130] INFO in _internal: 127.0.0.1 - - [01/Feb/2024 15:50:18] "[36mGET /static/css/escort.css HTTP/1.1[0m" 304 -
[2024-02-01 15:50:18,132] INFO in _internal: 127.0.0.1 - - [01/Feb/2024 15:50:18] "[36mGET /static/img/logo.png HTTP/1.1[0m" 304 -
[2024-02-01 15:50:18,134] INFO in _internal: 127.0.0.1 - - [01/Feb/2024 15:50:18] "[36mGET /static/js/escort.js HTTP/1.1[0m" 304 -
[2024-02-01 15:50:18,166] INFO in _internal: 127.0.0.1 - - [01/Feb/2024 15:50:18] "[36mGET /static/img/1.jpg HTTP/1.1[0m" 304 -
[2024-02-01 15:50:18,166] INFO in _internal: 127.0.0.1 - - [01/Feb/2024 15:50:18] "[36mGET /static/img/2.jpg HTTP/1.1[0m" 304 -
[2024-02-01 15:50:18,167] INFO in _internal: 127.0.0.1 - - [01/Feb/2024 15:50:18] "[36mGET /static/img/3.jpg HTTP/1.1[0m" 304 -
[2024-02-01 15:50:18,185] INFO in _internal: 127.0.0.1 - - [01/Feb/2024 15:50:18] "[36mGET /static/img/4.jpg HTTP/1.1[0m" 304 -
[2024-02-01 15:50:18,187] INFO in _internal: 127.0.0.1 - - [01/Feb/2024 15:50:18] "[36mGET /static/img/19.jpg HTTP/1.1[0m" 304 -
[2024-02-01 15:50:18,192] INFO in _internal: 127.0.0.1 - - [01/Feb/2024 15:50:18] "[36mGET /static/img/21.jpg HTTP/1.1[0m" 304 -
[2024-02-01 15:50:18,192] INFO in _internal: 127.0.0.1 - - [01/Feb/2024 15:50:18] "[36mGET /static/img/20.jpg HTTP/1.1[0m" 304 -
[2024-02-01 15:50:18,194] INFO in _internal: 127.0.0.1 - - [01/Feb/2024 15:50:18] "[36mGET /static/img/22.jpg HTTP/1.1[0m" 304 -
[2024-02-01 15:52:43,963] INFO in _internal: 127.0.0.1 - - [01/Feb/2024 15:52:43] "GET /escortv2 HTTP/1.1" 200 -
[2024-02-01 15:52:43,987] INFO in _internal: 127.0.0.1 - - [01/Feb/2024 15:52:43] "[36mGET /static/css/escort.css HTTP/1.1[0m" 304 -
[2024-02-01 15:52:43,988] INFO in _internal: 127.0.0.1 - - [01/Feb/2024 15:52:43] "[36mGET /static/js/escort.js HTTP/1.1[0m" 304 -
[2024-02-01 15:52:43,990] INFO in _internal: 127.0.0.1 - - [01/Feb/2024 15:52:43] "[36mGET /static/img/logo.png HTTP/1.1[0m" 304 -
[2024-02-01 15:52:44,019] INFO in _internal: 127.0.0.1 - - [01/Feb/2024 15:52:44] "[36mGET /static/img/1.jpg HTTP/1.1[0m" 304 -
[2024-02-01 15:52:44,019] INFO in _internal: 127.0.0.1 - - [01/Feb/2024 15:52:44] "[36mGET /static/img/3.jpg HTTP/1.1[0m" 304 -
[2024-02-01 15:52:44,020] INFO in _internal: 127.0.0.1 - - [01/Feb/2024 15:52:44] "[36mGET /static/img/2.jpg HTTP/1.1[0m" 304 -
[2024-02-01 15:52:44,029] INFO in _internal: 127.0.0.1 - - [01/Feb/2024 15:52:44] "[36mGET /static/img/4.jpg HTTP/1.1[0m" 304 -
[2024-02-01 15:52:44,034] INFO in _internal: 127.0.0.1 - - [01/Feb/2024 15:52:44] "[36mGET /static/img/20.jpg HTTP/1.1[0m" 304 -
[2024-02-01 15:52:44,034] INFO in _internal: 127.0.0.1 - - [01/Feb/2024 15:52:44] "[36mGET /static/img/19.jpg HTTP/1.1[0m" 304 -
[2024-02-01 15:52:44,043] INFO in _internal: 127.0.0.1 - - [01/Feb/2024 15:52:44] "[36mGET /static/img/21.jpg HTTP/1.1[0m" 304 -
[2024-02-01 15:52:44,046] INFO in _internal: 127.0.0.1 - - [01/Feb/2024 15:52:44] "[36mGET /static/img/22.jpg HTTP/1.1[0m" 304 -
[2024-02-01 15:52:46,264] INFO in _internal: 127.0.0.1 - - [01/Feb/2024 15:52:46] "GET /escortv2 HTTP/1.1" 200 -
[2024-02-01 15:52:46,285] INFO in _internal: 127.0.0.1 - - [01/Feb/2024 15:52:46] "[36mGET /static/css/escort.css HTTP/1.1[0m" 304 -
[2024-02-01 15:52:46,287] INFO in _internal: 127.0.0.1 - - [01/Feb/2024 15:52:46] "[36mGET /static/img/logo.png HTTP/1.1[0m" 304 -
[2024-02-01 15:52:46,290] INFO in _internal: 127.0.0.1 - - [01/Feb/2024 15:52:46] "[36mGET /static/js/escort.js HTTP/1.1[0m" 304 -
[2024-02-01 15:52:46,319] INFO in _internal: 127.0.0.1 - - [01/Feb/2024 15:52:46] "[36mGET /static/img/1.jpg HTTP/1.1[0m" 304 -
[2024-02-01 15:52:46,320] INFO in _internal: 127.0.0.1 - - [01/Feb/2024 15:52:46] "[36mGET /static/img/2.jpg HTTP/1.1[0m" 304 -
[2024-02-01 15:52:46,320] INFO in _internal: 127.0.0.1 - - [01/Feb/2024 15:52:46] "[36mGET /static/img/4.jpg HTTP/1.1[0m" 304 -
[2024-02-01 15:52:46,322] INFO in _internal: 127.0.0.1 - - [01/Feb/2024 15:52:46] "[36mGET /static/img/19.jpg HTTP/1.1[0m" 304 -
[2024-02-01 15:52:46,324] INFO in _internal: 127.0.0.1 - - [01/Feb/2024 15:52:46] "[36mGET /static/img/20.jpg HTTP/1.1[0m" 304 -
[2024-02-01 15:52:46,324] INFO in _internal: 127.0.0.1 - - [01/Feb/2024 15:52:46] "[36mGET /static/img/3.jpg HTTP/1.1[0m" 304 -
[2024-02-01 15:52:46,351] INFO in _internal: 127.0.0.1 - - [01/Feb/2024 15:52:46] "[36mGET /static/img/21.jpg HTTP/1.1[0m" 304 -
[2024-02-01 15:52:46,352] INFO in _internal: 127.0.0.1 - - [01/Feb/2024 15:52:46] "[36mGET /static/img/22.jpg HTTP/1.1[0m" 304 -
[2024-02-01 15:52:52,249] INFO in _internal: 127.0.0.1 - - [01/Feb/2024 15:52:52] "GET /escortv2 HTTP/1.1" 200 -
[2024-02-01 15:52:52,267] INFO in _internal: 127.0.0.1 - - [01/Feb/2024 15:52:52] "[36mGET /static/css/escort.css HTTP/1.1[0m" 304 -
[2024-02-01 15:52:52,267] INFO in _internal: 127.0.0.1 - - [01/Feb/2024 15:52:52] "[36mGET /static/js/escort.js HTTP/1.1[0m" 304 -
[2024-02-01 15:52:52,269] INFO in _internal: 127.0.0.1 - - [01/Feb/2024 15:52:52] "[36mGET /static/img/logo.png HTTP/1.1[0m" 304 -
[2024-02-01 15:52:52,299] INFO in _internal: 127.0.0.1 - - [01/Feb/2024 15:52:52] "[36mGET /static/img/1.jpg HTTP/1.1[0m" 304 -
[2024-02-01 15:52:52,301] INFO in _internal: 127.0.0.1 - - [01/Feb/2024 15:52:52] "[36mGET /static/img/2.jpg HTTP/1.1[0m" 304 -
[2024-02-01 15:52:52,303] INFO in _internal: 127.0.0.1 - - [01/Feb/2024 15:52:52] "[36mGET /static/img/3.jpg HTTP/1.1[0m" 304 -
[2024-02-01 15:52:52,306] INFO in _internal: 127.0.0.1 - - [01/Feb/2024 15:52:52] "[36mGET /static/img/19.jpg HTTP/1.1[0m" 304 -
[2024-02-01 15:52:52,310] INFO in _internal: 127.0.0.1 - - [01/Feb/2024 15:52:52] "[36mGET /static/img/4.jpg HTTP/1.1[0m" 304 -
[2024-02-01 15:52:52,313] INFO in _internal: 127.0.0.1 - - [01/Feb/2024 15:52:52] "[36mGET /static/img/20.jpg HTTP/1.1[0m" 304 -
[2024-02-01 15:52:52,320] INFO in _internal: 127.0.0.1 - - [01/Feb/2024 15:52:52] "[36mGET /static/img/21.jpg HTTP/1.1[0m" 304 -
[2024-02-01 15:52:52,325] INFO in _internal: 127.0.0.1 - - [01/Feb/2024 15:52:52] "[36mGET /static/img/22.jpg HTTP/1.1[0m" 304 -
[2024-02-01 16:02:58,001] INFO in _internal: 127.0.0.1 - - [01/Feb/2024 16:02:58] "GET /escortv2 HTTP/1.1" 200 -
[2024-02-01 16:02:58,022] INFO in _internal: 127.0.0.1 - - [01/Feb/2024 16:02:58] "[36mGET /static/css/escort.css HTTP/1.1[0m" 304 -
[2024-02-01 16:02:58,027] INFO in _internal: 127.0.0.1 - - [01/Feb/2024 16:02:58] "[36mGET /static/img/logo.png HTTP/1.1[0m" 304 -
[2024-02-01 16:02:58,028] INFO in _internal: 127.0.0.1 - - [01/Feb/2024 16:02:58] "[36mGET /static/js/escort.js HTTP/1.1[0m" 304 -
[2024-02-01 16:02:58,083] INFO in _internal: 127.0.0.1 - - [01/Feb/2024 16:02:58] "[36mGET /static/img/2.jpg HTTP/1.1[0m" 304 -
[2024-02-01 16:02:58,084] INFO in _internal: 127.0.0.1 - - [01/Feb/2024 16:02:58] "[36mGET /static/img/1.jpg HTTP/1.1[0m" 304 -
[2024-02-01 16:02:58,084] INFO in _internal: 127.0.0.1 - - [01/Feb/2024 16:02:58] "[36mGET /static/img/3.jpg HTTP/1.1[0m" 304 -
[2024-02-01 16:02:58,086] INFO in _internal: 127.0.0.1 - - [01/Feb/2024 16:02:58] "[36mGET /static/img/4.jpg HTTP/1.1[0m" 304 -
[2024-02-01 16:02:58,091] INFO in _internal: 127.0.0.1 - - [01/Feb/2024 16:02:58] "[36mGET /static/img/19.jpg HTTP/1.1[0m" 304 -
[2024-02-01 16:02:58,094] INFO in _internal: 127.0.0.1 - - [01/Feb/2024 16:02:58] "[36mGET /static/img/20.jpg HTTP/1.1[0m" 304 -
[2024-02-01 16:02:58,102] INFO in _internal: 127.0.0.1 - - [01/Feb/2024 16:02:58] "[36mGET /static/img/21.jpg HTTP/1.1[0m" 304 -
[2024-02-01 16:02:58,106] INFO in _internal: 127.0.0.1 - - [01/Feb/2024 16:02:58] "[36mGET /static/img/22.jpg HTTP/1.1[0m" 304 -
[2024-02-01 16:04:47,275] INFO in _internal: 127.0.0.1 - - [01/Feb/2024 16:04:47] "GET /escortv2 HTTP/1.1" 200 -
[2024-02-01 16:04:47,297] INFO in _internal: 127.0.0.1 - - [01/Feb/2024 16:04:47] "[36mGET /static/css/escort.css HTTP/1.1[0m" 304 -
[2024-02-01 16:04:47,297] INFO in _internal: 127.0.0.1 - - [01/Feb/2024 16:04:47] "[36mGET /static/img/logo.png HTTP/1.1[0m" 304 -
[2024-02-01 16:04:47,298] INFO in _internal: 127.0.0.1 - - [01/Feb/2024 16:04:47] "[36mGET /static/js/escort.js HTTP/1.1[0m" 304 -
[2024-02-01 16:04:47,327] INFO in _internal: 127.0.0.1 - - [01/Feb/2024 16:04:47] "[36mGET /static/img/2.jpg HTTP/1.1[0m" 304 -
[2024-02-01 16:04:47,328] INFO in _internal: 127.0.0.1 - - [01/Feb/2024 16:04:47] "[36mGET /static/img/1.jpg HTTP/1.1[0m" 304 -
[2024-02-01 16:04:47,331] INFO in _internal: 127.0.0.1 - - [01/Feb/2024 16:04:47] "[36mGET /static/img/3.jpg HTTP/1.1[0m" 304 -
[2024-02-01 16:04:47,342] INFO in _internal: 127.0.0.1 - - [01/Feb/2024 16:04:47] "[36mGET /static/img/20.jpg HTTP/1.1[0m" 304 -
[2024-02-01 16:04:47,344] INFO in _internal: 127.0.0.1 - - [01/Feb/2024 16:04:47] "[36mGET /static/img/4.jpg HTTP/1.1[0m" 304 -
[2024-02-01 16:04:47,348] INFO in _internal: 127.0.0.1 - - [01/Feb/2024 16:04:47] "[36mGET /static/img/19.jpg HTTP/1.1[0m" 304 -
[2024-02-01 16:04:47,351] INFO in _internal: 127.0.0.1 - - [01/Feb/2024 16:04:47] "[36mGET /static/img/21.jpg HTTP/1.1[0m" 304 -
[2024-02-01 16:04:47,356] INFO in _internal: 127.0.0.1 - - [01/Feb/2024 16:04:47] "[36mGET /static/img/22.jpg HTTP/1.1[0m" 304 -
[2024-02-01 16:05:29,247] INFO in _internal: 127.0.0.1 - - [01/Feb/2024 16:05:29] "GET /escortv2 HTTP/1.1" 200 -
[2024-02-01 16:05:29,272] INFO in _internal: 127.0.0.1 - - [01/Feb/2024 16:05:29] "[36mGET /static/css/escort.css HTTP/1.1[0m" 304 -
[2024-02-01 16:05:29,273] INFO in _internal: 127.0.0.1 - - [01/Feb/2024 16:05:29] "[36mGET /static/js/escort.js HTTP/1.1[0m" 304 -
[2024-02-01 16:05:29,273] INFO in _internal: 127.0.0.1 - - [01/Feb/2024 16:05:29] "[36mGET /static/img/logo.png HTTP/1.1[0m" 304 -
[2024-02-01 16:05:29,302] INFO in _internal: 127.0.0.1 - - [01/Feb/2024 16:05:29] "[36mGET /static/img/1.jpg HTTP/1.1[0m" 304 -
[2024-02-01 16:05:29,305] INFO in _internal: 127.0.0.1 - - [01/Feb/2024 16:05:29] "[36mGET /static/img/3.jpg HTTP/1.1[0m" 304 -
[2024-02-01 16:05:29,313] INFO in _internal: 127.0.0.1 - - [01/Feb/2024 16:05:29] "[36mGET /static/img/20.jpg HTTP/1.1[0m" 304 -
[2024-02-01 16:05:29,316] INFO in _internal: 127.0.0.1 - - [01/Feb/2024 16:05:29] "[36mGET /static/img/19.jpg HTTP/1.1[0m" 304 -
[2024-02-01 16:05:29,317] INFO in _internal: 127.0.0.1 - - [01/Feb/2024 16:05:29] "[36mGET /static/img/4.jpg HTTP/1.1[0m" 304 -
[2024-02-01 16:05:29,318] INFO in _internal: 127.0.0.1 - - [01/Feb/2024 16:05:29] "[36mGET /static/img/2.jpg HTTP/1.1[0m" 304 -
[2024-02-01 16:05:29,323] INFO in _internal: 127.0.0.1 - - [01/Feb/2024 16:05:29] "[36mGET /static/img/21.jpg HTTP/1.1[0m" 304 -
[2024-02-01 16:05:29,326] INFO in _internal: 127.0.0.1 - - [01/Feb/2024 16:05:29] "[36mGET /static/img/22.jpg HTTP/1.1[0m" 304 -
[2024-02-01 16:05:30,217] INFO in _internal: 127.0.0.1 - - [01/Feb/2024 16:05:30] "GET /escortv2 HTTP/1.1" 200 -
[2024-02-01 16:05:30,241] INFO in _internal: 127.0.0.1 - - [01/Feb/2024 16:05:30] "[36mGET /static/css/escort.css HTTP/1.1[0m" 304 -
[2024-02-01 16:05:30,243] INFO in _internal: 127.0.0.1 - - [01/Feb/2024 16:05:30] "[36mGET /static/img/logo.png HTTP/1.1[0m" 304 -
[2024-02-01 16:05:30,244] INFO in _internal: 127.0.0.1 - - [01/Feb/2024 16:05:30] "[36mGET /static/js/escort.js HTTP/1.1[0m" 304 -
[2024-02-01 16:05:30,273] INFO in _internal: 127.0.0.1 - - [01/Feb/2024 16:05:30] "[36mGET /static/img/1.jpg HTTP/1.1[0m" 304 -
[2024-02-01 16:05:30,275] INFO in _internal: 127.0.0.1 - - [01/Feb/2024 16:05:30] "[36mGET /static/img/3.jpg HTTP/1.1[0m" 304 -
[2024-02-01 16:05:30,283] INFO in _internal: 127.0.0.1 - - [01/Feb/2024 16:05:30] "[36mGET /static/img/2.jpg HTTP/1.1[0m" 304 -
[2024-02-01 16:05:30,285] INFO in _internal: 127.0.0.1 - - [01/Feb/2024 16:05:30] "[36mGET /static/img/20.jpg HTTP/1.1[0m" 304 -
[2024-02-01 16:05:30,286] INFO in _internal: 127.0.0.1 - - [01/Feb/2024 16:05:30] "[36mGET /static/img/4.jpg HTTP/1.1[0m" 304 -
[2024-02-01 16:05:30,286] INFO in _internal: 127.0.0.1 - - [01/Feb/2024 16:05:30] "[36mGET /static/img/19.jpg HTTP/1.1[0m" 304 -
[2024-02-01 16:05:30,291] INFO in _internal: 127.0.0.1 - - [01/Feb/2024 16:05:30] "[36mGET /static/img/21.jpg HTTP/1.1[0m" 304 -
[2024-02-01 16:05:30,302] INFO in _internal: 127.0.0.1 - - [01/Feb/2024 16:05:30] "[36mGET /static/img/22.jpg HTTP/1.1[0m" 304 -
[2024-02-01 16:05:44,121] INFO in _internal: 127.0.0.1 - - [01/Feb/2024 16:05:44] "GET /escortv2 HTTP/1.1" 200 -
[2024-02-01 16:05:44,137] INFO in _internal: 127.0.0.1 - - [01/Feb/2024 16:05:44] "[36mGET /static/css/escort.css HTTP/1.1[0m" 304 -
[2024-02-01 16:05:44,139] INFO in _internal: 127.0.0.1 - - [01/Feb/2024 16:05:44] "[36mGET /static/js/escort.js HTTP/1.1[0m" 304 -
[2024-02-01 16:05:44,141] INFO in _internal: 127.0.0.1 - - [01/Feb/2024 16:05:44] "[36mGET /static/img/logo.png HTTP/1.1[0m" 304 -
[2024-02-01 16:05:44,172] INFO in _internal: 127.0.0.1 - - [01/Feb/2024 16:05:44] "[36mGET /static/img/1.jpg HTTP/1.1[0m" 304 -
[2024-02-01 16:05:44,173] INFO in _internal: 127.0.0.1 - - [01/Feb/2024 16:05:44] "[36mGET /static/img/19.jpg HTTP/1.1[0m" 304 -
[2024-02-01 16:05:44,175] INFO in _internal: 127.0.0.1 - - [01/Feb/2024 16:05:44] "[36mGET /static/img/2.jpg HTTP/1.1[0m" 304 -
[2024-02-01 16:05:44,176] INFO in _internal: 127.0.0.1 - - [01/Feb/2024 16:05:44] "[36mGET /static/img/4.jpg HTTP/1.1[0m" 304 -
[2024-02-01 16:05:44,178] INFO in _internal: 127.0.0.1 - - [01/Feb/2024 16:05:44] "[36mGET /static/img/3.jpg HTTP/1.1[0m" 304 -
[2024-02-01 16:05:44,179] INFO in _internal: 127.0.0.1 - - [01/Feb/2024 16:05:44] "[36mGET /static/img/20.jpg HTTP/1.1[0m" 304 -
[2024-02-01 16:05:44,189] INFO in _internal: 127.0.0.1 - - [01/Feb/2024 16:05:44] "[36mGET /static/img/21.jpg HTTP/1.1[0m" 304 -
[2024-02-01 16:05:44,193] INFO in _internal: 127.0.0.1 - - [01/Feb/2024 16:05:44] "[36mGET /static/img/22.jpg HTTP/1.1[0m" 304 -
[2024-02-01 16:05:47,139] INFO in _internal: 127.0.0.1 - - [01/Feb/2024 16:05:47] "[36mGET /static/css/escort.css HTTP/1.1[0m" 304 -
[2024-02-01 16:07:30,879] INFO in _internal: 127.0.0.1 - - [01/Feb/2024 16:07:30] "GET /escortv2 HTTP/1.1" 200 -
[2024-02-01 16:07:30,901] INFO in _internal: 127.0.0.1 - - [01/Feb/2024 16:07:30] "[36mGET /static/css/escort.css HTTP/1.1[0m" 304 -
[2024-02-01 16:07:30,909] INFO in _internal: 127.0.0.1 - - [01/Feb/2024 16:07:30] "[36mGET /static/img/logo.png HTTP/1.1[0m" 304 -
[2024-02-01 16:07:30,911] INFO in _internal: 127.0.0.1 - - [01/Feb/2024 16:07:30] "[36mGET /static/js/escort.js HTTP/1.1[0m" 304 -
[2024-02-01 16:07:30,941] INFO in _internal: 127.0.0.1 - - [01/Feb/2024 16:07:30] "[36mGET /static/img/1.jpg HTTP/1.1[0m" 304 -
[2024-02-01 16:07:30,942] INFO in _internal: 127.0.0.1 - - [01/Feb/2024 16:07:30] "[36mGET /static/img/2.jpg HTTP/1.1[0m" 304 -
[2024-02-01 16:07:30,963] INFO in _internal: 127.0.0.1 - - [01/Feb/2024 16:07:30] "[36mGET /static/img/3.jpg HTTP/1.1[0m" 304 -
[2024-02-01 16:07:30,967] INFO in _internal: 127.0.0.1 - - [01/Feb/2024 16:07:30] "[36mGET /static/img/4.jpg HTTP/1.1[0m" 304 -
[2024-02-01 16:07:30,967] INFO in _internal: 127.0.0.1 - - [01/Feb/2024 16:07:30] "[36mGET /static/img/19.jpg HTTP/1.1[0m" 304 -
[2024-02-01 16:07:30,972] INFO in _internal: 127.0.0.1 - - [01/Feb/2024 16:07:30] "[36mGET /static/img/20.jpg HTTP/1.1[0m" 304 -
[2024-02-01 16:07:30,978] INFO in _internal: 127.0.0.1 - - [01/Feb/2024 16:07:30] "[36mGET /static/img/21.jpg HTTP/1.1[0m" 304 -
[2024-02-01 16:07:30,982] INFO in _internal: 127.0.0.1 - - [01/Feb/2024 16:07:30] "[36mGET /static/img/22.jpg HTTP/1.1[0m" 304 -
[2024-02-01 16:07:31,872] INFO in _internal: 127.0.0.1 - - [01/Feb/2024 16:07:31] "GET /escortv2 HTTP/1.1" 200 -
[2024-02-01 16:07:31,895] INFO in _internal: 127.0.0.1 - - [01/Feb/2024 16:07:31] "[36mGET /static/css/escort.css HTTP/1.1[0m" 304 -
[2024-02-01 16:07:31,895] INFO in _internal: 127.0.0.1 - - [01/Feb/2024 16:07:31] "[36mGET /static/img/logo.png HTTP/1.1[0m" 304 -
[2024-02-01 16:07:31,897] INFO in _internal: 127.0.0.1 - - [01/Feb/2024 16:07:31] "[36mGET /static/js/escort.js HTTP/1.1[0m" 304 -
[2024-02-01 16:07:31,964] INFO in _internal: 127.0.0.1 - - [01/Feb/2024 16:07:31] "[36mGET /static/img/1.jpg HTTP/1.1[0m" 304 -
[2024-02-01 16:07:31,976] INFO in _internal: 127.0.0.1 - - [01/Feb/2024 16:07:31] "[36mGET /static/img/2.jpg HTTP/1.1[0m" 304 -
[2024-02-01 16:07:31,980] INFO in _internal: 127.0.0.1 - - [01/Feb/2024 16:07:31] "[36mGET /static/img/4.jpg HTTP/1.1[0m" 304 -
[2024-02-01 16:07:31,984] INFO in _internal: 127.0.0.1 - - [01/Feb/2024 16:07:31] "[36mGET /static/img/3.jpg HTTP/1.1[0m" 304 -
[2024-02-01 16:07:31,987] INFO in _internal: 127.0.0.1 - - [01/Feb/2024 16:07:31] "[36mGET /static/img/19.jpg HTTP/1.1[0m" 304 -
[2024-02-01 16:07:31,999] INFO in _internal: 127.0.0.1 - - [01/Feb/2024 16:07:31] "[36mGET /static/img/21.jpg HTTP/1.1[0m" 304 -
[2024-02-01 16:07:32,001] INFO in _internal: 127.0.0.1 - - [01/Feb/2024 16:07:32] "[36mGET /static/img/20.jpg HTTP/1.1[0m" 304 -
[2024-02-01 16:07:32,004] INFO in _internal: 127.0.0.1 - - [01/Feb/2024 16:07:32] "[36mGET /static/img/22.jpg HTTP/1.1[0m" 304 -
[2024-02-01 16:07:37,313] INFO in _internal: 127.0.0.1 - - [01/Feb/2024 16:07:37] "GET /escortv2 HTTP/1.1" 200 -
[2024-02-01 16:07:37,334] INFO in _internal: 127.0.0.1 - - [01/Feb/2024 16:07:37] "[36mGET /static/css/escort.css HTTP/1.1[0m" 304 -
[2024-02-01 16:07:37,334] INFO in _internal: 127.0.0.1 - - [01/Feb/2024 16:07:37] "[36mGET /static/img/logo.png HTTP/1.1[0m" 304 -
[2024-02-01 16:07:37,336] INFO in _internal: 127.0.0.1 - - [01/Feb/2024 16:07:37] "[36mGET /static/js/escort.js HTTP/1.1[0m" 304 -
[2024-02-01 16:07:37,363] INFO in _internal: 127.0.0.1 - - [01/Feb/2024 16:07:37] "[36mGET /static/img/1.jpg HTTP/1.1[0m" 304 -
[2024-02-01 16:07:37,365] INFO in _internal: 127.0.0.1 - - [01/Feb/2024 16:07:37] "[36mGET /static/img/2.jpg HTTP/1.1[0m" 304 -
[2024-02-01 16:07:37,366] INFO in _internal: 127.0.0.1 - - [01/Feb/2024 16:07:37] "[36mGET /static/img/19.jpg HTTP/1.1[0m" 304 -
[2024-02-01 16:07:37,367] INFO in _internal: 127.0.0.1 - - [01/Feb/2024 16:07:37] "[36mGET /static/img/20.jpg HTTP/1.1[0m" 304 -
[2024-02-01 16:07:37,373] INFO in _internal: 127.0.0.1 - - [01/Feb/2024 16:07:37] "[36mGET /static/img/3.jpg HTTP/1.1[0m" 304 -
[2024-02-01 16:07:37,375] INFO in _internal: 127.0.0.1 - - [01/Feb/2024 16:07:37] "[36mGET /static/img/4.jpg HTTP/1.1[0m" 304 -
[2024-02-01 16:07:37,382] INFO in _internal: 127.0.0.1 - - [01/Feb/2024 16:07:37] "[36mGET /static/img/21.jpg HTTP/1.1[0m" 304 -
[2024-02-01 16:07:37,384] INFO in _internal: 127.0.0.1 - - [01/Feb/2024 16:07:37] "[36mGET /static/img/22.jpg HTTP/1.1[0m" 304 -
[2024-02-01 16:07:38,582] INFO in _internal: 127.0.0.1 - - [01/Feb/2024 16:07:38] "GET /escortv2 HTTP/1.1" 200 -
[2024-02-01 16:07:38,600] INFO in _internal: 127.0.0.1 - - [01/Feb/2024 16:07:38] "[36mGET /static/css/escort.css HTTP/1.1[0m" 304 -
[2024-02-01 16:07:38,601] INFO in _internal: 127.0.0.1 - - [01/Feb/2024 16:07:38] "[36mGET /static/img/logo.png HTTP/1.1[0m" 304 -
[2024-02-01 16:07:38,601] INFO in _internal: 127.0.0.1 - - [01/Feb/2024 16:07:38] "[36mGET /static/js/escort.js HTTP/1.1[0m" 304 -
[2024-02-01 16:07:38,631] INFO in _internal: 127.0.0.1 - - [01/Feb/2024 16:07:38] "[36mGET /static/img/1.jpg HTTP/1.1[0m" 304 -
[2024-02-01 16:07:38,633] INFO in _internal: 127.0.0.1 - - [01/Feb/2024 16:07:38] "[36mGET /static/img/2.jpg HTTP/1.1[0m" 304 -
[2024-02-01 16:07:38,633] INFO in _internal: 127.0.0.1 - - [01/Feb/2024 16:07:38] "[36mGET /static/img/3.jpg HTTP/1.1[0m" 304 -
[2024-02-01 16:07:38,636] INFO in _internal: 127.0.0.1 - - [01/Feb/2024 16:07:38] "[36mGET /static/img/4.jpg HTTP/1.1[0m" 304 -
[2024-02-01 16:07:38,642] INFO in _internal: 127.0.0.1 - - [01/Feb/2024 16:07:38] "[36mGET /static/img/19.jpg HTTP/1.1[0m" 304 -
[2024-02-01 16:07:38,654] INFO in _internal: 127.0.0.1 - - [01/Feb/2024 16:07:38] "[36mGET /static/img/20.jpg HTTP/1.1[0m" 304 -
[2024-02-01 16:07:38,655] INFO in _internal: 127.0.0.1 - - [01/Feb/2024 16:07:38] "[36mGET /static/img/21.jpg HTTP/1.1[0m" 304 -
[2024-02-01 16:07:38,657] INFO in _internal: 127.0.0.1 - - [01/Feb/2024 16:07:38] "[36mGET /static/img/22.jpg HTTP/1.1[0m" 304 -
[2024-02-01 16:07:39,263] INFO in _internal: 127.0.0.1 - - [01/Feb/2024 16:07:39] "GET /escortv2 HTTP/1.1" 200 -
[2024-02-01 16:07:39,279] INFO in _internal: 127.0.0.1 - - [01/Feb/2024 16:07:39] "[36mGET /static/css/escort.css HTTP/1.1[0m" 304 -
[2024-02-01 16:07:39,280] INFO in _internal: 127.0.0.1 - - [01/Feb/2024 16:07:39] "[36mGET /static/js/escort.js HTTP/1.1[0m" 304 -
[2024-02-01 16:07:39,281] INFO in _internal: 127.0.0.1 - - [01/Feb/2024 16:07:39] "[36mGET /static/img/logo.png HTTP/1.1[0m" 304 -
[2024-02-01 16:07:39,308] INFO in _internal: 127.0.0.1 - - [01/Feb/2024 16:07:39] "[36mGET /static/img/2.jpg HTTP/1.1[0m" 304 -
[2024-02-01 16:07:39,311] INFO in _internal: 127.0.0.1 - - [01/Feb/2024 16:07:39] "[36mGET /static/img/1.jpg HTTP/1.1[0m" 304 -
[2024-02-01 16:07:39,312] INFO in _internal: 127.0.0.1 - - [01/Feb/2024 16:07:39] "[36mGET /static/img/19.jpg HTTP/1.1[0m" 304 -
[2024-02-01 16:07:39,314] INFO in _internal: 127.0.0.1 - - [01/Feb/2024 16:07:39] "[36mGET /static/img/20.jpg HTTP/1.1[0m" 304 -
[2024-02-01 16:07:39,315] INFO in _internal: 127.0.0.1 - - [01/Feb/2024 16:07:39] "[36mGET /static/img/3.jpg HTTP/1.1[0m" 304 -
[2024-02-01 16:07:39,320] INFO in _internal: 127.0.0.1 - - [01/Feb/2024 16:07:39] "[36mGET /static/img/4.jpg HTTP/1.1[0m" 304 -
[2024-02-01 16:07:39,326] INFO in _internal: 127.0.0.1 - - [01/Feb/2024 16:07:39] "[36mGET /static/img/21.jpg HTTP/1.1[0m" 304 -
[2024-02-01 16:07:39,329] INFO in _internal: 127.0.0.1 - - [01/Feb/2024 16:07:39] "[36mGET /static/img/22.jpg HTTP/1.1[0m" 304 -
[2024-02-01 16:07:41,732] INFO in _internal: 127.0.0.1 - - [01/Feb/2024 16:07:41] "[36mGET /static/css/escort.css HTTP/1.1[0m" 304 -
[2024-02-01 16:08:33,212] INFO in _internal: 127.0.0.1 - - [01/Feb/2024 16:08:33] "GET /escortv2 HTTP/1.1" 200 -
[2024-02-01 16:08:33,234] INFO in _internal: 127.0.0.1 - - [01/Feb/2024 16:08:33] "GET /static/css/escortv2.css HTTP/1.1" 200 -
[2024-02-01 16:08:33,244] INFO in _internal: 127.0.0.1 - - [01/Feb/2024 16:08:33] "GET /static/js/escortv2.js HTTP/1.1" 200 -
[2024-02-01 16:08:33,245] INFO in _internal: 127.0.0.1 - - [01/Feb/2024 16:08:33] "[36mGET /static/img/logo.png HTTP/1.1[0m" 304 -
[2024-02-01 16:08:33,301] INFO in _internal: 127.0.0.1 - - [01/Feb/2024 16:08:33] "[36mGET /static/img/1.jpg HTTP/1.1[0m" 304 -
[2024-02-01 16:08:33,303] INFO in _internal: 127.0.0.1 - - [01/Feb/2024 16:08:33] "[36mGET /static/img/2.jpg HTTP/1.1[0m" 304 -
[2024-02-01 16:08:33,310] INFO in _internal: 127.0.0.1 - - [01/Feb/2024 16:08:33] "[36mGET /static/img/3.jpg HTTP/1.1[0m" 304 -
[2024-02-01 16:08:33,315] INFO in _internal: 127.0.0.1 - - [01/Feb/2024 16:08:33] "[36mGET /static/img/4.jpg HTTP/1.1[0m" 304 -
[2024-02-01 16:08:33,335] INFO in _internal: 127.0.0.1 - - [01/Feb/2024 16:08:33] "[36mGET /static/img/19.jpg HTTP/1.1[0m" 304 -
[2024-02-01 16:08:33,340] INFO in _internal: 127.0.0.1 - - [01/Feb/2024 16:08:33] "[36mGET /static/img/20.jpg HTTP/1.1[0m" 304 -
[2024-02-01 16:08:33,344] INFO in _internal: 127.0.0.1 - - [01/Feb/2024 16:08:33] "[36mGET /static/img/21.jpg HTTP/1.1[0m" 304 -
[2024-02-01 16:08:33,351] INFO in _internal: 127.0.0.1 - - [01/Feb/2024 16:08:33] "[36mGET /static/img/22.jpg HTTP/1.1[0m" 304 -
[2024-02-01 16:08:48,417] INFO in _internal: 127.0.0.1 - - [01/Feb/2024 16:08:48] "GET /escortv2 HTTP/1.1" 200 -
[2024-02-01 16:08:48,435] INFO in _internal: 127.0.0.1 - - [01/Feb/2024 16:08:48] "GET /static/css/escortv2.css HTTP/1.1" 200 -
[2024-02-01 16:08:48,437] INFO in _internal: 127.0.0.1 - - [01/Feb/2024 16:08:48] "[36mGET /static/img/logo.png HTTP/1.1[0m" 304 -
[2024-02-01 16:08:48,438] INFO in _internal: 127.0.0.1 - - [01/Feb/2024 16:08:48] "[36mGET /static/js/escortv2.js HTTP/1.1[0m" 304 -
[2024-02-01 16:08:48,500] INFO in _internal: 127.0.0.1 - - [01/Feb/2024 16:08:48] "[36mGET /static/img/1.jpg HTTP/1.1[0m" 304 -
[2024-02-01 16:08:48,500] INFO in _internal: 127.0.0.1 - - [01/Feb/2024 16:08:48] "[36mGET /static/img/2.jpg HTTP/1.1[0m" 304 -
[2024-02-01 16:08:48,512] INFO in _internal: 127.0.0.1 - - [01/Feb/2024 16:08:48] "[36mGET /static/img/3.jpg HTTP/1.1[0m" 304 -
[2024-02-01 16:08:48,521] INFO in _internal: 127.0.0.1 - - [01/Feb/2024 16:08:48] "[36mGET /static/img/4.jpg HTTP/1.1[0m" 304 -
[2024-02-01 16:08:48,525] INFO in _internal: 127.0.0.1 - - [01/Feb/2024 16:08:48] "[36mGET /static/img/20.jpg HTTP/1.1[0m" 304 -
[2024-02-01 16:08:48,527] INFO in _internal: 127.0.0.1 - - [01/Feb/2024 16:08:48] "[36mGET /static/img/19.jpg HTTP/1.1[0m" 304 -
[2024-02-01 16:08:48,533] INFO in _internal: 127.0.0.1 - - [01/Feb/2024 16:08:48] "[36mGET /static/img/21.jpg HTTP/1.1[0m" 304 -
[2024-02-01 16:08:48,537] INFO in _internal: 127.0.0.1 - - [01/Feb/2024 16:08:48] "[36mGET /static/img/22.jpg HTTP/1.1[0m" 304 -
[2024-02-01 16:09:20,823] INFO in _internal: 127.0.0.1 - - [01/Feb/2024 16:09:20] "GET /escortv2 HTTP/1.1" 200 -
[2024-02-01 16:09:20,848] INFO in _internal: 127.0.0.1 - - [01/Feb/2024 16:09:20] "[36mGET /static/js/escortv2.js HTTP/1.1[0m" 304 -
[2024-02-01 16:09:20,849] INFO in _internal: 127.0.0.1 - - [01/Feb/2024 16:09:20] "GET /static/css/escortv2.css HTTP/1.1" 200 -
[2024-02-01 16:09:20,850] INFO in _internal: 127.0.0.1 - - [01/Feb/2024 16:09:20] "[36mGET /static/img/logo.png HTTP/1.1[0m" 304 -
[2024-02-01 16:09:20,874] INFO in _internal: 127.0.0.1 - - [01/Feb/2024 16:09:20] "[36mGET /static/img/1.jpg HTTP/1.1[0m" 304 -
[2024-02-01 16:09:20,875] INFO in _internal: 127.0.0.1 - - [01/Feb/2024 16:09:20] "[36mGET /static/img/2.jpg HTTP/1.1[0m" 304 -
[2024-02-01 16:09:20,881] INFO in _internal: 127.0.0.1 - - [01/Feb/2024 16:09:20] "[36mGET /static/img/3.jpg HTTP/1.1[0m" 304 -
[2024-02-01 16:09:20,882] INFO in _internal: 127.0.0.1 - - [01/Feb/2024 16:09:20] "[36mGET /static/img/4.jpg HTTP/1.1[0m" 304 -
[2024-02-01 16:09:20,895] INFO in _internal: 127.0.0.1 - - [01/Feb/2024 16:09:20] "[36mGET /static/img/19.jpg HTTP/1.1[0m" 304 -
[2024-02-01 16:09:20,899] INFO in _internal: 127.0.0.1 - - [01/Feb/2024 16:09:20] "[36mGET /static/img/20.jpg HTTP/1.1[0m" 304 -
[2024-02-01 16:09:20,903] INFO in _internal: 127.0.0.1 - - [01/Feb/2024 16:09:20] "[36mGET /static/img/21.jpg HTTP/1.1[0m" 304 -
[2024-02-01 16:09:20,903] INFO in _internal: 127.0.0.1 - - [01/Feb/2024 16:09:20] "[36mGET /static/img/22.jpg HTTP/1.1[0m" 304 -
[2024-02-01 16:17:20,882] INFO in _internal: 127.0.0.1 - - [01/Feb/2024 16:17:20] "GET /escortv2 HTTP/1.1" 200 -
[2024-02-01 16:17:20,905] INFO in _internal: 127.0.0.1 - - [01/Feb/2024 16:17:20] "GET /static/css/escortv2.css HTTP/1.1" 200 -
[2024-02-01 16:17:20,908] INFO in _internal: 127.0.0.1 - - [01/Feb/2024 16:17:20] "[36mGET /static/img/logo.png HTTP/1.1[0m" 304 -
[2024-02-01 16:17:20,909] INFO in _internal: 127.0.0.1 - - [01/Feb/2024 16:17:20] "GET /static/js/escortv2.js HTTP/1.1" 200 -
[2024-02-01 16:17:20,957] INFO in _internal: 127.0.0.1 - - [01/Feb/2024 16:17:20] "[36mGET /static/img/1.jpg HTTP/1.1[0m" 304 -
[2024-02-01 16:17:20,958] INFO in _internal: 127.0.0.1 - - [01/Feb/2024 16:17:20] "[36mGET /static/img/2.jpg HTTP/1.1[0m" 304 -
[2024-02-01 16:17:20,959] INFO in _internal: 127.0.0.1 - - [01/Feb/2024 16:17:20] "[36mGET /static/img/3.jpg HTTP/1.1[0m" 304 -
[2024-02-01 16:17:20,965] INFO in _internal: 127.0.0.1 - - [01/Feb/2024 16:17:20] "[36mGET /static/img/4.jpg HTTP/1.1[0m" 304 -
[2024-02-01 16:17:20,980] INFO in _internal: 127.0.0.1 - - [01/Feb/2024 16:17:20] "[36mGET /static/img/19.jpg HTTP/1.1[0m" 304 -
[2024-02-01 16:17:20,986] INFO in _internal: 127.0.0.1 - - [01/Feb/2024 16:17:20] "[36mGET /static/img/20.jpg HTTP/1.1[0m" 304 -
[2024-02-01 16:17:20,988] INFO in _internal: 127.0.0.1 - - [01/Feb/2024 16:17:20] "[36mGET /static/img/21.jpg HTTP/1.1[0m" 304 -
[2024-02-01 16:17:20,990] INFO in _internal: 127.0.0.1 - - [01/Feb/2024 16:17:20] "[36mGET /static/img/22.jpg HTTP/1.1[0m" 304 -
[2024-02-01 16:18:53,559] INFO in _internal: 127.0.0.1 - - [01/Feb/2024 16:18:53] "[36mGET /static/css/escortv2.css HTTP/1.1[0m" 304 -
[2024-02-01 16:20:29,073] INFO in _internal: 127.0.0.1 - - [01/Feb/2024 16:20:29] "GET /escortv2 HTTP/1.1" 200 -
[2024-02-01 16:20:29,101] INFO in _internal: 127.0.0.1 - - [01/Feb/2024 16:20:29] "[36mGET /static/css/escortv2.css HTTP/1.1[0m" 304 -
[2024-02-01 16:20:29,102] INFO in _internal: 127.0.0.1 - - [01/Feb/2024 16:20:29] "[36mGET /static/img/logo.png HTTP/1.1[0m" 304 -
[2024-02-01 16:20:29,113] INFO in _internal: 127.0.0.1 - - [01/Feb/2024 16:20:29] "[36mGET /static/js/escortv2.js HTTP/1.1[0m" 304 -
[2024-02-01 16:20:29,178] INFO in _internal: 127.0.0.1 - - [01/Feb/2024 16:20:29] "[36mGET /static/img/1.jpg HTTP/1.1[0m" 304 -
[2024-02-01 16:20:29,186] INFO in _internal: 127.0.0.1 - - [01/Feb/2024 16:20:29] "[36mGET /static/img/3.jpg HTTP/1.1[0m" 304 -
[2024-02-01 16:20:29,214] INFO in _internal: 127.0.0.1 - - [01/Feb/2024 16:20:29] "[36mGET /static/img/20.jpg HTTP/1.1[0m" 304 -
[2024-02-01 16:20:29,198] INFO in _internal: 127.0.0.1 - - [01/Feb/2024 16:20:29] "[36mGET /static/img/4.jpg HTTP/1.1[0m" 304 -
[2024-02-01 16:20:29,199] INFO in _internal: 127.0.0.1 - - [01/Feb/2024 16:20:29] "[36mGET /static/img/19.jpg HTTP/1.1[0m" 304 -
[2024-02-01 16:20:29,186] INFO in _internal: 127.0.0.1 - - [01/Feb/2024 16:20:29] "[36mGET /static/img/2.jpg HTTP/1.1[0m" 304 -
[2024-02-01 16:20:29,223] INFO in _internal: 127.0.0.1 - - [01/Feb/2024 16:20:29] "[36mGET /static/img/21.jpg HTTP/1.1[0m" 304 -
[2024-02-01 16:20:29,234] INFO in _internal: 127.0.0.1 - - [01/Feb/2024 16:20:29] "[36mGET /static/img/22.jpg HTTP/1.1[0m" 304 -
[2024-02-01 16:20:29,359] INFO in _internal: 127.0.0.1 - - [01/Feb/2024 16:20:29] "GET /escortv2 HTTP/1.1" 200 -
[2024-02-01 16:20:29,382] INFO in _internal: 127.0.0.1 - - [01/Feb/2024 16:20:29] "[36mGET /static/css/escortv2.css HTTP/1.1[0m" 304 -
[2024-02-01 16:20:29,384] INFO in _internal: 127.0.0.1 - - [01/Feb/2024 16:20:29] "[36mGET /static/img/logo.png HTTP/1.1[0m" 304 -
[2024-02-01 16:20:29,385] INFO in _internal: 127.0.0.1 - - [01/Feb/2024 16:20:29] "[36mGET /static/js/escortv2.js HTTP/1.1[0m" 304 -
[2024-02-01 16:20:29,429] INFO in _internal: 127.0.0.1 - - [01/Feb/2024 16:20:29] "[36mGET /static/img/2.jpg HTTP/1.1[0m" 304 -
[2024-02-01 16:20:29,429] INFO in _internal: 127.0.0.1 - - [01/Feb/2024 16:20:29] "[36mGET /static/img/1.jpg HTTP/1.1[0m" 304 -
[2024-02-01 16:20:29,451] INFO in _internal: 127.0.0.1 - - [01/Feb/2024 16:20:29] "[36mGET /static/img/3.jpg HTTP/1.1[0m" 304 -
[2024-02-01 16:20:29,456] INFO in _internal: 127.0.0.1 - - [01/Feb/2024 16:20:29] "[36mGET /static/img/4.jpg HTTP/1.1[0m" 304 -
[2024-02-01 16:20:29,458] INFO in _internal: 127.0.0.1 - - [01/Feb/2024 16:20:29] "[36mGET /static/img/20.jpg HTTP/1.1[0m" 304 -
[2024-02-01 16:20:29,462] INFO in _internal: 127.0.0.1 - - [01/Feb/2024 16:20:29] "[36mGET /static/img/21.jpg HTTP/1.1[0m" 304 -
[2024-02-01 16:20:29,462] INFO in _internal: 127.0.0.1 - - [01/Feb/2024 16:20:29] "[36mGET /static/img/19.jpg HTTP/1.1[0m" 304 -
[2024-02-01 16:20:29,467] INFO in _internal: 127.0.0.1 - - [01/Feb/2024 16:20:29] "[36mGET /static/img/22.jpg HTTP/1.1[0m" 304 -
[2024-02-01 16:20:39,896] INFO in _internal: 127.0.0.1 - - [01/Feb/2024 16:20:39] "[36mGET /static/css/escortv2.css HTTP/1.1[0m" 304 -
[2024-02-01 16:21:55,328] INFO in _internal: 127.0.0.1 - - [01/Feb/2024 16:21:55] "GET /escortv2 HTTP/1.1" 200 -
[2024-02-01 16:21:55,355] INFO in _internal: 127.0.0.1 - - [01/Feb/2024 16:21:55] "GET /static/css/escortv2.css HTTP/1.1" 200 -
[2024-02-01 16:21:55,357] INFO in _internal: 127.0.0.1 - - [01/Feb/2024 16:21:55] "[36mGET /static/img/logo.png HTTP/1.1[0m" 304 -
[2024-02-01 16:21:55,361] INFO in _internal: 127.0.0.1 - - [01/Feb/2024 16:21:55] "[36mGET /static/js/escortv2.js HTTP/1.1[0m" 304 -
[2024-02-01 16:21:55,393] INFO in _internal: 127.0.0.1 - - [01/Feb/2024 16:21:55] "[36mGET /static/img/1.jpg HTTP/1.1[0m" 304 -
[2024-02-01 16:21:55,396] INFO in _internal: 127.0.0.1 - - [01/Feb/2024 16:21:55] "[36mGET /static/img/2.jpg HTTP/1.1[0m" 304 -
[2024-02-01 16:21:55,415] INFO in _internal: 127.0.0.1 - - [01/Feb/2024 16:21:55] "[36mGET /static/img/3.jpg HTTP/1.1[0m" 304 -
[2024-02-01 16:21:55,421] INFO in _internal: 127.0.0.1 - - [01/Feb/2024 16:21:55] "[36mGET /static/img/4.jpg HTTP/1.1[0m" 304 -
[2024-02-01 16:21:55,432] INFO in _internal: 127.0.0.1 - - [01/Feb/2024 16:21:55] "[36mGET /static/img/19.jpg HTTP/1.1[0m" 304 -
[2024-02-01 16:21:55,436] INFO in _internal: 127.0.0.1 - - [01/Feb/2024 16:21:55] "[36mGET /static/img/20.jpg HTTP/1.1[0m" 304 -
[2024-02-01 16:21:55,438] INFO in _internal: 127.0.0.1 - - [01/Feb/2024 16:21:55] "[36mGET /static/img/21.jpg HTTP/1.1[0m" 304 -
[2024-02-01 16:21:55,442] INFO in _internal: 127.0.0.1 - - [01/Feb/2024 16:21:55] "[36mGET /static/img/22.jpg HTTP/1.1[0m" 304 -
[2024-02-01 16:22:05,337] INFO in _internal: 127.0.0.1 - - [01/Feb/2024 16:22:05] "GET /escortv2 HTTP/1.1" 200 -
[2024-02-01 16:22:05,357] INFO in _internal: 127.0.0.1 - - [01/Feb/2024 16:22:05] "GET /static/css/escortv2.css HTTP/1.1" 200 -
[2024-02-01 16:22:05,358] INFO in _internal: 127.0.0.1 - - [01/Feb/2024 16:22:05] "[36mGET /static/js/escortv2.js HTTP/1.1[0m" 304 -
[2024-02-01 16:22:05,361] INFO in _internal: 127.0.0.1 - - [01/Feb/2024 16:22:05] "[36mGET /static/img/logo.png HTTP/1.1[0m" 304 -
[2024-02-01 16:22:05,405] INFO in _internal: 127.0.0.1 - - [01/Feb/2024 16:22:05] "[36mGET /static/img/1.jpg HTTP/1.1[0m" 304 -
[2024-02-01 16:22:05,418] INFO in _internal: 127.0.0.1 - - [01/Feb/2024 16:22:05] "[36mGET /static/img/2.jpg HTTP/1.1[0m" 304 -
[2024-02-01 16:22:05,420] INFO in _internal: 127.0.0.1 - - [01/Feb/2024 16:22:05] "[36mGET /static/img/3.jpg HTTP/1.1[0m" 304 -
[2024-02-01 16:22:05,423] INFO in _internal: 127.0.0.1 - - [01/Feb/2024 16:22:05] "[36mGET /static/img/4.jpg HTTP/1.1[0m" 304 -
[2024-02-01 16:22:05,428] INFO in _internal: 127.0.0.1 - - [01/Feb/2024 16:22:05] "[36mGET /static/img/19.jpg HTTP/1.1[0m" 304 -
[2024-02-01 16:22:05,434] INFO in _internal: 127.0.0.1 - - [01/Feb/2024 16:22:05] "[36mGET /static/img/20.jpg HTTP/1.1[0m" 304 -
[2024-02-01 16:22:05,440] INFO in _internal: 127.0.0.1 - - [01/Feb/2024 16:22:05] "[36mGET /static/img/21.jpg HTTP/1.1[0m" 304 -
[2024-02-01 16:22:05,442] INFO in _internal: 127.0.0.1 - - [01/Feb/2024 16:22:05] "[36mGET /static/img/22.jpg HTTP/1.1[0m" 304 -
[2024-02-01 16:24:44,841] INFO in _internal: 127.0.0.1 - - [01/Feb/2024 16:24:44] "GET /escortv2 HTTP/1.1" 200 -
[2024-02-01 16:24:44,871] INFO in _internal: 127.0.0.1 - - [01/Feb/2024 16:24:44] "GET /static/css/escortv2.css HTTP/1.1" 200 -
[2024-02-01 16:24:44,872] INFO in _internal: 127.0.0.1 - - [01/Feb/2024 16:24:44] "[36mGET /static/img/logo.png HTTP/1.1[0m" 304 -
[2024-02-01 16:24:44,873] INFO in _internal: 127.0.0.1 - - [01/Feb/2024 16:24:44] "[36mGET /static/js/escortv2.js HTTP/1.1[0m" 304 -
[2024-02-01 16:24:44,906] INFO in _internal: 127.0.0.1 - - [01/Feb/2024 16:24:44] "[36mGET /static/img/1.jpg HTTP/1.1[0m" 304 -
[2024-02-01 16:24:44,929] INFO in _internal: 127.0.0.1 - - [01/Feb/2024 16:24:44] "[36mGET /static/img/2.jpg HTTP/1.1[0m" 304 -
[2024-02-01 16:24:44,930] INFO in _internal: 127.0.0.1 - - [01/Feb/2024 16:24:44] "[36mGET /static/img/3.jpg HTTP/1.1[0m" 304 -
[2024-02-01 16:24:44,961] INFO in _internal: 127.0.0.1 - - [01/Feb/2024 16:24:44] "[36mGET /static/img/4.jpg HTTP/1.1[0m" 304 -
[2024-02-01 16:24:44,967] INFO in _internal: 127.0.0.1 - - [01/Feb/2024 16:24:44] "[36mGET /static/img/19.jpg HTTP/1.1[0m" 304 -
[2024-02-01 16:24:44,981] INFO in _internal: 127.0.0.1 - - [01/Feb/2024 16:24:44] "[36mGET /static/img/20.jpg HTTP/1.1[0m" 304 -
[2024-02-01 16:24:44,990] INFO in _internal: 127.0.0.1 - - [01/Feb/2024 16:24:44] "[36mGET /static/img/21.jpg HTTP/1.1[0m" 304 -
[2024-02-01 16:24:44,992] INFO in _internal: 127.0.0.1 - - [01/Feb/2024 16:24:44] "[36mGET /static/img/22.jpg HTTP/1.1[0m" 304 -
[2024-02-01 16:25:53,865] INFO in _internal: 127.0.0.1 - - [01/Feb/2024 16:25:53] "GET /escortv2 HTTP/1.1" 200 -
[2024-02-01 16:25:53,888] INFO in _internal: 127.0.0.1 - - [01/Feb/2024 16:25:53] "[36mGET /static/css/escortv2.css HTTP/1.1[0m" 304 -
[2024-02-01 16:25:53,889] INFO in _internal: 127.0.0.1 - - [01/Feb/2024 16:25:53] "[36mGET /static/img/logo.png HTTP/1.1[0m" 304 -
[2024-02-01 16:25:53,890] INFO in _internal: 127.0.0.1 - - [01/Feb/2024 16:25:53] "[36mGET /static/img/area.png HTTP/1.1[0m" 304 -
[2024-02-01 16:25:53,892] INFO in _internal: 127.0.0.1 - - [01/Feb/2024 16:25:53] "[36mGET /static/js/escortv2.js HTTP/1.1[0m" 304 -
[2024-02-01 16:25:53,920] INFO in _internal: 127.0.0.1 - - [01/Feb/2024 16:25:53] "[36mGET /static/img/1.jpg HTTP/1.1[0m" 304 -
[2024-02-01 16:25:53,921] INFO in _internal: 127.0.0.1 - - [01/Feb/2024 16:25:53] "[36mGET /static/img/2.jpg HTTP/1.1[0m" 304 -
[2024-02-01 16:25:53,922] INFO in _internal: 127.0.0.1 - - [01/Feb/2024 16:25:53] "[36mGET /static/img/3.jpg HTTP/1.1[0m" 304 -
[2024-02-01 16:25:53,923] INFO in _internal: 127.0.0.1 - - [01/Feb/2024 16:25:53] "[36mGET /static/img/4.jpg HTTP/1.1[0m" 304 -
[2024-02-01 16:25:53,928] INFO in _internal: 127.0.0.1 - - [01/Feb/2024 16:25:53] "[36mGET /static/img/19.jpg HTTP/1.1[0m" 304 -
[2024-02-01 16:25:53,939] INFO in _internal: 127.0.0.1 - - [01/Feb/2024 16:25:53] "[36mGET /static/img/20.jpg HTTP/1.1[0m" 304 -
[2024-02-01 16:25:53,939] INFO in _internal: 127.0.0.1 - - [01/Feb/2024 16:25:53] "[36mGET /static/img/21.jpg HTTP/1.1[0m" 304 -
[2024-02-01 16:25:53,940] INFO in _internal: 127.0.0.1 - - [01/Feb/2024 16:25:53] "[36mGET /static/img/22.jpg HTTP/1.1[0m" 304 -
[2024-02-01 16:26:33,250] INFO in _internal: 127.0.0.1 - - [01/Feb/2024 16:26:33] "GET /escortv2 HTTP/1.1" 200 -
[2024-02-01 16:26:33,271] INFO in _internal: 127.0.0.1 - - [01/Feb/2024 16:26:33] "[36mGET /static/css/escortv2.css HTTP/1.1[0m" 304 -
[2024-02-01 16:26:33,271] INFO in _internal: 127.0.0.1 - - [01/Feb/2024 16:26:33] "[36mGET /static/img/logo.png HTTP/1.1[0m" 304 -
[2024-02-01 16:26:33,273] INFO in _internal: 127.0.0.1 - - [01/Feb/2024 16:26:33] "[36mGET /static/js/escortv2.js HTTP/1.1[0m" 304 -
[2024-02-01 16:26:33,304] INFO in _internal: 127.0.0.1 - - [01/Feb/2024 16:26:33] "[36mGET /static/img/1.jpg HTTP/1.1[0m" 304 -
[2024-02-01 16:26:33,306] INFO in _internal: 127.0.0.1 - - [01/Feb/2024 16:26:33] "[36mGET /static/img/2.jpg HTTP/1.1[0m" 304 -
[2024-02-01 16:26:33,319] INFO in _internal: 127.0.0.1 - - [01/Feb/2024 16:26:33] "[36mGET /static/img/3.jpg HTTP/1.1[0m" 304 -
[2024-02-01 16:26:33,321] INFO in _internal: 127.0.0.1 - - [01/Feb/2024 16:26:33] "[36mGET /static/img/19.jpg HTTP/1.1[0m" 304 -
[2024-02-01 16:26:33,322] INFO in _internal: 127.0.0.1 - - [01/Feb/2024 16:26:33] "[36mGET /static/img/4.jpg HTTP/1.1[0m" 304 -
[2024-02-01 16:26:33,324] INFO in _internal: 127.0.0.1 - - [01/Feb/2024 16:26:33] "[36mGET /static/img/20.jpg HTTP/1.1[0m" 304 -
[2024-02-01 16:26:33,330] INFO in _internal: 127.0.0.1 - - [01/Feb/2024 16:26:33] "[36mGET /static/img/21.jpg HTTP/1.1[0m" 304 -
[2024-02-01 16:26:33,333] INFO in _internal: 127.0.0.1 - - [01/Feb/2024 16:26:33] "[36mGET /static/img/22.jpg HTTP/1.1[0m" 304 -
[2024-02-01 16:26:43,198] INFO in _internal: 127.0.0.1 - - [01/Feb/2024 16:26:43] "GET /escortv2 HTTP/1.1" 200 -
[2024-02-01 16:26:43,212] INFO in _internal: 127.0.0.1 - - [01/Feb/2024 16:26:43] "GET /static/css/escortv2.css HTTP/1.1" 200 -
[2024-02-01 16:26:43,216] INFO in _internal: 127.0.0.1 - - [01/Feb/2024 16:26:43] "[36mGET /static/js/escortv2.js HTTP/1.1[0m" 304 -
[2024-02-01 16:26:43,218] INFO in _internal: 127.0.0.1 - - [01/Feb/2024 16:26:43] "[36mGET /static/img/logo.png HTTP/1.1[0m" 304 -
[2024-02-01 16:26:43,245] INFO in _internal: 127.0.0.1 - - [01/Feb/2024 16:26:43] "[36mGET /static/img/1.jpg HTTP/1.1[0m" 304 -
[2024-02-01 16:26:43,248] INFO in _internal: 127.0.0.1 - - [01/Feb/2024 16:26:43] "[36mGET /static/img/2.jpg HTTP/1.1[0m" 304 -
[2024-02-01 16:26:43,254] INFO in _internal: 127.0.0.1 - - [01/Feb/2024 16:26:43] "[36mGET /static/img/4.jpg HTTP/1.1[0m" 304 -
[2024-02-01 16:26:43,255] INFO in _internal: 127.0.0.1 - - [01/Feb/2024 16:26:43] "[36mGET /static/img/3.jpg HTTP/1.1[0m" 304 -
[2024-02-01 16:26:43,260] INFO in _internal: 127.0.0.1 - - [01/Feb/2024 16:26:43] "[36mGET /static/img/19.jpg HTTP/1.1[0m" 304 -
[2024-02-01 16:26:43,264] INFO in _internal: 127.0.0.1 - - [01/Feb/2024 16:26:43] "[36mGET /static/img/20.jpg HTTP/1.1[0m" 304 -
[2024-02-01 16:26:43,268] INFO in _internal: 127.0.0.1 - - [01/Feb/2024 16:26:43] "[36mGET /static/img/21.jpg HTTP/1.1[0m" 304 -
[2024-02-01 16:26:43,271] INFO in _internal: 127.0.0.1 - - [01/Feb/2024 16:26:43] "[36mGET /static/img/22.jpg HTTP/1.1[0m" 304 -
[2024-02-01 16:26:46,055] INFO in _internal: 127.0.0.1 - - [01/Feb/2024 16:26:46] "GET /escortv2 HTTP/1.1" 200 -
[2024-02-01 16:26:46,073] INFO in _internal: 127.0.0.1 - - [01/Feb/2024 16:26:46] "[36mGET /static/css/escortv2.css HTTP/1.1[0m" 304 -
[2024-02-01 16:26:46,074] INFO in _internal: 127.0.0.1 - - [01/Feb/2024 16:26:46] "[36mGET /static/js/escortv2.js HTTP/1.1[0m" 304 -
[2024-02-01 16:26:46,076] INFO in _internal: 127.0.0.1 - - [01/Feb/2024 16:26:46] "[36mGET /static/img/logo.png HTTP/1.1[0m" 304 -
[2024-02-01 16:26:46,104] INFO in _internal: 127.0.0.1 - - [01/Feb/2024 16:26:46] "[36mGET /static/img/2.jpg HTTP/1.1[0m" 304 -
[2024-02-01 16:26:46,105] INFO in _internal: 127.0.0.1 - - [01/Feb/2024 16:26:46] "[36mGET /static/img/1.jpg HTTP/1.1[0m" 304 -
[2024-02-01 16:26:46,107] INFO in _internal: 127.0.0.1 - - [01/Feb/2024 16:26:46] "[36mGET /static/img/3.jpg HTTP/1.1[0m" 304 -
[2024-02-01 16:26:46,113] INFO in _internal: 127.0.0.1 - - [01/Feb/2024 16:26:46] "[36mGET /static/img/4.jpg HTTP/1.1[0m" 304 -
[2024-02-01 16:26:46,114] INFO in _internal: 127.0.0.1 - - [01/Feb/2024 16:26:46] "[36mGET /static/img/19.jpg HTTP/1.1[0m" 304 -
[2024-02-01 16:26:46,118] INFO in _internal: 127.0.0.1 - - [01/Feb/2024 16:26:46] "[36mGET /static/img/20.jpg HTTP/1.1[0m" 304 -
[2024-02-01 16:26:46,125] INFO in _internal: 127.0.0.1 - - [01/Feb/2024 16:26:46] "[36mGET /static/img/21.jpg HTTP/1.1[0m" 304 -
[2024-02-01 16:26:46,127] INFO in _internal: 127.0.0.1 - - [01/Feb/2024 16:26:46] "[36mGET /static/img/22.jpg HTTP/1.1[0m" 304 -
[2024-02-01 16:29:49,817] INFO in _internal: 127.0.0.1 - - [01/Feb/2024 16:29:49] "GET /escortv2 HTTP/1.1" 200 -
[2024-02-01 16:29:49,840] INFO in _internal: 127.0.0.1 - - [01/Feb/2024 16:29:49] "GET /static/css/escortv2.css HTTP/1.1" 200 -
[2024-02-01 16:29:49,842] INFO in _internal: 127.0.0.1 - - [01/Feb/2024 16:29:49] "[36mGET /static/img/logo.png HTTP/1.1[0m" 304 -
[2024-02-01 16:29:49,843] INFO in _internal: 127.0.0.1 - - [01/Feb/2024 16:29:49] "GET /static/js/escortv2.js HTTP/1.1" 200 -
[2024-02-01 16:29:50,121] INFO in _internal: 127.0.0.1 - - [01/Feb/2024 16:29:50] "[36mGET /static/img/1.jpg HTTP/1.1[0m" 304 -
[2024-02-01 16:29:50,125] INFO in _internal: 127.0.0.1 - - [01/Feb/2024 16:29:50] "[36mGET /static/img/2.jpg HTTP/1.1[0m" 304 -
[2024-02-01 16:29:50,125] INFO in _internal: 127.0.0.1 - - [01/Feb/2024 16:29:50] "[36mGET /static/img/3.jpg HTTP/1.1[0m" 304 -
[2024-02-01 16:29:50,128] INFO in _internal: 127.0.0.1 - - [01/Feb/2024 16:29:50] "[36mGET /static/img/4.jpg HTTP/1.1[0m" 304 -
[2024-02-01 16:29:50,136] INFO in _internal: 127.0.0.1 - - [01/Feb/2024 16:29:50] "[36mGET /static/img/19.jpg HTTP/1.1[0m" 304 -
[2024-02-01 16:29:50,140] INFO in _internal: 127.0.0.1 - - [01/Feb/2024 16:29:50] "[36mGET /static/img/20.jpg HTTP/1.1[0m" 304 -
[2024-02-01 16:29:50,149] INFO in _internal: 127.0.0.1 - - [01/Feb/2024 16:29:50] "[36mGET /static/img/21.jpg HTTP/1.1[0m" 304 -
[2024-02-01 16:29:50,152] INFO in _internal: 127.0.0.1 - - [01/Feb/2024 16:29:50] "[36mGET /static/img/22.jpg HTTP/1.1[0m" 304 -
[2024-02-01 16:32:50,481] INFO in _internal: 127.0.0.1 - - [01/Feb/2024 16:32:50] "GET /escortv2 HTTP/1.1" 200 -
[2024-02-01 16:32:50,501] INFO in _internal: 127.0.0.1 - - [01/Feb/2024 16:32:50] "GET /static/css/escortv2.css HTTP/1.1" 200 -
[2024-02-01 16:32:50,508] INFO in _internal: 127.0.0.1 - - [01/Feb/2024 16:32:50] "[36mGET /static/img/logo.png HTTP/1.1[0m" 304 -
[2024-02-01 16:32:50,510] INFO in _internal: 127.0.0.1 - - [01/Feb/2024 16:32:50] "[36mGET /static/js/escortv2.js HTTP/1.1[0m" 304 -
[2024-02-01 16:32:50,751] INFO in _internal: 127.0.0.1 - - [01/Feb/2024 16:32:50] "[36mGET /static/img/1.jpg HTTP/1.1[0m" 304 -
[2024-02-01 16:32:50,751] INFO in _internal: 127.0.0.1 - - [01/Feb/2024 16:32:50] "[36mGET /static/img/2.jpg HTTP/1.1[0m" 304 -
[2024-02-01 16:32:50,757] INFO in _internal: 127.0.0.1 - - [01/Feb/2024 16:32:50] "[36mGET /static/img/3.jpg HTTP/1.1[0m" 304 -
[2024-02-01 16:32:50,764] INFO in _internal: 127.0.0.1 - - [01/Feb/2024 16:32:50] "[36mGET /static/img/4.jpg HTTP/1.1[0m" 304 -
[2024-02-01 16:32:50,769] INFO in _internal: 127.0.0.1 - - [01/Feb/2024 16:32:50] "[36mGET /static/img/19.jpg HTTP/1.1[0m" 304 -
[2024-02-01 16:32:50,771] INFO in _internal: 127.0.0.1 - - [01/Feb/2024 16:32:50] "[36mGET /static/img/20.jpg HTTP/1.1[0m" 304 -
[2024-02-01 16:32:50,773] INFO in _internal: 127.0.0.1 - - [01/Feb/2024 16:32:50] "[36mGET /static/img/21.jpg HTTP/1.1[0m" 304 -
[2024-02-01 16:32:50,778] INFO in _internal: 127.0.0.1 - - [01/Feb/2024 16:32:50] "[36mGET /static/img/22.jpg HTTP/1.1[0m" 304 -
[2024-02-01 16:33:15,558] INFO in _internal: 127.0.0.1 - - [01/Feb/2024 16:33:15] "GET /escortv2 HTTP/1.1" 200 -
[2024-02-01 16:33:15,583] INFO in _internal: 127.0.0.1 - - [01/Feb/2024 16:33:15] "[36mGET /static/img/logo.png HTTP/1.1[0m" 304 -
[2024-02-01 16:33:15,583] INFO in _internal: 127.0.0.1 - - [01/Feb/2024 16:33:15] "GET /static/css/escortv2.css HTTP/1.1" 200 -
[2024-02-01 16:33:15,584] INFO in _internal: 127.0.0.1 - - [01/Feb/2024 16:33:15] "[36mGET /static/js/escortv2.js HTTP/1.1[0m" 304 -
[2024-02-01 16:33:15,617] INFO in _internal: 127.0.0.1 - - [01/Feb/2024 16:33:15] "[36mGET /static/img/4.jpg HTTP/1.1[0m" 304 -
[2024-02-01 16:33:15,618] INFO in _internal: 127.0.0.1 - - [01/Feb/2024 16:33:15] "[36mGET /static/img/1.jpg HTTP/1.1[0m" 304 -
[2024-02-01 16:33:15,620] INFO in _internal: 127.0.0.1 - - [01/Feb/2024 16:33:15] "[36mGET /static/img/2.jpg HTTP/1.1[0m" 304 -
[2024-02-01 16:33:15,624] INFO in _internal: 127.0.0.1 - - [01/Feb/2024 16:33:15] "[36mGET /static/img/19.jpg HTTP/1.1[0m" 304 -
[2024-02-01 16:33:15,640] INFO in _internal: 127.0.0.1 - - [01/Feb/2024 16:33:15] "[36mGET /static/img/3.jpg HTTP/1.1[0m" 304 -
[2024-02-01 16:33:15,642] INFO in _internal: 127.0.0.1 - - [01/Feb/2024 16:33:15] "[36mGET /static/img/20.jpg HTTP/1.1[0m" 304 -
[2024-02-01 16:33:15,643] INFO in _internal: 127.0.0.1 - - [01/Feb/2024 16:33:15] "[36mGET /static/img/21.jpg HTTP/1.1[0m" 304 -
[2024-02-01 16:33:15,648] INFO in _internal: 127.0.0.1 - - [01/Feb/2024 16:33:15] "[36mGET /static/img/22.jpg HTTP/1.1[0m" 304 -
[2024-02-01 16:33:17,550] INFO in _internal: 127.0.0.1 - - [01/Feb/2024 16:33:17] "[36mGET /static/css/escortv2.css HTTP/1.1[0m" 304 -
[2024-02-01 16:36:45,120] INFO in _internal: 127.0.0.1 - - [01/Feb/2024 16:36:45] "GET /escortv2 HTTP/1.1" 200 -
[2024-02-01 16:36:45,153] INFO in _internal: 127.0.0.1 - - [01/Feb/2024 16:36:45] "GET /static/css/escortv2.css HTTP/1.1" 200 -
[2024-02-01 16:36:45,153] INFO in _internal: 127.0.0.1 - - [01/Feb/2024 16:36:45] "[36mGET /static/img/logo.png HTTP/1.1[0m" 304 -
[2024-02-01 16:36:45,154] INFO in _internal: 127.0.0.1 - - [01/Feb/2024 16:36:45] "[36mGET /static/js/escortv2.js HTTP/1.1[0m" 304 -
[2024-02-01 16:36:45,408] INFO in _internal: 127.0.0.1 - - [01/Feb/2024 16:36:45] "[36mGET /static/img/1.jpg HTTP/1.1[0m" 304 -
[2024-02-01 16:36:45,413] INFO in _internal: 127.0.0.1 - - [01/Feb/2024 16:36:45] "[36mGET /static/img/2.jpg HTTP/1.1[0m" 304 -
[2024-02-01 16:36:45,436] INFO in _internal: 127.0.0.1 - - [01/Feb/2024 16:36:45] "[36mGET /static/img/4.jpg HTTP/1.1[0m" 304 -
[2024-02-01 16:36:45,438] INFO in _internal: 127.0.0.1 - - [01/Feb/2024 16:36:45] "[36mGET /static/img/19.jpg HTTP/1.1[0m" 304 -
[2024-02-01 16:36:45,440] INFO in _internal: 127.0.0.1 - - [01/Feb/2024 16:36:45] "[36mGET /static/img/3.jpg HTTP/1.1[0m" 304 -
[2024-02-01 16:36:45,443] INFO in _internal: 127.0.0.1 - - [01/Feb/2024 16:36:45] "[36mGET /static/img/22.jpg HTTP/1.1[0m" 304 -
[2024-02-01 16:36:45,443] INFO in _internal: 127.0.0.1 - - [01/Feb/2024 16:36:45] "[36mGET /static/img/20.jpg HTTP/1.1[0m" 304 -
[2024-02-01 16:36:45,445] INFO in _internal: 127.0.0.1 - - [01/Feb/2024 16:36:45] "[36mGET /static/img/21.jpg HTTP/1.1[0m" 304 -
[2024-02-01 16:37:12,458] INFO in _internal: 127.0.0.1 - - [01/Feb/2024 16:37:12] "GET /escortv2 HTTP/1.1" 200 -
[2024-02-01 16:37:12,484] INFO in _internal: 127.0.0.1 - - [01/Feb/2024 16:37:12] "GET /static/css/escortv2.css HTTP/1.1" 200 -
[2024-02-01 16:37:12,488] INFO in _internal: 127.0.0.1 - - [01/Feb/2024 16:37:12] "[36mGET /static/img/logo.png HTTP/1.1[0m" 304 -
[2024-02-01 16:37:12,489] INFO in _internal: 127.0.0.1 - - [01/Feb/2024 16:37:12] "[36mGET /static/js/escortv2.js HTTP/1.1[0m" 304 -
[2024-02-01 16:37:12,564] INFO in _internal: 127.0.0.1 - - [01/Feb/2024 16:37:12] "[36mGET /static/img/1.jpg HTTP/1.1[0m" 304 -
[2024-02-01 16:37:12,568] INFO in _internal: 127.0.0.1 - - [01/Feb/2024 16:37:12] "[36mGET /static/img/2.jpg HTTP/1.1[0m" 304 -
[2024-02-01 16:37:12,588] INFO in _internal: 127.0.0.1 - - [01/Feb/2024 16:37:12] "[36mGET /static/img/3.jpg HTTP/1.1[0m" 304 -
[2024-02-01 16:37:12,595] INFO in _internal: 127.0.0.1 - - [01/Feb/2024 16:37:12] "[36mGET /static/img/4.jpg HTTP/1.1[0m" 304 -
[2024-02-01 16:37:12,609] INFO in _internal: 127.0.0.1 - - [01/Feb/2024 16:37:12] "[36mGET /static/img/19.jpg HTTP/1.1[0m" 304 -
[2024-02-01 16:37:12,623] INFO in _internal: 127.0.0.1 - - [01/Feb/2024 16:37:12] "[36mGET /static/img/20.jpg HTTP/1.1[0m" 304 -
[2024-02-01 16:37:12,632] INFO in _internal: 127.0.0.1 - - [01/Feb/2024 16:37:12] "[36mGET /static/img/21.jpg HTTP/1.1[0m" 304 -
[2024-02-01 16:37:12,633] INFO in _internal: 127.0.0.1 - - [01/Feb/2024 16:37:12] "[36mGET /static/img/22.jpg HTTP/1.1[0m" 304 -
[2024-02-01 16:38:26,824] INFO in _internal: 127.0.0.1 - - [01/Feb/2024 16:38:26] "GET /escortv2 HTTP/1.1" 200 -
[2024-02-01 16:38:26,849] INFO in _internal: 127.0.0.1 - - [01/Feb/2024 16:38:26] "GET /static/css/escortv2.css HTTP/1.1" 200 -
[2024-02-01 16:38:26,856] INFO in _internal: 127.0.0.1 - - [01/Feb/2024 16:38:26] "[36mGET /static/img/logo.png HTTP/1.1[0m" 304 -
[2024-02-01 16:38:26,859] INFO in _internal: 127.0.0.1 - - [01/Feb/2024 16:38:26] "[36mGET /static/js/escortv2.js HTTP/1.1[0m" 304 -
[2024-02-01 16:38:27,114] INFO in _internal: 127.0.0.1 - - [01/Feb/2024 16:38:27] "[36mGET /static/img/1.jpg HTTP/1.1[0m" 304 -
[2024-02-01 16:38:27,122] INFO in _internal: 127.0.0.1 - - [01/Feb/2024 16:38:27] "[36mGET /static/img/4.jpg HTTP/1.1[0m" 304 -
[2024-02-01 16:38:27,124] INFO in _internal: 127.0.0.1 - - [01/Feb/2024 16:38:27] "[36mGET /static/img/3.jpg HTTP/1.1[0m" 304 -
[2024-02-01 16:38:27,128] INFO in _internal: 127.0.0.1 - - [01/Feb/2024 16:38:27] "[36mGET /static/img/2.jpg HTTP/1.1[0m" 304 -
[2024-02-01 16:38:27,146] INFO in _internal: 127.0.0.1 - - [01/Feb/2024 16:38:27] "[36mGET /static/img/19.jpg HTTP/1.1[0m" 304 -
[2024-02-01 16:38:27,153] INFO in _internal: 127.0.0.1 - - [01/Feb/2024 16:38:27] "[36mGET /static/img/20.jpg HTTP/1.1[0m" 304 -
[2024-02-01 16:38:27,156] INFO in _internal: 127.0.0.1 - - [01/Feb/2024 16:38:27] "[36mGET /static/img/22.jpg HTTP/1.1[0m" 304 -
[2024-02-01 16:38:27,159] INFO in _internal: 127.0.0.1 - - [01/Feb/2024 16:38:27] "[36mGET /static/img/21.jpg HTTP/1.1[0m" 304 -
[2024-02-01 16:38:43,518] INFO in _internal: 127.0.0.1 - - [01/Feb/2024 16:38:43] "GET /escortv2 HTTP/1.1" 200 -
[2024-02-01 16:38:43,542] INFO in _internal: 127.0.0.1 - - [01/Feb/2024 16:38:43] "GET /static/css/escortv2.css HTTP/1.1" 200 -
[2024-02-01 16:38:43,544] INFO in _internal: 127.0.0.1 - - [01/Feb/2024 16:38:43] "[36mGET /static/img/logo.png HTTP/1.1[0m" 304 -
[2024-02-01 16:38:43,545] INFO in _internal: 127.0.0.1 - - [01/Feb/2024 16:38:43] "[36mGET /static/js/escortv2.js HTTP/1.1[0m" 304 -
[2024-02-01 16:38:43,631] INFO in _internal: 127.0.0.1 - - [01/Feb/2024 16:38:43] "[36mGET /static/img/1.jpg HTTP/1.1[0m" 304 -
[2024-02-01 16:38:43,642] INFO in _internal: 127.0.0.1 - - [01/Feb/2024 16:38:43] "[36mGET /static/img/2.jpg HTTP/1.1[0m" 304 -
[2024-02-01 16:38:43,647] INFO in _internal: 127.0.0.1 - - [01/Feb/2024 16:38:43] "[36mGET /static/img/4.jpg HTTP/1.1[0m" 304 -
[2024-02-01 16:38:43,648] INFO in _internal: 127.0.0.1 - - [01/Feb/2024 16:38:43] "[36mGET /static/img/3.jpg HTTP/1.1[0m" 304 -
[2024-02-01 16:38:43,650] INFO in _internal: 127.0.0.1 - - [01/Feb/2024 16:38:43] "[36mGET /static/img/19.jpg HTTP/1.1[0m" 304 -
[2024-02-01 16:38:43,653] INFO in _internal: 127.0.0.1 - - [01/Feb/2024 16:38:43] "[36mGET /static/img/20.jpg HTTP/1.1[0m" 304 -
[2024-02-01 16:38:43,669] INFO in _internal: 127.0.0.1 - - [01/Feb/2024 16:38:43] "[36mGET /static/img/22.jpg HTTP/1.1[0m" 304 -
[2024-02-01 16:38:43,670] INFO in _internal: 127.0.0.1 - - [01/Feb/2024 16:38:43] "[36mGET /static/img/21.jpg HTTP/1.1[0m" 304 -
[2024-02-01 16:39:16,103] INFO in _internal: 127.0.0.1 - - [01/Feb/2024 16:39:16] "GET /escortv2 HTTP/1.1" 200 -
[2024-02-01 16:39:16,133] INFO in _internal: 127.0.0.1 - - [01/Feb/2024 16:39:16] "GET /static/css/escortv2.css HTTP/1.1" 200 -
[2024-02-01 16:39:16,136] INFO in _internal: 127.0.0.1 - - [01/Feb/2024 16:39:16] "[36mGET /static/img/logo.png HTTP/1.1[0m" 304 -
[2024-02-01 16:39:16,138] INFO in _internal: 127.0.0.1 - - [01/Feb/2024 16:39:16] "[36mGET /static/js/escortv2.js HTTP/1.1[0m" 304 -
[2024-02-01 16:39:16,197] INFO in _internal: 127.0.0.1 - - [01/Feb/2024 16:39:16] "[36mGET /static/img/2.jpg HTTP/1.1[0m" 304 -
[2024-02-01 16:39:16,200] INFO in _internal: 127.0.0.1 - - [01/Feb/2024 16:39:16] "[36mGET /static/img/1.jpg HTTP/1.1[0m" 304 -
[2024-02-01 16:39:16,200] INFO in _internal: 127.0.0.1 - - [01/Feb/2024 16:39:16] "[36mGET /static/img/3.jpg HTTP/1.1[0m" 304 -
[2024-02-01 16:39:16,215] INFO in _internal: 127.0.0.1 - - [01/Feb/2024 16:39:16] "[36mGET /static/img/19.jpg HTTP/1.1[0m" 304 -
[2024-02-01 16:39:16,218] INFO in _internal: 127.0.0.1 - - [01/Feb/2024 16:39:16] "[36mGET /static/img/20.jpg HTTP/1.1[0m" 304 -
[2024-02-01 16:39:16,201] INFO in _internal: 127.0.0.1 - - [01/Feb/2024 16:39:16] "[36mGET /static/img/4.jpg HTTP/1.1[0m" 304 -
[2024-02-01 16:39:16,238] INFO in _internal: 127.0.0.1 - - [01/Feb/2024 16:39:16] "[36mGET /static/img/21.jpg HTTP/1.1[0m" 304 -
[2024-02-01 16:39:16,239] INFO in _internal: 127.0.0.1 - - [01/Feb/2024 16:39:16] "[36mGET /static/img/22.jpg HTTP/1.1[0m" 304 -
[2024-02-01 16:40:10,798] INFO in _internal: 127.0.0.1 - - [01/Feb/2024 16:40:10] "GET /escortv2 HTTP/1.1" 200 -
[2024-02-01 16:40:10,821] INFO in _internal: 127.0.0.1 - - [01/Feb/2024 16:40:10] "GET /static/css/escortv2.css HTTP/1.1" 200 -
[2024-02-01 16:40:10,827] INFO in _internal: 127.0.0.1 - - [01/Feb/2024 16:40:10] "[36mGET /static/img/logo.png HTTP/1.1[0m" 304 -
[2024-02-01 16:40:10,828] INFO in _internal: 127.0.0.1 - - [01/Feb/2024 16:40:10] "[36mGET /static/js/escortv2.js HTTP/1.1[0m" 304 -
[2024-02-01 16:40:11,074] INFO in _internal: 127.0.0.1 - - [01/Feb/2024 16:40:11] "[36mGET /static/img/1.jpg HTTP/1.1[0m" 304 -
[2024-02-01 16:40:11,075] INFO in _internal: 127.0.0.1 - - [01/Feb/2024 16:40:11] "[36mGET /static/img/2.jpg HTTP/1.1[0m" 304 -
[2024-02-01 16:40:11,077] INFO in _internal: 127.0.0.1 - - [01/Feb/2024 16:40:11] "[36mGET /static/img/4.jpg HTTP/1.1[0m" 304 -
[2024-02-01 16:40:11,077] INFO in _internal: 127.0.0.1 - - [01/Feb/2024 16:40:11] "[36mGET /static/img/3.jpg HTTP/1.1[0m" 304 -
[2024-02-01 16:40:11,081] INFO in _internal: 127.0.0.1 - - [01/Feb/2024 16:40:11] "[36mGET /static/img/20.jpg HTTP/1.1[0m" 304 -
[2024-02-01 16:40:11,082] INFO in _internal: 127.0.0.1 - - [01/Feb/2024 16:40:11] "[36mGET /static/img/19.jpg HTTP/1.1[0m" 304 -
[2024-02-01 16:40:11,100] INFO in _internal: 127.0.0.1 - - [01/Feb/2024 16:40:11] "[36mGET /static/img/21.jpg HTTP/1.1[0m" 304 -
[2024-02-01 16:40:11,102] INFO in _internal: 127.0.0.1 - - [01/Feb/2024 16:40:11] "[36mGET /static/img/22.jpg HTTP/1.1[0m" 304 -
[2024-02-01 16:41:06,630] INFO in _internal: 127.0.0.1 - - [01/Feb/2024 16:41:06] "GET /escortv2 HTTP/1.1" 200 -
[2024-02-01 16:41:06,654] INFO in _internal: 127.0.0.1 - - [01/Feb/2024 16:41:06] "GET /static/css/escortv2.css HTTP/1.1" 200 -
[2024-02-01 16:41:06,655] INFO in _internal: 127.0.0.1 - - [01/Feb/2024 16:41:06] "[36mGET /static/img/logo.png HTTP/1.1[0m" 304 -
[2024-02-01 16:41:06,656] INFO in _internal: 127.0.0.1 - - [01/Feb/2024 16:41:06] "[36mGET /static/js/escortv2.js HTTP/1.1[0m" 304 -
[2024-02-01 16:41:06,689] INFO in _internal: 127.0.0.1 - - [01/Feb/2024 16:41:06] "[36mGET /static/img/1.jpg HTTP/1.1[0m" 304 -
[2024-02-01 16:41:06,689] INFO in _internal: 127.0.0.1 - - [01/Feb/2024 16:41:06] "[36mGET /static/img/2.jpg HTTP/1.1[0m" 304 -
[2024-02-01 16:41:06,698] INFO in _internal: 127.0.0.1 - - [01/Feb/2024 16:41:06] "[36mGET /static/img/4.jpg HTTP/1.1[0m" 304 -
[2024-02-01 16:41:06,695] INFO in _internal: 127.0.0.1 - - [01/Feb/2024 16:41:06] "[36mGET /static/img/3.jpg HTTP/1.1[0m" 304 -
[2024-02-01 16:41:06,717] INFO in _internal: 127.0.0.1 - - [01/Feb/2024 16:41:06] "[36mGET /static/img/19.jpg HTTP/1.1[0m" 304 -
[2024-02-01 16:41:06,720] INFO in _internal: 127.0.0.1 - - [01/Feb/2024 16:41:06] "[36mGET /static/img/20.jpg HTTP/1.1[0m" 304 -
[2024-02-01 16:41:06,726] INFO in _internal: 127.0.0.1 - - [01/Feb/2024 16:41:06] "[36mGET /static/img/21.jpg HTTP/1.1[0m" 304 -
[2024-02-01 16:41:06,727] INFO in _internal: 127.0.0.1 - - [01/Feb/2024 16:41:06] "[36mGET /static/img/22.jpg HTTP/1.1[0m" 304 -
[2024-02-01 16:41:07,693] INFO in _internal: 127.0.0.1 - - [01/Feb/2024 16:41:07] "GET /escortv2 HTTP/1.1" 200 -
[2024-02-01 16:41:07,713] INFO in _internal: 127.0.0.1 - - [01/Feb/2024 16:41:07] "[36mGET /static/css/escortv2.css HTTP/1.1[0m" 304 -
[2024-02-01 16:41:07,716] INFO in _internal: 127.0.0.1 - - [01/Feb/2024 16:41:07] "[36mGET /static/img/logo.png HTTP/1.1[0m" 304 -
[2024-02-01 16:41:07,717] INFO in _internal: 127.0.0.1 - - [01/Feb/2024 16:41:07] "[36mGET /static/js/escortv2.js HTTP/1.1[0m" 304 -
[2024-02-01 16:41:07,751] INFO in _internal: 127.0.0.1 - - [01/Feb/2024 16:41:07] "[36mGET /static/img/2.jpg HTTP/1.1[0m" 304 -
[2024-02-01 16:41:07,751] INFO in _internal: 127.0.0.1 - - [01/Feb/2024 16:41:07] "[36mGET /static/img/1.jpg HTTP/1.1[0m" 304 -
[2024-02-01 16:41:07,753] INFO in _internal: 127.0.0.1 - - [01/Feb/2024 16:41:07] "[36mGET /static/img/3.jpg HTTP/1.1[0m" 304 -
[2024-02-01 16:41:07,761] INFO in _internal: 127.0.0.1 - - [01/Feb/2024 16:41:07] "[36mGET /static/img/19.jpg HTTP/1.1[0m" 304 -
[2024-02-01 16:41:07,769] INFO in _internal: 127.0.0.1 - - [01/Feb/2024 16:41:07] "[36mGET /static/img/4.jpg HTTP/1.1[0m" 304 -
[2024-02-01 16:41:07,778] INFO in _internal: 127.0.0.1 - - [01/Feb/2024 16:41:07] "[36mGET /static/img/20.jpg HTTP/1.1[0m" 304 -
[2024-02-01 16:41:07,782] INFO in _internal: 127.0.0.1 - - [01/Feb/2024 16:41:07] "[36mGET /static/img/21.jpg HTTP/1.1[0m" 304 -
[2024-02-01 16:41:07,783] INFO in _internal: 127.0.0.1 - - [01/Feb/2024 16:41:07] "[36mGET /static/img/22.jpg HTTP/1.1[0m" 304 -
[2024-02-01 16:41:07,836] INFO in _internal: 127.0.0.1 - - [01/Feb/2024 16:41:07] "GET /escortv2 HTTP/1.1" 200 -
[2024-02-01 16:41:07,857] INFO in _internal: 127.0.0.1 - - [01/Feb/2024 16:41:07] "[36mGET /static/css/escortv2.css HTTP/1.1[0m" 304 -
[2024-02-01 16:41:07,859] INFO in _internal: 127.0.0.1 - - [01/Feb/2024 16:41:07] "[36mGET /static/img/logo.png HTTP/1.1[0m" 304 -
[2024-02-01 16:41:07,859] INFO in _internal: 127.0.0.1 - - [01/Feb/2024 16:41:07] "[36mGET /static/js/escortv2.js HTTP/1.1[0m" 304 -
[2024-02-01 16:41:07,893] INFO in _internal: 127.0.0.1 - - [01/Feb/2024 16:41:07] "[36mGET /static/img/1.jpg HTTP/1.1[0m" 304 -
[2024-02-01 16:41:07,894] INFO in _internal: 127.0.0.1 - - [01/Feb/2024 16:41:07] "[36mGET /static/img/2.jpg HTTP/1.1[0m" 304 -
[2024-02-01 16:41:07,896] INFO in _internal: 127.0.0.1 - - [01/Feb/2024 16:41:07] "[36mGET /static/img/3.jpg HTTP/1.1[0m" 304 -
[2024-02-01 16:41:07,900] INFO in _internal: 127.0.0.1 - - [01/Feb/2024 16:41:07] "[36mGET /static/img/4.jpg HTTP/1.1[0m" 304 -
[2024-02-01 16:41:07,913] INFO in _internal: 127.0.0.1 - - [01/Feb/2024 16:41:07] "[36mGET /static/img/19.jpg HTTP/1.1[0m" 304 -
[2024-02-01 16:41:07,916] INFO in _internal: 127.0.0.1 - - [01/Feb/2024 16:41:07] "[36mGET /static/img/20.jpg HTTP/1.1[0m" 304 -
[2024-02-01 16:41:07,921] INFO in _internal: 127.0.0.1 - - [01/Feb/2024 16:41:07] "[36mGET /static/img/21.jpg HTTP/1.1[0m" 304 -
[2024-02-01 16:41:07,922] INFO in _internal: 127.0.0.1 - - [01/Feb/2024 16:41:07] "[36mGET /static/img/22.jpg HTTP/1.1[0m" 304 -
[2024-02-01 16:41:13,846] INFO in _internal: 127.0.0.1 - - [01/Feb/2024 16:41:13] "GET /escortv2 HTTP/1.1" 200 -
[2024-02-01 16:41:13,865] INFO in _internal: 127.0.0.1 - - [01/Feb/2024 16:41:13] "GET /static/css/escortv2.css HTTP/1.1" 200 -
[2024-02-01 16:41:13,867] INFO in _internal: 127.0.0.1 - - [01/Feb/2024 16:41:13] "[36mGET /static/img/logo.png HTTP/1.1[0m" 304 -
[2024-02-01 16:41:13,868] INFO in _internal: 127.0.0.1 - - [01/Feb/2024 16:41:13] "[36mGET /static/js/escortv2.js HTTP/1.1[0m" 304 -
[2024-02-01 16:41:13,900] INFO in _internal: 127.0.0.1 - - [01/Feb/2024 16:41:13] "[36mGET /static/img/1.jpg HTTP/1.1[0m" 304 -
[2024-02-01 16:41:13,902] INFO in _internal: 127.0.0.1 - - [01/Feb/2024 16:41:13] "[36mGET /static/img/2.jpg HTTP/1.1[0m" 304 -
[2024-02-01 16:41:13,903] INFO in _internal: 127.0.0.1 - - [01/Feb/2024 16:41:13] "[36mGET /static/img/3.jpg HTTP/1.1[0m" 304 -
[2024-02-01 16:41:13,909] INFO in _internal: 127.0.0.1 - - [01/Feb/2024 16:41:13] "[36mGET /static/img/4.jpg HTTP/1.1[0m" 304 -
[2024-02-01 16:41:13,911] INFO in _internal: 127.0.0.1 - - [01/Feb/2024 16:41:13] "[36mGET /static/img/19.jpg HTTP/1.1[0m" 304 -
[2024-02-01 16:41:13,922] INFO in _internal: 127.0.0.1 - - [01/Feb/2024 16:41:13] "[36mGET /static/img/22.jpg HTTP/1.1[0m" 304 -
[2024-02-01 16:41:13,923] INFO in _internal: 127.0.0.1 - - [01/Feb/2024 16:41:13] "[36mGET /static/img/20.jpg HTTP/1.1[0m" 304 -
[2024-02-01 16:41:13,924] INFO in _internal: 127.0.0.1 - - [01/Feb/2024 16:41:13] "[36mGET /static/img/21.jpg HTTP/1.1[0m" 304 -
[2024-02-01 16:41:43,375] INFO in _internal: 127.0.0.1 - - [01/Feb/2024 16:41:43] "GET /escortv2 HTTP/1.1" 200 -
[2024-02-01 16:41:43,400] INFO in _internal: 127.0.0.1 - - [01/Feb/2024 16:41:43] "GET /static/css/escortv2.css HTTP/1.1" 200 -
[2024-02-01 16:41:43,401] INFO in _internal: 127.0.0.1 - - [01/Feb/2024 16:41:43] "[36mGET /static/img/logo.png HTTP/1.1[0m" 304 -
[2024-02-01 16:41:43,403] INFO in _internal: 127.0.0.1 - - [01/Feb/2024 16:41:43] "[36mGET /static/js/escortv2.js HTTP/1.1[0m" 304 -
[2024-02-01 16:41:43,448] INFO in _internal: 127.0.0.1 - - [01/Feb/2024 16:41:43] "[36mGET /static/img/1.jpg HTTP/1.1[0m" 304 -
[2024-02-01 16:41:43,453] INFO in _internal: 127.0.0.1 - - [01/Feb/2024 16:41:43] "[36mGET /static/img/2.jpg HTTP/1.1[0m" 304 -
[2024-02-01 16:41:43,467] INFO in _internal: 127.0.0.1 - - [01/Feb/2024 16:41:43] "[36mGET /static/img/3.jpg HTTP/1.1[0m" 304 -
[2024-02-01 16:41:43,471] INFO in _internal: 127.0.0.1 - - [01/Feb/2024 16:41:43] "[36mGET /static/img/4.jpg HTTP/1.1[0m" 304 -
[2024-02-01 16:41:43,473] INFO in _internal: 127.0.0.1 - - [01/Feb/2024 16:41:43] "[36mGET /static/img/19.jpg HTTP/1.1[0m" 304 -
[2024-02-01 16:41:43,478] INFO in _internal: 127.0.0.1 - - [01/Feb/2024 16:41:43] "[36mGET /static/img/20.jpg HTTP/1.1[0m" 304 -
[2024-02-01 16:41:43,484] INFO in _internal: 127.0.0.1 - - [01/Feb/2024 16:41:43] "[36mGET /static/img/21.jpg HTTP/1.1[0m" 304 -
[2024-02-01 16:41:43,489] INFO in _internal: 127.0.0.1 - - [01/Feb/2024 16:41:43] "[36mGET /static/img/22.jpg HTTP/1.1[0m" 304 -
[2024-02-01 16:41:51,968] INFO in _internal: 127.0.0.1 - - [01/Feb/2024 16:41:51] "[36mGET /static/css/escortv2.css HTTP/1.1[0m" 304 -
[2024-02-01 16:43:38,441] INFO in _internal: 127.0.0.1 - - [01/Feb/2024 16:43:38] "GET /escortv2 HTTP/1.1" 200 -
[2024-02-01 16:43:38,471] INFO in _internal: 127.0.0.1 - - [01/Feb/2024 16:43:38] "GET /static/css/escortv2.css HTTP/1.1" 200 -
[2024-02-01 16:43:38,472] INFO in _internal: 127.0.0.1 - - [01/Feb/2024 16:43:38] "[36mGET /static/img/logo.png HTTP/1.1[0m" 304 -
[2024-02-01 16:43:38,474] INFO in _internal: 127.0.0.1 - - [01/Feb/2024 16:43:38] "[36mGET /static/js/escortv2.js HTTP/1.1[0m" 304 -
[2024-02-01 16:43:38,718] INFO in _internal: 127.0.0.1 - - [01/Feb/2024 16:43:38] "[36mGET /static/img/1.jpg HTTP/1.1[0m" 304 -
[2024-02-01 16:43:38,719] INFO in _internal: 127.0.0.1 - - [01/Feb/2024 16:43:38] "[36mGET /static/img/2.jpg HTTP/1.1[0m" 304 -
[2024-02-01 16:43:38,730] INFO in _internal: 127.0.0.1 - - [01/Feb/2024 16:43:38] "[36mGET /static/img/3.jpg HTTP/1.1[0m" 304 -
[2024-02-01 16:43:38,737] INFO in _internal: 127.0.0.1 - - [01/Feb/2024 16:43:38] "[36mGET /static/img/4.jpg HTTP/1.1[0m" 304 -
[2024-02-01 16:43:38,737] INFO in _internal: 127.0.0.1 - - [01/Feb/2024 16:43:38] "[36mGET /static/img/19.jpg HTTP/1.1[0m" 304 -
[2024-02-01 16:43:38,745] INFO in _internal: 127.0.0.1 - - [01/Feb/2024 16:43:38] "[36mGET /static/img/21.jpg HTTP/1.1[0m" 304 -
[2024-02-01 16:43:38,745] INFO in _internal: 127.0.0.1 - - [01/Feb/2024 16:43:38] "[36mGET /static/img/20.jpg HTTP/1.1[0m" 304 -
[2024-02-01 16:43:38,752] INFO in _internal: 127.0.0.1 - - [01/Feb/2024 16:43:38] "[36mGET /static/img/22.jpg HTTP/1.1[0m" 304 -
[2024-02-01 16:43:39,919] INFO in _internal: 127.0.0.1 - - [01/Feb/2024 16:43:39] "GET /escortv2 HTTP/1.1" 200 -
[2024-02-01 16:43:39,939] INFO in _internal: 127.0.0.1 - - [01/Feb/2024 16:43:39] "[36mGET /static/css/escortv2.css HTTP/1.1[0m" 304 -
[2024-02-01 16:43:39,940] INFO in _internal: 127.0.0.1 - - [01/Feb/2024 16:43:39] "[36mGET /static/img/logo.png HTTP/1.1[0m" 304 -
[2024-02-01 16:43:39,942] INFO in _internal: 127.0.0.1 - - [01/Feb/2024 16:43:39] "[36mGET /static/js/escortv2.js HTTP/1.1[0m" 304 -
[2024-02-01 16:43:40,014] INFO in _internal: 127.0.0.1 - - [01/Feb/2024 16:43:40] "[36mGET /static/img/1.jpg HTTP/1.1[0m" 304 -
[2024-02-01 16:43:40,016] INFO in _internal: 127.0.0.1 - - [01/Feb/2024 16:43:40] "[36mGET /static/img/19.jpg HTTP/1.1[0m" 304 -
[2024-02-01 16:43:40,017] INFO in _internal: 127.0.0.1 - - [01/Feb/2024 16:43:40] "[36mGET /static/img/3.jpg HTTP/1.1[0m" 304 -
[2024-02-01 16:43:40,018] INFO in _internal: 127.0.0.1 - - [01/Feb/2024 16:43:40] "[36mGET /static/img/2.jpg HTTP/1.1[0m" 304 -
[2024-02-01 16:43:40,023] INFO in _internal: 127.0.0.1 - - [01/Feb/2024 16:43:40] "[36mGET /static/img/4.jpg HTTP/1.1[0m" 304 -
[2024-02-01 16:43:40,028] INFO in _internal: 127.0.0.1 - - [01/Feb/2024 16:43:40] "[36mGET /static/img/20.jpg HTTP/1.1[0m" 304 -
[2024-02-01 16:43:40,044] INFO in _internal: 127.0.0.1 - - [01/Feb/2024 16:43:40] "[36mGET /static/img/21.jpg HTTP/1.1[0m" 304 -
[2024-02-01 16:43:40,044] INFO in _internal: 127.0.0.1 - - [01/Feb/2024 16:43:40] "[36mGET /static/img/22.jpg HTTP/1.1[0m" 304 -
[2024-02-01 16:43:48,664] INFO in _internal: 127.0.0.1 - - [01/Feb/2024 16:43:48] "[36mGET /static/css/escortv2.css HTTP/1.1[0m" 304 -
[2024-02-01 16:44:29,069] INFO in _internal: 127.0.0.1 - - [01/Feb/2024 16:44:29] "GET /escortv2 HTTP/1.1" 200 -
[2024-02-01 16:44:29,097] INFO in _internal: 127.0.0.1 - - [01/Feb/2024 16:44:29] "GET /static/css/escortv2.css HTTP/1.1" 200 -
[2024-02-01 16:44:29,099] INFO in _internal: 127.0.0.1 - - [01/Feb/2024 16:44:29] "[36mGET /static/img/logo.png HTTP/1.1[0m" 304 -
[2024-02-01 16:44:29,100] INFO in _internal: 127.0.0.1 - - [01/Feb/2024 16:44:29] "[36mGET /static/js/escortv2.js HTTP/1.1[0m" 304 -
[2024-02-01 16:44:29,132] INFO in _internal: 127.0.0.1 - - [01/Feb/2024 16:44:29] "[36mGET /static/img/1.jpg HTTP/1.1[0m" 304 -
[2024-02-01 16:44:29,132] INFO in _internal: 127.0.0.1 - - [01/Feb/2024 16:44:29] "[36mGET /static/img/2.jpg HTTP/1.1[0m" 304 -
[2024-02-01 16:44:29,144] INFO in _internal: 127.0.0.1 - - [01/Feb/2024 16:44:29] "[36mGET /static/img/3.jpg HTTP/1.1[0m" 304 -
[2024-02-01 16:44:29,146] INFO in _internal: 127.0.0.1 - - [01/Feb/2024 16:44:29] "[36mGET /static/img/4.jpg HTTP/1.1[0m" 304 -
[2024-02-01 16:44:29,149] INFO in _internal: 127.0.0.1 - - [01/Feb/2024 16:44:29] "[36mGET /static/img/19.jpg HTTP/1.1[0m" 304 -
[2024-02-01 16:44:29,160] INFO in _internal: 127.0.0.1 - - [01/Feb/2024 16:44:29] "[36mGET /static/img/20.jpg HTTP/1.1[0m" 304 -
[2024-02-01 16:44:29,166] INFO in _internal: 127.0.0.1 - - [01/Feb/2024 16:44:29] "[36mGET /static/img/21.jpg HTTP/1.1[0m" 304 -
[2024-02-01 16:44:29,167] INFO in _internal: 127.0.0.1 - - [01/Feb/2024 16:44:29] "[36mGET /static/img/22.jpg HTTP/1.1[0m" 304 -
[2024-02-01 16:44:30,447] INFO in _internal: 127.0.0.1 - - [01/Feb/2024 16:44:30] "GET /escortv2 HTTP/1.1" 200 -
[2024-02-01 16:44:30,465] INFO in _internal: 127.0.0.1 - - [01/Feb/2024 16:44:30] "[36mGET /static/css/escortv2.css HTTP/1.1[0m" 304 -
[2024-02-01 16:44:30,467] INFO in _internal: 127.0.0.1 - - [01/Feb/2024 16:44:30] "[36mGET /static/img/logo.png HTTP/1.1[0m" 304 -
[2024-02-01 16:44:30,468] INFO in _internal: 127.0.0.1 - - [01/Feb/2024 16:44:30] "[36mGET /static/js/escortv2.js HTTP/1.1[0m" 304 -
[2024-02-01 16:44:30,500] INFO in _internal: 127.0.0.1 - - [01/Feb/2024 16:44:30] "[36mGET /static/img/1.jpg HTTP/1.1[0m" 304 -
[2024-02-01 16:44:30,502] INFO in _internal: 127.0.0.1 - - [01/Feb/2024 16:44:30] "[36mGET /static/img/2.jpg HTTP/1.1[0m" 304 -
[2024-02-01 16:44:30,503] INFO in _internal: 127.0.0.1 - - [01/Feb/2024 16:44:30] "[36mGET /static/img/3.jpg HTTP/1.1[0m" 304 -
[2024-02-01 16:44:30,509] INFO in _internal: 127.0.0.1 - - [01/Feb/2024 16:44:30] "[36mGET /static/img/19.jpg HTTP/1.1[0m" 304 -
[2024-02-01 16:44:30,516] INFO in _internal: 127.0.0.1 - - [01/Feb/2024 16:44:30] "[36mGET /static/img/20.jpg HTTP/1.1[0m" 304 -
[2024-02-01 16:44:30,517] INFO in _internal: 127.0.0.1 - - [01/Feb/2024 16:44:30] "[36mGET /static/img/4.jpg HTTP/1.1[0m" 304 -
[2024-02-01 16:44:30,518] INFO in _internal: 127.0.0.1 - - [01/Feb/2024 16:44:30] "[36mGET /static/img/21.jpg HTTP/1.1[0m" 304 -
[2024-02-01 16:44:30,520] INFO in _internal: 127.0.0.1 - - [01/Feb/2024 16:44:30] "[36mGET /static/img/22.jpg HTTP/1.1[0m" 304 -
[2024-02-01 16:45:27,494] INFO in _internal: 127.0.0.1 - - [01/Feb/2024 16:45:27] "GET /escortv2 HTTP/1.1" 200 -
[2024-02-01 16:45:27,517] INFO in _internal: 127.0.0.1 - - [01/Feb/2024 16:45:27] "GET /static/css/escortv2.css HTTP/1.1" 200 -
[2024-02-01 16:45:27,522] INFO in _internal: 127.0.0.1 - - [01/Feb/2024 16:45:27] "[36mGET /static/img/logo.png HTTP/1.1[0m" 304 -
[2024-02-01 16:45:27,523] INFO in _internal: 127.0.0.1 - - [01/Feb/2024 16:45:27] "[36mGET /static/js/escortv2.js HTTP/1.1[0m" 304 -
[2024-02-01 16:45:27,765] INFO in _internal: 127.0.0.1 - - [01/Feb/2024 16:45:27] "[36mGET /static/img/2.jpg HTTP/1.1[0m" 304 -
[2024-02-01 16:45:27,766] INFO in _internal: 127.0.0.1 - - [01/Feb/2024 16:45:27] "[36mGET /static/img/1.jpg HTTP/1.1[0m" 304 -
[2024-02-01 16:45:27,771] INFO in _internal: 127.0.0.1 - - [01/Feb/2024 16:45:27] "[36mGET /static/img/3.jpg HTTP/1.1[0m" 304 -
[2024-02-01 16:45:27,778] INFO in _internal: 127.0.0.1 - - [01/Feb/2024 16:45:27] "[36mGET /static/img/4.jpg HTTP/1.1[0m" 304 -
[2024-02-01 16:45:27,782] INFO in _internal: 127.0.0.1 - - [01/Feb/2024 16:45:27] "[36mGET /static/img/19.jpg HTTP/1.1[0m" 304 -
[2024-02-01 16:45:27,783] INFO in _internal: 127.0.0.1 - - [01/Feb/2024 16:45:27] "[36mGET /static/img/20.jpg HTTP/1.1[0m" 304 -
[2024-02-01 16:45:27,787] INFO in _internal: 127.0.0.1 - - [01/Feb/2024 16:45:27] "[36mGET /static/img/21.jpg HTTP/1.1[0m" 304 -
[2024-02-01 16:45:27,790] INFO in _internal: 127.0.0.1 - - [01/Feb/2024 16:45:27] "[36mGET /static/img/22.jpg HTTP/1.1[0m" 304 -
[2024-02-01 16:45:38,797] INFO in _internal: 127.0.0.1 - - [01/Feb/2024 16:45:38] "GET /escortv2 HTTP/1.1" 200 -
[2024-02-01 16:45:38,817] INFO in _internal: 127.0.0.1 - - [01/Feb/2024 16:45:38] "GET /static/css/escortv2.css HTTP/1.1" 200 -
[2024-02-01 16:45:38,819] INFO in _internal: 127.0.0.1 - - [01/Feb/2024 16:45:38] "[36mGET /static/js/escortv2.js HTTP/1.1[0m" 304 -
[2024-02-01 16:45:38,819] INFO in _internal: 127.0.0.1 - - [01/Feb/2024 16:45:38] "[36mGET /static/img/logo.png HTTP/1.1[0m" 304 -
[2024-02-01 16:45:38,851] INFO in _internal: 127.0.0.1 - - [01/Feb/2024 16:45:38] "[36mGET /static/img/1.jpg HTTP/1.1[0m" 304 -
[2024-02-01 16:45:38,852] INFO in _internal: 127.0.0.1 - - [01/Feb/2024 16:45:38] "[36mGET /static/img/2.jpg HTTP/1.1[0m" 304 -
[2024-02-01 16:45:38,853] INFO in _internal: 127.0.0.1 - - [01/Feb/2024 16:45:38] "[36mGET /static/img/3.jpg HTTP/1.1[0m" 304 -
[2024-02-01 16:45:38,855] INFO in _internal: 127.0.0.1 - - [01/Feb/2024 16:45:38] "[36mGET /static/img/4.jpg HTTP/1.1[0m" 304 -
[2024-02-01 16:45:38,859] INFO in _internal: 127.0.0.1 - - [01/Feb/2024 16:45:38] "[36mGET /static/img/19.jpg HTTP/1.1[0m" 304 -
[2024-02-01 16:45:38,868] INFO in _internal: 127.0.0.1 - - [01/Feb/2024 16:45:38] "[36mGET /static/img/20.jpg HTTP/1.1[0m" 304 -
[2024-02-01 16:45:38,871] INFO in _internal: 127.0.0.1 - - [01/Feb/2024 16:45:38] "[36mGET /static/img/21.jpg HTTP/1.1[0m" 304 -
[2024-02-01 16:45:38,874] INFO in _internal: 127.0.0.1 - - [01/Feb/2024 16:45:38] "[36mGET /static/img/22.jpg HTTP/1.1[0m" 304 -
[2024-02-01 16:46:21,256] INFO in _internal: 127.0.0.1 - - [01/Feb/2024 16:46:21] "GET /escortv2 HTTP/1.1" 200 -
[2024-02-01 16:46:21,279] INFO in _internal: 127.0.0.1 - - [01/Feb/2024 16:46:21] "[36mGET /static/img/logo.png HTTP/1.1[0m" 304 -
[2024-02-01 16:46:21,279] INFO in _internal: 127.0.0.1 - - [01/Feb/2024 16:46:21] "[36mGET /static/css/escortv2.css HTTP/1.1[0m" 304 -
[2024-02-01 16:46:21,281] INFO in _internal: 127.0.0.1 - - [01/Feb/2024 16:46:21] "[36mGET /static/js/escortv2.js HTTP/1.1[0m" 304 -
[2024-02-01 16:46:21,313] INFO in _internal: 127.0.0.1 - - [01/Feb/2024 16:46:21] "[36mGET /static/img/2.jpg HTTP/1.1[0m" 304 -
[2024-02-01 16:46:21,314] INFO in _internal: 127.0.0.1 - - [01/Feb/2024 16:46:21] "[36mGET /static/img/1.jpg HTTP/1.1[0m" 304 -
[2024-02-01 16:46:21,315] INFO in _internal: 127.0.0.1 - - [01/Feb/2024 16:46:21] "[36mGET /static/img/19.jpg HTTP/1.1[0m" 304 -
[2024-02-01 16:46:21,318] INFO in _internal: 127.0.0.1 - - [01/Feb/2024 16:46:21] "[36mGET /static/img/3.jpg HTTP/1.1[0m" 304 -
[2024-02-01 16:46:21,319] INFO in _internal: 127.0.0.1 - - [01/Feb/2024 16:46:21] "[36mGET /static/img/4.jpg HTTP/1.1[0m" 304 -
[2024-02-01 16:46:21,324] INFO in _internal: 127.0.0.1 - - [01/Feb/2024 16:46:21] "[36mGET /static/img/20.jpg HTTP/1.1[0m" 304 -
[2024-02-01 16:46:21,335] INFO in _internal: 127.0.0.1 - - [01/Feb/2024 16:46:21] "[36mGET /static/img/21.jpg HTTP/1.1[0m" 304 -
[2024-02-01 16:46:21,342] INFO in _internal: 127.0.0.1 - - [01/Feb/2024 16:46:21] "[36mGET /static/img/22.jpg HTTP/1.1[0m" 304 -
[2024-02-01 16:46:27,287] INFO in _internal: 127.0.0.1 - - [01/Feb/2024 16:46:27] "GET /escortv2 HTTP/1.1" 200 -
[2024-02-01 16:46:27,305] INFO in _internal: 127.0.0.1 - - [01/Feb/2024 16:46:27] "[36mGET /static/css/escortv2.css HTTP/1.1[0m" 304 -
[2024-02-01 16:46:27,306] INFO in _internal: 127.0.0.1 - - [01/Feb/2024 16:46:27] "[36mGET /static/img/logo.png HTTP/1.1[0m" 304 -
[2024-02-01 16:46:27,307] INFO in _internal: 127.0.0.1 - - [01/Feb/2024 16:46:27] "[36mGET /static/js/escortv2.js HTTP/1.1[0m" 304 -
[2024-02-01 16:46:27,338] INFO in _internal: 127.0.0.1 - - [01/Feb/2024 16:46:27] "[36mGET /static/img/2.jpg HTTP/1.1[0m" 304 -
[2024-02-01 16:46:27,338] INFO in _internal: 127.0.0.1 - - [01/Feb/2024 16:46:27] "[36mGET /static/img/1.jpg HTTP/1.1[0m" 304 -
[2024-02-01 16:46:27,351] INFO in _internal: 127.0.0.1 - - [01/Feb/2024 16:46:27] "[36mGET /static/img/4.jpg HTTP/1.1[0m" 304 -
[2024-02-01 16:46:27,353] INFO in _internal: 127.0.0.1 - - [01/Feb/2024 16:46:27] "[36mGET /static/img/3.jpg HTTP/1.1[0m" 304 -
[2024-02-01 16:46:27,354] INFO in _internal: 127.0.0.1 - - [01/Feb/2024 16:46:27] "[36mGET /static/img/19.jpg HTTP/1.1[0m" 304 -
[2024-02-01 16:46:27,356] INFO in _internal: 127.0.0.1 - - [01/Feb/2024 16:46:27] "[36mGET /static/img/20.jpg HTTP/1.1[0m" 304 -
[2024-02-01 16:46:27,359] INFO in _internal: 127.0.0.1 - - [01/Feb/2024 16:46:27] "[36mGET /static/img/21.jpg HTTP/1.1[0m" 304 -
[2024-02-01 16:46:27,365] INFO in _internal: 127.0.0.1 - - [01/Feb/2024 16:46:27] "[36mGET /static/img/22.jpg HTTP/1.1[0m" 304 -
[2024-02-01 16:46:31,743] INFO in _internal: 127.0.0.1 - - [01/Feb/2024 16:46:31] "GET /escortv2 HTTP/1.1" 200 -
[2024-02-01 16:46:31,760] INFO in _internal: 127.0.0.1 - - [01/Feb/2024 16:46:31] "[36mGET /static/css/escortv2.css HTTP/1.1[0m" 304 -
[2024-02-01 16:46:31,761] INFO in _internal: 127.0.0.1 - - [01/Feb/2024 16:46:31] "[36mGET /static/img/logo.png HTTP/1.1[0m" 304 -
[2024-02-01 16:46:31,764] INFO in _internal: 127.0.0.1 - - [01/Feb/2024 16:46:31] "[36mGET /static/js/escortv2.js HTTP/1.1[0m" 304 -
[2024-02-01 16:46:31,795] INFO in _internal: 127.0.0.1 - - [01/Feb/2024 16:46:31] "[36mGET /static/img/2.jpg HTTP/1.1[0m" 304 -
[2024-02-01 16:46:31,795] INFO in _internal: 127.0.0.1 - - [01/Feb/2024 16:46:31] "[36mGET /static/img/1.jpg HTTP/1.1[0m" 304 -
[2024-02-01 16:46:31,796] INFO in _internal: 127.0.0.1 - - [01/Feb/2024 16:46:31] "[36mGET /static/img/3.jpg HTTP/1.1[0m" 304 -
[2024-02-01 16:46:31,801] INFO in _internal: 127.0.0.1 - - [01/Feb/2024 16:46:31] "[36mGET /static/img/4.jpg HTTP/1.1[0m" 304 -
[2024-02-01 16:46:31,813] INFO in _internal: 127.0.0.1 - - [01/Feb/2024 16:46:31] "[36mGET /static/img/19.jpg HTTP/1.1[0m" 304 -
[2024-02-01 16:46:31,818] INFO in _internal: 127.0.0.1 - - [01/Feb/2024 16:46:31] "[36mGET /static/img/21.jpg HTTP/1.1[0m" 304 -
[2024-02-01 16:46:31,820] INFO in _internal: 127.0.0.1 - - [01/Feb/2024 16:46:31] "[36mGET /static/img/20.jpg HTTP/1.1[0m" 304 -
[2024-02-01 16:46:31,824] INFO in _internal: 127.0.0.1 - - [01/Feb/2024 16:46:31] "[36mGET /static/img/22.jpg HTTP/1.1[0m" 304 -
[2024-02-01 16:46:39,312] INFO in _internal: 127.0.0.1 - - [01/Feb/2024 16:46:39] "GET /escortv2 HTTP/1.1" 200 -
[2024-02-01 16:46:39,331] INFO in _internal: 127.0.0.1 - - [01/Feb/2024 16:46:39] "[36mGET /static/css/escortv2.css HTTP/1.1[0m" 304 -
[2024-02-01 16:46:39,332] INFO in _internal: 127.0.0.1 - - [01/Feb/2024 16:46:39] "[36mGET /static/img/logo.png HTTP/1.1[0m" 304 -
[2024-02-01 16:46:39,334] INFO in _internal: 127.0.0.1 - - [01/Feb/2024 16:46:39] "[36mGET /static/js/escortv2.js HTTP/1.1[0m" 304 -
[2024-02-01 16:46:39,363] INFO in _internal: 127.0.0.1 - - [01/Feb/2024 16:46:39] "[36mGET /static/img/1.jpg HTTP/1.1[0m" 304 -
[2024-02-01 16:46:39,365] INFO in _internal: 127.0.0.1 - - [01/Feb/2024 16:46:39] "[36mGET /static/img/2.jpg HTTP/1.1[0m" 304 -
[2024-02-01 16:46:39,366] INFO in _internal: 127.0.0.1 - - [01/Feb/2024 16:46:39] "[36mGET /static/img/3.jpg HTTP/1.1[0m" 304 -
[2024-02-01 16:46:39,377] INFO in _internal: 127.0.0.1 - - [01/Feb/2024 16:46:39] "[36mGET /static/img/4.jpg HTTP/1.1[0m" 304 -
[2024-02-01 16:46:39,377] INFO in _internal: 127.0.0.1 - - [01/Feb/2024 16:46:39] "[36mGET /static/img/19.jpg HTTP/1.1[0m" 304 -
[2024-02-01 16:46:39,384] INFO in _internal: 127.0.0.1 - - [01/Feb/2024 16:46:39] "[36mGET /static/img/20.jpg HTTP/1.1[0m" 304 -
[2024-02-01 16:46:39,389] INFO in _internal: 127.0.0.1 - - [01/Feb/2024 16:46:39] "[36mGET /static/img/21.jpg HTTP/1.1[0m" 304 -
[2024-02-01 16:46:39,393] INFO in _internal: 127.0.0.1 - - [01/Feb/2024 16:46:39] "[36mGET /static/img/22.jpg HTTP/1.1[0m" 304 -
[2024-02-01 16:48:00,895] INFO in _internal: 127.0.0.1 - - [01/Feb/2024 16:48:00] "GET /escortv2 HTTP/1.1" 200 -
[2024-02-01 16:48:00,930] INFO in _internal: 127.0.0.1 - - [01/Feb/2024 16:48:00] "[36mGET /static/img/logo.png HTTP/1.1[0m" 304 -
[2024-02-01 16:48:00,931] INFO in _internal: 127.0.0.1 - - [01/Feb/2024 16:48:00] "GET /static/css/escortv2.css HTTP/1.1" 200 -
[2024-02-01 16:48:00,932] INFO in _internal: 127.0.0.1 - - [01/Feb/2024 16:48:00] "[36mGET /static/js/escortv2.js HTTP/1.1[0m" 304 -
[2024-02-01 16:48:00,961] INFO in _internal: 127.0.0.1 - - [01/Feb/2024 16:48:00] "[36mGET /static/img/1.jpg HTTP/1.1[0m" 304 -
[2024-02-01 16:48:00,962] INFO in _internal: 127.0.0.1 - - [01/Feb/2024 16:48:00] "[36mGET /static/img/3.jpg HTTP/1.1[0m" 304 -
[2024-02-01 16:48:00,964] INFO in _internal: 127.0.0.1 - - [01/Feb/2024 16:48:00] "[36mGET /static/img/2.jpg HTTP/1.1[0m" 304 -
[2024-02-01 16:48:00,978] INFO in _internal: 127.0.0.1 - - [01/Feb/2024 16:48:00] "[36mGET /static/img/4.jpg HTTP/1.1[0m" 304 -
[2024-02-01 16:48:00,983] INFO in _internal: 127.0.0.1 - - [01/Feb/2024 16:48:00] "[36mGET /static/img/19.jpg HTTP/1.1[0m" 304 -
[2024-02-01 16:48:00,987] INFO in _internal: 127.0.0.1 - - [01/Feb/2024 16:48:00] "[36mGET /static/img/20.jpg HTTP/1.1[0m" 304 -
[2024-02-01 16:48:00,992] INFO in _internal: 127.0.0.1 - - [01/Feb/2024 16:48:00] "[36mGET /static/img/21.jpg HTTP/1.1[0m" 304 -
[2024-02-01 16:48:00,998] INFO in _internal: 127.0.0.1 - - [01/Feb/2024 16:48:00] "[36mGET /static/img/22.jpg HTTP/1.1[0m" 304 -
[2024-02-01 16:48:06,671] INFO in _internal: 127.0.0.1 - - [01/Feb/2024 16:48:06] "GET /escortv2 HTTP/1.1" 200 -
[2024-02-01 16:48:06,690] INFO in _internal: 127.0.0.1 - - [01/Feb/2024 16:48:06] "GET /static/css/escortv2.css HTTP/1.1" 200 -
[2024-02-01 16:48:06,694] INFO in _internal: 127.0.0.1 - - [01/Feb/2024 16:48:06] "[36mGET /static/img/logo.png HTTP/1.1[0m" 304 -
[2024-02-01 16:48:06,694] INFO in _internal: 127.0.0.1 - - [01/Feb/2024 16:48:06] "[36mGET /static/js/escortv2.js HTTP/1.1[0m" 304 -
[2024-02-01 16:48:06,728] INFO in _internal: 127.0.0.1 - - [01/Feb/2024 16:48:06] "[36mGET /static/img/1.jpg HTTP/1.1[0m" 304 -
[2024-02-01 16:48:06,731] INFO in _internal: 127.0.0.1 - - [01/Feb/2024 16:48:06] "[36mGET /static/img/3.jpg HTTP/1.1[0m" 304 -
[2024-02-01 16:48:06,731] INFO in _internal: 127.0.0.1 - - [01/Feb/2024 16:48:06] "[36mGET /static/img/2.jpg HTTP/1.1[0m" 304 -
[2024-02-01 16:48:06,732] INFO in _internal: 127.0.0.1 - - [01/Feb/2024 16:48:06] "[36mGET /static/img/4.jpg HTTP/1.1[0m" 304 -
[2024-02-01 16:48:06,735] INFO in _internal: 127.0.0.1 - - [01/Feb/2024 16:48:06] "[36mGET /static/img/19.jpg HTTP/1.1[0m" 304 -
[2024-02-01 16:48:06,740] INFO in _internal: 127.0.0.1 - - [01/Feb/2024 16:48:06] "[36mGET /static/img/20.jpg HTTP/1.1[0m" 304 -
[2024-02-01 16:48:06,744] INFO in _internal: 127.0.0.1 - - [01/Feb/2024 16:48:06] "[36mGET /static/img/21.jpg HTTP/1.1[0m" 304 -
[2024-02-01 16:48:06,745] INFO in _internal: 127.0.0.1 - - [01/Feb/2024 16:48:06] "[36mGET /static/img/22.jpg HTTP/1.1[0m" 304 -
[2024-02-01 16:49:02,968] INFO in _internal: 127.0.0.1 - - [01/Feb/2024 16:49:02] "GET /escortv2 HTTP/1.1" 200 -
[2024-02-01 16:49:02,993] INFO in _internal: 127.0.0.1 - - [01/Feb/2024 16:49:02] "[36mGET /static/css/escortv2.css HTTP/1.1[0m" 304 -
[2024-02-01 16:49:02,996] INFO in _internal: 127.0.0.1 - - [01/Feb/2024 16:49:02] "[36mGET /static/img/logo.png HTTP/1.1[0m" 304 -
[2024-02-01 16:49:03,000] INFO in _internal: 127.0.0.1 - - [01/Feb/2024 16:49:03] "[36mGET /static/js/escortv2.js HTTP/1.1[0m" 304 -
[2024-02-01 16:49:03,027] INFO in _internal: 127.0.0.1 - - [01/Feb/2024 16:49:03] "[36mGET /static/img/1.jpg HTTP/1.1[0m" 304 -
[2024-02-01 16:49:03,028] INFO in _internal: 127.0.0.1 - - [01/Feb/2024 16:49:03] "[36mGET /static/img/2.jpg HTTP/1.1[0m" 304 -
[2024-02-01 16:49:03,036] INFO in _internal: 127.0.0.1 - - [01/Feb/2024 16:49:03] "[36mGET /static/img/3.jpg HTTP/1.1[0m" 304 -
[2024-02-01 16:49:03,038] INFO in _internal: 127.0.0.1 - - [01/Feb/2024 16:49:03] "[36mGET /static/img/19.jpg HTTP/1.1[0m" 304 -
[2024-02-01 16:49:03,046] INFO in _internal: 127.0.0.1 - - [01/Feb/2024 16:49:03] "[36mGET /static/img/4.jpg HTTP/1.1[0m" 304 -
[2024-02-01 16:49:03,048] INFO in _internal: 127.0.0.1 - - [01/Feb/2024 16:49:03] "[36mGET /static/img/20.jpg HTTP/1.1[0m" 304 -
[2024-02-01 16:49:03,056] INFO in _internal: 127.0.0.1 - - [01/Feb/2024 16:49:03] "[36mGET /static/img/21.jpg HTTP/1.1[0m" 304 -
[2024-02-01 16:49:03,064] INFO in _internal: 127.0.0.1 - - [01/Feb/2024 16:49:03] "[36mGET /static/img/22.jpg HTTP/1.1[0m" 304 -
[2024-02-01 16:49:34,409] INFO in _internal: 127.0.0.1 - - [01/Feb/2024 16:49:34] "GET /escortv2 HTTP/1.1" 200 -
[2024-02-01 16:49:34,431] INFO in _internal: 127.0.0.1 - - [01/Feb/2024 16:49:34] "[36mGET /static/css/escortv2.css HTTP/1.1[0m" 304 -
[2024-02-01 16:49:34,432] INFO in _internal: 127.0.0.1 - - [01/Feb/2024 16:49:34] "[36mGET /static/img/logo.png HTTP/1.1[0m" 304 -
[2024-02-01 16:49:34,433] INFO in _internal: 127.0.0.1 - - [01/Feb/2024 16:49:34] "[36mGET /static/js/escortv2.js HTTP/1.1[0m" 304 -
[2024-02-01 16:49:34,462] INFO in _internal: 127.0.0.1 - - [01/Feb/2024 16:49:34] "[36mGET /static/img/1.jpg HTTP/1.1[0m" 304 -
[2024-02-01 16:49:34,466] INFO in _internal: 127.0.0.1 - - [01/Feb/2024 16:49:34] "[36mGET /static/img/2.jpg HTTP/1.1[0m" 304 -
[2024-02-01 16:49:34,480] INFO in _internal: 127.0.0.1 - - [01/Feb/2024 16:49:34] "[36mGET /static/img/3.jpg HTTP/1.1[0m" 304 -
[2024-02-01 16:49:34,481] INFO in _internal: 127.0.0.1 - - [01/Feb/2024 16:49:34] "[36mGET /static/img/4.jpg HTTP/1.1[0m" 304 -
[2024-02-01 16:49:34,484] INFO in _internal: 127.0.0.1 - - [01/Feb/2024 16:49:34] "[36mGET /static/img/19.jpg HTTP/1.1[0m" 304 -
[2024-02-01 16:49:34,488] INFO in _internal: 127.0.0.1 - - [01/Feb/2024 16:49:34] "[36mGET /static/img/20.jpg HTTP/1.1[0m" 304 -
[2024-02-01 16:49:34,489] INFO in _internal: 127.0.0.1 - - [01/Feb/2024 16:49:34] "[36mGET /static/img/21.jpg HTTP/1.1[0m" 304 -
[2024-02-01 16:49:34,502] INFO in _internal: 127.0.0.1 - - [01/Feb/2024 16:49:34] "[36mGET /static/img/22.jpg HTTP/1.1[0m" 304 -
[2024-02-01 16:50:55,527] INFO in _internal: 127.0.0.1 - - [01/Feb/2024 16:50:55] "GET /escortv2 HTTP/1.1" 200 -
[2024-02-01 16:50:55,556] INFO in _internal: 127.0.0.1 - - [01/Feb/2024 16:50:55] "GET /static/css/escortv2.css HTTP/1.1" 200 -
[2024-02-01 16:50:55,559] INFO in _internal: 127.0.0.1 - - [01/Feb/2024 16:50:55] "[36mGET /static/img/logo.png HTTP/1.1[0m" 304 -
[2024-02-01 16:50:55,563] INFO in _internal: 127.0.0.1 - - [01/Feb/2024 16:50:55] "[36mGET /static/js/escortv2.js HTTP/1.1[0m" 304 -
[2024-02-01 16:50:55,833] INFO in _internal: 127.0.0.1 - - [01/Feb/2024 16:50:55] "[36mGET /static/img/2.jpg HTTP/1.1[0m" 304 -
[2024-02-01 16:50:55,834] INFO in _internal: 127.0.0.1 - - [01/Feb/2024 16:50:55] "[36mGET /static/img/1.jpg HTTP/1.1[0m" 304 -
[2024-02-01 16:50:55,837] INFO in _internal: 127.0.0.1 - - [01/Feb/2024 16:50:55] "[36mGET /static/img/3.jpg HTTP/1.1[0m" 304 -
[2024-02-01 16:50:55,838] INFO in _internal: 127.0.0.1 - - [01/Feb/2024 16:50:55] "[36mGET /static/img/4.jpg HTTP/1.1[0m" 304 -
[2024-02-01 16:50:55,844] INFO in _internal: 127.0.0.1 - - [01/Feb/2024 16:50:55] "[36mGET /static/img/19.jpg HTTP/1.1[0m" 304 -
[2024-02-01 16:50:55,849] INFO in _internal: 127.0.0.1 - - [01/Feb/2024 16:50:55] "[36mGET /static/img/20.jpg HTTP/1.1[0m" 304 -
[2024-02-01 16:50:55,855] INFO in _internal: 127.0.0.1 - - [01/Feb/2024 16:50:55] "[36mGET /static/img/21.jpg HTTP/1.1[0m" 304 -
[2024-02-01 16:50:55,861] INFO in _internal: 127.0.0.1 - - [01/Feb/2024 16:50:55] "[36mGET /static/img/22.jpg HTTP/1.1[0m" 304 -
[2024-02-01 16:51:18,117] INFO in _internal: 127.0.0.1 - - [01/Feb/2024 16:51:18] "GET /escortv2 HTTP/1.1" 200 -
[2024-02-01 16:51:18,145] INFO in _internal: 127.0.0.1 - - [01/Feb/2024 16:51:18] "[36mGET /static/img/logo.png HTTP/1.1[0m" 304 -
[2024-02-01 16:51:18,145] INFO in _internal: 127.0.0.1 - - [01/Feb/2024 16:51:18] "GET /static/css/escortv2.css HTTP/1.1" 200 -
[2024-02-01 16:51:18,148] INFO in _internal: 127.0.0.1 - - [01/Feb/2024 16:51:18] "[36mGET /static/js/escortv2.js HTTP/1.1[0m" 304 -
[2024-02-01 16:51:18,178] INFO in _internal: 127.0.0.1 - - [01/Feb/2024 16:51:18] "[36mGET /static/img/1.jpg HTTP/1.1[0m" 304 -
[2024-02-01 16:51:18,179] INFO in _internal: 127.0.0.1 - - [01/Feb/2024 16:51:18] "[36mGET /static/img/2.jpg HTTP/1.1[0m" 304 -
[2024-02-01 16:51:18,194] INFO in _internal: 127.0.0.1 - - [01/Feb/2024 16:51:18] "[36mGET /static/img/3.jpg HTTP/1.1[0m" 304 -
[2024-02-01 16:51:18,203] INFO in _internal: 127.0.0.1 - - [01/Feb/2024 16:51:18] "[36mGET /static/img/4.jpg HTTP/1.1[0m" 304 -
[2024-02-01 16:51:18,210] INFO in _internal: 127.0.0.1 - - [01/Feb/2024 16:51:18] "[36mGET /static/img/19.jpg HTTP/1.1[0m" 304 -
[2024-02-01 16:51:18,217] INFO in _internal: 127.0.0.1 - - [01/Feb/2024 16:51:18] "[36mGET /static/img/20.jpg HTTP/1.1[0m" 304 -
[2024-02-01 16:51:18,219] INFO in _internal: 127.0.0.1 - - [01/Feb/2024 16:51:18] "[36mGET /static/img/21.jpg HTTP/1.1[0m" 304 -
[2024-02-01 16:51:18,221] INFO in _internal: 127.0.0.1 - - [01/Feb/2024 16:51:18] "[36mGET /static/img/22.jpg HTTP/1.1[0m" 304 -
[2024-02-01 16:53:43,631] INFO in _internal: 127.0.0.1 - - [01/Feb/2024 16:53:43] "GET /escortv2 HTTP/1.1" 200 -
[2024-02-01 16:53:43,655] INFO in _internal: 127.0.0.1 - - [01/Feb/2024 16:53:43] "[36mGET /static/css/escortv2.css HTTP/1.1[0m" 304 -
[2024-02-01 16:53:43,658] INFO in _internal: 127.0.0.1 - - [01/Feb/2024 16:53:43] "[36mGET /static/img/logo.png HTTP/1.1[0m" 304 -
[2024-02-01 16:53:43,659] INFO in _internal: 127.0.0.1 - - [01/Feb/2024 16:53:43] "GET /static/js/escortv2.js HTTP/1.1" 200 -
[2024-02-01 16:53:43,905] INFO in _internal: 127.0.0.1 - - [01/Feb/2024 16:53:43] "[36mGET /static/img/1.jpg HTTP/1.1[0m" 304 -
[2024-02-01 16:53:43,906] INFO in _internal: 127.0.0.1 - - [01/Feb/2024 16:53:43] "[36mGET /static/img/2.jpg HTTP/1.1[0m" 304 -
[2024-02-01 16:53:43,914] INFO in _internal: 127.0.0.1 - - [01/Feb/2024 16:53:43] "[36mGET /static/img/4.jpg HTTP/1.1[0m" 304 -
[2024-02-01 16:53:43,915] INFO in _internal: 127.0.0.1 - - [01/Feb/2024 16:53:43] "[36mGET /static/img/3.jpg HTTP/1.1[0m" 304 -
[2024-02-01 16:53:43,923] INFO in _internal: 127.0.0.1 - - [01/Feb/2024 16:53:43] "[36mGET /static/img/19.jpg HTTP/1.1[0m" 304 -
[2024-02-01 16:53:43,926] INFO in _internal: 127.0.0.1 - - [01/Feb/2024 16:53:43] "[36mGET /static/img/20.jpg HTTP/1.1[0m" 304 -
[2024-02-01 16:53:43,928] INFO in _internal: 127.0.0.1 - - [01/Feb/2024 16:53:43] "[36mGET /static/img/21.jpg HTTP/1.1[0m" 304 -
[2024-02-01 16:53:43,930] INFO in _internal: 127.0.0.1 - - [01/Feb/2024 16:53:43] "[36mGET /static/img/22.jpg HTTP/1.1[0m" 304 -
[2024-02-01 16:53:45,038] INFO in _internal: 127.0.0.1 - - [01/Feb/2024 16:53:45] "GET /escortv2 HTTP/1.1" 200 -
[2024-02-01 16:53:45,058] INFO in _internal: 127.0.0.1 - - [01/Feb/2024 16:53:45] "[36mGET /static/css/escortv2.css HTTP/1.1[0m" 304 -
[2024-02-01 16:53:45,060] INFO in _internal: 127.0.0.1 - - [01/Feb/2024 16:53:45] "[36mGET /static/js/escortv2.js HTTP/1.1[0m" 304 -
[2024-02-01 16:53:45,061] INFO in _internal: 127.0.0.1 - - [01/Feb/2024 16:53:45] "[36mGET /static/img/logo.png HTTP/1.1[0m" 304 -
[2024-02-01 16:53:45,092] INFO in _internal: 127.0.0.1 - - [01/Feb/2024 16:53:45] "[36mGET /static/img/2.jpg HTTP/1.1[0m" 304 -
[2024-02-01 16:53:45,094] INFO in _internal: 127.0.0.1 - - [01/Feb/2024 16:53:45] "[36mGET /static/img/1.jpg HTTP/1.1[0m" 304 -
[2024-02-01 16:53:45,094] INFO in _internal: 127.0.0.1 - - [01/Feb/2024 16:53:45] "[36mGET /static/img/3.jpg HTTP/1.1[0m" 304 -
[2024-02-01 16:53:45,098] INFO in _internal: 127.0.0.1 - - [01/Feb/2024 16:53:45] "[36mGET /static/img/4.jpg HTTP/1.1[0m" 304 -
[2024-02-01 16:53:45,101] INFO in _internal: 127.0.0.1 - - [01/Feb/2024 16:53:45] "[36mGET /static/img/19.jpg HTTP/1.1[0m" 304 -
[2024-02-01 16:53:45,103] INFO in _internal: 127.0.0.1 - - [01/Feb/2024 16:53:45] "[36mGET /static/img/20.jpg HTTP/1.1[0m" 304 -
[2024-02-01 16:53:45,110] INFO in _internal: 127.0.0.1 - - [01/Feb/2024 16:53:45] "[36mGET /static/img/21.jpg HTTP/1.1[0m" 304 -
[2024-02-01 16:53:45,122] INFO in _internal: 127.0.0.1 - - [01/Feb/2024 16:53:45] "[36mGET /static/img/22.jpg HTTP/1.1[0m" 304 -
[2024-02-01 16:53:47,218] INFO in _internal: 127.0.0.1 - - [01/Feb/2024 16:53:47] "GET / HTTP/1.1" 200 -
[2024-02-01 16:53:47,244] INFO in _internal: 127.0.0.1 - - [01/Feb/2024 16:53:47] "[36mGET /static/css/templatemo-style.css HTTP/1.1[0m" 304 -
[2024-02-01 16:53:47,245] INFO in _internal: 127.0.0.1 - - [01/Feb/2024 16:53:47] "[36mGET /static/css/index.css HTTP/1.1[0m" 304 -
[2024-02-01 16:53:47,246] INFO in _internal: 127.0.0.1 - - [01/Feb/2024 16:53:47] "[36mGET /static/img/logo.png HTTP/1.1[0m" 304 -
[2024-02-01 16:53:47,429] INFO in _internal: 127.0.0.1 - - [01/Feb/2024 16:53:47] "GET /sensing_data HTTP/1.1" 200 -
[2024-02-01 16:53:56,640] INFO in _internal: 127.0.0.1 - - [01/Feb/2024 16:53:56] "GET /escortv2 HTTP/1.1" 200 -
[2024-02-01 16:53:56,665] INFO in _internal: 127.0.0.1 - - [01/Feb/2024 16:53:56] "[36mGET /static/css/escortv2.css HTTP/1.1[0m" 304 -
[2024-02-01 16:53:56,665] INFO in _internal: 127.0.0.1 - - [01/Feb/2024 16:53:56] "[36mGET /static/img/logo.png HTTP/1.1[0m" 304 -
[2024-02-01 16:53:56,667] INFO in _internal: 127.0.0.1 - - [01/Feb/2024 16:53:56] "[36mGET /static/js/escortv2.js HTTP/1.1[0m" 304 -
[2024-02-01 16:53:56,697] INFO in _internal: 127.0.0.1 - - [01/Feb/2024 16:53:56] "[36mGET /static/img/1.jpg HTTP/1.1[0m" 304 -
[2024-02-01 16:53:56,699] INFO in _internal: 127.0.0.1 - - [01/Feb/2024 16:53:56] "[36mGET /static/img/2.jpg HTTP/1.1[0m" 304 -
[2024-02-01 16:53:56,706] INFO in _internal: 127.0.0.1 - - [01/Feb/2024 16:53:56] "[36mGET /static/img/3.jpg HTTP/1.1[0m" 304 -
[2024-02-01 16:53:56,712] INFO in _internal: 127.0.0.1 - - [01/Feb/2024 16:53:56] "[36mGET /static/img/19.jpg HTTP/1.1[0m" 304 -
[2024-02-01 16:53:56,712] INFO in _internal: 127.0.0.1 - - [01/Feb/2024 16:53:56] "[36mGET /static/img/4.jpg HTTP/1.1[0m" 304 -
[2024-02-01 16:53:56,714] INFO in _internal: 127.0.0.1 - - [01/Feb/2024 16:53:56] "[36mGET /static/img/20.jpg HTTP/1.1[0m" 304 -
[2024-02-01 16:53:56,717] INFO in _internal: 127.0.0.1 - - [01/Feb/2024 16:53:56] "[36mGET /static/img/22.jpg HTTP/1.1[0m" 304 -
[2024-02-01 16:53:56,722] INFO in _internal: 127.0.0.1 - - [01/Feb/2024 16:53:56] "[36mGET /static/img/21.jpg HTTP/1.1[0m" 304 -
[2024-02-01 16:57:28,859] INFO in _internal: 127.0.0.1 - - [01/Feb/2024 16:57:28] "GET /escortv2 HTTP/1.1" 200 -
[2024-02-01 16:57:28,888] INFO in _internal: 127.0.0.1 - - [01/Feb/2024 16:57:28] "[36mGET /static/css/escortv2.css HTTP/1.1[0m" 304 -
[2024-02-01 16:57:28,891] INFO in _internal: 127.0.0.1 - - [01/Feb/2024 16:57:28] "[36mGET /static/img/logo.png HTTP/1.1[0m" 304 -
[2024-02-01 16:57:28,893] INFO in _internal: 127.0.0.1 - - [01/Feb/2024 16:57:28] "GET /static/js/escortv2.js HTTP/1.1" 200 -
[2024-02-01 16:57:29,157] INFO in _internal: 127.0.0.1 - - [01/Feb/2024 16:57:29] "[36mGET /static/img/1.jpg HTTP/1.1[0m" 304 -
[2024-02-01 16:57:29,158] INFO in _internal: 127.0.0.1 - - [01/Feb/2024 16:57:29] "[36mGET /static/img/2.jpg HTTP/1.1[0m" 304 -
[2024-02-01 16:57:29,163] INFO in _internal: 127.0.0.1 - - [01/Feb/2024 16:57:29] "[36mGET /static/img/3.jpg HTTP/1.1[0m" 304 -
[2024-02-01 16:57:29,170] INFO in _internal: 127.0.0.1 - - [01/Feb/2024 16:57:29] "[36mGET /static/img/4.jpg HTTP/1.1[0m" 304 -
[2024-02-01 16:57:29,174] INFO in _internal: 127.0.0.1 - - [01/Feb/2024 16:57:29] "[36mGET /static/img/19.jpg HTTP/1.1[0m" 304 -
[2024-02-01 16:57:29,181] INFO in _internal: 127.0.0.1 - - [01/Feb/2024 16:57:29] "[36mGET /static/img/20.jpg HTTP/1.1[0m" 304 -
[2024-02-01 16:57:29,182] INFO in _internal: 127.0.0.1 - - [01/Feb/2024 16:57:29] "[36mGET /static/img/21.jpg HTTP/1.1[0m" 304 -
[2024-02-01 16:57:29,188] INFO in _internal: 127.0.0.1 - - [01/Feb/2024 16:57:29] "[36mGET /static/img/22.jpg HTTP/1.1[0m" 304 -
[2024-02-01 16:58:17,328] INFO in _internal: 127.0.0.1 - - [01/Feb/2024 16:58:17] "GET /escortv2 HTTP/1.1" 200 -
[2024-02-01 16:58:17,350] INFO in _internal: 127.0.0.1 - - [01/Feb/2024 16:58:17] "[36mGET /static/css/escortv2.css HTTP/1.1[0m" 304 -
[2024-02-01 16:58:17,357] INFO in _internal: 127.0.0.1 - - [01/Feb/2024 16:58:17] "[36mGET /static/img/logo.png HTTP/1.1[0m" 304 -
[2024-02-01 16:58:17,359] INFO in _internal: 127.0.0.1 - - [01/Feb/2024 16:58:17] "GET /static/js/escortv2.js HTTP/1.1" 200 -
[2024-02-01 16:58:17,402] INFO in _internal: 127.0.0.1 - - [01/Feb/2024 16:58:17] "[36mGET /static/img/3.jpg HTTP/1.1[0m" 304 -
[2024-02-01 16:58:17,404] INFO in _internal: 127.0.0.1 - - [01/Feb/2024 16:58:17] "[36mGET /static/img/1.jpg HTTP/1.1[0m" 304 -
[2024-02-01 16:58:17,404] INFO in _internal: 127.0.0.1 - - [01/Feb/2024 16:58:17] "[36mGET /static/img/2.jpg HTTP/1.1[0m" 304 -
[2024-02-01 16:58:17,413] INFO in _internal: 127.0.0.1 - - [01/Feb/2024 16:58:17] "[36mGET /static/img/4.jpg HTTP/1.1[0m" 304 -
[2024-02-01 16:58:17,425] INFO in _internal: 127.0.0.1 - - [01/Feb/2024 16:58:17] "[36mGET /static/img/20.jpg HTTP/1.1[0m" 304 -
[2024-02-01 16:58:17,428] INFO in _internal: 127.0.0.1 - - [01/Feb/2024 16:58:17] "[36mGET /static/img/19.jpg HTTP/1.1[0m" 304 -
[2024-02-01 16:58:17,431] INFO in _internal: 127.0.0.1 - - [01/Feb/2024 16:58:17] "[36mGET /static/img/21.jpg HTTP/1.1[0m" 304 -
[2024-02-01 16:58:17,433] INFO in _internal: 127.0.0.1 - - [01/Feb/2024 16:58:17] "[36mGET /static/img/22.jpg HTTP/1.1[0m" 304 -
[2024-02-01 16:59:53,674] INFO in _internal: 127.0.0.1 - - [01/Feb/2024 16:59:53] "GET /escortv2 HTTP/1.1" 200 -
[2024-02-01 16:59:53,698] INFO in _internal: 127.0.0.1 - - [01/Feb/2024 16:59:53] "[36mGET /static/css/escortv2.css HTTP/1.1[0m" 304 -
[2024-02-01 16:59:53,703] INFO in _internal: 127.0.0.1 - - [01/Feb/2024 16:59:53] "[36mGET /static/img/logo.png HTTP/1.1[0m" 304 -
[2024-02-01 16:59:53,704] INFO in _internal: 127.0.0.1 - - [01/Feb/2024 16:59:53] "GET /static/js/escortv2.js HTTP/1.1" 200 -
[2024-02-01 16:59:53,949] INFO in _internal: 127.0.0.1 - - [01/Feb/2024 16:59:53] "[36mGET /static/img/1.jpg HTTP/1.1[0m" 304 -
[2024-02-01 16:59:53,950] INFO in _internal: 127.0.0.1 - - [01/Feb/2024 16:59:53] "[36mGET /static/img/2.jpg HTTP/1.1[0m" 304 -
[2024-02-01 16:59:53,960] INFO in _internal: 127.0.0.1 - - [01/Feb/2024 16:59:53] "[36mGET /static/img/3.jpg HTTP/1.1[0m" 304 -
[2024-02-01 16:59:53,962] INFO in _internal: 127.0.0.1 - - [01/Feb/2024 16:59:53] "[36mGET /static/img/4.jpg HTTP/1.1[0m" 304 -
[2024-02-01 16:59:53,971] INFO in _internal: 127.0.0.1 - - [01/Feb/2024 16:59:53] "[36mGET /static/img/19.jpg HTTP/1.1[0m" 304 -
[2024-02-01 16:59:53,971] INFO in _internal: 127.0.0.1 - - [01/Feb/2024 16:59:53] "[36mGET /static/img/20.jpg HTTP/1.1[0m" 304 -
[2024-02-01 16:59:53,974] INFO in _internal: 127.0.0.1 - - [01/Feb/2024 16:59:53] "[36mGET /static/img/21.jpg HTTP/1.1[0m" 304 -
[2024-02-01 16:59:53,977] INFO in _internal: 127.0.0.1 - - [01/Feb/2024 16:59:53] "[36mGET /static/img/22.jpg HTTP/1.1[0m" 304 -
[2024-02-01 17:02:16,544] INFO in _internal: 127.0.0.1 - - [01/Feb/2024 17:02:16] "GET /escortv2 HTTP/1.1" 200 -
[2024-02-01 17:02:16,570] INFO in _internal: 127.0.0.1 - - [01/Feb/2024 17:02:16] "GET /static/css/escortv2.css HTTP/1.1" 200 -
[2024-02-01 17:02:16,571] INFO in _internal: 127.0.0.1 - - [01/Feb/2024 17:02:16] "[36mGET /static/img/logo.png HTTP/1.1[0m" 304 -
[2024-02-01 17:02:16,573] INFO in _internal: 127.0.0.1 - - [01/Feb/2024 17:02:16] "GET /static/js/escortv2.js HTTP/1.1" 200 -
[2024-02-01 17:02:16,597] INFO in _internal: 127.0.0.1 - - [01/Feb/2024 17:02:16] "[36mGET /static/img/1.jpg HTTP/1.1[0m" 304 -
[2024-02-01 17:02:16,598] INFO in _internal: 127.0.0.1 - - [01/Feb/2024 17:02:16] "[36mGET /static/img/2.jpg HTTP/1.1[0m" 304 -
[2024-02-01 17:02:16,600] INFO in _internal: 127.0.0.1 - - [01/Feb/2024 17:02:16] "[36mGET /static/img/3.jpg HTTP/1.1[0m" 304 -
[2024-02-01 17:02:16,604] INFO in _internal: 127.0.0.1 - - [01/Feb/2024 17:02:16] "[36mGET /static/img/4.jpg HTTP/1.1[0m" 304 -
[2024-02-01 17:02:16,615] INFO in _internal: 127.0.0.1 - - [01/Feb/2024 17:02:16] "[36mGET /static/img/19.jpg HTTP/1.1[0m" 304 -
[2024-02-01 17:02:16,619] INFO in _internal: 127.0.0.1 - - [01/Feb/2024 17:02:16] "[36mGET /static/img/20.jpg HTTP/1.1[0m" 304 -
[2024-02-01 17:02:16,622] INFO in _internal: 127.0.0.1 - - [01/Feb/2024 17:02:16] "[36mGET /static/img/21.jpg HTTP/1.1[0m" 304 -
[2024-02-01 17:02:16,625] INFO in _internal: 127.0.0.1 - - [01/Feb/2024 17:02:16] "[36mGET /static/img/22.jpg HTTP/1.1[0m" 304 -
[2024-02-01 17:02:58,541] INFO in _internal: 127.0.0.1 - - [01/Feb/2024 17:02:58] "GET /escortv2 HTTP/1.1" 200 -
[2024-02-01 17:02:58,566] INFO in _internal: 127.0.0.1 - - [01/Feb/2024 17:02:58] "GET /static/css/escortv2.css HTTP/1.1" 200 -
[2024-02-01 17:02:58,568] INFO in _internal: 127.0.0.1 - - [01/Feb/2024 17:02:58] "[36mGET /static/img/logo.png HTTP/1.1[0m" 304 -
[2024-02-01 17:02:58,568] INFO in _internal: 127.0.0.1 - - [01/Feb/2024 17:02:58] "GET /static/js/escortv2.js HTTP/1.1" 200 -
[2024-02-01 17:02:58,590] INFO in _internal: 127.0.0.1 - - [01/Feb/2024 17:02:58] "[36mGET /static/img/1.jpg HTTP/1.1[0m" 304 -
[2024-02-01 17:02:58,592] INFO in _internal: 127.0.0.1 - - [01/Feb/2024 17:02:58] "[36mGET /static/img/2.jpg HTTP/1.1[0m" 304 -
[2024-02-01 17:02:58,605] INFO in _internal: 127.0.0.1 - - [01/Feb/2024 17:02:58] "[36mGET /static/img/3.jpg HTTP/1.1[0m" 304 -
[2024-02-01 17:02:58,606] INFO in _internal: 127.0.0.1 - - [01/Feb/2024 17:02:58] "[36mGET /static/img/4.jpg HTTP/1.1[0m" 304 -
[2024-02-01 17:02:58,607] INFO in _internal: 127.0.0.1 - - [01/Feb/2024 17:02:58] "[36mGET /static/img/19.jpg HTTP/1.1[0m" 304 -
[2024-02-01 17:02:58,611] INFO in _internal: 127.0.0.1 - - [01/Feb/2024 17:02:58] "[36mGET /static/img/20.jpg HTTP/1.1[0m" 304 -
[2024-02-01 17:02:58,621] INFO in _internal: 127.0.0.1 - - [01/Feb/2024 17:02:58] "[36mGET /static/img/21.jpg HTTP/1.1[0m" 304 -
[2024-02-01 17:02:58,622] INFO in _internal: 127.0.0.1 - - [01/Feb/2024 17:02:58] "[36mGET /static/img/22.jpg HTTP/1.1[0m" 304 -
[2024-02-01 17:04:08,090] INFO in _internal: 127.0.0.1 - - [01/Feb/2024 17:04:08] "GET /escortv2 HTTP/1.1" 200 -
[2024-02-01 17:04:08,119] INFO in _internal: 127.0.0.1 - - [01/Feb/2024 17:04:08] "GET /static/css/escortv2.css HTTP/1.1" 200 -
[2024-02-01 17:04:08,119] INFO in _internal: 127.0.0.1 - - [01/Feb/2024 17:04:08] "[36mGET /static/js/escortv2.js HTTP/1.1[0m" 304 -
[2024-02-01 17:04:08,121] INFO in _internal: 127.0.0.1 - - [01/Feb/2024 17:04:08] "[36mGET /static/img/logo.png HTTP/1.1[0m" 304 -
[2024-02-01 17:04:08,146] INFO in _internal: 127.0.0.1 - - [01/Feb/2024 17:04:08] "[36mGET /static/img/1.jpg HTTP/1.1[0m" 304 -
[2024-02-01 17:04:08,147] INFO in _internal: 127.0.0.1 - - [01/Feb/2024 17:04:08] "[36mGET /static/img/2.jpg HTTP/1.1[0m" 304 -
[2024-02-01 17:04:08,147] INFO in _internal: 127.0.0.1 - - [01/Feb/2024 17:04:08] "[36mGET /static/img/3.jpg HTTP/1.1[0m" 304 -
[2024-02-01 17:04:08,154] INFO in _internal: 127.0.0.1 - - [01/Feb/2024 17:04:08] "[36mGET /static/img/19.jpg HTTP/1.1[0m" 304 -
[2024-02-01 17:04:08,159] INFO in _internal: 127.0.0.1 - - [01/Feb/2024 17:04:08] "[36mGET /static/img/4.jpg HTTP/1.1[0m" 304 -
[2024-02-01 17:04:08,162] INFO in _internal: 127.0.0.1 - - [01/Feb/2024 17:04:08] "[36mGET /static/img/20.jpg HTTP/1.1[0m" 304 -
[2024-02-01 17:04:08,167] INFO in _internal: 127.0.0.1 - - [01/Feb/2024 17:04:08] "[36mGET /static/img/21.jpg HTTP/1.1[0m" 304 -
[2024-02-01 17:04:08,171] INFO in _internal: 127.0.0.1 - - [01/Feb/2024 17:04:08] "[36mGET /static/img/22.jpg HTTP/1.1[0m" 304 -
[2024-02-01 17:31:47,616] INFO in _internal: 127.0.0.1 - - [01/Feb/2024 17:31:47] "[36mGET /static/css/escortv2.css HTTP/1.1[0m" 304 -
[2024-02-01 17:34:46,440] INFO in _internal: 127.0.0.1 - - [01/Feb/2024 17:34:46] "GET /escortv2 HTTP/1.1" 200 -
[2024-02-01 17:34:46,476] INFO in _internal: 127.0.0.1 - - [01/Feb/2024 17:34:46] "GET /static/css/escortv2.css HTTP/1.1" 200 -
[2024-02-01 17:34:46,479] INFO in _internal: 127.0.0.1 - - [01/Feb/2024 17:34:46] "[36mGET /static/img/logo.png HTTP/1.1[0m" 304 -
[2024-02-01 17:34:46,479] INFO in _internal: 127.0.0.1 - - [01/Feb/2024 17:34:46] "[36mGET /static/js/escortv2.js HTTP/1.1[0m" 304 -
[2024-02-01 17:34:46,511] INFO in _internal: 127.0.0.1 - - [01/Feb/2024 17:34:46] "[36mGET /static/img/1.jpg HTTP/1.1[0m" 304 -
[2024-02-01 17:34:46,512] INFO in _internal: 127.0.0.1 - - [01/Feb/2024 17:34:46] "[36mGET /static/img/2.jpg HTTP/1.1[0m" 304 -
[2024-02-01 17:34:46,534] INFO in _internal: 127.0.0.1 - - [01/Feb/2024 17:34:46] "[36mGET /static/img/3.jpg HTTP/1.1[0m" 304 -
[2024-02-01 17:34:46,536] INFO in _internal: 127.0.0.1 - - [01/Feb/2024 17:34:46] "[36mGET /static/img/4.jpg HTTP/1.1[0m" 304 -
[2024-02-01 17:34:46,540] INFO in _internal: 127.0.0.1 - - [01/Feb/2024 17:34:46] "[36mGET /static/img/20.jpg HTTP/1.1[0m" 304 -
[2024-02-01 17:34:46,546] INFO in _internal: 127.0.0.1 - - [01/Feb/2024 17:34:46] "[36mGET /static/img/19.jpg HTTP/1.1[0m" 304 -
[2024-02-01 17:34:46,549] INFO in _internal: 127.0.0.1 - - [01/Feb/2024 17:34:46] "[36mGET /static/img/21.jpg HTTP/1.1[0m" 304 -
[2024-02-01 17:34:46,569] INFO in _internal: 127.0.0.1 - - [01/Feb/2024 17:34:46] "[36mGET /static/img/22.jpg HTTP/1.1[0m" 304 -
[2024-02-01 17:36:18,942] INFO in _internal: 127.0.0.1 - - [01/Feb/2024 17:36:18] "GET /escortv2 HTTP/1.1" 200 -
[2024-02-01 17:36:18,968] INFO in _internal: 127.0.0.1 - - [01/Feb/2024 17:36:18] "GET /static/css/escortv2.css HTTP/1.1" 200 -
[2024-02-01 17:36:18,972] INFO in _internal: 127.0.0.1 - - [01/Feb/2024 17:36:18] "[36mGET /static/img/logo.png HTTP/1.1[0m" 304 -
[2024-02-01 17:36:18,973] INFO in _internal: 127.0.0.1 - - [01/Feb/2024 17:36:18] "[36mGET /static/js/escortv2.js HTTP/1.1[0m" 304 -
[2024-02-01 17:36:19,035] INFO in _internal: 127.0.0.1 - - [01/Feb/2024 17:36:19] "[36mGET /static/img/1.jpg HTTP/1.1[0m" 304 -
[2024-02-01 17:36:19,042] INFO in _internal: 127.0.0.1 - - [01/Feb/2024 17:36:19] "[36mGET /static/img/2.jpg HTTP/1.1[0m" 304 -
[2024-02-01 17:36:19,044] INFO in _internal: 127.0.0.1 - - [01/Feb/2024 17:36:19] "[36mGET /static/img/3.jpg HTTP/1.1[0m" 304 -
[2024-02-01 17:36:19,048] INFO in _internal: 127.0.0.1 - - [01/Feb/2024 17:36:19] "[36mGET /static/img/4.jpg HTTP/1.1[0m" 304 -
[2024-02-01 17:36:19,057] INFO in _internal: 127.0.0.1 - - [01/Feb/2024 17:36:19] "[36mGET /static/img/19.jpg HTTP/1.1[0m" 304 -
[2024-02-01 17:36:19,059] INFO in _internal: 127.0.0.1 - - [01/Feb/2024 17:36:19] "[36mGET /static/img/20.jpg HTTP/1.1[0m" 304 -
[2024-02-01 17:36:19,069] INFO in _internal: 127.0.0.1 - - [01/Feb/2024 17:36:19] "[36mGET /static/img/21.jpg HTTP/1.1[0m" 304 -
[2024-02-01 17:36:19,072] INFO in _internal: 127.0.0.1 - - [01/Feb/2024 17:36:19] "[36mGET /static/img/22.jpg HTTP/1.1[0m" 304 -
[2024-02-01 17:38:46,892] INFO in _internal: 127.0.0.1 - - [01/Feb/2024 17:38:46] "GET /escortv2 HTTP/1.1" 200 -
[2024-02-01 17:38:46,916] INFO in _internal: 127.0.0.1 - - [01/Feb/2024 17:38:46] "GET /static/css/escortv2.css HTTP/1.1" 200 -
[2024-02-01 17:38:46,917] INFO in _internal: 127.0.0.1 - - [01/Feb/2024 17:38:46] "[36mGET /static/js/escortv2.js HTTP/1.1[0m" 304 -
[2024-02-01 17:38:46,919] INFO in _internal: 127.0.0.1 - - [01/Feb/2024 17:38:46] "[36mGET /static/img/logo.png HTTP/1.1[0m" 304 -
[2024-02-01 17:38:46,978] INFO in _internal: 127.0.0.1 - - [01/Feb/2024 17:38:46] "[36mGET /static/img/1.jpg HTTP/1.1[0m" 304 -
[2024-02-01 17:38:46,983] INFO in _internal: 127.0.0.1 - - [01/Feb/2024 17:38:46] "[36mGET /static/img/2.jpg HTTP/1.1[0m" 304 -
[2024-02-01 17:38:46,984] INFO in _internal: 127.0.0.1 - - [01/Feb/2024 17:38:46] "[36mGET /static/img/3.jpg HTTP/1.1[0m" 304 -
[2024-02-01 17:38:46,987] INFO in _internal: 127.0.0.1 - - [01/Feb/2024 17:38:46] "[36mGET /static/img/4.jpg HTTP/1.1[0m" 304 -
[2024-02-01 17:38:46,988] INFO in _internal: 127.0.0.1 - - [01/Feb/2024 17:38:46] "[36mGET /static/img/19.jpg HTTP/1.1[0m" 304 -
[2024-02-01 17:38:46,990] INFO in _internal: 127.0.0.1 - - [01/Feb/2024 17:38:46] "[36mGET /static/img/20.jpg HTTP/1.1[0m" 304 -
[2024-02-01 17:38:46,998] INFO in _internal: 127.0.0.1 - - [01/Feb/2024 17:38:46] "[36mGET /static/img/21.jpg HTTP/1.1[0m" 304 -
[2024-02-01 17:38:47,002] INFO in _internal: 127.0.0.1 - - [01/Feb/2024 17:38:47] "[36mGET /static/img/22.jpg HTTP/1.1[0m" 304 -
[2024-02-01 17:39:09,366] INFO in _internal: 127.0.0.1 - - [01/Feb/2024 17:39:09] "GET /escortv2 HTTP/1.1" 200 -
[2024-02-01 17:39:09,388] INFO in _internal: 127.0.0.1 - - [01/Feb/2024 17:39:09] "GET /static/css/escortv2.css HTTP/1.1" 200 -
[2024-02-01 17:39:09,389] INFO in _internal: 127.0.0.1 - - [01/Feb/2024 17:39:09] "[36mGET /static/img/logo.png HTTP/1.1[0m" 304 -
[2024-02-01 17:39:09,391] INFO in _internal: 127.0.0.1 - - [01/Feb/2024 17:39:09] "[36mGET /static/js/escortv2.js HTTP/1.1[0m" 304 -
[2024-02-01 17:39:09,415] INFO in _internal: 127.0.0.1 - - [01/Feb/2024 17:39:09] "[36mGET /static/img/1.jpg HTTP/1.1[0m" 304 -
[2024-02-01 17:39:09,418] INFO in _internal: 127.0.0.1 - - [01/Feb/2024 17:39:09] "[36mGET /static/img/2.jpg HTTP/1.1[0m" 304 -
[2024-02-01 17:39:09,418] INFO in _internal: 127.0.0.1 - - [01/Feb/2024 17:39:09] "[36mGET /static/img/3.jpg HTTP/1.1[0m" 304 -
[2024-02-01 17:39:09,421] INFO in _internal: 127.0.0.1 - - [01/Feb/2024 17:39:09] "[36mGET /static/img/4.jpg HTTP/1.1[0m" 304 -
[2024-02-01 17:39:09,432] INFO in _internal: 127.0.0.1 - - [01/Feb/2024 17:39:09] "[36mGET /static/img/19.jpg HTTP/1.1[0m" 304 -
[2024-02-01 17:39:09,434] INFO in _internal: 127.0.0.1 - - [01/Feb/2024 17:39:09] "[36mGET /static/img/20.jpg HTTP/1.1[0m" 304 -
[2024-02-01 17:39:09,439] INFO in _internal: 127.0.0.1 - - [01/Feb/2024 17:39:09] "[36mGET /static/img/21.jpg HTTP/1.1[0m" 304 -
[2024-02-01 17:39:09,450] INFO in _internal: 127.0.0.1 - - [01/Feb/2024 17:39:09] "[36mGET /static/img/22.jpg HTTP/1.1[0m" 304 -
[2024-02-01 17:41:40,116] INFO in _internal: 127.0.0.1 - - [01/Feb/2024 17:41:40] "GET /escortv2 HTTP/1.1" 200 -
[2024-02-01 17:41:40,140] INFO in _internal: 127.0.0.1 - - [01/Feb/2024 17:41:40] "GET /static/css/escortv2.css HTTP/1.1" 200 -
[2024-02-01 17:41:40,140] INFO in _internal: 127.0.0.1 - - [01/Feb/2024 17:41:40] "GET /static/js/escortv2.js HTTP/1.1" 200 -
[2024-02-01 17:41:40,141] INFO in _internal: 127.0.0.1 - - [01/Feb/2024 17:41:40] "[36mGET /static/img/logo.png HTTP/1.1[0m" 304 -
[2024-02-01 17:41:40,174] INFO in _internal: 127.0.0.1 - - [01/Feb/2024 17:41:40] "[36mGET /static/img/1.jpg HTTP/1.1[0m" 304 -
[2024-02-01 17:41:40,177] INFO in _internal: 127.0.0.1 - - [01/Feb/2024 17:41:40] "[36mGET /static/img/2.jpg HTTP/1.1[0m" 304 -
[2024-02-01 17:41:40,179] INFO in _internal: 127.0.0.1 - - [01/Feb/2024 17:41:40] "[36mGET /static/img/3.jpg HTTP/1.1[0m" 304 -
[2024-02-01 17:41:40,187] INFO in _internal: 127.0.0.1 - - [01/Feb/2024 17:41:40] "[36mGET /static/img/20.jpg HTTP/1.1[0m" 304 -
[2024-02-01 17:41:40,187] INFO in _internal: 127.0.0.1 - - [01/Feb/2024 17:41:40] "[36mGET /static/img/4.jpg HTTP/1.1[0m" 304 -
[2024-02-01 17:41:40,187] INFO in _internal: 127.0.0.1 - - [01/Feb/2024 17:41:40] "[36mGET /static/img/19.jpg HTTP/1.1[0m" 304 -
[2024-02-01 17:41:40,196] INFO in _internal: 127.0.0.1 - - [01/Feb/2024 17:41:40] "[36mGET /static/img/21.jpg HTTP/1.1[0m" 304 -
[2024-02-01 17:41:40,199] INFO in _internal: 127.0.0.1 - - [01/Feb/2024 17:41:40] "[36mGET /static/img/22.jpg HTTP/1.1[0m" 304 -
[2024-02-01 17:42:03,582] INFO in _internal: 127.0.0.1 - - [01/Feb/2024 17:42:03] "GET /escortv2 HTTP/1.1" 200 -
[2024-02-01 17:42:03,606] INFO in _internal: 127.0.0.1 - - [01/Feb/2024 17:42:03] "GET /static/css/escortv2.css HTTP/1.1" 200 -
[2024-02-01 17:42:03,609] INFO in _internal: 127.0.0.1 - - [01/Feb/2024 17:42:03] "GET /static/js/escortv2.js HTTP/1.1" 200 -
[2024-02-01 17:42:03,611] INFO in _internal: 127.0.0.1 - - [01/Feb/2024 17:42:03] "[36mGET /static/img/logo.png HTTP/1.1[0m" 304 -
[2024-02-01 17:42:03,640] INFO in _internal: 127.0.0.1 - - [01/Feb/2024 17:42:03] "[36mGET /static/img/1.jpg HTTP/1.1[0m" 304 -
[2024-02-01 17:42:03,642] INFO in _internal: 127.0.0.1 - - [01/Feb/2024 17:42:03] "[36mGET /static/img/2.jpg HTTP/1.1[0m" 304 -
[2024-02-01 17:42:03,651] INFO in _internal: 127.0.0.1 - - [01/Feb/2024 17:42:03] "[36mGET /static/img/3.jpg HTTP/1.1[0m" 304 -
[2024-02-01 17:42:03,653] INFO in _internal: 127.0.0.1 - - [01/Feb/2024 17:42:03] "[36mGET /static/img/4.jpg HTTP/1.1[0m" 304 -
[2024-02-01 17:42:03,654] INFO in _internal: 127.0.0.1 - - [01/Feb/2024 17:42:03] "[36mGET /static/img/19.jpg HTTP/1.1[0m" 304 -
[2024-02-01 17:42:03,657] INFO in _internal: 127.0.0.1 - - [01/Feb/2024 17:42:03] "[36mGET /static/img/20.jpg HTTP/1.1[0m" 304 -
[2024-02-01 17:42:03,661] INFO in _internal: 127.0.0.1 - - [01/Feb/2024 17:42:03] "[36mGET /static/img/21.jpg HTTP/1.1[0m" 304 -
[2024-02-01 17:42:03,666] INFO in _internal: 127.0.0.1 - - [01/Feb/2024 17:42:03] "[36mGET /static/img/22.jpg HTTP/1.1[0m" 304 -
[2024-02-01 17:42:58,140] INFO in _internal: 127.0.0.1 - - [01/Feb/2024 17:42:58] "GET /escortv2 HTTP/1.1" 200 -
[2024-02-01 17:42:58,161] INFO in _internal: 127.0.0.1 - - [01/Feb/2024 17:42:58] "GET /static/css/escortv2.css HTTP/1.1" 200 -
[2024-02-01 17:42:58,164] INFO in _internal: 127.0.0.1 - - [01/Feb/2024 17:42:58] "GET /static/js/escortv2.js HTTP/1.1" 200 -
[2024-02-01 17:42:58,167] INFO in _internal: 127.0.0.1 - - [01/Feb/2024 17:42:58] "[36mGET /static/img/logo.png HTTP/1.1[0m" 304 -
[2024-02-01 17:42:58,193] INFO in _internal: 127.0.0.1 - - [01/Feb/2024 17:42:58] "[36mGET /static/img/1.jpg HTTP/1.1[0m" 304 -
[2024-02-01 17:42:58,193] INFO in _internal: 127.0.0.1 - - [01/Feb/2024 17:42:58] "[36mGET /static/img/2.jpg HTTP/1.1[0m" 304 -
[2024-02-01 17:42:58,199] INFO in _internal: 127.0.0.1 - - [01/Feb/2024 17:42:58] "[36mGET /static/img/3.jpg HTTP/1.1[0m" 304 -
[2024-02-01 17:42:58,212] INFO in _internal: 127.0.0.1 - - [01/Feb/2024 17:42:58] "[36mGET /static/img/4.jpg HTTP/1.1[0m" 304 -
[2024-02-01 17:42:58,215] INFO in _internal: 127.0.0.1 - - [01/Feb/2024 17:42:58] "[36mGET /static/img/19.jpg HTTP/1.1[0m" 304 -
[2024-02-01 17:42:58,226] INFO in _internal: 127.0.0.1 - - [01/Feb/2024 17:42:58] "[36mGET /static/img/20.jpg HTTP/1.1[0m" 304 -
[2024-02-01 17:42:58,226] INFO in _internal: 127.0.0.1 - - [01/Feb/2024 17:42:58] "[36mGET /static/img/21.jpg HTTP/1.1[0m" 304 -
[2024-02-01 17:42:58,229] INFO in _internal: 127.0.0.1 - - [01/Feb/2024 17:42:58] "[36mGET /static/img/22.jpg HTTP/1.1[0m" 304 -
[2024-02-01 17:45:31,357] INFO in _internal: 127.0.0.1 - - [01/Feb/2024 17:45:31] "GET /escortv2 HTTP/1.1" 200 -
[2024-02-01 17:45:31,380] INFO in _internal: 127.0.0.1 - - [01/Feb/2024 17:45:31] "GET /static/js/escortv2.js HTTP/1.1" 200 -
[2024-02-01 17:45:31,381] INFO in _internal: 127.0.0.1 - - [01/Feb/2024 17:45:31] "[36mGET /static/img/logo.png HTTP/1.1[0m" 304 -
[2024-02-01 17:45:31,382] INFO in _internal: 127.0.0.1 - - [01/Feb/2024 17:45:31] "GET /static/css/escortv2.css HTTP/1.1" 200 -
[2024-02-01 17:45:31,407] INFO in _internal: 127.0.0.1 - - [01/Feb/2024 17:45:31] "[36mGET /static/img/2.jpg HTTP/1.1[0m" 304 -
[2024-02-01 17:45:31,408] INFO in _internal: 127.0.0.1 - - [01/Feb/2024 17:45:31] "[36mGET /static/img/3.jpg HTTP/1.1[0m" 304 -
[2024-02-01 17:45:31,411] INFO in _internal: 127.0.0.1 - - [01/Feb/2024 17:45:31] "[36mGET /static/img/1.jpg HTTP/1.1[0m" 304 -
[2024-02-01 17:45:31,415] INFO in _internal: 127.0.0.1 - - [01/Feb/2024 17:45:31] "[36mGET /static/img/4.jpg HTTP/1.1[0m" 304 -
[2024-02-01 17:45:31,424] INFO in _internal: 127.0.0.1 - - [01/Feb/2024 17:45:31] "[36mGET /static/img/19.jpg HTTP/1.1[0m" 304 -
[2024-02-01 17:45:31,428] INFO in _internal: 127.0.0.1 - - [01/Feb/2024 17:45:31] "[36mGET /static/img/20.jpg HTTP/1.1[0m" 304 -
[2024-02-01 17:45:31,431] INFO in _internal: 127.0.0.1 - - [01/Feb/2024 17:45:31] "[36mGET /static/img/21.jpg HTTP/1.1[0m" 304 -
[2024-02-01 17:45:31,434] INFO in _internal: 127.0.0.1 - - [01/Feb/2024 17:45:31] "[36mGET /static/img/22.jpg HTTP/1.1[0m" 304 -
[2024-02-01 17:46:07,068] INFO in _internal: 127.0.0.1 - - [01/Feb/2024 17:46:07] "GET /escortv2 HTTP/1.1" 200 -
[2024-02-01 17:46:07,090] INFO in _internal: 127.0.0.1 - - [01/Feb/2024 17:46:07] "[36mGET /static/js/escortv2.js HTTP/1.1[0m" 304 -
[2024-02-01 17:46:07,091] INFO in _internal: 127.0.0.1 - - [01/Feb/2024 17:46:07] "GET /static/css/escortv2.css HTTP/1.1" 200 -
[2024-02-01 17:46:07,093] INFO in _internal: 127.0.0.1 - - [01/Feb/2024 17:46:07] "[36mGET /static/img/logo.png HTTP/1.1[0m" 304 -
[2024-02-01 17:46:07,125] INFO in _internal: 127.0.0.1 - - [01/Feb/2024 17:46:07] "[36mGET /static/img/2.jpg HTTP/1.1[0m" 304 -
[2024-02-01 17:46:07,125] INFO in _internal: 127.0.0.1 - - [01/Feb/2024 17:46:07] "[36mGET /static/img/1.jpg HTTP/1.1[0m" 304 -
[2024-02-01 17:46:07,129] INFO in _internal: 127.0.0.1 - - [01/Feb/2024 17:46:07] "[36mGET /static/img/4.jpg HTTP/1.1[0m" 304 -
[2024-02-01 17:46:07,133] INFO in _internal: 127.0.0.1 - - [01/Feb/2024 17:46:07] "[36mGET /static/img/3.jpg HTTP/1.1[0m" 304 -
[2024-02-01 17:46:07,143] INFO in _internal: 127.0.0.1 - - [01/Feb/2024 17:46:07] "[36mGET /static/img/19.jpg HTTP/1.1[0m" 304 -
[2024-02-01 17:46:07,143] INFO in _internal: 127.0.0.1 - - [01/Feb/2024 17:46:07] "[36mGET /static/img/20.jpg HTTP/1.1[0m" 304 -
[2024-02-01 17:46:07,154] INFO in _internal: 127.0.0.1 - - [01/Feb/2024 17:46:07] "[36mGET /static/img/21.jpg HTTP/1.1[0m" 304 -
[2024-02-01 17:46:07,155] INFO in _internal: 127.0.0.1 - - [01/Feb/2024 17:46:07] "[36mGET /static/img/22.jpg HTTP/1.1[0m" 304 -
[2024-02-01 17:48:46,749] INFO in _internal: 127.0.0.1 - - [01/Feb/2024 17:48:46] "GET /escortv2 HTTP/1.1" 200 -
[2024-02-01 17:48:46,776] INFO in _internal: 127.0.0.1 - - [01/Feb/2024 17:48:46] "GET /static/css/escortv2.css HTTP/1.1" 200 -
[2024-02-01 17:48:46,776] INFO in _internal: 127.0.0.1 - - [01/Feb/2024 17:48:46] "GET /static/js/escortv2.js HTTP/1.1" 200 -
[2024-02-01 17:48:46,777] INFO in _internal: 127.0.0.1 - - [01/Feb/2024 17:48:46] "[36mGET /static/img/logo.png HTTP/1.1[0m" 304 -
[2024-02-01 17:48:46,804] INFO in _internal: 127.0.0.1 - - [01/Feb/2024 17:48:46] "[36mGET /static/img/1.jpg HTTP/1.1[0m" 304 -
[2024-02-01 17:48:46,806] INFO in _internal: 127.0.0.1 - - [01/Feb/2024 17:48:46] "[36mGET /static/img/3.jpg HTTP/1.1[0m" 304 -
[2024-02-01 17:48:46,807] INFO in _internal: 127.0.0.1 - - [01/Feb/2024 17:48:46] "[36mGET /static/img/4.jpg HTTP/1.1[0m" 304 -
[2024-02-01 17:48:46,810] INFO in _internal: 127.0.0.1 - - [01/Feb/2024 17:48:46] "[36mGET /static/img/2.jpg HTTP/1.1[0m" 304 -
[2024-02-01 17:48:46,812] INFO in _internal: 127.0.0.1 - - [01/Feb/2024 17:48:46] "[36mGET /static/img/19.jpg HTTP/1.1[0m" 304 -
[2024-02-01 17:48:46,814] INFO in _internal: 127.0.0.1 - - [01/Feb/2024 17:48:46] "[36mGET /static/img/20.jpg HTTP/1.1[0m" 304 -
[2024-02-01 17:48:46,828] INFO in _internal: 127.0.0.1 - - [01/Feb/2024 17:48:46] "[36mGET /static/img/21.jpg HTTP/1.1[0m" 304 -
[2024-02-01 17:48:46,829] INFO in _internal: 127.0.0.1 - - [01/Feb/2024 17:48:46] "[36mGET /static/img/22.jpg HTTP/1.1[0m" 304 -
[2024-02-01 17:50:48,078] INFO in _internal: 127.0.0.1 - - [01/Feb/2024 17:50:48] "GET /escortv2 HTTP/1.1" 200 -
[2024-02-01 17:50:48,103] INFO in _internal: 127.0.0.1 - - [01/Feb/2024 17:50:48] "GET /static/css/escortv2.css HTTP/1.1" 200 -
[2024-02-01 17:50:48,104] INFO in _internal: 127.0.0.1 - - [01/Feb/2024 17:50:48] "[36mGET /static/img/logo.png HTTP/1.1[0m" 304 -
[2024-02-01 17:50:48,105] INFO in _internal: 127.0.0.1 - - [01/Feb/2024 17:50:48] "[36mGET /static/js/escortv2.js HTTP/1.1[0m" 304 -
[2024-02-01 17:50:48,130] INFO in _internal: 127.0.0.1 - - [01/Feb/2024 17:50:48] "[36mGET /static/img/1.jpg HTTP/1.1[0m" 304 -
[2024-02-01 17:50:48,132] INFO in _internal: 127.0.0.1 - - [01/Feb/2024 17:50:48] "[36mGET /static/img/2.jpg HTTP/1.1[0m" 304 -
[2024-02-01 17:50:48,137] INFO in _internal: 127.0.0.1 - - [01/Feb/2024 17:50:48] "[36mGET /static/img/3.jpg HTTP/1.1[0m" 304 -
[2024-02-01 17:50:48,144] INFO in _internal: 127.0.0.1 - - [01/Feb/2024 17:50:48] "[36mGET /static/img/4.jpg HTTP/1.1[0m" 304 -
[2024-02-01 17:50:48,148] INFO in _internal: 127.0.0.1 - - [01/Feb/2024 17:50:48] "[36mGET /static/img/19.jpg HTTP/1.1[0m" 304 -
[2024-02-01 17:50:48,150] INFO in _internal: 127.0.0.1 - - [01/Feb/2024 17:50:48] "[36mGET /static/img/20.jpg HTTP/1.1[0m" 304 -
[2024-02-01 17:50:48,155] INFO in _internal: 127.0.0.1 - - [01/Feb/2024 17:50:48] "[36mGET /static/img/21.jpg HTTP/1.1[0m" 304 -
[2024-02-01 17:50:48,157] INFO in _internal: 127.0.0.1 - - [01/Feb/2024 17:50:48] "[36mGET /static/img/22.jpg HTTP/1.1[0m" 304 -
[2024-02-01 17:50:58,243] INFO in _internal: 127.0.0.1 - - [01/Feb/2024 17:50:58] "GET /escortv2 HTTP/1.1" 200 -
[2024-02-01 17:50:58,262] INFO in _internal: 127.0.0.1 - - [01/Feb/2024 17:50:58] "GET /static/css/escortv2.css HTTP/1.1" 200 -
[2024-02-01 17:50:58,264] INFO in _internal: 127.0.0.1 - - [01/Feb/2024 17:50:58] "[36mGET /static/js/escortv2.js HTTP/1.1[0m" 304 -
[2024-02-01 17:50:58,265] INFO in _internal: 127.0.0.1 - - [01/Feb/2024 17:50:58] "[36mGET /static/img/logo.png HTTP/1.1[0m" 304 -
[2024-02-01 17:50:58,293] INFO in _internal: 127.0.0.1 - - [01/Feb/2024 17:50:58] "[36mGET /static/img/3.jpg HTTP/1.1[0m" 304 -
[2024-02-01 17:50:58,294] INFO in _internal: 127.0.0.1 - - [01/Feb/2024 17:50:58] "[36mGET /static/img/2.jpg HTTP/1.1[0m" 304 -
[2024-02-01 17:50:58,294] INFO in _internal: 127.0.0.1 - - [01/Feb/2024 17:50:58] "[36mGET /static/img/1.jpg HTTP/1.1[0m" 304 -
[2024-02-01 17:50:58,295] INFO in _internal: 127.0.0.1 - - [01/Feb/2024 17:50:58] "[36mGET /static/img/4.jpg HTTP/1.1[0m" 304 -
[2024-02-01 17:50:58,297] INFO in _internal: 127.0.0.1 - - [01/Feb/2024 17:50:58] "[36mGET /static/img/19.jpg HTTP/1.1[0m" 304 -
[2024-02-01 17:50:58,298] INFO in _internal: 127.0.0.1 - - [01/Feb/2024 17:50:58] "[36mGET /static/img/20.jpg HTTP/1.1[0m" 304 -
[2024-02-01 17:50:58,314] INFO in _internal: 127.0.0.1 - - [01/Feb/2024 17:50:58] "[36mGET /static/img/21.jpg HTTP/1.1[0m" 304 -
[2024-02-01 17:50:58,321] INFO in _internal: 127.0.0.1 - - [01/Feb/2024 17:50:58] "[36mGET /static/img/22.jpg HTTP/1.1[0m" 304 -
[2024-02-01 17:51:09,762] INFO in _internal: 127.0.0.1 - - [01/Feb/2024 17:51:09] "GET /escortv2 HTTP/1.1" 200 -
[2024-02-01 17:51:09,782] INFO in _internal: 127.0.0.1 - - [01/Feb/2024 17:51:09] "GET /static/css/escortv2.css HTTP/1.1" 200 -
[2024-02-01 17:51:09,782] INFO in _internal: 127.0.0.1 - - [01/Feb/2024 17:51:09] "[36mGET /static/js/escortv2.js HTTP/1.1[0m" 304 -
[2024-02-01 17:51:09,785] INFO in _internal: 127.0.0.1 - - [01/Feb/2024 17:51:09] "[36mGET /static/img/logo.png HTTP/1.1[0m" 304 -
[2024-02-01 17:51:09,815] INFO in _internal: 127.0.0.1 - - [01/Feb/2024 17:51:09] "[36mGET /static/img/3.jpg HTTP/1.1[0m" 304 -
[2024-02-01 17:51:09,815] INFO in _internal: 127.0.0.1 - - [01/Feb/2024 17:51:09] "[36mGET /static/img/1.jpg HTTP/1.1[0m" 304 -
[2024-02-01 17:51:09,815] INFO in _internal: 127.0.0.1 - - [01/Feb/2024 17:51:09] "[36mGET /static/img/2.jpg HTTP/1.1[0m" 304 -
[2024-02-01 17:51:09,816] INFO in _internal: 127.0.0.1 - - [01/Feb/2024 17:51:09] "[36mGET /static/img/4.jpg HTTP/1.1[0m" 304 -
[2024-02-01 17:51:09,820] INFO in _internal: 127.0.0.1 - - [01/Feb/2024 17:51:09] "[36mGET /static/img/19.jpg HTTP/1.1[0m" 304 -
[2024-02-01 17:51:09,823] INFO in _internal: 127.0.0.1 - - [01/Feb/2024 17:51:09] "[36mGET /static/img/20.jpg HTTP/1.1[0m" 304 -
[2024-02-01 17:51:09,833] INFO in _internal: 127.0.0.1 - - [01/Feb/2024 17:51:09] "[36mGET /static/img/21.jpg HTTP/1.1[0m" 304 -
[2024-02-01 17:51:09,838] INFO in _internal: 127.0.0.1 - - [01/Feb/2024 17:51:09] "[36mGET /static/img/22.jpg HTTP/1.1[0m" 304 -
[2024-02-01 17:51:49,925] INFO in _internal: 127.0.0.1 - - [01/Feb/2024 17:51:49] "GET /escortv2 HTTP/1.1" 200 -
[2024-02-01 17:51:49,948] INFO in _internal: 127.0.0.1 - - [01/Feb/2024 17:51:49] "[36mGET /static/img/logo.png HTTP/1.1[0m" 304 -
[2024-02-01 17:51:49,948] INFO in _internal: 127.0.0.1 - - [01/Feb/2024 17:51:49] "GET /static/css/escortv2.css HTTP/1.1" 200 -
[2024-02-01 17:51:49,949] INFO in _internal: 127.0.0.1 - - [01/Feb/2024 17:51:49] "[36mGET /static/js/escortv2.js HTTP/1.1[0m" 304 -
[2024-02-01 17:51:49,981] INFO in _internal: 127.0.0.1 - - [01/Feb/2024 17:51:49] "[36mGET /static/img/3.jpg HTTP/1.1[0m" 304 -
[2024-02-01 17:51:49,985] INFO in _internal: 127.0.0.1 - - [01/Feb/2024 17:51:49] "[36mGET /static/img/1.jpg HTTP/1.1[0m" 304 -
[2024-02-01 17:51:49,986] INFO in _internal: 127.0.0.1 - - [01/Feb/2024 17:51:49] "[36mGET /static/img/4.jpg HTTP/1.1[0m" 304 -
[2024-02-01 17:51:49,986] INFO in _internal: 127.0.0.1 - - [01/Feb/2024 17:51:49] "[36mGET /static/img/19.jpg HTTP/1.1[0m" 304 -
[2024-02-01 17:51:49,988] INFO in _internal: 127.0.0.1 - - [01/Feb/2024 17:51:49] "[36mGET /static/img/2.jpg HTTP/1.1[0m" 304 -
[2024-02-01 17:51:49,996] INFO in _internal: 127.0.0.1 - - [01/Feb/2024 17:51:49] "[36mGET /static/img/20.jpg HTTP/1.1[0m" 304 -
[2024-02-01 17:51:50,009] INFO in _internal: 127.0.0.1 - - [01/Feb/2024 17:51:50] "[36mGET /static/img/21.jpg HTTP/1.1[0m" 304 -
[2024-02-01 17:51:50,010] INFO in _internal: 127.0.0.1 - - [01/Feb/2024 17:51:50] "[36mGET /static/img/22.jpg HTTP/1.1[0m" 304 -
[2024-02-01 17:52:01,076] INFO in _internal: 127.0.0.1 - - [01/Feb/2024 17:52:01] "GET /escortv2 HTTP/1.1" 200 -
[2024-02-01 17:52:01,096] INFO in _internal: 127.0.0.1 - - [01/Feb/2024 17:52:01] "GET /static/css/escortv2.css HTTP/1.1" 200 -
[2024-02-01 17:52:01,099] INFO in _internal: 127.0.0.1 - - [01/Feb/2024 17:52:01] "[36mGET /static/js/escortv2.js HTTP/1.1[0m" 304 -
[2024-02-01 17:52:01,100] INFO in _internal: 127.0.0.1 - - [01/Feb/2024 17:52:01] "[36mGET /static/img/logo.png HTTP/1.1[0m" 304 -
[2024-02-01 17:52:01,123] INFO in _internal: 127.0.0.1 - - [01/Feb/2024 17:52:01] "[36mGET /static/img/2.jpg HTTP/1.1[0m" 304 -
[2024-02-01 17:52:01,125] INFO in _internal: 127.0.0.1 - - [01/Feb/2024 17:52:01] "[36mGET /static/img/1.jpg HTTP/1.1[0m" 304 -
[2024-02-01 17:52:01,128] INFO in _internal: 127.0.0.1 - - [01/Feb/2024 17:52:01] "[36mGET /static/img/4.jpg HTTP/1.1[0m" 304 -
[2024-02-01 17:52:01,129] INFO in _internal: 127.0.0.1 - - [01/Feb/2024 17:52:01] "[36mGET /static/img/3.jpg HTTP/1.1[0m" 304 -
[2024-02-01 17:52:01,129] INFO in _internal: 127.0.0.1 - - [01/Feb/2024 17:52:01] "[36mGET /static/img/19.jpg HTTP/1.1[0m" 304 -
[2024-02-01 17:52:01,134] INFO in _internal: 127.0.0.1 - - [01/Feb/2024 17:52:01] "[36mGET /static/img/20.jpg HTTP/1.1[0m" 304 -
[2024-02-01 17:52:01,145] INFO in _internal: 127.0.0.1 - - [01/Feb/2024 17:52:01] "[36mGET /static/img/21.jpg HTTP/1.1[0m" 304 -
[2024-02-01 17:52:01,146] INFO in _internal: 127.0.0.1 - - [01/Feb/2024 17:52:01] "[36mGET /static/img/22.jpg HTTP/1.1[0m" 304 -
[2024-02-01 17:52:16,860] INFO in _internal: 127.0.0.1 - - [01/Feb/2024 17:52:16] "GET /escortv2 HTTP/1.1" 200 -
[2024-02-01 17:52:16,884] INFO in _internal: 127.0.0.1 - - [01/Feb/2024 17:52:16] "GET /static/css/escortv2.css HTTP/1.1" 200 -
[2024-02-01 17:52:16,885] INFO in _internal: 127.0.0.1 - - [01/Feb/2024 17:52:16] "[36mGET /static/js/escortv2.js HTTP/1.1[0m" 304 -
[2024-02-01 17:52:16,890] INFO in _internal: 127.0.0.1 - - [01/Feb/2024 17:52:16] "[36mGET /static/img/logo.png HTTP/1.1[0m" 304 -
[2024-02-01 17:52:16,919] INFO in _internal: 127.0.0.1 - - [01/Feb/2024 17:52:16] "[36mGET /static/img/1.jpg HTTP/1.1[0m" 304 -
[2024-02-01 17:52:16,920] INFO in _internal: 127.0.0.1 - - [01/Feb/2024 17:52:16] "[36mGET /static/img/3.jpg HTTP/1.1[0m" 304 -
[2024-02-01 17:52:16,922] INFO in _internal: 127.0.0.1 - - [01/Feb/2024 17:52:16] "[36mGET /static/img/2.jpg HTTP/1.1[0m" 304 -
[2024-02-01 17:52:16,936] INFO in _internal: 127.0.0.1 - - [01/Feb/2024 17:52:16] "[36mGET /static/img/19.jpg HTTP/1.1[0m" 304 -
[2024-02-01 17:52:16,942] INFO in _internal: 127.0.0.1 - - [01/Feb/2024 17:52:16] "[36mGET /static/img/4.jpg HTTP/1.1[0m" 304 -
[2024-02-01 17:52:16,942] INFO in _internal: 127.0.0.1 - - [01/Feb/2024 17:52:16] "[36mGET /static/img/20.jpg HTTP/1.1[0m" 304 -
[2024-02-01 17:52:16,945] INFO in _internal: 127.0.0.1 - - [01/Feb/2024 17:52:16] "[36mGET /static/img/21.jpg HTTP/1.1[0m" 304 -
[2024-02-01 17:52:16,954] INFO in _internal: 127.0.0.1 - - [01/Feb/2024 17:52:16] "[36mGET /static/img/22.jpg HTTP/1.1[0m" 304 -
[2024-02-01 17:52:30,052] INFO in _internal: 127.0.0.1 - - [01/Feb/2024 17:52:30] "GET /escortv2 HTTP/1.1" 200 -
[2024-02-01 17:52:30,070] INFO in _internal: 127.0.0.1 - - [01/Feb/2024 17:52:30] "GET /static/css/escortv2.css HTTP/1.1" 200 -
[2024-02-01 17:52:30,072] INFO in _internal: 127.0.0.1 - - [01/Feb/2024 17:52:30] "[36mGET /static/js/escortv2.js HTTP/1.1[0m" 304 -
[2024-02-01 17:52:30,073] INFO in _internal: 127.0.0.1 - - [01/Feb/2024 17:52:30] "[36mGET /static/img/logo.png HTTP/1.1[0m" 304 -
[2024-02-01 17:52:30,099] INFO in _internal: 127.0.0.1 - - [01/Feb/2024 17:52:30] "[36mGET /static/img/1.jpg HTTP/1.1[0m" 304 -
[2024-02-01 17:52:30,101] INFO in _internal: 127.0.0.1 - - [01/Feb/2024 17:52:30] "[36mGET /static/img/2.jpg HTTP/1.1[0m" 304 -
[2024-02-01 17:52:30,103] INFO in _internal: 127.0.0.1 - - [01/Feb/2024 17:52:30] "[36mGET /static/img/3.jpg HTTP/1.1[0m" 304 -
[2024-02-01 17:52:30,105] INFO in _internal: 127.0.0.1 - - [01/Feb/2024 17:52:30] "[36mGET /static/img/19.jpg HTTP/1.1[0m" 304 -
[2024-02-01 17:52:30,106] INFO in _internal: 127.0.0.1 - - [01/Feb/2024 17:52:30] "[36mGET /static/img/4.jpg HTTP/1.1[0m" 304 -
[2024-02-01 17:52:30,110] INFO in _internal: 127.0.0.1 - - [01/Feb/2024 17:52:30] "[36mGET /static/img/20.jpg HTTP/1.1[0m" 304 -
[2024-02-01 17:52:30,126] INFO in _internal: 127.0.0.1 - - [01/Feb/2024 17:52:30] "[36mGET /static/img/21.jpg HTTP/1.1[0m" 304 -
[2024-02-01 17:52:30,128] INFO in _internal: 127.0.0.1 - - [01/Feb/2024 17:52:30] "[36mGET /static/img/22.jpg HTTP/1.1[0m" 304 -
[2024-02-01 17:52:51,699] INFO in _internal: 127.0.0.1 - - [01/Feb/2024 17:52:51] "GET /escortv2 HTTP/1.1" 200 -
[2024-02-01 17:52:51,725] INFO in _internal: 127.0.0.1 - - [01/Feb/2024 17:52:51] "GET /static/css/escortv2.css HTTP/1.1" 200 -
[2024-02-01 17:52:51,726] INFO in _internal: 127.0.0.1 - - [01/Feb/2024 17:52:51] "[36mGET /static/img/logo.png HTTP/1.1[0m" 304 -
[2024-02-01 17:52:51,726] INFO in _internal: 127.0.0.1 - - [01/Feb/2024 17:52:51] "[36mGET /static/js/escortv2.js HTTP/1.1[0m" 304 -
[2024-02-01 17:52:51,754] INFO in _internal: 127.0.0.1 - - [01/Feb/2024 17:52:51] "[36mGET /static/img/1.jpg HTTP/1.1[0m" 304 -
[2024-02-01 17:52:51,755] INFO in _internal: 127.0.0.1 - - [01/Feb/2024 17:52:51] "[36mGET /static/img/2.jpg HTTP/1.1[0m" 304 -
[2024-02-01 17:52:51,756] INFO in _internal: 127.0.0.1 - - [01/Feb/2024 17:52:51] "[36mGET /static/img/3.jpg HTTP/1.1[0m" 304 -
[2024-02-01 17:52:51,762] INFO in _internal: 127.0.0.1 - - [01/Feb/2024 17:52:51] "[36mGET /static/img/4.jpg HTTP/1.1[0m" 304 -
[2024-02-01 17:52:51,767] INFO in _internal: 127.0.0.1 - - [01/Feb/2024 17:52:51] "[36mGET /static/img/20.jpg HTTP/1.1[0m" 304 -
[2024-02-01 17:52:51,770] INFO in _internal: 127.0.0.1 - - [01/Feb/2024 17:52:51] "[36mGET /static/img/19.jpg HTTP/1.1[0m" 304 -
[2024-02-01 17:52:51,776] INFO in _internal: 127.0.0.1 - - [01/Feb/2024 17:52:51] "[36mGET /static/img/21.jpg HTTP/1.1[0m" 304 -
[2024-02-01 17:52:51,777] INFO in _internal: 127.0.0.1 - - [01/Feb/2024 17:52:51] "[36mGET /static/img/22.jpg HTTP/1.1[0m" 304 -
[2024-02-01 17:53:05,628] INFO in _internal: 127.0.0.1 - - [01/Feb/2024 17:53:05] "GET /escortv2 HTTP/1.1" 200 -
[2024-02-01 17:53:05,648] INFO in _internal: 127.0.0.1 - - [01/Feb/2024 17:53:05] "GET /static/css/escortv2.css HTTP/1.1" 200 -
[2024-02-01 17:53:05,649] INFO in _internal: 127.0.0.1 - - [01/Feb/2024 17:53:05] "[36mGET /static/js/escortv2.js HTTP/1.1[0m" 304 -
[2024-02-01 17:53:05,651] INFO in _internal: 127.0.0.1 - - [01/Feb/2024 17:53:05] "[36mGET /static/img/logo.png HTTP/1.1[0m" 304 -
[2024-02-01 17:53:05,678] INFO in _internal: 127.0.0.1 - - [01/Feb/2024 17:53:05] "[36mGET /static/img/1.jpg HTTP/1.1[0m" 304 -
[2024-02-01 17:53:05,681] INFO in _internal: 127.0.0.1 - - [01/Feb/2024 17:53:05] "[36mGET /static/img/2.jpg HTTP/1.1[0m" 304 -
[2024-02-01 17:53:05,684] INFO in _internal: 127.0.0.1 - - [01/Feb/2024 17:53:05] "[36mGET /static/img/4.jpg HTTP/1.1[0m" 304 -
[2024-02-01 17:53:05,693] INFO in _internal: 127.0.0.1 - - [01/Feb/2024 17:53:05] "[36mGET /static/img/3.jpg HTTP/1.1[0m" 304 -
[2024-02-01 17:53:05,698] INFO in _internal: 127.0.0.1 - - [01/Feb/2024 17:53:05] "[36mGET /static/img/19.jpg HTTP/1.1[0m" 304 -
[2024-02-01 17:53:05,701] INFO in _internal: 127.0.0.1 - - [01/Feb/2024 17:53:05] "[36mGET /static/img/20.jpg HTTP/1.1[0m" 304 -
[2024-02-01 17:53:05,701] INFO in _internal: 127.0.0.1 - - [01/Feb/2024 17:53:05] "[36mGET /static/img/21.jpg HTTP/1.1[0m" 304 -
[2024-02-01 17:53:05,709] INFO in _internal: 127.0.0.1 - - [01/Feb/2024 17:53:05] "[36mGET /static/img/22.jpg HTTP/1.1[0m" 304 -
[2024-02-01 17:53:17,274] INFO in _internal: 127.0.0.1 - - [01/Feb/2024 17:53:17] "GET /escortv2 HTTP/1.1" 200 -
[2024-02-01 17:53:17,293] INFO in _internal: 127.0.0.1 - - [01/Feb/2024 17:53:17] "GET /static/css/escortv2.css HTTP/1.1" 200 -
[2024-02-01 17:53:17,293] INFO in _internal: 127.0.0.1 - - [01/Feb/2024 17:53:17] "[36mGET /static/js/escortv2.js HTTP/1.1[0m" 304 -
[2024-02-01 17:53:17,294] INFO in _internal: 127.0.0.1 - - [01/Feb/2024 17:53:17] "[36mGET /static/img/logo.png HTTP/1.1[0m" 304 -
[2024-02-01 17:53:17,324] INFO in _internal: 127.0.0.1 - - [01/Feb/2024 17:53:17] "[36mGET /static/img/2.jpg HTTP/1.1[0m" 304 -
[2024-02-01 17:53:17,325] INFO in _internal: 127.0.0.1 - - [01/Feb/2024 17:53:17] "[36mGET /static/img/1.jpg HTTP/1.1[0m" 304 -
[2024-02-01 17:53:17,326] INFO in _internal: 127.0.0.1 - - [01/Feb/2024 17:53:17] "[36mGET /static/img/3.jpg HTTP/1.1[0m" 304 -
[2024-02-01 17:53:17,331] INFO in _internal: 127.0.0.1 - - [01/Feb/2024 17:53:17] "[36mGET /static/img/19.jpg HTTP/1.1[0m" 304 -
[2024-02-01 17:53:17,335] INFO in _internal: 127.0.0.1 - - [01/Feb/2024 17:53:17] "[36mGET /static/img/4.jpg HTTP/1.1[0m" 304 -
[2024-02-01 17:53:17,336] INFO in _internal: 127.0.0.1 - - [01/Feb/2024 17:53:17] "[36mGET /static/img/20.jpg HTTP/1.1[0m" 304 -
[2024-02-01 17:53:17,344] INFO in _internal: 127.0.0.1 - - [01/Feb/2024 17:53:17] "[36mGET /static/img/21.jpg HTTP/1.1[0m" 304 -
[2024-02-01 17:53:17,348] INFO in _internal: 127.0.0.1 - - [01/Feb/2024 17:53:17] "[36mGET /static/img/22.jpg HTTP/1.1[0m" 304 -
[2024-02-01 17:53:57,659] INFO in _internal: 127.0.0.1 - - [01/Feb/2024 17:53:57] "GET /escortv2 HTTP/1.1" 200 -
[2024-02-01 17:53:57,675] INFO in _internal: 127.0.0.1 - - [01/Feb/2024 17:53:57] "GET /static/css/escortv2.css HTTP/1.1" 200 -
[2024-02-01 17:53:57,683] INFO in _internal: 127.0.0.1 - - [01/Feb/2024 17:53:57] "[36mGET /static/img/logo.png HTTP/1.1[0m" 304 -
[2024-02-01 17:53:57,684] INFO in _internal: 127.0.0.1 - - [01/Feb/2024 17:53:57] "[36mGET /static/js/escortv2.js HTTP/1.1[0m" 304 -
[2024-02-01 17:53:57,799] INFO in _internal: 127.0.0.1 - - [01/Feb/2024 17:53:57] "[36mGET /static/img/1.jpg HTTP/1.1[0m" 304 -
[2024-02-01 17:53:57,799] INFO in _internal: 127.0.0.1 - - [01/Feb/2024 17:53:57] "[36mGET /static/img/2.jpg HTTP/1.1[0m" 304 -
[2024-02-01 17:53:57,805] INFO in _internal: 127.0.0.1 - - [01/Feb/2024 17:53:57] "[36mGET /static/img/3.jpg HTTP/1.1[0m" 304 -
[2024-02-01 17:53:57,822] INFO in _internal: 127.0.0.1 - - [01/Feb/2024 17:53:57] "[36mGET /static/img/4.jpg HTTP/1.1[0m" 304 -
[2024-02-01 17:53:57,825] INFO in _internal: 127.0.0.1 - - [01/Feb/2024 17:53:57] "[36mGET /static/img/19.jpg HTTP/1.1[0m" 304 -
[2024-02-01 17:53:57,826] INFO in _internal: 127.0.0.1 - - [01/Feb/2024 17:53:57] "[36mGET /static/img/20.jpg HTTP/1.1[0m" 304 -
[2024-02-01 17:53:57,829] INFO in _internal: 127.0.0.1 - - [01/Feb/2024 17:53:57] "[36mGET /static/img/21.jpg HTTP/1.1[0m" 304 -
[2024-02-01 17:53:57,831] INFO in _internal: 127.0.0.1 - - [01/Feb/2024 17:53:57] "[36mGET /static/img/22.jpg HTTP/1.1[0m" 304 -
[2024-02-01 17:54:11,123] INFO in _internal: 127.0.0.1 - - [01/Feb/2024 17:54:11] "GET /escortv2 HTTP/1.1" 200 -
[2024-02-01 17:54:11,147] INFO in _internal: 127.0.0.1 - - [01/Feb/2024 17:54:11] "[36mGET /static/js/escortv2.js HTTP/1.1[0m" 304 -
[2024-02-01 17:54:11,147] INFO in _internal: 127.0.0.1 - - [01/Feb/2024 17:54:11] "GET /static/css/escortv2.css HTTP/1.1" 200 -
[2024-02-01 17:54:11,148] INFO in _internal: 127.0.0.1 - - [01/Feb/2024 17:54:11] "[36mGET /static/img/logo.png HTTP/1.1[0m" 304 -
[2024-02-01 17:54:11,178] INFO in _internal: 127.0.0.1 - - [01/Feb/2024 17:54:11] "[36mGET /static/img/2.jpg HTTP/1.1[0m" 304 -
[2024-02-01 17:54:11,179] INFO in _internal: 127.0.0.1 - - [01/Feb/2024 17:54:11] "[36mGET /static/img/1.jpg HTTP/1.1[0m" 304 -
[2024-02-01 17:54:11,183] INFO in _internal: 127.0.0.1 - - [01/Feb/2024 17:54:11] "[36mGET /static/img/3.jpg HTTP/1.1[0m" 304 -
[2024-02-01 17:54:11,183] INFO in _internal: 127.0.0.1 - - [01/Feb/2024 17:54:11] "[36mGET /static/img/4.jpg HTTP/1.1[0m" 304 -
[2024-02-01 17:54:11,189] INFO in _internal: 127.0.0.1 - - [01/Feb/2024 17:54:11] "[36mGET /static/img/19.jpg HTTP/1.1[0m" 304 -
[2024-02-01 17:54:11,193] INFO in _internal: 127.0.0.1 - - [01/Feb/2024 17:54:11] "[36mGET /static/img/20.jpg HTTP/1.1[0m" 304 -
[2024-02-01 17:54:11,196] INFO in _internal: 127.0.0.1 - - [01/Feb/2024 17:54:11] "[36mGET /static/img/21.jpg HTTP/1.1[0m" 304 -
[2024-02-01 17:54:11,197] INFO in _internal: 127.0.0.1 - - [01/Feb/2024 17:54:11] "[36mGET /static/img/22.jpg HTTP/1.1[0m" 304 -
[2024-02-01 18:09:17,144] INFO in _internal: 127.0.0.1 - - [01/Feb/2024 18:09:17] "GET / HTTP/1.1" 200 -
[2024-02-01 18:09:17,162] INFO in _internal: 127.0.0.1 - - [01/Feb/2024 18:09:17] "[36mGET /static/css/templatemo-style.css HTTP/1.1[0m" 304 -
[2024-02-01 18:09:17,180] INFO in _internal: 127.0.0.1 - - [01/Feb/2024 18:09:17] "[36mGET /static/css/index.css HTTP/1.1[0m" 304 -
[2024-02-01 18:09:17,184] INFO in _internal: 127.0.0.1 - - [01/Feb/2024 18:09:17] "[36mGET /static/img/logo.png HTTP/1.1[0m" 304 -
[2024-02-01 18:09:17,388] INFO in _internal: 127.0.0.1 - - [01/Feb/2024 18:09:17] "GET /sensing_data HTTP/1.1" 200 -
[2024-02-01 18:09:18,862] INFO in _internal: 127.0.0.1 - - [01/Feb/2024 18:09:18] "GET /test HTTP/1.1" 200 -
[2024-02-01 18:09:18,900] INFO in _internal: 127.0.0.1 - - [01/Feb/2024 18:09:18] "[36mGET /static/img/1.jpg HTTP/1.1[0m" 304 -
[2024-02-01 18:09:18,921] INFO in _internal: 127.0.0.1 - - [01/Feb/2024 18:09:18] "[36mGET /static/img/2.jpg HTTP/1.1[0m" 304 -
[2024-02-01 18:09:18,938] INFO in _internal: 127.0.0.1 - - [01/Feb/2024 18:09:18] "[36mGET /static/img/3.jpg HTTP/1.1[0m" 304 -
[2024-02-01 18:09:18,938] INFO in _internal: 127.0.0.1 - - [01/Feb/2024 18:09:18] "[36mGET /static/img/4.jpg HTTP/1.1[0m" 304 -
[2024-02-01 18:09:18,939] INFO in _internal: 127.0.0.1 - - [01/Feb/2024 18:09:18] "[36mGET /static/img/19.jpg HTTP/1.1[0m" 304 -
[2024-02-01 18:09:18,941] INFO in _internal: 127.0.0.1 - - [01/Feb/2024 18:09:18] "GET /static/js/test.js HTTP/1.1" 200 -
[2024-02-01 18:09:18,945] INFO in _internal: 127.0.0.1 - - [01/Feb/2024 18:09:18] "[36mGET /static/img/20.jpg HTTP/1.1[0m" 304 -
[2024-02-01 18:09:18,960] INFO in _internal: 127.0.0.1 - - [01/Feb/2024 18:09:18] "[36mGET /static/img/21.jpg HTTP/1.1[0m" 304 -
[2024-02-01 18:09:18,961] INFO in _internal: 127.0.0.1 - - [01/Feb/2024 18:09:18] "[36mGET /static/img/22.jpg HTTP/1.1[0m" 304 -
[2024-02-01 18:13:12,492] INFO in _internal: 127.0.0.1 - - [01/Feb/2024 18:13:12] "GET /escortv2 HTTP/1.1" 200 -
[2024-02-01 18:13:12,516] INFO in _internal: 127.0.0.1 - - [01/Feb/2024 18:13:12] "[36mGET /static/js/escortv2.js HTTP/1.1[0m" 304 -
[2024-02-01 18:13:12,517] INFO in _internal: 127.0.0.1 - - [01/Feb/2024 18:13:12] "GET /static/css/escortv2.css HTTP/1.1" 200 -
[2024-02-01 18:13:12,518] INFO in _internal: 127.0.0.1 - - [01/Feb/2024 18:13:12] "[36mGET /static/img/logo.png HTTP/1.1[0m" 304 -
[2024-02-01 18:13:12,546] INFO in _internal: 127.0.0.1 - - [01/Feb/2024 18:13:12] "[36mGET /static/img/1.jpg HTTP/1.1[0m" 304 -
[2024-02-01 18:13:12,546] INFO in _internal: 127.0.0.1 - - [01/Feb/2024 18:13:12] "[36mGET /static/img/2.jpg HTTP/1.1[0m" 304 -
[2024-02-01 18:13:12,558] INFO in _internal: 127.0.0.1 - - [01/Feb/2024 18:13:12] "[36mGET /static/img/3.jpg HTTP/1.1[0m" 304 -
[2024-02-01 18:13:12,561] INFO in _internal: 127.0.0.1 - - [01/Feb/2024 18:13:12] "[36mGET /static/img/4.jpg HTTP/1.1[0m" 304 -
[2024-02-01 18:13:12,567] INFO in _internal: 127.0.0.1 - - [01/Feb/2024 18:13:12] "[36mGET /static/img/19.jpg HTTP/1.1[0m" 304 -
[2024-02-01 18:13:12,570] INFO in _internal: 127.0.0.1 - - [01/Feb/2024 18:13:12] "[36mGET /static/img/20.jpg HTTP/1.1[0m" 304 -
[2024-02-01 18:13:12,572] INFO in _internal: 127.0.0.1 - - [01/Feb/2024 18:13:12] "[36mGET /static/img/21.jpg HTTP/1.1[0m" 304 -
[2024-02-01 18:13:12,582] INFO in _internal: 127.0.0.1 - - [01/Feb/2024 18:13:12] "[36mGET /static/img/22.jpg HTTP/1.1[0m" 304 -
[2024-02-01 18:13:40,796] INFO in _internal: 127.0.0.1 - - [01/Feb/2024 18:13:40] "GET /escortv2 HTTP/1.1" 200 -
[2024-02-01 18:13:40,819] INFO in _internal: 127.0.0.1 - - [01/Feb/2024 18:13:40] "GET /static/css/escortv2.css HTTP/1.1" 200 -
[2024-02-01 18:13:40,820] INFO in _internal: 127.0.0.1 - - [01/Feb/2024 18:13:40] "[36mGET /static/img/logo.png HTTP/1.1[0m" 304 -
[2024-02-01 18:13:40,821] INFO in _internal: 127.0.0.1 - - [01/Feb/2024 18:13:40] "[36mGET /static/js/escortv2.js HTTP/1.1[0m" 304 -
[2024-02-01 18:13:40,847] INFO in _internal: 127.0.0.1 - - [01/Feb/2024 18:13:40] "[36mGET /static/img/1.jpg HTTP/1.1[0m" 304 -
[2024-02-01 18:13:40,852] INFO in _internal: 127.0.0.1 - - [01/Feb/2024 18:13:40] "[36mGET /static/img/2.jpg HTTP/1.1[0m" 304 -
[2024-02-01 18:13:40,858] INFO in _internal: 127.0.0.1 - - [01/Feb/2024 18:13:40] "[36mGET /static/img/3.jpg HTTP/1.1[0m" 304 -
[2024-02-01 18:13:40,865] INFO in _internal: 127.0.0.1 - - [01/Feb/2024 18:13:40] "[36mGET /static/img/4.jpg HTTP/1.1[0m" 304 -
[2024-02-01 18:13:40,868] INFO in _internal: 127.0.0.1 - - [01/Feb/2024 18:13:40] "[36mGET /static/img/19.jpg HTTP/1.1[0m" 304 -
[2024-02-01 18:13:40,869] INFO in _internal: 127.0.0.1 - - [01/Feb/2024 18:13:40] "[36mGET /static/img/20.jpg HTTP/1.1[0m" 304 -
[2024-02-01 18:13:40,879] INFO in _internal: 127.0.0.1 - - [01/Feb/2024 18:13:40] "[36mGET /static/img/21.jpg HTTP/1.1[0m" 304 -
[2024-02-01 18:13:40,881] INFO in _internal: 127.0.0.1 - - [01/Feb/2024 18:13:40] "[36mGET /static/img/22.jpg HTTP/1.1[0m" 304 -
[2024-02-01 18:13:41,867] INFO in _internal: 127.0.0.1 - - [01/Feb/2024 18:13:41] "GET /escortv2 HTTP/1.1" 200 -
[2024-02-01 18:13:41,885] INFO in _internal: 127.0.0.1 - - [01/Feb/2024 18:13:41] "[36mGET /static/css/escortv2.css HTTP/1.1[0m" 304 -
[2024-02-01 18:13:41,885] INFO in _internal: 127.0.0.1 - - [01/Feb/2024 18:13:41] "[36mGET /static/js/escortv2.js HTTP/1.1[0m" 304 -
[2024-02-01 18:13:41,886] INFO in _internal: 127.0.0.1 - - [01/Feb/2024 18:13:41] "[36mGET /static/img/logo.png HTTP/1.1[0m" 304 -
[2024-02-01 18:13:41,915] INFO in _internal: 127.0.0.1 - - [01/Feb/2024 18:13:41] "[36mGET /static/img/2.jpg HTTP/1.1[0m" 304 -
[2024-02-01 18:13:41,917] INFO in _internal: 127.0.0.1 - - [01/Feb/2024 18:13:41] "[36mGET /static/img/3.jpg HTTP/1.1[0m" 304 -
[2024-02-01 18:13:41,919] INFO in _internal: 127.0.0.1 - - [01/Feb/2024 18:13:41] "[36mGET /static/img/1.jpg HTTP/1.1[0m" 304 -
[2024-02-01 18:13:41,920] INFO in _internal: 127.0.0.1 - - [01/Feb/2024 18:13:41] "[36mGET /static/img/4.jpg HTTP/1.1[0m" 304 -
[2024-02-01 18:13:41,921] INFO in _internal: 127.0.0.1 - - [01/Feb/2024 18:13:41] "[36mGET /static/img/19.jpg HTTP/1.1[0m" 304 -
[2024-02-01 18:13:41,925] INFO in _internal: 127.0.0.1 - - [01/Feb/2024 18:13:41] "[36mGET /static/img/20.jpg HTTP/1.1[0m" 304 -
[2024-02-01 18:13:41,930] INFO in _internal: 127.0.0.1 - - [01/Feb/2024 18:13:41] "[36mGET /static/img/21.jpg HTTP/1.1[0m" 304 -
[2024-02-01 18:13:41,933] INFO in _internal: 127.0.0.1 - - [01/Feb/2024 18:13:41] "[36mGET /static/img/22.jpg HTTP/1.1[0m" 304 -
[2024-02-01 18:13:54,505] INFO in _internal: 127.0.0.1 - - [01/Feb/2024 18:13:54] "GET /escortv2 HTTP/1.1" 200 -
[2024-02-01 18:13:54,524] INFO in _internal: 127.0.0.1 - - [01/Feb/2024 18:13:54] "GET /static/css/escortv2.css HTTP/1.1" 200 -
[2024-02-01 18:13:54,525] INFO in _internal: 127.0.0.1 - - [01/Feb/2024 18:13:54] "[36mGET /static/js/escortv2.js HTTP/1.1[0m" 304 -
[2024-02-01 18:13:54,525] INFO in _internal: 127.0.0.1 - - [01/Feb/2024 18:13:54] "[36mGET /static/img/logo.png HTTP/1.1[0m" 304 -
[2024-02-01 18:13:54,552] INFO in _internal: 127.0.0.1 - - [01/Feb/2024 18:13:54] "[36mGET /static/img/1.jpg HTTP/1.1[0m" 304 -
[2024-02-01 18:13:54,555] INFO in _internal: 127.0.0.1 - - [01/Feb/2024 18:13:54] "[36mGET /static/img/2.jpg HTTP/1.1[0m" 304 -
[2024-02-01 18:13:54,565] INFO in _internal: 127.0.0.1 - - [01/Feb/2024 18:13:54] "[36mGET /static/img/3.jpg HTTP/1.1[0m" 304 -
[2024-02-01 18:13:54,566] INFO in _internal: 127.0.0.1 - - [01/Feb/2024 18:13:54] "[36mGET /static/img/4.jpg HTTP/1.1[0m" 304 -
[2024-02-01 18:13:54,569] INFO in _internal: 127.0.0.1 - - [01/Feb/2024 18:13:54] "[36mGET /static/img/19.jpg HTTP/1.1[0m" 304 -
[2024-02-01 18:13:54,569] INFO in _internal: 127.0.0.1 - - [01/Feb/2024 18:13:54] "[36mGET /static/img/20.jpg HTTP/1.1[0m" 304 -
[2024-02-01 18:13:54,577] INFO in _internal: 127.0.0.1 - - [01/Feb/2024 18:13:54] "[36mGET /static/img/22.jpg HTTP/1.1[0m" 304 -
[2024-02-01 18:13:54,577] INFO in _internal: 127.0.0.1 - - [01/Feb/2024 18:13:54] "[36mGET /static/img/21.jpg HTTP/1.1[0m" 304 -
[2024-02-02 16:23:06,758] INFO in _internal: [31m[1mWARNING: This is a development server. Do not use it in a production deployment. Use a production WSGI server instead.[0m
 * Running on http://127.0.0.1:5000
[2024-02-02 16:23:06,759] INFO in _internal: [33mPress CTRL+C to quit[0m
[2024-02-02 16:23:06,787] INFO in _internal:  * Restarting with watchdog (windowsapi)
[2024-02-02 16:23:07,446] WARNING in _internal:  * Debugger is active!
[2024-02-02 16:23:07,458] INFO in _internal:  * Debugger PIN: 123-293-346
[2024-02-02 16:23:14,243] INFO in _internal: 127.0.0.1 - - [02/Feb/2024 16:23:14] "GET / HTTP/1.1" 200 -
[2024-02-02 16:23:14,526] INFO in _internal: 127.0.0.1 - - [02/Feb/2024 16:23:14] "[36mGET /static/img/logo.png HTTP/1.1[0m" 304 -
[2024-02-02 16:23:14,527] INFO in _internal: 127.0.0.1 - - [02/Feb/2024 16:23:14] "[36mGET /static/css/index.css HTTP/1.1[0m" 304 -
[2024-02-02 16:23:14,528] INFO in _internal: 127.0.0.1 - - [02/Feb/2024 16:23:14] "[36mGET /static/css/templatemo-style.css HTTP/1.1[0m" 304 -
[2024-02-02 16:23:14,645] INFO in _internal: 127.0.0.1 - - [02/Feb/2024 16:23:14] "[33mGET /favicon.ico HTTP/1.1[0m" 404 -
[2024-02-02 16:23:14,785] INFO in _internal: 127.0.0.1 - - [02/Feb/2024 16:23:14] "GET /sensing_data HTTP/1.1" 200 -
[2024-02-02 16:24:02,844] INFO in _internal: 127.0.0.1 - - [02/Feb/2024 16:24:02] "GET /escortv2 HTTP/1.1" 200 -
[2024-02-02 16:24:02,887] INFO in _internal: 127.0.0.1 - - [02/Feb/2024 16:24:02] "[36mGET /static/img/logo.png HTTP/1.1[0m" 304 -
[2024-02-02 16:24:02,900] INFO in _internal: 127.0.0.1 - - [02/Feb/2024 16:24:02] "GET /static/css/escortv2.css HTTP/1.1" 200 -
[2024-02-02 16:24:02,905] INFO in _internal: 127.0.0.1 - - [02/Feb/2024 16:24:02] "[36mGET /static/js/escortv2.js HTTP/1.1[0m" 304 -
[2024-02-02 16:24:02,940] INFO in _internal: 127.0.0.1 - - [02/Feb/2024 16:24:02] "[36mGET /static/img/3.jpg HTTP/1.1[0m" 304 -
[2024-02-02 16:24:02,940] INFO in _internal: 127.0.0.1 - - [02/Feb/2024 16:24:02] "[36mGET /static/img/2.jpg HTTP/1.1[0m" 304 -
[2024-02-02 16:24:02,941] INFO in _internal: 127.0.0.1 - - [02/Feb/2024 16:24:02] "[36mGET /static/img/1.jpg HTTP/1.1[0m" 304 -
[2024-02-02 16:24:02,942] INFO in _internal: 127.0.0.1 - - [02/Feb/2024 16:24:02] "[36mGET /static/img/4.jpg HTTP/1.1[0m" 304 -
[2024-02-02 16:24:02,942] INFO in _internal: 127.0.0.1 - - [02/Feb/2024 16:24:02] "[36mGET /static/img/19.jpg HTTP/1.1[0m" 304 -
[2024-02-02 16:24:02,968] INFO in _internal: 127.0.0.1 - - [02/Feb/2024 16:24:02] "[36mGET /static/img/20.jpg HTTP/1.1[0m" 304 -
[2024-02-02 16:24:02,984] INFO in _internal: 127.0.0.1 - - [02/Feb/2024 16:24:02] "[36mGET /static/img/22.jpg HTTP/1.1[0m" 304 -
[2024-02-02 16:24:02,984] INFO in _internal: 127.0.0.1 - - [02/Feb/2024 16:24:02] "[36mGET /static/img/21.jpg HTTP/1.1[0m" 304 -
[2024-02-02 16:34:04,033] INFO in _internal: 127.0.0.1 - - [02/Feb/2024 16:34:04] "GET /escortv2 HTTP/1.1" 200 -
[2024-02-02 16:34:04,068] INFO in _internal: 127.0.0.1 - - [02/Feb/2024 16:34:04] "[36mGET /static/css/escortv2.css HTTP/1.1[0m" 304 -
[2024-02-02 16:34:04,078] INFO in _internal: 127.0.0.1 - - [02/Feb/2024 16:34:04] "[36mGET /static/img/logo.png HTTP/1.1[0m" 304 -
[2024-02-02 16:34:04,080] INFO in _internal: 127.0.0.1 - - [02/Feb/2024 16:34:04] "[36mGET /static/js/escortv2.js HTTP/1.1[0m" 304 -
[2024-02-02 16:34:04,124] INFO in _internal: 127.0.0.1 - - [02/Feb/2024 16:34:04] "[36mGET /static/img/1.jpg HTTP/1.1[0m" 304 -
[2024-02-02 16:34:04,125] INFO in _internal: 127.0.0.1 - - [02/Feb/2024 16:34:04] "[36mGET /static/img/2.jpg HTTP/1.1[0m" 304 -
[2024-02-02 16:34:04,133] INFO in _internal: 127.0.0.1 - - [02/Feb/2024 16:34:04] "[36mGET /static/img/3.jpg HTTP/1.1[0m" 304 -
[2024-02-02 16:34:04,146] INFO in _internal: 127.0.0.1 - - [02/Feb/2024 16:34:04] "[36mGET /static/img/4.jpg HTTP/1.1[0m" 304 -
[2024-02-02 16:34:04,152] INFO in _internal: 127.0.0.1 - - [02/Feb/2024 16:34:04] "[36mGET /static/img/19.jpg HTTP/1.1[0m" 304 -
[2024-02-02 16:34:04,155] INFO in _internal: 127.0.0.1 - - [02/Feb/2024 16:34:04] "[36mGET /static/img/20.jpg HTTP/1.1[0m" 304 -
[2024-02-02 16:34:04,168] INFO in _internal: 127.0.0.1 - - [02/Feb/2024 16:34:04] "[36mGET /static/img/21.jpg HTTP/1.1[0m" 304 -
[2024-02-02 16:34:04,171] INFO in _internal: 127.0.0.1 - - [02/Feb/2024 16:34:04] "[36mGET /static/img/22.jpg HTTP/1.1[0m" 304 -
[2024-02-02 16:49:37,923] INFO in _internal: 127.0.0.1 - - [02/Feb/2024 16:49:37] "GET /escortv2 HTTP/1.1" 200 -
[2024-02-02 16:49:37,949] INFO in _internal: 127.0.0.1 - - [02/Feb/2024 16:49:37] "[36mGET /static/img/logo.png HTTP/1.1[0m" 304 -
[2024-02-02 16:49:37,950] INFO in _internal: 127.0.0.1 - - [02/Feb/2024 16:49:37] "[36mGET /static/js/escortv2.js HTTP/1.1[0m" 304 -
[2024-02-02 16:49:37,958] INFO in _internal: 127.0.0.1 - - [02/Feb/2024 16:49:37] "GET /static/css/escortv2.css HTTP/1.1" 200 -
[2024-02-02 16:49:37,983] INFO in _internal: 127.0.0.1 - - [02/Feb/2024 16:49:37] "[36mGET /static/img/1.jpg HTTP/1.1[0m" 304 -
[2024-02-02 16:49:37,984] INFO in _internal: 127.0.0.1 - - [02/Feb/2024 16:49:37] "[36mGET /static/img/2.jpg HTTP/1.1[0m" 304 -
[2024-02-02 16:49:37,985] INFO in _internal: 127.0.0.1 - - [02/Feb/2024 16:49:37] "[36mGET /static/img/3.jpg HTTP/1.1[0m" 304 -
[2024-02-02 16:49:37,987] INFO in _internal: 127.0.0.1 - - [02/Feb/2024 16:49:37] "[36mGET /static/img/4.jpg HTTP/1.1[0m" 304 -
[2024-02-02 16:49:38,005] INFO in _internal: 127.0.0.1 - - [02/Feb/2024 16:49:38] "[36mGET /static/img/19.jpg HTTP/1.1[0m" 304 -
[2024-02-02 16:49:38,006] INFO in _internal: 127.0.0.1 - - [02/Feb/2024 16:49:38] "[36mGET /static/img/20.jpg HTTP/1.1[0m" 304 -
[2024-02-02 16:49:38,009] INFO in _internal: 127.0.0.1 - - [02/Feb/2024 16:49:38] "[36mGET /static/img/21.jpg HTTP/1.1[0m" 304 -
[2024-02-02 16:49:38,014] INFO in _internal: 127.0.0.1 - - [02/Feb/2024 16:49:38] "[36mGET /static/img/22.jpg HTTP/1.1[0m" 304 -
[2024-02-02 16:51:07,487] INFO in _internal: 127.0.0.1 - - [02/Feb/2024 16:51:07] "GET /escortv2 HTTP/1.1" 200 -
[2024-02-02 16:51:07,512] INFO in _internal: 127.0.0.1 - - [02/Feb/2024 16:51:07] "[36mGET /static/img/logo.png HTTP/1.1[0m" 304 -
[2024-02-02 16:51:07,512] INFO in _internal: 127.0.0.1 - - [02/Feb/2024 16:51:07] "[36mGET /static/js/escortv2.js HTTP/1.1[0m" 304 -
[2024-02-02 16:51:07,523] INFO in _internal: 127.0.0.1 - - [02/Feb/2024 16:51:07] "GET /static/css/escortv2.css HTTP/1.1" 200 -
[2024-02-02 16:51:07,546] INFO in _internal: 127.0.0.1 - - [02/Feb/2024 16:51:07] "[36mGET /static/img/1.jpg HTTP/1.1[0m" 304 -
[2024-02-02 16:51:07,551] INFO in _internal: 127.0.0.1 - - [02/Feb/2024 16:51:07] "[36mGET /static/img/3.jpg HTTP/1.1[0m" 304 -
[2024-02-02 16:51:07,551] INFO in _internal: 127.0.0.1 - - [02/Feb/2024 16:51:07] "[36mGET /static/img/2.jpg HTTP/1.1[0m" 304 -
[2024-02-02 16:51:07,558] INFO in _internal: 127.0.0.1 - - [02/Feb/2024 16:51:07] "[36mGET /static/img/4.jpg HTTP/1.1[0m" 304 -
[2024-02-02 16:51:07,569] INFO in _internal: 127.0.0.1 - - [02/Feb/2024 16:51:07] "[36mGET /static/img/19.jpg HTTP/1.1[0m" 304 -
[2024-02-02 16:51:07,576] INFO in _internal: 127.0.0.1 - - [02/Feb/2024 16:51:07] "[36mGET /static/img/20.jpg HTTP/1.1[0m" 304 -
[2024-02-02 16:51:07,582] INFO in _internal: 127.0.0.1 - - [02/Feb/2024 16:51:07] "[36mGET /static/img/21.jpg HTTP/1.1[0m" 304 -
[2024-02-02 16:51:07,587] INFO in _internal: 127.0.0.1 - - [02/Feb/2024 16:51:07] "[36mGET /static/img/22.jpg HTTP/1.1[0m" 304 -
[2024-02-02 16:52:11,610] INFO in _internal: 127.0.0.1 - - [02/Feb/2024 16:52:11] "GET /escortv2 HTTP/1.1" 200 -
[2024-02-02 16:52:11,632] INFO in _internal: 127.0.0.1 - - [02/Feb/2024 16:52:11] "[36mGET /static/js/escortv2.js HTTP/1.1[0m" 304 -
[2024-02-02 16:52:11,632] INFO in _internal: 127.0.0.1 - - [02/Feb/2024 16:52:11] "[36mGET /static/css/escortv2.css HTTP/1.1[0m" 304 -
[2024-02-02 16:52:11,633] INFO in _internal: 127.0.0.1 - - [02/Feb/2024 16:52:11] "[36mGET /static/img/logo.png HTTP/1.1[0m" 304 -
[2024-02-02 16:52:11,669] INFO in _internal: 127.0.0.1 - - [02/Feb/2024 16:52:11] "[36mGET /static/img/1.jpg HTTP/1.1[0m" 304 -
[2024-02-02 16:52:11,669] INFO in _internal: 127.0.0.1 - - [02/Feb/2024 16:52:11] "[36mGET /static/img/2.jpg HTTP/1.1[0m" 304 -
[2024-02-02 16:52:11,672] INFO in _internal: 127.0.0.1 - - [02/Feb/2024 16:52:11] "[36mGET /static/img/4.jpg HTTP/1.1[0m" 304 -
[2024-02-02 16:52:11,672] INFO in _internal: 127.0.0.1 - - [02/Feb/2024 16:52:11] "[36mGET /static/img/3.jpg HTTP/1.1[0m" 304 -
[2024-02-02 16:52:11,675] INFO in _internal: 127.0.0.1 - - [02/Feb/2024 16:52:11] "[36mGET /static/img/19.jpg HTTP/1.1[0m" 304 -
[2024-02-02 16:52:11,678] INFO in _internal: 127.0.0.1 - - [02/Feb/2024 16:52:11] "[36mGET /static/img/20.jpg HTTP/1.1[0m" 304 -
[2024-02-02 16:52:11,698] INFO in _internal: 127.0.0.1 - - [02/Feb/2024 16:52:11] "[36mGET /static/img/21.jpg HTTP/1.1[0m" 304 -
[2024-02-02 16:52:11,701] INFO in _internal: 127.0.0.1 - - [02/Feb/2024 16:52:11] "[36mGET /static/img/22.jpg HTTP/1.1[0m" 304 -
[2024-02-02 16:53:04,674] INFO in _internal: 127.0.0.1 - - [02/Feb/2024 16:53:04] "GET /escortv2 HTTP/1.1" 200 -
[2024-02-02 16:53:04,701] INFO in _internal: 127.0.0.1 - - [02/Feb/2024 16:53:04] "[36mGET /static/js/escortv2.js HTTP/1.1[0m" 304 -
[2024-02-02 16:53:04,701] INFO in _internal: 127.0.0.1 - - [02/Feb/2024 16:53:04] "[36mGET /static/img/logo.png HTTP/1.1[0m" 304 -
[2024-02-02 16:53:04,709] INFO in _internal: 127.0.0.1 - - [02/Feb/2024 16:53:04] "GET /static/css/escortv2.css HTTP/1.1" 200 -
[2024-02-02 16:53:04,733] INFO in _internal: 127.0.0.1 - - [02/Feb/2024 16:53:04] "[36mGET /static/img/1.jpg HTTP/1.1[0m" 304 -
[2024-02-02 16:53:04,734] INFO in _internal: 127.0.0.1 - - [02/Feb/2024 16:53:04] "[36mGET /static/img/3.jpg HTTP/1.1[0m" 304 -
[2024-02-02 16:53:04,736] INFO in _internal: 127.0.0.1 - - [02/Feb/2024 16:53:04] "[36mGET /static/img/2.jpg HTTP/1.1[0m" 304 -
[2024-02-02 16:53:04,736] INFO in _internal: 127.0.0.1 - - [02/Feb/2024 16:53:04] "[36mGET /static/img/4.jpg HTTP/1.1[0m" 304 -
[2024-02-02 16:53:04,739] INFO in _internal: 127.0.0.1 - - [02/Feb/2024 16:53:04] "[36mGET /static/img/19.jpg HTTP/1.1[0m" 304 -
[2024-02-02 16:53:04,754] INFO in _internal: 127.0.0.1 - - [02/Feb/2024 16:53:04] "[36mGET /static/img/20.jpg HTTP/1.1[0m" 304 -
[2024-02-02 16:53:04,761] INFO in _internal: 127.0.0.1 - - [02/Feb/2024 16:53:04] "[36mGET /static/img/22.jpg HTTP/1.1[0m" 304 -
[2024-02-02 16:53:04,762] INFO in _internal: 127.0.0.1 - - [02/Feb/2024 16:53:04] "[36mGET /static/img/21.jpg HTTP/1.1[0m" 304 -
[2024-02-02 16:53:23,229] INFO in _internal: 127.0.0.1 - - [02/Feb/2024 16:53:23] "GET /escortv2 HTTP/1.1" 200 -
[2024-02-02 16:53:23,252] INFO in _internal: 127.0.0.1 - - [02/Feb/2024 16:53:23] "[36mGET /static/js/escortv2.js HTTP/1.1[0m" 304 -
[2024-02-02 16:53:23,254] INFO in _internal: 127.0.0.1 - - [02/Feb/2024 16:53:23] "[36mGET /static/img/logo.png HTTP/1.1[0m" 304 -
[2024-02-02 16:53:23,260] INFO in _internal: 127.0.0.1 - - [02/Feb/2024 16:53:23] "GET /static/css/escortv2.css HTTP/1.1" 200 -
[2024-02-02 16:53:23,273] INFO in _internal: 127.0.0.1 - - [02/Feb/2024 16:53:23] "[36mGET /static/img/1.jpg HTTP/1.1[0m" 304 -
[2024-02-02 16:53:23,280] INFO in _internal: 127.0.0.1 - - [02/Feb/2024 16:53:23] "[36mGET /static/img/3.jpg HTTP/1.1[0m" 304 -
[2024-02-02 16:53:23,281] INFO in _internal: 127.0.0.1 - - [02/Feb/2024 16:53:23] "[36mGET /static/img/2.jpg HTTP/1.1[0m" 304 -
[2024-02-02 16:53:23,283] INFO in _internal: 127.0.0.1 - - [02/Feb/2024 16:53:23] "[36mGET /static/img/19.jpg HTTP/1.1[0m" 304 -
[2024-02-02 16:53:23,285] INFO in _internal: 127.0.0.1 - - [02/Feb/2024 16:53:23] "[36mGET /static/img/4.jpg HTTP/1.1[0m" 304 -
[2024-02-02 16:53:23,289] INFO in _internal: 127.0.0.1 - - [02/Feb/2024 16:53:23] "[36mGET /static/img/21.jpg HTTP/1.1[0m" 304 -
[2024-02-02 16:53:23,293] INFO in _internal: 127.0.0.1 - - [02/Feb/2024 16:53:23] "[36mGET /static/img/20.jpg HTTP/1.1[0m" 304 -
[2024-02-02 16:53:23,305] INFO in _internal: 127.0.0.1 - - [02/Feb/2024 16:53:23] "[36mGET /static/img/22.jpg HTTP/1.1[0m" 304 -
[2024-02-02 16:54:25,796] INFO in _internal: 127.0.0.1 - - [02/Feb/2024 16:54:25] "GET /escortv2 HTTP/1.1" 200 -
[2024-02-02 16:54:25,821] INFO in _internal: 127.0.0.1 - - [02/Feb/2024 16:54:25] "[36mGET /static/img/logo.png HTTP/1.1[0m" 304 -
[2024-02-02 16:54:25,822] INFO in _internal: 127.0.0.1 - - [02/Feb/2024 16:54:25] "[36mGET /static/js/escortv2.js HTTP/1.1[0m" 304 -
[2024-02-02 16:54:25,831] INFO in _internal: 127.0.0.1 - - [02/Feb/2024 16:54:25] "GET /static/css/escortv2.css HTTP/1.1" 200 -
[2024-02-02 16:54:25,857] INFO in _internal: 127.0.0.1 - - [02/Feb/2024 16:54:25] "[36mGET /static/img/1.jpg HTTP/1.1[0m" 304 -
[2024-02-02 16:54:25,858] INFO in _internal: 127.0.0.1 - - [02/Feb/2024 16:54:25] "[36mGET /static/img/3.jpg HTTP/1.1[0m" 304 -
[2024-02-02 16:54:25,858] INFO in _internal: 127.0.0.1 - - [02/Feb/2024 16:54:25] "[36mGET /static/img/2.jpg HTTP/1.1[0m" 304 -
[2024-02-02 16:54:25,864] INFO in _internal: 127.0.0.1 - - [02/Feb/2024 16:54:25] "[36mGET /static/img/4.jpg HTTP/1.1[0m" 304 -
[2024-02-02 16:54:25,864] INFO in _internal: 127.0.0.1 - - [02/Feb/2024 16:54:25] "[36mGET /static/img/19.jpg HTTP/1.1[0m" 304 -
[2024-02-02 16:54:25,868] INFO in _internal: 127.0.0.1 - - [02/Feb/2024 16:54:25] "[36mGET /static/img/20.jpg HTTP/1.1[0m" 304 -
[2024-02-02 16:54:25,881] INFO in _internal: 127.0.0.1 - - [02/Feb/2024 16:54:25] "[36mGET /static/img/21.jpg HTTP/1.1[0m" 304 -
[2024-02-02 16:54:25,883] INFO in _internal: 127.0.0.1 - - [02/Feb/2024 16:54:25] "[36mGET /static/img/22.jpg HTTP/1.1[0m" 304 -
[2024-02-02 16:54:45,871] INFO in _internal: 127.0.0.1 - - [02/Feb/2024 16:54:45] "GET /escortv2 HTTP/1.1" 200 -
[2024-02-02 16:54:45,892] INFO in _internal: 127.0.0.1 - - [02/Feb/2024 16:54:45] "[36mGET /static/js/escortv2.js HTTP/1.1[0m" 304 -
[2024-02-02 16:54:45,894] INFO in _internal: 127.0.0.1 - - [02/Feb/2024 16:54:45] "[36mGET /static/img/logo.png HTTP/1.1[0m" 304 -
[2024-02-02 16:54:45,902] INFO in _internal: 127.0.0.1 - - [02/Feb/2024 16:54:45] "GET /static/css/escortv2.css HTTP/1.1" 200 -
[2024-02-02 16:54:45,926] INFO in _internal: 127.0.0.1 - - [02/Feb/2024 16:54:45] "[36mGET /static/img/4.jpg HTTP/1.1[0m" 304 -
[2024-02-02 16:54:45,927] INFO in _internal: 127.0.0.1 - - [02/Feb/2024 16:54:45] "[36mGET /static/img/2.jpg HTTP/1.1[0m" 304 -
[2024-02-02 16:54:45,929] INFO in _internal: 127.0.0.1 - - [02/Feb/2024 16:54:45] "[36mGET /static/img/3.jpg HTTP/1.1[0m" 304 -
[2024-02-02 16:54:45,931] INFO in _internal: 127.0.0.1 - - [02/Feb/2024 16:54:45] "[36mGET /static/img/1.jpg HTTP/1.1[0m" 304 -
[2024-02-02 16:54:45,934] INFO in _internal: 127.0.0.1 - - [02/Feb/2024 16:54:45] "[36mGET /static/img/19.jpg HTTP/1.1[0m" 304 -
[2024-02-02 16:54:45,938] INFO in _internal: 127.0.0.1 - - [02/Feb/2024 16:54:45] "[36mGET /static/img/20.jpg HTTP/1.1[0m" 304 -
[2024-02-02 16:54:45,950] INFO in _internal: 127.0.0.1 - - [02/Feb/2024 16:54:45] "[36mGET /static/img/21.jpg HTTP/1.1[0m" 304 -
[2024-02-02 16:54:45,953] INFO in _internal: 127.0.0.1 - - [02/Feb/2024 16:54:45] "[36mGET /static/img/22.jpg HTTP/1.1[0m" 304 -
[2024-02-02 16:54:58,243] INFO in _internal: 127.0.0.1 - - [02/Feb/2024 16:54:58] "GET /escortv2 HTTP/1.1" 200 -
[2024-02-02 16:54:58,263] INFO in _internal: 127.0.0.1 - - [02/Feb/2024 16:54:58] "[36mGET /static/img/logo.png HTTP/1.1[0m" 304 -
[2024-02-02 16:54:58,263] INFO in _internal: 127.0.0.1 - - [02/Feb/2024 16:54:58] "[36mGET /static/js/escortv2.js HTTP/1.1[0m" 304 -
[2024-02-02 16:54:58,271] INFO in _internal: 127.0.0.1 - - [02/Feb/2024 16:54:58] "GET /static/css/escortv2.css HTTP/1.1" 200 -
[2024-02-02 16:54:58,298] INFO in _internal: 127.0.0.1 - - [02/Feb/2024 16:54:58] "[36mGET /static/img/2.jpg HTTP/1.1[0m" 304 -
[2024-02-02 16:54:58,299] INFO in _internal: 127.0.0.1 - - [02/Feb/2024 16:54:58] "[36mGET /static/img/1.jpg HTTP/1.1[0m" 304 -
[2024-02-02 16:54:58,304] INFO in _internal: 127.0.0.1 - - [02/Feb/2024 16:54:58] "[36mGET /static/img/3.jpg HTTP/1.1[0m" 304 -
[2024-02-02 16:54:58,311] INFO in _internal: 127.0.0.1 - - [02/Feb/2024 16:54:58] "[36mGET /static/img/19.jpg HTTP/1.1[0m" 304 -
[2024-02-02 16:54:58,311] INFO in _internal: 127.0.0.1 - - [02/Feb/2024 16:54:58] "[36mGET /static/img/4.jpg HTTP/1.1[0m" 304 -
[2024-02-02 16:54:58,319] INFO in _internal: 127.0.0.1 - - [02/Feb/2024 16:54:58] "[36mGET /static/img/21.jpg HTTP/1.1[0m" 304 -
[2024-02-02 16:54:58,319] INFO in _internal: 127.0.0.1 - - [02/Feb/2024 16:54:58] "[36mGET /static/img/20.jpg HTTP/1.1[0m" 304 -
[2024-02-02 16:54:58,323] INFO in _internal: 127.0.0.1 - - [02/Feb/2024 16:54:58] "[36mGET /static/img/22.jpg HTTP/1.1[0m" 304 -
[2024-02-02 16:55:13,747] INFO in _internal: 127.0.0.1 - - [02/Feb/2024 16:55:13] "GET /escortv2 HTTP/1.1" 200 -
[2024-02-02 16:55:13,771] INFO in _internal: 127.0.0.1 - - [02/Feb/2024 16:55:13] "[36mGET /static/js/escortv2.js HTTP/1.1[0m" 304 -
[2024-02-02 16:55:13,774] INFO in _internal: 127.0.0.1 - - [02/Feb/2024 16:55:13] "[36mGET /static/img/logo.png HTTP/1.1[0m" 304 -
[2024-02-02 16:55:13,780] INFO in _internal: 127.0.0.1 - - [02/Feb/2024 16:55:13] "GET /static/css/escortv2.css HTTP/1.1" 200 -
[2024-02-02 16:55:13,807] INFO in _internal: 127.0.0.1 - - [02/Feb/2024 16:55:13] "[36mGET /static/img/1.jpg HTTP/1.1[0m" 304 -
[2024-02-02 16:55:13,807] INFO in _internal: 127.0.0.1 - - [02/Feb/2024 16:55:13] "[36mGET /static/img/3.jpg HTTP/1.1[0m" 304 -
[2024-02-02 16:55:13,807] INFO in _internal: 127.0.0.1 - - [02/Feb/2024 16:55:13] "[36mGET /static/img/4.jpg HTTP/1.1[0m" 304 -
[2024-02-02 16:55:13,807] INFO in _internal: 127.0.0.1 - - [02/Feb/2024 16:55:13] "[36mGET /static/img/19.jpg HTTP/1.1[0m" 304 -
[2024-02-02 16:55:13,807] INFO in _internal: 127.0.0.1 - - [02/Feb/2024 16:55:13] "[36mGET /static/img/2.jpg HTTP/1.1[0m" 304 -
[2024-02-02 16:55:13,810] INFO in _internal: 127.0.0.1 - - [02/Feb/2024 16:55:13] "[36mGET /static/img/20.jpg HTTP/1.1[0m" 304 -
[2024-02-02 16:55:13,833] INFO in _internal: 127.0.0.1 - - [02/Feb/2024 16:55:13] "[36mGET /static/img/21.jpg HTTP/1.1[0m" 304 -
[2024-02-02 16:55:13,834] INFO in _internal: 127.0.0.1 - - [02/Feb/2024 16:55:13] "[36mGET /static/img/22.jpg HTTP/1.1[0m" 304 -
[2024-02-02 16:56:28,769] INFO in _internal: 127.0.0.1 - - [02/Feb/2024 16:56:28] "GET /escortv2 HTTP/1.1" 200 -
[2024-02-02 16:56:28,791] INFO in _internal: 127.0.0.1 - - [02/Feb/2024 16:56:28] "[36mGET /static/js/escortv2.js HTTP/1.1[0m" 304 -
[2024-02-02 16:56:28,795] INFO in _internal: 127.0.0.1 - - [02/Feb/2024 16:56:28] "[36mGET /static/img/logo.png HTTP/1.1[0m" 304 -
[2024-02-02 16:56:28,803] INFO in _internal: 127.0.0.1 - - [02/Feb/2024 16:56:28] "GET /static/css/escortv2.css HTTP/1.1" 200 -
[2024-02-02 16:56:28,824] INFO in _internal: 127.0.0.1 - - [02/Feb/2024 16:56:28] "[36mGET /static/img/1.jpg HTTP/1.1[0m" 304 -
[2024-02-02 16:56:28,825] INFO in _internal: 127.0.0.1 - - [02/Feb/2024 16:56:28] "[36mGET /static/img/3.jpg HTTP/1.1[0m" 304 -
[2024-02-02 16:56:28,825] INFO in _internal: 127.0.0.1 - - [02/Feb/2024 16:56:28] "[36mGET /static/img/4.jpg HTTP/1.1[0m" 304 -
[2024-02-02 16:56:28,825] INFO in _internal: 127.0.0.1 - - [02/Feb/2024 16:56:28] "[36mGET /static/img/2.jpg HTTP/1.1[0m" 304 -
[2024-02-02 16:56:28,832] INFO in _internal: 127.0.0.1 - - [02/Feb/2024 16:56:28] "[36mGET /static/img/19.jpg HTTP/1.1[0m" 304 -
[2024-02-02 16:56:28,847] INFO in _internal: 127.0.0.1 - - [02/Feb/2024 16:56:28] "[36mGET /static/img/20.jpg HTTP/1.1[0m" 304 -
[2024-02-02 16:56:28,854] INFO in _internal: 127.0.0.1 - - [02/Feb/2024 16:56:28] "[36mGET /static/img/21.jpg HTTP/1.1[0m" 304 -
[2024-02-02 16:56:28,857] INFO in _internal: 127.0.0.1 - - [02/Feb/2024 16:56:28] "[36mGET /static/img/22.jpg HTTP/1.1[0m" 304 -
[2024-02-02 16:56:55,856] INFO in _internal: 127.0.0.1 - - [02/Feb/2024 16:56:55] "GET /escortv2 HTTP/1.1" 200 -
[2024-02-02 16:56:55,880] INFO in _internal: 127.0.0.1 - - [02/Feb/2024 16:56:55] "[36mGET /static/js/escortv2.js HTTP/1.1[0m" 304 -
[2024-02-02 16:56:55,881] INFO in _internal: 127.0.0.1 - - [02/Feb/2024 16:56:55] "[36mGET /static/img/logo.png HTTP/1.1[0m" 304 -
[2024-02-02 16:56:55,891] INFO in _internal: 127.0.0.1 - - [02/Feb/2024 16:56:55] "GET /static/css/escortv2.css HTTP/1.1" 200 -
[2024-02-02 16:56:55,913] INFO in _internal: 127.0.0.1 - - [02/Feb/2024 16:56:55] "[36mGET /static/img/1.jpg HTTP/1.1[0m" 304 -
[2024-02-02 16:56:55,914] INFO in _internal: 127.0.0.1 - - [02/Feb/2024 16:56:55] "[36mGET /static/img/2.jpg HTTP/1.1[0m" 304 -
[2024-02-02 16:56:55,917] INFO in _internal: 127.0.0.1 - - [02/Feb/2024 16:56:55] "[36mGET /static/img/3.jpg HTTP/1.1[0m" 304 -
[2024-02-02 16:56:55,925] INFO in _internal: 127.0.0.1 - - [02/Feb/2024 16:56:55] "[36mGET /static/img/4.jpg HTTP/1.1[0m" 304 -
[2024-02-02 16:56:55,937] INFO in _internal: 127.0.0.1 - - [02/Feb/2024 16:56:55] "[36mGET /static/img/19.jpg HTTP/1.1[0m" 304 -
[2024-02-02 16:56:55,939] INFO in _internal: 127.0.0.1 - - [02/Feb/2024 16:56:55] "[36mGET /static/img/20.jpg HTTP/1.1[0m" 304 -
[2024-02-02 16:56:55,942] INFO in _internal: 127.0.0.1 - - [02/Feb/2024 16:56:55] "[36mGET /static/img/21.jpg HTTP/1.1[0m" 304 -
[2024-02-02 16:56:55,943] INFO in _internal: 127.0.0.1 - - [02/Feb/2024 16:56:55] "[36mGET /static/img/22.jpg HTTP/1.1[0m" 304 -
[2024-02-02 16:57:11,971] INFO in _internal: 127.0.0.1 - - [02/Feb/2024 16:57:11] "GET /escortv2 HTTP/1.1" 200 -
[2024-02-02 16:57:11,990] INFO in _internal: 127.0.0.1 - - [02/Feb/2024 16:57:11] "[36mGET /static/css/escortv2.css HTTP/1.1[0m" 304 -
[2024-02-02 16:57:11,995] INFO in _internal: 127.0.0.1 - - [02/Feb/2024 16:57:11] "[36mGET /static/img/logo.png HTTP/1.1[0m" 304 -
[2024-02-02 16:57:11,996] INFO in _internal: 127.0.0.1 - - [02/Feb/2024 16:57:11] "[36mGET /static/js/escortv2.js HTTP/1.1[0m" 304 -
[2024-02-02 16:57:12,031] INFO in _internal: 127.0.0.1 - - [02/Feb/2024 16:57:12] "[36mGET /static/img/2.jpg HTTP/1.1[0m" 304 -
[2024-02-02 16:57:12,032] INFO in _internal: 127.0.0.1 - - [02/Feb/2024 16:57:12] "[36mGET /static/img/1.jpg HTTP/1.1[0m" 304 -
[2024-02-02 16:57:12,034] INFO in _internal: 127.0.0.1 - - [02/Feb/2024 16:57:12] "[36mGET /static/img/4.jpg HTTP/1.1[0m" 304 -
[2024-02-02 16:57:12,036] INFO in _internal: 127.0.0.1 - - [02/Feb/2024 16:57:12] "[36mGET /static/img/3.jpg HTTP/1.1[0m" 304 -
[2024-02-02 16:57:12,039] INFO in _internal: 127.0.0.1 - - [02/Feb/2024 16:57:12] "[36mGET /static/img/19.jpg HTTP/1.1[0m" 304 -
[2024-02-02 16:57:12,042] INFO in _internal: 127.0.0.1 - - [02/Feb/2024 16:57:12] "[36mGET /static/img/20.jpg HTTP/1.1[0m" 304 -
[2024-02-02 16:57:12,063] INFO in _internal: 127.0.0.1 - - [02/Feb/2024 16:57:12] "[36mGET /static/img/21.jpg HTTP/1.1[0m" 304 -
[2024-02-02 16:57:12,064] INFO in _internal: 127.0.0.1 - - [02/Feb/2024 16:57:12] "[36mGET /static/img/22.jpg HTTP/1.1[0m" 304 -
[2024-02-02 16:57:16,321] INFO in _internal: 127.0.0.1 - - [02/Feb/2024 16:57:16] "GET /escortv2 HTTP/1.1" 200 -
[2024-02-02 16:57:16,335] INFO in _internal: 127.0.0.1 - - [02/Feb/2024 16:57:16] "[36mGET /static/js/escortv2.js HTTP/1.1[0m" 304 -
[2024-02-02 16:57:16,335] INFO in _internal: 127.0.0.1 - - [02/Feb/2024 16:57:16] "[36mGET /static/css/escortv2.css HTTP/1.1[0m" 304 -
[2024-02-02 16:57:16,339] INFO in _internal: 127.0.0.1 - - [02/Feb/2024 16:57:16] "[36mGET /static/img/logo.png HTTP/1.1[0m" 304 -
[2024-02-02 16:57:16,365] INFO in _internal: 127.0.0.1 - - [02/Feb/2024 16:57:16] "[36mGET /static/img/3.jpg HTTP/1.1[0m" 304 -
[2024-02-02 16:57:16,366] INFO in _internal: 127.0.0.1 - - [02/Feb/2024 16:57:16] "[36mGET /static/img/2.jpg HTTP/1.1[0m" 304 -
[2024-02-02 16:57:16,366] INFO in _internal: 127.0.0.1 - - [02/Feb/2024 16:57:16] "[36mGET /static/img/4.jpg HTTP/1.1[0m" 304 -
[2024-02-02 16:57:16,368] INFO in _internal: 127.0.0.1 - - [02/Feb/2024 16:57:16] "[36mGET /static/img/1.jpg HTTP/1.1[0m" 304 -
[2024-02-02 16:57:16,372] INFO in _internal: 127.0.0.1 - - [02/Feb/2024 16:57:16] "[36mGET /static/img/19.jpg HTTP/1.1[0m" 304 -
[2024-02-02 16:57:16,376] INFO in _internal: 127.0.0.1 - - [02/Feb/2024 16:57:16] "[36mGET /static/img/20.jpg HTTP/1.1[0m" 304 -
[2024-02-02 16:57:16,381] INFO in _internal: 127.0.0.1 - - [02/Feb/2024 16:57:16] "[36mGET /static/img/21.jpg HTTP/1.1[0m" 304 -
[2024-02-02 16:57:16,388] INFO in _internal: 127.0.0.1 - - [02/Feb/2024 16:57:16] "[36mGET /static/img/22.jpg HTTP/1.1[0m" 304 -
[2024-02-02 16:57:34,960] INFO in _internal: 127.0.0.1 - - [02/Feb/2024 16:57:34] "GET /escortv2 HTTP/1.1" 200 -
[2024-02-02 16:57:34,981] INFO in _internal: 127.0.0.1 - - [02/Feb/2024 16:57:34] "[36mGET /static/css/escortv2.css HTTP/1.1[0m" 304 -
[2024-02-02 16:57:34,983] INFO in _internal: 127.0.0.1 - - [02/Feb/2024 16:57:34] "[36mGET /static/js/escortv2.js HTTP/1.1[0m" 304 -
[2024-02-02 16:57:34,984] INFO in _internal: 127.0.0.1 - - [02/Feb/2024 16:57:34] "[36mGET /static/img/logo.png HTTP/1.1[0m" 304 -
[2024-02-02 16:57:35,014] INFO in _internal: 127.0.0.1 - - [02/Feb/2024 16:57:35] "[36mGET /static/img/4.jpg HTTP/1.1[0m" 304 -
[2024-02-02 16:57:35,014] INFO in _internal: 127.0.0.1 - - [02/Feb/2024 16:57:35] "[36mGET /static/img/2.jpg HTTP/1.1[0m" 304 -
[2024-02-02 16:57:35,015] INFO in _internal: 127.0.0.1 - - [02/Feb/2024 16:57:35] "[36mGET /static/img/3.jpg HTTP/1.1[0m" 304 -
[2024-02-02 16:57:35,015] INFO in _internal: 127.0.0.1 - - [02/Feb/2024 16:57:35] "[36mGET /static/img/1.jpg HTTP/1.1[0m" 304 -
[2024-02-02 16:57:35,016] INFO in _internal: 127.0.0.1 - - [02/Feb/2024 16:57:35] "[36mGET /static/img/19.jpg HTTP/1.1[0m" 304 -
[2024-02-02 16:57:35,025] INFO in _internal: 127.0.0.1 - - [02/Feb/2024 16:57:35] "[36mGET /static/img/20.jpg HTTP/1.1[0m" 304 -
[2024-02-02 16:57:35,048] INFO in _internal: 127.0.0.1 - - [02/Feb/2024 16:57:35] "[36mGET /static/img/21.jpg HTTP/1.1[0m" 304 -
[2024-02-02 16:57:35,049] INFO in _internal: 127.0.0.1 - - [02/Feb/2024 16:57:35] "[36mGET /static/img/22.jpg HTTP/1.1[0m" 304 -
[2024-02-02 16:57:47,238] INFO in _internal: 127.0.0.1 - - [02/Feb/2024 16:57:47] "GET /escortv2 HTTP/1.1" 200 -
[2024-02-02 16:57:47,254] INFO in _internal: 127.0.0.1 - - [02/Feb/2024 16:57:47] "[36mGET /static/css/escortv2.css HTTP/1.1[0m" 304 -
[2024-02-02 16:57:47,255] INFO in _internal: 127.0.0.1 - - [02/Feb/2024 16:57:47] "[36mGET /static/js/escortv2.js HTTP/1.1[0m" 304 -
[2024-02-02 16:57:47,257] INFO in _internal: 127.0.0.1 - - [02/Feb/2024 16:57:47] "[36mGET /static/img/logo.png HTTP/1.1[0m" 304 -
[2024-02-02 16:57:47,290] INFO in _internal: 127.0.0.1 - - [02/Feb/2024 16:57:47] "[36mGET /static/img/2.jpg HTTP/1.1[0m" 304 -
[2024-02-02 16:57:47,290] INFO in _internal: 127.0.0.1 - - [02/Feb/2024 16:57:47] "[36mGET /static/img/1.jpg HTTP/1.1[0m" 304 -
[2024-02-02 16:57:47,294] INFO in _internal: 127.0.0.1 - - [02/Feb/2024 16:57:47] "[36mGET /static/img/3.jpg HTTP/1.1[0m" 304 -
[2024-02-02 16:57:47,294] INFO in _internal: 127.0.0.1 - - [02/Feb/2024 16:57:47] "[36mGET /static/img/20.jpg HTTP/1.1[0m" 304 -
[2024-02-02 16:57:47,295] INFO in _internal: 127.0.0.1 - - [02/Feb/2024 16:57:47] "[36mGET /static/img/4.jpg HTTP/1.1[0m" 304 -
[2024-02-02 16:57:47,296] INFO in _internal: 127.0.0.1 - - [02/Feb/2024 16:57:47] "[36mGET /static/img/19.jpg HTTP/1.1[0m" 304 -
[2024-02-02 16:57:47,307] INFO in _internal: 127.0.0.1 - - [02/Feb/2024 16:57:47] "[36mGET /static/img/21.jpg HTTP/1.1[0m" 304 -
[2024-02-02 16:57:47,311] INFO in _internal: 127.0.0.1 - - [02/Feb/2024 16:57:47] "[36mGET /static/img/22.jpg HTTP/1.1[0m" 304 -
[2024-02-02 17:00:22,907] INFO in _internal: 127.0.0.1 - - [02/Feb/2024 17:00:22] "GET /escortv2 HTTP/1.1" 200 -
[2024-02-02 17:00:22,929] INFO in _internal: 127.0.0.1 - - [02/Feb/2024 17:00:22] "[36mGET /static/css/escortv2.css HTTP/1.1[0m" 304 -
[2024-02-02 17:00:22,933] INFO in _internal: 127.0.0.1 - - [02/Feb/2024 17:00:22] "[36mGET /static/img/logo.png HTTP/1.1[0m" 304 -
[2024-02-02 17:00:22,946] INFO in _internal: 127.0.0.1 - - [02/Feb/2024 17:00:22] "GET /static/js/escortv2.js HTTP/1.1" 200 -
[2024-02-02 17:00:22,961] INFO in _internal: 127.0.0.1 - - [02/Feb/2024 17:00:22] "[36mGET /static/img/1.jpg HTTP/1.1[0m" 304 -
[2024-02-02 17:00:22,961] INFO in _internal: 127.0.0.1 - - [02/Feb/2024 17:00:22] "[36mGET /static/img/2.jpg HTTP/1.1[0m" 304 -
[2024-02-02 17:00:22,972] INFO in _internal: 127.0.0.1 - - [02/Feb/2024 17:00:22] "[36mGET /static/img/4.jpg HTTP/1.1[0m" 304 -
[2024-02-02 17:00:22,974] INFO in _internal: 127.0.0.1 - - [02/Feb/2024 17:00:22] "[36mGET /static/img/3.jpg HTTP/1.1[0m" 304 -
[2024-02-02 17:00:22,986] INFO in _internal: 127.0.0.1 - - [02/Feb/2024 17:00:22] "[36mGET /static/img/19.jpg HTTP/1.1[0m" 304 -
[2024-02-02 17:00:22,988] INFO in _internal: 127.0.0.1 - - [02/Feb/2024 17:00:22] "[36mGET /static/img/20.jpg HTTP/1.1[0m" 304 -
[2024-02-02 17:00:22,991] INFO in _internal: 127.0.0.1 - - [02/Feb/2024 17:00:22] "[36mGET /static/img/21.jpg HTTP/1.1[0m" 304 -
[2024-02-02 17:00:22,994] INFO in _internal: 127.0.0.1 - - [02/Feb/2024 17:00:22] "[36mGET /static/img/22.jpg HTTP/1.1[0m" 304 -
[2024-02-02 17:00:24,704] INFO in _internal: 127.0.0.1 - - [02/Feb/2024 17:00:24] "GET /escortv2 HTTP/1.1" 200 -
[2024-02-02 17:00:24,722] INFO in _internal: 127.0.0.1 - - [02/Feb/2024 17:00:24] "[36mGET /static/css/escortv2.css HTTP/1.1[0m" 304 -
[2024-02-02 17:00:24,723] INFO in _internal: 127.0.0.1 - - [02/Feb/2024 17:00:24] "[36mGET /static/js/escortv2.js HTTP/1.1[0m" 304 -
[2024-02-02 17:00:24,724] INFO in _internal: 127.0.0.1 - - [02/Feb/2024 17:00:24] "[36mGET /static/img/logo.png HTTP/1.1[0m" 304 -
[2024-02-02 17:00:24,754] INFO in _internal: 127.0.0.1 - - [02/Feb/2024 17:00:24] "[36mGET /static/img/1.jpg HTTP/1.1[0m" 304 -
[2024-02-02 17:00:24,754] INFO in _internal: 127.0.0.1 - - [02/Feb/2024 17:00:24] "[36mGET /static/img/2.jpg HTTP/1.1[0m" 304 -
[2024-02-02 17:00:24,755] INFO in _internal: 127.0.0.1 - - [02/Feb/2024 17:00:24] "[36mGET /static/img/3.jpg HTTP/1.1[0m" 304 -
[2024-02-02 17:00:24,755] INFO in _internal: 127.0.0.1 - - [02/Feb/2024 17:00:24] "[36mGET /static/img/4.jpg HTTP/1.1[0m" 304 -
[2024-02-02 17:00:24,760] INFO in _internal: 127.0.0.1 - - [02/Feb/2024 17:00:24] "[36mGET /static/img/20.jpg HTTP/1.1[0m" 304 -
[2024-02-02 17:00:24,760] INFO in _internal: 127.0.0.1 - - [02/Feb/2024 17:00:24] "[36mGET /static/img/19.jpg HTTP/1.1[0m" 304 -
[2024-02-02 17:00:24,775] INFO in _internal: 127.0.0.1 - - [02/Feb/2024 17:00:24] "[36mGET /static/img/21.jpg HTTP/1.1[0m" 304 -
[2024-02-02 17:00:24,776] INFO in _internal: 127.0.0.1 - - [02/Feb/2024 17:00:24] "[36mGET /static/img/22.jpg HTTP/1.1[0m" 304 -
[2024-02-02 17:01:14,054] INFO in _internal: 127.0.0.1 - - [02/Feb/2024 17:01:14] "GET /escortv2 HTTP/1.1" 200 -
[2024-02-02 17:01:14,071] INFO in _internal: 127.0.0.1 - - [02/Feb/2024 17:01:14] "[36mGET /static/css/escortv2.css HTTP/1.1[0m" 304 -
[2024-02-02 17:01:14,080] INFO in _internal: 127.0.0.1 - - [02/Feb/2024 17:01:14] "[36mGET /static/img/logo.png HTTP/1.1[0m" 304 -
[2024-02-02 17:01:14,082] INFO in _internal: 127.0.0.1 - - [02/Feb/2024 17:01:14] "GET /static/js/escortv2.js HTTP/1.1" 200 -
[2024-02-02 17:01:14,109] INFO in _internal: 127.0.0.1 - - [02/Feb/2024 17:01:14] "[36mGET /static/img/1.jpg HTTP/1.1[0m" 304 -
[2024-02-02 17:01:14,110] INFO in _internal: 127.0.0.1 - - [02/Feb/2024 17:01:14] "[36mGET /static/img/2.jpg HTTP/1.1[0m" 304 -
[2024-02-02 17:01:14,115] INFO in _internal: 127.0.0.1 - - [02/Feb/2024 17:01:14] "[36mGET /static/img/3.jpg HTTP/1.1[0m" 304 -
[2024-02-02 17:01:14,119] INFO in _internal: 127.0.0.1 - - [02/Feb/2024 17:01:14] "[36mGET /static/img/19.jpg HTTP/1.1[0m" 304 -
[2024-02-02 17:01:14,125] INFO in _internal: 127.0.0.1 - - [02/Feb/2024 17:01:14] "[36mGET /static/img/20.jpg HTTP/1.1[0m" 304 -
[2024-02-02 17:01:14,128] INFO in _internal: 127.0.0.1 - - [02/Feb/2024 17:01:14] "[36mGET /static/img/4.jpg HTTP/1.1[0m" 304 -
[2024-02-02 17:01:14,132] INFO in _internal: 127.0.0.1 - - [02/Feb/2024 17:01:14] "[36mGET /static/img/21.jpg HTTP/1.1[0m" 304 -
[2024-02-02 17:01:14,135] INFO in _internal: 127.0.0.1 - - [02/Feb/2024 17:01:14] "[36mGET /static/img/22.jpg HTTP/1.1[0m" 304 -
[2024-02-02 17:02:13,187] INFO in _internal: 127.0.0.1 - - [02/Feb/2024 17:02:13] "GET /escortv2 HTTP/1.1" 200 -
[2024-02-02 17:02:13,210] INFO in _internal: 127.0.0.1 - - [02/Feb/2024 17:02:13] "[36mGET /static/css/escortv2.css HTTP/1.1[0m" 304 -
[2024-02-02 17:02:13,211] INFO in _internal: 127.0.0.1 - - [02/Feb/2024 17:02:13] "[36mGET /static/js/escortv2.js HTTP/1.1[0m" 304 -
[2024-02-02 17:02:13,212] INFO in _internal: 127.0.0.1 - - [02/Feb/2024 17:02:13] "[36mGET /static/img/logo.png HTTP/1.1[0m" 304 -
[2024-02-02 17:02:13,242] INFO in _internal: 127.0.0.1 - - [02/Feb/2024 17:02:13] "[36mGET /static/img/1.jpg HTTP/1.1[0m" 304 -
[2024-02-02 17:02:13,243] INFO in _internal: 127.0.0.1 - - [02/Feb/2024 17:02:13] "[36mGET /static/img/3.jpg HTTP/1.1[0m" 304 -
[2024-02-02 17:02:13,245] INFO in _internal: 127.0.0.1 - - [02/Feb/2024 17:02:13] "[36mGET /static/img/2.jpg HTTP/1.1[0m" 304 -
[2024-02-02 17:02:13,245] INFO in _internal: 127.0.0.1 - - [02/Feb/2024 17:02:13] "[36mGET /static/img/4.jpg HTTP/1.1[0m" 304 -
[2024-02-02 17:02:13,248] INFO in _internal: 127.0.0.1 - - [02/Feb/2024 17:02:13] "[36mGET /static/img/19.jpg HTTP/1.1[0m" 304 -
[2024-02-02 17:02:13,252] INFO in _internal: 127.0.0.1 - - [02/Feb/2024 17:02:13] "[36mGET /static/img/20.jpg HTTP/1.1[0m" 304 -
[2024-02-02 17:02:13,272] INFO in _internal: 127.0.0.1 - - [02/Feb/2024 17:02:13] "[36mGET /static/img/21.jpg HTTP/1.1[0m" 304 -
[2024-02-02 17:02:13,274] INFO in _internal: 127.0.0.1 - - [02/Feb/2024 17:02:13] "[36mGET /static/img/22.jpg HTTP/1.1[0m" 304 -
[2024-02-02 17:03:14,940] INFO in _internal: 127.0.0.1 - - [02/Feb/2024 17:03:14] "GET /escortv2 HTTP/1.1" 200 -
[2024-02-02 17:03:14,959] INFO in _internal: 127.0.0.1 - - [02/Feb/2024 17:03:14] "[36mGET /static/css/escortv2.css HTTP/1.1[0m" 304 -
[2024-02-02 17:03:14,964] INFO in _internal: 127.0.0.1 - - [02/Feb/2024 17:03:14] "[36mGET /static/img/logo.png HTTP/1.1[0m" 304 -
[2024-02-02 17:03:14,982] INFO in _internal: 127.0.0.1 - - [02/Feb/2024 17:03:14] "GET /static/js/escortv2.js HTTP/1.1" 200 -
[2024-02-02 17:03:14,996] INFO in _internal: 127.0.0.1 - - [02/Feb/2024 17:03:14] "[36mGET /static/img/1.jpg HTTP/1.1[0m" 304 -
[2024-02-02 17:03:14,997] INFO in _internal: 127.0.0.1 - - [02/Feb/2024 17:03:14] "[36mGET /static/img/2.jpg HTTP/1.1[0m" 304 -
[2024-02-02 17:03:15,032] INFO in _internal: 127.0.0.1 - - [02/Feb/2024 17:03:15] "[36mGET /static/img/4.jpg HTTP/1.1[0m" 304 -
[2024-02-02 17:03:15,033] INFO in _internal: 127.0.0.1 - - [02/Feb/2024 17:03:15] "[36mGET /static/img/19.jpg HTTP/1.1[0m" 304 -
[2024-02-02 17:03:15,035] INFO in _internal: 127.0.0.1 - - [02/Feb/2024 17:03:15] "[36mGET /static/img/3.jpg HTTP/1.1[0m" 304 -
[2024-02-02 17:03:15,037] INFO in _internal: 127.0.0.1 - - [02/Feb/2024 17:03:15] "[36mGET /static/img/20.jpg HTTP/1.1[0m" 304 -
[2024-02-02 17:03:15,040] INFO in _internal: 127.0.0.1 - - [02/Feb/2024 17:03:15] "[36mGET /static/img/21.jpg HTTP/1.1[0m" 304 -
[2024-02-02 17:03:15,045] INFO in _internal: 127.0.0.1 - - [02/Feb/2024 17:03:15] "[36mGET /static/img/22.jpg HTTP/1.1[0m" 304 -
[2024-02-02 17:03:43,459] INFO in _internal: 127.0.0.1 - - [02/Feb/2024 17:03:43] "GET /escortv2 HTTP/1.1" 200 -
[2024-02-02 17:03:43,475] INFO in _internal: 127.0.0.1 - - [02/Feb/2024 17:03:43] "[36mGET /static/css/escortv2.css HTTP/1.1[0m" 304 -
[2024-02-02 17:03:43,483] INFO in _internal: 127.0.0.1 - - [02/Feb/2024 17:03:43] "[36mGET /static/img/logo.png HTTP/1.1[0m" 304 -
[2024-02-02 17:03:43,483] INFO in _internal: 127.0.0.1 - - [02/Feb/2024 17:03:43] "[36mGET /static/js/escortv2.js HTTP/1.1[0m" 304 -
[2024-02-02 17:03:43,508] INFO in _internal: 127.0.0.1 - - [02/Feb/2024 17:03:43] "[36mGET /static/img/1.jpg HTTP/1.1[0m" 304 -
[2024-02-02 17:03:43,510] INFO in _internal: 127.0.0.1 - - [02/Feb/2024 17:03:43] "[36mGET /static/img/2.jpg HTTP/1.1[0m" 304 -
[2024-02-02 17:03:43,512] INFO in _internal: 127.0.0.1 - - [02/Feb/2024 17:03:43] "[36mGET /static/img/3.jpg HTTP/1.1[0m" 304 -
[2024-02-02 17:03:43,512] INFO in _internal: 127.0.0.1 - - [02/Feb/2024 17:03:43] "[36mGET /static/img/4.jpg HTTP/1.1[0m" 304 -
[2024-02-02 17:03:43,523] INFO in _internal: 127.0.0.1 - - [02/Feb/2024 17:03:43] "[36mGET /static/img/19.jpg HTTP/1.1[0m" 304 -
[2024-02-02 17:03:43,532] INFO in _internal: 127.0.0.1 - - [02/Feb/2024 17:03:43] "[36mGET /static/img/20.jpg HTTP/1.1[0m" 304 -
[2024-02-02 17:03:43,538] INFO in _internal: 127.0.0.1 - - [02/Feb/2024 17:03:43] "[36mGET /static/img/21.jpg HTTP/1.1[0m" 304 -
[2024-02-02 17:03:43,539] INFO in _internal: 127.0.0.1 - - [02/Feb/2024 17:03:43] "[36mGET /static/img/22.jpg HTTP/1.1[0m" 304 -
[2024-02-02 17:05:50,737] INFO in _internal: 127.0.0.1 - - [02/Feb/2024 17:05:50] "GET /escortv2 HTTP/1.1" 200 -
[2024-02-02 17:05:50,763] INFO in _internal: 127.0.0.1 - - [02/Feb/2024 17:05:50] "[36mGET /static/img/logo.png HTTP/1.1[0m" 304 -
[2024-02-02 17:05:50,765] INFO in _internal: 127.0.0.1 - - [02/Feb/2024 17:05:50] "[36mGET /static/js/escortv2.js HTTP/1.1[0m" 304 -
[2024-02-02 17:05:50,775] INFO in _internal: 127.0.0.1 - - [02/Feb/2024 17:05:50] "GET /static/css/escortv2.css HTTP/1.1" 200 -
[2024-02-02 17:05:50,795] INFO in _internal: 127.0.0.1 - - [02/Feb/2024 17:05:50] "[36mGET /static/img/3.jpg HTTP/1.1[0m" 304 -
[2024-02-02 17:05:50,796] INFO in _internal: 127.0.0.1 - - [02/Feb/2024 17:05:50] "[36mGET /static/img/1.jpg HTTP/1.1[0m" 304 -
[2024-02-02 17:05:50,796] INFO in _internal: 127.0.0.1 - - [02/Feb/2024 17:05:50] "[36mGET /static/img/4.jpg HTTP/1.1[0m" 304 -
[2024-02-02 17:05:50,796] INFO in _internal: 127.0.0.1 - - [02/Feb/2024 17:05:50] "[36mGET /static/img/2.jpg HTTP/1.1[0m" 304 -
[2024-02-02 17:05:50,806] INFO in _internal: 127.0.0.1 - - [02/Feb/2024 17:05:50] "[36mGET /static/img/19.jpg HTTP/1.1[0m" 304 -
[2024-02-02 17:05:50,822] INFO in _internal: 127.0.0.1 - - [02/Feb/2024 17:05:50] "[36mGET /static/img/20.jpg HTTP/1.1[0m" 304 -
[2024-02-02 17:05:50,825] INFO in _internal: 127.0.0.1 - - [02/Feb/2024 17:05:50] "[36mGET /static/img/21.jpg HTTP/1.1[0m" 304 -
[2024-02-02 17:05:50,829] INFO in _internal: 127.0.0.1 - - [02/Feb/2024 17:05:50] "[36mGET /static/img/22.jpg HTTP/1.1[0m" 304 -
[2024-02-02 17:06:42,519] INFO in _internal: 127.0.0.1 - - [02/Feb/2024 17:06:42] "GET /escortv2 HTTP/1.1" 200 -
[2024-02-02 17:06:42,544] INFO in _internal: 127.0.0.1 - - [02/Feb/2024 17:06:42] "[36mGET /static/img/logo.png HTTP/1.1[0m" 304 -
[2024-02-02 17:06:42,546] INFO in _internal: 127.0.0.1 - - [02/Feb/2024 17:06:42] "[36mGET /static/js/escortv2.js HTTP/1.1[0m" 304 -
[2024-02-02 17:06:42,549] INFO in _internal: 127.0.0.1 - - [02/Feb/2024 17:06:42] "GET /static/css/escortv2.css HTTP/1.1" 200 -
[2024-02-02 17:06:42,578] INFO in _internal: 127.0.0.1 - - [02/Feb/2024 17:06:42] "[36mGET /static/img/1.jpg HTTP/1.1[0m" 304 -
[2024-02-02 17:06:42,579] INFO in _internal: 127.0.0.1 - - [02/Feb/2024 17:06:42] "[36mGET /static/img/2.jpg HTTP/1.1[0m" 304 -
[2024-02-02 17:06:42,581] INFO in _internal: 127.0.0.1 - - [02/Feb/2024 17:06:42] "[36mGET /static/img/3.jpg HTTP/1.1[0m" 304 -
[2024-02-02 17:06:42,589] INFO in _internal: 127.0.0.1 - - [02/Feb/2024 17:06:42] "[36mGET /static/img/4.jpg HTTP/1.1[0m" 304 -
[2024-02-02 17:06:42,597] INFO in _internal: 127.0.0.1 - - [02/Feb/2024 17:06:42] "[36mGET /static/img/19.jpg HTTP/1.1[0m" 304 -
[2024-02-02 17:06:42,600] INFO in _internal: 127.0.0.1 - - [02/Feb/2024 17:06:42] "[36mGET /static/img/20.jpg HTTP/1.1[0m" 304 -
[2024-02-02 17:06:42,606] INFO in _internal: 127.0.0.1 - - [02/Feb/2024 17:06:42] "[36mGET /static/img/21.jpg HTTP/1.1[0m" 304 -
[2024-02-02 17:06:42,609] INFO in _internal: 127.0.0.1 - - [02/Feb/2024 17:06:42] "[36mGET /static/img/22.jpg HTTP/1.1[0m" 304 -
[2024-02-02 17:07:03,391] INFO in _internal: 127.0.0.1 - - [02/Feb/2024 17:07:03] "GET /escortv2 HTTP/1.1" 200 -
[2024-02-02 17:07:03,411] INFO in _internal: 127.0.0.1 - - [02/Feb/2024 17:07:03] "[36mGET /static/js/escortv2.js HTTP/1.1[0m" 304 -
[2024-02-02 17:07:03,412] INFO in _internal: 127.0.0.1 - - [02/Feb/2024 17:07:03] "[36mGET /static/img/logo.png HTTP/1.1[0m" 304 -
[2024-02-02 17:07:03,420] INFO in _internal: 127.0.0.1 - - [02/Feb/2024 17:07:03] "GET /static/css/escortv2.css HTTP/1.1" 200 -
[2024-02-02 17:07:03,442] INFO in _internal: 127.0.0.1 - - [02/Feb/2024 17:07:03] "[36mGET /static/img/1.jpg HTTP/1.1[0m" 304 -
[2024-02-02 17:07:03,446] INFO in _internal: 127.0.0.1 - - [02/Feb/2024 17:07:03] "[36mGET /static/img/3.jpg HTTP/1.1[0m" 304 -
[2024-02-02 17:07:03,442] INFO in _internal: 127.0.0.1 - - [02/Feb/2024 17:07:03] "[36mGET /static/img/2.jpg HTTP/1.1[0m" 304 -
[2024-02-02 17:07:03,449] INFO in _internal: 127.0.0.1 - - [02/Feb/2024 17:07:03] "[36mGET /static/img/4.jpg HTTP/1.1[0m" 304 -
[2024-02-02 17:07:03,463] INFO in _internal: 127.0.0.1 - - [02/Feb/2024 17:07:03] "[36mGET /static/img/19.jpg HTTP/1.1[0m" 304 -
[2024-02-02 17:07:03,466] INFO in _internal: 127.0.0.1 - - [02/Feb/2024 17:07:03] "[36mGET /static/img/20.jpg HTTP/1.1[0m" 304 -
[2024-02-02 17:07:03,470] INFO in _internal: 127.0.0.1 - - [02/Feb/2024 17:07:03] "[36mGET /static/img/21.jpg HTTP/1.1[0m" 304 -
[2024-02-02 17:07:03,473] INFO in _internal: 127.0.0.1 - - [02/Feb/2024 17:07:03] "[36mGET /static/img/22.jpg HTTP/1.1[0m" 304 -
[2024-02-02 17:21:10,615] INFO in _internal: 127.0.0.1 - - [02/Feb/2024 17:21:10] "GET /escortv2 HTTP/1.1" 200 -
[2024-02-02 17:21:10,639] INFO in _internal: 127.0.0.1 - - [02/Feb/2024 17:21:10] "[36mGET /static/js/escortv2.js HTTP/1.1[0m" 304 -
[2024-02-02 17:21:10,640] INFO in _internal: 127.0.0.1 - - [02/Feb/2024 17:21:10] "[36mGET /static/img/logo.png HTTP/1.1[0m" 304 -
[2024-02-02 17:21:10,651] INFO in _internal: 127.0.0.1 - - [02/Feb/2024 17:21:10] "GET /static/css/escortv2.css HTTP/1.1" 200 -
[2024-02-02 17:21:10,688] INFO in _internal: 127.0.0.1 - - [02/Feb/2024 17:21:10] "[36mGET /static/img/2.jpg HTTP/1.1[0m" 304 -
[2024-02-02 17:21:10,688] INFO in _internal: 127.0.0.1 - - [02/Feb/2024 17:21:10] "[36mGET /static/img/1.jpg HTTP/1.1[0m" 304 -
[2024-02-02 17:21:10,690] INFO in _internal: 127.0.0.1 - - [02/Feb/2024 17:21:10] "[36mGET /static/img/3.jpg HTTP/1.1[0m" 304 -
[2024-02-02 17:21:10,694] INFO in _internal: 127.0.0.1 - - [02/Feb/2024 17:21:10] "[36mGET /static/img/4.jpg HTTP/1.1[0m" 304 -
[2024-02-02 17:21:10,697] INFO in _internal: 127.0.0.1 - - [02/Feb/2024 17:21:10] "[36mGET /static/img/19.jpg HTTP/1.1[0m" 304 -
[2024-02-02 17:21:10,701] INFO in _internal: 127.0.0.1 - - [02/Feb/2024 17:21:10] "[36mGET /static/img/20.jpg HTTP/1.1[0m" 304 -
[2024-02-02 17:21:10,706] INFO in _internal: 127.0.0.1 - - [02/Feb/2024 17:21:10] "[36mGET /static/img/21.jpg HTTP/1.1[0m" 304 -
[2024-02-02 17:21:10,708] INFO in _internal: 127.0.0.1 - - [02/Feb/2024 17:21:10] "[36mGET /static/img/22.jpg HTTP/1.1[0m" 304 -
[2024-02-02 17:21:20,250] INFO in _internal: 127.0.0.1 - - [02/Feb/2024 17:21:20] "GET /escortv2 HTTP/1.1" 200 -
[2024-02-02 17:21:20,267] INFO in _internal: 127.0.0.1 - - [02/Feb/2024 17:21:20] "[36mGET /static/js/escortv2.js HTTP/1.1[0m" 304 -
[2024-02-02 17:21:20,270] INFO in _internal: 127.0.0.1 - - [02/Feb/2024 17:21:20] "[36mGET /static/img/logo.png HTTP/1.1[0m" 304 -
[2024-02-02 17:21:20,276] INFO in _internal: 127.0.0.1 - - [02/Feb/2024 17:21:20] "GET /static/css/escortv2.css HTTP/1.1" 200 -
[2024-02-02 17:21:20,297] INFO in _internal: 127.0.0.1 - - [02/Feb/2024 17:21:20] "[36mGET /static/img/1.jpg HTTP/1.1[0m" 304 -
[2024-02-02 17:21:20,298] INFO in _internal: 127.0.0.1 - - [02/Feb/2024 17:21:20] "[36mGET /static/img/2.jpg HTTP/1.1[0m" 304 -
[2024-02-02 17:21:20,299] INFO in _internal: 127.0.0.1 - - [02/Feb/2024 17:21:20] "[36mGET /static/img/4.jpg HTTP/1.1[0m" 304 -
[2024-02-02 17:21:20,303] INFO in _internal: 127.0.0.1 - - [02/Feb/2024 17:21:20] "[36mGET /static/img/3.jpg HTTP/1.1[0m" 304 -
[2024-02-02 17:21:20,308] INFO in _internal: 127.0.0.1 - - [02/Feb/2024 17:21:20] "[36mGET /static/img/20.jpg HTTP/1.1[0m" 304 -
[2024-02-02 17:21:20,308] INFO in _internal: 127.0.0.1 - - [02/Feb/2024 17:21:20] "[36mGET /static/img/19.jpg HTTP/1.1[0m" 304 -
[2024-02-02 17:21:20,313] INFO in _internal: 127.0.0.1 - - [02/Feb/2024 17:21:20] "[36mGET /static/img/21.jpg HTTP/1.1[0m" 304 -
[2024-02-02 17:21:20,315] INFO in _internal: 127.0.0.1 - - [02/Feb/2024 17:21:20] "[36mGET /static/img/22.jpg HTTP/1.1[0m" 304 -
[2024-02-05 11:31:26,743] INFO in _internal: [31m[1mWARNING: This is a development server. Do not use it in a production deployment. Use a production WSGI server instead.[0m
 * Running on http://127.0.0.1:5000
[2024-02-05 11:31:26,745] INFO in _internal: [33mPress CTRL+C to quit[0m
[2024-02-05 11:31:26,778] INFO in _internal:  * Restarting with watchdog (windowsapi)
[2024-02-05 11:31:27,444] WARNING in _internal:  * Debugger is active!
[2024-02-05 11:31:27,452] INFO in _internal:  * Debugger PIN: 123-293-346
[2024-02-05 11:31:31,140] INFO in _internal: 127.0.0.1 - - [05/Feb/2024 11:31:31] "GET / HTTP/1.1" 200 -
[2024-02-05 11:31:31,370] INFO in _internal: 127.0.0.1 - - [05/Feb/2024 11:31:31] "[36mGET /static/css/templatemo-style.css HTTP/1.1[0m" 304 -
[2024-02-05 11:31:31,382] INFO in _internal: 127.0.0.1 - - [05/Feb/2024 11:31:31] "[36mGET /static/css/index.css HTTP/1.1[0m" 304 -
[2024-02-05 11:31:31,402] INFO in _internal: 127.0.0.1 - - [05/Feb/2024 11:31:31] "[36mGET /static/img/logo.png HTTP/1.1[0m" 304 -
[2024-02-05 11:31:31,545] INFO in _internal: 127.0.0.1 - - [05/Feb/2024 11:31:31] "GET /sensing_data HTTP/1.1" 200 -
[2024-02-05 11:31:32,492] INFO in _internal: 127.0.0.1 - - [05/Feb/2024 11:31:32] "[33mGET /favicon.ico HTTP/1.1[0m" 404 -
[2024-02-05 11:31:42,239] INFO in _internal: 127.0.0.1 - - [05/Feb/2024 11:31:42] "GET /escortv2 HTTP/1.1" 200 -
[2024-02-05 11:31:42,270] INFO in _internal: 127.0.0.1 - - [05/Feb/2024 11:31:42] "[36mGET /static/img/logo.png HTTP/1.1[0m" 304 -
[2024-02-05 11:31:42,279] INFO in _internal: 127.0.0.1 - - [05/Feb/2024 11:31:42] "GET /static/css/escortv2.css HTTP/1.1" 200 -
[2024-02-05 11:31:42,286] INFO in _internal: 127.0.0.1 - - [05/Feb/2024 11:31:42] "[36mGET /static/js/escortv2.js HTTP/1.1[0m" 304 -
[2024-02-05 11:31:42,307] INFO in _internal: 127.0.0.1 - - [05/Feb/2024 11:31:42] "[36mGET /static/img/3.jpg HTTP/1.1[0m" 304 -
[2024-02-05 11:31:42,307] INFO in _internal: 127.0.0.1 - - [05/Feb/2024 11:31:42] "[36mGET /static/img/19.jpg HTTP/1.1[0m" 304 -
[2024-02-05 11:31:42,307] INFO in _internal: 127.0.0.1 - - [05/Feb/2024 11:31:42] "[36mGET /static/img/1.jpg HTTP/1.1[0m" 304 -
[2024-02-05 11:31:42,307] INFO in _internal: 127.0.0.1 - - [05/Feb/2024 11:31:42] "[36mGET /static/img/2.jpg HTTP/1.1[0m" 304 -
[2024-02-05 11:31:42,308] INFO in _internal: 127.0.0.1 - - [05/Feb/2024 11:31:42] "[36mGET /static/img/4.jpg HTTP/1.1[0m" 304 -
[2024-02-05 11:31:42,317] INFO in _internal: 127.0.0.1 - - [05/Feb/2024 11:31:42] "[36mGET /static/img/20.jpg HTTP/1.1[0m" 304 -
[2024-02-05 11:31:42,330] INFO in _internal: 127.0.0.1 - - [05/Feb/2024 11:31:42] "[36mGET /static/img/21.jpg HTTP/1.1[0m" 304 -
[2024-02-05 11:31:42,343] INFO in _internal: 127.0.0.1 - - [05/Feb/2024 11:31:42] "[36mGET /static/img/22.jpg HTTP/1.1[0m" 304 -
[2024-02-05 11:32:53,010] INFO in _internal: 127.0.0.1 - - [05/Feb/2024 11:32:53] "GET /escortv2 HTTP/1.1" 200 -
[2024-02-05 11:32:53,034] INFO in _internal: 127.0.0.1 - - [05/Feb/2024 11:32:53] "[36mGET /static/img/logo.png HTTP/1.1[0m" 304 -
[2024-02-05 11:32:53,035] INFO in _internal: 127.0.0.1 - - [05/Feb/2024 11:32:53] "[36mGET /static/js/escortv2.js HTTP/1.1[0m" 304 -
[2024-02-05 11:32:53,045] INFO in _internal: 127.0.0.1 - - [05/Feb/2024 11:32:53] "GET /static/css/escortv2.css HTTP/1.1" 200 -
[2024-02-05 11:32:53,065] INFO in _internal: 127.0.0.1 - - [05/Feb/2024 11:32:53] "[36mGET /static/img/1.jpg HTTP/1.1[0m" 304 -
[2024-02-05 11:32:53,065] INFO in _internal: 127.0.0.1 - - [05/Feb/2024 11:32:53] "[36mGET /static/img/2.jpg HTTP/1.1[0m" 304 -
[2024-02-05 11:32:53,068] INFO in _internal: 127.0.0.1 - - [05/Feb/2024 11:32:53] "[36mGET /static/img/3.jpg HTTP/1.1[0m" 304 -
[2024-02-05 11:32:53,081] INFO in _internal: 127.0.0.1 - - [05/Feb/2024 11:32:53] "[36mGET /static/img/4.jpg HTTP/1.1[0m" 304 -
[2024-02-05 11:32:53,086] INFO in _internal: 127.0.0.1 - - [05/Feb/2024 11:32:53] "[36mGET /static/img/19.jpg HTTP/1.1[0m" 304 -
[2024-02-05 11:32:53,090] INFO in _internal: 127.0.0.1 - - [05/Feb/2024 11:32:53] "[36mGET /static/img/20.jpg HTTP/1.1[0m" 304 -
[2024-02-05 11:32:53,093] INFO in _internal: 127.0.0.1 - - [05/Feb/2024 11:32:53] "[36mGET /static/img/21.jpg HTTP/1.1[0m" 304 -
[2024-02-05 11:32:53,096] INFO in _internal: 127.0.0.1 - - [05/Feb/2024 11:32:53] "[36mGET /static/img/22.jpg HTTP/1.1[0m" 304 -
[2024-02-05 11:33:46,995] INFO in _internal: 127.0.0.1 - - [05/Feb/2024 11:33:46] "GET /escortv2 HTTP/1.1" 200 -
[2024-02-05 11:33:47,022] INFO in _internal: 127.0.0.1 - - [05/Feb/2024 11:33:47] "[36mGET /static/css/escortv2.css HTTP/1.1[0m" 304 -
[2024-02-05 11:33:47,023] INFO in _internal: 127.0.0.1 - - [05/Feb/2024 11:33:47] "[36mGET /static/js/escortv2.js HTTP/1.1[0m" 304 -
[2024-02-05 11:33:47,023] INFO in _internal: 127.0.0.1 - - [05/Feb/2024 11:33:47] "[36mGET /static/img/logo.png HTTP/1.1[0m" 304 -
[2024-02-05 11:33:47,055] INFO in _internal: 127.0.0.1 - - [05/Feb/2024 11:33:47] "[36mGET /static/img/4.jpg HTTP/1.1[0m" 304 -
[2024-02-05 11:33:47,057] INFO in _internal: 127.0.0.1 - - [05/Feb/2024 11:33:47] "[36mGET /static/img/1.jpg HTTP/1.1[0m" 304 -
[2024-02-05 11:33:47,057] INFO in _internal: 127.0.0.1 - - [05/Feb/2024 11:33:47] "[36mGET /static/img/2.jpg HTTP/1.1[0m" 304 -
[2024-02-05 11:33:47,058] INFO in _internal: 127.0.0.1 - - [05/Feb/2024 11:33:47] "[36mGET /static/img/3.jpg HTTP/1.1[0m" 304 -
[2024-02-05 11:33:47,069] INFO in _internal: 127.0.0.1 - - [05/Feb/2024 11:33:47] "[36mGET /static/img/19.jpg HTTP/1.1[0m" 304 -
[2024-02-05 11:33:47,070] INFO in _internal: 127.0.0.1 - - [05/Feb/2024 11:33:47] "[36mGET /static/img/20.jpg HTTP/1.1[0m" 304 -
[2024-02-05 11:33:47,086] INFO in _internal: 127.0.0.1 - - [05/Feb/2024 11:33:47] "[36mGET /static/img/21.jpg HTTP/1.1[0m" 304 -
[2024-02-05 11:33:47,088] INFO in _internal: 127.0.0.1 - - [05/Feb/2024 11:33:47] "[36mGET /static/img/22.jpg HTTP/1.1[0m" 304 -
[2024-02-05 11:33:49,118] INFO in _internal: 127.0.0.1 - - [05/Feb/2024 11:33:49] "GET /escortv2 HTTP/1.1" 200 -
[2024-02-05 11:33:49,134] INFO in _internal: 127.0.0.1 - - [05/Feb/2024 11:33:49] "[36mGET /static/css/escortv2.css HTTP/1.1[0m" 304 -
[2024-02-05 11:33:49,136] INFO in _internal: 127.0.0.1 - - [05/Feb/2024 11:33:49] "[36mGET /static/img/logo.png HTTP/1.1[0m" 304 -
[2024-02-05 11:33:49,137] INFO in _internal: 127.0.0.1 - - [05/Feb/2024 11:33:49] "[36mGET /static/js/escortv2.js HTTP/1.1[0m" 304 -
[2024-02-05 11:33:49,178] INFO in _internal: 127.0.0.1 - - [05/Feb/2024 11:33:49] "[36mGET /static/img/2.jpg HTTP/1.1[0m" 304 -
[2024-02-05 11:33:49,178] INFO in _internal: 127.0.0.1 - - [05/Feb/2024 11:33:49] "[36mGET /static/img/3.jpg HTTP/1.1[0m" 304 -
[2024-02-05 11:33:49,179] INFO in _internal: 127.0.0.1 - - [05/Feb/2024 11:33:49] "[36mGET /static/img/1.jpg HTTP/1.1[0m" 304 -
[2024-02-05 11:33:49,180] INFO in _internal: 127.0.0.1 - - [05/Feb/2024 11:33:49] "[36mGET /static/img/4.jpg HTTP/1.1[0m" 304 -
[2024-02-05 11:33:49,182] INFO in _internal: 127.0.0.1 - - [05/Feb/2024 11:33:49] "[36mGET /static/img/19.jpg HTTP/1.1[0m" 304 -
[2024-02-05 11:33:49,186] INFO in _internal: 127.0.0.1 - - [05/Feb/2024 11:33:49] "[36mGET /static/img/20.jpg HTTP/1.1[0m" 304 -
[2024-02-05 11:33:49,199] INFO in _internal: 127.0.0.1 - - [05/Feb/2024 11:33:49] "[36mGET /static/img/21.jpg HTTP/1.1[0m" 304 -
[2024-02-05 11:33:49,200] INFO in _internal: 127.0.0.1 - - [05/Feb/2024 11:33:49] "[36mGET /static/img/22.jpg HTTP/1.1[0m" 304 -
[2024-02-05 11:34:10,321] INFO in _internal: 127.0.0.1 - - [05/Feb/2024 11:34:10] "GET /escortv2 HTTP/1.1" 200 -
[2024-02-05 11:34:10,356] INFO in _internal: 127.0.0.1 - - [05/Feb/2024 11:34:10] "[36mGET /static/css/escortv2.css HTTP/1.1[0m" 304 -
[2024-02-05 11:34:10,356] INFO in _internal: 127.0.0.1 - - [05/Feb/2024 11:34:10] "[36mGET /static/img/logo.png HTTP/1.1[0m" 304 -
[2024-02-05 11:34:10,376] INFO in _internal: 127.0.0.1 - - [05/Feb/2024 11:34:10] "GET /static/js/escortv2.js HTTP/1.1" 200 -
[2024-02-05 11:34:10,396] INFO in _internal: 127.0.0.1 - - [05/Feb/2024 11:34:10] "[36mGET /static/img/1.jpg HTTP/1.1[0m" 304 -
[2024-02-05 11:34:10,396] INFO in _internal: 127.0.0.1 - - [05/Feb/2024 11:34:10] "[36mGET /static/img/2.jpg HTTP/1.1[0m" 304 -
[2024-02-05 11:34:10,397] INFO in _internal: 127.0.0.1 - - [05/Feb/2024 11:34:10] "[36mGET /static/img/3.jpg HTTP/1.1[0m" 304 -
[2024-02-05 11:34:10,399] INFO in _internal: 127.0.0.1 - - [05/Feb/2024 11:34:10] "[36mGET /static/img/4.jpg HTTP/1.1[0m" 304 -
[2024-02-05 11:34:10,410] INFO in _internal: 127.0.0.1 - - [05/Feb/2024 11:34:10] "[36mGET /static/img/20.jpg HTTP/1.1[0m" 304 -
[2024-02-05 11:34:10,411] INFO in _internal: 127.0.0.1 - - [05/Feb/2024 11:34:10] "[36mGET /static/img/19.jpg HTTP/1.1[0m" 304 -
[2024-02-05 11:34:10,422] INFO in _internal: 127.0.0.1 - - [05/Feb/2024 11:34:10] "[36mGET /static/img/21.jpg HTTP/1.1[0m" 304 -
[2024-02-05 11:34:10,426] INFO in _internal: 127.0.0.1 - - [05/Feb/2024 11:34:10] "[36mGET /static/img/22.jpg HTTP/1.1[0m" 304 -
[2024-02-05 11:44:50,062] INFO in _internal: 127.0.0.1 - - [05/Feb/2024 11:44:50] "GET /test HTTP/1.1" 200 -
[2024-02-05 11:44:50,076] INFO in _internal: 127.0.0.1 - - [05/Feb/2024 11:44:50] "[36mGET /static/img/1.jpg HTTP/1.1[0m" 304 -
[2024-02-05 11:44:50,077] INFO in _internal: 127.0.0.1 - - [05/Feb/2024 11:44:50] "[36mGET /static/img/2.jpg HTTP/1.1[0m" 304 -
[2024-02-05 11:44:50,097] INFO in _internal: 127.0.0.1 - - [05/Feb/2024 11:44:50] "[36mGET /static/img/3.jpg HTTP/1.1[0m" 304 -
[2024-02-05 11:44:50,098] INFO in _internal: 127.0.0.1 - - [05/Feb/2024 11:44:50] "[36mGET /static/img/4.jpg HTTP/1.1[0m" 304 -
[2024-02-05 11:44:50,099] INFO in _internal: 127.0.0.1 - - [05/Feb/2024 11:44:50] "[36mGET /static/img/19.jpg HTTP/1.1[0m" 304 -
[2024-02-05 11:44:50,114] INFO in _internal: 127.0.0.1 - - [05/Feb/2024 11:44:50] "GET /static/js/test.js HTTP/1.1" 200 -
[2024-02-05 11:44:50,125] INFO in _internal: 127.0.0.1 - - [05/Feb/2024 11:44:50] "[36mGET /static/img/20.jpg HTTP/1.1[0m" 304 -
[2024-02-05 11:44:50,130] INFO in _internal: 127.0.0.1 - - [05/Feb/2024 11:44:50] "[36mGET /static/img/21.jpg HTTP/1.1[0m" 304 -
[2024-02-05 11:44:50,131] INFO in _internal: 127.0.0.1 - - [05/Feb/2024 11:44:50] "[36mGET /static/img/22.jpg HTTP/1.1[0m" 304 -
[2024-02-05 11:58:16,591] INFO in _internal: 127.0.0.1 - - [05/Feb/2024 11:58:16] "GET / HTTP/1.1" 200 -
[2024-02-05 11:58:16,613] INFO in _internal: 127.0.0.1 - - [05/Feb/2024 11:58:16] "[36mGET /static/css/templatemo-style.css HTTP/1.1[0m" 304 -
[2024-02-05 11:58:16,633] INFO in _internal: 127.0.0.1 - - [05/Feb/2024 11:58:16] "[36mGET /static/css/index.css HTTP/1.1[0m" 304 -
[2024-02-05 11:58:16,642] INFO in _internal: 127.0.0.1 - - [05/Feb/2024 11:58:16] "[36mGET /static/img/logo.png HTTP/1.1[0m" 304 -
[2024-02-05 11:58:16,835] INFO in _internal: 127.0.0.1 - - [05/Feb/2024 11:58:16] "GET /sensing_data HTTP/1.1" 200 -
[2024-02-05 11:58:19,824] INFO in _internal: 127.0.0.1 - - [05/Feb/2024 11:58:19] "GET /escortv2 HTTP/1.1" 200 -
[2024-02-05 11:58:19,875] INFO in _internal: 127.0.0.1 - - [05/Feb/2024 11:58:19] "[36mGET /static/css/escortv2.css HTTP/1.1[0m" 304 -
[2024-02-05 11:58:19,878] INFO in _internal: 127.0.0.1 - - [05/Feb/2024 11:58:19] "[36mGET /static/img/logo.png HTTP/1.1[0m" 304 -
[2024-02-05 11:58:19,882] INFO in _internal: 127.0.0.1 - - [05/Feb/2024 11:58:19] "[36mGET /static/js/escortv2.js HTTP/1.1[0m" 304 -
[2024-02-05 11:58:19,916] INFO in _internal: 127.0.0.1 - - [05/Feb/2024 11:58:19] "[36mGET /static/img/2.jpg HTTP/1.1[0m" 304 -
[2024-02-05 11:58:19,916] INFO in _internal: 127.0.0.1 - - [05/Feb/2024 11:58:19] "[36mGET /static/img/1.jpg HTTP/1.1[0m" 304 -
[2024-02-05 11:58:19,916] INFO in _internal: 127.0.0.1 - - [05/Feb/2024 11:58:19] "[36mGET /static/img/3.jpg HTTP/1.1[0m" 304 -
[2024-02-05 11:58:19,919] INFO in _internal: 127.0.0.1 - - [05/Feb/2024 11:58:19] "[36mGET /static/img/4.jpg HTTP/1.1[0m" 304 -
[2024-02-05 11:58:19,922] INFO in _internal: 127.0.0.1 - - [05/Feb/2024 11:58:19] "[36mGET /static/img/19.jpg HTTP/1.1[0m" 304 -
[2024-02-05 11:58:19,923] INFO in _internal: 127.0.0.1 - - [05/Feb/2024 11:58:19] "[36mGET /static/img/20.jpg HTTP/1.1[0m" 304 -
[2024-02-05 11:58:19,938] INFO in _internal: 127.0.0.1 - - [05/Feb/2024 11:58:19] "[36mGET /static/img/21.jpg HTTP/1.1[0m" 304 -
[2024-02-05 11:58:19,945] INFO in _internal: 127.0.0.1 - - [05/Feb/2024 11:58:19] "[36mGET /static/img/22.jpg HTTP/1.1[0m" 304 -
[2024-02-05 11:58:22,391] INFO in _internal: 127.0.0.1 - - [05/Feb/2024 11:58:22] "[36mGET /static/css/escortv2.css HTTP/1.1[0m" 304 -
[2024-02-05 11:58:34,721] INFO in _internal: 127.0.0.1 - - [05/Feb/2024 11:58:34] "GET /static/img/2.jpg HTTP/1.1" 200 -
[2024-02-05 11:58:44,304] INFO in _internal: 127.0.0.1 - - [05/Feb/2024 11:58:44] "[36mGET /static/img/2.jpg HTTP/1.1[0m" 304 -
[2024-02-05 12:02:35,299] INFO in _internal: 127.0.0.1 - - [05/Feb/2024 12:02:35] "GET /escortv2 HTTP/1.1" 200 -
[2024-02-05 12:02:35,328] INFO in _internal: 127.0.0.1 - - [05/Feb/2024 12:02:35] "[36mGET /static/css/escortv2.css HTTP/1.1[0m" 304 -
[2024-02-05 12:02:35,334] INFO in _internal: 127.0.0.1 - - [05/Feb/2024 12:02:35] "[36mGET /static/img/logo.png HTTP/1.1[0m" 304 -
[2024-02-05 12:02:35,364] INFO in _internal: 127.0.0.1 - - [05/Feb/2024 12:02:35] "GET /static/js/escortv2.js HTTP/1.1" 200 -
[2024-02-05 12:02:35,415] INFO in _internal: 127.0.0.1 - - [05/Feb/2024 12:02:35] "[36mGET /static/img/1.jpg HTTP/1.1[0m" 304 -
[2024-02-05 12:02:35,428] INFO in _internal: 127.0.0.1 - - [05/Feb/2024 12:02:35] "[36mGET /static/img/3.jpg HTTP/1.1[0m" 304 -
[2024-02-05 12:02:35,429] INFO in _internal: 127.0.0.1 - - [05/Feb/2024 12:02:35] "[36mGET /static/img/2.jpg HTTP/1.1[0m" 304 -
[2024-02-05 12:02:35,435] INFO in _internal: 127.0.0.1 - - [05/Feb/2024 12:02:35] "[36mGET /static/img/4.jpg HTTP/1.1[0m" 304 -
[2024-02-05 12:02:35,444] INFO in _internal: 127.0.0.1 - - [05/Feb/2024 12:02:35] "[36mGET /static/img/19.jpg HTTP/1.1[0m" 304 -
[2024-02-05 12:02:35,445] INFO in _internal: 127.0.0.1 - - [05/Feb/2024 12:02:35] "[36mGET /static/img/20.jpg HTTP/1.1[0m" 304 -
[2024-02-05 12:02:35,450] INFO in _internal: 127.0.0.1 - - [05/Feb/2024 12:02:35] "[36mGET /static/img/21.jpg HTTP/1.1[0m" 304 -
[2024-02-05 12:02:35,454] INFO in _internal: 127.0.0.1 - - [05/Feb/2024 12:02:35] "[36mGET /static/img/22.jpg HTTP/1.1[0m" 304 -
[2024-02-05 12:02:50,378] INFO in _internal: 127.0.0.1 - - [05/Feb/2024 12:02:50] "GET /escortv2 HTTP/1.1" 200 -
[2024-02-05 12:02:50,397] INFO in _internal: 127.0.0.1 - - [05/Feb/2024 12:02:50] "[36mGET /static/css/escortv2.css HTTP/1.1[0m" 304 -
[2024-02-05 12:02:50,399] INFO in _internal: 127.0.0.1 - - [05/Feb/2024 12:02:50] "[36mGET /static/js/escortv2.js HTTP/1.1[0m" 304 -
[2024-02-05 12:02:50,400] INFO in _internal: 127.0.0.1 - - [05/Feb/2024 12:02:50] "[36mGET /static/img/logo.png HTTP/1.1[0m" 304 -
[2024-02-05 12:02:50,454] INFO in _internal: 127.0.0.1 - - [05/Feb/2024 12:02:50] "[36mGET /static/img/1.jpg HTTP/1.1[0m" 304 -
[2024-02-05 12:02:50,467] INFO in _internal: 127.0.0.1 - - [05/Feb/2024 12:02:50] "[36mGET /static/img/2.jpg HTTP/1.1[0m" 304 -
[2024-02-05 12:02:50,470] INFO in _internal: 127.0.0.1 - - [05/Feb/2024 12:02:50] "[36mGET /static/img/3.jpg HTTP/1.1[0m" 304 -
[2024-02-05 12:02:50,474] INFO in _internal: 127.0.0.1 - - [05/Feb/2024 12:02:50] "[36mGET /static/img/4.jpg HTTP/1.1[0m" 304 -
[2024-02-05 12:02:50,487] INFO in _internal: 127.0.0.1 - - [05/Feb/2024 12:02:50] "[36mGET /static/img/19.jpg HTTP/1.1[0m" 304 -
[2024-02-05 12:02:50,509] INFO in _internal: 127.0.0.1 - - [05/Feb/2024 12:02:50] "[36mGET /static/img/20.jpg HTTP/1.1[0m" 304 -
[2024-02-05 12:02:50,512] INFO in _internal: 127.0.0.1 - - [05/Feb/2024 12:02:50] "[36mGET /static/img/21.jpg HTTP/1.1[0m" 304 -
[2024-02-05 12:02:50,514] INFO in _internal: 127.0.0.1 - - [05/Feb/2024 12:02:50] "[36mGET /static/img/22.jpg HTTP/1.1[0m" 304 -
[2024-02-05 14:55:20,637] INFO in _internal: 127.0.0.1 - - [05/Feb/2024 14:55:20] "GET /escortv2 HTTP/1.1" 200 -
[2024-02-05 14:55:20,674] INFO in _internal: 127.0.0.1 - - [05/Feb/2024 14:55:20] "[36mGET /static/css/escortv2.css HTTP/1.1[0m" 304 -
[2024-02-05 14:55:20,696] INFO in _internal: 127.0.0.1 - - [05/Feb/2024 14:55:20] "[36mGET /static/img/logo.png HTTP/1.1[0m" 304 -
[2024-02-05 14:55:20,707] INFO in _internal: 127.0.0.1 - - [05/Feb/2024 14:55:20] "GET /static/js/escortv2.js HTTP/1.1" 200 -
[2024-02-05 14:55:20,732] INFO in _internal: 127.0.0.1 - - [05/Feb/2024 14:55:20] "[36mGET /static/img/1.jpg HTTP/1.1[0m" 304 -
[2024-02-05 14:55:20,747] INFO in _internal: 127.0.0.1 - - [05/Feb/2024 14:55:20] "[36mGET /static/img/2.jpg HTTP/1.1[0m" 304 -
[2024-02-05 14:55:20,752] INFO in _internal: 127.0.0.1 - - [05/Feb/2024 14:55:20] "[36mGET /static/img/4.jpg HTTP/1.1[0m" 304 -
[2024-02-05 14:55:20,754] INFO in _internal: 127.0.0.1 - - [05/Feb/2024 14:55:20] "[36mGET /static/img/3.jpg HTTP/1.1[0m" 304 -
[2024-02-05 14:55:20,770] INFO in _internal: 127.0.0.1 - - [05/Feb/2024 14:55:20] "[36mGET /static/img/19.jpg HTTP/1.1[0m" 304 -
[2024-02-05 14:55:20,774] INFO in _internal: 127.0.0.1 - - [05/Feb/2024 14:55:20] "[36mGET /static/img/20.jpg HTTP/1.1[0m" 304 -
[2024-02-05 14:55:20,776] INFO in _internal: 127.0.0.1 - - [05/Feb/2024 14:55:20] "[36mGET /static/img/21.jpg HTTP/1.1[0m" 304 -
[2024-02-05 14:55:20,780] INFO in _internal: 127.0.0.1 - - [05/Feb/2024 14:55:20] "[36mGET /static/img/22.jpg HTTP/1.1[0m" 304 -
[2024-02-05 14:56:21,379] INFO in _internal: 127.0.0.1 - - [05/Feb/2024 14:56:21] "GET /escortv2 HTTP/1.1" 200 -
[2024-02-05 14:56:21,409] INFO in _internal: 127.0.0.1 - - [05/Feb/2024 14:56:21] "[36mGET /static/css/escortv2.css HTTP/1.1[0m" 304 -
[2024-02-05 14:56:21,412] INFO in _internal: 127.0.0.1 - - [05/Feb/2024 14:56:21] "[36mGET /static/img/logo.png HTTP/1.1[0m" 304 -
[2024-02-05 14:56:21,428] INFO in _internal: 127.0.0.1 - - [05/Feb/2024 14:56:21] "GET /static/js/escortv2.js HTTP/1.1" 200 -
[2024-02-05 14:56:21,463] INFO in _internal: 127.0.0.1 - - [05/Feb/2024 14:56:21] "[36mGET /static/img/2.jpg HTTP/1.1[0m" 304 -
[2024-02-05 14:56:21,471] INFO in _internal: 127.0.0.1 - - [05/Feb/2024 14:56:21] "[36mGET /static/img/3.jpg HTTP/1.1[0m" 304 -
[2024-02-05 14:56:21,473] INFO in _internal: 127.0.0.1 - - [05/Feb/2024 14:56:21] "[36mGET /static/img/1.jpg HTTP/1.1[0m" 304 -
[2024-02-05 14:56:21,490] INFO in _internal: 127.0.0.1 - - [05/Feb/2024 14:56:21] "[36mGET /static/img/4.jpg HTTP/1.1[0m" 304 -
[2024-02-05 14:56:21,496] INFO in _internal: 127.0.0.1 - - [05/Feb/2024 14:56:21] "[36mGET /static/img/19.jpg HTTP/1.1[0m" 304 -
[2024-02-05 14:56:21,496] INFO in _internal: 127.0.0.1 - - [05/Feb/2024 14:56:21] "[36mGET /static/img/20.jpg HTTP/1.1[0m" 304 -
[2024-02-05 14:56:21,499] INFO in _internal: 127.0.0.1 - - [05/Feb/2024 14:56:21] "[36mGET /static/img/21.jpg HTTP/1.1[0m" 304 -
[2024-02-05 14:56:21,501] INFO in _internal: 127.0.0.1 - - [05/Feb/2024 14:56:21] "[36mGET /static/img/22.jpg HTTP/1.1[0m" 304 -
[2024-02-05 14:59:54,723] INFO in _internal: 127.0.0.1 - - [05/Feb/2024 14:59:54] "GET /escortv2 HTTP/1.1" 200 -
[2024-02-05 14:59:54,746] INFO in _internal: 127.0.0.1 - - [05/Feb/2024 14:59:54] "[36mGET /static/css/escortv2.css HTTP/1.1[0m" 304 -
[2024-02-05 14:59:54,748] INFO in _internal: 127.0.0.1 - - [05/Feb/2024 14:59:54] "[36mGET /static/img/logo.png HTTP/1.1[0m" 304 -
[2024-02-05 14:59:54,759] INFO in _internal: 127.0.0.1 - - [05/Feb/2024 14:59:54] "GET /static/js/escortv2.js HTTP/1.1" 200 -
[2024-02-05 14:59:54,779] INFO in _internal: 127.0.0.1 - - [05/Feb/2024 14:59:54] "[36mGET /static/img/1.jpg HTTP/1.1[0m" 304 -
[2024-02-05 14:59:54,782] INFO in _internal: 127.0.0.1 - - [05/Feb/2024 14:59:54] "[36mGET /static/img/2.jpg HTTP/1.1[0m" 304 -
[2024-02-05 14:59:54,783] INFO in _internal: 127.0.0.1 - - [05/Feb/2024 14:59:54] "[36mGET /static/img/3.jpg HTTP/1.1[0m" 304 -
[2024-02-05 14:59:54,785] INFO in _internal: 127.0.0.1 - - [05/Feb/2024 14:59:54] "[36mGET /static/img/4.jpg HTTP/1.1[0m" 304 -
[2024-02-05 14:59:54,787] INFO in _internal: 127.0.0.1 - - [05/Feb/2024 14:59:54] "[36mGET /static/img/19.jpg HTTP/1.1[0m" 304 -
[2024-02-05 14:59:54,794] INFO in _internal: 127.0.0.1 - - [05/Feb/2024 14:59:54] "[36mGET /static/img/20.jpg HTTP/1.1[0m" 304 -
[2024-02-05 14:59:54,801] INFO in _internal: 127.0.0.1 - - [05/Feb/2024 14:59:54] "[36mGET /static/img/21.jpg HTTP/1.1[0m" 304 -
[2024-02-05 14:59:54,802] INFO in _internal: 127.0.0.1 - - [05/Feb/2024 14:59:54] "[36mGET /static/img/22.jpg HTTP/1.1[0m" 304 -
[2024-02-05 15:01:18,660] INFO in _internal: 127.0.0.1 - - [05/Feb/2024 15:01:18] "GET /escortv2 HTTP/1.1" 200 -
[2024-02-05 15:01:18,685] INFO in _internal: 127.0.0.1 - - [05/Feb/2024 15:01:18] "[36mGET /static/img/logo.png HTTP/1.1[0m" 304 -
[2024-02-05 15:01:18,685] INFO in _internal: 127.0.0.1 - - [05/Feb/2024 15:01:18] "[36mGET /static/css/escortv2.css HTTP/1.1[0m" 304 -
[2024-02-05 15:01:18,700] INFO in _internal: 127.0.0.1 - - [05/Feb/2024 15:01:18] "GET /static/js/escortv2.js HTTP/1.1" 200 -
[2024-02-05 15:01:18,725] INFO in _internal: 127.0.0.1 - - [05/Feb/2024 15:01:18] "[36mGET /static/img/1.jpg HTTP/1.1[0m" 304 -
[2024-02-05 15:01:18,728] INFO in _internal: 127.0.0.1 - - [05/Feb/2024 15:01:18] "[36mGET /static/img/2.jpg HTTP/1.1[0m" 304 -
[2024-02-05 15:01:18,728] INFO in _internal: 127.0.0.1 - - [05/Feb/2024 15:01:18] "[36mGET /static/img/3.jpg HTTP/1.1[0m" 304 -
[2024-02-05 15:01:18,732] INFO in _internal: 127.0.0.1 - - [05/Feb/2024 15:01:18] "[36mGET /static/img/4.jpg HTTP/1.1[0m" 304 -
[2024-02-05 15:01:18,745] INFO in _internal: 127.0.0.1 - - [05/Feb/2024 15:01:18] "[36mGET /static/img/19.jpg HTTP/1.1[0m" 304 -
[2024-02-05 15:01:18,749] INFO in _internal: 127.0.0.1 - - [05/Feb/2024 15:01:18] "[36mGET /static/img/20.jpg HTTP/1.1[0m" 304 -
[2024-02-05 15:01:18,751] INFO in _internal: 127.0.0.1 - - [05/Feb/2024 15:01:18] "[36mGET /static/img/21.jpg HTTP/1.1[0m" 304 -
[2024-02-05 15:01:18,755] INFO in _internal: 127.0.0.1 - - [05/Feb/2024 15:01:18] "[36mGET /static/img/22.jpg HTTP/1.1[0m" 304 -
[2024-02-05 15:50:14,000] INFO in _internal: 127.0.0.1 - - [05/Feb/2024 15:50:14] "GET /escortv2 HTTP/1.1" 200 -
[2024-02-05 15:50:14,029] INFO in _internal: 127.0.0.1 - - [05/Feb/2024 15:50:14] "[36mGET /static/img/logo.png HTTP/1.1[0m" 304 -
[2024-02-05 15:50:14,039] INFO in _internal: 127.0.0.1 - - [05/Feb/2024 15:50:14] "[36mGET /static/css/escortv2.css HTTP/1.1[0m" 304 -
[2024-02-05 15:50:14,050] INFO in _internal: 127.0.0.1 - - [05/Feb/2024 15:50:14] "GET /static/js/escortv2.js HTTP/1.1" 200 -
[2024-02-05 15:50:14,080] INFO in _internal: 127.0.0.1 - - [05/Feb/2024 15:50:14] "[36mGET /static/img/1.jpg HTTP/1.1[0m" 304 -
[2024-02-05 15:50:14,081] INFO in _internal: 127.0.0.1 - - [05/Feb/2024 15:50:14] "[36mGET /static/img/2.jpg HTTP/1.1[0m" 304 -
[2024-02-05 15:50:14,097] INFO in _internal: 127.0.0.1 - - [05/Feb/2024 15:50:14] "[36mGET /static/img/4.jpg HTTP/1.1[0m" 304 -
[2024-02-05 15:50:14,101] INFO in _internal: 127.0.0.1 - - [05/Feb/2024 15:50:14] "[36mGET /static/img/3.jpg HTTP/1.1[0m" 304 -
[2024-02-05 15:50:14,105] INFO in _internal: 127.0.0.1 - - [05/Feb/2024 15:50:14] "[36mGET /static/img/19.jpg HTTP/1.1[0m" 304 -
[2024-02-05 15:50:14,110] INFO in _internal: 127.0.0.1 - - [05/Feb/2024 15:50:14] "[36mGET /static/img/20.jpg HTTP/1.1[0m" 304 -
[2024-02-05 15:50:14,111] INFO in _internal: 127.0.0.1 - - [05/Feb/2024 15:50:14] "[36mGET /static/img/21.jpg HTTP/1.1[0m" 304 -
[2024-02-05 15:50:14,114] INFO in _internal: 127.0.0.1 - - [05/Feb/2024 15:50:14] "[36mGET /static/img/22.jpg HTTP/1.1[0m" 304 -
[2024-02-05 15:50:42,464] INFO in _internal: 127.0.0.1 - - [05/Feb/2024 15:50:42] "GET /escortv2 HTTP/1.1" 200 -
[2024-02-05 15:50:42,492] INFO in _internal: 127.0.0.1 - - [05/Feb/2024 15:50:42] "[36mGET /static/css/escortv2.css HTTP/1.1[0m" 304 -
[2024-02-05 15:50:42,494] INFO in _internal: 127.0.0.1 - - [05/Feb/2024 15:50:42] "[36mGET /static/js/escortv2.js HTTP/1.1[0m" 304 -
[2024-02-05 15:50:42,496] INFO in _internal: 127.0.0.1 - - [05/Feb/2024 15:50:42] "[36mGET /static/img/logo.png HTTP/1.1[0m" 304 -
[2024-02-05 15:50:42,533] INFO in _internal: 127.0.0.1 - - [05/Feb/2024 15:50:42] "[36mGET /static/img/1.jpg HTTP/1.1[0m" 304 -
[2024-02-05 15:50:42,535] INFO in _internal: 127.0.0.1 - - [05/Feb/2024 15:50:42] "[36mGET /static/img/2.jpg HTTP/1.1[0m" 304 -
[2024-02-05 15:50:42,541] INFO in _internal: 127.0.0.1 - - [05/Feb/2024 15:50:42] "[36mGET /static/img/3.jpg HTTP/1.1[0m" 304 -
[2024-02-05 15:50:42,542] INFO in _internal: 127.0.0.1 - - [05/Feb/2024 15:50:42] "[36mGET /static/img/19.jpg HTTP/1.1[0m" 304 -
[2024-02-05 15:50:42,543] INFO in _internal: 127.0.0.1 - - [05/Feb/2024 15:50:42] "[36mGET /static/img/4.jpg HTTP/1.1[0m" 304 -
[2024-02-05 15:50:42,555] INFO in _internal: 127.0.0.1 - - [05/Feb/2024 15:50:42] "[36mGET /static/img/20.jpg HTTP/1.1[0m" 304 -
[2024-02-05 15:50:42,561] INFO in _internal: 127.0.0.1 - - [05/Feb/2024 15:50:42] "[36mGET /static/img/21.jpg HTTP/1.1[0m" 304 -
[2024-02-05 15:50:42,580] INFO in _internal: 127.0.0.1 - - [05/Feb/2024 15:50:42] "[36mGET /static/img/22.jpg HTTP/1.1[0m" 304 -
[2024-02-05 15:50:59,632] INFO in _internal: 127.0.0.1 - - [05/Feb/2024 15:50:59] "GET /escortv2 HTTP/1.1" 200 -
[2024-02-05 15:50:59,656] INFO in _internal: 127.0.0.1 - - [05/Feb/2024 15:50:59] "[36mGET /static/css/escortv2.css HTTP/1.1[0m" 304 -
[2024-02-05 15:50:59,659] INFO in _internal: 127.0.0.1 - - [05/Feb/2024 15:50:59] "[36mGET /static/img/logo.png HTTP/1.1[0m" 304 -
[2024-02-05 15:50:59,675] INFO in _internal: 127.0.0.1 - - [05/Feb/2024 15:50:59] "GET /static/js/escortv2.js HTTP/1.1" 200 -
[2024-02-05 15:50:59,693] INFO in _internal: 127.0.0.1 - - [05/Feb/2024 15:50:59] "[36mGET /static/img/1.jpg HTTP/1.1[0m" 304 -
[2024-02-05 15:50:59,693] INFO in _internal: 127.0.0.1 - - [05/Feb/2024 15:50:59] "[36mGET /static/img/3.jpg HTTP/1.1[0m" 304 -
[2024-02-05 15:50:59,695] INFO in _internal: 127.0.0.1 - - [05/Feb/2024 15:50:59] "[36mGET /static/img/2.jpg HTTP/1.1[0m" 304 -
[2024-02-05 15:50:59,697] INFO in _internal: 127.0.0.1 - - [05/Feb/2024 15:50:59] "[36mGET /static/img/4.jpg HTTP/1.1[0m" 304 -
[2024-02-05 15:50:59,701] INFO in _internal: 127.0.0.1 - - [05/Feb/2024 15:50:59] "[36mGET /static/img/19.jpg HTTP/1.1[0m" 304 -
[2024-02-05 15:50:59,713] INFO in _internal: 127.0.0.1 - - [05/Feb/2024 15:50:59] "[36mGET /static/img/20.jpg HTTP/1.1[0m" 304 -
[2024-02-05 15:50:59,723] INFO in _internal: 127.0.0.1 - - [05/Feb/2024 15:50:59] "[36mGET /static/img/21.jpg HTTP/1.1[0m" 304 -
[2024-02-05 15:50:59,725] INFO in _internal: 127.0.0.1 - - [05/Feb/2024 15:50:59] "[36mGET /static/img/22.jpg HTTP/1.1[0m" 304 -
[2024-02-05 15:55:59,537] INFO in _internal: 127.0.0.1 - - [05/Feb/2024 15:55:59] "GET /escortv2 HTTP/1.1" 200 -
[2024-02-05 15:55:59,554] INFO in _internal: 127.0.0.1 - - [05/Feb/2024 15:55:59] "[36mGET /static/css/escortv2.css HTTP/1.1[0m" 304 -
[2024-02-05 15:55:59,557] INFO in _internal: 127.0.0.1 - - [05/Feb/2024 15:55:59] "[36mGET /static/img/logo.png HTTP/1.1[0m" 304 -
[2024-02-05 15:55:59,570] INFO in _internal: 127.0.0.1 - - [05/Feb/2024 15:55:59] "GET /static/js/escortv2.js HTTP/1.1" 200 -
[2024-02-05 15:55:59,598] INFO in _internal: 127.0.0.1 - - [05/Feb/2024 15:55:59] "[36mGET /static/img/1.jpg HTTP/1.1[0m" 304 -
[2024-02-05 15:55:59,599] INFO in _internal: 127.0.0.1 - - [05/Feb/2024 15:55:59] "[36mGET /static/img/3.jpg HTTP/1.1[0m" 304 -
[2024-02-05 15:55:59,601] INFO in _internal: 127.0.0.1 - - [05/Feb/2024 15:55:59] "[36mGET /static/img/2.jpg HTTP/1.1[0m" 304 -
[2024-02-05 15:55:59,604] INFO in _internal: 127.0.0.1 - - [05/Feb/2024 15:55:59] "[36mGET /static/img/4.jpg HTTP/1.1[0m" 304 -
[2024-02-05 15:55:59,604] INFO in _internal: 127.0.0.1 - - [05/Feb/2024 15:55:59] "[36mGET /static/img/19.jpg HTTP/1.1[0m" 304 -
[2024-02-05 15:55:59,609] INFO in _internal: 127.0.0.1 - - [05/Feb/2024 15:55:59] "[36mGET /static/img/20.jpg HTTP/1.1[0m" 304 -
[2024-02-05 15:55:59,618] INFO in _internal: 127.0.0.1 - - [05/Feb/2024 15:55:59] "[36mGET /static/img/21.jpg HTTP/1.1[0m" 304 -
[2024-02-05 15:55:59,620] INFO in _internal: 127.0.0.1 - - [05/Feb/2024 15:55:59] "[36mGET /static/img/22.jpg HTTP/1.1[0m" 304 -
[2024-02-05 15:56:40,216] INFO in _internal: 127.0.0.1 - - [05/Feb/2024 15:56:40] "GET /escortv2 HTTP/1.1" 200 -
[2024-02-05 15:56:40,238] INFO in _internal: 127.0.0.1 - - [05/Feb/2024 15:56:40] "[36mGET /static/css/escortv2.css HTTP/1.1[0m" 304 -
[2024-02-05 15:56:40,239] INFO in _internal: 127.0.0.1 - - [05/Feb/2024 15:56:40] "[36mGET /static/img/logo.png HTTP/1.1[0m" 304 -
[2024-02-05 15:56:40,254] INFO in _internal: 127.0.0.1 - - [05/Feb/2024 15:56:40] "GET /static/js/escortv2.js HTTP/1.1" 200 -
[2024-02-05 15:56:40,279] INFO in _internal: 127.0.0.1 - - [05/Feb/2024 15:56:40] "[36mGET /static/img/1.jpg HTTP/1.1[0m" 304 -
[2024-02-05 15:56:40,283] INFO in _internal: 127.0.0.1 - - [05/Feb/2024 15:56:40] "[36mGET /static/img/2.jpg HTTP/1.1[0m" 304 -
[2024-02-05 15:56:40,286] INFO in _internal: 127.0.0.1 - - [05/Feb/2024 15:56:40] "[36mGET /static/img/4.jpg HTTP/1.1[0m" 304 -
[2024-02-05 15:56:40,287] INFO in _internal: 127.0.0.1 - - [05/Feb/2024 15:56:40] "[36mGET /static/img/3.jpg HTTP/1.1[0m" 304 -
[2024-02-05 15:56:40,299] INFO in _internal: 127.0.0.1 - - [05/Feb/2024 15:56:40] "[36mGET /static/img/19.jpg HTTP/1.1[0m" 304 -
[2024-02-05 15:56:40,301] INFO in _internal: 127.0.0.1 - - [05/Feb/2024 15:56:40] "[36mGET /static/img/20.jpg HTTP/1.1[0m" 304 -
[2024-02-05 15:56:40,306] INFO in _internal: 127.0.0.1 - - [05/Feb/2024 15:56:40] "[36mGET /static/img/22.jpg HTTP/1.1[0m" 304 -
[2024-02-05 15:56:40,310] INFO in _internal: 127.0.0.1 - - [05/Feb/2024 15:56:40] "[36mGET /static/img/21.jpg HTTP/1.1[0m" 304 -
[2024-02-05 16:00:20,353] INFO in _internal: 127.0.0.1 - - [05/Feb/2024 16:00:20] "GET /escortv2 HTTP/1.1" 200 -
[2024-02-05 16:00:20,375] INFO in _internal: 127.0.0.1 - - [05/Feb/2024 16:00:20] "[36mGET /static/css/escortv2.css HTTP/1.1[0m" 304 -
[2024-02-05 16:00:20,379] INFO in _internal: 127.0.0.1 - - [05/Feb/2024 16:00:20] "[36mGET /static/img/logo.png HTTP/1.1[0m" 304 -
[2024-02-05 16:00:20,388] INFO in _internal: 127.0.0.1 - - [05/Feb/2024 16:00:20] "GET /static/js/escortv2.js HTTP/1.1" 200 -
[2024-02-05 16:00:20,426] INFO in _internal: 127.0.0.1 - - [05/Feb/2024 16:00:20] "[36mGET /static/img/1.jpg HTTP/1.1[0m" 304 -
[2024-02-05 16:00:20,429] INFO in _internal: 127.0.0.1 - - [05/Feb/2024 16:00:20] "[36mGET /static/img/2.jpg HTTP/1.1[0m" 304 -
[2024-02-05 16:00:20,444] INFO in _internal: 127.0.0.1 - - [05/Feb/2024 16:00:20] "[36mGET /static/img/4.jpg HTTP/1.1[0m" 304 -
[2024-02-05 16:00:20,445] INFO in _internal: 127.0.0.1 - - [05/Feb/2024 16:00:20] "[36mGET /static/img/3.jpg HTTP/1.1[0m" 304 -
[2024-02-05 16:00:20,447] INFO in _internal: 127.0.0.1 - - [05/Feb/2024 16:00:20] "[36mGET /static/img/19.jpg HTTP/1.1[0m" 304 -
[2024-02-05 16:00:20,451] INFO in _internal: 127.0.0.1 - - [05/Feb/2024 16:00:20] "[36mGET /static/img/20.jpg HTTP/1.1[0m" 304 -
[2024-02-05 16:00:20,454] INFO in _internal: 127.0.0.1 - - [05/Feb/2024 16:00:20] "[36mGET /static/img/21.jpg HTTP/1.1[0m" 304 -
[2024-02-05 16:00:20,457] INFO in _internal: 127.0.0.1 - - [05/Feb/2024 16:00:20] "[36mGET /static/img/22.jpg HTTP/1.1[0m" 304 -
[2024-02-05 16:00:49,369] INFO in _internal: 127.0.0.1 - - [05/Feb/2024 16:00:49] "GET /escortv2 HTTP/1.1" 200 -
[2024-02-05 16:00:49,392] INFO in _internal: 127.0.0.1 - - [05/Feb/2024 16:00:49] "[36mGET /static/css/escortv2.css HTTP/1.1[0m" 304 -
[2024-02-05 16:00:49,395] INFO in _internal: 127.0.0.1 - - [05/Feb/2024 16:00:49] "[36mGET /static/img/logo.png HTTP/1.1[0m" 304 -
[2024-02-05 16:00:49,409] INFO in _internal: 127.0.0.1 - - [05/Feb/2024 16:00:49] "GET /static/js/escortv2.js HTTP/1.1" 200 -
[2024-02-05 16:00:49,440] INFO in _internal: 127.0.0.1 - - [05/Feb/2024 16:00:49] "[36mGET /static/img/1.jpg HTTP/1.1[0m" 304 -
[2024-02-05 16:00:49,440] INFO in _internal: 127.0.0.1 - - [05/Feb/2024 16:00:49] "[36mGET /static/img/2.jpg HTTP/1.1[0m" 304 -
[2024-02-05 16:00:49,442] INFO in _internal: 127.0.0.1 - - [05/Feb/2024 16:00:49] "[36mGET /static/img/3.jpg HTTP/1.1[0m" 304 -
[2024-02-05 16:00:49,445] INFO in _internal: 127.0.0.1 - - [05/Feb/2024 16:00:49] "[36mGET /static/img/4.jpg HTTP/1.1[0m" 304 -
[2024-02-05 16:00:49,454] INFO in _internal: 127.0.0.1 - - [05/Feb/2024 16:00:49] "[36mGET /static/img/19.jpg HTTP/1.1[0m" 304 -
[2024-02-05 16:00:49,456] INFO in _internal: 127.0.0.1 - - [05/Feb/2024 16:00:49] "[36mGET /static/img/20.jpg HTTP/1.1[0m" 304 -
[2024-02-05 16:00:49,465] INFO in _internal: 127.0.0.1 - - [05/Feb/2024 16:00:49] "[36mGET /static/img/21.jpg HTTP/1.1[0m" 304 -
[2024-02-05 16:00:49,467] INFO in _internal: 127.0.0.1 - - [05/Feb/2024 16:00:49] "[36mGET /static/img/22.jpg HTTP/1.1[0m" 304 -
[2024-02-05 16:01:23,989] INFO in _internal: 127.0.0.1 - - [05/Feb/2024 16:01:23] "GET /news HTTP/1.1" 200 -
[2024-02-05 16:01:24,020] INFO in _internal: 127.0.0.1 - - [05/Feb/2024 16:01:24] "[36mGET /static/css/news.css HTTP/1.1[0m" 304 -
[2024-02-05 16:01:24,020] INFO in _internal: 127.0.0.1 - - [05/Feb/2024 16:01:24] "[36mGET /static/img/0.png HTTP/1.1[0m" 304 -
[2024-02-05 16:01:24,029] INFO in _internal: 127.0.0.1 - - [05/Feb/2024 16:01:24] "[36mGET /static/img/news1.png HTTP/1.1[0m" 304 -
[2024-02-05 16:01:24,045] INFO in _internal: 127.0.0.1 - - [05/Feb/2024 16:01:24] "[36mGET /static/img/news2.png HTTP/1.1[0m" 304 -
[2024-02-05 16:01:24,054] INFO in _internal: 127.0.0.1 - - [05/Feb/2024 16:01:24] "[36mGET /static/js/news.js HTTP/1.1[0m" 304 -
[2024-02-05 16:01:24,078] INFO in _internal: 127.0.0.1 - - [05/Feb/2024 16:01:24] "[36mGET /static/img/news3.png HTTP/1.1[0m" 304 -
[2024-02-05 16:01:24,109] INFO in _internal: 127.0.0.1 - - [05/Feb/2024 16:01:24] "[36mGET /static/img/news4.png HTTP/1.1[0m" 304 -
[2024-02-05 16:01:24,135] INFO in _internal: 127.0.0.1 - - [05/Feb/2024 16:01:24] "[36mGET /static/img/news5.png HTTP/1.1[0m" 304 -
[2024-02-05 16:01:24,160] INFO in _internal: 127.0.0.1 - - [05/Feb/2024 16:01:24] "[36mGET /static/img/news6.png HTTP/1.1[0m" 304 -
[2024-02-05 16:01:24,162] INFO in _internal: 127.0.0.1 - - [05/Feb/2024 16:01:24] "GET /static/img/news7.png HTTP/1.1" 200 -
[2024-02-05 16:01:24,190] INFO in _internal: 127.0.0.1 - - [05/Feb/2024 16:01:24] "GET /static/img/news8.png HTTP/1.1" 200 -
[2024-02-05 16:01:24,253] INFO in _internal: 127.0.0.1 - - [05/Feb/2024 16:01:24] "GET /static/img/news9.png HTTP/1.1" 200 -
[2024-02-05 16:01:24,303] INFO in _internal: 127.0.0.1 - - [05/Feb/2024 16:01:24] "[36mGET /static/img/donggu.png HTTP/1.1[0m" 304 -
[2024-02-05 16:10:22,896] INFO in _internal: 127.0.0.1 - - [05/Feb/2024 16:10:22] "GET / HTTP/1.1" 200 -
[2024-02-05 16:10:22,936] INFO in _internal: 127.0.0.1 - - [05/Feb/2024 16:10:22] "[36mGET /static/img/logo.png HTTP/1.1[0m" 304 -
[2024-02-05 16:10:22,948] INFO in _internal: 127.0.0.1 - - [05/Feb/2024 16:10:22] "[36mGET /static/css/templatemo-style.css HTTP/1.1[0m" 304 -
[2024-02-05 16:10:22,949] INFO in _internal: 127.0.0.1 - - [05/Feb/2024 16:10:22] "[36mGET /static/css/index.css HTTP/1.1[0m" 304 -
[2024-02-05 16:10:23,243] INFO in _internal: 127.0.0.1 - - [05/Feb/2024 16:10:23] "GET /sensing_data HTTP/1.1" 200 -
[2024-02-05 16:10:27,405] INFO in _internal: 127.0.0.1 - - [05/Feb/2024 16:10:27] "GET /escortv2 HTTP/1.1" 200 -
[2024-02-05 16:10:27,445] INFO in _internal: 127.0.0.1 - - [05/Feb/2024 16:10:27] "[36mGET /static/css/escortv2.css HTTP/1.1[0m" 304 -
[2024-02-05 16:10:27,447] INFO in _internal: 127.0.0.1 - - [05/Feb/2024 16:10:27] "[36mGET /static/img/logo.png HTTP/1.1[0m" 304 -
[2024-02-05 16:10:27,448] INFO in _internal: 127.0.0.1 - - [05/Feb/2024 16:10:27] "[36mGET /static/js/escortv2.js HTTP/1.1[0m" 304 -
[2024-02-05 16:10:27,469] INFO in _internal: 127.0.0.1 - - [05/Feb/2024 16:10:27] "[36mGET /static/img/2.jpg HTTP/1.1[0m" 304 -
[2024-02-05 16:10:27,470] INFO in _internal: 127.0.0.1 - - [05/Feb/2024 16:10:27] "[36mGET /static/img/1.jpg HTTP/1.1[0m" 304 -
[2024-02-05 16:10:27,472] INFO in _internal: 127.0.0.1 - - [05/Feb/2024 16:10:27] "[36mGET /static/img/3.jpg HTTP/1.1[0m" 304 -
[2024-02-05 16:10:27,474] INFO in _internal: 127.0.0.1 - - [05/Feb/2024 16:10:27] "[36mGET /static/img/4.jpg HTTP/1.1[0m" 304 -
[2024-02-05 16:10:27,480] INFO in _internal: 127.0.0.1 - - [05/Feb/2024 16:10:27] "[36mGET /static/img/19.jpg HTTP/1.1[0m" 304 -
[2024-02-05 16:10:27,484] INFO in _internal: 127.0.0.1 - - [05/Feb/2024 16:10:27] "[36mGET /static/img/20.jpg HTTP/1.1[0m" 304 -
[2024-02-05 16:10:27,498] INFO in _internal: 127.0.0.1 - - [05/Feb/2024 16:10:27] "[36mGET /static/img/21.jpg HTTP/1.1[0m" 304 -
[2024-02-05 16:10:27,518] INFO in _internal: 127.0.0.1 - - [05/Feb/2024 16:10:27] "[36mGET /static/img/22.jpg HTTP/1.1[0m" 304 -
[2024-02-05 16:12:01,772] INFO in _internal: 127.0.0.1 - - [05/Feb/2024 16:12:01] "GET /escortv2 HTTP/1.1" 200 -
[2024-02-05 16:12:01,794] INFO in _internal: 127.0.0.1 - - [05/Feb/2024 16:12:01] "[36mGET /static/css/escortv2.css HTTP/1.1[0m" 304 -
[2024-02-05 16:12:01,796] INFO in _internal: 127.0.0.1 - - [05/Feb/2024 16:12:01] "[36mGET /static/img/logo.png HTTP/1.1[0m" 304 -
[2024-02-05 16:12:01,811] INFO in _internal: 127.0.0.1 - - [05/Feb/2024 16:12:01] "GET /static/js/escortv2.js HTTP/1.1" 200 -
[2024-02-05 16:12:01,828] INFO in _internal: 127.0.0.1 - - [05/Feb/2024 16:12:01] "[36mGET /static/img/1.jpg HTTP/1.1[0m" 304 -
[2024-02-05 16:12:01,837] INFO in _internal: 127.0.0.1 - - [05/Feb/2024 16:12:01] "[36mGET /static/img/2.jpg HTTP/1.1[0m" 304 -
[2024-02-05 16:12:01,844] INFO in _internal: 127.0.0.1 - - [05/Feb/2024 16:12:01] "[36mGET /static/img/4.jpg HTTP/1.1[0m" 304 -
[2024-02-05 16:12:01,846] INFO in _internal: 127.0.0.1 - - [05/Feb/2024 16:12:01] "[36mGET /static/img/3.jpg HTTP/1.1[0m" 304 -
[2024-02-05 16:12:01,848] INFO in _internal: 127.0.0.1 - - [05/Feb/2024 16:12:01] "[36mGET /static/img/19.jpg HTTP/1.1[0m" 304 -
[2024-02-05 16:12:01,853] INFO in _internal: 127.0.0.1 - - [05/Feb/2024 16:12:01] "[36mGET /static/img/20.jpg HTTP/1.1[0m" 304 -
[2024-02-05 16:12:01,858] INFO in _internal: 127.0.0.1 - - [05/Feb/2024 16:12:01] "[36mGET /static/img/21.jpg HTTP/1.1[0m" 304 -
[2024-02-05 16:12:01,863] INFO in _internal: 127.0.0.1 - - [05/Feb/2024 16:12:01] "[36mGET /static/img/22.jpg HTTP/1.1[0m" 304 -
[2024-02-05 16:12:06,180] INFO in _internal: 127.0.0.1 - - [05/Feb/2024 16:12:06] "GET /escortv2 HTTP/1.1" 200 -
[2024-02-05 16:12:06,197] INFO in _internal: 127.0.0.1 - - [05/Feb/2024 16:12:06] "[36mGET /static/css/escortv2.css HTTP/1.1[0m" 304 -
[2024-02-05 16:12:06,201] INFO in _internal: 127.0.0.1 - - [05/Feb/2024 16:12:06] "[36mGET /static/img/logo.png HTTP/1.1[0m" 304 -
[2024-02-05 16:12:06,202] INFO in _internal: 127.0.0.1 - - [05/Feb/2024 16:12:06] "[36mGET /static/js/escortv2.js HTTP/1.1[0m" 304 -
[2024-02-05 16:12:06,240] INFO in _internal: 127.0.0.1 - - [05/Feb/2024 16:12:06] "[36mGET /static/img/2.jpg HTTP/1.1[0m" 304 -
[2024-02-05 16:12:06,242] INFO in _internal: 127.0.0.1 - - [05/Feb/2024 16:12:06] "[36mGET /static/img/1.jpg HTTP/1.1[0m" 304 -
[2024-02-05 16:12:06,243] INFO in _internal: 127.0.0.1 - - [05/Feb/2024 16:12:06] "[36mGET /static/img/3.jpg HTTP/1.1[0m" 304 -
[2024-02-05 16:12:06,247] INFO in _internal: 127.0.0.1 - - [05/Feb/2024 16:12:06] "[36mGET /static/img/4.jpg HTTP/1.1[0m" 304 -
[2024-02-05 16:12:06,251] INFO in _internal: 127.0.0.1 - - [05/Feb/2024 16:12:06] "[36mGET /static/img/19.jpg HTTP/1.1[0m" 304 -
[2024-02-05 16:12:06,260] INFO in _internal: 127.0.0.1 - - [05/Feb/2024 16:12:06] "[36mGET /static/img/20.jpg HTTP/1.1[0m" 304 -
[2024-02-05 16:12:06,260] INFO in _internal: 127.0.0.1 - - [05/Feb/2024 16:12:06] "[36mGET /static/img/21.jpg HTTP/1.1[0m" 304 -
[2024-02-05 16:12:06,263] INFO in _internal: 127.0.0.1 - - [05/Feb/2024 16:12:06] "[36mGET /static/img/22.jpg HTTP/1.1[0m" 304 -
[2024-02-05 16:14:34,952] INFO in _internal: 127.0.0.1 - - [05/Feb/2024 16:14:34] "GET /escortv2 HTTP/1.1" 200 -
[2024-02-05 16:14:34,975] INFO in _internal: 127.0.0.1 - - [05/Feb/2024 16:14:34] "[36mGET /static/css/escortv2.css HTTP/1.1[0m" 304 -
[2024-02-05 16:14:34,976] INFO in _internal: 127.0.0.1 - - [05/Feb/2024 16:14:34] "GET /static/js/escortv2.js HTTP/1.1" 200 -
[2024-02-05 16:14:34,976] INFO in _internal: 127.0.0.1 - - [05/Feb/2024 16:14:34] "[36mGET /static/img/logo.png HTTP/1.1[0m" 304 -
[2024-02-05 16:14:35,008] INFO in _internal: 127.0.0.1 - - [05/Feb/2024 16:14:35] "[36mGET /static/img/1.jpg HTTP/1.1[0m" 304 -
[2024-02-05 16:14:35,010] INFO in _internal: 127.0.0.1 - - [05/Feb/2024 16:14:35] "[36mGET /static/img/2.jpg HTTP/1.1[0m" 304 -
[2024-02-05 16:14:35,015] INFO in _internal: 127.0.0.1 - - [05/Feb/2024 16:14:35] "[36mGET /static/img/3.jpg HTTP/1.1[0m" 304 -
[2024-02-05 16:14:35,018] INFO in _internal: 127.0.0.1 - - [05/Feb/2024 16:14:35] "[36mGET /static/img/4.jpg HTTP/1.1[0m" 304 -
[2024-02-05 16:14:35,022] INFO in _internal: 127.0.0.1 - - [05/Feb/2024 16:14:35] "[36mGET /static/img/19.jpg HTTP/1.1[0m" 304 -
[2024-02-05 16:14:35,032] INFO in _internal: 127.0.0.1 - - [05/Feb/2024 16:14:35] "[36mGET /static/img/20.jpg HTTP/1.1[0m" 304 -
[2024-02-05 16:14:35,034] INFO in _internal: 127.0.0.1 - - [05/Feb/2024 16:14:35] "[36mGET /static/img/21.jpg HTTP/1.1[0m" 304 -
[2024-02-05 16:14:35,036] INFO in _internal: 127.0.0.1 - - [05/Feb/2024 16:14:35] "[36mGET /static/img/22.jpg HTTP/1.1[0m" 304 -
[2024-02-05 16:16:13,877] INFO in _internal: 127.0.0.1 - - [05/Feb/2024 16:16:13] "GET /escortv2 HTTP/1.1" 200 -
[2024-02-05 16:16:13,909] INFO in _internal: 127.0.0.1 - - [05/Feb/2024 16:16:13] "[36mGET /static/css/escortv2.css HTTP/1.1[0m" 304 -
[2024-02-05 16:16:13,913] INFO in _internal: 127.0.0.1 - - [05/Feb/2024 16:16:13] "[36mGET /static/img/logo.png HTTP/1.1[0m" 304 -
[2024-02-05 16:16:13,916] INFO in _internal: 127.0.0.1 - - [05/Feb/2024 16:16:13] "GET /static/js/escortv2.js HTTP/1.1" 200 -
[2024-02-05 16:16:13,945] INFO in _internal: 127.0.0.1 - - [05/Feb/2024 16:16:13] "[36mGET /static/img/1.jpg HTTP/1.1[0m" 304 -
[2024-02-05 16:16:13,945] INFO in _internal: 127.0.0.1 - - [05/Feb/2024 16:16:13] "[36mGET /static/img/2.jpg HTTP/1.1[0m" 304 -
[2024-02-05 16:16:13,966] INFO in _internal: 127.0.0.1 - - [05/Feb/2024 16:16:13] "[36mGET /static/img/3.jpg HTTP/1.1[0m" 304 -
[2024-02-05 16:16:13,980] INFO in _internal: 127.0.0.1 - - [05/Feb/2024 16:16:13] "[36mGET /static/img/4.jpg HTTP/1.1[0m" 304 -
[2024-02-05 16:16:13,990] INFO in _internal: 127.0.0.1 - - [05/Feb/2024 16:16:13] "[36mGET /static/img/19.jpg HTTP/1.1[0m" 304 -
[2024-02-05 16:16:13,997] INFO in _internal: 127.0.0.1 - - [05/Feb/2024 16:16:13] "[36mGET /static/img/20.jpg HTTP/1.1[0m" 304 -
[2024-02-05 16:16:14,000] INFO in _internal: 127.0.0.1 - - [05/Feb/2024 16:16:14] "[36mGET /static/img/21.jpg HTTP/1.1[0m" 304 -
[2024-02-05 16:16:14,005] INFO in _internal: 127.0.0.1 - - [05/Feb/2024 16:16:14] "[36mGET /static/img/22.jpg HTTP/1.1[0m" 304 -
[2024-02-05 16:18:46,241] INFO in _internal: 127.0.0.1 - - [05/Feb/2024 16:18:46] "GET /escortv2 HTTP/1.1" 200 -
[2024-02-05 16:18:46,264] INFO in _internal: 127.0.0.1 - - [05/Feb/2024 16:18:46] "[36mGET /static/css/escortv2.css HTTP/1.1[0m" 304 -
[2024-02-05 16:18:46,270] INFO in _internal: 127.0.0.1 - - [05/Feb/2024 16:18:46] "[36mGET /static/img/logo.png HTTP/1.1[0m" 304 -
[2024-02-05 16:18:46,285] INFO in _internal: 127.0.0.1 - - [05/Feb/2024 16:18:46] "GET /static/js/escortv2.js HTTP/1.1" 200 -
[2024-02-05 16:18:46,308] INFO in _internal: 127.0.0.1 - - [05/Feb/2024 16:18:46] "[36mGET /static/img/4.jpg HTTP/1.1[0m" 304 -
[2024-02-05 16:18:46,309] INFO in _internal: 127.0.0.1 - - [05/Feb/2024 16:18:46] "[36mGET /static/img/1.jpg HTTP/1.1[0m" 304 -
[2024-02-05 16:18:46,310] INFO in _internal: 127.0.0.1 - - [05/Feb/2024 16:18:46] "[36mGET /static/img/3.jpg HTTP/1.1[0m" 304 -
[2024-02-05 16:18:46,311] INFO in _internal: 127.0.0.1 - - [05/Feb/2024 16:18:46] "[36mGET /static/img/19.jpg HTTP/1.1[0m" 304 -
[2024-02-05 16:18:46,311] INFO in _internal: 127.0.0.1 - - [05/Feb/2024 16:18:46] "[36mGET /static/img/2.jpg HTTP/1.1[0m" 304 -
[2024-02-05 16:18:46,313] INFO in _internal: 127.0.0.1 - - [05/Feb/2024 16:18:46] "[36mGET /static/img/20.jpg HTTP/1.1[0m" 304 -
[2024-02-05 16:18:46,327] INFO in _internal: 127.0.0.1 - - [05/Feb/2024 16:18:46] "[36mGET /static/img/21.jpg HTTP/1.1[0m" 304 -
[2024-02-05 16:18:46,331] INFO in _internal: 127.0.0.1 - - [05/Feb/2024 16:18:46] "[36mGET /static/img/22.jpg HTTP/1.1[0m" 304 -
[2024-02-05 16:18:52,349] INFO in _internal: 127.0.0.1 - - [05/Feb/2024 16:18:52] "GET /test HTTP/1.1" 200 -
[2024-02-05 16:18:52,374] INFO in _internal: 127.0.0.1 - - [05/Feb/2024 16:18:52] "[36mGET /static/img/1.jpg HTTP/1.1[0m" 304 -
[2024-02-05 16:18:52,376] INFO in _internal: 127.0.0.1 - - [05/Feb/2024 16:18:52] "[36mGET /static/img/2.jpg HTTP/1.1[0m" 304 -
[2024-02-05 16:18:52,399] INFO in _internal: 127.0.0.1 - - [05/Feb/2024 16:18:52] "[36mGET /static/img/4.jpg HTTP/1.1[0m" 304 -
[2024-02-05 16:18:52,401] INFO in _internal: 127.0.0.1 - - [05/Feb/2024 16:18:52] "[36mGET /static/img/3.jpg HTTP/1.1[0m" 304 -
[2024-02-05 16:18:52,402] INFO in _internal: 127.0.0.1 - - [05/Feb/2024 16:18:52] "[36mGET /static/img/19.jpg HTTP/1.1[0m" 304 -
[2024-02-05 16:18:52,407] INFO in _internal: 127.0.0.1 - - [05/Feb/2024 16:18:52] "[36mGET /static/img/20.jpg HTTP/1.1[0m" 304 -
[2024-02-05 16:18:52,414] INFO in _internal: 127.0.0.1 - - [05/Feb/2024 16:18:52] "[36mGET /static/img/21.jpg HTTP/1.1[0m" 304 -
[2024-02-05 16:18:52,417] INFO in _internal: 127.0.0.1 - - [05/Feb/2024 16:18:52] "[36mGET /static/img/22.jpg HTTP/1.1[0m" 304 -
[2024-02-05 16:18:52,422] INFO in _internal: 127.0.0.1 - - [05/Feb/2024 16:18:52] "[36mGET /static/js/test.js HTTP/1.1[0m" 304 -
[2024-02-05 16:19:20,513] INFO in _internal: 127.0.0.1 - - [05/Feb/2024 16:19:20] "[36mGET /static/css/escortv2.css HTTP/1.1[0m" 304 -
[2024-02-05 16:21:30,241] INFO in _internal: 127.0.0.1 - - [05/Feb/2024 16:21:30] "GET /escortv2 HTTP/1.1" 200 -
[2024-02-05 16:21:30,272] INFO in _internal: 127.0.0.1 - - [05/Feb/2024 16:21:30] "[36mGET /static/css/escortv2.css HTTP/1.1[0m" 304 -
[2024-02-05 16:21:30,274] INFO in _internal: 127.0.0.1 - - [05/Feb/2024 16:21:30] "[36mGET /static/img/logo.png HTTP/1.1[0m" 304 -
[2024-02-05 16:21:30,288] INFO in _internal: 127.0.0.1 - - [05/Feb/2024 16:21:30] "GET /static/js/escortv2.js HTTP/1.1" 200 -
[2024-02-05 16:21:30,312] INFO in _internal: 127.0.0.1 - - [05/Feb/2024 16:21:30] "[36mGET /static/img/2.jpg HTTP/1.1[0m" 304 -
[2024-02-05 16:21:30,312] INFO in _internal: 127.0.0.1 - - [05/Feb/2024 16:21:30] "[36mGET /static/img/1.jpg HTTP/1.1[0m" 304 -
[2024-02-05 16:21:30,319] INFO in _internal: 127.0.0.1 - - [05/Feb/2024 16:21:30] "[36mGET /static/img/3.jpg HTTP/1.1[0m" 304 -
[2024-02-05 16:21:30,341] INFO in _internal: 127.0.0.1 - - [05/Feb/2024 16:21:30] "[36mGET /static/img/4.jpg HTTP/1.1[0m" 304 -
[2024-02-05 16:21:30,344] INFO in _internal: 127.0.0.1 - - [05/Feb/2024 16:21:30] "[36mGET /static/img/19.jpg HTTP/1.1[0m" 304 -
[2024-02-05 16:21:30,349] INFO in _internal: 127.0.0.1 - - [05/Feb/2024 16:21:30] "[36mGET /static/img/20.jpg HTTP/1.1[0m" 304 -
[2024-02-05 16:21:30,354] INFO in _internal: 127.0.0.1 - - [05/Feb/2024 16:21:30] "[36mGET /static/img/21.jpg HTTP/1.1[0m" 304 -
[2024-02-05 16:21:30,366] INFO in _internal: 127.0.0.1 - - [05/Feb/2024 16:21:30] "[36mGET /static/img/22.jpg HTTP/1.1[0m" 304 -
[2024-02-05 16:24:39,645] INFO in _internal: 127.0.0.1 - - [05/Feb/2024 16:24:39] "GET /escortv2 HTTP/1.1" 200 -
[2024-02-05 16:24:39,669] INFO in _internal: 127.0.0.1 - - [05/Feb/2024 16:24:39] "[36mGET /static/css/escortv2.css HTTP/1.1[0m" 304 -
[2024-02-05 16:24:39,675] INFO in _internal: 127.0.0.1 - - [05/Feb/2024 16:24:39] "[36mGET /static/img/logo.png HTTP/1.1[0m" 304 -
[2024-02-05 16:24:39,681] INFO in _internal: 127.0.0.1 - - [05/Feb/2024 16:24:39] "GET /static/js/escortv2.js HTTP/1.1" 200 -
[2024-02-05 16:24:39,715] INFO in _internal: 127.0.0.1 - - [05/Feb/2024 16:24:39] "[36mGET /static/img/1.jpg HTTP/1.1[0m" 304 -
[2024-02-05 16:24:39,726] INFO in _internal: 127.0.0.1 - - [05/Feb/2024 16:24:39] "[36mGET /static/img/2.jpg HTTP/1.1[0m" 304 -
[2024-02-05 16:24:39,738] INFO in _internal: 127.0.0.1 - - [05/Feb/2024 16:24:39] "[36mGET /static/img/3.jpg HTTP/1.1[0m" 304 -
[2024-02-05 16:24:39,746] INFO in _internal: 127.0.0.1 - - [05/Feb/2024 16:24:39] "[36mGET /static/img/4.jpg HTTP/1.1[0m" 304 -
[2024-02-05 16:24:39,759] INFO in _internal: 127.0.0.1 - - [05/Feb/2024 16:24:39] "[36mGET /static/img/19.jpg HTTP/1.1[0m" 304 -
[2024-02-05 16:24:39,767] INFO in _internal: 127.0.0.1 - - [05/Feb/2024 16:24:39] "[36mGET /static/img/21.jpg HTTP/1.1[0m" 304 -
[2024-02-05 16:24:39,767] INFO in _internal: 127.0.0.1 - - [05/Feb/2024 16:24:39] "[36mGET /static/img/20.jpg HTTP/1.1[0m" 304 -
[2024-02-05 16:24:39,769] INFO in _internal: 127.0.0.1 - - [05/Feb/2024 16:24:39] "[36mGET /static/img/22.jpg HTTP/1.1[0m" 304 -
[2024-02-05 16:26:58,194] INFO in _internal: 127.0.0.1 - - [05/Feb/2024 16:26:58] "[36mGET /static/img/2.jpg HTTP/1.1[0m" 304 -
[2024-02-05 16:27:08,433] INFO in _internal: 127.0.0.1 - - [05/Feb/2024 16:27:08] "GET /escortv2 HTTP/1.1" 200 -
[2024-02-05 16:27:08,468] INFO in _internal: 127.0.0.1 - - [05/Feb/2024 16:27:08] "[36mGET /static/css/escortv2.css HTTP/1.1[0m" 304 -
[2024-02-05 16:27:08,472] INFO in _internal: 127.0.0.1 - - [05/Feb/2024 16:27:08] "[36mGET /static/img/logo.png HTTP/1.1[0m" 304 -
[2024-02-05 16:27:08,474] INFO in _internal: 127.0.0.1 - - [05/Feb/2024 16:27:08] "[36mGET /static/js/escortv2.js HTTP/1.1[0m" 304 -
[2024-02-05 16:27:08,502] INFO in _internal: 127.0.0.1 - - [05/Feb/2024 16:27:08] "[36mGET /static/img/1.jpg HTTP/1.1[0m" 304 -
[2024-02-05 16:27:08,504] INFO in _internal: 127.0.0.1 - - [05/Feb/2024 16:27:08] "[36mGET /static/img/2.jpg HTTP/1.1[0m" 304 -
[2024-02-05 16:27:08,509] INFO in _internal: 127.0.0.1 - - [05/Feb/2024 16:27:08] "[36mGET /static/img/3.jpg HTTP/1.1[0m" 304 -
[2024-02-05 16:27:08,524] INFO in _internal: 127.0.0.1 - - [05/Feb/2024 16:27:08] "[36mGET /static/img/20.jpg HTTP/1.1[0m" 304 -
[2024-02-05 16:27:08,525] INFO in _internal: 127.0.0.1 - - [05/Feb/2024 16:27:08] "[36mGET /static/img/4.jpg HTTP/1.1[0m" 304 -
[2024-02-05 16:27:08,526] INFO in _internal: 127.0.0.1 - - [05/Feb/2024 16:27:08] "[36mGET /static/img/19.jpg HTTP/1.1[0m" 304 -
[2024-02-05 16:27:08,553] INFO in _internal: 127.0.0.1 - - [05/Feb/2024 16:27:08] "[36mGET /static/img/21.jpg HTTP/1.1[0m" 304 -
[2024-02-05 16:27:08,554] INFO in _internal: 127.0.0.1 - - [05/Feb/2024 16:27:08] "[36mGET /static/img/22.jpg HTTP/1.1[0m" 304 -
[2024-02-05 16:27:33,920] INFO in _internal: 127.0.0.1 - - [05/Feb/2024 16:27:33] "GET /escortv2 HTTP/1.1" 200 -
[2024-02-05 16:27:33,952] INFO in _internal: 127.0.0.1 - - [05/Feb/2024 16:27:33] "[36mGET /static/css/escortv2.css HTTP/1.1[0m" 304 -
[2024-02-05 16:27:33,957] INFO in _internal: 127.0.0.1 - - [05/Feb/2024 16:27:33] "[36mGET /static/img/logo.png HTTP/1.1[0m" 304 -
[2024-02-05 16:27:33,965] INFO in _internal: 127.0.0.1 - - [05/Feb/2024 16:27:33] "[36mGET /static/js/escortv2.js HTTP/1.1[0m" 304 -
[2024-02-05 16:27:34,005] INFO in _internal: 127.0.0.1 - - [05/Feb/2024 16:27:34] "[36mGET /static/img/1.jpg HTTP/1.1[0m" 304 -
[2024-02-05 16:27:34,042] INFO in _internal: 127.0.0.1 - - [05/Feb/2024 16:27:34] "[36mGET /static/img/2.jpg HTTP/1.1[0m" 304 -
[2024-02-05 16:27:34,043] INFO in _internal: 127.0.0.1 - - [05/Feb/2024 16:27:34] "[36mGET /static/img/3.jpg HTTP/1.1[0m" 304 -
[2024-02-05 16:27:34,043] INFO in _internal: 127.0.0.1 - - [05/Feb/2024 16:27:34] "[36mGET /static/img/4.jpg HTTP/1.1[0m" 304 -
[2024-02-05 16:27:34,046] INFO in _internal: 127.0.0.1 - - [05/Feb/2024 16:27:34] "[36mGET /static/img/19.jpg HTTP/1.1[0m" 304 -
[2024-02-05 16:27:34,063] INFO in _internal: 127.0.0.1 - - [05/Feb/2024 16:27:34] "[36mGET /static/img/20.jpg HTTP/1.1[0m" 304 -
[2024-02-05 16:27:34,067] INFO in _internal: 127.0.0.1 - - [05/Feb/2024 16:27:34] "[36mGET /static/img/21.jpg HTTP/1.1[0m" 304 -
[2024-02-05 16:27:34,070] INFO in _internal: 127.0.0.1 - - [05/Feb/2024 16:27:34] "[36mGET /static/img/22.jpg HTTP/1.1[0m" 304 -
[2024-02-05 16:29:35,366] INFO in _internal: 127.0.0.1 - - [05/Feb/2024 16:29:35] "GET /escortv2 HTTP/1.1" 200 -
[2024-02-05 16:29:35,390] INFO in _internal: 127.0.0.1 - - [05/Feb/2024 16:29:35] "[36mGET /static/css/escortv2.css HTTP/1.1[0m" 304 -
[2024-02-05 16:29:35,393] INFO in _internal: 127.0.0.1 - - [05/Feb/2024 16:29:35] "[36mGET /static/img/logo.png HTTP/1.1[0m" 304 -
[2024-02-05 16:29:35,395] INFO in _internal: 127.0.0.1 - - [05/Feb/2024 16:29:35] "GET /static/js/escortv2.js HTTP/1.1" 200 -
[2024-02-05 16:29:35,450] INFO in _internal: 127.0.0.1 - - [05/Feb/2024 16:29:35] "[36mGET /static/img/2.jpg HTTP/1.1[0m" 304 -
[2024-02-05 16:29:35,455] INFO in _internal: 127.0.0.1 - - [05/Feb/2024 16:29:35] "[36mGET /static/img/3.jpg HTTP/1.1[0m" 304 -
[2024-02-05 16:29:35,457] INFO in _internal: 127.0.0.1 - - [05/Feb/2024 16:29:35] "[36mGET /static/img/1.jpg HTTP/1.1[0m" 304 -
[2024-02-05 16:29:35,471] INFO in _internal: 127.0.0.1 - - [05/Feb/2024 16:29:35] "[36mGET /static/img/4.jpg HTTP/1.1[0m" 304 -
[2024-02-05 16:29:35,482] INFO in _internal: 127.0.0.1 - - [05/Feb/2024 16:29:35] "[36mGET /static/img/19.jpg HTTP/1.1[0m" 304 -
[2024-02-05 16:29:35,490] INFO in _internal: 127.0.0.1 - - [05/Feb/2024 16:29:35] "[36mGET /static/img/20.jpg HTTP/1.1[0m" 304 -
[2024-02-05 16:29:35,506] INFO in _internal: 127.0.0.1 - - [05/Feb/2024 16:29:35] "[36mGET /static/img/21.jpg HTTP/1.1[0m" 304 -
[2024-02-05 16:29:35,509] INFO in _internal: 127.0.0.1 - - [05/Feb/2024 16:29:35] "[36mGET /static/img/22.jpg HTTP/1.1[0m" 304 -
[2024-02-05 16:30:29,116] INFO in _internal: 127.0.0.1 - - [05/Feb/2024 16:30:29] "GET /escortv2 HTTP/1.1" 200 -
[2024-02-05 16:30:29,145] INFO in _internal: 127.0.0.1 - - [05/Feb/2024 16:30:29] "[36mGET /static/css/escortv2.css HTTP/1.1[0m" 304 -
[2024-02-05 16:30:29,146] INFO in _internal: 127.0.0.1 - - [05/Feb/2024 16:30:29] "[36mGET /static/img/logo.png HTTP/1.1[0m" 304 -
[2024-02-05 16:30:29,147] INFO in _internal: 127.0.0.1 - - [05/Feb/2024 16:30:29] "[36mGET /static/js/escortv2.js HTTP/1.1[0m" 304 -
[2024-02-05 16:30:29,181] INFO in _internal: 127.0.0.1 - - [05/Feb/2024 16:30:29] "[36mGET /static/img/1.jpg HTTP/1.1[0m" 304 -
[2024-02-05 16:30:29,182] INFO in _internal: 127.0.0.1 - - [05/Feb/2024 16:30:29] "[36mGET /static/img/3.jpg HTTP/1.1[0m" 304 -
[2024-02-05 16:30:29,184] INFO in _internal: 127.0.0.1 - - [05/Feb/2024 16:30:29] "[36mGET /static/img/2.jpg HTTP/1.1[0m" 304 -
[2024-02-05 16:30:29,194] INFO in _internal: 127.0.0.1 - - [05/Feb/2024 16:30:29] "[36mGET /static/img/19.jpg HTTP/1.1[0m" 304 -
[2024-02-05 16:30:29,186] INFO in _internal: 127.0.0.1 - - [05/Feb/2024 16:30:29] "[36mGET /static/img/4.jpg HTTP/1.1[0m" 304 -
[2024-02-05 16:30:29,208] INFO in _internal: 127.0.0.1 - - [05/Feb/2024 16:30:29] "[36mGET /static/img/20.jpg HTTP/1.1[0m" 304 -
[2024-02-05 16:30:29,225] INFO in _internal: 127.0.0.1 - - [05/Feb/2024 16:30:29] "[36mGET /static/img/22.jpg HTTP/1.1[0m" 304 -
[2024-02-05 16:30:29,226] INFO in _internal: 127.0.0.1 - - [05/Feb/2024 16:30:29] "[36mGET /static/img/21.jpg HTTP/1.1[0m" 304 -
[2024-02-05 16:34:44,247] INFO in _internal: 127.0.0.1 - - [05/Feb/2024 16:34:44] "GET /escortv2 HTTP/1.1" 200 -
[2024-02-05 16:34:44,277] INFO in _internal: 127.0.0.1 - - [05/Feb/2024 16:34:44] "[36mGET /static/css/escortv2.css HTTP/1.1[0m" 304 -
[2024-02-05 16:34:44,280] INFO in _internal: 127.0.0.1 - - [05/Feb/2024 16:34:44] "[36mGET /static/img/logo.png HTTP/1.1[0m" 304 -
[2024-02-05 16:34:44,302] INFO in _internal: 127.0.0.1 - - [05/Feb/2024 16:34:44] "GET /static/js/escortv2.js HTTP/1.1" 200 -
[2024-02-05 16:34:44,321] INFO in _internal: 127.0.0.1 - - [05/Feb/2024 16:34:44] "[36mGET /static/img/3.jpg HTTP/1.1[0m" 304 -
[2024-02-05 16:34:44,321] INFO in _internal: 127.0.0.1 - - [05/Feb/2024 16:34:44] "[36mGET /static/img/1.jpg HTTP/1.1[0m" 304 -
[2024-02-05 16:34:44,323] INFO in _internal: 127.0.0.1 - - [05/Feb/2024 16:34:44] "[36mGET /static/img/2.jpg HTTP/1.1[0m" 304 -
[2024-02-05 16:34:44,329] INFO in _internal: 127.0.0.1 - - [05/Feb/2024 16:34:44] "[36mGET /static/img/4.jpg HTTP/1.1[0m" 304 -
[2024-02-05 16:34:44,333] INFO in _internal: 127.0.0.1 - - [05/Feb/2024 16:34:44] "[36mGET /static/img/19.jpg HTTP/1.1[0m" 304 -
[2024-02-05 16:34:44,344] INFO in _internal: 127.0.0.1 - - [05/Feb/2024 16:34:44] "[36mGET /static/img/20.jpg HTTP/1.1[0m" 304 -
[2024-02-05 16:34:44,346] INFO in _internal: 127.0.0.1 - - [05/Feb/2024 16:34:44] "[36mGET /static/img/21.jpg HTTP/1.1[0m" 304 -
[2024-02-05 16:34:44,360] INFO in _internal: 127.0.0.1 - - [05/Feb/2024 16:34:44] "[36mGET /static/img/22.jpg HTTP/1.1[0m" 304 -
[2024-02-05 16:35:05,598] INFO in _internal: 127.0.0.1 - - [05/Feb/2024 16:35:05] "GET /escortv2 HTTP/1.1" 200 -
[2024-02-05 16:35:05,620] INFO in _internal: 127.0.0.1 - - [05/Feb/2024 16:35:05] "[36mGET /static/css/escortv2.css HTTP/1.1[0m" 304 -
[2024-02-05 16:35:05,624] INFO in _internal: 127.0.0.1 - - [05/Feb/2024 16:35:05] "[36mGET /static/img/logo.png HTTP/1.1[0m" 304 -
[2024-02-05 16:35:05,628] INFO in _internal: 127.0.0.1 - - [05/Feb/2024 16:35:05] "[36mGET /static/js/escortv2.js HTTP/1.1[0m" 304 -
[2024-02-05 16:35:05,659] INFO in _internal: 127.0.0.1 - - [05/Feb/2024 16:35:05] "[36mGET /static/img/1.jpg HTTP/1.1[0m" 304 -
[2024-02-05 16:35:05,660] INFO in _internal: 127.0.0.1 - - [05/Feb/2024 16:35:05] "[36mGET /static/img/2.jpg HTTP/1.1[0m" 304 -
[2024-02-05 16:35:05,683] INFO in _internal: 127.0.0.1 - - [05/Feb/2024 16:35:05] "[36mGET /static/img/3.jpg HTTP/1.1[0m" 304 -
[2024-02-05 16:35:05,686] INFO in _internal: 127.0.0.1 - - [05/Feb/2024 16:35:05] "[36mGET /static/img/4.jpg HTTP/1.1[0m" 304 -
[2024-02-05 16:35:05,697] INFO in _internal: 127.0.0.1 - - [05/Feb/2024 16:35:05] "[36mGET /static/img/19.jpg HTTP/1.1[0m" 304 -
[2024-02-05 16:35:05,715] INFO in _internal: 127.0.0.1 - - [05/Feb/2024 16:35:05] "[36mGET /static/img/20.jpg HTTP/1.1[0m" 304 -
[2024-02-05 16:35:05,721] INFO in _internal: 127.0.0.1 - - [05/Feb/2024 16:35:05] "[36mGET /static/img/22.jpg HTTP/1.1[0m" 304 -
[2024-02-05 16:35:05,725] INFO in _internal: 127.0.0.1 - - [05/Feb/2024 16:35:05] "[36mGET /static/img/21.jpg HTTP/1.1[0m" 304 -
[2024-02-05 16:36:22,312] INFO in _internal: 127.0.0.1 - - [05/Feb/2024 16:36:22] "GET /escortv2 HTTP/1.1" 200 -
[2024-02-05 16:36:22,338] INFO in _internal: 127.0.0.1 - - [05/Feb/2024 16:36:22] "[36mGET /static/css/escortv2.css HTTP/1.1[0m" 304 -
[2024-02-05 16:36:22,345] INFO in _internal: 127.0.0.1 - - [05/Feb/2024 16:36:22] "GET /static/js/escortv2.js HTTP/1.1" 200 -
[2024-02-05 16:36:22,346] INFO in _internal: 127.0.0.1 - - [05/Feb/2024 16:36:22] "[36mGET /static/img/logo.png HTTP/1.1[0m" 304 -
[2024-02-05 16:36:22,381] INFO in _internal: 127.0.0.1 - - [05/Feb/2024 16:36:22] "[36mGET /static/img/1.jpg HTTP/1.1[0m" 304 -
[2024-02-05 16:36:22,399] INFO in _internal: 127.0.0.1 - - [05/Feb/2024 16:36:22] "[36mGET /static/img/2.jpg HTTP/1.1[0m" 304 -
[2024-02-05 16:36:22,407] INFO in _internal: 127.0.0.1 - - [05/Feb/2024 16:36:22] "[36mGET /static/img/3.jpg HTTP/1.1[0m" 304 -
[2024-02-05 16:36:22,414] INFO in _internal: 127.0.0.1 - - [05/Feb/2024 16:36:22] "[36mGET /static/img/4.jpg HTTP/1.1[0m" 304 -
[2024-02-05 16:36:22,425] INFO in _internal: 127.0.0.1 - - [05/Feb/2024 16:36:22] "[36mGET /static/img/19.jpg HTTP/1.1[0m" 304 -
[2024-02-05 16:36:22,434] INFO in _internal: 127.0.0.1 - - [05/Feb/2024 16:36:22] "[36mGET /static/img/20.jpg HTTP/1.1[0m" 304 -
[2024-02-05 16:36:22,437] INFO in _internal: 127.0.0.1 - - [05/Feb/2024 16:36:22] "[36mGET /static/img/21.jpg HTTP/1.1[0m" 304 -
[2024-02-05 16:36:22,438] INFO in _internal: 127.0.0.1 - - [05/Feb/2024 16:36:22] "[36mGET /static/img/22.jpg HTTP/1.1[0m" 304 -
[2024-02-05 16:36:37,527] INFO in _internal: 127.0.0.1 - - [05/Feb/2024 16:36:37] "GET /escortv2 HTTP/1.1" 200 -
[2024-02-05 16:36:37,547] INFO in _internal: 127.0.0.1 - - [05/Feb/2024 16:36:37] "[36mGET /static/css/escortv2.css HTTP/1.1[0m" 304 -
[2024-02-05 16:36:37,548] INFO in _internal: 127.0.0.1 - - [05/Feb/2024 16:36:37] "[36mGET /static/img/logo.png HTTP/1.1[0m" 304 -
[2024-02-05 16:36:37,549] INFO in _internal: 127.0.0.1 - - [05/Feb/2024 16:36:37] "[36mGET /static/js/escortv2.js HTTP/1.1[0m" 304 -
[2024-02-05 16:36:37,584] INFO in _internal: 127.0.0.1 - - [05/Feb/2024 16:36:37] "[36mGET /static/img/1.jpg HTTP/1.1[0m" 304 -
[2024-02-05 16:36:37,585] INFO in _internal: 127.0.0.1 - - [05/Feb/2024 16:36:37] "[36mGET /static/img/2.jpg HTTP/1.1[0m" 304 -
[2024-02-05 16:36:37,607] INFO in _internal: 127.0.0.1 - - [05/Feb/2024 16:36:37] "[36mGET /static/img/3.jpg HTTP/1.1[0m" 304 -
[2024-02-05 16:36:37,634] INFO in _internal: 127.0.0.1 - - [05/Feb/2024 16:36:37] "[36mGET /static/img/4.jpg HTTP/1.1[0m" 304 -
[2024-02-05 16:36:37,636] INFO in _internal: 127.0.0.1 - - [05/Feb/2024 16:36:37] "[36mGET /static/img/19.jpg HTTP/1.1[0m" 304 -
[2024-02-05 16:36:37,640] INFO in _internal: 127.0.0.1 - - [05/Feb/2024 16:36:37] "[36mGET /static/img/20.jpg HTTP/1.1[0m" 304 -
[2024-02-05 16:36:37,645] INFO in _internal: 127.0.0.1 - - [05/Feb/2024 16:36:37] "[36mGET /static/img/22.jpg HTTP/1.1[0m" 304 -
[2024-02-05 16:36:37,648] INFO in _internal: 127.0.0.1 - - [05/Feb/2024 16:36:37] "[36mGET /static/img/21.jpg HTTP/1.1[0m" 304 -
[2024-02-05 16:38:35,462] INFO in _internal: 127.0.0.1 - - [05/Feb/2024 16:38:35] "GET /escortv2 HTTP/1.1" 200 -
[2024-02-05 16:38:35,484] INFO in _internal: 127.0.0.1 - - [05/Feb/2024 16:38:35] "[36mGET /static/css/escortv2.css HTTP/1.1[0m" 304 -
[2024-02-05 16:38:35,486] INFO in _internal: 127.0.0.1 - - [05/Feb/2024 16:38:35] "[36mGET /static/img/logo.png HTTP/1.1[0m" 304 -
[2024-02-05 16:38:35,491] INFO in _internal: 127.0.0.1 - - [05/Feb/2024 16:38:35] "GET /static/js/escortv2.js HTTP/1.1" 200 -
[2024-02-05 16:38:35,741] INFO in _internal: 127.0.0.1 - - [05/Feb/2024 16:38:35] "[36mGET /static/img/1.jpg HTTP/1.1[0m" 304 -
[2024-02-05 16:38:35,743] INFO in _internal: 127.0.0.1 - - [05/Feb/2024 16:38:35] "[36mGET /static/img/2.jpg HTTP/1.1[0m" 304 -
[2024-02-05 16:38:35,753] INFO in _internal: 127.0.0.1 - - [05/Feb/2024 16:38:35] "[36mGET /static/img/3.jpg HTTP/1.1[0m" 304 -
[2024-02-05 16:38:35,760] INFO in _internal: 127.0.0.1 - - [05/Feb/2024 16:38:35] "[36mGET /static/img/19.jpg HTTP/1.1[0m" 304 -
[2024-02-05 16:38:35,762] INFO in _internal: 127.0.0.1 - - [05/Feb/2024 16:38:35] "[36mGET /static/img/4.jpg HTTP/1.1[0m" 304 -
[2024-02-05 16:38:35,775] INFO in _internal: 127.0.0.1 - - [05/Feb/2024 16:38:35] "[36mGET /static/img/20.jpg HTTP/1.1[0m" 304 -
[2024-02-05 16:38:35,777] INFO in _internal: 127.0.0.1 - - [05/Feb/2024 16:38:35] "[36mGET /static/img/21.jpg HTTP/1.1[0m" 304 -
[2024-02-05 16:38:35,780] INFO in _internal: 127.0.0.1 - - [05/Feb/2024 16:38:35] "[36mGET /static/img/22.jpg HTTP/1.1[0m" 304 -
[2024-02-05 16:39:23,052] INFO in _internal: 127.0.0.1 - - [05/Feb/2024 16:39:23] "GET /escortv2 HTTP/1.1" 200 -
[2024-02-05 16:39:23,075] INFO in _internal: 127.0.0.1 - - [05/Feb/2024 16:39:23] "[36mGET /static/css/escortv2.css HTTP/1.1[0m" 304 -
[2024-02-05 16:39:23,078] INFO in _internal: 127.0.0.1 - - [05/Feb/2024 16:39:23] "[36mGET /static/img/logo.png HTTP/1.1[0m" 304 -
[2024-02-05 16:39:23,106] INFO in _internal: 127.0.0.1 - - [05/Feb/2024 16:39:23] "GET /static/js/escortv2.js HTTP/1.1" 200 -
[2024-02-05 16:39:23,137] INFO in _internal: 127.0.0.1 - - [05/Feb/2024 16:39:23] "[36mGET /static/img/1.jpg HTTP/1.1[0m" 304 -
[2024-02-05 16:39:23,178] INFO in _internal: 127.0.0.1 - - [05/Feb/2024 16:39:23] "[36mGET /static/img/2.jpg HTTP/1.1[0m" 304 -
[2024-02-05 16:39:23,189] INFO in _internal: 127.0.0.1 - - [05/Feb/2024 16:39:23] "[36mGET /static/img/3.jpg HTTP/1.1[0m" 304 -
[2024-02-05 16:39:23,194] INFO in _internal: 127.0.0.1 - - [05/Feb/2024 16:39:23] "[36mGET /static/img/4.jpg HTTP/1.1[0m" 304 -
[2024-02-05 16:39:23,197] INFO in _internal: 127.0.0.1 - - [05/Feb/2024 16:39:23] "[36mGET /static/img/19.jpg HTTP/1.1[0m" 304 -
[2024-02-05 16:39:23,206] INFO in _internal: 127.0.0.1 - - [05/Feb/2024 16:39:23] "[36mGET /static/img/21.jpg HTTP/1.1[0m" 304 -
[2024-02-05 16:39:23,209] INFO in _internal: 127.0.0.1 - - [05/Feb/2024 16:39:23] "[36mGET /static/img/20.jpg HTTP/1.1[0m" 304 -
[2024-02-05 16:39:23,214] INFO in _internal: 127.0.0.1 - - [05/Feb/2024 16:39:23] "[36mGET /static/img/22.jpg HTTP/1.1[0m" 304 -
[2024-02-05 16:41:12,079] INFO in _internal: 127.0.0.1 - - [05/Feb/2024 16:41:12] "GET /escortv2 HTTP/1.1" 200 -
[2024-02-05 16:41:12,106] INFO in _internal: 127.0.0.1 - - [05/Feb/2024 16:41:12] "[36mGET /static/css/escortv2.css HTTP/1.1[0m" 304 -
[2024-02-05 16:41:12,107] INFO in _internal: 127.0.0.1 - - [05/Feb/2024 16:41:12] "[36mGET /static/img/logo.png HTTP/1.1[0m" 304 -
[2024-02-05 16:41:12,136] INFO in _internal: 127.0.0.1 - - [05/Feb/2024 16:41:12] "GET /static/js/escortv2.js HTTP/1.1" 200 -
[2024-02-05 16:41:12,199] INFO in _internal: 127.0.0.1 - - [05/Feb/2024 16:41:12] "[36mGET /static/img/1.jpg HTTP/1.1[0m" 304 -
[2024-02-05 16:41:12,202] INFO in _internal: 127.0.0.1 - - [05/Feb/2024 16:41:12] "[36mGET /static/img/2.jpg HTTP/1.1[0m" 304 -
[2024-02-05 16:41:12,207] INFO in _internal: 127.0.0.1 - - [05/Feb/2024 16:41:12] "[36mGET /static/img/3.jpg HTTP/1.1[0m" 304 -
[2024-02-05 16:41:12,215] INFO in _internal: 127.0.0.1 - - [05/Feb/2024 16:41:12] "[36mGET /static/img/4.jpg HTTP/1.1[0m" 304 -
[2024-02-05 16:41:12,217] INFO in _internal: 127.0.0.1 - - [05/Feb/2024 16:41:12] "[36mGET /static/img/19.jpg HTTP/1.1[0m" 304 -
[2024-02-05 16:41:12,230] INFO in _internal: 127.0.0.1 - - [05/Feb/2024 16:41:12] "[36mGET /static/img/20.jpg HTTP/1.1[0m" 304 -
[2024-02-05 16:41:12,232] INFO in _internal: 127.0.0.1 - - [05/Feb/2024 16:41:12] "[36mGET /static/img/21.jpg HTTP/1.1[0m" 304 -
[2024-02-05 16:41:12,238] INFO in _internal: 127.0.0.1 - - [05/Feb/2024 16:41:12] "[36mGET /static/img/22.jpg HTTP/1.1[0m" 304 -
[2024-02-05 16:46:38,602] INFO in _internal: 127.0.0.1 - - [05/Feb/2024 16:46:38] "GET /escortv2 HTTP/1.1" 200 -
[2024-02-05 16:46:38,627] INFO in _internal: 127.0.0.1 - - [05/Feb/2024 16:46:38] "[36mGET /static/img/logo.png HTTP/1.1[0m" 304 -
[2024-02-05 16:46:38,628] INFO in _internal: 127.0.0.1 - - [05/Feb/2024 16:46:38] "[36mGET /static/css/escortv2.css HTTP/1.1[0m" 304 -
[2024-02-05 16:46:38,659] INFO in _internal: 127.0.0.1 - - [05/Feb/2024 16:46:38] "GET /static/js/escortv2.js HTTP/1.1" 200 -
[2024-02-05 16:46:38,680] INFO in _internal: 127.0.0.1 - - [05/Feb/2024 16:46:38] "[36mGET /static/img/1.jpg HTTP/1.1[0m" 304 -
[2024-02-05 16:46:38,684] INFO in _internal: 127.0.0.1 - - [05/Feb/2024 16:46:38] "[36mGET /static/img/2.jpg HTTP/1.1[0m" 304 -
[2024-02-05 16:46:38,706] INFO in _internal: 127.0.0.1 - - [05/Feb/2024 16:46:38] "[36mGET /static/img/3.jpg HTTP/1.1[0m" 304 -
[2024-02-05 16:46:38,707] INFO in _internal: 127.0.0.1 - - [05/Feb/2024 16:46:38] "[36mGET /static/img/4.jpg HTTP/1.1[0m" 304 -
[2024-02-05 16:46:38,711] INFO in _internal: 127.0.0.1 - - [05/Feb/2024 16:46:38] "[36mGET /static/img/19.jpg HTTP/1.1[0m" 304 -
[2024-02-05 16:46:38,715] INFO in _internal: 127.0.0.1 - - [05/Feb/2024 16:46:38] "[36mGET /static/img/20.jpg HTTP/1.1[0m" 304 -
[2024-02-05 16:46:38,717] INFO in _internal: 127.0.0.1 - - [05/Feb/2024 16:46:38] "[36mGET /static/img/22.jpg HTTP/1.1[0m" 304 -
[2024-02-05 16:46:38,725] INFO in _internal: 127.0.0.1 - - [05/Feb/2024 16:46:38] "[36mGET /static/img/21.jpg HTTP/1.1[0m" 304 -
[2024-02-05 16:48:01,248] INFO in _internal: 127.0.0.1 - - [05/Feb/2024 16:48:01] "GET /escortv2 HTTP/1.1" 200 -
[2024-02-05 16:48:01,269] INFO in _internal: 127.0.0.1 - - [05/Feb/2024 16:48:01] "[36mGET /static/css/escortv2.css HTTP/1.1[0m" 304 -
[2024-02-05 16:48:01,272] INFO in _internal: 127.0.0.1 - - [05/Feb/2024 16:48:01] "[36mGET /static/img/logo.png HTTP/1.1[0m" 304 -
[2024-02-05 16:48:01,292] INFO in _internal: 127.0.0.1 - - [05/Feb/2024 16:48:01] "GET /static/js/escortv2.js HTTP/1.1" 200 -
[2024-02-05 16:48:07,275] INFO in _internal: 127.0.0.1 - - [05/Feb/2024 16:48:07] "GET /escortv2 HTTP/1.1" 200 -
[2024-02-05 16:48:07,292] INFO in _internal: 127.0.0.1 - - [05/Feb/2024 16:48:07] "[36mGET /static/css/escortv2.css HTTP/1.1[0m" 304 -
[2024-02-05 16:48:07,292] INFO in _internal: 127.0.0.1 - - [05/Feb/2024 16:48:07] "[36mGET /static/img/logo.png HTTP/1.1[0m" 304 -
[2024-02-05 16:48:07,294] INFO in _internal: 127.0.0.1 - - [05/Feb/2024 16:48:07] "[36mGET /static/js/escortv2.js HTTP/1.1[0m" 304 -
[2024-02-05 16:48:18,300] INFO in _internal: 127.0.0.1 - - [05/Feb/2024 16:48:18] "GET /escortv2 HTTP/1.1" 200 -
[2024-02-05 16:48:18,317] INFO in _internal: 127.0.0.1 - - [05/Feb/2024 16:48:18] "[36mGET /static/css/escortv2.css HTTP/1.1[0m" 304 -
[2024-02-05 16:48:18,319] INFO in _internal: 127.0.0.1 - - [05/Feb/2024 16:48:18] "[36mGET /static/img/logo.png HTTP/1.1[0m" 304 -
[2024-02-05 16:48:18,335] INFO in _internal: 127.0.0.1 - - [05/Feb/2024 16:48:18] "GET /static/js/escortv2.js HTTP/1.1" 200 -
[2024-02-05 16:48:18,352] INFO in _internal: 127.0.0.1 - - [05/Feb/2024 16:48:18] "[36mGET /static/img/1.jpg HTTP/1.1[0m" 304 -
[2024-02-05 16:48:18,355] INFO in _internal: 127.0.0.1 - - [05/Feb/2024 16:48:18] "[36mGET /static/img/2.jpg HTTP/1.1[0m" 304 -
[2024-02-05 16:48:18,357] INFO in _internal: 127.0.0.1 - - [05/Feb/2024 16:48:18] "[36mGET /static/img/3.jpg HTTP/1.1[0m" 304 -
[2024-02-05 16:48:18,363] INFO in _internal: 127.0.0.1 - - [05/Feb/2024 16:48:18] "[36mGET /static/img/4.jpg HTTP/1.1[0m" 304 -
[2024-02-05 16:48:18,368] INFO in _internal: 127.0.0.1 - - [05/Feb/2024 16:48:18] "[36mGET /static/img/19.jpg HTTP/1.1[0m" 304 -
[2024-02-05 16:48:18,369] INFO in _internal: 127.0.0.1 - - [05/Feb/2024 16:48:18] "[36mGET /static/img/20.jpg HTTP/1.1[0m" 304 -
[2024-02-05 16:48:18,371] INFO in _internal: 127.0.0.1 - - [05/Feb/2024 16:48:18] "[36mGET /static/img/21.jpg HTTP/1.1[0m" 304 -
[2024-02-05 16:48:18,374] INFO in _internal: 127.0.0.1 - - [05/Feb/2024 16:48:18] "[36mGET /static/img/22.jpg HTTP/1.1[0m" 304 -
[2024-02-05 16:51:20,935] INFO in _internal: 127.0.0.1 - - [05/Feb/2024 16:51:20] "GET /escortv2 HTTP/1.1" 200 -
[2024-02-05 16:51:20,955] INFO in _internal: 127.0.0.1 - - [05/Feb/2024 16:51:20] "[36mGET /static/css/escortv2.css HTTP/1.1[0m" 304 -
[2024-02-05 16:51:20,957] INFO in _internal: 127.0.0.1 - - [05/Feb/2024 16:51:20] "[36mGET /static/img/logo.png HTTP/1.1[0m" 304 -
[2024-02-05 16:51:20,964] INFO in _internal: 127.0.0.1 - - [05/Feb/2024 16:51:20] "GET /static/js/escortv2.js HTTP/1.1" 200 -
[2024-02-05 16:51:20,995] INFO in _internal: 127.0.0.1 - - [05/Feb/2024 16:51:20] "[36mGET /static/img/1.jpg HTTP/1.1[0m" 304 -
[2024-02-05 16:51:20,997] INFO in _internal: 127.0.0.1 - - [05/Feb/2024 16:51:20] "[36mGET /static/img/2.jpg HTTP/1.1[0m" 304 -
[2024-02-05 16:51:20,998] INFO in _internal: 127.0.0.1 - - [05/Feb/2024 16:51:20] "[36mGET /static/img/3.jpg HTTP/1.1[0m" 304 -
[2024-02-05 16:51:21,004] INFO in _internal: 127.0.0.1 - - [05/Feb/2024 16:51:21] "[36mGET /static/img/4.jpg HTTP/1.1[0m" 304 -
[2024-02-05 16:51:21,017] INFO in _internal: 127.0.0.1 - - [05/Feb/2024 16:51:21] "[36mGET /static/img/19.jpg HTTP/1.1[0m" 304 -
[2024-02-05 16:51:21,022] INFO in _internal: 127.0.0.1 - - [05/Feb/2024 16:51:21] "[36mGET /static/img/20.jpg HTTP/1.1[0m" 304 -
[2024-02-05 16:51:21,026] INFO in _internal: 127.0.0.1 - - [05/Feb/2024 16:51:21] "[36mGET /static/img/21.jpg HTTP/1.1[0m" 304 -
[2024-02-05 16:51:21,028] INFO in _internal: 127.0.0.1 - - [05/Feb/2024 16:51:21] "[36mGET /static/img/22.jpg HTTP/1.1[0m" 304 -
[2024-02-05 16:52:09,495] INFO in _internal: 127.0.0.1 - - [05/Feb/2024 16:52:09] "GET /escortv2 HTTP/1.1" 200 -
[2024-02-05 16:52:09,528] INFO in _internal: 127.0.0.1 - - [05/Feb/2024 16:52:09] "[36mGET /static/css/escortv2.css HTTP/1.1[0m" 304 -
[2024-02-05 16:52:09,530] INFO in _internal: 127.0.0.1 - - [05/Feb/2024 16:52:09] "[36mGET /static/img/logo.png HTTP/1.1[0m" 304 -
[2024-02-05 16:52:09,557] INFO in _internal: 127.0.0.1 - - [05/Feb/2024 16:52:09] "GET /static/js/escortv2.js HTTP/1.1" 200 -
[2024-02-05 16:52:09,572] INFO in _internal: 127.0.0.1 - - [05/Feb/2024 16:52:09] "[36mGET /static/img/1.jpg HTTP/1.1[0m" 304 -
[2024-02-05 16:52:09,573] INFO in _internal: 127.0.0.1 - - [05/Feb/2024 16:52:09] "[36mGET /static/img/2.jpg HTTP/1.1[0m" 304 -
[2024-02-05 16:52:09,576] INFO in _internal: 127.0.0.1 - - [05/Feb/2024 16:52:09] "[36mGET /static/img/3.jpg HTTP/1.1[0m" 304 -
[2024-02-05 16:52:09,582] INFO in _internal: 127.0.0.1 - - [05/Feb/2024 16:52:09] "[36mGET /static/img/4.jpg HTTP/1.1[0m" 304 -
[2024-02-05 16:52:09,590] INFO in _internal: 127.0.0.1 - - [05/Feb/2024 16:52:09] "[36mGET /static/img/19.jpg HTTP/1.1[0m" 304 -
[2024-02-05 16:52:09,595] INFO in _internal: 127.0.0.1 - - [05/Feb/2024 16:52:09] "[36mGET /static/img/20.jpg HTTP/1.1[0m" 304 -
[2024-02-05 16:52:09,597] INFO in _internal: 127.0.0.1 - - [05/Feb/2024 16:52:09] "[36mGET /static/img/21.jpg HTTP/1.1[0m" 304 -
[2024-02-05 16:52:09,605] INFO in _internal: 127.0.0.1 - - [05/Feb/2024 16:52:09] "[36mGET /static/img/22.jpg HTTP/1.1[0m" 304 -
[2024-02-05 16:54:26,444] INFO in _internal: 127.0.0.1 - - [05/Feb/2024 16:54:26] "GET /escortv2 HTTP/1.1" 200 -
[2024-02-05 16:54:26,469] INFO in _internal: 127.0.0.1 - - [05/Feb/2024 16:54:26] "[36mGET /static/css/escortv2.css HTTP/1.1[0m" 304 -
[2024-02-05 16:54:26,472] INFO in _internal: 127.0.0.1 - - [05/Feb/2024 16:54:26] "[36mGET /static/img/logo.png HTTP/1.1[0m" 304 -
[2024-02-05 16:54:26,494] INFO in _internal: 127.0.0.1 - - [05/Feb/2024 16:54:26] "GET /static/js/escortv2.js HTTP/1.1" 200 -
[2024-02-05 16:54:26,514] INFO in _internal: 127.0.0.1 - - [05/Feb/2024 16:54:26] "[36mGET /static/img/1.jpg HTTP/1.1[0m" 304 -
[2024-02-05 16:54:26,515] INFO in _internal: 127.0.0.1 - - [05/Feb/2024 16:54:26] "[36mGET /static/img/4.jpg HTTP/1.1[0m" 304 -
[2024-02-05 16:54:26,516] INFO in _internal: 127.0.0.1 - - [05/Feb/2024 16:54:26] "[36mGET /static/img/3.jpg HTTP/1.1[0m" 304 -
[2024-02-05 16:54:26,517] INFO in _internal: 127.0.0.1 - - [05/Feb/2024 16:54:26] "[36mGET /static/img/2.jpg HTTP/1.1[0m" 304 -
[2024-02-05 16:54:26,518] INFO in _internal: 127.0.0.1 - - [05/Feb/2024 16:54:26] "[36mGET /static/img/19.jpg HTTP/1.1[0m" 304 -
[2024-02-05 16:54:26,520] INFO in _internal: 127.0.0.1 - - [05/Feb/2024 16:54:26] "[36mGET /static/img/20.jpg HTTP/1.1[0m" 304 -
[2024-02-05 16:54:26,537] INFO in _internal: 127.0.0.1 - - [05/Feb/2024 16:54:26] "[36mGET /static/img/21.jpg HTTP/1.1[0m" 304 -
[2024-02-05 16:54:26,541] INFO in _internal: 127.0.0.1 - - [05/Feb/2024 16:54:26] "[36mGET /static/img/22.jpg HTTP/1.1[0m" 304 -
[2024-02-05 16:57:00,102] INFO in _internal: 127.0.0.1 - - [05/Feb/2024 16:57:00] "GET /escortv2 HTTP/1.1" 200 -
[2024-02-05 16:57:00,126] INFO in _internal: 127.0.0.1 - - [05/Feb/2024 16:57:00] "[36mGET /static/css/escortv2.css HTTP/1.1[0m" 304 -
[2024-02-05 16:57:00,128] INFO in _internal: 127.0.0.1 - - [05/Feb/2024 16:57:00] "[36mGET /static/img/logo.png HTTP/1.1[0m" 304 -
[2024-02-05 16:57:00,150] INFO in _internal: 127.0.0.1 - - [05/Feb/2024 16:57:00] "GET /static/js/escortv2.js HTTP/1.1" 200 -
[2024-02-05 16:57:00,172] INFO in _internal: 127.0.0.1 - - [05/Feb/2024 16:57:00] "[36mGET /static/img/1.jpg HTTP/1.1[0m" 304 -
[2024-02-05 16:57:00,176] INFO in _internal: 127.0.0.1 - - [05/Feb/2024 16:57:00] "[36mGET /static/img/2.jpg HTTP/1.1[0m" 304 -
[2024-02-05 16:57:00,179] INFO in _internal: 127.0.0.1 - - [05/Feb/2024 16:57:00] "[36mGET /static/img/3.jpg HTTP/1.1[0m" 304 -
[2024-02-05 16:57:00,182] INFO in _internal: 127.0.0.1 - - [05/Feb/2024 16:57:00] "[36mGET /static/img/4.jpg HTTP/1.1[0m" 304 -
[2024-02-05 16:57:00,186] INFO in _internal: 127.0.0.1 - - [05/Feb/2024 16:57:00] "[36mGET /static/img/19.jpg HTTP/1.1[0m" 304 -
[2024-02-05 16:57:00,194] INFO in _internal: 127.0.0.1 - - [05/Feb/2024 16:57:00] "[36mGET /static/img/20.jpg HTTP/1.1[0m" 304 -
[2024-02-05 16:57:00,200] INFO in _internal: 127.0.0.1 - - [05/Feb/2024 16:57:00] "[36mGET /static/img/21.jpg HTTP/1.1[0m" 304 -
[2024-02-05 16:57:00,202] INFO in _internal: 127.0.0.1 - - [05/Feb/2024 16:57:00] "[36mGET /static/img/22.jpg HTTP/1.1[0m" 304 -
[2024-02-05 16:58:37,715] INFO in _internal: 127.0.0.1 - - [05/Feb/2024 16:58:37] "GET /escortv2 HTTP/1.1" 200 -
[2024-02-05 16:58:37,739] INFO in _internal: 127.0.0.1 - - [05/Feb/2024 16:58:37] "[36mGET /static/css/escortv2.css HTTP/1.1[0m" 304 -
[2024-02-05 16:58:37,742] INFO in _internal: 127.0.0.1 - - [05/Feb/2024 16:58:37] "GET /static/js/escortv2.js HTTP/1.1" 200 -
[2024-02-05 16:58:37,744] INFO in _internal: 127.0.0.1 - - [05/Feb/2024 16:58:37] "[36mGET /static/img/logo.png HTTP/1.1[0m" 304 -
[2024-02-05 16:58:37,782] INFO in _internal: 127.0.0.1 - - [05/Feb/2024 16:58:37] "[36mGET /static/img/1.jpg HTTP/1.1[0m" 304 -
[2024-02-05 16:58:37,782] INFO in _internal: 127.0.0.1 - - [05/Feb/2024 16:58:37] "[36mGET /static/img/3.jpg HTTP/1.1[0m" 304 -
[2024-02-05 16:58:37,783] INFO in _internal: 127.0.0.1 - - [05/Feb/2024 16:58:37] "[36mGET /static/img/2.jpg HTTP/1.1[0m" 304 -
[2024-02-05 16:58:37,785] INFO in _internal: 127.0.0.1 - - [05/Feb/2024 16:58:37] "[36mGET /static/img/4.jpg HTTP/1.1[0m" 304 -
[2024-02-05 16:58:37,793] INFO in _internal: 127.0.0.1 - - [05/Feb/2024 16:58:37] "[36mGET /static/img/19.jpg HTTP/1.1[0m" 304 -
[2024-02-05 16:58:37,799] INFO in _internal: 127.0.0.1 - - [05/Feb/2024 16:58:37] "[36mGET /static/img/20.jpg HTTP/1.1[0m" 304 -
[2024-02-05 16:58:37,804] INFO in _internal: 127.0.0.1 - - [05/Feb/2024 16:58:37] "[36mGET /static/img/21.jpg HTTP/1.1[0m" 304 -
[2024-02-05 16:58:37,806] INFO in _internal: 127.0.0.1 - - [05/Feb/2024 16:58:37] "[36mGET /static/img/22.jpg HTTP/1.1[0m" 304 -
[2024-02-05 17:01:11,103] INFO in _internal: 127.0.0.1 - - [05/Feb/2024 17:01:11] "GET /escortv2 HTTP/1.1" 200 -
[2024-02-05 17:01:11,125] INFO in _internal: 127.0.0.1 - - [05/Feb/2024 17:01:11] "[36mGET /static/css/escortv2.css HTTP/1.1[0m" 304 -
[2024-02-05 17:01:11,126] INFO in _internal: 127.0.0.1 - - [05/Feb/2024 17:01:11] "[36mGET /static/img/logo.png HTTP/1.1[0m" 304 -
[2024-02-05 17:01:11,155] INFO in _internal: 127.0.0.1 - - [05/Feb/2024 17:01:11] "GET /static/js/escortv2.js HTTP/1.1" 200 -
[2024-02-05 17:01:11,182] INFO in _internal: 127.0.0.1 - - [05/Feb/2024 17:01:11] "[36mGET /static/img/1.jpg HTTP/1.1[0m" 304 -
[2024-02-05 17:01:11,187] INFO in _internal: 127.0.0.1 - - [05/Feb/2024 17:01:11] "[36mGET /static/img/3.jpg HTTP/1.1[0m" 304 -
[2024-02-05 17:01:11,187] INFO in _internal: 127.0.0.1 - - [05/Feb/2024 17:01:11] "[36mGET /static/img/2.jpg HTTP/1.1[0m" 304 -
[2024-02-05 17:01:11,189] INFO in _internal: 127.0.0.1 - - [05/Feb/2024 17:01:11] "[36mGET /static/img/4.jpg HTTP/1.1[0m" 304 -
[2024-02-05 17:01:11,192] INFO in _internal: 127.0.0.1 - - [05/Feb/2024 17:01:11] "[36mGET /static/img/19.jpg HTTP/1.1[0m" 304 -
[2024-02-05 17:01:11,203] INFO in _internal: 127.0.0.1 - - [05/Feb/2024 17:01:11] "[36mGET /static/img/20.jpg HTTP/1.1[0m" 304 -
[2024-02-05 17:01:11,215] INFO in _internal: 127.0.0.1 - - [05/Feb/2024 17:01:11] "[36mGET /static/img/21.jpg HTTP/1.1[0m" 304 -
[2024-02-05 17:01:11,217] INFO in _internal: 127.0.0.1 - - [05/Feb/2024 17:01:11] "[36mGET /static/img/22.jpg HTTP/1.1[0m" 304 -
[2024-02-05 17:01:38,839] INFO in _internal: 127.0.0.1 - - [05/Feb/2024 17:01:38] "GET /escortv2 HTTP/1.1" 200 -
[2024-02-05 17:01:38,864] INFO in _internal: 127.0.0.1 - - [05/Feb/2024 17:01:38] "[36mGET /static/img/logo.png HTTP/1.1[0m" 304 -
[2024-02-05 17:01:38,864] INFO in _internal: 127.0.0.1 - - [05/Feb/2024 17:01:38] "[36mGET /static/css/escortv2.css HTTP/1.1[0m" 304 -
[2024-02-05 17:01:38,868] INFO in _internal: 127.0.0.1 - - [05/Feb/2024 17:01:38] "GET /static/js/escortv2.js HTTP/1.1" 200 -
[2024-02-05 17:01:38,893] INFO in _internal: 127.0.0.1 - - [05/Feb/2024 17:01:38] "[36mGET /static/img/2.jpg HTTP/1.1[0m" 304 -
[2024-02-05 17:01:38,893] INFO in _internal: 127.0.0.1 - - [05/Feb/2024 17:01:38] "[36mGET /static/img/1.jpg HTTP/1.1[0m" 304 -
[2024-02-05 17:01:38,905] INFO in _internal: 127.0.0.1 - - [05/Feb/2024 17:01:38] "[36mGET /static/img/3.jpg HTTP/1.1[0m" 304 -
[2024-02-05 17:01:38,908] INFO in _internal: 127.0.0.1 - - [05/Feb/2024 17:01:38] "[36mGET /static/img/4.jpg HTTP/1.1[0m" 304 -
[2024-02-05 17:01:38,913] INFO in _internal: 127.0.0.1 - - [05/Feb/2024 17:01:38] "[36mGET /static/img/19.jpg HTTP/1.1[0m" 304 -
[2024-02-05 17:01:38,914] INFO in _internal: 127.0.0.1 - - [05/Feb/2024 17:01:38] "[36mGET /static/img/20.jpg HTTP/1.1[0m" 304 -
[2024-02-05 17:01:38,924] INFO in _internal: 127.0.0.1 - - [05/Feb/2024 17:01:38] "[36mGET /static/img/21.jpg HTTP/1.1[0m" 304 -
[2024-02-05 17:01:38,928] INFO in _internal: 127.0.0.1 - - [05/Feb/2024 17:01:38] "[36mGET /static/img/22.jpg HTTP/1.1[0m" 304 -
[2024-02-05 17:04:01,571] INFO in _internal: 127.0.0.1 - - [05/Feb/2024 17:04:01] "[36mGET /static/css/escortv2.css HTTP/1.1[0m" 304 -
[2024-02-05 17:05:04,017] INFO in _internal: 127.0.0.1 - - [05/Feb/2024 17:05:04] "GET /escortv2 HTTP/1.1" 200 -
[2024-02-05 17:05:04,048] INFO in _internal: 127.0.0.1 - - [05/Feb/2024 17:05:04] "[36mGET /static/css/escortv2.css HTTP/1.1[0m" 304 -
[2024-02-05 17:05:04,051] INFO in _internal: 127.0.0.1 - - [05/Feb/2024 17:05:04] "[36mGET /static/img/logo.png HTTP/1.1[0m" 304 -
[2024-02-05 17:05:04,079] INFO in _internal: 127.0.0.1 - - [05/Feb/2024 17:05:04] "GET /static/js/escortv2.js HTTP/1.1" 200 -
[2024-02-05 17:05:04,130] INFO in _internal: 127.0.0.1 - - [05/Feb/2024 17:05:04] "[36mGET /static/img/1.jpg HTTP/1.1[0m" 304 -
[2024-02-05 17:05:04,160] INFO in _internal: 127.0.0.1 - - [05/Feb/2024 17:05:04] "[36mGET /static/img/2.jpg HTTP/1.1[0m" 304 -
[2024-02-05 17:05:04,176] INFO in _internal: 127.0.0.1 - - [05/Feb/2024 17:05:04] "[36mGET /static/img/3.jpg HTTP/1.1[0m" 304 -
[2024-02-05 17:05:04,191] INFO in _internal: 127.0.0.1 - - [05/Feb/2024 17:05:04] "[36mGET /static/img/4.jpg HTTP/1.1[0m" 304 -
[2024-02-05 17:05:04,194] INFO in _internal: 127.0.0.1 - - [05/Feb/2024 17:05:04] "[36mGET /static/img/20.jpg HTTP/1.1[0m" 304 -
[2024-02-05 17:05:04,204] INFO in _internal: 127.0.0.1 - - [05/Feb/2024 17:05:04] "[36mGET /static/img/19.jpg HTTP/1.1[0m" 304 -
[2024-02-05 17:05:04,206] INFO in _internal: 127.0.0.1 - - [05/Feb/2024 17:05:04] "[36mGET /static/img/21.jpg HTTP/1.1[0m" 304 -
[2024-02-05 17:05:04,208] INFO in _internal: 127.0.0.1 - - [05/Feb/2024 17:05:04] "[36mGET /static/img/22.jpg HTTP/1.1[0m" 304 -
[2024-02-05 17:07:53,325] INFO in _internal: 127.0.0.1 - - [05/Feb/2024 17:07:53] "GET /escortv2 HTTP/1.1" 200 -
[2024-02-05 17:07:53,350] INFO in _internal: 127.0.0.1 - - [05/Feb/2024 17:07:53] "[36mGET /static/css/escortv2.css HTTP/1.1[0m" 304 -
[2024-02-05 17:07:53,355] INFO in _internal: 127.0.0.1 - - [05/Feb/2024 17:07:53] "[36mGET /static/img/logo.png HTTP/1.1[0m" 304 -
[2024-02-05 17:07:53,380] INFO in _internal: 127.0.0.1 - - [05/Feb/2024 17:07:53] "GET /static/js/escortv2.js HTTP/1.1" 200 -
[2024-02-05 17:07:53,431] INFO in _internal: 127.0.0.1 - - [05/Feb/2024 17:07:53] "[36mGET /static/img/1.jpg HTTP/1.1[0m" 304 -
[2024-02-05 17:07:53,441] INFO in _internal: 127.0.0.1 - - [05/Feb/2024 17:07:53] "[36mGET /static/img/2.jpg HTTP/1.1[0m" 304 -
[2024-02-05 17:07:53,450] INFO in _internal: 127.0.0.1 - - [05/Feb/2024 17:07:53] "[36mGET /static/img/3.jpg HTTP/1.1[0m" 304 -
[2024-02-05 17:07:53,468] INFO in _internal: 127.0.0.1 - - [05/Feb/2024 17:07:53] "[36mGET /static/img/20.jpg HTTP/1.1[0m" 304 -
[2024-02-05 17:07:53,474] INFO in _internal: 127.0.0.1 - - [05/Feb/2024 17:07:53] "[36mGET /static/img/19.jpg HTTP/1.1[0m" 304 -
[2024-02-05 17:07:53,478] INFO in _internal: 127.0.0.1 - - [05/Feb/2024 17:07:53] "[36mGET /static/img/4.jpg HTTP/1.1[0m" 304 -
[2024-02-05 17:07:53,481] INFO in _internal: 127.0.0.1 - - [05/Feb/2024 17:07:53] "[36mGET /static/img/21.jpg HTTP/1.1[0m" 304 -
[2024-02-05 17:07:53,485] INFO in _internal: 127.0.0.1 - - [05/Feb/2024 17:07:53] "[36mGET /static/img/22.jpg HTTP/1.1[0m" 304 -
[2024-02-05 17:08:09,051] INFO in _internal: 127.0.0.1 - - [05/Feb/2024 17:08:09] "GET /escortv2 HTTP/1.1" 200 -
[2024-02-05 17:08:09,080] INFO in _internal: 127.0.0.1 - - [05/Feb/2024 17:08:09] "[36mGET /static/css/escortv2.css HTTP/1.1[0m" 304 -
[2024-02-05 17:08:09,082] INFO in _internal: 127.0.0.1 - - [05/Feb/2024 17:08:09] "[36mGET /static/img/logo.png HTTP/1.1[0m" 304 -
[2024-02-05 17:08:09,088] INFO in _internal: 127.0.0.1 - - [05/Feb/2024 17:08:09] "GET /static/js/escortv2.js HTTP/1.1" 200 -
[2024-02-05 17:08:09,143] INFO in _internal: 127.0.0.1 - - [05/Feb/2024 17:08:09] "[36mGET /static/img/1.jpg HTTP/1.1[0m" 304 -
[2024-02-05 17:08:09,146] INFO in _internal: 127.0.0.1 - - [05/Feb/2024 17:08:09] "[36mGET /static/img/2.jpg HTTP/1.1[0m" 304 -
[2024-02-05 17:08:09,160] INFO in _internal: 127.0.0.1 - - [05/Feb/2024 17:08:09] "[36mGET /static/img/3.jpg HTTP/1.1[0m" 304 -
[2024-02-05 17:08:09,175] INFO in _internal: 127.0.0.1 - - [05/Feb/2024 17:08:09] "[36mGET /static/img/4.jpg HTTP/1.1[0m" 304 -
[2024-02-05 17:08:09,183] INFO in _internal: 127.0.0.1 - - [05/Feb/2024 17:08:09] "[36mGET /static/img/20.jpg HTTP/1.1[0m" 304 -
[2024-02-05 17:08:09,185] INFO in _internal: 127.0.0.1 - - [05/Feb/2024 17:08:09] "[36mGET /static/img/21.jpg HTTP/1.1[0m" 304 -
[2024-02-05 17:08:09,186] INFO in _internal: 127.0.0.1 - - [05/Feb/2024 17:08:09] "[36mGET /static/img/19.jpg HTTP/1.1[0m" 304 -
[2024-02-05 17:08:09,193] INFO in _internal: 127.0.0.1 - - [05/Feb/2024 17:08:09] "[36mGET /static/img/22.jpg HTTP/1.1[0m" 304 -
[2024-02-05 17:08:37,433] INFO in _internal: 127.0.0.1 - - [05/Feb/2024 17:08:37] "GET /escortv2 HTTP/1.1" 200 -
[2024-02-05 17:08:37,456] INFO in _internal: 127.0.0.1 - - [05/Feb/2024 17:08:37] "[36mGET /static/css/escortv2.css HTTP/1.1[0m" 304 -
[2024-02-05 17:08:37,458] INFO in _internal: 127.0.0.1 - - [05/Feb/2024 17:08:37] "[36mGET /static/img/logo.png HTTP/1.1[0m" 304 -
[2024-02-05 17:08:37,486] INFO in _internal: 127.0.0.1 - - [05/Feb/2024 17:08:37] "GET /static/js/escortv2.js HTTP/1.1" 200 -
[2024-02-05 17:08:37,511] INFO in _internal: 127.0.0.1 - - [05/Feb/2024 17:08:37] "[36mGET /static/img/1.jpg HTTP/1.1[0m" 304 -
[2024-02-05 17:08:37,513] INFO in _internal: 127.0.0.1 - - [05/Feb/2024 17:08:37] "[36mGET /static/img/2.jpg HTTP/1.1[0m" 304 -
[2024-02-05 17:08:37,540] INFO in _internal: 127.0.0.1 - - [05/Feb/2024 17:08:37] "[36mGET /static/img/3.jpg HTTP/1.1[0m" 304 -
[2024-02-05 17:08:37,546] INFO in _internal: 127.0.0.1 - - [05/Feb/2024 17:08:37] "[36mGET /static/img/4.jpg HTTP/1.1[0m" 304 -
[2024-02-05 17:08:37,550] INFO in _internal: 127.0.0.1 - - [05/Feb/2024 17:08:37] "[36mGET /static/img/20.jpg HTTP/1.1[0m" 304 -
[2024-02-05 17:08:37,554] INFO in _internal: 127.0.0.1 - - [05/Feb/2024 17:08:37] "[36mGET /static/img/19.jpg HTTP/1.1[0m" 304 -
[2024-02-05 17:08:37,559] INFO in _internal: 127.0.0.1 - - [05/Feb/2024 17:08:37] "[36mGET /static/img/21.jpg HTTP/1.1[0m" 304 -
[2024-02-05 17:08:37,565] INFO in _internal: 127.0.0.1 - - [05/Feb/2024 17:08:37] "[36mGET /static/img/22.jpg HTTP/1.1[0m" 304 -
[2024-02-05 17:09:21,716] INFO in _internal: 127.0.0.1 - - [05/Feb/2024 17:09:21] "GET /escortv2 HTTP/1.1" 200 -
[2024-02-05 17:09:21,738] INFO in _internal: 127.0.0.1 - - [05/Feb/2024 17:09:21] "[36mGET /static/css/escortv2.css HTTP/1.1[0m" 304 -
[2024-02-05 17:09:21,745] INFO in _internal: 127.0.0.1 - - [05/Feb/2024 17:09:21] "[36mGET /static/img/logo.png HTTP/1.1[0m" 304 -
[2024-02-05 17:09:21,746] INFO in _internal: 127.0.0.1 - - [05/Feb/2024 17:09:21] "[36mGET /static/js/escortv2.js HTTP/1.1[0m" 304 -
[2024-02-05 17:09:21,801] INFO in _internal: 127.0.0.1 - - [05/Feb/2024 17:09:21] "[36mGET /static/img/1.jpg HTTP/1.1[0m" 304 -
[2024-02-05 17:09:21,801] INFO in _internal: 127.0.0.1 - - [05/Feb/2024 17:09:21] "[36mGET /static/img/2.jpg HTTP/1.1[0m" 304 -
[2024-02-05 17:09:21,828] INFO in _internal: 127.0.0.1 - - [05/Feb/2024 17:09:21] "[36mGET /static/img/3.jpg HTTP/1.1[0m" 304 -
[2024-02-05 17:09:21,845] INFO in _internal: 127.0.0.1 - - [05/Feb/2024 17:09:21] "[36mGET /static/img/4.jpg HTTP/1.1[0m" 304 -
[2024-02-05 17:09:21,850] INFO in _internal: 127.0.0.1 - - [05/Feb/2024 17:09:21] "[36mGET /static/img/19.jpg HTTP/1.1[0m" 304 -
[2024-02-05 17:09:21,855] INFO in _internal: 127.0.0.1 - - [05/Feb/2024 17:09:21] "[36mGET /static/img/21.jpg HTTP/1.1[0m" 304 -
[2024-02-05 17:09:21,865] INFO in _internal: 127.0.0.1 - - [05/Feb/2024 17:09:21] "[36mGET /static/img/20.jpg HTTP/1.1[0m" 304 -
[2024-02-05 17:09:21,865] INFO in _internal: 127.0.0.1 - - [05/Feb/2024 17:09:21] "[36mGET /static/img/22.jpg HTTP/1.1[0m" 304 -
[2024-02-05 17:10:16,038] INFO in _internal: 127.0.0.1 - - [05/Feb/2024 17:10:16] "GET /escortv2 HTTP/1.1" 200 -
[2024-02-05 17:10:16,066] INFO in _internal: 127.0.0.1 - - [05/Feb/2024 17:10:16] "[36mGET /static/css/escortv2.css HTTP/1.1[0m" 304 -
[2024-02-05 17:10:16,070] INFO in _internal: 127.0.0.1 - - [05/Feb/2024 17:10:16] "[36mGET /static/img/logo.png HTTP/1.1[0m" 304 -
[2024-02-05 17:10:16,099] INFO in _internal: 127.0.0.1 - - [05/Feb/2024 17:10:16] "GET /static/js/escortv2.js HTTP/1.1" 200 -
[2024-02-05 17:10:16,134] INFO in _internal: 127.0.0.1 - - [05/Feb/2024 17:10:16] "[36mGET /static/img/1.jpg HTTP/1.1[0m" 304 -
[2024-02-05 17:10:16,136] INFO in _internal: 127.0.0.1 - - [05/Feb/2024 17:10:16] "[36mGET /static/img/2.jpg HTTP/1.1[0m" 304 -
[2024-02-05 17:10:16,143] INFO in _internal: 127.0.0.1 - - [05/Feb/2024 17:10:16] "[36mGET /static/img/3.jpg HTTP/1.1[0m" 304 -
[2024-02-05 17:10:16,157] INFO in _internal: 127.0.0.1 - - [05/Feb/2024 17:10:16] "[36mGET /static/img/4.jpg HTTP/1.1[0m" 304 -
[2024-02-05 17:10:16,160] INFO in _internal: 127.0.0.1 - - [05/Feb/2024 17:10:16] "[36mGET /static/img/19.jpg HTTP/1.1[0m" 304 -
[2024-02-05 17:10:16,162] INFO in _internal: 127.0.0.1 - - [05/Feb/2024 17:10:16] "[36mGET /static/img/20.jpg HTTP/1.1[0m" 304 -
[2024-02-05 17:10:16,180] INFO in _internal: 127.0.0.1 - - [05/Feb/2024 17:10:16] "[36mGET /static/img/21.jpg HTTP/1.1[0m" 304 -
[2024-02-05 17:10:16,183] INFO in _internal: 127.0.0.1 - - [05/Feb/2024 17:10:16] "[36mGET /static/img/22.jpg HTTP/1.1[0m" 304 -
[2024-02-05 17:12:30,617] INFO in _internal: 127.0.0.1 - - [05/Feb/2024 17:12:30] "GET /escortv2 HTTP/1.1" 200 -
[2024-02-05 17:12:30,659] INFO in _internal: 127.0.0.1 - - [05/Feb/2024 17:12:30] "[36mGET /static/img/logo.png HTTP/1.1[0m" 304 -
[2024-02-05 17:12:30,661] INFO in _internal: 127.0.0.1 - - [05/Feb/2024 17:12:30] "[36mGET /static/css/escortv2.css HTTP/1.1[0m" 304 -
[2024-02-05 17:12:30,692] INFO in _internal: 127.0.0.1 - - [05/Feb/2024 17:12:30] "GET /static/js/escortv2.js HTTP/1.1" 200 -
[2024-02-05 17:12:30,749] INFO in _internal: 127.0.0.1 - - [05/Feb/2024 17:12:30] "[36mGET /static/img/1.jpg HTTP/1.1[0m" 304 -
[2024-02-05 17:12:30,754] INFO in _internal: 127.0.0.1 - - [05/Feb/2024 17:12:30] "[36mGET /static/img/2.jpg HTTP/1.1[0m" 304 -
[2024-02-05 17:12:30,779] INFO in _internal: 127.0.0.1 - - [05/Feb/2024 17:12:30] "[36mGET /static/img/3.jpg HTTP/1.1[0m" 304 -
[2024-02-05 17:12:30,790] INFO in _internal: 127.0.0.1 - - [05/Feb/2024 17:12:30] "[36mGET /static/img/4.jpg HTTP/1.1[0m" 304 -
[2024-02-05 17:12:30,795] INFO in _internal: 127.0.0.1 - - [05/Feb/2024 17:12:30] "[36mGET /static/img/19.jpg HTTP/1.1[0m" 304 -
[2024-02-05 17:12:30,806] INFO in _internal: 127.0.0.1 - - [05/Feb/2024 17:12:30] "[36mGET /static/img/20.jpg HTTP/1.1[0m" 304 -
[2024-02-05 17:12:30,807] INFO in _internal: 127.0.0.1 - - [05/Feb/2024 17:12:30] "[36mGET /static/img/21.jpg HTTP/1.1[0m" 304 -
[2024-02-05 17:12:30,811] INFO in _internal: 127.0.0.1 - - [05/Feb/2024 17:12:30] "[36mGET /static/img/22.jpg HTTP/1.1[0m" 304 -
[2024-02-05 17:35:59,280] INFO in _internal: 127.0.0.1 - - [05/Feb/2024 17:35:59] "GET /escortv2 HTTP/1.1" 200 -
[2024-02-05 17:35:59,313] INFO in _internal: 127.0.0.1 - - [05/Feb/2024 17:35:59] "[36mGET /static/img/logo.png HTTP/1.1[0m" 304 -
[2024-02-05 17:35:59,313] INFO in _internal: 127.0.0.1 - - [05/Feb/2024 17:35:59] "[36mGET /static/css/escortv2.css HTTP/1.1[0m" 304 -
[2024-02-05 17:35:59,337] INFO in _internal: 127.0.0.1 - - [05/Feb/2024 17:35:59] "GET /static/js/escortv2.js HTTP/1.1" 200 -
[2024-02-05 17:40:37,086] INFO in _internal: 127.0.0.1 - - [05/Feb/2024 17:40:37] "GET /escortv2 HTTP/1.1" 200 -
[2024-02-05 17:40:37,109] INFO in _internal: 127.0.0.1 - - [05/Feb/2024 17:40:37] "[36mGET /static/css/escortv2.css HTTP/1.1[0m" 304 -
[2024-02-05 17:40:37,111] INFO in _internal: 127.0.0.1 - - [05/Feb/2024 17:40:37] "[36mGET /static/img/logo.png HTTP/1.1[0m" 304 -
[2024-02-05 17:40:37,137] INFO in _internal: 127.0.0.1 - - [05/Feb/2024 17:40:37] "GET /static/js/escortv2.js HTTP/1.1" 200 -
[2024-02-05 17:40:58,145] INFO in _internal: 127.0.0.1 - - [05/Feb/2024 17:40:58] "GET /escortv2 HTTP/1.1" 200 -
[2024-02-05 17:40:58,171] INFO in _internal: 127.0.0.1 - - [05/Feb/2024 17:40:58] "[36mGET /static/css/escortv2.css HTTP/1.1[0m" 304 -
[2024-02-05 17:40:58,175] INFO in _internal: 127.0.0.1 - - [05/Feb/2024 17:40:58] "[36mGET /static/img/logo.png HTTP/1.1[0m" 304 -
[2024-02-05 17:40:58,199] INFO in _internal: 127.0.0.1 - - [05/Feb/2024 17:40:58] "GET /static/js/escortv2.js HTTP/1.1" 200 -
[2024-02-05 17:40:58,259] INFO in _internal: 127.0.0.1 - - [05/Feb/2024 17:40:58] "[36mGET /static/img/1.jpg HTTP/1.1[0m" 304 -
[2024-02-05 17:40:58,259] INFO in _internal: 127.0.0.1 - - [05/Feb/2024 17:40:58] "[36mGET /static/img/2.jpg HTTP/1.1[0m" 304 -
[2024-02-05 17:40:58,280] INFO in _internal: 127.0.0.1 - - [05/Feb/2024 17:40:58] "[36mGET /static/img/3.jpg HTTP/1.1[0m" 304 -
[2024-02-05 17:40:58,292] INFO in _internal: 127.0.0.1 - - [05/Feb/2024 17:40:58] "[36mGET /static/img/4.jpg HTTP/1.1[0m" 304 -
[2024-02-05 17:40:58,294] INFO in _internal: 127.0.0.1 - - [05/Feb/2024 17:40:58] "[36mGET /static/img/19.jpg HTTP/1.1[0m" 304 -
[2024-02-05 17:40:58,306] INFO in _internal: 127.0.0.1 - - [05/Feb/2024 17:40:58] "[36mGET /static/img/21.jpg HTTP/1.1[0m" 304 -
[2024-02-05 17:40:58,308] INFO in _internal: 127.0.0.1 - - [05/Feb/2024 17:40:58] "[36mGET /static/img/20.jpg HTTP/1.1[0m" 304 -
[2024-02-05 17:40:58,312] INFO in _internal: 127.0.0.1 - - [05/Feb/2024 17:40:58] "[36mGET /static/img/22.jpg HTTP/1.1[0m" 304 -
[2024-02-05 17:41:32,118] INFO in _internal: 127.0.0.1 - - [05/Feb/2024 17:41:32] "GET /escortv2 HTTP/1.1" 200 -
[2024-02-05 17:41:32,147] INFO in _internal: 127.0.0.1 - - [05/Feb/2024 17:41:32] "[36mGET /static/css/escortv2.css HTTP/1.1[0m" 304 -
[2024-02-05 17:41:32,152] INFO in _internal: 127.0.0.1 - - [05/Feb/2024 17:41:32] "[36mGET /static/img/logo.png HTTP/1.1[0m" 304 -
[2024-02-05 17:41:32,154] INFO in _internal: 127.0.0.1 - - [05/Feb/2024 17:41:32] "GET /static/js/escortv2.js HTTP/1.1" 200 -
[2024-02-05 17:41:32,422] INFO in _internal: 127.0.0.1 - - [05/Feb/2024 17:41:32] "[36mGET /static/img/1.jpg HTTP/1.1[0m" 304 -
[2024-02-05 17:41:32,422] INFO in _internal: 127.0.0.1 - - [05/Feb/2024 17:41:32] "[36mGET /static/img/2.jpg HTTP/1.1[0m" 304 -
[2024-02-05 17:41:32,438] INFO in _internal: 127.0.0.1 - - [05/Feb/2024 17:41:32] "[36mGET /static/img/3.jpg HTTP/1.1[0m" 304 -
[2024-02-05 17:41:32,443] INFO in _internal: 127.0.0.1 - - [05/Feb/2024 17:41:32] "[36mGET /static/img/4.jpg HTTP/1.1[0m" 304 -
[2024-02-05 17:41:32,445] INFO in _internal: 127.0.0.1 - - [05/Feb/2024 17:41:32] "[36mGET /static/img/19.jpg HTTP/1.1[0m" 304 -
[2024-02-05 17:41:32,452] INFO in _internal: 127.0.0.1 - - [05/Feb/2024 17:41:32] "[36mGET /static/img/20.jpg HTTP/1.1[0m" 304 -
[2024-02-05 17:41:32,464] INFO in _internal: 127.0.0.1 - - [05/Feb/2024 17:41:32] "[36mGET /static/img/21.jpg HTTP/1.1[0m" 304 -
[2024-02-05 17:41:32,467] INFO in _internal: 127.0.0.1 - - [05/Feb/2024 17:41:32] "[36mGET /static/img/22.jpg HTTP/1.1[0m" 304 -
[2024-02-05 18:14:11,016] INFO in _internal: 127.0.0.1 - - [05/Feb/2024 18:14:11] "GET /escortv2 HTTP/1.1" 200 -
[2024-02-05 18:14:11,042] INFO in _internal: 127.0.0.1 - - [05/Feb/2024 18:14:11] "[36mGET /static/css/escortv2.css HTTP/1.1[0m" 304 -
[2024-02-05 18:14:11,043] INFO in _internal: 127.0.0.1 - - [05/Feb/2024 18:14:11] "[36mGET /static/img/logo.png HTTP/1.1[0m" 304 -
[2024-02-05 18:14:11,064] INFO in _internal: 127.0.0.1 - - [05/Feb/2024 18:14:11] "GET /static/js/escortv2.js HTTP/1.1" 200 -
[2024-02-05 18:14:11,135] INFO in _internal: 127.0.0.1 - - [05/Feb/2024 18:14:11] "[36mGET /static/img/1.jpg HTTP/1.1[0m" 304 -
[2024-02-05 18:14:11,138] INFO in _internal: 127.0.0.1 - - [05/Feb/2024 18:14:11] "[36mGET /static/img/2.jpg HTTP/1.1[0m" 304 -
[2024-02-05 18:14:11,157] INFO in _internal: 127.0.0.1 - - [05/Feb/2024 18:14:11] "[36mGET /static/img/3.jpg HTTP/1.1[0m" 304 -
[2024-02-05 18:14:11,177] INFO in _internal: 127.0.0.1 - - [05/Feb/2024 18:14:11] "[36mGET /static/img/19.jpg HTTP/1.1[0m" 304 -
[2024-02-05 18:14:11,179] INFO in _internal: 127.0.0.1 - - [05/Feb/2024 18:14:11] "[36mGET /static/img/4.jpg HTTP/1.1[0m" 304 -
[2024-02-05 18:14:11,181] INFO in _internal: 127.0.0.1 - - [05/Feb/2024 18:14:11] "[36mGET /static/img/20.jpg HTTP/1.1[0m" 304 -
[2024-02-05 18:14:11,192] INFO in _internal: 127.0.0.1 - - [05/Feb/2024 18:14:11] "[36mGET /static/img/21.jpg HTTP/1.1[0m" 304 -
[2024-02-05 18:15:47,184] INFO in _internal: 127.0.0.1 - - [05/Feb/2024 18:15:47] "GET /escortv2 HTTP/1.1" 200 -
[2024-02-05 18:15:47,223] INFO in _internal: 127.0.0.1 - - [05/Feb/2024 18:15:47] "[36mGET /static/css/escortv2.css HTTP/1.1[0m" 304 -
[2024-02-05 18:15:47,223] INFO in _internal: 127.0.0.1 - - [05/Feb/2024 18:15:47] "[36mGET /static/img/logo.png HTTP/1.1[0m" 304 -
[2024-02-05 18:15:47,245] INFO in _internal: 127.0.0.1 - - [05/Feb/2024 18:15:47] "GET /static/js/escortv2.js HTTP/1.1" 200 -
[2024-02-05 18:15:47,305] INFO in _internal: 127.0.0.1 - - [05/Feb/2024 18:15:47] "[36mGET /static/img/1.jpg HTTP/1.1[0m" 304 -
[2024-02-05 18:15:47,309] INFO in _internal: 127.0.0.1 - - [05/Feb/2024 18:15:47] "[36mGET /static/img/2.jpg HTTP/1.1[0m" 304 -
[2024-02-05 18:15:47,314] INFO in _internal: 127.0.0.1 - - [05/Feb/2024 18:15:47] "[36mGET /static/img/3.jpg HTTP/1.1[0m" 304 -
[2024-02-05 18:15:47,330] INFO in _internal: 127.0.0.1 - - [05/Feb/2024 18:15:47] "[36mGET /static/img/4.jpg HTTP/1.1[0m" 304 -
[2024-02-05 18:15:47,338] INFO in _internal: 127.0.0.1 - - [05/Feb/2024 18:15:47] "[36mGET /static/img/20.jpg HTTP/1.1[0m" 304 -
[2024-02-05 18:15:47,345] INFO in _internal: 127.0.0.1 - - [05/Feb/2024 18:15:47] "[36mGET /static/img/21.jpg HTTP/1.1[0m" 304 -
[2024-02-05 18:16:00,049] INFO in _internal: 127.0.0.1 - - [05/Feb/2024 18:16:00] "GET /escortv2 HTTP/1.1" 200 -
[2024-02-05 18:16:00,080] INFO in _internal: 127.0.0.1 - - [05/Feb/2024 18:16:00] "[36mGET /static/css/escortv2.css HTTP/1.1[0m" 304 -
[2024-02-05 18:16:00,081] INFO in _internal: 127.0.0.1 - - [05/Feb/2024 18:16:00] "[36mGET /static/img/logo.png HTTP/1.1[0m" 304 -
[2024-02-05 18:16:00,099] INFO in _internal: 127.0.0.1 - - [05/Feb/2024 18:16:00] "GET /static/js/escortv2.js HTTP/1.1" 200 -
[2024-02-05 18:16:00,130] INFO in _internal: 127.0.0.1 - - [05/Feb/2024 18:16:00] "[36mGET /static/img/1.jpg HTTP/1.1[0m" 304 -
[2024-02-05 18:16:00,137] INFO in _internal: 127.0.0.1 - - [05/Feb/2024 18:16:00] "[33mGET /static/img/18.jpg HTTP/1.1[0m" 404 -
[2024-02-05 18:16:00,139] INFO in _internal: 127.0.0.1 - - [05/Feb/2024 18:16:00] "[36mGET /static/img/2.jpg HTTP/1.1[0m" 304 -
[2024-02-05 18:16:00,151] INFO in _internal: 127.0.0.1 - - [05/Feb/2024 18:16:00] "[36mGET /static/img/3.jpg HTTP/1.1[0m" 304 -
[2024-02-05 18:16:00,173] INFO in _internal: 127.0.0.1 - - [05/Feb/2024 18:16:00] "[36mGET /static/img/4.jpg HTTP/1.1[0m" 304 -
[2024-02-05 18:16:00,181] INFO in _internal: 127.0.0.1 - - [05/Feb/2024 18:16:00] "[36mGET /static/img/19.jpg HTTP/1.1[0m" 304 -
[2024-02-05 18:16:00,184] INFO in _internal: 127.0.0.1 - - [05/Feb/2024 18:16:00] "[36mGET /static/img/20.jpg HTTP/1.1[0m" 304 -
[2024-02-05 18:16:00,194] INFO in _internal: 127.0.0.1 - - [05/Feb/2024 18:16:00] "[36mGET /static/img/21.jpg HTTP/1.1[0m" 304 -
[2024-02-05 18:18:14,699] INFO in _internal: 127.0.0.1 - - [05/Feb/2024 18:18:14] "GET /escortv2 HTTP/1.1" 200 -
[2024-02-05 18:18:14,723] INFO in _internal: 127.0.0.1 - - [05/Feb/2024 18:18:14] "[36mGET /static/css/escortv2.css HTTP/1.1[0m" 304 -
[2024-02-05 18:18:14,728] INFO in _internal: 127.0.0.1 - - [05/Feb/2024 18:18:14] "[36mGET /static/img/logo.png HTTP/1.1[0m" 304 -
[2024-02-05 18:18:14,760] INFO in _internal: 127.0.0.1 - - [05/Feb/2024 18:18:14] "GET /static/js/escortv2.js HTTP/1.1" 200 -
[2024-02-05 18:18:14,803] INFO in _internal: 127.0.0.1 - - [05/Feb/2024 18:18:14] "[36mGET /static/img/1.jpg HTTP/1.1[0m" 304 -
[2024-02-05 18:18:14,820] INFO in _internal: 127.0.0.1 - - [05/Feb/2024 18:18:14] "[36mGET /static/img/3.jpg HTTP/1.1[0m" 304 -
[2024-02-05 18:18:14,823] INFO in _internal: 127.0.0.1 - - [05/Feb/2024 18:18:14] "[36mGET /static/img/2.jpg HTTP/1.1[0m" 304 -
[2024-02-05 18:18:14,840] INFO in _internal: 127.0.0.1 - - [05/Feb/2024 18:18:14] "[36mGET /static/img/4.jpg HTTP/1.1[0m" 304 -
[2024-02-05 18:18:14,847] INFO in _internal: 127.0.0.1 - - [05/Feb/2024 18:18:14] "[36mGET /static/img/19.jpg HTTP/1.1[0m" 304 -
[2024-02-05 18:18:14,859] INFO in _internal: 127.0.0.1 - - [05/Feb/2024 18:18:14] "[36mGET /static/img/22.jpg HTTP/1.1[0m" 304 -
[2024-02-05 18:18:14,851] INFO in _internal: 127.0.0.1 - - [05/Feb/2024 18:18:14] "[36mGET /static/img/21.jpg HTTP/1.1[0m" 304 -
[2024-02-05 18:18:14,850] INFO in _internal: 127.0.0.1 - - [05/Feb/2024 18:18:14] "[36mGET /static/img/20.jpg HTTP/1.1[0m" 304 -
[2024-02-05 18:20:31,470] INFO in _internal: 127.0.0.1 - - [05/Feb/2024 18:20:31] "GET /escortv2 HTTP/1.1" 200 -
[2024-02-05 18:20:31,499] INFO in _internal: 127.0.0.1 - - [05/Feb/2024 18:20:31] "[36mGET /static/css/escortv2.css HTTP/1.1[0m" 304 -
[2024-02-05 18:20:31,499] INFO in _internal: 127.0.0.1 - - [05/Feb/2024 18:20:31] "[36mGET /static/img/logo.png HTTP/1.1[0m" 304 -
[2024-02-05 18:20:31,551] INFO in _internal: 127.0.0.1 - - [05/Feb/2024 18:20:31] "GET /static/js/escortv2.js HTTP/1.1" 200 -
[2024-02-05 18:20:46,736] INFO in _internal: 127.0.0.1 - - [05/Feb/2024 18:20:46] "GET /escortv2 HTTP/1.1" 200 -
[2024-02-05 18:20:46,774] INFO in _internal: 127.0.0.1 - - [05/Feb/2024 18:20:46] "[36mGET /static/css/escortv2.css HTTP/1.1[0m" 304 -
[2024-02-05 18:20:46,777] INFO in _internal: 127.0.0.1 - - [05/Feb/2024 18:20:46] "[36mGET /static/img/logo.png HTTP/1.1[0m" 304 -
[2024-02-05 18:20:46,855] INFO in _internal: 127.0.0.1 - - [05/Feb/2024 18:20:46] "GET /static/js/escortv2.js HTTP/1.1" 200 -
[2024-02-05 18:20:46,911] INFO in _internal: 127.0.0.1 - - [05/Feb/2024 18:20:46] "[36mGET /static/img/2.jpg HTTP/1.1[0m" 304 -
[2024-02-05 18:20:46,912] INFO in _internal: 127.0.0.1 - - [05/Feb/2024 18:20:46] "[36mGET /static/img/1.jpg HTTP/1.1[0m" 304 -
[2024-02-05 18:20:46,917] INFO in _internal: 127.0.0.1 - - [05/Feb/2024 18:20:46] "[36mGET /static/img/3.jpg HTTP/1.1[0m" 304 -
[2024-02-05 18:20:46,925] INFO in _internal: 127.0.0.1 - - [05/Feb/2024 18:20:46] "[36mGET /static/img/4.jpg HTTP/1.1[0m" 304 -
[2024-02-05 18:20:46,935] INFO in _internal: 127.0.0.1 - - [05/Feb/2024 18:20:46] "[36mGET /static/img/19.jpg HTTP/1.1[0m" 304 -
[2024-02-05 18:20:46,948] INFO in _internal: 127.0.0.1 - - [05/Feb/2024 18:20:46] "[36mGET /static/img/20.jpg HTTP/1.1[0m" 304 -
[2024-02-05 18:20:46,956] INFO in _internal: 127.0.0.1 - - [05/Feb/2024 18:20:46] "[36mGET /static/img/22.jpg HTTP/1.1[0m" 304 -
[2024-02-05 18:20:46,956] INFO in _internal: 127.0.0.1 - - [05/Feb/2024 18:20:46] "[36mGET /static/img/21.jpg HTTP/1.1[0m" 304 -
[2024-02-05 18:21:32,314] INFO in _internal: 127.0.0.1 - - [05/Feb/2024 18:21:32] "GET /escortv2 HTTP/1.1" 200 -
[2024-02-05 18:21:32,341] INFO in _internal: 127.0.0.1 - - [05/Feb/2024 18:21:32] "[36mGET /static/css/escortv2.css HTTP/1.1[0m" 304 -
[2024-02-05 18:21:32,343] INFO in _internal: 127.0.0.1 - - [05/Feb/2024 18:21:32] "[36mGET /static/img/logo.png HTTP/1.1[0m" 304 -
[2024-02-05 18:21:32,350] INFO in _internal: 127.0.0.1 - - [05/Feb/2024 18:21:32] "GET /static/js/escortv2.js HTTP/1.1" 200 -
[2024-02-05 18:21:32,412] INFO in _internal: 127.0.0.1 - - [05/Feb/2024 18:21:32] "[36mGET /static/img/1.jpg HTTP/1.1[0m" 304 -
[2024-02-05 18:21:32,413] INFO in _internal: 127.0.0.1 - - [05/Feb/2024 18:21:32] "[36mGET /static/img/2.jpg HTTP/1.1[0m" 304 -
[2024-02-05 18:21:32,433] INFO in _internal: 127.0.0.1 - - [05/Feb/2024 18:21:32] "[36mGET /static/img/3.jpg HTTP/1.1[0m" 304 -
[2024-02-05 18:21:32,438] INFO in _internal: 127.0.0.1 - - [05/Feb/2024 18:21:32] "[36mGET /static/img/4.jpg HTTP/1.1[0m" 304 -
[2024-02-05 18:21:32,451] INFO in _internal: 127.0.0.1 - - [05/Feb/2024 18:21:32] "[36mGET /static/img/19.jpg HTTP/1.1[0m" 304 -
[2024-02-05 18:21:32,454] INFO in _internal: 127.0.0.1 - - [05/Feb/2024 18:21:32] "[36mGET /static/img/20.jpg HTTP/1.1[0m" 304 -
[2024-02-05 18:21:32,456] INFO in _internal: 127.0.0.1 - - [05/Feb/2024 18:21:32] "[36mGET /static/img/21.jpg HTTP/1.1[0m" 304 -
[2024-02-05 18:21:32,463] INFO in _internal: 127.0.0.1 - - [05/Feb/2024 18:21:32] "[36mGET /static/img/22.jpg HTTP/1.1[0m" 304 -
[2024-02-06 09:38:34,615] INFO in _internal: [31m[1mWARNING: This is a development server. Do not use it in a production deployment. Use a production WSGI server instead.[0m
 * Running on http://127.0.0.1:5000
[2024-02-06 09:38:34,615] INFO in _internal: [33mPress CTRL+C to quit[0m
[2024-02-06 09:38:34,639] INFO in _internal:  * Restarting with watchdog (windowsapi)
[2024-02-06 09:38:35,341] WARNING in _internal:  * Debugger is active!
[2024-02-06 09:38:35,347] INFO in _internal:  * Debugger PIN: 123-293-346
[2024-02-06 09:38:46,022] INFO in _internal: 127.0.0.1 - - [06/Feb/2024 09:38:46] "GET / HTTP/1.1" 200 -
[2024-02-06 09:38:46,237] INFO in _internal: 127.0.0.1 - - [06/Feb/2024 09:38:46] "[36mGET /static/css/templatemo-style.css HTTP/1.1[0m" 304 -
[2024-02-06 09:38:46,273] INFO in _internal: 127.0.0.1 - - [06/Feb/2024 09:38:46] "[36mGET /static/css/index.css HTTP/1.1[0m" 304 -
[2024-02-06 09:38:46,277] INFO in _internal: 127.0.0.1 - - [06/Feb/2024 09:38:46] "[36mGET /static/img/logo.png HTTP/1.1[0m" 304 -
[2024-02-06 09:38:46,446] INFO in _internal: 127.0.0.1 - - [06/Feb/2024 09:38:46] "GET /sensing_data HTTP/1.1" 200 -
[2024-02-06 09:38:48,349] INFO in _internal: 127.0.0.1 - - [06/Feb/2024 09:38:48] "GET /escortv2 HTTP/1.1" 200 -
[2024-02-06 09:38:48,404] INFO in _internal: 127.0.0.1 - - [06/Feb/2024 09:38:48] "[36mGET /static/img/logo.png HTTP/1.1[0m" 304 -
[2024-02-06 09:38:48,418] INFO in _internal: 127.0.0.1 - - [06/Feb/2024 09:38:48] "GET /static/css/escortv2.css HTTP/1.1" 200 -
[2024-02-06 09:38:48,431] INFO in _internal: 127.0.0.1 - - [06/Feb/2024 09:38:48] "GET /static/js/escortv2.js HTTP/1.1" 200 -
[2024-02-06 09:38:48,533] INFO in _internal: 127.0.0.1 - - [06/Feb/2024 09:38:48] "[36mGET /static/img/3.jpg HTTP/1.1[0m" 304 -
[2024-02-06 09:38:48,534] INFO in _internal: 127.0.0.1 - - [06/Feb/2024 09:38:48] "[36mGET /static/img/2.jpg HTTP/1.1[0m" 304 -
[2024-02-06 09:38:48,534] INFO in _internal: 127.0.0.1 - - [06/Feb/2024 09:38:48] "[36mGET /static/img/1.jpg HTTP/1.1[0m" 304 -
[2024-02-06 09:38:48,537] INFO in _internal: 127.0.0.1 - - [06/Feb/2024 09:38:48] "[36mGET /static/img/4.jpg HTTP/1.1[0m" 304 -
[2024-02-06 09:38:48,537] INFO in _internal: 127.0.0.1 - - [06/Feb/2024 09:38:48] "[36mGET /static/img/19.jpg HTTP/1.1[0m" 304 -
[2024-02-06 09:38:48,540] INFO in _internal: 127.0.0.1 - - [06/Feb/2024 09:38:48] "[36mGET /static/img/20.jpg HTTP/1.1[0m" 304 -
[2024-02-06 09:38:48,567] INFO in _internal: 127.0.0.1 - - [06/Feb/2024 09:38:48] "[36mGET /static/img/21.jpg HTTP/1.1[0m" 304 -
[2024-02-06 09:38:48,568] INFO in _internal: 127.0.0.1 - - [06/Feb/2024 09:38:48] "[36mGET /static/img/22.jpg HTTP/1.1[0m" 304 -
[2024-02-06 09:38:48,595] INFO in _internal: 127.0.0.1 - - [06/Feb/2024 09:38:48] "[33mGET /favicon.ico HTTP/1.1[0m" 404 -
[2024-02-06 09:41:45,619] INFO in _internal: 127.0.0.1 - - [06/Feb/2024 09:41:45] "GET /escortv2 HTTP/1.1" 200 -
[2024-02-06 09:41:45,644] INFO in _internal: 127.0.0.1 - - [06/Feb/2024 09:41:45] "[36mGET /static/css/escortv2.css HTTP/1.1[0m" 304 -
[2024-02-06 09:41:45,646] INFO in _internal: 127.0.0.1 - - [06/Feb/2024 09:41:45] "[36mGET /static/img/logo.png HTTP/1.1[0m" 304 -
[2024-02-06 09:41:45,681] INFO in _internal: 127.0.0.1 - - [06/Feb/2024 09:41:45] "GET /static/js/escortv2.js HTTP/1.1" 200 -
[2024-02-06 09:41:45,712] INFO in _internal: 127.0.0.1 - - [06/Feb/2024 09:41:45] "[36mGET /static/img/3.jpg HTTP/1.1[0m" 304 -
[2024-02-06 09:41:45,713] INFO in _internal: 127.0.0.1 - - [06/Feb/2024 09:41:45] "[36mGET /static/img/4.jpg HTTP/1.1[0m" 304 -
[2024-02-06 09:41:45,713] INFO in _internal: 127.0.0.1 - - [06/Feb/2024 09:41:45] "[36mGET /static/img/2.jpg HTTP/1.1[0m" 304 -
[2024-02-06 09:41:45,714] INFO in _internal: 127.0.0.1 - - [06/Feb/2024 09:41:45] "[36mGET /static/img/1.jpg HTTP/1.1[0m" 304 -
[2024-02-06 09:41:45,721] INFO in _internal: 127.0.0.1 - - [06/Feb/2024 09:41:45] "[36mGET /static/img/19.jpg HTTP/1.1[0m" 304 -
[2024-02-06 09:41:45,740] INFO in _internal: 127.0.0.1 - - [06/Feb/2024 09:41:45] "[36mGET /static/img/20.jpg HTTP/1.1[0m" 304 -
[2024-02-06 09:41:45,746] INFO in _internal: 127.0.0.1 - - [06/Feb/2024 09:41:45] "[36mGET /static/img/21.jpg HTTP/1.1[0m" 304 -
[2024-02-06 09:41:45,751] INFO in _internal: 127.0.0.1 - - [06/Feb/2024 09:41:45] "GET /static/img/23.jpg HTTP/1.1" 200 -
[2024-02-06 09:41:45,753] INFO in _internal: 127.0.0.1 - - [06/Feb/2024 09:41:45] "[36mGET /static/img/22.jpg HTTP/1.1[0m" 304 -
[2024-02-06 09:44:27,089] INFO in _internal: 127.0.0.1 - - [06/Feb/2024 09:44:27] "GET /escortv2 HTTP/1.1" 200 -
[2024-02-06 09:44:27,116] INFO in _internal: 127.0.0.1 - - [06/Feb/2024 09:44:27] "[36mGET /static/img/logo.png HTTP/1.1[0m" 304 -
[2024-02-06 09:44:27,119] INFO in _internal: 127.0.0.1 - - [06/Feb/2024 09:44:27] "[36mGET /static/js/escortv2.js HTTP/1.1[0m" 304 -
[2024-02-06 09:44:27,128] INFO in _internal: 127.0.0.1 - - [06/Feb/2024 09:44:27] "GET /static/css/escortv2.css HTTP/1.1" 200 -
[2024-02-06 09:44:27,171] INFO in _internal: 127.0.0.1 - - [06/Feb/2024 09:44:27] "[36mGET /static/img/2.jpg HTTP/1.1[0m" 304 -
[2024-02-06 09:44:27,172] INFO in _internal: 127.0.0.1 - - [06/Feb/2024 09:44:27] "[36mGET /static/img/1.jpg HTTP/1.1[0m" 304 -
[2024-02-06 09:44:27,172] INFO in _internal: 127.0.0.1 - - [06/Feb/2024 09:44:27] "[36mGET /static/img/3.jpg HTTP/1.1[0m" 304 -
[2024-02-06 09:44:27,175] INFO in _internal: 127.0.0.1 - - [06/Feb/2024 09:44:27] "[36mGET /static/img/4.jpg HTTP/1.1[0m" 304 -
[2024-02-06 09:44:27,191] INFO in _internal: 127.0.0.1 - - [06/Feb/2024 09:44:27] "[36mGET /static/img/19.jpg HTTP/1.1[0m" 304 -
[2024-02-06 09:44:27,194] INFO in _internal: 127.0.0.1 - - [06/Feb/2024 09:44:27] "[36mGET /static/img/20.jpg HTTP/1.1[0m" 304 -
[2024-02-06 09:44:27,198] INFO in _internal: 127.0.0.1 - - [06/Feb/2024 09:44:27] "[36mGET /static/img/21.jpg HTTP/1.1[0m" 304 -
[2024-02-06 09:44:27,207] INFO in _internal: 127.0.0.1 - - [06/Feb/2024 09:44:27] "[36mGET /static/img/22.jpg HTTP/1.1[0m" 304 -
[2024-02-06 09:44:27,209] INFO in _internal: 127.0.0.1 - - [06/Feb/2024 09:44:27] "[36mGET /static/img/23.jpg HTTP/1.1[0m" 304 -
[2024-02-06 09:45:02,144] INFO in _internal: 127.0.0.1 - - [06/Feb/2024 09:45:02] "GET /escortv2 HTTP/1.1" 200 -
[2024-02-06 09:45:02,169] INFO in _internal: 127.0.0.1 - - [06/Feb/2024 09:45:02] "[36mGET /static/img/logo.png HTTP/1.1[0m" 304 -
[2024-02-06 09:45:02,170] INFO in _internal: 127.0.0.1 - - [06/Feb/2024 09:45:02] "[36mGET /static/js/escortv2.js HTTP/1.1[0m" 304 -
[2024-02-06 09:45:02,186] INFO in _internal: 127.0.0.1 - - [06/Feb/2024 09:45:02] "GET /static/css/escortv2.css HTTP/1.1" 200 -
[2024-02-06 09:45:02,229] INFO in _internal: 127.0.0.1 - - [06/Feb/2024 09:45:02] "[36mGET /static/img/1.jpg HTTP/1.1[0m" 304 -
[2024-02-06 09:45:02,229] INFO in _internal: 127.0.0.1 - - [06/Feb/2024 09:45:02] "[36mGET /static/img/2.jpg HTTP/1.1[0m" 304 -
[2024-02-06 09:45:02,234] INFO in _internal: 127.0.0.1 - - [06/Feb/2024 09:45:02] "[36mGET /static/img/3.jpg HTTP/1.1[0m" 304 -
[2024-02-06 09:45:02,258] INFO in _internal: 127.0.0.1 - - [06/Feb/2024 09:45:02] "[36mGET /static/img/19.jpg HTTP/1.1[0m" 304 -
[2024-02-06 09:45:02,260] INFO in _internal: 127.0.0.1 - - [06/Feb/2024 09:45:02] "[36mGET /static/img/4.jpg HTTP/1.1[0m" 304 -
[2024-02-06 09:45:02,261] INFO in _internal: 127.0.0.1 - - [06/Feb/2024 09:45:02] "[36mGET /static/img/20.jpg HTTP/1.1[0m" 304 -
[2024-02-06 09:45:02,267] INFO in _internal: 127.0.0.1 - - [06/Feb/2024 09:45:02] "[36mGET /static/img/21.jpg HTTP/1.1[0m" 304 -
[2024-02-06 09:45:02,269] INFO in _internal: 127.0.0.1 - - [06/Feb/2024 09:45:02] "[36mGET /static/img/23.jpg HTTP/1.1[0m" 304 -
[2024-02-06 09:45:02,273] INFO in _internal: 127.0.0.1 - - [06/Feb/2024 09:45:02] "[36mGET /static/img/22.jpg HTTP/1.1[0m" 304 -
[2024-02-06 09:45:03,505] INFO in _internal: 127.0.0.1 - - [06/Feb/2024 09:45:03] "GET /escortv2 HTTP/1.1" 200 -
[2024-02-06 09:45:03,527] INFO in _internal: 127.0.0.1 - - [06/Feb/2024 09:45:03] "[36mGET /static/css/escortv2.css HTTP/1.1[0m" 304 -
[2024-02-06 09:45:03,530] INFO in _internal: 127.0.0.1 - - [06/Feb/2024 09:45:03] "[36mGET /static/img/logo.png HTTP/1.1[0m" 304 -
[2024-02-06 09:45:03,531] INFO in _internal: 127.0.0.1 - - [06/Feb/2024 09:45:03] "[36mGET /static/js/escortv2.js HTTP/1.1[0m" 304 -
[2024-02-06 09:45:03,561] INFO in _internal: 127.0.0.1 - - [06/Feb/2024 09:45:03] "[36mGET /static/img/1.jpg HTTP/1.1[0m" 304 -
[2024-02-06 09:45:03,565] INFO in _internal: 127.0.0.1 - - [06/Feb/2024 09:45:03] "[36mGET /static/img/4.jpg HTTP/1.1[0m" 304 -
[2024-02-06 09:45:03,565] INFO in _internal: 127.0.0.1 - - [06/Feb/2024 09:45:03] "[36mGET /static/img/3.jpg HTTP/1.1[0m" 304 -
[2024-02-06 09:45:03,568] INFO in _internal: 127.0.0.1 - - [06/Feb/2024 09:45:03] "[36mGET /static/img/2.jpg HTTP/1.1[0m" 304 -
[2024-02-06 09:45:03,574] INFO in _internal: 127.0.0.1 - - [06/Feb/2024 09:45:03] "[36mGET /static/img/19.jpg HTTP/1.1[0m" 304 -
[2024-02-06 09:45:03,583] INFO in _internal: 127.0.0.1 - - [06/Feb/2024 09:45:03] "[36mGET /static/img/20.jpg HTTP/1.1[0m" 304 -
[2024-02-06 09:45:03,590] INFO in _internal: 127.0.0.1 - - [06/Feb/2024 09:45:03] "[36mGET /static/img/21.jpg HTTP/1.1[0m" 304 -
[2024-02-06 09:45:03,594] INFO in _internal: 127.0.0.1 - - [06/Feb/2024 09:45:03] "[36mGET /static/img/22.jpg HTTP/1.1[0m" 304 -
[2024-02-06 09:45:03,595] INFO in _internal: 127.0.0.1 - - [06/Feb/2024 09:45:03] "[36mGET /static/img/23.jpg HTTP/1.1[0m" 304 -
[2024-02-06 09:45:16,147] INFO in _internal: 127.0.0.1 - - [06/Feb/2024 09:45:16] "GET /escortv2 HTTP/1.1" 200 -
[2024-02-06 09:45:16,167] INFO in _internal: 127.0.0.1 - - [06/Feb/2024 09:45:16] "[36mGET /static/img/logo.png HTTP/1.1[0m" 304 -
[2024-02-06 09:45:16,169] INFO in _internal: 127.0.0.1 - - [06/Feb/2024 09:45:16] "[36mGET /static/js/escortv2.js HTTP/1.1[0m" 304 -
[2024-02-06 09:45:16,174] INFO in _internal: 127.0.0.1 - - [06/Feb/2024 09:45:16] "GET /static/css/escortv2.css HTTP/1.1" 200 -
[2024-02-06 09:45:16,205] INFO in _internal: 127.0.0.1 - - [06/Feb/2024 09:45:16] "[36mGET /static/img/1.jpg HTTP/1.1[0m" 304 -
[2024-02-06 09:45:16,206] INFO in _internal: 127.0.0.1 - - [06/Feb/2024 09:45:16] "[36mGET /static/img/2.jpg HTTP/1.1[0m" 304 -
[2024-02-06 09:45:16,206] INFO in _internal: 127.0.0.1 - - [06/Feb/2024 09:45:16] "[36mGET /static/img/3.jpg HTTP/1.1[0m" 304 -
[2024-02-06 09:45:16,225] INFO in _internal: 127.0.0.1 - - [06/Feb/2024 09:45:16] "[36mGET /static/img/4.jpg HTTP/1.1[0m" 304 -
[2024-02-06 09:45:16,229] INFO in _internal: 127.0.0.1 - - [06/Feb/2024 09:45:16] "[36mGET /static/img/19.jpg HTTP/1.1[0m" 304 -
[2024-02-06 09:45:16,234] INFO in _internal: 127.0.0.1 - - [06/Feb/2024 09:45:16] "[36mGET /static/img/20.jpg HTTP/1.1[0m" 304 -
[2024-02-06 09:45:16,239] INFO in _internal: 127.0.0.1 - - [06/Feb/2024 09:45:16] "[36mGET /static/img/21.jpg HTTP/1.1[0m" 304 -
[2024-02-06 09:45:16,246] INFO in _internal: 127.0.0.1 - - [06/Feb/2024 09:45:16] "[36mGET /static/img/22.jpg HTTP/1.1[0m" 304 -
[2024-02-06 09:45:16,248] INFO in _internal: 127.0.0.1 - - [06/Feb/2024 09:45:16] "[36mGET /static/img/23.jpg HTTP/1.1[0m" 304 -
[2024-02-06 09:45:25,969] INFO in _internal: 127.0.0.1 - - [06/Feb/2024 09:45:25] "GET /escortv2 HTTP/1.1" 200 -
[2024-02-06 09:45:25,987] INFO in _internal: 127.0.0.1 - - [06/Feb/2024 09:45:25] "[36mGET /static/img/logo.png HTTP/1.1[0m" 304 -
[2024-02-06 09:45:25,989] INFO in _internal: 127.0.0.1 - - [06/Feb/2024 09:45:25] "[36mGET /static/js/escortv2.js HTTP/1.1[0m" 304 -
[2024-02-06 09:45:25,995] INFO in _internal: 127.0.0.1 - - [06/Feb/2024 09:45:25] "GET /static/css/escortv2.css HTTP/1.1" 200 -
[2024-02-06 09:45:26,027] INFO in _internal: 127.0.0.1 - - [06/Feb/2024 09:45:26] "[36mGET /static/img/3.jpg HTTP/1.1[0m" 304 -
[2024-02-06 09:45:26,027] INFO in _internal: 127.0.0.1 - - [06/Feb/2024 09:45:26] "[36mGET /static/img/1.jpg HTTP/1.1[0m" 304 -
[2024-02-06 09:45:26,028] INFO in _internal: 127.0.0.1 - - [06/Feb/2024 09:45:26] "[36mGET /static/img/2.jpg HTTP/1.1[0m" 304 -
[2024-02-06 09:45:26,031] INFO in _internal: 127.0.0.1 - - [06/Feb/2024 09:45:26] "[36mGET /static/img/4.jpg HTTP/1.1[0m" 304 -
[2024-02-06 09:45:26,032] INFO in _internal: 127.0.0.1 - - [06/Feb/2024 09:45:26] "[36mGET /static/img/19.jpg HTTP/1.1[0m" 304 -
[2024-02-06 09:45:26,038] INFO in _internal: 127.0.0.1 - - [06/Feb/2024 09:45:26] "[36mGET /static/img/20.jpg HTTP/1.1[0m" 304 -
[2024-02-06 09:45:26,050] INFO in _internal: 127.0.0.1 - - [06/Feb/2024 09:45:26] "[36mGET /static/img/21.jpg HTTP/1.1[0m" 304 -
[2024-02-06 09:45:26,057] INFO in _internal: 127.0.0.1 - - [06/Feb/2024 09:45:26] "[36mGET /static/img/22.jpg HTTP/1.1[0m" 304 -
[2024-02-06 09:45:26,059] INFO in _internal: 127.0.0.1 - - [06/Feb/2024 09:45:26] "[36mGET /static/img/23.jpg HTTP/1.1[0m" 304 -
[2024-02-06 09:45:39,632] INFO in _internal: 127.0.0.1 - - [06/Feb/2024 09:45:39] "GET /escortv2 HTTP/1.1" 200 -
[2024-02-06 09:45:39,652] INFO in _internal: 127.0.0.1 - - [06/Feb/2024 09:45:39] "[36mGET /static/img/logo.png HTTP/1.1[0m" 304 -
[2024-02-06 09:45:39,653] INFO in _internal: 127.0.0.1 - - [06/Feb/2024 09:45:39] "[36mGET /static/js/escortv2.js HTTP/1.1[0m" 304 -
[2024-02-06 09:45:39,663] INFO in _internal: 127.0.0.1 - - [06/Feb/2024 09:45:39] "GET /static/css/escortv2.css HTTP/1.1" 200 -
[2024-02-06 09:45:39,697] INFO in _internal: 127.0.0.1 - - [06/Feb/2024 09:45:39] "[36mGET /static/img/1.jpg HTTP/1.1[0m" 304 -
[2024-02-06 09:45:39,697] INFO in _internal: 127.0.0.1 - - [06/Feb/2024 09:45:39] "[36mGET /static/img/3.jpg HTTP/1.1[0m" 304 -
[2024-02-06 09:45:39,707] INFO in _internal: 127.0.0.1 - - [06/Feb/2024 09:45:39] "[36mGET /static/img/4.jpg HTTP/1.1[0m" 304 -
[2024-02-06 09:45:39,709] INFO in _internal: 127.0.0.1 - - [06/Feb/2024 09:45:39] "[36mGET /static/img/2.jpg HTTP/1.1[0m" 304 -
[2024-02-06 09:45:39,720] INFO in _internal: 127.0.0.1 - - [06/Feb/2024 09:45:39] "[36mGET /static/img/20.jpg HTTP/1.1[0m" 304 -
[2024-02-06 09:45:39,721] INFO in _internal: 127.0.0.1 - - [06/Feb/2024 09:45:39] "[36mGET /static/img/19.jpg HTTP/1.1[0m" 304 -
[2024-02-06 09:45:39,726] INFO in _internal: 127.0.0.1 - - [06/Feb/2024 09:45:39] "[36mGET /static/img/21.jpg HTTP/1.1[0m" 304 -
[2024-02-06 09:45:39,730] INFO in _internal: 127.0.0.1 - - [06/Feb/2024 09:45:39] "[36mGET /static/img/22.jpg HTTP/1.1[0m" 304 -
[2024-02-06 09:45:39,731] INFO in _internal: 127.0.0.1 - - [06/Feb/2024 09:45:39] "[36mGET /static/img/23.jpg HTTP/1.1[0m" 304 -
[2024-02-06 09:47:11,421] INFO in _internal: 127.0.0.1 - - [06/Feb/2024 09:47:11] "GET /escortv2 HTTP/1.1" 200 -
[2024-02-06 09:47:11,446] INFO in _internal: 127.0.0.1 - - [06/Feb/2024 09:47:11] "[36mGET /static/img/logo.png HTTP/1.1[0m" 304 -
[2024-02-06 09:47:11,449] INFO in _internal: 127.0.0.1 - - [06/Feb/2024 09:47:11] "[36mGET /static/js/escortv2.js HTTP/1.1[0m" 304 -
[2024-02-06 09:47:11,457] INFO in _internal: 127.0.0.1 - - [06/Feb/2024 09:47:11] "GET /static/css/escortv2.css HTTP/1.1" 200 -
[2024-02-06 09:47:11,482] INFO in _internal: 127.0.0.1 - - [06/Feb/2024 09:47:11] "[36mGET /static/img/1.jpg HTTP/1.1[0m" 304 -
[2024-02-06 09:47:11,484] INFO in _internal: 127.0.0.1 - - [06/Feb/2024 09:47:11] "[36mGET /static/img/2.jpg HTTP/1.1[0m" 304 -
[2024-02-06 09:47:11,498] INFO in _internal: 127.0.0.1 - - [06/Feb/2024 09:47:11] "[36mGET /static/img/3.jpg HTTP/1.1[0m" 304 -
[2024-02-06 09:47:11,504] INFO in _internal: 127.0.0.1 - - [06/Feb/2024 09:47:11] "[36mGET /static/img/4.jpg HTTP/1.1[0m" 304 -
[2024-02-06 09:47:11,508] INFO in _internal: 127.0.0.1 - - [06/Feb/2024 09:47:11] "[36mGET /static/img/19.jpg HTTP/1.1[0m" 304 -
[2024-02-06 09:47:11,508] INFO in _internal: 127.0.0.1 - - [06/Feb/2024 09:47:11] "[36mGET /static/img/20.jpg HTTP/1.1[0m" 304 -
[2024-02-06 09:47:11,513] INFO in _internal: 127.0.0.1 - - [06/Feb/2024 09:47:11] "[36mGET /static/img/21.jpg HTTP/1.1[0m" 304 -
[2024-02-06 09:47:11,516] INFO in _internal: 127.0.0.1 - - [06/Feb/2024 09:47:11] "[36mGET /static/img/22.jpg HTTP/1.1[0m" 304 -
[2024-02-06 09:47:11,520] INFO in _internal: 127.0.0.1 - - [06/Feb/2024 09:47:11] "[36mGET /static/img/23.jpg HTTP/1.1[0m" 304 -
[2024-02-06 09:49:56,608] INFO in _internal: 127.0.0.1 - - [06/Feb/2024 09:49:56] "GET /escortv2 HTTP/1.1" 200 -
[2024-02-06 09:49:56,626] INFO in _internal: 127.0.0.1 - - [06/Feb/2024 09:49:56] "[36mGET /static/img/logo.png HTTP/1.1[0m" 304 -
[2024-02-06 09:49:56,630] INFO in _internal: 127.0.0.1 - - [06/Feb/2024 09:49:56] "GET /static/js/escortv2.js HTTP/1.1" 200 -
[2024-02-06 09:49:56,639] INFO in _internal: 127.0.0.1 - - [06/Feb/2024 09:49:56] "GET /static/css/escortv2.css HTTP/1.1" 200 -
[2024-02-06 09:49:56,665] INFO in _internal: 127.0.0.1 - - [06/Feb/2024 09:49:56] "[36mGET /static/img/2.jpg HTTP/1.1[0m" 304 -
[2024-02-06 09:49:56,667] INFO in _internal: 127.0.0.1 - - [06/Feb/2024 09:49:56] "[36mGET /static/img/1.jpg HTTP/1.1[0m" 304 -
[2024-02-06 09:49:56,675] INFO in _internal: 127.0.0.1 - - [06/Feb/2024 09:49:56] "[36mGET /static/img/3.jpg HTTP/1.1[0m" 304 -
[2024-02-06 09:49:56,681] INFO in _internal: 127.0.0.1 - - [06/Feb/2024 09:49:56] "[36mGET /static/img/4.jpg HTTP/1.1[0m" 304 -
[2024-02-06 09:49:56,682] INFO in _internal: 127.0.0.1 - - [06/Feb/2024 09:49:56] "[36mGET /static/img/19.jpg HTTP/1.1[0m" 304 -
[2024-02-06 09:49:56,692] INFO in _internal: 127.0.0.1 - - [06/Feb/2024 09:49:56] "[36mGET /static/img/20.jpg HTTP/1.1[0m" 304 -
[2024-02-06 09:49:56,693] INFO in _internal: 127.0.0.1 - - [06/Feb/2024 09:49:56] "[36mGET /static/img/21.jpg HTTP/1.1[0m" 304 -
[2024-02-06 09:49:56,696] INFO in _internal: 127.0.0.1 - - [06/Feb/2024 09:49:56] "[36mGET /static/img/22.jpg HTTP/1.1[0m" 304 -
[2024-02-06 09:52:46,989] INFO in _internal: 127.0.0.1 - - [06/Feb/2024 09:52:46] "GET /escortv2 HTTP/1.1" 200 -
[2024-02-06 09:52:47,005] INFO in _internal: 127.0.0.1 - - [06/Feb/2024 09:52:47] "[36mGET /static/css/escortv2.css HTTP/1.1[0m" 304 -
[2024-02-06 09:52:47,006] INFO in _internal: 127.0.0.1 - - [06/Feb/2024 09:52:47] "[36mGET /static/img/logo.png HTTP/1.1[0m" 304 -
[2024-02-06 09:52:47,023] INFO in _internal: 127.0.0.1 - - [06/Feb/2024 09:52:47] "GET /static/js/escortv2.js HTTP/1.1" 200 -
[2024-02-06 09:52:47,057] INFO in _internal: 127.0.0.1 - - [06/Feb/2024 09:52:47] "[36mGET /static/img/1.jpg HTTP/1.1[0m" 304 -
[2024-02-06 09:52:47,059] INFO in _internal: 127.0.0.1 - - [06/Feb/2024 09:52:47] "[36mGET /static/img/2.jpg HTTP/1.1[0m" 304 -
[2024-02-06 09:52:47,059] INFO in _internal: 127.0.0.1 - - [06/Feb/2024 09:52:47] "[36mGET /static/img/4.jpg HTTP/1.1[0m" 304 -
[2024-02-06 09:52:47,060] INFO in _internal: 127.0.0.1 - - [06/Feb/2024 09:52:47] "[36mGET /static/img/3.jpg HTTP/1.1[0m" 304 -
[2024-02-06 09:52:47,063] INFO in _internal: 127.0.0.1 - - [06/Feb/2024 09:52:47] "[36mGET /static/img/19.jpg HTTP/1.1[0m" 304 -
[2024-02-06 09:52:47,073] INFO in _internal: 127.0.0.1 - - [06/Feb/2024 09:52:47] "[36mGET /static/img/20.jpg HTTP/1.1[0m" 304 -
[2024-02-06 09:52:47,082] INFO in _internal: 127.0.0.1 - - [06/Feb/2024 09:52:47] "[36mGET /static/img/21.jpg HTTP/1.1[0m" 304 -
[2024-02-06 09:52:47,083] INFO in _internal: 127.0.0.1 - - [06/Feb/2024 09:52:47] "[36mGET /static/img/22.jpg HTTP/1.1[0m" 304 -
[2024-02-06 09:52:51,324] INFO in _internal: 127.0.0.1 - - [06/Feb/2024 09:52:51] "GET /escortv2 HTTP/1.1" 200 -
[2024-02-06 09:52:51,344] INFO in _internal: 127.0.0.1 - - [06/Feb/2024 09:52:51] "[36mGET /static/css/escortv2.css HTTP/1.1[0m" 304 -
[2024-02-06 09:52:51,346] INFO in _internal: 127.0.0.1 - - [06/Feb/2024 09:52:51] "[36mGET /static/img/logo.png HTTP/1.1[0m" 304 -
[2024-02-06 09:52:51,347] INFO in _internal: 127.0.0.1 - - [06/Feb/2024 09:52:51] "[36mGET /static/js/escortv2.js HTTP/1.1[0m" 304 -
[2024-02-06 09:52:51,375] INFO in _internal: 127.0.0.1 - - [06/Feb/2024 09:52:51] "[36mGET /static/img/1.jpg HTTP/1.1[0m" 304 -
[2024-02-06 09:52:51,375] INFO in _internal: 127.0.0.1 - - [06/Feb/2024 09:52:51] "[36mGET /static/img/2.jpg HTTP/1.1[0m" 304 -
[2024-02-06 09:52:51,376] INFO in _internal: 127.0.0.1 - - [06/Feb/2024 09:52:51] "[36mGET /static/img/3.jpg HTTP/1.1[0m" 304 -
[2024-02-06 09:52:51,385] INFO in _internal: 127.0.0.1 - - [06/Feb/2024 09:52:51] "[36mGET /static/img/19.jpg HTTP/1.1[0m" 304 -
[2024-02-06 09:52:51,386] INFO in _internal: 127.0.0.1 - - [06/Feb/2024 09:52:51] "[36mGET /static/img/4.jpg HTTP/1.1[0m" 304 -
[2024-02-06 09:52:51,392] INFO in _internal: 127.0.0.1 - - [06/Feb/2024 09:52:51] "[36mGET /static/img/20.jpg HTTP/1.1[0m" 304 -
[2024-02-06 09:52:51,395] INFO in _internal: 127.0.0.1 - - [06/Feb/2024 09:52:51] "[36mGET /static/img/21.jpg HTTP/1.1[0m" 304 -
[2024-02-06 09:52:51,397] INFO in _internal: 127.0.0.1 - - [06/Feb/2024 09:52:51] "[36mGET /static/img/22.jpg HTTP/1.1[0m" 304 -
[2024-02-06 09:53:10,604] INFO in _internal: 127.0.0.1 - - [06/Feb/2024 09:53:10] "GET /escortv2 HTTP/1.1" 200 -
[2024-02-06 09:53:10,629] INFO in _internal: 127.0.0.1 - - [06/Feb/2024 09:53:10] "[36mGET /static/css/escortv2.css HTTP/1.1[0m" 304 -
[2024-02-06 09:53:10,630] INFO in _internal: 127.0.0.1 - - [06/Feb/2024 09:53:10] "[36mGET /static/img/logo.png HTTP/1.1[0m" 304 -
[2024-02-06 09:53:10,651] INFO in _internal: 127.0.0.1 - - [06/Feb/2024 09:53:10] "GET /static/js/escortv2.js HTTP/1.1" 200 -
[2024-02-06 09:53:10,671] INFO in _internal: 127.0.0.1 - - [06/Feb/2024 09:53:10] "[36mGET /static/img/1.jpg HTTP/1.1[0m" 304 -
[2024-02-06 09:53:10,675] INFO in _internal: 127.0.0.1 - - [06/Feb/2024 09:53:10] "[36mGET /static/img/2.jpg HTTP/1.1[0m" 304 -
[2024-02-06 09:53:10,677] INFO in _internal: 127.0.0.1 - - [06/Feb/2024 09:53:10] "[36mGET /static/img/3.jpg HTTP/1.1[0m" 304 -
[2024-02-06 09:53:10,679] INFO in _internal: 127.0.0.1 - - [06/Feb/2024 09:53:10] "[36mGET /static/img/19.jpg HTTP/1.1[0m" 304 -
[2024-02-06 09:53:10,685] INFO in _internal: 127.0.0.1 - - [06/Feb/2024 09:53:10] "[36mGET /static/img/4.jpg HTTP/1.1[0m" 304 -
[2024-02-06 09:53:10,689] INFO in _internal: 127.0.0.1 - - [06/Feb/2024 09:53:10] "[36mGET /static/img/20.jpg HTTP/1.1[0m" 304 -
[2024-02-06 09:53:10,698] INFO in _internal: 127.0.0.1 - - [06/Feb/2024 09:53:10] "[36mGET /static/img/21.jpg HTTP/1.1[0m" 304 -
[2024-02-06 09:53:10,705] INFO in _internal: 127.0.0.1 - - [06/Feb/2024 09:53:10] "[36mGET /static/img/23.jpg HTTP/1.1[0m" 304 -
[2024-02-06 09:53:10,706] INFO in _internal: 127.0.0.1 - - [06/Feb/2024 09:53:10] "[36mGET /static/img/22.jpg HTTP/1.1[0m" 304 -
[2024-02-06 09:55:18,922] INFO in _internal: 127.0.0.1 - - [06/Feb/2024 09:55:18] "GET /escortv2 HTTP/1.1" 200 -
[2024-02-06 09:55:18,941] INFO in _internal: 127.0.0.1 - - [06/Feb/2024 09:55:18] "[36mGET /static/css/escortv2.css HTTP/1.1[0m" 304 -
[2024-02-06 09:55:18,947] INFO in _internal: 127.0.0.1 - - [06/Feb/2024 09:55:18] "[36mGET /static/img/logo.png HTTP/1.1[0m" 304 -
[2024-02-06 09:55:18,987] INFO in _internal: 127.0.0.1 - - [06/Feb/2024 09:55:18] "GET /static/js/escortv2.js HTTP/1.1" 200 -
[2024-02-06 09:55:19,005] INFO in _internal: 127.0.0.1 - - [06/Feb/2024 09:55:19] "[36mGET /static/img/1.jpg HTTP/1.1[0m" 304 -
[2024-02-06 09:55:19,007] INFO in _internal: 127.0.0.1 - - [06/Feb/2024 09:55:19] "[36mGET /static/img/2.jpg HTTP/1.1[0m" 304 -
[2024-02-06 09:55:19,009] INFO in _internal: 127.0.0.1 - - [06/Feb/2024 09:55:19] "[36mGET /static/img/3.jpg HTTP/1.1[0m" 304 -
[2024-02-06 09:55:19,012] INFO in _internal: 127.0.0.1 - - [06/Feb/2024 09:55:19] "[36mGET /static/img/4.jpg HTTP/1.1[0m" 304 -
[2024-02-06 09:55:19,022] INFO in _internal: 127.0.0.1 - - [06/Feb/2024 09:55:19] "[36mGET /static/img/19.jpg HTTP/1.1[0m" 304 -
[2024-02-06 09:55:19,031] INFO in _internal: 127.0.0.1 - - [06/Feb/2024 09:55:19] "[36mGET /static/img/20.jpg HTTP/1.1[0m" 304 -
[2024-02-06 09:55:19,033] INFO in _internal: 127.0.0.1 - - [06/Feb/2024 09:55:19] "[36mGET /static/img/21.jpg HTTP/1.1[0m" 304 -
[2024-02-06 09:55:19,036] INFO in _internal: 127.0.0.1 - - [06/Feb/2024 09:55:19] "[36mGET /static/img/22.jpg HTTP/1.1[0m" 304 -
[2024-02-06 09:55:19,040] INFO in _internal: 127.0.0.1 - - [06/Feb/2024 09:55:19] "[36mGET /static/img/23.jpg HTTP/1.1[0m" 304 -
[2024-02-06 09:55:44,572] INFO in _internal: 127.0.0.1 - - [06/Feb/2024 09:55:44] "GET /escortv2 HTTP/1.1" 200 -
[2024-02-06 09:55:44,591] INFO in _internal: 127.0.0.1 - - [06/Feb/2024 09:55:44] "[36mGET /static/css/escortv2.css HTTP/1.1[0m" 304 -
[2024-02-06 09:55:44,593] INFO in _internal: 127.0.0.1 - - [06/Feb/2024 09:55:44] "[36mGET /static/img/logo.png HTTP/1.1[0m" 304 -
[2024-02-06 09:55:44,615] INFO in _internal: 127.0.0.1 - - [06/Feb/2024 09:55:44] "GET /static/js/escortv2.js HTTP/1.1" 200 -
[2024-02-06 09:55:44,639] INFO in _internal: 127.0.0.1 - - [06/Feb/2024 09:55:44] "[36mGET /static/img/1.jpg HTTP/1.1[0m" 304 -
[2024-02-06 09:55:44,639] INFO in _internal: 127.0.0.1 - - [06/Feb/2024 09:55:44] "[36mGET /static/img/2.jpg HTTP/1.1[0m" 304 -
[2024-02-06 09:55:44,640] INFO in _internal: 127.0.0.1 - - [06/Feb/2024 09:55:44] "[36mGET /static/img/3.jpg HTTP/1.1[0m" 304 -
[2024-02-06 09:55:44,643] INFO in _internal: 127.0.0.1 - - [06/Feb/2024 09:55:44] "[36mGET /static/img/4.jpg HTTP/1.1[0m" 304 -
[2024-02-06 09:55:44,650] INFO in _internal: 127.0.0.1 - - [06/Feb/2024 09:55:44] "[36mGET /static/img/19.jpg HTTP/1.1[0m" 304 -
[2024-02-06 09:55:44,654] INFO in _internal: 127.0.0.1 - - [06/Feb/2024 09:55:44] "[36mGET /static/img/20.jpg HTTP/1.1[0m" 304 -
[2024-02-06 09:55:44,663] INFO in _internal: 127.0.0.1 - - [06/Feb/2024 09:55:44] "[36mGET /static/img/21.jpg HTTP/1.1[0m" 304 -
[2024-02-06 09:55:44,667] INFO in _internal: 127.0.0.1 - - [06/Feb/2024 09:55:44] "[36mGET /static/img/22.jpg HTTP/1.1[0m" 304 -
[2024-02-06 09:55:44,669] INFO in _internal: 127.0.0.1 - - [06/Feb/2024 09:55:44] "[36mGET /static/img/23.jpg HTTP/1.1[0m" 304 -
[2024-02-06 09:56:07,347] INFO in _internal: 127.0.0.1 - - [06/Feb/2024 09:56:07] "GET /escortv2 HTTP/1.1" 200 -
[2024-02-06 09:56:07,368] INFO in _internal: 127.0.0.1 - - [06/Feb/2024 09:56:07] "[36mGET /static/css/escortv2.css HTTP/1.1[0m" 304 -
[2024-02-06 09:56:07,369] INFO in _internal: 127.0.0.1 - - [06/Feb/2024 09:56:07] "[36mGET /static/img/logo.png HTTP/1.1[0m" 304 -
[2024-02-06 09:56:07,387] INFO in _internal: 127.0.0.1 - - [06/Feb/2024 09:56:07] "GET /static/js/escortv2.js HTTP/1.1" 200 -
[2024-02-06 09:56:07,405] INFO in _internal: 127.0.0.1 - - [06/Feb/2024 09:56:07] "[36mGET /static/img/1.jpg HTTP/1.1[0m" 304 -
[2024-02-06 09:56:07,407] INFO in _internal: 127.0.0.1 - - [06/Feb/2024 09:56:07] "[36mGET /static/img/2.jpg HTTP/1.1[0m" 304 -
[2024-02-06 09:56:07,416] INFO in _internal: 127.0.0.1 - - [06/Feb/2024 09:56:07] "[36mGET /static/img/4.jpg HTTP/1.1[0m" 304 -
[2024-02-06 09:56:07,421] INFO in _internal: 127.0.0.1 - - [06/Feb/2024 09:56:07] "[36mGET /static/img/3.jpg HTTP/1.1[0m" 304 -
[2024-02-06 09:56:07,425] INFO in _internal: 127.0.0.1 - - [06/Feb/2024 09:56:07] "[36mGET /static/img/19.jpg HTTP/1.1[0m" 304 -
[2024-02-06 09:56:07,427] INFO in _internal: 127.0.0.1 - - [06/Feb/2024 09:56:07] "[36mGET /static/img/20.jpg HTTP/1.1[0m" 304 -
[2024-02-06 09:56:07,430] INFO in _internal: 127.0.0.1 - - [06/Feb/2024 09:56:07] "[36mGET /static/img/21.jpg HTTP/1.1[0m" 304 -
[2024-02-06 09:56:07,432] INFO in _internal: 127.0.0.1 - - [06/Feb/2024 09:56:07] "[36mGET /static/img/22.jpg HTTP/1.1[0m" 304 -
[2024-02-06 09:56:07,435] INFO in _internal: 127.0.0.1 - - [06/Feb/2024 09:56:07] "[36mGET /static/img/23.jpg HTTP/1.1[0m" 304 -
[2024-02-06 09:56:29,419] INFO in _internal: 127.0.0.1 - - [06/Feb/2024 09:56:29] "GET /escortv2 HTTP/1.1" 200 -
[2024-02-06 09:56:29,437] INFO in _internal: 127.0.0.1 - - [06/Feb/2024 09:56:29] "[36mGET /static/css/escortv2.css HTTP/1.1[0m" 304 -
[2024-02-06 09:56:29,438] INFO in _internal: 127.0.0.1 - - [06/Feb/2024 09:56:29] "[36mGET /static/img/logo.png HTTP/1.1[0m" 304 -
[2024-02-06 09:56:29,445] INFO in _internal: 127.0.0.1 - - [06/Feb/2024 09:56:29] "GET /static/js/escortv2.js HTTP/1.1" 200 -
[2024-02-06 09:56:29,475] INFO in _internal: 127.0.0.1 - - [06/Feb/2024 09:56:29] "[36mGET /static/img/2.jpg HTTP/1.1[0m" 304 -
[2024-02-06 09:56:29,476] INFO in _internal: 127.0.0.1 - - [06/Feb/2024 09:56:29] "[36mGET /static/img/1.jpg HTTP/1.1[0m" 304 -
[2024-02-06 09:56:29,485] INFO in _internal: 127.0.0.1 - - [06/Feb/2024 09:56:29] "[36mGET /static/img/3.jpg HTTP/1.1[0m" 304 -
[2024-02-06 09:56:29,491] INFO in _internal: 127.0.0.1 - - [06/Feb/2024 09:56:29] "[36mGET /static/img/4.jpg HTTP/1.1[0m" 304 -
[2024-02-06 09:56:29,493] INFO in _internal: 127.0.0.1 - - [06/Feb/2024 09:56:29] "[36mGET /static/img/20.jpg HTTP/1.1[0m" 304 -
[2024-02-06 09:56:29,496] INFO in _internal: 127.0.0.1 - - [06/Feb/2024 09:56:29] "[36mGET /static/img/19.jpg HTTP/1.1[0m" 304 -
[2024-02-06 09:56:29,505] INFO in _internal: 127.0.0.1 - - [06/Feb/2024 09:56:29] "[36mGET /static/img/21.jpg HTTP/1.1[0m" 304 -
[2024-02-06 09:56:29,506] INFO in _internal: 127.0.0.1 - - [06/Feb/2024 09:56:29] "[36mGET /static/img/22.jpg HTTP/1.1[0m" 304 -
[2024-02-06 09:56:29,508] INFO in _internal: 127.0.0.1 - - [06/Feb/2024 09:56:29] "[36mGET /static/img/23.jpg HTTP/1.1[0m" 304 -
[2024-02-06 10:02:12,390] INFO in _internal: 127.0.0.1 - - [06/Feb/2024 10:02:12] "GET /escortv2 HTTP/1.1" 200 -
[2024-02-06 10:02:12,418] INFO in _internal: 127.0.0.1 - - [06/Feb/2024 10:02:12] "[36mGET /static/css/escortv2.css HTTP/1.1[0m" 304 -
[2024-02-06 10:02:12,419] INFO in _internal: 127.0.0.1 - - [06/Feb/2024 10:02:12] "[36mGET /static/img/logo.png HTTP/1.1[0m" 304 -
[2024-02-06 10:02:12,446] INFO in _internal: 127.0.0.1 - - [06/Feb/2024 10:02:12] "GET /static/js/escortv2.js HTTP/1.1" 200 -
[2024-02-06 10:02:12,470] INFO in _internal: 127.0.0.1 - - [06/Feb/2024 10:02:12] "[36mGET /static/img/1.jpg HTTP/1.1[0m" 304 -
[2024-02-06 10:02:12,480] INFO in _internal: 127.0.0.1 - - [06/Feb/2024 10:02:12] "[36mGET /static/img/2.jpg HTTP/1.1[0m" 304 -
[2024-02-06 10:02:12,480] INFO in _internal: 127.0.0.1 - - [06/Feb/2024 10:02:12] "[36mGET /static/img/4.jpg HTTP/1.1[0m" 304 -
[2024-02-06 10:02:12,485] INFO in _internal: 127.0.0.1 - - [06/Feb/2024 10:02:12] "[36mGET /static/img/3.jpg HTTP/1.1[0m" 304 -
[2024-02-06 10:02:12,493] INFO in _internal: 127.0.0.1 - - [06/Feb/2024 10:02:12] "[36mGET /static/img/19.jpg HTTP/1.1[0m" 304 -
[2024-02-06 10:02:12,498] INFO in _internal: 127.0.0.1 - - [06/Feb/2024 10:02:12] "[36mGET /static/img/21.jpg HTTP/1.1[0m" 304 -
[2024-02-06 10:02:12,500] INFO in _internal: 127.0.0.1 - - [06/Feb/2024 10:02:12] "[36mGET /static/img/20.jpg HTTP/1.1[0m" 304 -
[2024-02-06 10:02:12,504] INFO in _internal: 127.0.0.1 - - [06/Feb/2024 10:02:12] "[36mGET /static/img/22.jpg HTTP/1.1[0m" 304 -
[2024-02-06 10:02:12,509] INFO in _internal: 127.0.0.1 - - [06/Feb/2024 10:02:12] "[36mGET /static/img/23.jpg HTTP/1.1[0m" 304 -
[2024-02-06 10:02:44,300] INFO in _internal: 127.0.0.1 - - [06/Feb/2024 10:02:44] "GET /escortv2 HTTP/1.1" 200 -
[2024-02-06 10:02:44,323] INFO in _internal: 127.0.0.1 - - [06/Feb/2024 10:02:44] "[36mGET /static/css/escortv2.css HTTP/1.1[0m" 304 -
[2024-02-06 10:02:44,324] INFO in _internal: 127.0.0.1 - - [06/Feb/2024 10:02:44] "[36mGET /static/img/logo.png HTTP/1.1[0m" 304 -
[2024-02-06 10:02:44,352] INFO in _internal: 127.0.0.1 - - [06/Feb/2024 10:02:44] "GET /static/js/escortv2.js HTTP/1.1" 200 -
[2024-02-06 10:02:44,372] INFO in _internal: 127.0.0.1 - - [06/Feb/2024 10:02:44] "[36mGET /static/img/1.jpg HTTP/1.1[0m" 304 -
[2024-02-06 10:02:44,373] INFO in _internal: 127.0.0.1 - - [06/Feb/2024 10:02:44] "[36mGET /static/img/2.jpg HTTP/1.1[0m" 304 -
[2024-02-06 10:02:44,374] INFO in _internal: 127.0.0.1 - - [06/Feb/2024 10:02:44] "[36mGET /static/img/3.jpg HTTP/1.1[0m" 304 -
[2024-02-06 10:02:44,379] INFO in _internal: 127.0.0.1 - - [06/Feb/2024 10:02:44] "[36mGET /static/img/4.jpg HTTP/1.1[0m" 304 -
[2024-02-06 10:02:44,402] INFO in _internal: 127.0.0.1 - - [06/Feb/2024 10:02:44] "[36mGET /static/img/20.jpg HTTP/1.1[0m" 304 -
[2024-02-06 10:02:44,402] INFO in _internal: 127.0.0.1 - - [06/Feb/2024 10:02:44] "[36mGET /static/img/19.jpg HTTP/1.1[0m" 304 -
[2024-02-06 10:02:44,405] INFO in _internal: 127.0.0.1 - - [06/Feb/2024 10:02:44] "[36mGET /static/img/21.jpg HTTP/1.1[0m" 304 -
[2024-02-06 10:02:44,407] INFO in _internal: 127.0.0.1 - - [06/Feb/2024 10:02:44] "[36mGET /static/img/22.jpg HTTP/1.1[0m" 304 -
[2024-02-06 10:02:44,409] INFO in _internal: 127.0.0.1 - - [06/Feb/2024 10:02:44] "[36mGET /static/img/23.jpg HTTP/1.1[0m" 304 -
[2024-02-06 10:03:03,831] INFO in _internal: 127.0.0.1 - - [06/Feb/2024 10:03:03] "GET /escortv2 HTTP/1.1" 200 -
[2024-02-06 10:03:03,845] INFO in _internal: 127.0.0.1 - - [06/Feb/2024 10:03:03] "[36mGET /static/css/escortv2.css HTTP/1.1[0m" 304 -
[2024-02-06 10:03:03,854] INFO in _internal: 127.0.0.1 - - [06/Feb/2024 10:03:03] "[36mGET /static/img/logo.png HTTP/1.1[0m" 304 -
[2024-02-06 10:03:03,875] INFO in _internal: 127.0.0.1 - - [06/Feb/2024 10:03:03] "GET /static/js/escortv2.js HTTP/1.1" 200 -
[2024-02-06 10:03:03,895] INFO in _internal: 127.0.0.1 - - [06/Feb/2024 10:03:03] "[36mGET /static/img/1.jpg HTTP/1.1[0m" 304 -
[2024-02-06 10:03:03,895] INFO in _internal: 127.0.0.1 - - [06/Feb/2024 10:03:03] "[36mGET /static/img/2.jpg HTTP/1.1[0m" 304 -
[2024-02-06 10:03:03,903] INFO in _internal: 127.0.0.1 - - [06/Feb/2024 10:03:03] "[36mGET /static/img/3.jpg HTTP/1.1[0m" 304 -
[2024-02-06 10:03:03,915] INFO in _internal: 127.0.0.1 - - [06/Feb/2024 10:03:03] "[36mGET /static/img/4.jpg HTTP/1.1[0m" 304 -
[2024-02-06 10:03:03,920] INFO in _internal: 127.0.0.1 - - [06/Feb/2024 10:03:03] "[36mGET /static/img/19.jpg HTTP/1.1[0m" 304 -
[2024-02-06 10:03:03,926] INFO in _internal: 127.0.0.1 - - [06/Feb/2024 10:03:03] "[36mGET /static/img/20.jpg HTTP/1.1[0m" 304 -
[2024-02-06 10:03:03,928] INFO in _internal: 127.0.0.1 - - [06/Feb/2024 10:03:03] "[36mGET /static/img/21.jpg HTTP/1.1[0m" 304 -
[2024-02-06 10:03:03,938] INFO in _internal: 127.0.0.1 - - [06/Feb/2024 10:03:03] "[36mGET /static/img/22.jpg HTTP/1.1[0m" 304 -
[2024-02-06 10:03:03,939] INFO in _internal: 127.0.0.1 - - [06/Feb/2024 10:03:03] "[36mGET /static/img/23.jpg HTTP/1.1[0m" 304 -
[2024-02-06 10:03:39,706] INFO in _internal: 127.0.0.1 - - [06/Feb/2024 10:03:39] "GET /escortv2 HTTP/1.1" 200 -
[2024-02-06 10:03:39,728] INFO in _internal: 127.0.0.1 - - [06/Feb/2024 10:03:39] "[36mGET /static/css/escortv2.css HTTP/1.1[0m" 304 -
[2024-02-06 10:03:39,729] INFO in _internal: 127.0.0.1 - - [06/Feb/2024 10:03:39] "[36mGET /static/img/logo.png HTTP/1.1[0m" 304 -
[2024-02-06 10:03:39,762] INFO in _internal: 127.0.0.1 - - [06/Feb/2024 10:03:39] "GET /static/js/escortv2.js HTTP/1.1" 200 -
[2024-02-06 10:03:39,785] INFO in _internal: 127.0.0.1 - - [06/Feb/2024 10:03:39] "[36mGET /static/img/1.jpg HTTP/1.1[0m" 304 -
[2024-02-06 10:03:39,799] INFO in _internal: 127.0.0.1 - - [06/Feb/2024 10:03:39] "[36mGET /static/img/2.jpg HTTP/1.1[0m" 304 -
[2024-02-06 10:03:39,803] INFO in _internal: 127.0.0.1 - - [06/Feb/2024 10:03:39] "[36mGET /static/img/3.jpg HTTP/1.1[0m" 304 -
[2024-02-06 10:03:39,806] INFO in _internal: 127.0.0.1 - - [06/Feb/2024 10:03:39] "[36mGET /static/img/4.jpg HTTP/1.1[0m" 304 -
[2024-02-06 10:03:39,810] INFO in _internal: 127.0.0.1 - - [06/Feb/2024 10:03:39] "[36mGET /static/img/19.jpg HTTP/1.1[0m" 304 -
[2024-02-06 10:03:39,816] INFO in _internal: 127.0.0.1 - - [06/Feb/2024 10:03:39] "[36mGET /static/img/20.jpg HTTP/1.1[0m" 304 -
[2024-02-06 10:03:39,823] INFO in _internal: 127.0.0.1 - - [06/Feb/2024 10:03:39] "[36mGET /static/img/21.jpg HTTP/1.1[0m" 304 -
[2024-02-06 10:03:39,825] INFO in _internal: 127.0.0.1 - - [06/Feb/2024 10:03:39] "[36mGET /static/img/22.jpg HTTP/1.1[0m" 304 -
[2024-02-06 10:03:39,833] INFO in _internal: 127.0.0.1 - - [06/Feb/2024 10:03:39] "[36mGET /static/img/23.jpg HTTP/1.1[0m" 304 -
[2024-02-06 10:05:15,509] INFO in _internal: 127.0.0.1 - - [06/Feb/2024 10:05:15] "GET /escortv2 HTTP/1.1" 200 -
[2024-02-06 10:05:15,534] INFO in _internal: 127.0.0.1 - - [06/Feb/2024 10:05:15] "[36mGET /static/css/escortv2.css HTTP/1.1[0m" 304 -
[2024-02-06 10:05:15,535] INFO in _internal: 127.0.0.1 - - [06/Feb/2024 10:05:15] "[36mGET /static/img/logo.png HTTP/1.1[0m" 304 -
[2024-02-06 10:05:15,560] INFO in _internal: 127.0.0.1 - - [06/Feb/2024 10:05:15] "GET /static/js/escortv2.js HTTP/1.1" 200 -
[2024-02-06 10:05:15,585] INFO in _internal: 127.0.0.1 - - [06/Feb/2024 10:05:15] "[36mGET /static/img/1.jpg HTTP/1.1[0m" 304 -
[2024-02-06 10:05:15,586] INFO in _internal: 127.0.0.1 - - [06/Feb/2024 10:05:15] "[36mGET /static/img/2.jpg HTTP/1.1[0m" 304 -
[2024-02-06 10:05:15,604] INFO in _internal: 127.0.0.1 - - [06/Feb/2024 10:05:15] "[36mGET /static/img/3.jpg HTTP/1.1[0m" 304 -
[2024-02-06 10:05:15,606] INFO in _internal: 127.0.0.1 - - [06/Feb/2024 10:05:15] "[36mGET /static/img/4.jpg HTTP/1.1[0m" 304 -
[2024-02-06 10:05:15,609] INFO in _internal: 127.0.0.1 - - [06/Feb/2024 10:05:15] "[36mGET /static/img/19.jpg HTTP/1.1[0m" 304 -
[2024-02-06 10:05:15,613] INFO in _internal: 127.0.0.1 - - [06/Feb/2024 10:05:15] "[36mGET /static/img/20.jpg HTTP/1.1[0m" 304 -
[2024-02-06 10:05:15,617] INFO in _internal: 127.0.0.1 - - [06/Feb/2024 10:05:15] "[36mGET /static/img/21.jpg HTTP/1.1[0m" 304 -
[2024-02-06 10:05:15,622] INFO in _internal: 127.0.0.1 - - [06/Feb/2024 10:05:15] "[36mGET /static/img/22.jpg HTTP/1.1[0m" 304 -
[2024-02-06 10:05:15,625] INFO in _internal: 127.0.0.1 - - [06/Feb/2024 10:05:15] "[36mGET /static/img/23.jpg HTTP/1.1[0m" 304 -
[2024-02-06 10:05:27,180] INFO in _internal: 127.0.0.1 - - [06/Feb/2024 10:05:27] "GET /escortv2 HTTP/1.1" 200 -
[2024-02-06 10:05:27,201] INFO in _internal: 127.0.0.1 - - [06/Feb/2024 10:05:27] "[36mGET /static/css/escortv2.css HTTP/1.1[0m" 304 -
[2024-02-06 10:05:27,202] INFO in _internal: 127.0.0.1 - - [06/Feb/2024 10:05:27] "[36mGET /static/img/logo.png HTTP/1.1[0m" 304 -
[2024-02-06 10:05:27,207] INFO in _internal: 127.0.0.1 - - [06/Feb/2024 10:05:27] "GET /static/js/escortv2.js HTTP/1.1" 200 -
[2024-02-06 10:05:27,238] INFO in _internal: 127.0.0.1 - - [06/Feb/2024 10:05:27] "[36mGET /static/img/1.jpg HTTP/1.1[0m" 304 -
[2024-02-06 10:05:27,238] INFO in _internal: 127.0.0.1 - - [06/Feb/2024 10:05:27] "[36mGET /static/img/2.jpg HTTP/1.1[0m" 304 -
[2024-02-06 10:05:27,240] INFO in _internal: 127.0.0.1 - - [06/Feb/2024 10:05:27] "[36mGET /static/img/3.jpg HTTP/1.1[0m" 304 -
[2024-02-06 10:05:27,241] INFO in _internal: 127.0.0.1 - - [06/Feb/2024 10:05:27] "[36mGET /static/img/4.jpg HTTP/1.1[0m" 304 -
[2024-02-06 10:05:27,247] INFO in _internal: 127.0.0.1 - - [06/Feb/2024 10:05:27] "[36mGET /static/img/20.jpg HTTP/1.1[0m" 304 -
[2024-02-06 10:05:27,257] INFO in _internal: 127.0.0.1 - - [06/Feb/2024 10:05:27] "[36mGET /static/img/19.jpg HTTP/1.1[0m" 304 -
[2024-02-06 10:05:27,264] INFO in _internal: 127.0.0.1 - - [06/Feb/2024 10:05:27] "[36mGET /static/img/21.jpg HTTP/1.1[0m" 304 -
[2024-02-06 10:05:27,265] INFO in _internal: 127.0.0.1 - - [06/Feb/2024 10:05:27] "[36mGET /static/img/22.jpg HTTP/1.1[0m" 304 -
[2024-02-06 10:05:27,269] INFO in _internal: 127.0.0.1 - - [06/Feb/2024 10:05:27] "[36mGET /static/img/23.jpg HTTP/1.1[0m" 304 -
[2024-02-06 10:05:37,603] INFO in _internal: 127.0.0.1 - - [06/Feb/2024 10:05:37] "GET /escortv2 HTTP/1.1" 200 -
[2024-02-06 10:05:37,620] INFO in _internal: 127.0.0.1 - - [06/Feb/2024 10:05:37] "[36mGET /static/css/escortv2.css HTTP/1.1[0m" 304 -
[2024-02-06 10:05:37,624] INFO in _internal: 127.0.0.1 - - [06/Feb/2024 10:05:37] "[36mGET /static/img/logo.png HTTP/1.1[0m" 304 -
[2024-02-06 10:05:37,644] INFO in _internal: 127.0.0.1 - - [06/Feb/2024 10:05:37] "GET /static/js/escortv2.js HTTP/1.1" 200 -
[2024-02-06 10:05:37,664] INFO in _internal: 127.0.0.1 - - [06/Feb/2024 10:05:37] "[36mGET /static/img/1.jpg HTTP/1.1[0m" 304 -
[2024-02-06 10:05:37,669] INFO in _internal: 127.0.0.1 - - [06/Feb/2024 10:05:37] "[36mGET /static/img/2.jpg HTTP/1.1[0m" 304 -
[2024-02-06 10:05:37,671] INFO in _internal: 127.0.0.1 - - [06/Feb/2024 10:05:37] "[36mGET /static/img/3.jpg HTTP/1.1[0m" 304 -
[2024-02-06 10:05:37,683] INFO in _internal: 127.0.0.1 - - [06/Feb/2024 10:05:37] "[36mGET /static/img/19.jpg HTTP/1.1[0m" 304 -
[2024-02-06 10:05:37,683] INFO in _internal: 127.0.0.1 - - [06/Feb/2024 10:05:37] "[36mGET /static/img/4.jpg HTTP/1.1[0m" 304 -
[2024-02-06 10:05:37,692] INFO in _internal: 127.0.0.1 - - [06/Feb/2024 10:05:37] "[36mGET /static/img/21.jpg HTTP/1.1[0m" 304 -
[2024-02-06 10:05:37,692] INFO in _internal: 127.0.0.1 - - [06/Feb/2024 10:05:37] "[36mGET /static/img/20.jpg HTTP/1.1[0m" 304 -
[2024-02-06 10:05:37,700] INFO in _internal: 127.0.0.1 - - [06/Feb/2024 10:05:37] "[36mGET /static/img/22.jpg HTTP/1.1[0m" 304 -
[2024-02-06 10:05:37,706] INFO in _internal: 127.0.0.1 - - [06/Feb/2024 10:05:37] "[36mGET /static/img/23.jpg HTTP/1.1[0m" 304 -
[2024-02-06 10:05:48,597] INFO in _internal: 127.0.0.1 - - [06/Feb/2024 10:05:48] "GET /escortv2 HTTP/1.1" 200 -
[2024-02-06 10:05:48,617] INFO in _internal: 127.0.0.1 - - [06/Feb/2024 10:05:48] "[36mGET /static/css/escortv2.css HTTP/1.1[0m" 304 -
[2024-02-06 10:05:48,619] INFO in _internal: 127.0.0.1 - - [06/Feb/2024 10:05:48] "[36mGET /static/img/logo.png HTTP/1.1[0m" 304 -
[2024-02-06 10:05:48,622] INFO in _internal: 127.0.0.1 - - [06/Feb/2024 10:05:48] "GET /static/js/escortv2.js HTTP/1.1" 200 -
[2024-02-06 10:05:48,651] INFO in _internal: 127.0.0.1 - - [06/Feb/2024 10:05:48] "[36mGET /static/img/1.jpg HTTP/1.1[0m" 304 -
[2024-02-06 10:05:48,652] INFO in _internal: 127.0.0.1 - - [06/Feb/2024 10:05:48] "[36mGET /static/img/2.jpg HTTP/1.1[0m" 304 -
[2024-02-06 10:05:48,656] INFO in _internal: 127.0.0.1 - - [06/Feb/2024 10:05:48] "[36mGET /static/img/3.jpg HTTP/1.1[0m" 304 -
[2024-02-06 10:05:48,668] INFO in _internal: 127.0.0.1 - - [06/Feb/2024 10:05:48] "[36mGET /static/img/19.jpg HTTP/1.1[0m" 304 -
[2024-02-06 10:05:48,670] INFO in _internal: 127.0.0.1 - - [06/Feb/2024 10:05:48] "[36mGET /static/img/4.jpg HTTP/1.1[0m" 304 -
[2024-02-06 10:05:48,672] INFO in _internal: 127.0.0.1 - - [06/Feb/2024 10:05:48] "[36mGET /static/img/20.jpg HTTP/1.1[0m" 304 -
[2024-02-06 10:05:48,681] INFO in _internal: 127.0.0.1 - - [06/Feb/2024 10:05:48] "[36mGET /static/img/21.jpg HTTP/1.1[0m" 304 -
[2024-02-06 10:05:48,683] INFO in _internal: 127.0.0.1 - - [06/Feb/2024 10:05:48] "[36mGET /static/img/22.jpg HTTP/1.1[0m" 304 -
[2024-02-06 10:05:48,685] INFO in _internal: 127.0.0.1 - - [06/Feb/2024 10:05:48] "[36mGET /static/img/23.jpg HTTP/1.1[0m" 304 -
[2024-02-06 10:05:49,467] INFO in _internal: 127.0.0.1 - - [06/Feb/2024 10:05:49] "GET /escortv2 HTTP/1.1" 200 -
[2024-02-06 10:05:49,482] INFO in _internal: 127.0.0.1 - - [06/Feb/2024 10:05:49] "[36mGET /static/css/escortv2.css HTTP/1.1[0m" 304 -
[2024-02-06 10:05:49,485] INFO in _internal: 127.0.0.1 - - [06/Feb/2024 10:05:49] "[36mGET /static/img/logo.png HTTP/1.1[0m" 304 -
[2024-02-06 10:05:49,485] INFO in _internal: 127.0.0.1 - - [06/Feb/2024 10:05:49] "[36mGET /static/js/escortv2.js HTTP/1.1[0m" 304 -
[2024-02-06 10:05:49,518] INFO in _internal: 127.0.0.1 - - [06/Feb/2024 10:05:49] "[36mGET /static/img/1.jpg HTTP/1.1[0m" 304 -
[2024-02-06 10:05:49,519] INFO in _internal: 127.0.0.1 - - [06/Feb/2024 10:05:49] "[36mGET /static/img/2.jpg HTTP/1.1[0m" 304 -
[2024-02-06 10:05:49,532] INFO in _internal: 127.0.0.1 - - [06/Feb/2024 10:05:49] "[36mGET /static/img/3.jpg HTTP/1.1[0m" 304 -
[2024-02-06 10:05:49,535] INFO in _internal: 127.0.0.1 - - [06/Feb/2024 10:05:49] "[36mGET /static/img/4.jpg HTTP/1.1[0m" 304 -
[2024-02-06 10:05:49,537] INFO in _internal: 127.0.0.1 - - [06/Feb/2024 10:05:49] "[36mGET /static/img/19.jpg HTTP/1.1[0m" 304 -
[2024-02-06 10:05:49,548] INFO in _internal: 127.0.0.1 - - [06/Feb/2024 10:05:49] "[36mGET /static/img/20.jpg HTTP/1.1[0m" 304 -
[2024-02-06 10:05:49,552] INFO in _internal: 127.0.0.1 - - [06/Feb/2024 10:05:49] "[36mGET /static/img/21.jpg HTTP/1.1[0m" 304 -
[2024-02-06 10:05:49,560] INFO in _internal: 127.0.0.1 - - [06/Feb/2024 10:05:49] "[36mGET /static/img/22.jpg HTTP/1.1[0m" 304 -
[2024-02-06 10:05:49,566] INFO in _internal: 127.0.0.1 - - [06/Feb/2024 10:05:49] "[36mGET /static/img/23.jpg HTTP/1.1[0m" 304 -
[2024-02-06 10:06:00,294] INFO in _internal: 127.0.0.1 - - [06/Feb/2024 10:06:00] "GET /escortv2 HTTP/1.1" 200 -
[2024-02-06 10:06:00,314] INFO in _internal: 127.0.0.1 - - [06/Feb/2024 10:06:00] "[36mGET /static/css/escortv2.css HTTP/1.1[0m" 304 -
[2024-02-06 10:06:00,315] INFO in _internal: 127.0.0.1 - - [06/Feb/2024 10:06:00] "[36mGET /static/img/logo.png HTTP/1.1[0m" 304 -
[2024-02-06 10:06:00,318] INFO in _internal: 127.0.0.1 - - [06/Feb/2024 10:06:00] "GET /static/js/escortv2.js HTTP/1.1" 200 -
[2024-02-06 10:06:00,353] INFO in _internal: 127.0.0.1 - - [06/Feb/2024 10:06:00] "[36mGET /static/img/3.jpg HTTP/1.1[0m" 304 -
[2024-02-06 10:06:00,353] INFO in _internal: 127.0.0.1 - - [06/Feb/2024 10:06:00] "[36mGET /static/img/1.jpg HTTP/1.1[0m" 304 -
[2024-02-06 10:06:00,354] INFO in _internal: 127.0.0.1 - - [06/Feb/2024 10:06:00] "[36mGET /static/img/2.jpg HTTP/1.1[0m" 304 -
[2024-02-06 10:06:00,358] INFO in _internal: 127.0.0.1 - - [06/Feb/2024 10:06:00] "[36mGET /static/img/4.jpg HTTP/1.1[0m" 304 -
[2024-02-06 10:06:00,374] INFO in _internal: 127.0.0.1 - - [06/Feb/2024 10:06:00] "[36mGET /static/img/19.jpg HTTP/1.1[0m" 304 -
[2024-02-06 10:06:00,376] INFO in _internal: 127.0.0.1 - - [06/Feb/2024 10:06:00] "[36mGET /static/img/20.jpg HTTP/1.1[0m" 304 -
[2024-02-06 10:06:00,377] INFO in _internal: 127.0.0.1 - - [06/Feb/2024 10:06:00] "[36mGET /static/img/21.jpg HTTP/1.1[0m" 304 -
[2024-02-06 10:06:00,379] INFO in _internal: 127.0.0.1 - - [06/Feb/2024 10:06:00] "[36mGET /static/img/22.jpg HTTP/1.1[0m" 304 -
[2024-02-06 10:06:00,381] INFO in _internal: 127.0.0.1 - - [06/Feb/2024 10:06:00] "[36mGET /static/img/23.jpg HTTP/1.1[0m" 304 -
[2024-02-06 10:07:34,605] INFO in _internal: 127.0.0.1 - - [06/Feb/2024 10:07:34] "GET /escortv2 HTTP/1.1" 200 -
[2024-02-06 10:07:34,626] INFO in _internal: 127.0.0.1 - - [06/Feb/2024 10:07:34] "[36mGET /static/css/escortv2.css HTTP/1.1[0m" 304 -
[2024-02-06 10:07:34,628] INFO in _internal: 127.0.0.1 - - [06/Feb/2024 10:07:34] "[36mGET /static/img/logo.png HTTP/1.1[0m" 304 -
[2024-02-06 10:07:34,656] INFO in _internal: 127.0.0.1 - - [06/Feb/2024 10:07:34] "GET /static/js/escortv2.js HTTP/1.1" 200 -
[2024-02-06 10:07:34,680] INFO in _internal: 127.0.0.1 - - [06/Feb/2024 10:07:34] "[36mGET /static/img/1.jpg HTTP/1.1[0m" 304 -
[2024-02-06 10:07:34,680] INFO in _internal: 127.0.0.1 - - [06/Feb/2024 10:07:34] "[36mGET /static/img/2.jpg HTTP/1.1[0m" 304 -
[2024-02-06 10:07:34,687] INFO in _internal: 127.0.0.1 - - [06/Feb/2024 10:07:34] "[36mGET /static/img/3.jpg HTTP/1.1[0m" 304 -
[2024-02-06 10:07:34,696] INFO in _internal: 127.0.0.1 - - [06/Feb/2024 10:07:34] "[36mGET /static/img/4.jpg HTTP/1.1[0m" 304 -
[2024-02-06 10:07:34,699] INFO in _internal: 127.0.0.1 - - [06/Feb/2024 10:07:34] "[36mGET /static/img/19.jpg HTTP/1.1[0m" 304 -
[2024-02-06 10:07:34,706] INFO in _internal: 127.0.0.1 - - [06/Feb/2024 10:07:34] "[36mGET /static/img/20.jpg HTTP/1.1[0m" 304 -
[2024-02-06 10:07:34,712] INFO in _internal: 127.0.0.1 - - [06/Feb/2024 10:07:34] "[36mGET /static/img/21.jpg HTTP/1.1[0m" 304 -
[2024-02-06 10:07:34,713] INFO in _internal: 127.0.0.1 - - [06/Feb/2024 10:07:34] "[36mGET /static/img/22.jpg HTTP/1.1[0m" 304 -
[2024-02-06 10:07:34,719] INFO in _internal: 127.0.0.1 - - [06/Feb/2024 10:07:34] "[36mGET /static/img/23.jpg HTTP/1.1[0m" 304 -
[2024-02-06 10:07:45,663] INFO in _internal: 127.0.0.1 - - [06/Feb/2024 10:07:45] "GET /escortv2 HTTP/1.1" 200 -
[2024-02-06 10:07:45,678] INFO in _internal: 127.0.0.1 - - [06/Feb/2024 10:07:45] "[36mGET /static/css/escortv2.css HTTP/1.1[0m" 304 -
[2024-02-06 10:07:45,682] INFO in _internal: 127.0.0.1 - - [06/Feb/2024 10:07:45] "[36mGET /static/img/logo.png HTTP/1.1[0m" 304 -
[2024-02-06 10:07:45,702] INFO in _internal: 127.0.0.1 - - [06/Feb/2024 10:07:45] "GET /static/js/escortv2.js HTTP/1.1" 200 -
[2024-02-06 10:07:45,725] INFO in _internal: 127.0.0.1 - - [06/Feb/2024 10:07:45] "[36mGET /static/img/2.jpg HTTP/1.1[0m" 304 -
[2024-02-06 10:07:45,725] INFO in _internal: 127.0.0.1 - - [06/Feb/2024 10:07:45] "[36mGET /static/img/1.jpg HTTP/1.1[0m" 304 -
[2024-02-06 10:07:45,729] INFO in _internal: 127.0.0.1 - - [06/Feb/2024 10:07:45] "[36mGET /static/img/3.jpg HTTP/1.1[0m" 304 -
[2024-02-06 10:07:45,736] INFO in _internal: 127.0.0.1 - - [06/Feb/2024 10:07:45] "[36mGET /static/img/19.jpg HTTP/1.1[0m" 304 -
[2024-02-06 10:07:45,737] INFO in _internal: 127.0.0.1 - - [06/Feb/2024 10:07:45] "[36mGET /static/img/4.jpg HTTP/1.1[0m" 304 -
[2024-02-06 10:07:45,739] INFO in _internal: 127.0.0.1 - - [06/Feb/2024 10:07:45] "[36mGET /static/img/20.jpg HTTP/1.1[0m" 304 -
[2024-02-06 10:07:45,749] INFO in _internal: 127.0.0.1 - - [06/Feb/2024 10:07:45] "[36mGET /static/img/21.jpg HTTP/1.1[0m" 304 -
[2024-02-06 10:07:45,753] INFO in _internal: 127.0.0.1 - - [06/Feb/2024 10:07:45] "[36mGET /static/img/22.jpg HTTP/1.1[0m" 304 -
[2024-02-06 10:07:45,755] INFO in _internal: 127.0.0.1 - - [06/Feb/2024 10:07:45] "[36mGET /static/img/23.jpg HTTP/1.1[0m" 304 -
[2024-02-06 10:08:03,625] INFO in _internal: 127.0.0.1 - - [06/Feb/2024 10:08:03] "GET /escortv2 HTTP/1.1" 200 -
[2024-02-06 10:08:03,648] INFO in _internal: 127.0.0.1 - - [06/Feb/2024 10:08:03] "[36mGET /static/css/escortv2.css HTTP/1.1[0m" 304 -
[2024-02-06 10:08:03,650] INFO in _internal: 127.0.0.1 - - [06/Feb/2024 10:08:03] "[36mGET /static/img/logo.png HTTP/1.1[0m" 304 -
[2024-02-06 10:08:03,674] INFO in _internal: 127.0.0.1 - - [06/Feb/2024 10:08:03] "GET /static/js/escortv2.js HTTP/1.1" 200 -
[2024-02-06 10:08:03,696] INFO in _internal: 127.0.0.1 - - [06/Feb/2024 10:08:03] "[36mGET /static/img/1.jpg HTTP/1.1[0m" 304 -
[2024-02-06 10:08:03,697] INFO in _internal: 127.0.0.1 - - [06/Feb/2024 10:08:03] "[36mGET /static/img/2.jpg HTTP/1.1[0m" 304 -
[2024-02-06 10:08:03,703] INFO in _internal: 127.0.0.1 - - [06/Feb/2024 10:08:03] "[36mGET /static/img/3.jpg HTTP/1.1[0m" 304 -
[2024-02-06 10:08:03,718] INFO in _internal: 127.0.0.1 - - [06/Feb/2024 10:08:03] "[36mGET /static/img/4.jpg HTTP/1.1[0m" 304 -
[2024-02-06 10:08:03,722] INFO in _internal: 127.0.0.1 - - [06/Feb/2024 10:08:03] "[36mGET /static/img/19.jpg HTTP/1.1[0m" 304 -
[2024-02-06 10:08:03,726] INFO in _internal: 127.0.0.1 - - [06/Feb/2024 10:08:03] "[36mGET /static/img/20.jpg HTTP/1.1[0m" 304 -
[2024-02-06 10:08:03,728] INFO in _internal: 127.0.0.1 - - [06/Feb/2024 10:08:03] "[36mGET /static/img/21.jpg HTTP/1.1[0m" 304 -
[2024-02-06 10:08:03,739] INFO in _internal: 127.0.0.1 - - [06/Feb/2024 10:08:03] "[36mGET /static/img/23.jpg HTTP/1.1[0m" 304 -
[2024-02-06 10:08:03,743] INFO in _internal: 127.0.0.1 - - [06/Feb/2024 10:08:03] "[36mGET /static/img/22.jpg HTTP/1.1[0m" 304 -
[2024-02-06 10:08:17,536] INFO in _internal: 127.0.0.1 - - [06/Feb/2024 10:08:17] "GET /escortv2 HTTP/1.1" 200 -
[2024-02-06 10:08:17,553] INFO in _internal: 127.0.0.1 - - [06/Feb/2024 10:08:17] "[36mGET /static/css/escortv2.css HTTP/1.1[0m" 304 -
[2024-02-06 10:08:17,557] INFO in _internal: 127.0.0.1 - - [06/Feb/2024 10:08:17] "[36mGET /static/img/logo.png HTTP/1.1[0m" 304 -
[2024-02-06 10:08:17,575] INFO in _internal: 127.0.0.1 - - [06/Feb/2024 10:08:17] "GET /static/js/escortv2.js HTTP/1.1" 200 -
[2024-02-06 10:08:17,599] INFO in _internal: 127.0.0.1 - - [06/Feb/2024 10:08:17] "[36mGET /static/img/3.jpg HTTP/1.1[0m" 304 -
[2024-02-06 10:08:17,600] INFO in _internal: 127.0.0.1 - - [06/Feb/2024 10:08:17] "[36mGET /static/img/1.jpg HTTP/1.1[0m" 304 -
[2024-02-06 10:08:17,600] INFO in _internal: 127.0.0.1 - - [06/Feb/2024 10:08:17] "[36mGET /static/img/2.jpg HTTP/1.1[0m" 304 -
[2024-02-06 10:08:17,601] INFO in _internal: 127.0.0.1 - - [06/Feb/2024 10:08:17] "[36mGET /static/img/19.jpg HTTP/1.1[0m" 304 -
[2024-02-06 10:08:17,601] INFO in _internal: 127.0.0.1 - - [06/Feb/2024 10:08:17] "[36mGET /static/img/4.jpg HTTP/1.1[0m" 304 -
[2024-02-06 10:08:17,603] INFO in _internal: 127.0.0.1 - - [06/Feb/2024 10:08:17] "[36mGET /static/img/20.jpg HTTP/1.1[0m" 304 -
[2024-02-06 10:08:17,619] INFO in _internal: 127.0.0.1 - - [06/Feb/2024 10:08:17] "[36mGET /static/img/21.jpg HTTP/1.1[0m" 304 -
[2024-02-06 10:08:17,625] INFO in _internal: 127.0.0.1 - - [06/Feb/2024 10:08:17] "[36mGET /static/img/22.jpg HTTP/1.1[0m" 304 -
[2024-02-06 10:08:17,626] INFO in _internal: 127.0.0.1 - - [06/Feb/2024 10:08:17] "[36mGET /static/img/23.jpg HTTP/1.1[0m" 304 -
[2024-02-06 10:08:17,793] INFO in _internal: 127.0.0.1 - - [06/Feb/2024 10:08:17] "GET /escortv2 HTTP/1.1" 200 -
[2024-02-06 10:08:17,812] INFO in _internal: 127.0.0.1 - - [06/Feb/2024 10:08:17] "[36mGET /static/img/logo.png HTTP/1.1[0m" 304 -
[2024-02-06 10:08:17,813] INFO in _internal: 127.0.0.1 - - [06/Feb/2024 10:08:17] "[36mGET /static/css/escortv2.css HTTP/1.1[0m" 304 -
[2024-02-06 10:08:17,813] INFO in _internal: 127.0.0.1 - - [06/Feb/2024 10:08:17] "[36mGET /static/js/escortv2.js HTTP/1.1[0m" 304 -
[2024-02-06 10:08:17,871] INFO in _internal: 127.0.0.1 - - [06/Feb/2024 10:08:17] "[36mGET /static/img/1.jpg HTTP/1.1[0m" 304 -
[2024-02-06 10:08:17,872] INFO in _internal: 127.0.0.1 - - [06/Feb/2024 10:08:17] "[36mGET /static/img/2.jpg HTTP/1.1[0m" 304 -
[2024-02-06 10:08:17,874] INFO in _internal: 127.0.0.1 - - [06/Feb/2024 10:08:17] "[36mGET /static/img/3.jpg HTTP/1.1[0m" 304 -
[2024-02-06 10:08:17,875] INFO in _internal: 127.0.0.1 - - [06/Feb/2024 10:08:17] "[36mGET /static/img/4.jpg HTTP/1.1[0m" 304 -
[2024-02-06 10:08:17,877] INFO in _internal: 127.0.0.1 - - [06/Feb/2024 10:08:17] "[36mGET /static/img/19.jpg HTTP/1.1[0m" 304 -
[2024-02-06 10:08:17,880] INFO in _internal: 127.0.0.1 - - [06/Feb/2024 10:08:17] "[36mGET /static/img/20.jpg HTTP/1.1[0m" 304 -
[2024-02-06 10:08:17,895] INFO in _internal: 127.0.0.1 - - [06/Feb/2024 10:08:17] "[36mGET /static/img/21.jpg HTTP/1.1[0m" 304 -
[2024-02-06 10:08:17,898] INFO in _internal: 127.0.0.1 - - [06/Feb/2024 10:08:17] "[36mGET /static/img/22.jpg HTTP/1.1[0m" 304 -
[2024-02-06 10:08:17,902] INFO in _internal: 127.0.0.1 - - [06/Feb/2024 10:08:17] "[36mGET /static/img/23.jpg HTTP/1.1[0m" 304 -
[2024-02-06 10:08:30,487] INFO in _internal: 127.0.0.1 - - [06/Feb/2024 10:08:30] "GET /escortv2 HTTP/1.1" 200 -
[2024-02-06 10:08:30,501] INFO in _internal: 127.0.0.1 - - [06/Feb/2024 10:08:30] "[36mGET /static/css/escortv2.css HTTP/1.1[0m" 304 -
[2024-02-06 10:08:30,504] INFO in _internal: 127.0.0.1 - - [06/Feb/2024 10:08:30] "[36mGET /static/img/logo.png HTTP/1.1[0m" 304 -
[2024-02-06 10:08:30,522] INFO in _internal: 127.0.0.1 - - [06/Feb/2024 10:08:30] "GET /static/js/escortv2.js HTTP/1.1" 200 -
[2024-02-06 10:08:30,539] INFO in _internal: 127.0.0.1 - - [06/Feb/2024 10:08:30] "[36mGET /static/img/2.jpg HTTP/1.1[0m" 304 -
[2024-02-06 10:08:30,542] INFO in _internal: 127.0.0.1 - - [06/Feb/2024 10:08:30] "[36mGET /static/img/1.jpg HTTP/1.1[0m" 304 -
[2024-02-06 10:08:30,544] INFO in _internal: 127.0.0.1 - - [06/Feb/2024 10:08:30] "[36mGET /static/img/3.jpg HTTP/1.1[0m" 304 -
[2024-02-06 10:08:30,553] INFO in _internal: 127.0.0.1 - - [06/Feb/2024 10:08:30] "[36mGET /static/img/4.jpg HTTP/1.1[0m" 304 -
[2024-02-06 10:08:30,560] INFO in _internal: 127.0.0.1 - - [06/Feb/2024 10:08:30] "[36mGET /static/img/19.jpg HTTP/1.1[0m" 304 -
[2024-02-06 10:08:30,562] INFO in _internal: 127.0.0.1 - - [06/Feb/2024 10:08:30] "[36mGET /static/img/20.jpg HTTP/1.1[0m" 304 -
[2024-02-06 10:08:30,565] INFO in _internal: 127.0.0.1 - - [06/Feb/2024 10:08:30] "[36mGET /static/img/21.jpg HTTP/1.1[0m" 304 -
[2024-02-06 10:08:30,567] INFO in _internal: 127.0.0.1 - - [06/Feb/2024 10:08:30] "[36mGET /static/img/22.jpg HTTP/1.1[0m" 304 -
[2024-02-06 10:08:30,572] INFO in _internal: 127.0.0.1 - - [06/Feb/2024 10:08:30] "[36mGET /static/img/23.jpg HTTP/1.1[0m" 304 -
[2024-02-06 10:08:45,992] INFO in _internal: 127.0.0.1 - - [06/Feb/2024 10:08:45] "GET /escortv2 HTTP/1.1" 200 -
[2024-02-06 10:08:46,012] INFO in _internal: 127.0.0.1 - - [06/Feb/2024 10:08:46] "[36mGET /static/css/escortv2.css HTTP/1.1[0m" 304 -
[2024-02-06 10:08:46,013] INFO in _internal: 127.0.0.1 - - [06/Feb/2024 10:08:46] "[36mGET /static/img/logo.png HTTP/1.1[0m" 304 -
[2024-02-06 10:08:46,037] INFO in _internal: 127.0.0.1 - - [06/Feb/2024 10:08:46] "GET /static/js/escortv2.js HTTP/1.1" 200 -
[2024-02-06 10:08:46,056] INFO in _internal: 127.0.0.1 - - [06/Feb/2024 10:08:46] "[36mGET /static/img/1.jpg HTTP/1.1[0m" 304 -
[2024-02-06 10:08:46,057] INFO in _internal: 127.0.0.1 - - [06/Feb/2024 10:08:46] "[36mGET /static/img/2.jpg HTTP/1.1[0m" 304 -
[2024-02-06 10:08:46,059] INFO in _internal: 127.0.0.1 - - [06/Feb/2024 10:08:46] "[36mGET /static/img/3.jpg HTTP/1.1[0m" 304 -
[2024-02-06 10:08:46,063] INFO in _internal: 127.0.0.1 - - [06/Feb/2024 10:08:46] "[36mGET /static/img/4.jpg HTTP/1.1[0m" 304 -
[2024-02-06 10:08:46,073] INFO in _internal: 127.0.0.1 - - [06/Feb/2024 10:08:46] "[36mGET /static/img/19.jpg HTTP/1.1[0m" 304 -
[2024-02-06 10:08:46,076] INFO in _internal: 127.0.0.1 - - [06/Feb/2024 10:08:46] "[36mGET /static/img/20.jpg HTTP/1.1[0m" 304 -
[2024-02-06 10:08:46,080] INFO in _internal: 127.0.0.1 - - [06/Feb/2024 10:08:46] "[36mGET /static/img/21.jpg HTTP/1.1[0m" 304 -
[2024-02-06 10:08:46,088] INFO in _internal: 127.0.0.1 - - [06/Feb/2024 10:08:46] "[36mGET /static/img/22.jpg HTTP/1.1[0m" 304 -
[2024-02-06 10:08:46,091] INFO in _internal: 127.0.0.1 - - [06/Feb/2024 10:08:46] "[36mGET /static/img/23.jpg HTTP/1.1[0m" 304 -
[2024-02-06 10:09:03,795] INFO in _internal: 127.0.0.1 - - [06/Feb/2024 10:09:03] "GET /escortv2 HTTP/1.1" 200 -
[2024-02-06 10:09:03,823] INFO in _internal: 127.0.0.1 - - [06/Feb/2024 10:09:03] "[36mGET /static/css/escortv2.css HTTP/1.1[0m" 304 -
[2024-02-06 10:09:03,824] INFO in _internal: 127.0.0.1 - - [06/Feb/2024 10:09:03] "[36mGET /static/img/logo.png HTTP/1.1[0m" 304 -
[2024-02-06 10:09:03,856] INFO in _internal: 127.0.0.1 - - [06/Feb/2024 10:09:03] "GET /static/js/escortv2.js HTTP/1.1" 200 -
[2024-02-06 10:09:03,879] INFO in _internal: 127.0.0.1 - - [06/Feb/2024 10:09:03] "[36mGET /static/img/1.jpg HTTP/1.1[0m" 304 -
[2024-02-06 10:09:03,887] INFO in _internal: 127.0.0.1 - - [06/Feb/2024 10:09:03] "[36mGET /static/img/2.jpg HTTP/1.1[0m" 304 -
[2024-02-06 10:09:03,894] INFO in _internal: 127.0.0.1 - - [06/Feb/2024 10:09:03] "[36mGET /static/img/3.jpg HTTP/1.1[0m" 304 -
[2024-02-06 10:09:03,895] INFO in _internal: 127.0.0.1 - - [06/Feb/2024 10:09:03] "[36mGET /static/img/4.jpg HTTP/1.1[0m" 304 -
[2024-02-06 10:09:03,908] INFO in _internal: 127.0.0.1 - - [06/Feb/2024 10:09:03] "[36mGET /static/img/19.jpg HTTP/1.1[0m" 304 -
[2024-02-06 10:09:03,916] INFO in _internal: 127.0.0.1 - - [06/Feb/2024 10:09:03] "[36mGET /static/img/20.jpg HTTP/1.1[0m" 304 -
[2024-02-06 10:09:03,924] INFO in _internal: 127.0.0.1 - - [06/Feb/2024 10:09:03] "[36mGET /static/img/21.jpg HTTP/1.1[0m" 304 -
[2024-02-06 10:09:03,928] INFO in _internal: 127.0.0.1 - - [06/Feb/2024 10:09:03] "[36mGET /static/img/22.jpg HTTP/1.1[0m" 304 -
[2024-02-06 10:09:03,928] INFO in _internal: 127.0.0.1 - - [06/Feb/2024 10:09:03] "[36mGET /static/img/23.jpg HTTP/1.1[0m" 304 -
[2024-02-06 10:09:54,149] INFO in _internal: 127.0.0.1 - - [06/Feb/2024 10:09:54] "GET /escortv2 HTTP/1.1" 200 -
[2024-02-06 10:09:54,172] INFO in _internal: 127.0.0.1 - - [06/Feb/2024 10:09:54] "[36mGET /static/css/escortv2.css HTTP/1.1[0m" 304 -
[2024-02-06 10:09:54,176] INFO in _internal: 127.0.0.1 - - [06/Feb/2024 10:09:54] "[36mGET /static/img/logo.png HTTP/1.1[0m" 304 -
[2024-02-06 10:09:54,202] INFO in _internal: 127.0.0.1 - - [06/Feb/2024 10:09:54] "GET /static/js/escortv2.js HTTP/1.1" 200 -
[2024-02-06 10:09:54,219] INFO in _internal: 127.0.0.1 - - [06/Feb/2024 10:09:54] "[36mGET /static/img/1.jpg HTTP/1.1[0m" 304 -
[2024-02-06 10:09:54,231] INFO in _internal: 127.0.0.1 - - [06/Feb/2024 10:09:54] "[36mGET /static/img/2.jpg HTTP/1.1[0m" 304 -
[2024-02-06 10:09:54,233] INFO in _internal: 127.0.0.1 - - [06/Feb/2024 10:09:54] "[36mGET /static/img/3.jpg HTTP/1.1[0m" 304 -
[2024-02-06 10:09:54,236] INFO in _internal: 127.0.0.1 - - [06/Feb/2024 10:09:54] "[36mGET /static/img/4.jpg HTTP/1.1[0m" 304 -
[2024-02-06 10:09:54,240] INFO in _internal: 127.0.0.1 - - [06/Feb/2024 10:09:54] "[36mGET /static/img/19.jpg HTTP/1.1[0m" 304 -
[2024-02-06 10:09:54,246] INFO in _internal: 127.0.0.1 - - [06/Feb/2024 10:09:54] "[36mGET /static/img/20.jpg HTTP/1.1[0m" 304 -
[2024-02-06 10:09:54,249] INFO in _internal: 127.0.0.1 - - [06/Feb/2024 10:09:54] "[36mGET /static/img/21.jpg HTTP/1.1[0m" 304 -
[2024-02-06 10:09:54,255] INFO in _internal: 127.0.0.1 - - [06/Feb/2024 10:09:54] "[36mGET /static/img/22.jpg HTTP/1.1[0m" 304 -
[2024-02-06 10:09:54,258] INFO in _internal: 127.0.0.1 - - [06/Feb/2024 10:09:54] "[36mGET /static/img/23.jpg HTTP/1.1[0m" 304 -
[2024-02-06 10:10:10,949] INFO in _internal: 127.0.0.1 - - [06/Feb/2024 10:10:10] "GET /escortv2 HTTP/1.1" 200 -
[2024-02-06 10:10:10,975] INFO in _internal: 127.0.0.1 - - [06/Feb/2024 10:10:10] "[36mGET /static/css/escortv2.css HTTP/1.1[0m" 304 -
[2024-02-06 10:10:10,976] INFO in _internal: 127.0.0.1 - - [06/Feb/2024 10:10:10] "[36mGET /static/img/logo.png HTTP/1.1[0m" 304 -
[2024-02-06 10:10:11,002] INFO in _internal: 127.0.0.1 - - [06/Feb/2024 10:10:11] "GET /static/js/escortv2.js HTTP/1.1" 200 -
[2024-02-06 10:10:11,024] INFO in _internal: 127.0.0.1 - - [06/Feb/2024 10:10:11] "[36mGET /static/img/1.jpg HTTP/1.1[0m" 304 -
[2024-02-06 10:10:11,024] INFO in _internal: 127.0.0.1 - - [06/Feb/2024 10:10:11] "[36mGET /static/img/2.jpg HTTP/1.1[0m" 304 -
[2024-02-06 10:10:11,031] INFO in _internal: 127.0.0.1 - - [06/Feb/2024 10:10:11] "[36mGET /static/img/3.jpg HTTP/1.1[0m" 304 -
[2024-02-06 10:10:11,033] INFO in _internal: 127.0.0.1 - - [06/Feb/2024 10:10:11] "[36mGET /static/img/4.jpg HTTP/1.1[0m" 304 -
[2024-02-06 10:10:11,051] INFO in _internal: 127.0.0.1 - - [06/Feb/2024 10:10:11] "[36mGET /static/img/19.jpg HTTP/1.1[0m" 304 -
[2024-02-06 10:10:11,053] INFO in _internal: 127.0.0.1 - - [06/Feb/2024 10:10:11] "[36mGET /static/img/20.jpg HTTP/1.1[0m" 304 -
[2024-02-06 10:10:11,054] INFO in _internal: 127.0.0.1 - - [06/Feb/2024 10:10:11] "[36mGET /static/img/21.jpg HTTP/1.1[0m" 304 -
[2024-02-06 10:10:11,056] INFO in _internal: 127.0.0.1 - - [06/Feb/2024 10:10:11] "[36mGET /static/img/22.jpg HTTP/1.1[0m" 304 -
[2024-02-06 10:10:11,066] INFO in _internal: 127.0.0.1 - - [06/Feb/2024 10:10:11] "[36mGET /static/img/23.jpg HTTP/1.1[0m" 304 -
[2024-02-06 10:10:40,635] INFO in _internal: 127.0.0.1 - - [06/Feb/2024 10:10:40] "GET /escortv2 HTTP/1.1" 200 -
[2024-02-06 10:10:40,662] INFO in _internal: 127.0.0.1 - - [06/Feb/2024 10:10:40] "[36mGET /static/css/escortv2.css HTTP/1.1[0m" 304 -
[2024-02-06 10:10:40,666] INFO in _internal: 127.0.0.1 - - [06/Feb/2024 10:10:40] "[36mGET /static/img/logo.png HTTP/1.1[0m" 304 -
[2024-02-06 10:10:40,709] INFO in _internal: 127.0.0.1 - - [06/Feb/2024 10:10:40] "GET /static/js/escortv2.js HTTP/1.1" 200 -
[2024-02-06 10:10:40,762] INFO in _internal: 127.0.0.1 - - [06/Feb/2024 10:10:40] "[36mGET /static/img/1.jpg HTTP/1.1[0m" 304 -
[2024-02-06 10:10:40,763] INFO in _internal: 127.0.0.1 - - [06/Feb/2024 10:10:40] "[36mGET /static/img/2.jpg HTTP/1.1[0m" 304 -
[2024-02-06 10:10:40,769] INFO in _internal: 127.0.0.1 - - [06/Feb/2024 10:10:40] "[36mGET /static/img/3.jpg HTTP/1.1[0m" 304 -
[2024-02-06 10:10:40,786] INFO in _internal: 127.0.0.1 - - [06/Feb/2024 10:10:40] "[36mGET /static/img/4.jpg HTTP/1.1[0m" 304 -
[2024-02-06 10:10:40,791] INFO in _internal: 127.0.0.1 - - [06/Feb/2024 10:10:40] "[36mGET /static/img/19.jpg HTTP/1.1[0m" 304 -
[2024-02-06 10:10:40,803] INFO in _internal: 127.0.0.1 - - [06/Feb/2024 10:10:40] "[36mGET /static/img/20.jpg HTTP/1.1[0m" 304 -
[2024-02-06 10:10:40,808] INFO in _internal: 127.0.0.1 - - [06/Feb/2024 10:10:40] "[36mGET /static/img/21.jpg HTTP/1.1[0m" 304 -
[2024-02-06 10:10:40,818] INFO in _internal: 127.0.0.1 - - [06/Feb/2024 10:10:40] "[36mGET /static/img/22.jpg HTTP/1.1[0m" 304 -
[2024-02-06 10:10:40,820] INFO in _internal: 127.0.0.1 - - [06/Feb/2024 10:10:40] "[36mGET /static/img/23.jpg HTTP/1.1[0m" 304 -
[2024-02-06 10:12:08,928] INFO in _internal: 127.0.0.1 - - [06/Feb/2024 10:12:08] "GET /escortv2 HTTP/1.1" 200 -
[2024-02-06 10:12:08,956] INFO in _internal: 127.0.0.1 - - [06/Feb/2024 10:12:08] "[36mGET /static/img/logo.png HTTP/1.1[0m" 304 -
[2024-02-06 10:12:08,956] INFO in _internal: 127.0.0.1 - - [06/Feb/2024 10:12:08] "[36mGET /static/js/escortv2.js HTTP/1.1[0m" 304 -
[2024-02-06 10:12:08,967] INFO in _internal: 127.0.0.1 - - [06/Feb/2024 10:12:08] "GET /static/css/escortv2.css HTTP/1.1" 200 -
[2024-02-06 10:12:09,007] INFO in _internal: 127.0.0.1 - - [06/Feb/2024 10:12:09] "[36mGET /static/img/2.jpg HTTP/1.1[0m" 304 -
[2024-02-06 10:12:09,008] INFO in _internal: 127.0.0.1 - - [06/Feb/2024 10:12:09] "[36mGET /static/img/1.jpg HTTP/1.1[0m" 304 -
[2024-02-06 10:12:09,011] INFO in _internal: 127.0.0.1 - - [06/Feb/2024 10:12:09] "[36mGET /static/img/3.jpg HTTP/1.1[0m" 304 -
[2024-02-06 10:12:09,014] INFO in _internal: 127.0.0.1 - - [06/Feb/2024 10:12:09] "[36mGET /static/img/4.jpg HTTP/1.1[0m" 304 -
[2024-02-06 10:12:09,025] INFO in _internal: 127.0.0.1 - - [06/Feb/2024 10:12:09] "[36mGET /static/img/19.jpg HTTP/1.1[0m" 304 -
[2024-02-06 10:12:09,026] INFO in _internal: 127.0.0.1 - - [06/Feb/2024 10:12:09] "[36mGET /static/img/20.jpg HTTP/1.1[0m" 304 -
[2024-02-06 10:12:09,034] INFO in _internal: 127.0.0.1 - - [06/Feb/2024 10:12:09] "[36mGET /static/img/21.jpg HTTP/1.1[0m" 304 -
[2024-02-06 10:12:09,041] INFO in _internal: 127.0.0.1 - - [06/Feb/2024 10:12:09] "[36mGET /static/img/23.jpg HTTP/1.1[0m" 304 -
[2024-02-06 10:12:09,042] INFO in _internal: 127.0.0.1 - - [06/Feb/2024 10:12:09] "[36mGET /static/img/22.jpg HTTP/1.1[0m" 304 -
[2024-02-06 10:12:54,417] INFO in _internal: 127.0.0.1 - - [06/Feb/2024 10:12:54] "GET /escortv2 HTTP/1.1" 200 -
[2024-02-06 10:12:54,440] INFO in _internal: 127.0.0.1 - - [06/Feb/2024 10:12:54] "[36mGET /static/img/logo.png HTTP/1.1[0m" 304 -
[2024-02-06 10:12:54,441] INFO in _internal: 127.0.0.1 - - [06/Feb/2024 10:12:54] "[36mGET /static/js/escortv2.js HTTP/1.1[0m" 304 -
[2024-02-06 10:12:54,451] INFO in _internal: 127.0.0.1 - - [06/Feb/2024 10:12:54] "GET /static/css/escortv2.css HTTP/1.1" 200 -
[2024-02-06 10:12:54,474] INFO in _internal: 127.0.0.1 - - [06/Feb/2024 10:12:54] "[36mGET /static/img/1.jpg HTTP/1.1[0m" 304 -
[2024-02-06 10:12:54,474] INFO in _internal: 127.0.0.1 - - [06/Feb/2024 10:12:54] "[36mGET /static/img/2.jpg HTTP/1.1[0m" 304 -
[2024-02-06 10:12:54,482] INFO in _internal: 127.0.0.1 - - [06/Feb/2024 10:12:54] "[36mGET /static/img/3.jpg HTTP/1.1[0m" 304 -
[2024-02-06 10:12:54,483] INFO in _internal: 127.0.0.1 - - [06/Feb/2024 10:12:54] "[36mGET /static/img/4.jpg HTTP/1.1[0m" 304 -
[2024-02-06 10:12:54,502] INFO in _internal: 127.0.0.1 - - [06/Feb/2024 10:12:54] "[36mGET /static/img/19.jpg HTTP/1.1[0m" 304 -
[2024-02-06 10:12:54,503] INFO in _internal: 127.0.0.1 - - [06/Feb/2024 10:12:54] "[36mGET /static/img/20.jpg HTTP/1.1[0m" 304 -
[2024-02-06 10:12:54,507] INFO in _internal: 127.0.0.1 - - [06/Feb/2024 10:12:54] "[36mGET /static/img/21.jpg HTTP/1.1[0m" 304 -
[2024-02-06 10:12:54,509] INFO in _internal: 127.0.0.1 - - [06/Feb/2024 10:12:54] "[36mGET /static/img/22.jpg HTTP/1.1[0m" 304 -
[2024-02-06 10:12:54,513] INFO in _internal: 127.0.0.1 - - [06/Feb/2024 10:12:54] "[36mGET /static/img/23.jpg HTTP/1.1[0m" 304 -
[2024-02-06 10:20:12,286] INFO in _internal: 127.0.0.1 - - [06/Feb/2024 10:20:12] "GET /escortv2 HTTP/1.1" 200 -
[2024-02-06 10:20:12,306] INFO in _internal: 127.0.0.1 - - [06/Feb/2024 10:20:12] "[36mGET /static/css/escortv2.css HTTP/1.1[0m" 304 -
[2024-02-06 10:20:12,308] INFO in _internal: 127.0.0.1 - - [06/Feb/2024 10:20:12] "[36mGET /static/img/logo.png HTTP/1.1[0m" 304 -
[2024-02-06 10:20:12,310] INFO in _internal: 127.0.0.1 - - [06/Feb/2024 10:20:12] "[36mGET /static/js/escortv2.js HTTP/1.1[0m" 304 -
[2024-02-06 10:20:12,442] INFO in _internal: 127.0.0.1 - - [06/Feb/2024 10:20:12] "[36mGET /static/img/2.jpg HTTP/1.1[0m" 304 -
[2024-02-06 10:20:12,444] INFO in _internal: 127.0.0.1 - - [06/Feb/2024 10:20:12] "[36mGET /static/img/1.jpg HTTP/1.1[0m" 304 -
[2024-02-06 10:20:12,444] INFO in _internal: 127.0.0.1 - - [06/Feb/2024 10:20:12] "[36mGET /static/img/3.jpg HTTP/1.1[0m" 304 -
[2024-02-06 10:20:12,447] INFO in _internal: 127.0.0.1 - - [06/Feb/2024 10:20:12] "[36mGET /static/img/4.jpg HTTP/1.1[0m" 304 -
[2024-02-06 10:20:12,465] INFO in _internal: 127.0.0.1 - - [06/Feb/2024 10:20:12] "[36mGET /static/img/19.jpg HTTP/1.1[0m" 304 -
[2024-02-06 10:20:12,471] INFO in _internal: 127.0.0.1 - - [06/Feb/2024 10:20:12] "[36mGET /static/img/20.jpg HTTP/1.1[0m" 304 -
[2024-02-06 10:20:12,476] INFO in _internal: 127.0.0.1 - - [06/Feb/2024 10:20:12] "[36mGET /static/img/21.jpg HTTP/1.1[0m" 304 -
[2024-02-06 10:20:12,477] INFO in _internal: 127.0.0.1 - - [06/Feb/2024 10:20:12] "[36mGET /static/img/22.jpg HTTP/1.1[0m" 304 -
[2024-02-06 10:20:12,478] INFO in _internal: 127.0.0.1 - - [06/Feb/2024 10:20:12] "[36mGET /static/img/23.jpg HTTP/1.1[0m" 304 -
[2024-02-06 10:22:08,184] INFO in _internal: 127.0.0.1 - - [06/Feb/2024 10:22:08] "GET /escortv2 HTTP/1.1" 200 -
[2024-02-06 10:22:08,207] INFO in _internal: 127.0.0.1 - - [06/Feb/2024 10:22:08] "[36mGET /static/css/escortv2.css HTTP/1.1[0m" 304 -
[2024-02-06 10:22:08,218] INFO in _internal: 127.0.0.1 - - [06/Feb/2024 10:22:08] "[36mGET /static/img/logo.png HTTP/1.1[0m" 304 -
[2024-02-06 10:22:08,246] INFO in _internal: 127.0.0.1 - - [06/Feb/2024 10:22:08] "GET /static/js/escortv2.js HTTP/1.1" 200 -
[2024-02-06 10:22:08,270] INFO in _internal: 127.0.0.1 - - [06/Feb/2024 10:22:08] "[36mGET /static/img/2.jpg HTTP/1.1[0m" 304 -
[2024-02-06 10:22:08,272] INFO in _internal: 127.0.0.1 - - [06/Feb/2024 10:22:08] "[36mGET /static/img/1.jpg HTTP/1.1[0m" 304 -
[2024-02-06 10:22:08,278] INFO in _internal: 127.0.0.1 - - [06/Feb/2024 10:22:08] "[36mGET /static/img/4.jpg HTTP/1.1[0m" 304 -
[2024-02-06 10:22:08,295] INFO in _internal: 127.0.0.1 - - [06/Feb/2024 10:22:08] "[36mGET /static/img/3.jpg HTTP/1.1[0m" 304 -
[2024-02-06 10:22:08,300] INFO in _internal: 127.0.0.1 - - [06/Feb/2024 10:22:08] "[36mGET /static/img/19.jpg HTTP/1.1[0m" 304 -
[2024-02-06 10:22:08,303] INFO in _internal: 127.0.0.1 - - [06/Feb/2024 10:22:08] "[36mGET /static/img/20.jpg HTTP/1.1[0m" 304 -
[2024-02-06 10:22:08,304] INFO in _internal: 127.0.0.1 - - [06/Feb/2024 10:22:08] "[36mGET /static/img/21.jpg HTTP/1.1[0m" 304 -
[2024-02-06 10:22:08,310] INFO in _internal: 127.0.0.1 - - [06/Feb/2024 10:22:08] "[36mGET /static/img/22.jpg HTTP/1.1[0m" 304 -
[2024-02-06 10:22:08,312] INFO in _internal: 127.0.0.1 - - [06/Feb/2024 10:22:08] "[36mGET /static/img/23.jpg HTTP/1.1[0m" 304 -
[2024-02-06 10:23:49,637] INFO in _internal: 127.0.0.1 - - [06/Feb/2024 10:23:49] "GET /escortv2 HTTP/1.1" 200 -
[2024-02-06 10:23:49,660] INFO in _internal: 127.0.0.1 - - [06/Feb/2024 10:23:49] "[36mGET /static/css/escortv2.css HTTP/1.1[0m" 304 -
[2024-02-06 10:23:49,661] INFO in _internal: 127.0.0.1 - - [06/Feb/2024 10:23:49] "[36mGET /static/img/logo.png HTTP/1.1[0m" 304 -
[2024-02-06 10:23:49,683] INFO in _internal: 127.0.0.1 - - [06/Feb/2024 10:23:49] "GET /static/js/escortv2.js HTTP/1.1" 200 -
[2024-02-06 10:23:49,701] INFO in _internal: 127.0.0.1 - - [06/Feb/2024 10:23:49] "[36mGET /static/img/1.jpg HTTP/1.1[0m" 304 -
[2024-02-06 10:23:49,708] INFO in _internal: 127.0.0.1 - - [06/Feb/2024 10:23:49] "[36mGET /static/img/3.jpg HTTP/1.1[0m" 304 -
[2024-02-06 10:23:49,719] INFO in _internal: 127.0.0.1 - - [06/Feb/2024 10:23:49] "[36mGET /static/img/2.jpg HTTP/1.1[0m" 304 -
[2024-02-06 10:23:49,727] INFO in _internal: 127.0.0.1 - - [06/Feb/2024 10:23:49] "[36mGET /static/img/4.jpg HTTP/1.1[0m" 304 -
[2024-02-06 10:23:49,731] INFO in _internal: 127.0.0.1 - - [06/Feb/2024 10:23:49] "[36mGET /static/img/19.jpg HTTP/1.1[0m" 304 -
[2024-02-06 10:23:49,742] INFO in _internal: 127.0.0.1 - - [06/Feb/2024 10:23:49] "[36mGET /static/img/20.jpg HTTP/1.1[0m" 304 -
[2024-02-06 10:23:49,747] INFO in _internal: 127.0.0.1 - - [06/Feb/2024 10:23:49] "[36mGET /static/img/21.jpg HTTP/1.1[0m" 304 -
[2024-02-06 10:23:49,754] INFO in _internal: 127.0.0.1 - - [06/Feb/2024 10:23:49] "[36mGET /static/img/22.jpg HTTP/1.1[0m" 304 -
[2024-02-06 10:23:49,755] INFO in _internal: 127.0.0.1 - - [06/Feb/2024 10:23:49] "[36mGET /static/img/23.jpg HTTP/1.1[0m" 304 -
[2024-02-06 10:24:10,797] INFO in _internal: 127.0.0.1 - - [06/Feb/2024 10:24:10] "GET /escortv2 HTTP/1.1" 200 -
[2024-02-06 10:24:10,823] INFO in _internal: 127.0.0.1 - - [06/Feb/2024 10:24:10] "[36mGET /static/img/logo.png HTTP/1.1[0m" 304 -
[2024-02-06 10:24:10,825] INFO in _internal: 127.0.0.1 - - [06/Feb/2024 10:24:10] "[36mGET /static/css/escortv2.css HTTP/1.1[0m" 304 -
[2024-02-06 10:24:10,847] INFO in _internal: 127.0.0.1 - - [06/Feb/2024 10:24:10] "GET /static/js/escortv2.js HTTP/1.1" 200 -
[2024-02-06 10:24:10,868] INFO in _internal: 127.0.0.1 - - [06/Feb/2024 10:24:10] "[36mGET /static/img/1.jpg HTTP/1.1[0m" 304 -
[2024-02-06 10:24:10,887] INFO in _internal: 127.0.0.1 - - [06/Feb/2024 10:24:10] "[36mGET /static/img/3.jpg HTTP/1.1[0m" 304 -
[2024-02-06 10:24:10,891] INFO in _internal: 127.0.0.1 - - [06/Feb/2024 10:24:10] "[36mGET /static/img/2.jpg HTTP/1.1[0m" 304 -
[2024-02-06 10:24:10,895] INFO in _internal: 127.0.0.1 - - [06/Feb/2024 10:24:10] "[36mGET /static/img/4.jpg HTTP/1.1[0m" 304 -
[2024-02-06 10:24:10,904] INFO in _internal: 127.0.0.1 - - [06/Feb/2024 10:24:10] "[36mGET /static/img/20.jpg HTTP/1.1[0m" 304 -
[2024-02-06 10:24:10,904] INFO in _internal: 127.0.0.1 - - [06/Feb/2024 10:24:10] "[36mGET /static/img/19.jpg HTTP/1.1[0m" 304 -
[2024-02-06 10:24:10,914] INFO in _internal: 127.0.0.1 - - [06/Feb/2024 10:24:10] "[36mGET /static/img/21.jpg HTTP/1.1[0m" 304 -
[2024-02-06 10:24:10,914] INFO in _internal: 127.0.0.1 - - [06/Feb/2024 10:24:10] "[36mGET /static/img/22.jpg HTTP/1.1[0m" 304 -
[2024-02-06 10:24:10,916] INFO in _internal: 127.0.0.1 - - [06/Feb/2024 10:24:10] "[36mGET /static/img/23.jpg HTTP/1.1[0m" 304 -
[2024-02-06 10:24:20,235] INFO in _internal: 127.0.0.1 - - [06/Feb/2024 10:24:20] "GET /escortv2 HTTP/1.1" 200 -
[2024-02-06 10:24:20,253] INFO in _internal: 127.0.0.1 - - [06/Feb/2024 10:24:20] "[36mGET /static/css/escortv2.css HTTP/1.1[0m" 304 -
[2024-02-06 10:24:20,254] INFO in _internal: 127.0.0.1 - - [06/Feb/2024 10:24:20] "[36mGET /static/img/logo.png HTTP/1.1[0m" 304 -
[2024-02-06 10:24:20,272] INFO in _internal: 127.0.0.1 - - [06/Feb/2024 10:24:20] "GET /static/js/escortv2.js HTTP/1.1" 200 -
[2024-02-06 10:24:20,292] INFO in _internal: 127.0.0.1 - - [06/Feb/2024 10:24:20] "[36mGET /static/img/1.jpg HTTP/1.1[0m" 304 -
[2024-02-06 10:24:20,297] INFO in _internal: 127.0.0.1 - - [06/Feb/2024 10:24:20] "[36mGET /static/img/2.jpg HTTP/1.1[0m" 304 -
[2024-02-06 10:24:20,301] INFO in _internal: 127.0.0.1 - - [06/Feb/2024 10:24:20] "[36mGET /static/img/3.jpg HTTP/1.1[0m" 304 -
[2024-02-06 10:24:20,304] INFO in _internal: 127.0.0.1 - - [06/Feb/2024 10:24:20] "[36mGET /static/img/4.jpg HTTP/1.1[0m" 304 -
[2024-02-06 10:24:20,321] INFO in _internal: 127.0.0.1 - - [06/Feb/2024 10:24:20] "[36mGET /static/img/19.jpg HTTP/1.1[0m" 304 -
[2024-02-06 10:24:20,321] INFO in _internal: 127.0.0.1 - - [06/Feb/2024 10:24:20] "[36mGET /static/img/21.jpg HTTP/1.1[0m" 304 -
[2024-02-06 10:24:20,323] INFO in _internal: 127.0.0.1 - - [06/Feb/2024 10:24:20] "[36mGET /static/img/20.jpg HTTP/1.1[0m" 304 -
[2024-02-06 10:24:20,325] INFO in _internal: 127.0.0.1 - - [06/Feb/2024 10:24:20] "[36mGET /static/img/22.jpg HTTP/1.1[0m" 304 -
[2024-02-06 10:24:20,330] INFO in _internal: 127.0.0.1 - - [06/Feb/2024 10:24:20] "[36mGET /static/img/23.jpg HTTP/1.1[0m" 304 -
[2024-02-06 10:24:39,299] INFO in _internal: 127.0.0.1 - - [06/Feb/2024 10:24:39] "GET /escortv2 HTTP/1.1" 200 -
[2024-02-06 10:24:39,319] INFO in _internal: 127.0.0.1 - - [06/Feb/2024 10:24:39] "[36mGET /static/css/escortv2.css HTTP/1.1[0m" 304 -
[2024-02-06 10:24:39,322] INFO in _internal: 127.0.0.1 - - [06/Feb/2024 10:24:39] "[36mGET /static/img/logo.png HTTP/1.1[0m" 304 -
[2024-02-06 10:24:39,346] INFO in _internal: 127.0.0.1 - - [06/Feb/2024 10:24:39] "GET /static/js/escortv2.js HTTP/1.1" 200 -
[2024-02-06 10:24:39,372] INFO in _internal: 127.0.0.1 - - [06/Feb/2024 10:24:39] "[36mGET /static/img/1.jpg HTTP/1.1[0m" 304 -
[2024-02-06 10:24:39,372] INFO in _internal: 127.0.0.1 - - [06/Feb/2024 10:24:39] "[36mGET /static/img/2.jpg HTTP/1.1[0m" 304 -
[2024-02-06 10:24:39,388] INFO in _internal: 127.0.0.1 - - [06/Feb/2024 10:24:39] "[36mGET /static/img/4.jpg HTTP/1.1[0m" 304 -
[2024-02-06 10:24:39,391] INFO in _internal: 127.0.0.1 - - [06/Feb/2024 10:24:39] "[36mGET /static/img/3.jpg HTTP/1.1[0m" 304 -
[2024-02-06 10:24:39,393] INFO in _internal: 127.0.0.1 - - [06/Feb/2024 10:24:39] "[36mGET /static/img/19.jpg HTTP/1.1[0m" 304 -
[2024-02-06 10:24:39,403] INFO in _internal: 127.0.0.1 - - [06/Feb/2024 10:24:39] "[36mGET /static/img/20.jpg HTTP/1.1[0m" 304 -
[2024-02-06 10:24:39,404] INFO in _internal: 127.0.0.1 - - [06/Feb/2024 10:24:39] "[36mGET /static/img/21.jpg HTTP/1.1[0m" 304 -
[2024-02-06 10:24:39,408] INFO in _internal: 127.0.0.1 - - [06/Feb/2024 10:24:39] "[36mGET /static/img/22.jpg HTTP/1.1[0m" 304 -
[2024-02-06 10:24:39,411] INFO in _internal: 127.0.0.1 - - [06/Feb/2024 10:24:39] "[36mGET /static/img/23.jpg HTTP/1.1[0m" 304 -
[2024-02-06 10:25:46,407] INFO in _internal: 127.0.0.1 - - [06/Feb/2024 10:25:46] "GET /escortv2 HTTP/1.1" 200 -
[2024-02-06 10:25:46,430] INFO in _internal: 127.0.0.1 - - [06/Feb/2024 10:25:46] "[36mGET /static/css/escortv2.css HTTP/1.1[0m" 304 -
[2024-02-06 10:25:46,431] INFO in _internal: 127.0.0.1 - - [06/Feb/2024 10:25:46] "[36mGET /static/img/logo.png HTTP/1.1[0m" 304 -
[2024-02-06 10:25:46,454] INFO in _internal: 127.0.0.1 - - [06/Feb/2024 10:25:46] "GET /static/js/escortv2.js HTTP/1.1" 200 -
[2024-02-06 10:25:46,472] INFO in _internal: 127.0.0.1 - - [06/Feb/2024 10:25:46] "[36mGET /static/img/1.jpg HTTP/1.1[0m" 304 -
[2024-02-06 10:25:46,486] INFO in _internal: 127.0.0.1 - - [06/Feb/2024 10:25:46] "[36mGET /static/img/2.jpg HTTP/1.1[0m" 304 -
[2024-02-06 10:25:46,491] INFO in _internal: 127.0.0.1 - - [06/Feb/2024 10:25:46] "[36mGET /static/img/3.jpg HTTP/1.1[0m" 304 -
[2024-02-06 10:25:46,498] INFO in _internal: 127.0.0.1 - - [06/Feb/2024 10:25:46] "[36mGET /static/img/4.jpg HTTP/1.1[0m" 304 -
[2024-02-06 10:25:46,500] INFO in _internal: 127.0.0.1 - - [06/Feb/2024 10:25:46] "[36mGET /static/img/19.jpg HTTP/1.1[0m" 304 -
[2024-02-06 10:25:46,504] INFO in _internal: 127.0.0.1 - - [06/Feb/2024 10:25:46] "[36mGET /static/img/20.jpg HTTP/1.1[0m" 304 -
[2024-02-06 10:25:46,506] INFO in _internal: 127.0.0.1 - - [06/Feb/2024 10:25:46] "[36mGET /static/img/21.jpg HTTP/1.1[0m" 304 -
[2024-02-06 10:25:46,514] INFO in _internal: 127.0.0.1 - - [06/Feb/2024 10:25:46] "[36mGET /static/img/22.jpg HTTP/1.1[0m" 304 -
[2024-02-06 10:25:46,517] INFO in _internal: 127.0.0.1 - - [06/Feb/2024 10:25:46] "[36mGET /static/img/23.jpg HTTP/1.1[0m" 304 -
[2024-02-06 10:25:56,496] INFO in _internal: 127.0.0.1 - - [06/Feb/2024 10:25:56] "GET /escortv2 HTTP/1.1" 200 -
[2024-02-06 10:25:56,512] INFO in _internal: 127.0.0.1 - - [06/Feb/2024 10:25:56] "[36mGET /static/css/escortv2.css HTTP/1.1[0m" 304 -
[2024-02-06 10:25:56,514] INFO in _internal: 127.0.0.1 - - [06/Feb/2024 10:25:56] "[36mGET /static/img/logo.png HTTP/1.1[0m" 304 -
[2024-02-06 10:25:56,529] INFO in _internal: 127.0.0.1 - - [06/Feb/2024 10:25:56] "GET /static/js/escortv2.js HTTP/1.1" 200 -
[2024-02-06 10:25:56,552] INFO in _internal: 127.0.0.1 - - [06/Feb/2024 10:25:56] "[36mGET /static/img/1.jpg HTTP/1.1[0m" 304 -
[2024-02-06 10:25:56,553] INFO in _internal: 127.0.0.1 - - [06/Feb/2024 10:25:56] "[36mGET /static/img/4.jpg HTTP/1.1[0m" 304 -
[2024-02-06 10:25:56,556] INFO in _internal: 127.0.0.1 - - [06/Feb/2024 10:25:56] "[36mGET /static/img/2.jpg HTTP/1.1[0m" 304 -
[2024-02-06 10:25:56,556] INFO in _internal: 127.0.0.1 - - [06/Feb/2024 10:25:56] "[36mGET /static/img/3.jpg HTTP/1.1[0m" 304 -
[2024-02-06 10:25:56,582] INFO in _internal: 127.0.0.1 - - [06/Feb/2024 10:25:56] "[36mGET /static/img/19.jpg HTTP/1.1[0m" 304 -
[2024-02-06 10:25:56,583] INFO in _internal: 127.0.0.1 - - [06/Feb/2024 10:25:56] "[36mGET /static/img/20.jpg HTTP/1.1[0m" 304 -
[2024-02-06 10:25:56,586] INFO in _internal: 127.0.0.1 - - [06/Feb/2024 10:25:56] "[36mGET /static/img/22.jpg HTTP/1.1[0m" 304 -
[2024-02-06 10:25:56,586] INFO in _internal: 127.0.0.1 - - [06/Feb/2024 10:25:56] "[36mGET /static/img/21.jpg HTTP/1.1[0m" 304 -
[2024-02-06 10:25:56,588] INFO in _internal: 127.0.0.1 - - [06/Feb/2024 10:25:56] "[36mGET /static/img/23.jpg HTTP/1.1[0m" 304 -
[2024-02-06 10:27:15,945] INFO in _internal: 127.0.0.1 - - [06/Feb/2024 10:27:15] "GET /escortv2 HTTP/1.1" 200 -
[2024-02-06 10:27:15,969] INFO in _internal: 127.0.0.1 - - [06/Feb/2024 10:27:15] "[36mGET /static/img/logo.png HTTP/1.1[0m" 304 -
[2024-02-06 10:27:15,984] INFO in _internal: 127.0.0.1 - - [06/Feb/2024 10:27:15] "GET /static/css/escortv2.css HTTP/1.1" 200 -
[2024-02-06 10:27:15,994] INFO in _internal: 127.0.0.1 - - [06/Feb/2024 10:27:15] "GET /static/js/escortv2.js HTTP/1.1" 200 -
[2024-02-06 10:27:16,016] INFO in _internal: 127.0.0.1 - - [06/Feb/2024 10:27:16] "[36mGET /static/img/1.jpg HTTP/1.1[0m" 304 -
[2024-02-06 10:27:16,021] INFO in _internal: 127.0.0.1 - - [06/Feb/2024 10:27:16] "[36mGET /static/img/2.jpg HTTP/1.1[0m" 304 -
[2024-02-06 10:27:16,031] INFO in _internal: 127.0.0.1 - - [06/Feb/2024 10:27:16] "[36mGET /static/img/4.jpg HTTP/1.1[0m" 304 -
[2024-02-06 10:27:16,031] INFO in _internal: 127.0.0.1 - - [06/Feb/2024 10:27:16] "[36mGET /static/img/3.jpg HTTP/1.1[0m" 304 -
[2024-02-06 10:27:16,051] INFO in _internal: 127.0.0.1 - - [06/Feb/2024 10:27:16] "[36mGET /static/img/19.jpg HTTP/1.1[0m" 304 -
[2024-02-06 10:27:16,054] INFO in _internal: 127.0.0.1 - - [06/Feb/2024 10:27:16] "[36mGET /static/img/20.jpg HTTP/1.1[0m" 304 -
[2024-02-06 10:27:16,057] INFO in _internal: 127.0.0.1 - - [06/Feb/2024 10:27:16] "[36mGET /static/img/21.jpg HTTP/1.1[0m" 304 -
[2024-02-06 10:27:16,062] INFO in _internal: 127.0.0.1 - - [06/Feb/2024 10:27:16] "[36mGET /static/img/22.jpg HTTP/1.1[0m" 304 -
[2024-02-06 10:27:16,067] INFO in _internal: 127.0.0.1 - - [06/Feb/2024 10:27:16] "[36mGET /static/img/23.jpg HTTP/1.1[0m" 304 -
[2024-02-06 10:28:20,532] INFO in _internal: 127.0.0.1 - - [06/Feb/2024 10:28:20] "GET /escortv2 HTTP/1.1" 200 -
[2024-02-06 10:28:20,556] INFO in _internal: 127.0.0.1 - - [06/Feb/2024 10:28:20] "[36mGET /static/js/escortv2.js HTTP/1.1[0m" 304 -
[2024-02-06 10:28:20,558] INFO in _internal: 127.0.0.1 - - [06/Feb/2024 10:28:20] "[36mGET /static/img/logo.png HTTP/1.1[0m" 304 -
[2024-02-06 10:28:20,571] INFO in _internal: 127.0.0.1 - - [06/Feb/2024 10:28:20] "GET /static/css/escortv2.css HTTP/1.1" 200 -
[2024-02-06 10:28:20,597] INFO in _internal: 127.0.0.1 - - [06/Feb/2024 10:28:20] "[36mGET /static/img/1.jpg HTTP/1.1[0m" 304 -
[2024-02-06 10:28:20,599] INFO in _internal: 127.0.0.1 - - [06/Feb/2024 10:28:20] "[36mGET /static/img/3.jpg HTTP/1.1[0m" 304 -
[2024-02-06 10:28:20,599] INFO in _internal: 127.0.0.1 - - [06/Feb/2024 10:28:20] "[36mGET /static/img/2.jpg HTTP/1.1[0m" 304 -
[2024-02-06 10:28:20,614] INFO in _internal: 127.0.0.1 - - [06/Feb/2024 10:28:20] "[36mGET /static/img/4.jpg HTTP/1.1[0m" 304 -
[2024-02-06 10:28:20,621] INFO in _internal: 127.0.0.1 - - [06/Feb/2024 10:28:20] "[36mGET /static/img/19.jpg HTTP/1.1[0m" 304 -
[2024-02-06 10:28:20,622] INFO in _internal: 127.0.0.1 - - [06/Feb/2024 10:28:20] "[36mGET /static/img/20.jpg HTTP/1.1[0m" 304 -
[2024-02-06 10:28:20,627] INFO in _internal: 127.0.0.1 - - [06/Feb/2024 10:28:20] "[36mGET /static/img/21.jpg HTTP/1.1[0m" 304 -
[2024-02-06 10:28:20,631] INFO in _internal: 127.0.0.1 - - [06/Feb/2024 10:28:20] "[36mGET /static/img/22.jpg HTTP/1.1[0m" 304 -
[2024-02-06 10:28:20,633] INFO in _internal: 127.0.0.1 - - [06/Feb/2024 10:28:20] "[36mGET /static/img/23.jpg HTTP/1.1[0m" 304 -
[2024-02-06 11:21:10,040] INFO in _internal: 127.0.0.1 - - [06/Feb/2024 11:21:10] "GET /escortv2 HTTP/1.1" 200 -
[2024-02-06 11:21:10,064] INFO in _internal: 127.0.0.1 - - [06/Feb/2024 11:21:10] "[36mGET /static/img/logo.png HTTP/1.1[0m" 304 -
[2024-02-06 11:21:10,073] INFO in _internal: 127.0.0.1 - - [06/Feb/2024 11:21:10] "GET /static/css/escortv2.css HTTP/1.1" 200 -
[2024-02-06 11:21:10,088] INFO in _internal: 127.0.0.1 - - [06/Feb/2024 11:21:10] "GET /static/js/escortv2.js HTTP/1.1" 200 -
[2024-02-06 11:21:10,143] INFO in _internal: 127.0.0.1 - - [06/Feb/2024 11:21:10] "[36mGET /static/img/1.jpg HTTP/1.1[0m" 304 -
[2024-02-06 11:21:10,146] INFO in _internal: 127.0.0.1 - - [06/Feb/2024 11:21:10] "[36mGET /static/img/2.jpg HTTP/1.1[0m" 304 -
[2024-02-06 11:21:10,149] INFO in _internal: 127.0.0.1 - - [06/Feb/2024 11:21:10] "[36mGET /static/img/3.jpg HTTP/1.1[0m" 304 -
[2024-02-06 11:21:10,156] INFO in _internal: 127.0.0.1 - - [06/Feb/2024 11:21:10] "[36mGET /static/img/19.jpg HTTP/1.1[0m" 304 -
[2024-02-06 11:21:10,162] INFO in _internal: 127.0.0.1 - - [06/Feb/2024 11:21:10] "[36mGET /static/img/4.jpg HTTP/1.1[0m" 304 -
[2024-02-06 11:21:10,165] INFO in _internal: 127.0.0.1 - - [06/Feb/2024 11:21:10] "[36mGET /static/img/20.jpg HTTP/1.1[0m" 304 -
[2024-02-06 11:21:10,183] INFO in _internal: 127.0.0.1 - - [06/Feb/2024 11:21:10] "[36mGET /static/img/21.jpg HTTP/1.1[0m" 304 -
[2024-02-06 11:21:10,185] INFO in _internal: 127.0.0.1 - - [06/Feb/2024 11:21:10] "[36mGET /static/img/22.jpg HTTP/1.1[0m" 304 -
[2024-02-06 11:21:10,188] INFO in _internal: 127.0.0.1 - - [06/Feb/2024 11:21:10] "[36mGET /static/img/23.jpg HTTP/1.1[0m" 304 -
[2024-02-06 11:21:10,999] INFO in _internal: 127.0.0.1 - - [06/Feb/2024 11:21:10] "GET /escortv2 HTTP/1.1" 200 -
[2024-02-06 11:21:11,019] INFO in _internal: 127.0.0.1 - - [06/Feb/2024 11:21:11] "[36mGET /static/css/escortv2.css HTTP/1.1[0m" 304 -
[2024-02-06 11:21:11,021] INFO in _internal: 127.0.0.1 - - [06/Feb/2024 11:21:11] "[36mGET /static/img/logo.png HTTP/1.1[0m" 304 -
[2024-02-06 11:21:11,023] INFO in _internal: 127.0.0.1 - - [06/Feb/2024 11:21:11] "[36mGET /static/js/escortv2.js HTTP/1.1[0m" 304 -
[2024-02-06 11:21:11,081] INFO in _internal: 127.0.0.1 - - [06/Feb/2024 11:21:11] "[36mGET /static/img/1.jpg HTTP/1.1[0m" 304 -
[2024-02-06 11:21:11,083] INFO in _internal: 127.0.0.1 - - [06/Feb/2024 11:21:11] "[36mGET /static/img/2.jpg HTTP/1.1[0m" 304 -
[2024-02-06 11:21:11,083] INFO in _internal: 127.0.0.1 - - [06/Feb/2024 11:21:11] "[36mGET /static/img/3.jpg HTTP/1.1[0m" 304 -
[2024-02-06 11:21:11,086] INFO in _internal: 127.0.0.1 - - [06/Feb/2024 11:21:11] "[36mGET /static/img/4.jpg HTTP/1.1[0m" 304 -
[2024-02-06 11:21:11,094] INFO in _internal: 127.0.0.1 - - [06/Feb/2024 11:21:11] "[36mGET /static/img/19.jpg HTTP/1.1[0m" 304 -
[2024-02-06 11:21:11,102] INFO in _internal: 127.0.0.1 - - [06/Feb/2024 11:21:11] "[36mGET /static/img/20.jpg HTTP/1.1[0m" 304 -
[2024-02-06 11:21:11,103] INFO in _internal: 127.0.0.1 - - [06/Feb/2024 11:21:11] "[36mGET /static/img/21.jpg HTTP/1.1[0m" 304 -
[2024-02-06 11:21:11,105] INFO in _internal: 127.0.0.1 - - [06/Feb/2024 11:21:11] "[36mGET /static/img/22.jpg HTTP/1.1[0m" 304 -
[2024-02-06 11:21:11,108] INFO in _internal: 127.0.0.1 - - [06/Feb/2024 11:21:11] "[36mGET /static/img/23.jpg HTTP/1.1[0m" 304 -
[2024-02-06 14:36:28,641] INFO in _internal: 127.0.0.1 - - [06/Feb/2024 14:36:28] "GET /escortv2 HTTP/1.1" 200 -
[2024-02-06 14:36:28,666] INFO in _internal: 127.0.0.1 - - [06/Feb/2024 14:36:28] "[36mGET /static/css/escortv2.css HTTP/1.1[0m" 304 -
[2024-02-06 14:36:28,669] INFO in _internal: 127.0.0.1 - - [06/Feb/2024 14:36:28] "[36mGET /static/img/logo.png HTTP/1.1[0m" 304 -
[2024-02-06 14:36:28,694] INFO in _internal: 127.0.0.1 - - [06/Feb/2024 14:36:28] "GET /static/js/escortv2.js HTTP/1.1" 200 -
[2024-02-06 14:36:28,754] INFO in _internal: 127.0.0.1 - - [06/Feb/2024 14:36:28] "[36mGET /static/img/4.jpg HTTP/1.1[0m" 304 -
[2024-02-06 14:36:28,755] INFO in _internal: 127.0.0.1 - - [06/Feb/2024 14:36:28] "[36mGET /static/img/2.jpg HTTP/1.1[0m" 304 -
[2024-02-06 14:36:28,756] INFO in _internal: 127.0.0.1 - - [06/Feb/2024 14:36:28] "[36mGET /static/img/3.jpg HTTP/1.1[0m" 304 -
[2024-02-06 14:36:28,758] INFO in _internal: 127.0.0.1 - - [06/Feb/2024 14:36:28] "[36mGET /static/img/1.jpg HTTP/1.1[0m" 304 -
[2024-02-06 14:36:28,762] INFO in _internal: 127.0.0.1 - - [06/Feb/2024 14:36:28] "[36mGET /static/img/19.jpg HTTP/1.1[0m" 304 -
[2024-02-06 14:36:28,766] INFO in _internal: 127.0.0.1 - - [06/Feb/2024 14:36:28] "[36mGET /static/img/20.jpg HTTP/1.1[0m" 304 -
[2024-02-06 14:36:28,793] INFO in _internal: 127.0.0.1 - - [06/Feb/2024 14:36:28] "[36mGET /static/img/21.jpg HTTP/1.1[0m" 304 -
[2024-02-06 14:36:28,798] INFO in _internal: 127.0.0.1 - - [06/Feb/2024 14:36:28] "[36mGET /static/img/22.jpg HTTP/1.1[0m" 304 -
[2024-02-06 14:36:28,799] INFO in _internal: 127.0.0.1 - - [06/Feb/2024 14:36:28] "[36mGET /static/img/23.jpg HTTP/1.1[0m" 304 -
[2024-02-06 15:11:03,196] INFO in _internal: 127.0.0.1 - - [06/Feb/2024 15:11:03] "GET /escortv2 HTTP/1.1" 200 -
[2024-02-06 15:11:03,220] INFO in _internal: 127.0.0.1 - - [06/Feb/2024 15:11:03] "[36mGET /static/css/escortv2.css HTTP/1.1[0m" 304 -
[2024-02-06 15:11:03,223] INFO in _internal: 127.0.0.1 - - [06/Feb/2024 15:11:03] "[36mGET /static/img/logo.png HTTP/1.1[0m" 304 -
[2024-02-06 15:11:03,243] INFO in _internal: 127.0.0.1 - - [06/Feb/2024 15:11:03] "GET /static/js/escortv2.js HTTP/1.1" 200 -
[2024-02-06 15:11:03,781] INFO in _internal: 127.0.0.1 - - [06/Feb/2024 15:11:03] "[36mGET /static/img/1.jpg HTTP/1.1[0m" 304 -
[2024-02-06 15:11:03,795] INFO in _internal: 127.0.0.1 - - [06/Feb/2024 15:11:03] "[36mGET /static/img/3.jpg HTTP/1.1[0m" 304 -
[2024-02-06 15:11:03,800] INFO in _internal: 127.0.0.1 - - [06/Feb/2024 15:11:03] "[36mGET /static/img/2.jpg HTTP/1.1[0m" 304 -
[2024-02-06 15:11:03,818] INFO in _internal: 127.0.0.1 - - [06/Feb/2024 15:11:03] "[36mGET /static/img/4.jpg HTTP/1.1[0m" 304 -
[2024-02-06 15:11:03,820] INFO in _internal: 127.0.0.1 - - [06/Feb/2024 15:11:03] "[36mGET /static/img/20.jpg HTTP/1.1[0m" 304 -
[2024-02-06 15:11:03,824] INFO in _internal: 127.0.0.1 - - [06/Feb/2024 15:11:03] "[36mGET /static/img/19.jpg HTTP/1.1[0m" 304 -
[2024-02-06 15:11:03,830] INFO in _internal: 127.0.0.1 - - [06/Feb/2024 15:11:03] "[36mGET /static/img/21.jpg HTTP/1.1[0m" 304 -
[2024-02-06 15:11:03,835] INFO in _internal: 127.0.0.1 - - [06/Feb/2024 15:11:03] "[36mGET /static/img/22.jpg HTTP/1.1[0m" 304 -
[2024-02-06 15:11:03,839] INFO in _internal: 127.0.0.1 - - [06/Feb/2024 15:11:03] "[36mGET /static/img/23.jpg HTTP/1.1[0m" 304 -
[2024-02-06 15:16:06,251] INFO in _internal: 127.0.0.1 - - [06/Feb/2024 15:16:06] "GET /escortv2 HTTP/1.1" 200 -
[2024-02-06 15:16:06,274] INFO in _internal: 127.0.0.1 - - [06/Feb/2024 15:16:06] "[36mGET /static/css/escortv2.css HTTP/1.1[0m" 304 -
[2024-02-06 15:16:06,276] INFO in _internal: 127.0.0.1 - - [06/Feb/2024 15:16:06] "[36mGET /static/img/logo.png HTTP/1.1[0m" 304 -
[2024-02-06 15:16:06,299] INFO in _internal: 127.0.0.1 - - [06/Feb/2024 15:16:06] "GET /static/js/escortv2.js HTTP/1.1" 200 -
[2024-02-06 15:16:06,329] INFO in _internal: 127.0.0.1 - - [06/Feb/2024 15:16:06] "[36mGET /static/img/1.jpg HTTP/1.1[0m" 304 -
[2024-02-06 15:16:06,330] INFO in _internal: 127.0.0.1 - - [06/Feb/2024 15:16:06] "[36mGET /static/img/2.jpg HTTP/1.1[0m" 304 -
[2024-02-06 15:16:06,337] INFO in _internal: 127.0.0.1 - - [06/Feb/2024 15:16:06] "[36mGET /static/img/3.jpg HTTP/1.1[0m" 304 -
[2024-02-06 15:16:06,341] INFO in _internal: 127.0.0.1 - - [06/Feb/2024 15:16:06] "[36mGET /static/img/4.jpg HTTP/1.1[0m" 304 -
[2024-02-06 15:16:06,348] INFO in _internal: 127.0.0.1 - - [06/Feb/2024 15:16:06] "[36mGET /static/img/19.jpg HTTP/1.1[0m" 304 -
[2024-02-06 15:16:06,359] INFO in _internal: 127.0.0.1 - - [06/Feb/2024 15:16:06] "[36mGET /static/img/20.jpg HTTP/1.1[0m" 304 -
[2024-02-06 15:16:06,362] INFO in _internal: 127.0.0.1 - - [06/Feb/2024 15:16:06] "[36mGET /static/img/21.jpg HTTP/1.1[0m" 304 -
[2024-02-06 15:16:06,366] INFO in _internal: 127.0.0.1 - - [06/Feb/2024 15:16:06] "[36mGET /static/img/22.jpg HTTP/1.1[0m" 304 -
[2024-02-06 15:16:06,369] INFO in _internal: 127.0.0.1 - - [06/Feb/2024 15:16:06] "[36mGET /static/img/23.jpg HTTP/1.1[0m" 304 -
[2024-02-06 15:17:30,576] INFO in _internal: 127.0.0.1 - - [06/Feb/2024 15:17:30] "GET /escortv2 HTTP/1.1" 200 -
[2024-02-06 15:17:30,608] INFO in _internal: 127.0.0.1 - - [06/Feb/2024 15:17:30] "[36mGET /static/css/escortv2.css HTTP/1.1[0m" 304 -
[2024-02-06 15:17:30,608] INFO in _internal: 127.0.0.1 - - [06/Feb/2024 15:17:30] "[36mGET /static/img/logo.png HTTP/1.1[0m" 304 -
[2024-02-06 15:17:30,653] INFO in _internal: 127.0.0.1 - - [06/Feb/2024 15:17:30] "GET /static/js/escortv2.js HTTP/1.1" 200 -
[2024-02-06 15:17:30,714] INFO in _internal: 127.0.0.1 - - [06/Feb/2024 15:17:30] "[36mGET /static/img/1.jpg HTTP/1.1[0m" 304 -
[2024-02-06 15:17:30,726] INFO in _internal: 127.0.0.1 - - [06/Feb/2024 15:17:30] "[36mGET /static/img/3.jpg HTTP/1.1[0m" 304 -
[2024-02-06 15:17:30,729] INFO in _internal: 127.0.0.1 - - [06/Feb/2024 15:17:30] "[36mGET /static/img/2.jpg HTTP/1.1[0m" 304 -
[2024-02-06 15:17:30,733] INFO in _internal: 127.0.0.1 - - [06/Feb/2024 15:17:30] "[36mGET /static/img/4.jpg HTTP/1.1[0m" 304 -
[2024-02-06 15:17:30,735] INFO in _internal: 127.0.0.1 - - [06/Feb/2024 15:17:30] "[36mGET /static/img/19.jpg HTTP/1.1[0m" 304 -
[2024-02-06 15:17:30,743] INFO in _internal: 127.0.0.1 - - [06/Feb/2024 15:17:30] "[36mGET /static/img/20.jpg HTTP/1.1[0m" 304 -
[2024-02-06 15:17:30,747] INFO in _internal: 127.0.0.1 - - [06/Feb/2024 15:17:30] "[36mGET /static/img/21.jpg HTTP/1.1[0m" 304 -
[2024-02-06 15:17:30,755] INFO in _internal: 127.0.0.1 - - [06/Feb/2024 15:17:30] "[36mGET /static/img/22.jpg HTTP/1.1[0m" 304 -
[2024-02-06 15:17:30,758] INFO in _internal: 127.0.0.1 - - [06/Feb/2024 15:17:30] "[36mGET /static/img/23.jpg HTTP/1.1[0m" 304 -
[2024-02-06 15:18:05,607] INFO in _internal: 127.0.0.1 - - [06/Feb/2024 15:18:05] "GET /escortv2 HTTP/1.1" 200 -
[2024-02-06 15:18:05,633] INFO in _internal: 127.0.0.1 - - [06/Feb/2024 15:18:05] "[36mGET /static/css/escortv2.css HTTP/1.1[0m" 304 -
[2024-02-06 15:18:05,634] INFO in _internal: 127.0.0.1 - - [06/Feb/2024 15:18:05] "[36mGET /static/img/logo.png HTTP/1.1[0m" 304 -
[2024-02-06 15:18:05,636] INFO in _internal: 127.0.0.1 - - [06/Feb/2024 15:18:05] "[36mGET /static/js/escortv2.js HTTP/1.1[0m" 304 -
[2024-02-06 15:18:05,669] INFO in _internal: 127.0.0.1 - - [06/Feb/2024 15:18:05] "[36mGET /static/img/1.jpg HTTP/1.1[0m" 304 -
[2024-02-06 15:18:05,669] INFO in _internal: 127.0.0.1 - - [06/Feb/2024 15:18:05] "[36mGET /static/img/2.jpg HTTP/1.1[0m" 304 -
[2024-02-06 15:18:05,675] INFO in _internal: 127.0.0.1 - - [06/Feb/2024 15:18:05] "[36mGET /static/img/3.jpg HTTP/1.1[0m" 304 -
[2024-02-06 15:18:05,685] INFO in _internal: 127.0.0.1 - - [06/Feb/2024 15:18:05] "[36mGET /static/img/4.jpg HTTP/1.1[0m" 304 -
[2024-02-06 15:18:05,694] INFO in _internal: 127.0.0.1 - - [06/Feb/2024 15:18:05] "[36mGET /static/img/20.jpg HTTP/1.1[0m" 304 -
[2024-02-06 15:18:05,697] INFO in _internal: 127.0.0.1 - - [06/Feb/2024 15:18:05] "[36mGET /static/img/21.jpg HTTP/1.1[0m" 304 -
[2024-02-06 15:18:05,697] INFO in _internal: 127.0.0.1 - - [06/Feb/2024 15:18:05] "[36mGET /static/img/19.jpg HTTP/1.1[0m" 304 -
[2024-02-06 15:18:05,702] INFO in _internal: 127.0.0.1 - - [06/Feb/2024 15:18:05] "[36mGET /static/img/22.jpg HTTP/1.1[0m" 304 -
[2024-02-06 15:18:05,710] INFO in _internal: 127.0.0.1 - - [06/Feb/2024 15:18:05] "[36mGET /static/img/23.jpg HTTP/1.1[0m" 304 -
[2024-02-06 15:19:24,399] INFO in _internal: 127.0.0.1 - - [06/Feb/2024 15:19:24] "GET /escortv2 HTTP/1.1" 200 -
[2024-02-06 15:19:24,428] INFO in _internal: 127.0.0.1 - - [06/Feb/2024 15:19:24] "[36mGET /static/css/escortv2.css HTTP/1.1[0m" 304 -
[2024-02-06 15:19:24,428] INFO in _internal: 127.0.0.1 - - [06/Feb/2024 15:19:24] "[36mGET /static/img/logo.png HTTP/1.1[0m" 304 -
[2024-02-06 15:19:24,456] INFO in _internal: 127.0.0.1 - - [06/Feb/2024 15:19:24] "GET /static/js/escortv2.js HTTP/1.1" 200 -
[2024-02-06 15:19:24,482] INFO in _internal: 127.0.0.1 - - [06/Feb/2024 15:19:24] "[36mGET /static/img/1.jpg HTTP/1.1[0m" 304 -
[2024-02-06 15:19:24,486] INFO in _internal: 127.0.0.1 - - [06/Feb/2024 15:19:24] "[36mGET /static/img/2.jpg HTTP/1.1[0m" 304 -
[2024-02-06 15:19:24,492] INFO in _internal: 127.0.0.1 - - [06/Feb/2024 15:19:24] "[36mGET /static/img/3.jpg HTTP/1.1[0m" 304 -
[2024-02-06 15:19:24,497] INFO in _internal: 127.0.0.1 - - [06/Feb/2024 15:19:24] "[36mGET /static/img/4.jpg HTTP/1.1[0m" 304 -
[2024-02-06 15:19:24,508] INFO in _internal: 127.0.0.1 - - [06/Feb/2024 15:19:24] "[36mGET /static/img/20.jpg HTTP/1.1[0m" 304 -
[2024-02-06 15:19:24,509] INFO in _internal: 127.0.0.1 - - [06/Feb/2024 15:19:24] "[36mGET /static/img/19.jpg HTTP/1.1[0m" 304 -
[2024-02-06 15:19:24,512] INFO in _internal: 127.0.0.1 - - [06/Feb/2024 15:19:24] "[36mGET /static/img/21.jpg HTTP/1.1[0m" 304 -
[2024-02-06 15:19:24,522] INFO in _internal: 127.0.0.1 - - [06/Feb/2024 15:19:24] "[36mGET /static/img/22.jpg HTTP/1.1[0m" 304 -
[2024-02-06 15:19:24,525] INFO in _internal: 127.0.0.1 - - [06/Feb/2024 15:19:24] "[36mGET /static/img/23.jpg HTTP/1.1[0m" 304 -
[2024-02-06 15:19:45,810] INFO in _internal: 127.0.0.1 - - [06/Feb/2024 15:19:45] "GET /escortv2 HTTP/1.1" 200 -
[2024-02-06 15:19:45,828] INFO in _internal: 127.0.0.1 - - [06/Feb/2024 15:19:45] "[36mGET /static/css/escortv2.css HTTP/1.1[0m" 304 -
[2024-02-06 15:19:45,832] INFO in _internal: 127.0.0.1 - - [06/Feb/2024 15:19:45] "[36mGET /static/img/logo.png HTTP/1.1[0m" 304 -
[2024-02-06 15:19:45,852] INFO in _internal: 127.0.0.1 - - [06/Feb/2024 15:19:45] "GET /static/js/escortv2.js HTTP/1.1" 200 -
[2024-02-06 15:19:45,866] INFO in _internal: 127.0.0.1 - - [06/Feb/2024 15:19:45] "[36mGET /static/img/1.jpg HTTP/1.1[0m" 304 -
[2024-02-06 15:19:45,876] INFO in _internal: 127.0.0.1 - - [06/Feb/2024 15:19:45] "[36mGET /static/img/2.jpg HTTP/1.1[0m" 304 -
[2024-02-06 15:19:45,882] INFO in _internal: 127.0.0.1 - - [06/Feb/2024 15:19:45] "[36mGET /static/img/4.jpg HTTP/1.1[0m" 304 -
[2024-02-06 15:19:45,885] INFO in _internal: 127.0.0.1 - - [06/Feb/2024 15:19:45] "[36mGET /static/img/19.jpg HTTP/1.1[0m" 304 -
[2024-02-06 15:19:45,886] INFO in _internal: 127.0.0.1 - - [06/Feb/2024 15:19:45] "[36mGET /static/img/3.jpg HTTP/1.1[0m" 304 -
[2024-02-06 15:19:45,887] INFO in _internal: 127.0.0.1 - - [06/Feb/2024 15:19:45] "[36mGET /static/img/20.jpg HTTP/1.1[0m" 304 -
[2024-02-06 15:19:45,894] INFO in _internal: 127.0.0.1 - - [06/Feb/2024 15:19:45] "[36mGET /static/img/21.jpg HTTP/1.1[0m" 304 -
[2024-02-06 15:19:45,895] INFO in _internal: 127.0.0.1 - - [06/Feb/2024 15:19:45] "[36mGET /static/img/22.jpg HTTP/1.1[0m" 304 -
[2024-02-06 15:19:45,902] INFO in _internal: 127.0.0.1 - - [06/Feb/2024 15:19:45] "[36mGET /static/img/23.jpg HTTP/1.1[0m" 304 -
[2024-02-06 16:22:00,348] INFO in _internal: 127.0.0.1 - - [06/Feb/2024 16:22:00] "GET /escortv2 HTTP/1.1" 200 -
[2024-02-06 16:22:00,375] INFO in _internal: 127.0.0.1 - - [06/Feb/2024 16:22:00] "[36mGET /static/img/logo.png HTTP/1.1[0m" 304 -
[2024-02-06 16:22:00,388] INFO in _internal: 127.0.0.1 - - [06/Feb/2024 16:22:00] "[36mGET /static/css/escortv2.css HTTP/1.1[0m" 304 -
[2024-02-06 16:22:00,399] INFO in _internal: 127.0.0.1 - - [06/Feb/2024 16:22:00] "GET /static/js/escortv2.js HTTP/1.1" 200 -
[2024-02-06 16:22:00,437] INFO in _internal: 127.0.0.1 - - [06/Feb/2024 16:22:00] "[36mGET /static/img/1.jpg HTTP/1.1[0m" 304 -
[2024-02-06 16:22:00,438] INFO in _internal: 127.0.0.1 - - [06/Feb/2024 16:22:00] "[36mGET /static/img/2.jpg HTTP/1.1[0m" 304 -
[2024-02-06 16:22:00,452] INFO in _internal: 127.0.0.1 - - [06/Feb/2024 16:22:00] "[36mGET /static/img/3.jpg HTTP/1.1[0m" 304 -
[2024-02-06 16:22:00,458] INFO in _internal: 127.0.0.1 - - [06/Feb/2024 16:22:00] "[36mGET /static/img/4.jpg HTTP/1.1[0m" 304 -
[2024-02-06 16:22:00,460] INFO in _internal: 127.0.0.1 - - [06/Feb/2024 16:22:00] "[36mGET /static/img/19.jpg HTTP/1.1[0m" 304 -
[2024-02-06 16:22:00,462] INFO in _internal: 127.0.0.1 - - [06/Feb/2024 16:22:00] "[36mGET /static/img/20.jpg HTTP/1.1[0m" 304 -
[2024-02-06 16:22:00,465] INFO in _internal: 127.0.0.1 - - [06/Feb/2024 16:22:00] "[36mGET /static/img/21.jpg HTTP/1.1[0m" 304 -
[2024-02-06 16:22:00,471] INFO in _internal: 127.0.0.1 - - [06/Feb/2024 16:22:00] "[36mGET /static/img/22.jpg HTTP/1.1[0m" 304 -
[2024-02-06 16:22:00,482] INFO in _internal: 127.0.0.1 - - [06/Feb/2024 16:22:00] "[36mGET /static/img/23.jpg HTTP/1.1[0m" 304 -
[2024-02-06 16:25:07,602] INFO in _internal: 127.0.0.1 - - [06/Feb/2024 16:25:07] "GET /escortv2 HTTP/1.1" 200 -
[2024-02-06 16:25:07,624] INFO in _internal: 127.0.0.1 - - [06/Feb/2024 16:25:07] "[36mGET /static/css/escortv2.css HTTP/1.1[0m" 304 -
[2024-02-06 16:25:07,625] INFO in _internal: 127.0.0.1 - - [06/Feb/2024 16:25:07] "[36mGET /static/img/logo.png HTTP/1.1[0m" 304 -
[2024-02-06 16:25:07,644] INFO in _internal: 127.0.0.1 - - [06/Feb/2024 16:25:07] "GET /static/js/escortv2.js HTTP/1.1" 200 -
[2024-02-06 16:25:23,162] INFO in _internal: 127.0.0.1 - - [06/Feb/2024 16:25:23] "GET /escortv2 HTTP/1.1" 200 -
[2024-02-06 16:25:23,186] INFO in _internal: 127.0.0.1 - - [06/Feb/2024 16:25:23] "[36mGET /static/css/escortv2.css HTTP/1.1[0m" 304 -
[2024-02-06 16:25:23,189] INFO in _internal: 127.0.0.1 - - [06/Feb/2024 16:25:23] "[36mGET /static/img/logo.png HTTP/1.1[0m" 304 -
[2024-02-06 16:25:23,212] INFO in _internal: 127.0.0.1 - - [06/Feb/2024 16:25:23] "GET /static/js/escortv2.js HTTP/1.1" 200 -
[2024-02-06 16:25:23,231] INFO in _internal: 127.0.0.1 - - [06/Feb/2024 16:25:23] "[36mGET /static/img/1.jpg HTTP/1.1[0m" 304 -
[2024-02-06 16:25:23,231] INFO in _internal: 127.0.0.1 - - [06/Feb/2024 16:25:23] "[36mGET /static/img/2.jpg HTTP/1.1[0m" 304 -
[2024-02-06 16:25:23,241] INFO in _internal: 127.0.0.1 - - [06/Feb/2024 16:25:23] "[36mGET /static/img/3.jpg HTTP/1.1[0m" 304 -
[2024-02-06 16:25:23,255] INFO in _internal: 127.0.0.1 - - [06/Feb/2024 16:25:23] "[36mGET /static/img/4.jpg HTTP/1.1[0m" 304 -
[2024-02-06 16:25:23,258] INFO in _internal: 127.0.0.1 - - [06/Feb/2024 16:25:23] "[36mGET /static/img/19.jpg HTTP/1.1[0m" 304 -
[2024-02-06 16:25:23,258] INFO in _internal: 127.0.0.1 - - [06/Feb/2024 16:25:23] "[36mGET /static/img/20.jpg HTTP/1.1[0m" 304 -
[2024-02-06 16:25:23,261] INFO in _internal: 127.0.0.1 - - [06/Feb/2024 16:25:23] "[36mGET /static/img/21.jpg HTTP/1.1[0m" 304 -
[2024-02-06 16:25:23,272] INFO in _internal: 127.0.0.1 - - [06/Feb/2024 16:25:23] "[36mGET /static/img/22.jpg HTTP/1.1[0m" 304 -
[2024-02-06 16:25:23,273] INFO in _internal: 127.0.0.1 - - [06/Feb/2024 16:25:23] "[36mGET /static/img/23.jpg HTTP/1.1[0m" 304 -
[2024-02-06 16:44:31,408] INFO in _internal: 127.0.0.1 - - [06/Feb/2024 16:44:31] "GET /escortv2 HTTP/1.1" 200 -
[2024-02-06 16:44:31,436] INFO in _internal: 127.0.0.1 - - [06/Feb/2024 16:44:31] "[36mGET /static/css/escortv2.css HTTP/1.1[0m" 304 -
[2024-02-06 16:44:31,438] INFO in _internal: 127.0.0.1 - - [06/Feb/2024 16:44:31] "[36mGET /static/img/logo.png HTTP/1.1[0m" 304 -
[2024-02-06 16:44:31,444] INFO in _internal: 127.0.0.1 - - [06/Feb/2024 16:44:31] "GET /static/js/escortv2.js HTTP/1.1" 200 -
[2024-02-06 16:45:16,065] INFO in _internal: 127.0.0.1 - - [06/Feb/2024 16:45:16] "GET /escortv2 HTTP/1.1" 200 -
[2024-02-06 16:45:16,094] INFO in _internal: 127.0.0.1 - - [06/Feb/2024 16:45:16] "[36mGET /static/css/escortv2.css HTTP/1.1[0m" 304 -
[2024-02-06 16:45:16,099] INFO in _internal: 127.0.0.1 - - [06/Feb/2024 16:45:16] "[36mGET /static/img/logo.png HTTP/1.1[0m" 304 -
[2024-02-06 16:45:16,142] INFO in _internal: 127.0.0.1 - - [06/Feb/2024 16:45:16] "GET /static/js/escortv2.js HTTP/1.1" 200 -
[2024-02-06 16:45:16,167] INFO in _internal: 127.0.0.1 - - [06/Feb/2024 16:45:16] "[36mGET /static/img/1.jpg HTTP/1.1[0m" 304 -
[2024-02-06 16:45:16,169] INFO in _internal: 127.0.0.1 - - [06/Feb/2024 16:45:16] "[36mGET /static/img/2.jpg HTTP/1.1[0m" 304 -
[2024-02-06 16:45:16,169] INFO in _internal: 127.0.0.1 - - [06/Feb/2024 16:45:16] "[36mGET /static/img/3.jpg HTTP/1.1[0m" 304 -
[2024-02-06 16:45:16,170] INFO in _internal: 127.0.0.1 - - [06/Feb/2024 16:45:16] "[36mGET /static/img/4.jpg HTTP/1.1[0m" 304 -
[2024-02-06 16:45:16,174] INFO in _internal: 127.0.0.1 - - [06/Feb/2024 16:45:16] "[36mGET /static/img/19.jpg HTTP/1.1[0m" 304 -
[2024-02-06 16:45:16,181] INFO in _internal: 127.0.0.1 - - [06/Feb/2024 16:45:16] "[36mGET /static/img/20.jpg HTTP/1.1[0m" 304 -
[2024-02-06 16:45:16,187] INFO in _internal: 127.0.0.1 - - [06/Feb/2024 16:45:16] "[36mGET /static/img/21.jpg HTTP/1.1[0m" 304 -
[2024-02-06 16:45:16,215] INFO in _internal: 127.0.0.1 - - [06/Feb/2024 16:45:16] "[36mGET /static/img/22.jpg HTTP/1.1[0m" 304 -
[2024-02-06 16:45:16,216] INFO in _internal: 127.0.0.1 - - [06/Feb/2024 16:45:16] "[36mGET /static/img/23.jpg HTTP/1.1[0m" 304 -
[2024-02-06 16:46:09,949] INFO in _internal: 127.0.0.1 - - [06/Feb/2024 16:46:09] "GET /escortv2 HTTP/1.1" 200 -
[2024-02-06 16:46:09,969] INFO in _internal: 127.0.0.1 - - [06/Feb/2024 16:46:09] "[36mGET /static/css/escortv2.css HTTP/1.1[0m" 304 -
[2024-02-06 16:46:09,970] INFO in _internal: 127.0.0.1 - - [06/Feb/2024 16:46:09] "[36mGET /static/img/logo.png HTTP/1.1[0m" 304 -
[2024-02-06 16:46:09,972] INFO in _internal: 127.0.0.1 - - [06/Feb/2024 16:46:09] "[36mGET /static/js/escortv2.js HTTP/1.1[0m" 304 -
[2024-02-06 16:46:10,025] INFO in _internal: 127.0.0.1 - - [06/Feb/2024 16:46:10] "[36mGET /static/img/2.jpg HTTP/1.1[0m" 304 -
[2024-02-06 16:46:10,025] INFO in _internal: 127.0.0.1 - - [06/Feb/2024 16:46:10] "[36mGET /static/img/1.jpg HTTP/1.1[0m" 304 -
[2024-02-06 16:46:10,027] INFO in _internal: 127.0.0.1 - - [06/Feb/2024 16:46:10] "[36mGET /static/img/3.jpg HTTP/1.1[0m" 304 -
[2024-02-06 16:46:10,032] INFO in _internal: 127.0.0.1 - - [06/Feb/2024 16:46:10] "[36mGET /static/img/4.jpg HTTP/1.1[0m" 304 -
[2024-02-06 16:46:10,040] INFO in _internal: 127.0.0.1 - - [06/Feb/2024 16:46:10] "[36mGET /static/img/19.jpg HTTP/1.1[0m" 304 -
[2024-02-06 16:46:10,040] INFO in _internal: 127.0.0.1 - - [06/Feb/2024 16:46:10] "[36mGET /static/img/20.jpg HTTP/1.1[0m" 304 -
[2024-02-06 16:46:10,042] INFO in _internal: 127.0.0.1 - - [06/Feb/2024 16:46:10] "[36mGET /static/img/21.jpg HTTP/1.1[0m" 304 -
[2024-02-06 16:46:10,063] INFO in _internal: 127.0.0.1 - - [06/Feb/2024 16:46:10] "[36mGET /static/img/22.jpg HTTP/1.1[0m" 304 -
[2024-02-06 16:46:10,067] INFO in _internal: 127.0.0.1 - - [06/Feb/2024 16:46:10] "[36mGET /static/img/23.jpg HTTP/1.1[0m" 304 -
[2024-02-06 16:47:59,632] INFO in _internal: 127.0.0.1 - - [06/Feb/2024 16:47:59] "GET /escortv2 HTTP/1.1" 200 -
[2024-02-06 16:47:59,656] INFO in _internal: 127.0.0.1 - - [06/Feb/2024 16:47:59] "[36mGET /static/css/escortv2.css HTTP/1.1[0m" 304 -
[2024-02-06 16:47:59,656] INFO in _internal: 127.0.0.1 - - [06/Feb/2024 16:47:59] "[36mGET /static/img/logo.png HTTP/1.1[0m" 304 -
[2024-02-06 16:47:59,676] INFO in _internal: 127.0.0.1 - - [06/Feb/2024 16:47:59] "GET /static/js/escortv2.js HTTP/1.1" 200 -
[2024-02-06 16:47:59,708] INFO in _internal: 127.0.0.1 - - [06/Feb/2024 16:47:59] "[36mGET /static/img/1.jpg HTTP/1.1[0m" 304 -
[2024-02-06 16:47:59,709] INFO in _internal: 127.0.0.1 - - [06/Feb/2024 16:47:59] "[36mGET /static/img/2.jpg HTTP/1.1[0m" 304 -
[2024-02-06 16:47:59,711] INFO in _internal: 127.0.0.1 - - [06/Feb/2024 16:47:59] "[36mGET /static/img/3.jpg HTTP/1.1[0m" 304 -
[2024-02-06 16:47:59,717] INFO in _internal: 127.0.0.1 - - [06/Feb/2024 16:47:59] "[36mGET /static/img/4.jpg HTTP/1.1[0m" 304 -
[2024-02-06 16:47:59,732] INFO in _internal: 127.0.0.1 - - [06/Feb/2024 16:47:59] "[36mGET /static/img/19.jpg HTTP/1.1[0m" 304 -
[2024-02-06 16:47:59,737] INFO in _internal: 127.0.0.1 - - [06/Feb/2024 16:47:59] "[36mGET /static/img/20.jpg HTTP/1.1[0m" 304 -
[2024-02-06 16:47:59,745] INFO in _internal: 127.0.0.1 - - [06/Feb/2024 16:47:59] "[36mGET /static/img/21.jpg HTTP/1.1[0m" 304 -
[2024-02-06 16:47:59,747] INFO in _internal: 127.0.0.1 - - [06/Feb/2024 16:47:59] "[36mGET /static/img/22.jpg HTTP/1.1[0m" 304 -
[2024-02-06 16:47:59,757] INFO in _internal: 127.0.0.1 - - [06/Feb/2024 16:47:59] "[36mGET /static/img/23.jpg HTTP/1.1[0m" 304 -
[2024-02-06 16:49:20,088] INFO in _internal: 127.0.0.1 - - [06/Feb/2024 16:49:20] "GET /escortv2 HTTP/1.1" 200 -
[2024-02-06 16:49:20,110] INFO in _internal: 127.0.0.1 - - [06/Feb/2024 16:49:20] "[36mGET /static/css/escortv2.css HTTP/1.1[0m" 304 -
[2024-02-06 16:49:20,114] INFO in _internal: 127.0.0.1 - - [06/Feb/2024 16:49:20] "[36mGET /static/img/logo.png HTTP/1.1[0m" 304 -
[2024-02-06 16:49:20,131] INFO in _internal: 127.0.0.1 - - [06/Feb/2024 16:49:20] "GET /static/js/escortv2.js HTTP/1.1" 200 -
[2024-02-06 16:49:20,156] INFO in _internal: 127.0.0.1 - - [06/Feb/2024 16:49:20] "[36mGET /static/img/1.jpg HTTP/1.1[0m" 304 -
[2024-02-06 16:49:20,157] INFO in _internal: 127.0.0.1 - - [06/Feb/2024 16:49:20] "[36mGET /static/img/2.jpg HTTP/1.1[0m" 304 -
[2024-02-06 16:49:20,168] INFO in _internal: 127.0.0.1 - - [06/Feb/2024 16:49:20] "[36mGET /static/img/3.jpg HTTP/1.1[0m" 304 -
[2024-02-06 16:49:20,178] INFO in _internal: 127.0.0.1 - - [06/Feb/2024 16:49:20] "[36mGET /static/img/4.jpg HTTP/1.1[0m" 304 -
[2024-02-06 16:49:20,181] INFO in _internal: 127.0.0.1 - - [06/Feb/2024 16:49:20] "[36mGET /static/img/19.jpg HTTP/1.1[0m" 304 -
[2024-02-06 16:49:20,185] INFO in _internal: 127.0.0.1 - - [06/Feb/2024 16:49:20] "[36mGET /static/img/20.jpg HTTP/1.1[0m" 304 -
[2024-02-06 16:49:20,191] INFO in _internal: 127.0.0.1 - - [06/Feb/2024 16:49:20] "[36mGET /static/img/21.jpg HTTP/1.1[0m" 304 -
[2024-02-06 16:49:20,194] INFO in _internal: 127.0.0.1 - - [06/Feb/2024 16:49:20] "[36mGET /static/img/22.jpg HTTP/1.1[0m" 304 -
[2024-02-06 16:49:20,197] INFO in _internal: 127.0.0.1 - - [06/Feb/2024 16:49:20] "[36mGET /static/img/23.jpg HTTP/1.1[0m" 304 -
[2024-02-06 16:52:52,201] INFO in _internal: 127.0.0.1 - - [06/Feb/2024 16:52:52] "GET /escortv2 HTTP/1.1" 200 -
[2024-02-06 16:52:52,222] INFO in _internal: 127.0.0.1 - - [06/Feb/2024 16:52:52] "[36mGET /static/css/escortv2.css HTTP/1.1[0m" 304 -
[2024-02-06 16:52:52,224] INFO in _internal: 127.0.0.1 - - [06/Feb/2024 16:52:52] "[36mGET /static/img/logo.png HTTP/1.1[0m" 304 -
[2024-02-06 16:52:52,247] INFO in _internal: 127.0.0.1 - - [06/Feb/2024 16:52:52] "GET /static/js/escortv2.js HTTP/1.1" 200 -
[2024-02-06 16:52:52,274] INFO in _internal: 127.0.0.1 - - [06/Feb/2024 16:52:52] "[36mGET /static/img/1.jpg HTTP/1.1[0m" 304 -
[2024-02-06 16:52:52,279] INFO in _internal: 127.0.0.1 - - [06/Feb/2024 16:52:52] "[36mGET /static/img/2.jpg HTTP/1.1[0m" 304 -
[2024-02-06 16:52:52,281] INFO in _internal: 127.0.0.1 - - [06/Feb/2024 16:52:52] "[36mGET /static/img/3.jpg HTTP/1.1[0m" 304 -
[2024-02-06 16:52:52,288] INFO in _internal: 127.0.0.1 - - [06/Feb/2024 16:52:52] "[36mGET /static/img/4.jpg HTTP/1.1[0m" 304 -
[2024-02-06 16:52:52,290] INFO in _internal: 127.0.0.1 - - [06/Feb/2024 16:52:52] "[36mGET /static/img/19.jpg HTTP/1.1[0m" 304 -
[2024-02-06 16:52:52,291] INFO in _internal: 127.0.0.1 - - [06/Feb/2024 16:52:52] "[36mGET /static/img/20.jpg HTTP/1.1[0m" 304 -
[2024-02-06 16:52:52,298] INFO in _internal: 127.0.0.1 - - [06/Feb/2024 16:52:52] "[36mGET /static/img/21.jpg HTTP/1.1[0m" 304 -
[2024-02-06 16:52:52,304] INFO in _internal: 127.0.0.1 - - [06/Feb/2024 16:52:52] "[36mGET /static/img/22.jpg HTTP/1.1[0m" 304 -
[2024-02-06 16:52:52,309] INFO in _internal: 127.0.0.1 - - [06/Feb/2024 16:52:52] "[36mGET /static/img/23.jpg HTTP/1.1[0m" 304 -
[2024-02-06 16:55:08,588] INFO in _internal: 127.0.0.1 - - [06/Feb/2024 16:55:08] "GET /escortv2 HTTP/1.1" 200 -
[2024-02-06 16:55:08,610] INFO in _internal: 127.0.0.1 - - [06/Feb/2024 16:55:08] "[36mGET /static/css/escortv2.css HTTP/1.1[0m" 304 -
[2024-02-06 16:55:08,612] INFO in _internal: 127.0.0.1 - - [06/Feb/2024 16:55:08] "[36mGET /static/img/logo.png HTTP/1.1[0m" 304 -
[2024-02-06 16:55:08,639] INFO in _internal: 127.0.0.1 - - [06/Feb/2024 16:55:08] "GET /static/js/escortv2.js HTTP/1.1" 200 -
[2024-02-06 16:55:08,663] INFO in _internal: 127.0.0.1 - - [06/Feb/2024 16:55:08] "[36mGET /static/img/1.jpg HTTP/1.1[0m" 304 -
[2024-02-06 16:55:08,664] INFO in _internal: 127.0.0.1 - - [06/Feb/2024 16:55:08] "[36mGET /static/img/2.jpg HTTP/1.1[0m" 304 -
[2024-02-06 16:55:08,669] INFO in _internal: 127.0.0.1 - - [06/Feb/2024 16:55:08] "[36mGET /static/img/3.jpg HTTP/1.1[0m" 304 -
[2024-02-06 16:55:08,676] INFO in _internal: 127.0.0.1 - - [06/Feb/2024 16:55:08] "[36mGET /static/img/4.jpg HTTP/1.1[0m" 304 -
[2024-02-06 16:55:08,680] INFO in _internal: 127.0.0.1 - - [06/Feb/2024 16:55:08] "[36mGET /static/img/19.jpg HTTP/1.1[0m" 304 -
[2024-02-06 16:55:08,682] INFO in _internal: 127.0.0.1 - - [06/Feb/2024 16:55:08] "[36mGET /static/img/20.jpg HTTP/1.1[0m" 304 -
[2024-02-06 16:55:08,692] INFO in _internal: 127.0.0.1 - - [06/Feb/2024 16:55:08] "[36mGET /static/img/21.jpg HTTP/1.1[0m" 304 -
[2024-02-06 16:55:08,694] INFO in _internal: 127.0.0.1 - - [06/Feb/2024 16:55:08] "[36mGET /static/img/22.jpg HTTP/1.1[0m" 304 -
[2024-02-06 16:55:08,696] INFO in _internal: 127.0.0.1 - - [06/Feb/2024 16:55:08] "[36mGET /static/img/23.jpg HTTP/1.1[0m" 304 -
[2024-02-06 16:57:46,520] INFO in _internal: 127.0.0.1 - - [06/Feb/2024 16:57:46] "GET /escortv2 HTTP/1.1" 200 -
[2024-02-06 16:57:46,543] INFO in _internal: 127.0.0.1 - - [06/Feb/2024 16:57:46] "[36mGET /static/css/escortv2.css HTTP/1.1[0m" 304 -
[2024-02-06 16:57:46,545] INFO in _internal: 127.0.0.1 - - [06/Feb/2024 16:57:46] "[36mGET /static/img/logo.png HTTP/1.1[0m" 304 -
[2024-02-06 16:57:46,565] INFO in _internal: 127.0.0.1 - - [06/Feb/2024 16:57:46] "GET /static/js/escortv2.js HTTP/1.1" 200 -
[2024-02-06 16:57:46,594] INFO in _internal: 127.0.0.1 - - [06/Feb/2024 16:57:46] "[36mGET /static/img/1.jpg HTTP/1.1[0m" 304 -
[2024-02-06 16:57:46,595] INFO in _internal: 127.0.0.1 - - [06/Feb/2024 16:57:46] "[36mGET /static/img/2.jpg HTTP/1.1[0m" 304 -
[2024-02-06 16:57:46,598] INFO in _internal: 127.0.0.1 - - [06/Feb/2024 16:57:46] "[36mGET /static/img/3.jpg HTTP/1.1[0m" 304 -
[2024-02-06 16:57:46,602] INFO in _internal: 127.0.0.1 - - [06/Feb/2024 16:57:46] "[36mGET /static/img/4.jpg HTTP/1.1[0m" 304 -
[2024-02-06 16:57:46,618] INFO in _internal: 127.0.0.1 - - [06/Feb/2024 16:57:46] "[36mGET /static/img/19.jpg HTTP/1.1[0m" 304 -
[2024-02-06 16:57:46,622] INFO in _internal: 127.0.0.1 - - [06/Feb/2024 16:57:46] "[36mGET /static/img/20.jpg HTTP/1.1[0m" 304 -
[2024-02-06 16:57:46,623] INFO in _internal: 127.0.0.1 - - [06/Feb/2024 16:57:46] "[36mGET /static/img/21.jpg HTTP/1.1[0m" 304 -
[2024-02-06 16:57:46,628] INFO in _internal: 127.0.0.1 - - [06/Feb/2024 16:57:46] "[36mGET /static/img/22.jpg HTTP/1.1[0m" 304 -
[2024-02-06 16:57:46,636] INFO in _internal: 127.0.0.1 - - [06/Feb/2024 16:57:46] "[36mGET /static/img/23.jpg HTTP/1.1[0m" 304 -
[2024-02-06 16:59:06,736] INFO in _internal: 127.0.0.1 - - [06/Feb/2024 16:59:06] "GET /escortv2 HTTP/1.1" 200 -
[2024-02-06 16:59:06,763] INFO in _internal: 127.0.0.1 - - [06/Feb/2024 16:59:06] "[36mGET /static/css/escortv2.css HTTP/1.1[0m" 304 -
[2024-02-06 16:59:06,765] INFO in _internal: 127.0.0.1 - - [06/Feb/2024 16:59:06] "[36mGET /static/img/logo.png HTTP/1.1[0m" 304 -
[2024-02-06 16:59:06,783] INFO in _internal: 127.0.0.1 - - [06/Feb/2024 16:59:06] "GET /static/js/escortv2.js HTTP/1.1" 200 -
[2024-02-06 16:59:06,808] INFO in _internal: 127.0.0.1 - - [06/Feb/2024 16:59:06] "[36mGET /static/img/1.jpg HTTP/1.1[0m" 304 -
[2024-02-06 16:59:06,811] INFO in _internal: 127.0.0.1 - - [06/Feb/2024 16:59:06] "[36mGET /static/img/2.jpg HTTP/1.1[0m" 304 -
[2024-02-06 16:59:06,831] INFO in _internal: 127.0.0.1 - - [06/Feb/2024 16:59:06] "[36mGET /static/img/3.jpg HTTP/1.1[0m" 304 -
[2024-02-06 16:59:06,832] INFO in _internal: 127.0.0.1 - - [06/Feb/2024 16:59:06] "[36mGET /static/img/4.jpg HTTP/1.1[0m" 304 -
[2024-02-06 16:59:06,837] INFO in _internal: 127.0.0.1 - - [06/Feb/2024 16:59:06] "[36mGET /static/img/19.jpg HTTP/1.1[0m" 304 -
[2024-02-06 16:59:06,845] INFO in _internal: 127.0.0.1 - - [06/Feb/2024 16:59:06] "[36mGET /static/img/21.jpg HTTP/1.1[0m" 304 -
[2024-02-06 16:59:06,846] INFO in _internal: 127.0.0.1 - - [06/Feb/2024 16:59:06] "[36mGET /static/img/20.jpg HTTP/1.1[0m" 304 -
[2024-02-06 16:59:06,850] INFO in _internal: 127.0.0.1 - - [06/Feb/2024 16:59:06] "[36mGET /static/img/22.jpg HTTP/1.1[0m" 304 -
[2024-02-06 16:59:06,852] INFO in _internal: 127.0.0.1 - - [06/Feb/2024 16:59:06] "[36mGET /static/img/23.jpg HTTP/1.1[0m" 304 -
[2024-02-07 10:28:27,401] INFO in _internal: [31m[1mWARNING: This is a development server. Do not use it in a production deployment. Use a production WSGI server instead.[0m
 * Running on http://127.0.0.1:5000
[2024-02-07 10:28:27,402] INFO in _internal: [33mPress CTRL+C to quit[0m
[2024-02-07 10:28:27,436] INFO in _internal:  * Restarting with watchdog (windowsapi)
[2024-02-07 10:28:28,218] WARNING in _internal:  * Debugger is active!
[2024-02-07 10:28:28,234] INFO in _internal:  * Debugger PIN: 123-293-346
[2024-02-07 10:28:28,317] INFO in _internal: 127.0.0.1 - - [07/Feb/2024 10:28:28] "GET / HTTP/1.1" 200 -
[2024-02-07 10:28:29,023] INFO in _internal: 127.0.0.1 - - [07/Feb/2024 10:28:29] "[36mGET /static/css/index.css HTTP/1.1[0m" 304 -
[2024-02-07 10:28:29,065] INFO in _internal: 127.0.0.1 - - [07/Feb/2024 10:28:29] "[36mGET /static/img/logo.png HTTP/1.1[0m" 304 -
[2024-02-07 10:28:29,070] INFO in _internal: 127.0.0.1 - - [07/Feb/2024 10:28:29] "[36mGET /static/css/templatemo-style.css HTTP/1.1[0m" 304 -
[2024-02-07 10:28:29,148] INFO in _internal: 127.0.0.1 - - [07/Feb/2024 10:28:29] "[33mGET /favicon.ico HTTP/1.1[0m" 404 -
[2024-02-07 10:28:29,282] INFO in _internal: 127.0.0.1 - - [07/Feb/2024 10:28:29] "GET /sensing_data HTTP/1.1" 200 -
[2024-02-07 10:28:33,431] INFO in _internal: 127.0.0.1 - - [07/Feb/2024 10:28:33] "GET /escortv2 HTTP/1.1" 200 -
[2024-02-07 10:28:33,467] INFO in _internal: 127.0.0.1 - - [07/Feb/2024 10:28:33] "[36mGET /static/img/logo.png HTTP/1.1[0m" 304 -
[2024-02-07 10:28:33,468] INFO in _internal: 127.0.0.1 - - [07/Feb/2024 10:28:33] "GET /static/js/escortv2.js HTTP/1.1" 200 -
[2024-02-07 10:28:33,478] INFO in _internal: 127.0.0.1 - - [07/Feb/2024 10:28:33] "[36mGET /static/css/escortv2.css HTTP/1.1[0m" 304 -
[2024-02-07 10:28:33,502] INFO in _internal: 127.0.0.1 - - [07/Feb/2024 10:28:33] "[36mGET /static/img/1.jpg HTTP/1.1[0m" 304 -
[2024-02-07 10:28:33,503] INFO in _internal: 127.0.0.1 - - [07/Feb/2024 10:28:33] "[36mGET /static/img/3.jpg HTTP/1.1[0m" 304 -
[2024-02-07 10:28:33,506] INFO in _internal: 127.0.0.1 - - [07/Feb/2024 10:28:33] "[36mGET /static/img/19.jpg HTTP/1.1[0m" 304 -
[2024-02-07 10:28:33,513] INFO in _internal: 127.0.0.1 - - [07/Feb/2024 10:28:33] "[36mGET /static/img/4.jpg HTTP/1.1[0m" 304 -
[2024-02-07 10:28:33,516] INFO in _internal: 127.0.0.1 - - [07/Feb/2024 10:28:33] "[36mGET /static/img/20.jpg HTTP/1.1[0m" 304 -
[2024-02-07 10:28:33,517] INFO in _internal: 127.0.0.1 - - [07/Feb/2024 10:28:33] "[36mGET /static/img/2.jpg HTTP/1.1[0m" 304 -
[2024-02-07 10:28:33,528] INFO in _internal: 127.0.0.1 - - [07/Feb/2024 10:28:33] "[36mGET /static/img/21.jpg HTTP/1.1[0m" 304 -
[2024-02-07 10:28:33,533] INFO in _internal: 127.0.0.1 - - [07/Feb/2024 10:28:33] "[36mGET /static/img/23.jpg HTTP/1.1[0m" 304 -
[2024-02-07 10:28:33,547] INFO in _internal: 127.0.0.1 - - [07/Feb/2024 10:28:33] "[36mGET /static/img/22.jpg HTTP/1.1[0m" 304 -
[2024-02-07 11:10:13,208] INFO in _internal: 127.0.0.1 - - [07/Feb/2024 11:10:13] "GET /escortv2 HTTP/1.1" 200 -
[2024-02-07 11:10:13,235] INFO in _internal: 127.0.0.1 - - [07/Feb/2024 11:10:13] "GET /static/js/escortv2.js HTTP/1.1" 200 -
[2024-02-07 11:10:13,236] INFO in _internal: 127.0.0.1 - - [07/Feb/2024 11:10:13] "[36mGET /static/css/escortv2.css HTTP/1.1[0m" 304 -
[2024-02-07 11:10:13,238] INFO in _internal: 127.0.0.1 - - [07/Feb/2024 11:10:13] "[36mGET /static/img/logo.png HTTP/1.1[0m" 304 -
[2024-02-07 11:10:13,327] INFO in _internal: 127.0.0.1 - - [07/Feb/2024 11:10:13] "[36mGET /static/img/3.jpg HTTP/1.1[0m" 304 -
[2024-02-07 11:10:13,332] INFO in _internal: 127.0.0.1 - - [07/Feb/2024 11:10:13] "[36mGET /static/img/1.jpg HTTP/1.1[0m" 304 -
[2024-02-07 11:10:13,332] INFO in _internal: 127.0.0.1 - - [07/Feb/2024 11:10:13] "[36mGET /static/img/2.jpg HTTP/1.1[0m" 304 -
[2024-02-07 11:10:13,334] INFO in _internal: 127.0.0.1 - - [07/Feb/2024 11:10:13] "[36mGET /static/img/4.jpg HTTP/1.1[0m" 304 -
[2024-02-07 11:10:13,344] INFO in _internal: 127.0.0.1 - - [07/Feb/2024 11:10:13] "[36mGET /static/img/20.jpg HTTP/1.1[0m" 304 -
[2024-02-07 11:10:13,349] INFO in _internal: 127.0.0.1 - - [07/Feb/2024 11:10:13] "[36mGET /static/img/19.jpg HTTP/1.1[0m" 304 -
[2024-02-07 11:10:13,363] INFO in _internal: 127.0.0.1 - - [07/Feb/2024 11:10:13] "[36mGET /static/img/21.jpg HTTP/1.1[0m" 304 -
[2024-02-07 11:10:13,366] INFO in _internal: 127.0.0.1 - - [07/Feb/2024 11:10:13] "[36mGET /static/img/22.jpg HTTP/1.1[0m" 304 -
[2024-02-07 11:10:13,369] INFO in _internal: 127.0.0.1 - - [07/Feb/2024 11:10:13] "[36mGET /static/img/23.jpg HTTP/1.1[0m" 304 -
[2024-02-07 11:14:34,007] INFO in _internal: 127.0.0.1 - - [07/Feb/2024 11:14:34] "[36mGET /static/css/escortv2.css HTTP/1.1[0m" 304 -
[2024-02-07 11:16:23,169] INFO in _internal: 127.0.0.1 - - [07/Feb/2024 11:16:23] "GET /escortv2 HTTP/1.1" 200 -
[2024-02-07 11:16:23,208] INFO in _internal: 127.0.0.1 - - [07/Feb/2024 11:16:23] "[36mGET /static/css/escortv2.css HTTP/1.1[0m" 304 -
[2024-02-07 11:16:23,210] INFO in _internal: 127.0.0.1 - - [07/Feb/2024 11:16:23] "[36mGET /static/img/logo.png HTTP/1.1[0m" 304 -
[2024-02-07 11:16:23,211] INFO in _internal: 127.0.0.1 - - [07/Feb/2024 11:16:23] "[36mGET /static/js/escortv2.js HTTP/1.1[0m" 304 -
[2024-02-07 11:16:23,252] INFO in _internal: 127.0.0.1 - - [07/Feb/2024 11:16:23] "[36mGET /static/img/1.jpg HTTP/1.1[0m" 304 -
[2024-02-07 11:16:23,255] INFO in _internal: 127.0.0.1 - - [07/Feb/2024 11:16:23] "[36mGET /static/img/2.jpg HTTP/1.1[0m" 304 -
[2024-02-07 11:16:23,255] INFO in _internal: 127.0.0.1 - - [07/Feb/2024 11:16:23] "[36mGET /static/img/3.jpg HTTP/1.1[0m" 304 -
[2024-02-07 11:16:23,268] INFO in _internal: 127.0.0.1 - - [07/Feb/2024 11:16:23] "[36mGET /static/img/4.jpg HTTP/1.1[0m" 304 -
[2024-02-07 11:16:23,301] INFO in _internal: 127.0.0.1 - - [07/Feb/2024 11:16:23] "[36mGET /static/img/19.jpg HTTP/1.1[0m" 304 -
[2024-02-07 11:16:23,305] INFO in _internal: 127.0.0.1 - - [07/Feb/2024 11:16:23] "[36mGET /static/img/21.jpg HTTP/1.1[0m" 304 -
[2024-02-07 11:16:23,307] INFO in _internal: 127.0.0.1 - - [07/Feb/2024 11:16:23] "[36mGET /static/img/20.jpg HTTP/1.1[0m" 304 -
[2024-02-07 11:16:23,318] INFO in _internal: 127.0.0.1 - - [07/Feb/2024 11:16:23] "[36mGET /static/img/22.jpg HTTP/1.1[0m" 304 -
[2024-02-07 11:16:23,324] INFO in _internal: 127.0.0.1 - - [07/Feb/2024 11:16:23] "[36mGET /static/img/23.jpg HTTP/1.1[0m" 304 -
[2024-02-07 11:34:03,722] INFO in _internal: 127.0.0.1 - - [07/Feb/2024 11:34:03] "GET /escortv2 HTTP/1.1" 200 -
[2024-02-07 11:34:03,755] INFO in _internal: 127.0.0.1 - - [07/Feb/2024 11:34:03] "[36mGET /static/css/escortv2.css HTTP/1.1[0m" 304 -
[2024-02-07 11:34:03,757] INFO in _internal: 127.0.0.1 - - [07/Feb/2024 11:34:03] "[36mGET /static/img/logo.png HTTP/1.1[0m" 304 -
[2024-02-07 11:34:03,758] INFO in _internal: 127.0.0.1 - - [07/Feb/2024 11:34:03] "GET /static/js/escortv2.js HTTP/1.1" 200 -
[2024-02-07 11:34:03,814] INFO in _internal: 127.0.0.1 - - [07/Feb/2024 11:34:03] "[36mGET /static/img/3.jpg HTTP/1.1[0m" 304 -
[2024-02-07 11:34:03,815] INFO in _internal: 127.0.0.1 - - [07/Feb/2024 11:34:03] "[36mGET /static/img/1.jpg HTTP/1.1[0m" 304 -
[2024-02-07 11:34:03,823] INFO in _internal: 127.0.0.1 - - [07/Feb/2024 11:34:03] "[36mGET /static/img/2.jpg HTTP/1.1[0m" 304 -
[2024-02-07 11:34:03,836] INFO in _internal: 127.0.0.1 - - [07/Feb/2024 11:34:03] "[36mGET /static/img/4.jpg HTTP/1.1[0m" 304 -
[2024-02-07 11:34:03,846] INFO in _internal: 127.0.0.1 - - [07/Feb/2024 11:34:03] "[36mGET /static/img/19.jpg HTTP/1.1[0m" 304 -
[2024-02-07 11:34:03,861] INFO in _internal: 127.0.0.1 - - [07/Feb/2024 11:34:03] "[36mGET /static/img/20.jpg HTTP/1.1[0m" 304 -
[2024-02-07 11:34:03,864] INFO in _internal: 127.0.0.1 - - [07/Feb/2024 11:34:03] "[36mGET /static/img/21.jpg HTTP/1.1[0m" 304 -
[2024-02-07 11:34:03,868] INFO in _internal: 127.0.0.1 - - [07/Feb/2024 11:34:03] "[36mGET /static/img/22.jpg HTTP/1.1[0m" 304 -
[2024-02-07 11:34:03,873] INFO in _internal: 127.0.0.1 - - [07/Feb/2024 11:34:03] "[36mGET /static/img/23.jpg HTTP/1.1[0m" 304 -
[2024-02-07 11:36:05,758] INFO in _internal: 127.0.0.1 - - [07/Feb/2024 11:36:05] "GET /escortv2 HTTP/1.1" 200 -
[2024-02-07 11:36:05,787] INFO in _internal: 127.0.0.1 - - [07/Feb/2024 11:36:05] "[36mGET /static/css/escortv2.css HTTP/1.1[0m" 304 -
[2024-02-07 11:36:05,788] INFO in _internal: 127.0.0.1 - - [07/Feb/2024 11:36:05] "[36mGET /static/img/logo.png HTTP/1.1[0m" 304 -
[2024-02-07 11:36:05,788] INFO in _internal: 127.0.0.1 - - [07/Feb/2024 11:36:05] "GET /static/js/escortv2.js HTTP/1.1" 200 -
[2024-02-07 11:36:05,865] INFO in _internal: 127.0.0.1 - - [07/Feb/2024 11:36:05] "[36mGET /static/img/1.jpg HTTP/1.1[0m" 304 -
[2024-02-07 11:36:05,878] INFO in _internal: 127.0.0.1 - - [07/Feb/2024 11:36:05] "[36mGET /static/img/2.jpg HTTP/1.1[0m" 304 -
[2024-02-07 11:36:05,879] INFO in _internal: 127.0.0.1 - - [07/Feb/2024 11:36:05] "[36mGET /static/img/3.jpg HTTP/1.1[0m" 304 -
[2024-02-07 11:36:05,891] INFO in _internal: 127.0.0.1 - - [07/Feb/2024 11:36:05] "[36mGET /static/img/4.jpg HTTP/1.1[0m" 304 -
[2024-02-07 11:36:05,892] INFO in _internal: 127.0.0.1 - - [07/Feb/2024 11:36:05] "[36mGET /static/img/19.jpg HTTP/1.1[0m" 304 -
[2024-02-07 11:36:05,900] INFO in _internal: 127.0.0.1 - - [07/Feb/2024 11:36:05] "[36mGET /static/img/20.jpg HTTP/1.1[0m" 304 -
[2024-02-07 11:36:05,919] INFO in _internal: 127.0.0.1 - - [07/Feb/2024 11:36:05] "[36mGET /static/img/21.jpg HTTP/1.1[0m" 304 -
[2024-02-07 11:36:05,924] INFO in _internal: 127.0.0.1 - - [07/Feb/2024 11:36:05] "[36mGET /static/img/22.jpg HTTP/1.1[0m" 304 -
[2024-02-07 11:36:05,926] INFO in _internal: 127.0.0.1 - - [07/Feb/2024 11:36:05] "[36mGET /static/img/23.jpg HTTP/1.1[0m" 304 -
[2024-02-07 11:41:25,864] INFO in _internal: 127.0.0.1 - - [07/Feb/2024 11:41:25] "GET /escortv2 HTTP/1.1" 200 -
[2024-02-07 11:41:25,891] INFO in _internal: 127.0.0.1 - - [07/Feb/2024 11:41:25] "[36mGET /static/css/escortv2.css HTTP/1.1[0m" 304 -
[2024-02-07 11:41:25,892] INFO in _internal: 127.0.0.1 - - [07/Feb/2024 11:41:25] "[36mGET /static/img/logo.png HTTP/1.1[0m" 304 -
[2024-02-07 11:41:25,893] INFO in _internal: 127.0.0.1 - - [07/Feb/2024 11:41:25] "GET /static/js/escortv2.js HTTP/1.1" 200 -
[2024-02-07 11:41:25,980] INFO in _internal: 127.0.0.1 - - [07/Feb/2024 11:41:25] "[36mGET /static/img/2.jpg HTTP/1.1[0m" 304 -
[2024-02-07 11:41:25,983] INFO in _internal: 127.0.0.1 - - [07/Feb/2024 11:41:25] "[36mGET /static/img/1.jpg HTTP/1.1[0m" 304 -
[2024-02-07 11:41:26,000] INFO in _internal: 127.0.0.1 - - [07/Feb/2024 11:41:26] "[36mGET /static/img/3.jpg HTTP/1.1[0m" 304 -
[2024-02-07 11:41:26,008] INFO in _internal: 127.0.0.1 - - [07/Feb/2024 11:41:26] "[36mGET /static/img/4.jpg HTTP/1.1[0m" 304 -
[2024-02-07 11:41:26,009] INFO in _internal: 127.0.0.1 - - [07/Feb/2024 11:41:26] "[36mGET /static/img/19.jpg HTTP/1.1[0m" 304 -
[2024-02-07 11:41:26,013] INFO in _internal: 127.0.0.1 - - [07/Feb/2024 11:41:26] "[36mGET /static/img/20.jpg HTTP/1.1[0m" 304 -
[2024-02-07 11:41:26,025] INFO in _internal: 127.0.0.1 - - [07/Feb/2024 11:41:26] "[36mGET /static/img/21.jpg HTTP/1.1[0m" 304 -
[2024-02-07 11:41:26,028] INFO in _internal: 127.0.0.1 - - [07/Feb/2024 11:41:26] "[36mGET /static/img/22.jpg HTTP/1.1[0m" 304 -
[2024-02-07 11:41:26,030] INFO in _internal: 127.0.0.1 - - [07/Feb/2024 11:41:26] "[36mGET /static/img/23.jpg HTTP/1.1[0m" 304 -
[2024-02-07 14:32:22,425] INFO in _internal: 127.0.0.1 - - [07/Feb/2024 14:32:22] "GET /escortv2 HTTP/1.1" 200 -
[2024-02-07 14:32:22,459] INFO in _internal: 127.0.0.1 - - [07/Feb/2024 14:32:22] "[36mGET /static/css/escortv2.css HTTP/1.1[0m" 304 -
[2024-02-07 14:32:22,461] INFO in _internal: 127.0.0.1 - - [07/Feb/2024 14:32:22] "[36mGET /static/js/escortv2.js HTTP/1.1[0m" 304 -
[2024-02-07 14:32:22,465] INFO in _internal: 127.0.0.1 - - [07/Feb/2024 14:32:22] "[36mGET /static/img/logo.png HTTP/1.1[0m" 304 -
[2024-02-07 14:32:22,594] INFO in _internal: 127.0.0.1 - - [07/Feb/2024 14:32:22] "[36mGET /static/img/2.jpg HTTP/1.1[0m" 304 -
[2024-02-07 14:32:22,600] INFO in _internal: 127.0.0.1 - - [07/Feb/2024 14:32:22] "[36mGET /static/img/1.jpg HTTP/1.1[0m" 304 -
[2024-02-07 14:32:22,605] INFO in _internal: 127.0.0.1 - - [07/Feb/2024 14:32:22] "[36mGET /static/img/3.jpg HTTP/1.1[0m" 304 -
[2024-02-07 14:32:22,622] INFO in _internal: 127.0.0.1 - - [07/Feb/2024 14:32:22] "[36mGET /static/img/19.jpg HTTP/1.1[0m" 304 -
[2024-02-07 14:32:22,624] INFO in _internal: 127.0.0.1 - - [07/Feb/2024 14:32:22] "[36mGET /static/img/4.jpg HTTP/1.1[0m" 304 -
[2024-02-07 14:32:22,628] INFO in _internal: 127.0.0.1 - - [07/Feb/2024 14:32:22] "[36mGET /static/img/20.jpg HTTP/1.1[0m" 304 -
[2024-02-07 14:32:22,634] INFO in _internal: 127.0.0.1 - - [07/Feb/2024 14:32:22] "[36mGET /static/img/21.jpg HTTP/1.1[0m" 304 -
[2024-02-07 14:32:22,637] INFO in _internal: 127.0.0.1 - - [07/Feb/2024 14:32:22] "[36mGET /static/img/22.jpg HTTP/1.1[0m" 304 -
[2024-02-07 14:32:22,641] INFO in _internal: 127.0.0.1 - - [07/Feb/2024 14:32:22] "[36mGET /static/img/23.jpg HTTP/1.1[0m" 304 -
[2024-02-07 14:37:33,603] INFO in _internal: 127.0.0.1 - - [07/Feb/2024 14:37:33] "GET /static/img/23.jpg HTTP/1.1" 200 -
[2024-02-07 14:38:19,707] INFO in _internal: 127.0.0.1 - - [07/Feb/2024 14:38:19] "GET /escortv2 HTTP/1.1" 200 -
[2024-02-07 14:38:19,742] INFO in _internal: 127.0.0.1 - - [07/Feb/2024 14:38:19] "[36mGET /static/css/escortv2.css HTTP/1.1[0m" 304 -
[2024-02-07 14:38:19,743] INFO in _internal: 127.0.0.1 - - [07/Feb/2024 14:38:19] "[36mGET /static/js/escortv2.js HTTP/1.1[0m" 304 -
[2024-02-07 14:38:19,744] INFO in _internal: 127.0.0.1 - - [07/Feb/2024 14:38:19] "[36mGET /static/img/logo.png HTTP/1.1[0m" 304 -
[2024-02-07 14:38:38,770] INFO in _internal: 127.0.0.1 - - [07/Feb/2024 14:38:38] "GET /escortv2 HTTP/1.1" 200 -
[2024-02-07 14:38:38,796] INFO in _internal: 127.0.0.1 - - [07/Feb/2024 14:38:38] "[36mGET /static/img/logo.png HTTP/1.1[0m" 304 -
[2024-02-07 14:38:38,796] INFO in _internal: 127.0.0.1 - - [07/Feb/2024 14:38:38] "[36mGET /static/css/escortv2.css HTTP/1.1[0m" 304 -
[2024-02-07 14:38:38,797] INFO in _internal: 127.0.0.1 - - [07/Feb/2024 14:38:38] "[36mGET /static/js/escortv2.js HTTP/1.1[0m" 304 -
[2024-02-07 14:38:38,857] INFO in _internal: 127.0.0.1 - - [07/Feb/2024 14:38:38] "[36mGET /static/img/2.jpg HTTP/1.1[0m" 304 -
[2024-02-07 14:38:38,858] INFO in _internal: 127.0.0.1 - - [07/Feb/2024 14:38:38] "[36mGET /static/img/1.jpg HTTP/1.1[0m" 304 -
[2024-02-07 14:38:38,872] INFO in _internal: 127.0.0.1 - - [07/Feb/2024 14:38:38] "[36mGET /static/img/3.jpg HTTP/1.1[0m" 304 -
[2024-02-07 14:38:38,897] INFO in _internal: 127.0.0.1 - - [07/Feb/2024 14:38:38] "[36mGET /static/img/4.jpg HTTP/1.1[0m" 304 -
[2024-02-07 14:38:38,900] INFO in _internal: 127.0.0.1 - - [07/Feb/2024 14:38:38] "[36mGET /static/img/19.jpg HTTP/1.1[0m" 304 -
[2024-02-07 14:38:38,904] INFO in _internal: 127.0.0.1 - - [07/Feb/2024 14:38:38] "[36mGET /static/img/20.jpg HTTP/1.1[0m" 304 -
[2024-02-07 14:38:38,906] INFO in _internal: 127.0.0.1 - - [07/Feb/2024 14:38:38] "[36mGET /static/img/21.jpg HTTP/1.1[0m" 304 -
[2024-02-07 14:38:38,908] INFO in _internal: 127.0.0.1 - - [07/Feb/2024 14:38:38] "[36mGET /static/img/22.jpg HTTP/1.1[0m" 304 -
[2024-02-07 14:38:38,922] INFO in _internal: 127.0.0.1 - - [07/Feb/2024 14:38:38] "[36mGET /static/img/23.jpg HTTP/1.1[0m" 304 -
[2024-02-07 14:38:57,967] INFO in _internal: 127.0.0.1 - - [07/Feb/2024 14:38:57] "GET /escortv2 HTTP/1.1" 200 -
[2024-02-07 14:38:57,992] INFO in _internal: 127.0.0.1 - - [07/Feb/2024 14:38:57] "[36mGET /static/css/escortv2.css HTTP/1.1[0m" 304 -
[2024-02-07 14:38:57,993] INFO in _internal: 127.0.0.1 - - [07/Feb/2024 14:38:57] "[36mGET /static/img/logo.png HTTP/1.1[0m" 304 -
[2024-02-07 14:38:57,995] INFO in _internal: 127.0.0.1 - - [07/Feb/2024 14:38:57] "[36mGET /static/js/escortv2.js HTTP/1.1[0m" 304 -
[2024-02-07 14:38:58,029] INFO in _internal: 127.0.0.1 - - [07/Feb/2024 14:38:58] "[36mGET /static/img/1.jpg HTTP/1.1[0m" 304 -
[2024-02-07 14:38:58,072] INFO in _internal: 127.0.0.1 - - [07/Feb/2024 14:38:58] "[36mGET /static/img/2.jpg HTTP/1.1[0m" 304 -
[2024-02-07 14:38:58,087] INFO in _internal: 127.0.0.1 - - [07/Feb/2024 14:38:58] "[36mGET /static/img/19.jpg HTTP/1.1[0m" 304 -
[2024-02-07 14:38:58,087] INFO in _internal: 127.0.0.1 - - [07/Feb/2024 14:38:58] "[36mGET /static/img/3.jpg HTTP/1.1[0m" 304 -
[2024-02-07 14:38:58,091] INFO in _internal: 127.0.0.1 - - [07/Feb/2024 14:38:58] "[36mGET /static/img/4.jpg HTTP/1.1[0m" 304 -
[2024-02-07 14:38:58,096] INFO in _internal: 127.0.0.1 - - [07/Feb/2024 14:38:58] "[36mGET /static/img/20.jpg HTTP/1.1[0m" 304 -
[2024-02-07 14:38:58,099] INFO in _internal: 127.0.0.1 - - [07/Feb/2024 14:38:58] "[36mGET /static/img/21.jpg HTTP/1.1[0m" 304 -
[2024-02-07 14:38:58,101] INFO in _internal: 127.0.0.1 - - [07/Feb/2024 14:38:58] "[36mGET /static/img/22.jpg HTTP/1.1[0m" 304 -
[2024-02-07 14:38:58,107] INFO in _internal: 127.0.0.1 - - [07/Feb/2024 14:38:58] "[36mGET /static/img/23.jpg HTTP/1.1[0m" 304 -
[2024-02-07 14:41:08,511] INFO in _internal: 127.0.0.1 - - [07/Feb/2024 14:41:08] "GET /escortv2 HTTP/1.1" 200 -
[2024-02-07 14:41:08,550] INFO in _internal: 127.0.0.1 - - [07/Feb/2024 14:41:08] "[36mGET /static/css/escortv2.css HTTP/1.1[0m" 304 -
[2024-02-07 14:41:08,552] INFO in _internal: 127.0.0.1 - - [07/Feb/2024 14:41:08] "GET /static/js/escortv2.js HTTP/1.1" 200 -
[2024-02-07 14:41:08,553] INFO in _internal: 127.0.0.1 - - [07/Feb/2024 14:41:08] "[36mGET /static/img/logo.png HTTP/1.1[0m" 304 -
[2024-02-07 14:41:08,640] INFO in _internal: 127.0.0.1 - - [07/Feb/2024 14:41:08] "[36mGET /static/img/1.jpg HTTP/1.1[0m" 304 -
[2024-02-07 14:41:08,648] INFO in _internal: 127.0.0.1 - - [07/Feb/2024 14:41:08] "[36mGET /static/img/2.jpg HTTP/1.1[0m" 304 -
[2024-02-07 14:41:08,667] INFO in _internal: 127.0.0.1 - - [07/Feb/2024 14:41:08] "[36mGET /static/img/3.jpg HTTP/1.1[0m" 304 -
[2024-02-07 14:41:08,674] INFO in _internal: 127.0.0.1 - - [07/Feb/2024 14:41:08] "[36mGET /static/img/4.jpg HTTP/1.1[0m" 304 -
[2024-02-07 14:41:08,674] INFO in _internal: 127.0.0.1 - - [07/Feb/2024 14:41:08] "[36mGET /static/img/19.jpg HTTP/1.1[0m" 304 -
[2024-02-07 14:41:08,692] INFO in _internal: 127.0.0.1 - - [07/Feb/2024 14:41:08] "[36mGET /static/img/20.jpg HTTP/1.1[0m" 304 -
[2024-02-07 14:41:08,693] INFO in _internal: 127.0.0.1 - - [07/Feb/2024 14:41:08] "[36mGET /static/img/21.jpg HTTP/1.1[0m" 304 -
[2024-02-07 14:41:08,696] INFO in _internal: 127.0.0.1 - - [07/Feb/2024 14:41:08] "[36mGET /static/img/22.jpg HTTP/1.1[0m" 304 -
[2024-02-07 14:41:08,699] INFO in _internal: 127.0.0.1 - - [07/Feb/2024 14:41:08] "[36mGET /static/img/23.jpg HTTP/1.1[0m" 304 -
[2024-02-07 14:41:51,852] INFO in _internal: 127.0.0.1 - - [07/Feb/2024 14:41:51] "GET /escortv2 HTTP/1.1" 200 -
[2024-02-07 14:41:51,886] INFO in _internal: 127.0.0.1 - - [07/Feb/2024 14:41:51] "[36mGET /static/css/escortv2.css HTTP/1.1[0m" 304 -
[2024-02-07 14:41:51,887] INFO in _internal: 127.0.0.1 - - [07/Feb/2024 14:41:51] "[36mGET /static/img/logo.png HTTP/1.1[0m" 304 -
[2024-02-07 14:41:51,888] INFO in _internal: 127.0.0.1 - - [07/Feb/2024 14:41:51] "GET /static/js/escortv2.js HTTP/1.1" 200 -
[2024-02-07 14:41:51,922] INFO in _internal: 127.0.0.1 - - [07/Feb/2024 14:41:51] "[36mGET /static/img/1.jpg HTTP/1.1[0m" 304 -
[2024-02-07 14:41:51,925] INFO in _internal: 127.0.0.1 - - [07/Feb/2024 14:41:51] "[36mGET /static/img/2.jpg HTTP/1.1[0m" 304 -
[2024-02-07 14:41:51,927] INFO in _internal: 127.0.0.1 - - [07/Feb/2024 14:41:51] "[36mGET /static/img/3.jpg HTTP/1.1[0m" 304 -
[2024-02-07 14:41:51,928] INFO in _internal: 127.0.0.1 - - [07/Feb/2024 14:41:51] "[36mGET /static/img/4.jpg HTTP/1.1[0m" 304 -
[2024-02-07 14:41:51,953] INFO in _internal: 127.0.0.1 - - [07/Feb/2024 14:41:51] "[36mGET /static/img/19.jpg HTTP/1.1[0m" 304 -
[2024-02-07 14:41:51,961] INFO in _internal: 127.0.0.1 - - [07/Feb/2024 14:41:51] "[36mGET /static/img/21.jpg HTTP/1.1[0m" 304 -
[2024-02-07 14:41:51,961] INFO in _internal: 127.0.0.1 - - [07/Feb/2024 14:41:51] "[36mGET /static/img/20.jpg HTTP/1.1[0m" 304 -
[2024-02-07 14:41:51,961] INFO in _internal: 127.0.0.1 - - [07/Feb/2024 14:41:51] "[36mGET /static/img/22.jpg HTTP/1.1[0m" 304 -
[2024-02-07 14:41:51,975] INFO in _internal: 127.0.0.1 - - [07/Feb/2024 14:41:51] "[36mGET /static/img/23.jpg HTTP/1.1[0m" 304 -
[2024-02-07 14:42:44,850] INFO in _internal: 127.0.0.1 - - [07/Feb/2024 14:42:44] "GET /escortv2 HTTP/1.1" 200 -
[2024-02-07 14:42:44,878] INFO in _internal: 127.0.0.1 - - [07/Feb/2024 14:42:44] "[36mGET /static/css/escortv2.css HTTP/1.1[0m" 304 -
[2024-02-07 14:42:44,879] INFO in _internal: 127.0.0.1 - - [07/Feb/2024 14:42:44] "GET /static/js/escortv2.js HTTP/1.1" 200 -
[2024-02-07 14:42:44,882] INFO in _internal: 127.0.0.1 - - [07/Feb/2024 14:42:44] "[36mGET /static/img/logo.png HTTP/1.1[0m" 304 -
[2024-02-07 14:42:44,935] INFO in _internal: 127.0.0.1 - - [07/Feb/2024 14:42:44] "[36mGET /static/img/2.jpg HTTP/1.1[0m" 304 -
[2024-02-07 14:42:44,936] INFO in _internal: 127.0.0.1 - - [07/Feb/2024 14:42:44] "[36mGET /static/img/1.jpg HTTP/1.1[0m" 304 -
[2024-02-07 14:42:44,942] INFO in _internal: 127.0.0.1 - - [07/Feb/2024 14:42:44] "[36mGET /static/img/3.jpg HTTP/1.1[0m" 304 -
[2024-02-07 14:42:44,960] INFO in _internal: 127.0.0.1 - - [07/Feb/2024 14:42:44] "[36mGET /static/img/4.jpg HTTP/1.1[0m" 304 -
[2024-02-07 14:42:44,977] INFO in _internal: 127.0.0.1 - - [07/Feb/2024 14:42:44] "[36mGET /static/img/19.jpg HTTP/1.1[0m" 304 -
[2024-02-07 14:42:44,980] INFO in _internal: 127.0.0.1 - - [07/Feb/2024 14:42:44] "[36mGET /static/img/20.jpg HTTP/1.1[0m" 304 -
[2024-02-07 14:42:44,990] INFO in _internal: 127.0.0.1 - - [07/Feb/2024 14:42:44] "[36mGET /static/img/21.jpg HTTP/1.1[0m" 304 -
[2024-02-07 14:42:45,004] INFO in _internal: 127.0.0.1 - - [07/Feb/2024 14:42:45] "[36mGET /static/img/22.jpg HTTP/1.1[0m" 304 -
[2024-02-07 14:42:45,005] INFO in _internal: 127.0.0.1 - - [07/Feb/2024 14:42:45] "[36mGET /static/img/23.jpg HTTP/1.1[0m" 304 -
[2024-02-07 14:55:42,962] INFO in _internal: 127.0.0.1 - - [07/Feb/2024 14:55:42] "GET /escortv2 HTTP/1.1" 200 -
[2024-02-07 14:55:42,994] INFO in _internal: 127.0.0.1 - - [07/Feb/2024 14:55:42] "[36mGET /static/css/escortv2.css HTTP/1.1[0m" 304 -
[2024-02-07 14:55:42,996] INFO in _internal: 127.0.0.1 - - [07/Feb/2024 14:55:42] "[36mGET /static/img/logo.png HTTP/1.1[0m" 304 -
[2024-02-07 14:55:42,997] INFO in _internal: 127.0.0.1 - - [07/Feb/2024 14:55:42] "GET /static/js/escortv2.js HTTP/1.1" 200 -
[2024-02-07 14:55:43,077] INFO in _internal: 127.0.0.1 - - [07/Feb/2024 14:55:43] "[36mGET /static/img/2.jpg HTTP/1.1[0m" 304 -
[2024-02-07 14:55:43,081] INFO in _internal: 127.0.0.1 - - [07/Feb/2024 14:55:43] "[36mGET /static/img/3.jpg HTTP/1.1[0m" 304 -
[2024-02-07 14:55:43,085] INFO in _internal: 127.0.0.1 - - [07/Feb/2024 14:55:43] "[36mGET /static/img/1.jpg HTTP/1.1[0m" 304 -
[2024-02-07 14:55:43,100] INFO in _internal: 127.0.0.1 - - [07/Feb/2024 14:55:43] "[36mGET /static/img/4.jpg HTTP/1.1[0m" 304 -
[2024-02-07 14:55:43,102] INFO in _internal: 127.0.0.1 - - [07/Feb/2024 14:55:43] "[36mGET /static/img/19.jpg HTTP/1.1[0m" 304 -
[2024-02-07 14:55:43,104] INFO in _internal: 127.0.0.1 - - [07/Feb/2024 14:55:43] "[36mGET /static/img/20.jpg HTTP/1.1[0m" 304 -
[2024-02-07 14:55:43,116] INFO in _internal: 127.0.0.1 - - [07/Feb/2024 14:55:43] "[36mGET /static/img/21.jpg HTTP/1.1[0m" 304 -
[2024-02-07 14:55:43,124] INFO in _internal: 127.0.0.1 - - [07/Feb/2024 14:55:43] "[36mGET /static/img/22.jpg HTTP/1.1[0m" 304 -
[2024-02-07 14:55:43,127] INFO in _internal: 127.0.0.1 - - [07/Feb/2024 14:55:43] "[36mGET /static/img/23.jpg HTTP/1.1[0m" 304 -
[2024-02-07 14:56:30,352] INFO in _internal: 127.0.0.1 - - [07/Feb/2024 14:56:30] "GET /escortv2 HTTP/1.1" 200 -
[2024-02-07 14:56:30,376] INFO in _internal: 127.0.0.1 - - [07/Feb/2024 14:56:30] "[36mGET /static/css/escortv2.css HTTP/1.1[0m" 304 -
[2024-02-07 14:56:30,378] INFO in _internal: 127.0.0.1 - - [07/Feb/2024 14:56:30] "[36mGET /static/img/logo.png HTTP/1.1[0m" 304 -
[2024-02-07 14:56:30,380] INFO in _internal: 127.0.0.1 - - [07/Feb/2024 14:56:30] "GET /static/js/escortv2.js HTTP/1.1" 200 -
[2024-02-07 14:56:30,460] INFO in _internal: 127.0.0.1 - - [07/Feb/2024 14:56:30] "[36mGET /static/img/1.jpg HTTP/1.1[0m" 304 -
[2024-02-07 14:56:30,461] INFO in _internal: 127.0.0.1 - - [07/Feb/2024 14:56:30] "[36mGET /static/img/2.jpg HTTP/1.1[0m" 304 -
[2024-02-07 14:56:30,477] INFO in _internal: 127.0.0.1 - - [07/Feb/2024 14:56:30] "[36mGET /static/img/3.jpg HTTP/1.1[0m" 304 -
[2024-02-07 14:56:30,480] INFO in _internal: 127.0.0.1 - - [07/Feb/2024 14:56:30] "[36mGET /static/img/4.jpg HTTP/1.1[0m" 304 -
[2024-02-07 14:56:30,484] INFO in _internal: 127.0.0.1 - - [07/Feb/2024 14:56:30] "[36mGET /static/img/19.jpg HTTP/1.1[0m" 304 -
[2024-02-07 14:56:30,500] INFO in _internal: 127.0.0.1 - - [07/Feb/2024 14:56:30] "[36mGET /static/img/21.jpg HTTP/1.1[0m" 304 -
[2024-02-07 14:56:30,501] INFO in _internal: 127.0.0.1 - - [07/Feb/2024 14:56:30] "[36mGET /static/img/20.jpg HTTP/1.1[0m" 304 -
[2024-02-07 14:56:30,503] INFO in _internal: 127.0.0.1 - - [07/Feb/2024 14:56:30] "[36mGET /static/img/22.jpg HTTP/1.1[0m" 304 -
[2024-02-07 14:56:30,513] INFO in _internal: 127.0.0.1 - - [07/Feb/2024 14:56:30] "[36mGET /static/img/23.jpg HTTP/1.1[0m" 304 -
[2024-02-07 14:58:38,859] INFO in _internal: 127.0.0.1 - - [07/Feb/2024 14:58:38] "GET /escortv2 HTTP/1.1" 200 -
[2024-02-07 14:58:38,889] INFO in _internal: 127.0.0.1 - - [07/Feb/2024 14:58:38] "[36mGET /static/img/logo.png HTTP/1.1[0m" 304 -
[2024-02-07 14:58:38,889] INFO in _internal: 127.0.0.1 - - [07/Feb/2024 14:58:38] "[36mGET /static/css/escortv2.css HTTP/1.1[0m" 304 -
[2024-02-07 14:58:38,890] INFO in _internal: 127.0.0.1 - - [07/Feb/2024 14:58:38] "[36mGET /static/js/escortv2.js HTTP/1.1[0m" 304 -
[2024-02-07 14:58:39,008] INFO in _internal: 127.0.0.1 - - [07/Feb/2024 14:58:39] "[36mGET /static/img/1.jpg HTTP/1.1[0m" 304 -
[2024-02-07 14:58:39,008] INFO in _internal: 127.0.0.1 - - [07/Feb/2024 14:58:39] "[36mGET /static/img/2.jpg HTTP/1.1[0m" 304 -
[2024-02-07 14:58:39,008] INFO in _internal: 127.0.0.1 - - [07/Feb/2024 14:58:39] "[36mGET /static/img/3.jpg HTTP/1.1[0m" 304 -
[2024-02-07 14:58:39,031] INFO in _internal: 127.0.0.1 - - [07/Feb/2024 14:58:39] "[36mGET /static/img/4.jpg HTTP/1.1[0m" 304 -
[2024-02-07 14:58:39,033] INFO in _internal: 127.0.0.1 - - [07/Feb/2024 14:58:39] "[36mGET /static/img/19.jpg HTTP/1.1[0m" 304 -
[2024-02-07 14:58:39,035] INFO in _internal: 127.0.0.1 - - [07/Feb/2024 14:58:39] "[36mGET /static/img/20.jpg HTTP/1.1[0m" 304 -
[2024-02-07 14:58:39,042] INFO in _internal: 127.0.0.1 - - [07/Feb/2024 14:58:39] "[36mGET /static/img/21.jpg HTTP/1.1[0m" 304 -
[2024-02-07 14:58:39,049] INFO in _internal: 127.0.0.1 - - [07/Feb/2024 14:58:39] "[36mGET /static/img/23.jpg HTTP/1.1[0m" 304 -
[2024-02-07 14:58:39,052] INFO in _internal: 127.0.0.1 - - [07/Feb/2024 14:58:39] "[36mGET /static/img/22.jpg HTTP/1.1[0m" 304 -
[2024-02-07 15:05:06,653] INFO in _internal: 127.0.0.1 - - [07/Feb/2024 15:05:06] "GET /escortv2 HTTP/1.1" 200 -
[2024-02-07 15:05:06,690] INFO in _internal: 127.0.0.1 - - [07/Feb/2024 15:05:06] "[36mGET /static/css/escortv2.css HTTP/1.1[0m" 304 -
[2024-02-07 15:05:06,695] INFO in _internal: 127.0.0.1 - - [07/Feb/2024 15:05:06] "GET /static/js/escortv2.js HTTP/1.1" 200 -
[2024-02-07 15:05:06,699] INFO in _internal: 127.0.0.1 - - [07/Feb/2024 15:05:06] "[36mGET /static/img/logo.png HTTP/1.1[0m" 304 -
[2024-02-07 15:05:06,742] INFO in _internal: 127.0.0.1 - - [07/Feb/2024 15:05:06] "[36mGET /static/img/1.jpg HTTP/1.1[0m" 304 -
[2024-02-07 15:05:06,745] INFO in _internal: 127.0.0.1 - - [07/Feb/2024 15:05:06] "[36mGET /static/img/2.jpg HTTP/1.1[0m" 304 -
[2024-02-07 15:05:06,770] INFO in _internal: 127.0.0.1 - - [07/Feb/2024 15:05:06] "[36mGET /static/img/3.jpg HTTP/1.1[0m" 304 -
[2024-02-07 15:05:06,785] INFO in _internal: 127.0.0.1 - - [07/Feb/2024 15:05:06] "[36mGET /static/img/4.jpg HTTP/1.1[0m" 304 -
[2024-02-07 15:05:06,800] INFO in _internal: 127.0.0.1 - - [07/Feb/2024 15:05:06] "[36mGET /static/img/19.jpg HTTP/1.1[0m" 304 -
[2024-02-07 15:05:06,816] INFO in _internal: 127.0.0.1 - - [07/Feb/2024 15:05:06] "[36mGET /static/img/20.jpg HTTP/1.1[0m" 304 -
[2024-02-07 15:05:06,821] INFO in _internal: 127.0.0.1 - - [07/Feb/2024 15:05:06] "[36mGET /static/img/21.jpg HTTP/1.1[0m" 304 -
[2024-02-07 15:05:06,823] INFO in _internal: 127.0.0.1 - - [07/Feb/2024 15:05:06] "[36mGET /static/img/22.jpg HTTP/1.1[0m" 304 -
[2024-02-07 15:05:06,824] INFO in _internal: 127.0.0.1 - - [07/Feb/2024 15:05:06] "[36mGET /static/img/23.jpg HTTP/1.1[0m" 304 -
[2024-02-07 15:05:38,223] INFO in _internal: 127.0.0.1 - - [07/Feb/2024 15:05:38] "GET /escortv2 HTTP/1.1" 200 -
[2024-02-07 15:05:38,256] INFO in _internal: 127.0.0.1 - - [07/Feb/2024 15:05:38] "[36mGET /static/css/escortv2.css HTTP/1.1[0m" 304 -
[2024-02-07 15:05:38,256] INFO in _internal: 127.0.0.1 - - [07/Feb/2024 15:05:38] "[36mGET /static/img/logo.png HTTP/1.1[0m" 304 -
[2024-02-07 15:05:38,260] INFO in _internal: 127.0.0.1 - - [07/Feb/2024 15:05:38] "[36mGET /static/js/escortv2.js HTTP/1.1[0m" 304 -
[2024-02-07 15:05:38,305] INFO in _internal: 127.0.0.1 - - [07/Feb/2024 15:05:38] "[36mGET /static/img/1.jpg HTTP/1.1[0m" 304 -
[2024-02-07 15:05:38,311] INFO in _internal: 127.0.0.1 - - [07/Feb/2024 15:05:38] "[36mGET /static/img/2.jpg HTTP/1.1[0m" 304 -
[2024-02-07 15:05:38,321] INFO in _internal: 127.0.0.1 - - [07/Feb/2024 15:05:38] "[36mGET /static/img/3.jpg HTTP/1.1[0m" 304 -
[2024-02-07 15:05:38,323] INFO in _internal: 127.0.0.1 - - [07/Feb/2024 15:05:38] "[36mGET /static/img/4.jpg HTTP/1.1[0m" 304 -
[2024-02-07 15:05:38,335] INFO in _internal: 127.0.0.1 - - [07/Feb/2024 15:05:38] "[36mGET /static/img/19.jpg HTTP/1.1[0m" 304 -
[2024-02-07 15:05:38,340] INFO in _internal: 127.0.0.1 - - [07/Feb/2024 15:05:38] "[36mGET /static/img/20.jpg HTTP/1.1[0m" 304 -
[2024-02-07 15:05:38,350] INFO in _internal: 127.0.0.1 - - [07/Feb/2024 15:05:38] "[36mGET /static/img/21.jpg HTTP/1.1[0m" 304 -
[2024-02-07 15:05:38,356] INFO in _internal: 127.0.0.1 - - [07/Feb/2024 15:05:38] "[36mGET /static/img/22.jpg HTTP/1.1[0m" 304 -
[2024-02-07 15:05:38,363] INFO in _internal: 127.0.0.1 - - [07/Feb/2024 15:05:38] "[36mGET /static/img/23.jpg HTTP/1.1[0m" 304 -
[2024-02-07 15:07:36,401] INFO in _internal: 127.0.0.1 - - [07/Feb/2024 15:07:36] "GET /escortv2 HTTP/1.1" 200 -
[2024-02-07 15:07:36,434] INFO in _internal: 127.0.0.1 - - [07/Feb/2024 15:07:36] "[36mGET /static/css/escortv2.css HTTP/1.1[0m" 304 -
[2024-02-07 15:07:36,439] INFO in _internal: 127.0.0.1 - - [07/Feb/2024 15:07:36] "[36mGET /static/img/logo.png HTTP/1.1[0m" 304 -
[2024-02-07 15:07:36,447] INFO in _internal: 127.0.0.1 - - [07/Feb/2024 15:07:36] "GET /static/js/escortv2.js HTTP/1.1" 200 -
[2024-02-07 15:07:36,521] INFO in _internal: 127.0.0.1 - - [07/Feb/2024 15:07:36] "[36mGET /static/img/1.jpg HTTP/1.1[0m" 304 -
[2024-02-07 15:07:36,532] INFO in _internal: 127.0.0.1 - - [07/Feb/2024 15:07:36] "[36mGET /static/img/20.jpg HTTP/1.1[0m" 304 -
[2024-02-07 15:07:36,554] INFO in _internal: 127.0.0.1 - - [07/Feb/2024 15:07:36] "[36mGET /static/img/19.jpg HTTP/1.1[0m" 304 -
[2024-02-07 15:07:36,555] INFO in _internal: 127.0.0.1 - - [07/Feb/2024 15:07:36] "[36mGET /static/img/4.jpg HTTP/1.1[0m" 304 -
[2024-02-07 15:07:36,564] INFO in _internal: 127.0.0.1 - - [07/Feb/2024 15:07:36] "[36mGET /static/img/2.jpg HTTP/1.1[0m" 304 -
[2024-02-07 15:07:36,571] INFO in _internal: 127.0.0.1 - - [07/Feb/2024 15:07:36] "[36mGET /static/img/3.jpg HTTP/1.1[0m" 304 -
[2024-02-07 15:07:36,575] INFO in _internal: 127.0.0.1 - - [07/Feb/2024 15:07:36] "[36mGET /static/img/21.jpg HTTP/1.1[0m" 304 -
[2024-02-07 15:07:36,577] INFO in _internal: 127.0.0.1 - - [07/Feb/2024 15:07:36] "[36mGET /static/img/22.jpg HTTP/1.1[0m" 304 -
[2024-02-07 15:07:36,582] INFO in _internal: 127.0.0.1 - - [07/Feb/2024 15:07:36] "[36mGET /static/img/23.jpg HTTP/1.1[0m" 304 -
[2024-02-07 15:08:08,683] INFO in _internal: 127.0.0.1 - - [07/Feb/2024 15:08:08] "GET /escortv2 HTTP/1.1" 200 -
[2024-02-07 15:08:08,717] INFO in _internal: 127.0.0.1 - - [07/Feb/2024 15:08:08] "[36mGET /static/css/escortv2.css HTTP/1.1[0m" 304 -
[2024-02-07 15:08:08,720] INFO in _internal: 127.0.0.1 - - [07/Feb/2024 15:08:08] "[36mGET /static/img/logo.png HTTP/1.1[0m" 304 -
[2024-02-07 15:08:08,722] INFO in _internal: 127.0.0.1 - - [07/Feb/2024 15:08:08] "GET /static/js/escortv2.js HTTP/1.1" 200 -
[2024-02-07 15:08:08,761] INFO in _internal: 127.0.0.1 - - [07/Feb/2024 15:08:08] "[36mGET /static/img/1.jpg HTTP/1.1[0m" 304 -
[2024-02-07 15:08:08,762] INFO in _internal: 127.0.0.1 - - [07/Feb/2024 15:08:08] "[36mGET /static/img/2.jpg HTTP/1.1[0m" 304 -
[2024-02-07 15:08:08,781] INFO in _internal: 127.0.0.1 - - [07/Feb/2024 15:08:08] "[36mGET /static/img/3.jpg HTTP/1.1[0m" 304 -
[2024-02-07 15:08:08,791] INFO in _internal: 127.0.0.1 - - [07/Feb/2024 15:08:08] "[36mGET /static/img/4.jpg HTTP/1.1[0m" 304 -
[2024-02-07 15:08:08,807] INFO in _internal: 127.0.0.1 - - [07/Feb/2024 15:08:08] "[36mGET /static/img/20.jpg HTTP/1.1[0m" 304 -
[2024-02-07 15:08:08,808] INFO in _internal: 127.0.0.1 - - [07/Feb/2024 15:08:08] "[36mGET /static/img/19.jpg HTTP/1.1[0m" 304 -
[2024-02-07 15:08:08,812] INFO in _internal: 127.0.0.1 - - [07/Feb/2024 15:08:08] "[36mGET /static/img/21.jpg HTTP/1.1[0m" 304 -
[2024-02-07 15:08:08,815] INFO in _internal: 127.0.0.1 - - [07/Feb/2024 15:08:08] "[36mGET /static/img/22.jpg HTTP/1.1[0m" 304 -
[2024-02-07 15:08:08,818] INFO in _internal: 127.0.0.1 - - [07/Feb/2024 15:08:08] "[36mGET /static/img/23.jpg HTTP/1.1[0m" 304 -
[2024-02-07 15:16:26,287] INFO in _internal: 127.0.0.1 - - [07/Feb/2024 15:16:26] "GET /escortv2 HTTP/1.1" 200 -
[2024-02-07 15:16:26,314] INFO in _internal: 127.0.0.1 - - [07/Feb/2024 15:16:26] "[36mGET /static/img/logo.png HTTP/1.1[0m" 304 -
[2024-02-07 15:16:26,315] INFO in _internal: 127.0.0.1 - - [07/Feb/2024 15:16:26] "GET /static/css/escortv2.css HTTP/1.1" 200 -
[2024-02-07 15:16:26,315] INFO in _internal: 127.0.0.1 - - [07/Feb/2024 15:16:26] "[36mGET /static/js/escortv2.js HTTP/1.1[0m" 304 -
[2024-02-07 15:16:26,727] INFO in _internal: 127.0.0.1 - - [07/Feb/2024 15:16:26] "[36mGET /static/img/1.jpg HTTP/1.1[0m" 304 -
[2024-02-07 15:16:26,735] INFO in _internal: 127.0.0.1 - - [07/Feb/2024 15:16:26] "[36mGET /static/img/2.jpg HTTP/1.1[0m" 304 -
[2024-02-07 15:16:26,738] INFO in _internal: 127.0.0.1 - - [07/Feb/2024 15:16:26] "[36mGET /static/img/3.jpg HTTP/1.1[0m" 304 -
[2024-02-07 15:16:26,750] INFO in _internal: 127.0.0.1 - - [07/Feb/2024 15:16:26] "[36mGET /static/img/4.jpg HTTP/1.1[0m" 304 -
[2024-02-07 15:16:26,757] INFO in _internal: 127.0.0.1 - - [07/Feb/2024 15:16:26] "[36mGET /static/img/20.jpg HTTP/1.1[0m" 304 -
[2024-02-07 15:16:26,759] INFO in _internal: 127.0.0.1 - - [07/Feb/2024 15:16:26] "[36mGET /static/img/19.jpg HTTP/1.1[0m" 304 -
[2024-02-07 15:16:26,762] INFO in _internal: 127.0.0.1 - - [07/Feb/2024 15:16:26] "[36mGET /static/img/21.jpg HTTP/1.1[0m" 304 -
[2024-02-07 15:16:26,769] INFO in _internal: 127.0.0.1 - - [07/Feb/2024 15:16:26] "[36mGET /static/img/22.jpg HTTP/1.1[0m" 304 -
[2024-02-07 15:16:26,771] INFO in _internal: 127.0.0.1 - - [07/Feb/2024 15:16:26] "[36mGET /static/img/23.jpg HTTP/1.1[0m" 304 -
[2024-02-07 15:16:41,558] INFO in _internal: 127.0.0.1 - - [07/Feb/2024 15:16:41] "GET /escortv2 HTTP/1.1" 200 -
[2024-02-07 15:16:41,584] INFO in _internal: 127.0.0.1 - - [07/Feb/2024 15:16:41] "[36mGET /static/css/escortv2.css HTTP/1.1[0m" 304 -
[2024-02-07 15:16:41,586] INFO in _internal: 127.0.0.1 - - [07/Feb/2024 15:16:41] "[36mGET /static/img/logo.png HTTP/1.1[0m" 304 -
[2024-02-07 15:16:41,587] INFO in _internal: 127.0.0.1 - - [07/Feb/2024 15:16:41] "[36mGET /static/js/escortv2.js HTTP/1.1[0m" 304 -
[2024-02-07 15:16:41,695] INFO in _internal: 127.0.0.1 - - [07/Feb/2024 15:16:41] "[36mGET /static/img/3.jpg HTTP/1.1[0m" 304 -
[2024-02-07 15:16:41,697] INFO in _internal: 127.0.0.1 - - [07/Feb/2024 15:16:41] "[36mGET /static/img/1.jpg HTTP/1.1[0m" 304 -
[2024-02-07 15:16:41,698] INFO in _internal: 127.0.0.1 - - [07/Feb/2024 15:16:41] "[36mGET /static/img/4.jpg HTTP/1.1[0m" 304 -
[2024-02-07 15:16:41,698] INFO in _internal: 127.0.0.1 - - [07/Feb/2024 15:16:41] "[36mGET /static/img/2.jpg HTTP/1.1[0m" 304 -
[2024-02-07 15:16:41,699] INFO in _internal: 127.0.0.1 - - [07/Feb/2024 15:16:41] "[36mGET /static/img/19.jpg HTTP/1.1[0m" 304 -
[2024-02-07 15:16:41,700] INFO in _internal: 127.0.0.1 - - [07/Feb/2024 15:16:41] "[36mGET /static/img/20.jpg HTTP/1.1[0m" 304 -
[2024-02-07 15:16:41,732] INFO in _internal: 127.0.0.1 - - [07/Feb/2024 15:16:41] "[36mGET /static/img/21.jpg HTTP/1.1[0m" 304 -
[2024-02-07 15:16:41,733] INFO in _internal: 127.0.0.1 - - [07/Feb/2024 15:16:41] "[36mGET /static/img/22.jpg HTTP/1.1[0m" 304 -
[2024-02-07 15:16:41,735] INFO in _internal: 127.0.0.1 - - [07/Feb/2024 15:16:41] "[36mGET /static/img/23.jpg HTTP/1.1[0m" 304 -
[2024-02-07 15:17:02,115] INFO in _internal: 127.0.0.1 - - [07/Feb/2024 15:17:02] "GET /escortv2 HTTP/1.1" 200 -
[2024-02-07 15:17:02,148] INFO in _internal: 127.0.0.1 - - [07/Feb/2024 15:17:02] "[36mGET /static/css/escortv2.css HTTP/1.1[0m" 304 -
[2024-02-07 15:17:02,150] INFO in _internal: 127.0.0.1 - - [07/Feb/2024 15:17:02] "[36mGET /static/img/logo.png HTTP/1.1[0m" 304 -
[2024-02-07 15:17:02,152] INFO in _internal: 127.0.0.1 - - [07/Feb/2024 15:17:02] "[36mGET /static/js/escortv2.js HTTP/1.1[0m" 304 -
[2024-02-07 15:17:02,240] INFO in _internal: 127.0.0.1 - - [07/Feb/2024 15:17:02] "[36mGET /static/img/1.jpg HTTP/1.1[0m" 304 -
[2024-02-07 15:17:02,242] INFO in _internal: 127.0.0.1 - - [07/Feb/2024 15:17:02] "[36mGET /static/img/2.jpg HTTP/1.1[0m" 304 -
[2024-02-07 15:17:02,249] INFO in _internal: 127.0.0.1 - - [07/Feb/2024 15:17:02] "[36mGET /static/img/3.jpg HTTP/1.1[0m" 304 -
[2024-02-07 15:17:02,263] INFO in _internal: 127.0.0.1 - - [07/Feb/2024 15:17:02] "[36mGET /static/img/4.jpg HTTP/1.1[0m" 304 -
[2024-02-07 15:17:02,269] INFO in _internal: 127.0.0.1 - - [07/Feb/2024 15:17:02] "[36mGET /static/img/20.jpg HTTP/1.1[0m" 304 -
[2024-02-07 15:17:02,278] INFO in _internal: 127.0.0.1 - - [07/Feb/2024 15:17:02] "[36mGET /static/img/19.jpg HTTP/1.1[0m" 304 -
[2024-02-07 15:17:02,288] INFO in _internal: 127.0.0.1 - - [07/Feb/2024 15:17:02] "[36mGET /static/img/21.jpg HTTP/1.1[0m" 304 -
[2024-02-07 15:17:02,290] INFO in _internal: 127.0.0.1 - - [07/Feb/2024 15:17:02] "[36mGET /static/img/22.jpg HTTP/1.1[0m" 304 -
[2024-02-07 15:17:02,293] INFO in _internal: 127.0.0.1 - - [07/Feb/2024 15:17:02] "[36mGET /static/img/23.jpg HTTP/1.1[0m" 304 -
[2024-02-07 15:19:11,024] INFO in _internal: 127.0.0.1 - - [07/Feb/2024 15:19:11] "GET /escortv2 HTTP/1.1" 200 -
[2024-02-07 15:19:11,055] INFO in _internal: 127.0.0.1 - - [07/Feb/2024 15:19:11] "[36mGET /static/img/logo.png HTTP/1.1[0m" 304 -
[2024-02-07 15:19:11,056] INFO in _internal: 127.0.0.1 - - [07/Feb/2024 15:19:11] "[36mGET /static/js/escortv2.js HTTP/1.1[0m" 304 -
[2024-02-07 15:19:11,058] INFO in _internal: 127.0.0.1 - - [07/Feb/2024 15:19:11] "GET /static/css/escortv2.css HTTP/1.1" 200 -
[2024-02-07 15:19:11,153] INFO in _internal: 127.0.0.1 - - [07/Feb/2024 15:19:11] "[36mGET /static/img/1.jpg HTTP/1.1[0m" 304 -
[2024-02-07 15:19:11,157] INFO in _internal: 127.0.0.1 - - [07/Feb/2024 15:19:11] "[36mGET /static/img/4.jpg HTTP/1.1[0m" 304 -
[2024-02-07 15:19:11,159] INFO in _internal: 127.0.0.1 - - [07/Feb/2024 15:19:11] "[36mGET /static/img/19.jpg HTTP/1.1[0m" 304 -
[2024-02-07 15:19:11,159] INFO in _internal: 127.0.0.1 - - [07/Feb/2024 15:19:11] "[36mGET /static/img/2.jpg HTTP/1.1[0m" 304 -
[2024-02-07 15:19:11,160] INFO in _internal: 127.0.0.1 - - [07/Feb/2024 15:19:11] "[36mGET /static/img/3.jpg HTTP/1.1[0m" 304 -
[2024-02-07 15:19:11,163] INFO in _internal: 127.0.0.1 - - [07/Feb/2024 15:19:11] "[36mGET /static/img/20.jpg HTTP/1.1[0m" 304 -
[2024-02-07 15:19:11,189] INFO in _internal: 127.0.0.1 - - [07/Feb/2024 15:19:11] "[36mGET /static/img/21.jpg HTTP/1.1[0m" 304 -
[2024-02-07 15:19:11,196] INFO in _internal: 127.0.0.1 - - [07/Feb/2024 15:19:11] "[36mGET /static/img/22.jpg HTTP/1.1[0m" 304 -
[2024-02-07 15:19:11,198] INFO in _internal: 127.0.0.1 - - [07/Feb/2024 15:19:11] "[36mGET /static/img/23.jpg HTTP/1.1[0m" 304 -
[2024-02-07 15:19:39,347] INFO in _internal: 127.0.0.1 - - [07/Feb/2024 15:19:39] "GET /escortv2 HTTP/1.1" 200 -
[2024-02-07 15:19:39,369] INFO in _internal: 127.0.0.1 - - [07/Feb/2024 15:19:39] "[36mGET /static/css/escortv2.css HTTP/1.1[0m" 304 -
[2024-02-07 15:19:39,373] INFO in _internal: 127.0.0.1 - - [07/Feb/2024 15:19:39] "[36mGET /static/img/logo.png HTTP/1.1[0m" 304 -
[2024-02-07 15:19:39,379] INFO in _internal: 127.0.0.1 - - [07/Feb/2024 15:19:39] "[36mGET /static/js/escortv2.js HTTP/1.1[0m" 304 -
[2024-02-07 15:19:39,442] INFO in _internal: 127.0.0.1 - - [07/Feb/2024 15:19:39] "[36mGET /static/img/1.jpg HTTP/1.1[0m" 304 -
[2024-02-07 15:19:39,449] INFO in _internal: 127.0.0.1 - - [07/Feb/2024 15:19:39] "[36mGET /static/img/2.jpg HTTP/1.1[0m" 304 -
[2024-02-07 15:19:39,457] INFO in _internal: 127.0.0.1 - - [07/Feb/2024 15:19:39] "[36mGET /static/img/4.jpg HTTP/1.1[0m" 304 -
[2024-02-07 15:19:39,472] INFO in _internal: 127.0.0.1 - - [07/Feb/2024 15:19:39] "[36mGET /static/img/3.jpg HTTP/1.1[0m" 304 -
[2024-02-07 15:19:39,479] INFO in _internal: 127.0.0.1 - - [07/Feb/2024 15:19:39] "[36mGET /static/img/19.jpg HTTP/1.1[0m" 304 -
[2024-02-07 15:19:39,507] INFO in _internal: 127.0.0.1 - - [07/Feb/2024 15:19:39] "[36mGET /static/img/20.jpg HTTP/1.1[0m" 304 -
[2024-02-07 15:19:39,514] INFO in _internal: 127.0.0.1 - - [07/Feb/2024 15:19:39] "[36mGET /static/img/22.jpg HTTP/1.1[0m" 304 -
[2024-02-07 15:19:39,515] INFO in _internal: 127.0.0.1 - - [07/Feb/2024 15:19:39] "[36mGET /static/img/21.jpg HTTP/1.1[0m" 304 -
[2024-02-07 15:19:39,518] INFO in _internal: 127.0.0.1 - - [07/Feb/2024 15:19:39] "[36mGET /static/img/23.jpg HTTP/1.1[0m" 304 -
[2024-02-07 15:19:56,691] INFO in _internal: 127.0.0.1 - - [07/Feb/2024 15:19:56] "GET /escortv2 HTTP/1.1" 200 -
[2024-02-07 15:19:56,715] INFO in _internal: 127.0.0.1 - - [07/Feb/2024 15:19:56] "[36mGET /static/css/escortv2.css HTTP/1.1[0m" 304 -
[2024-02-07 15:19:56,716] INFO in _internal: 127.0.0.1 - - [07/Feb/2024 15:19:56] "[36mGET /static/img/logo.png HTTP/1.1[0m" 304 -
[2024-02-07 15:19:56,717] INFO in _internal: 127.0.0.1 - - [07/Feb/2024 15:19:56] "[36mGET /static/js/escortv2.js HTTP/1.1[0m" 304 -
[2024-02-07 15:19:56,758] INFO in _internal: 127.0.0.1 - - [07/Feb/2024 15:19:56] "[36mGET /static/img/1.jpg HTTP/1.1[0m" 304 -
[2024-02-07 15:19:56,759] INFO in _internal: 127.0.0.1 - - [07/Feb/2024 15:19:56] "[36mGET /static/img/2.jpg HTTP/1.1[0m" 304 -
[2024-02-07 15:19:56,761] INFO in _internal: 127.0.0.1 - - [07/Feb/2024 15:19:56] "[36mGET /static/img/4.jpg HTTP/1.1[0m" 304 -
[2024-02-07 15:19:56,761] INFO in _internal: 127.0.0.1 - - [07/Feb/2024 15:19:56] "[36mGET /static/img/3.jpg HTTP/1.1[0m" 304 -
[2024-02-07 15:19:56,763] INFO in _internal: 127.0.0.1 - - [07/Feb/2024 15:19:56] "[36mGET /static/img/19.jpg HTTP/1.1[0m" 304 -
[2024-02-07 15:19:56,765] INFO in _internal: 127.0.0.1 - - [07/Feb/2024 15:19:56] "[36mGET /static/img/20.jpg HTTP/1.1[0m" 304 -
[2024-02-07 15:19:56,785] INFO in _internal: 127.0.0.1 - - [07/Feb/2024 15:19:56] "[36mGET /static/img/21.jpg HTTP/1.1[0m" 304 -
[2024-02-07 15:19:56,789] INFO in _internal: 127.0.0.1 - - [07/Feb/2024 15:19:56] "[36mGET /static/img/22.jpg HTTP/1.1[0m" 304 -
[2024-02-07 15:19:56,792] INFO in _internal: 127.0.0.1 - - [07/Feb/2024 15:19:56] "[36mGET /static/img/23.jpg HTTP/1.1[0m" 304 -
[2024-02-07 15:20:10,402] INFO in _internal: 127.0.0.1 - - [07/Feb/2024 15:20:10] "GET /escortv2 HTTP/1.1" 200 -
[2024-02-07 15:20:10,417] INFO in _internal: 127.0.0.1 - - [07/Feb/2024 15:20:10] "GET /static/css/escortv2.css HTTP/1.1" 200 -
[2024-02-07 15:20:10,420] INFO in _internal: 127.0.0.1 - - [07/Feb/2024 15:20:10] "GET /static/img/logo.png HTTP/1.1" 200 -
[2024-02-07 15:20:10,428] INFO in _internal: 127.0.0.1 - - [07/Feb/2024 15:20:10] "GET /static/js/escortv2.js HTTP/1.1" 200 -
[2024-02-07 15:20:10,806] INFO in _internal: 127.0.0.1 - - [07/Feb/2024 15:20:10] "GET /static/img/3.jpg HTTP/1.1" 200 -
[2024-02-07 15:20:10,806] INFO in _internal: 127.0.0.1 - - [07/Feb/2024 15:20:10] "GET /static/img/1.jpg HTTP/1.1" 200 -
[2024-02-07 15:20:10,807] INFO in _internal: 127.0.0.1 - - [07/Feb/2024 15:20:10] "GET /static/img/4.jpg HTTP/1.1" 200 -
[2024-02-07 15:20:10,807] INFO in _internal: 127.0.0.1 - - [07/Feb/2024 15:20:10] "GET /static/img/19.jpg HTTP/1.1" 200 -
[2024-02-07 15:20:10,807] INFO in _internal: 127.0.0.1 - - [07/Feb/2024 15:20:10] "GET /static/img/2.jpg HTTP/1.1" 200 -
[2024-02-07 15:20:10,808] INFO in _internal: 127.0.0.1 - - [07/Feb/2024 15:20:10] "GET /static/img/20.jpg HTTP/1.1" 200 -
[2024-02-07 15:20:10,840] INFO in _internal: 127.0.0.1 - - [07/Feb/2024 15:20:10] "GET /static/img/22.jpg HTTP/1.1" 200 -
[2024-02-07 15:20:10,843] INFO in _internal: 127.0.0.1 - - [07/Feb/2024 15:20:10] "GET /static/img/21.jpg HTTP/1.1" 200 -
[2024-02-07 15:20:10,845] INFO in _internal: 127.0.0.1 - - [07/Feb/2024 15:20:10] "GET /static/img/23.jpg HTTP/1.1" 200 -
[2024-02-07 15:20:15,629] INFO in _internal: 127.0.0.1 - - [07/Feb/2024 15:20:15] "[36mGET /static/css/escortv2.css HTTP/1.1[0m" 304 -
[2024-02-07 15:22:45,218] INFO in _internal: 127.0.0.1 - - [07/Feb/2024 15:22:45] "GET /escortv2 HTTP/1.1" 200 -
[2024-02-07 15:22:45,250] INFO in _internal: 127.0.0.1 - - [07/Feb/2024 15:22:45] "GET /static/css/escortv2.css HTTP/1.1" 200 -
[2024-02-07 15:22:45,253] INFO in _internal: 127.0.0.1 - - [07/Feb/2024 15:22:45] "[36mGET /static/img/logo.png HTTP/1.1[0m" 304 -
[2024-02-07 15:22:45,253] INFO in _internal: 127.0.0.1 - - [07/Feb/2024 15:22:45] "[36mGET /static/js/escortv2.js HTTP/1.1[0m" 304 -
[2024-02-07 15:22:45,339] INFO in _internal: 127.0.0.1 - - [07/Feb/2024 15:22:45] "[36mGET /static/img/2.jpg HTTP/1.1[0m" 304 -
[2024-02-07 15:22:45,342] INFO in _internal: 127.0.0.1 - - [07/Feb/2024 15:22:45] "[36mGET /static/img/1.jpg HTTP/1.1[0m" 304 -
[2024-02-07 15:22:45,343] INFO in _internal: 127.0.0.1 - - [07/Feb/2024 15:22:45] "[36mGET /static/img/3.jpg HTTP/1.1[0m" 304 -
[2024-02-07 15:22:45,348] INFO in _internal: 127.0.0.1 - - [07/Feb/2024 15:22:45] "[36mGET /static/img/4.jpg HTTP/1.1[0m" 304 -
[2024-02-07 15:22:45,351] INFO in _internal: 127.0.0.1 - - [07/Feb/2024 15:22:45] "[36mGET /static/img/20.jpg HTTP/1.1[0m" 304 -
[2024-02-07 15:22:45,354] INFO in _internal: 127.0.0.1 - - [07/Feb/2024 15:22:45] "[36mGET /static/img/19.jpg HTTP/1.1[0m" 304 -
[2024-02-07 15:22:45,373] INFO in _internal: 127.0.0.1 - - [07/Feb/2024 15:22:45] "[36mGET /static/img/21.jpg HTTP/1.1[0m" 304 -
[2024-02-07 15:22:45,375] INFO in _internal: 127.0.0.1 - - [07/Feb/2024 15:22:45] "[36mGET /static/img/23.jpg HTTP/1.1[0m" 304 -
[2024-02-07 15:22:45,376] INFO in _internal: 127.0.0.1 - - [07/Feb/2024 15:22:45] "[36mGET /static/img/22.jpg HTTP/1.1[0m" 304 -
[2024-02-07 15:52:01,787] INFO in _internal: 127.0.0.1 - - [07/Feb/2024 15:52:01] "[36mGET /static/css/escortv2.css HTTP/1.1[0m" 304 -
[2024-02-07 16:08:45,765] INFO in _internal: 127.0.0.1 - - [07/Feb/2024 16:08:45] "GET /escortv2 HTTP/1.1" 200 -
[2024-02-07 16:08:45,799] INFO in _internal: 127.0.0.1 - - [07/Feb/2024 16:08:45] "GET /static/css/escortv2.css HTTP/1.1" 200 -
[2024-02-07 16:08:45,800] INFO in _internal: 127.0.0.1 - - [07/Feb/2024 16:08:45] "[36mGET /static/img/logo.png HTTP/1.1[0m" 304 -
[2024-02-07 16:08:45,803] INFO in _internal: 127.0.0.1 - - [07/Feb/2024 16:08:45] "[36mGET /static/js/escortv2.js HTTP/1.1[0m" 304 -
[2024-02-07 16:08:46,008] INFO in _internal: 127.0.0.1 - - [07/Feb/2024 16:08:46] "[36mGET /static/img/1.jpg HTTP/1.1[0m" 304 -
[2024-02-07 16:08:46,013] INFO in _internal: 127.0.0.1 - - [07/Feb/2024 16:08:46] "[36mGET /static/img/3.jpg HTTP/1.1[0m" 304 -
[2024-02-07 16:08:46,013] INFO in _internal: 127.0.0.1 - - [07/Feb/2024 16:08:46] "[36mGET /static/img/2.jpg HTTP/1.1[0m" 304 -
[2024-02-07 16:08:46,019] INFO in _internal: 127.0.0.1 - - [07/Feb/2024 16:08:46] "[36mGET /static/img/4.jpg HTTP/1.1[0m" 304 -
[2024-02-07 16:08:46,023] INFO in _internal: 127.0.0.1 - - [07/Feb/2024 16:08:46] "[36mGET /static/img/19.jpg HTTP/1.1[0m" 304 -
[2024-02-07 16:08:46,033] INFO in _internal: 127.0.0.1 - - [07/Feb/2024 16:08:46] "[36mGET /static/img/21.jpg HTTP/1.1[0m" 304 -
[2024-02-07 16:08:46,034] INFO in _internal: 127.0.0.1 - - [07/Feb/2024 16:08:46] "[36mGET /static/img/20.jpg HTTP/1.1[0m" 304 -
[2024-02-07 16:08:46,038] INFO in _internal: 127.0.0.1 - - [07/Feb/2024 16:08:46] "[36mGET /static/img/22.jpg HTTP/1.1[0m" 304 -
[2024-02-07 16:08:46,043] INFO in _internal: 127.0.0.1 - - [07/Feb/2024 16:08:46] "[36mGET /static/img/23.jpg HTTP/1.1[0m" 304 -
[2024-02-07 16:09:45,735] INFO in _internal: 127.0.0.1 - - [07/Feb/2024 16:09:45] "GET /escortv2 HTTP/1.1" 200 -
[2024-02-07 16:09:45,766] INFO in _internal: 127.0.0.1 - - [07/Feb/2024 16:09:45] "GET /static/css/escortv2.css HTTP/1.1" 200 -
[2024-02-07 16:09:45,771] INFO in _internal: 127.0.0.1 - - [07/Feb/2024 16:09:45] "[36mGET /static/img/logo.png HTTP/1.1[0m" 304 -
[2024-02-07 16:09:45,775] INFO in _internal: 127.0.0.1 - - [07/Feb/2024 16:09:45] "[36mGET /static/js/escortv2.js HTTP/1.1[0m" 304 -
[2024-02-07 16:09:45,903] INFO in _internal: 127.0.0.1 - - [07/Feb/2024 16:09:45] "[36mGET /static/img/1.jpg HTTP/1.1[0m" 304 -
[2024-02-07 16:09:45,909] INFO in _internal: 127.0.0.1 - - [07/Feb/2024 16:09:45] "[36mGET /static/img/3.jpg HTTP/1.1[0m" 304 -
[2024-02-07 16:09:45,913] INFO in _internal: 127.0.0.1 - - [07/Feb/2024 16:09:45] "[36mGET /static/img/2.jpg HTTP/1.1[0m" 304 -
[2024-02-07 16:09:45,920] INFO in _internal: 127.0.0.1 - - [07/Feb/2024 16:09:45] "[36mGET /static/img/4.jpg HTTP/1.1[0m" 304 -
[2024-02-07 16:09:45,924] INFO in _internal: 127.0.0.1 - - [07/Feb/2024 16:09:45] "[36mGET /static/img/19.jpg HTTP/1.1[0m" 304 -
[2024-02-07 16:09:45,936] INFO in _internal: 127.0.0.1 - - [07/Feb/2024 16:09:45] "[36mGET /static/img/20.jpg HTTP/1.1[0m" 304 -
[2024-02-07 16:09:45,939] INFO in _internal: 127.0.0.1 - - [07/Feb/2024 16:09:45] "[36mGET /static/img/21.jpg HTTP/1.1[0m" 304 -
[2024-02-07 16:09:45,945] INFO in _internal: 127.0.0.1 - - [07/Feb/2024 16:09:45] "[36mGET /static/img/22.jpg HTTP/1.1[0m" 304 -
[2024-02-07 16:09:45,949] INFO in _internal: 127.0.0.1 - - [07/Feb/2024 16:09:45] "[36mGET /static/img/23.jpg HTTP/1.1[0m" 304 -
[2024-02-07 16:10:00,481] INFO in _internal: 127.0.0.1 - - [07/Feb/2024 16:10:00] "GET /escortv2 HTTP/1.1" 200 -
[2024-02-07 16:10:00,500] INFO in _internal: 127.0.0.1 - - [07/Feb/2024 16:10:00] "GET /static/css/escortv2.css HTTP/1.1" 200 -
[2024-02-07 16:10:00,500] INFO in _internal: 127.0.0.1 - - [07/Feb/2024 16:10:00] "[36mGET /static/img/logo.png HTTP/1.1[0m" 304 -
[2024-02-07 16:10:00,502] INFO in _internal: 127.0.0.1 - - [07/Feb/2024 16:10:00] "[36mGET /static/js/escortv2.js HTTP/1.1[0m" 304 -
[2024-02-07 16:10:00,545] INFO in _internal: 127.0.0.1 - - [07/Feb/2024 16:10:00] "[36mGET /static/img/2.jpg HTTP/1.1[0m" 304 -
[2024-02-07 16:10:00,546] INFO in _internal: 127.0.0.1 - - [07/Feb/2024 16:10:00] "[36mGET /static/img/1.jpg HTTP/1.1[0m" 304 -
[2024-02-07 16:10:00,547] INFO in _internal: 127.0.0.1 - - [07/Feb/2024 16:10:00] "[36mGET /static/img/3.jpg HTTP/1.1[0m" 304 -
[2024-02-07 16:10:00,554] INFO in _internal: 127.0.0.1 - - [07/Feb/2024 16:10:00] "[36mGET /static/img/4.jpg HTTP/1.1[0m" 304 -
[2024-02-07 16:10:00,561] INFO in _internal: 127.0.0.1 - - [07/Feb/2024 16:10:00] "[36mGET /static/img/19.jpg HTTP/1.1[0m" 304 -
[2024-02-07 16:10:00,564] INFO in _internal: 127.0.0.1 - - [07/Feb/2024 16:10:00] "[36mGET /static/img/20.jpg HTTP/1.1[0m" 304 -
[2024-02-07 16:10:00,568] INFO in _internal: 127.0.0.1 - - [07/Feb/2024 16:10:00] "[36mGET /static/img/21.jpg HTTP/1.1[0m" 304 -
[2024-02-07 16:10:00,572] INFO in _internal: 127.0.0.1 - - [07/Feb/2024 16:10:00] "[36mGET /static/img/22.jpg HTTP/1.1[0m" 304 -
[2024-02-07 16:10:00,582] INFO in _internal: 127.0.0.1 - - [07/Feb/2024 16:10:00] "[36mGET /static/img/23.jpg HTTP/1.1[0m" 304 -
[2024-02-07 16:12:05,763] INFO in _internal: 127.0.0.1 - - [07/Feb/2024 16:12:05] "GET /escortv2 HTTP/1.1" 200 -
[2024-02-07 16:12:05,794] INFO in _internal: 127.0.0.1 - - [07/Feb/2024 16:12:05] "[36mGET /static/css/escortv2.css HTTP/1.1[0m" 304 -
[2024-02-07 16:12:05,796] INFO in _internal: 127.0.0.1 - - [07/Feb/2024 16:12:05] "[36mGET /static/img/logo.png HTTP/1.1[0m" 304 -
[2024-02-07 16:12:05,797] INFO in _internal: 127.0.0.1 - - [07/Feb/2024 16:12:05] "[36mGET /static/js/escortv2.js HTTP/1.1[0m" 304 -
[2024-02-07 16:12:05,830] INFO in _internal: 127.0.0.1 - - [07/Feb/2024 16:12:05] "[36mGET /static/img/1.jpg HTTP/1.1[0m" 304 -
[2024-02-07 16:12:05,831] INFO in _internal: 127.0.0.1 - - [07/Feb/2024 16:12:05] "[36mGET /static/img/2.jpg HTTP/1.1[0m" 304 -
[2024-02-07 16:12:05,849] INFO in _internal: 127.0.0.1 - - [07/Feb/2024 16:12:05] "[36mGET /static/img/3.jpg HTTP/1.1[0m" 304 -
[2024-02-07 16:12:05,877] INFO in _internal: 127.0.0.1 - - [07/Feb/2024 16:12:05] "[36mGET /static/img/4.jpg HTTP/1.1[0m" 304 -
[2024-02-07 16:12:05,879] INFO in _internal: 127.0.0.1 - - [07/Feb/2024 16:12:05] "[36mGET /static/img/19.jpg HTTP/1.1[0m" 304 -
[2024-02-07 16:12:05,881] INFO in _internal: 127.0.0.1 - - [07/Feb/2024 16:12:05] "[36mGET /static/img/20.jpg HTTP/1.1[0m" 304 -
[2024-02-07 16:12:05,882] INFO in _internal: 127.0.0.1 - - [07/Feb/2024 16:12:05] "[36mGET /static/img/22.jpg HTTP/1.1[0m" 304 -
[2024-02-07 16:12:05,884] INFO in _internal: 127.0.0.1 - - [07/Feb/2024 16:12:05] "[36mGET /static/img/21.jpg HTTP/1.1[0m" 304 -
[2024-02-07 16:12:05,885] INFO in _internal: 127.0.0.1 - - [07/Feb/2024 16:12:05] "[36mGET /static/img/23.jpg HTTP/1.1[0m" 304 -
[2024-02-07 16:13:21,791] INFO in _internal: 127.0.0.1 - - [07/Feb/2024 16:13:21] "GET /escortv2 HTTP/1.1" 200 -
[2024-02-07 16:13:21,815] INFO in _internal: 127.0.0.1 - - [07/Feb/2024 16:13:21] "GET /static/css/escortv2.css HTTP/1.1" 200 -
[2024-02-07 16:13:21,816] INFO in _internal: 127.0.0.1 - - [07/Feb/2024 16:13:21] "[36mGET /static/img/logo.png HTTP/1.1[0m" 304 -
[2024-02-07 16:13:21,820] INFO in _internal: 127.0.0.1 - - [07/Feb/2024 16:13:21] "[36mGET /static/js/escortv2.js HTTP/1.1[0m" 304 -
[2024-02-07 16:13:21,904] INFO in _internal: 127.0.0.1 - - [07/Feb/2024 16:13:21] "[36mGET /static/img/2.jpg HTTP/1.1[0m" 304 -
[2024-02-07 16:13:21,907] INFO in _internal: 127.0.0.1 - - [07/Feb/2024 16:13:21] "[36mGET /static/img/1.jpg HTTP/1.1[0m" 304 -
[2024-02-07 16:13:21,912] INFO in _internal: 127.0.0.1 - - [07/Feb/2024 16:13:21] "[36mGET /static/img/3.jpg HTTP/1.1[0m" 304 -
[2024-02-07 16:13:21,919] INFO in _internal: 127.0.0.1 - - [07/Feb/2024 16:13:21] "[36mGET /static/img/4.jpg HTTP/1.1[0m" 304 -
[2024-02-07 16:13:21,926] INFO in _internal: 127.0.0.1 - - [07/Feb/2024 16:13:21] "[36mGET /static/img/19.jpg HTTP/1.1[0m" 304 -
[2024-02-07 16:13:21,933] INFO in _internal: 127.0.0.1 - - [07/Feb/2024 16:13:21] "[36mGET /static/img/20.jpg HTTP/1.1[0m" 304 -
[2024-02-07 16:13:21,940] INFO in _internal: 127.0.0.1 - - [07/Feb/2024 16:13:21] "[36mGET /static/img/21.jpg HTTP/1.1[0m" 304 -
[2024-02-07 16:13:21,942] INFO in _internal: 127.0.0.1 - - [07/Feb/2024 16:13:21] "[36mGET /static/img/22.jpg HTTP/1.1[0m" 304 -
[2024-02-07 16:13:21,946] INFO in _internal: 127.0.0.1 - - [07/Feb/2024 16:13:21] "[36mGET /static/img/23.jpg HTTP/1.1[0m" 304 -
[2024-02-07 16:13:44,689] INFO in _internal: 127.0.0.1 - - [07/Feb/2024 16:13:44] "[36mGET /static/css/escortv2.css HTTP/1.1[0m" 304 -
[2024-02-07 16:14:43,834] INFO in _internal: 127.0.0.1 - - [07/Feb/2024 16:14:43] "GET /escortv2 HTTP/1.1" 200 -
[2024-02-07 16:14:43,866] INFO in _internal: 127.0.0.1 - - [07/Feb/2024 16:14:43] "GET /static/css/escortv2.css HTTP/1.1" 200 -
[2024-02-07 16:14:43,867] INFO in _internal: 127.0.0.1 - - [07/Feb/2024 16:14:43] "[36mGET /static/img/logo.png HTTP/1.1[0m" 304 -
[2024-02-07 16:14:43,868] INFO in _internal: 127.0.0.1 - - [07/Feb/2024 16:14:43] "[36mGET /static/js/escortv2.js HTTP/1.1[0m" 304 -
[2024-02-07 16:14:43,908] INFO in _internal: 127.0.0.1 - - [07/Feb/2024 16:14:43] "[36mGET /static/img/1.jpg HTTP/1.1[0m" 304 -
[2024-02-07 16:14:43,908] INFO in _internal: 127.0.0.1 - - [07/Feb/2024 16:14:43] "[36mGET /static/img/2.jpg HTTP/1.1[0m" 304 -
[2024-02-07 16:14:43,915] INFO in _internal: 127.0.0.1 - - [07/Feb/2024 16:14:43] "[36mGET /static/img/3.jpg HTTP/1.1[0m" 304 -
[2024-02-07 16:14:43,925] INFO in _internal: 127.0.0.1 - - [07/Feb/2024 16:14:43] "[36mGET /static/img/4.jpg HTTP/1.1[0m" 304 -
[2024-02-07 16:14:43,927] INFO in _internal: 127.0.0.1 - - [07/Feb/2024 16:14:43] "[36mGET /static/img/19.jpg HTTP/1.1[0m" 304 -
[2024-02-07 16:14:43,933] INFO in _internal: 127.0.0.1 - - [07/Feb/2024 16:14:43] "[36mGET /static/img/20.jpg HTTP/1.1[0m" 304 -
[2024-02-07 16:14:43,945] INFO in _internal: 127.0.0.1 - - [07/Feb/2024 16:14:43] "[36mGET /static/img/21.jpg HTTP/1.1[0m" 304 -
[2024-02-07 16:14:43,949] INFO in _internal: 127.0.0.1 - - [07/Feb/2024 16:14:43] "[36mGET /static/img/22.jpg HTTP/1.1[0m" 304 -
[2024-02-07 16:14:43,949] INFO in _internal: 127.0.0.1 - - [07/Feb/2024 16:14:43] "[36mGET /static/img/23.jpg HTTP/1.1[0m" 304 -
[2024-02-07 16:15:53,989] INFO in _internal: 127.0.0.1 - - [07/Feb/2024 16:15:53] "GET /escortv2 HTTP/1.1" 200 -
[2024-02-07 16:15:54,016] INFO in _internal: 127.0.0.1 - - [07/Feb/2024 16:15:54] "GET /static/css/escortv2.css HTTP/1.1" 200 -
[2024-02-07 16:15:54,018] INFO in _internal: 127.0.0.1 - - [07/Feb/2024 16:15:54] "[36mGET /static/img/logo.png HTTP/1.1[0m" 304 -
[2024-02-07 16:15:54,019] INFO in _internal: 127.0.0.1 - - [07/Feb/2024 16:15:54] "[36mGET /static/js/escortv2.js HTTP/1.1[0m" 304 -
[2024-02-07 16:15:54,064] INFO in _internal: 127.0.0.1 - - [07/Feb/2024 16:15:54] "[36mGET /static/img/1.jpg HTTP/1.1[0m" 304 -
[2024-02-07 16:15:54,070] INFO in _internal: 127.0.0.1 - - [07/Feb/2024 16:15:54] "[36mGET /static/img/2.jpg HTTP/1.1[0m" 304 -
[2024-02-07 16:15:54,071] INFO in _internal: 127.0.0.1 - - [07/Feb/2024 16:15:54] "[36mGET /static/img/3.jpg HTTP/1.1[0m" 304 -
[2024-02-07 16:15:54,084] INFO in _internal: 127.0.0.1 - - [07/Feb/2024 16:15:54] "[36mGET /static/img/4.jpg HTTP/1.1[0m" 304 -
[2024-02-07 16:15:54,091] INFO in _internal: 127.0.0.1 - - [07/Feb/2024 16:15:54] "[36mGET /static/img/19.jpg HTTP/1.1[0m" 304 -
[2024-02-07 16:15:54,098] INFO in _internal: 127.0.0.1 - - [07/Feb/2024 16:15:54] "[36mGET /static/img/20.jpg HTTP/1.1[0m" 304 -
[2024-02-07 16:15:54,103] INFO in _internal: 127.0.0.1 - - [07/Feb/2024 16:15:54] "[36mGET /static/img/21.jpg HTTP/1.1[0m" 304 -
[2024-02-07 16:15:54,105] INFO in _internal: 127.0.0.1 - - [07/Feb/2024 16:15:54] "[36mGET /static/img/22.jpg HTTP/1.1[0m" 304 -
[2024-02-07 16:15:54,113] INFO in _internal: 127.0.0.1 - - [07/Feb/2024 16:15:54] "[36mGET /static/img/23.jpg HTTP/1.1[0m" 304 -
[2024-02-07 16:29:22,888] INFO in _internal: 127.0.0.1 - - [07/Feb/2024 16:29:22] "GET /escortv2 HTTP/1.1" 200 -
[2024-02-07 16:29:22,912] INFO in _internal: 127.0.0.1 - - [07/Feb/2024 16:29:22] "GET /static/css/escortv2.css HTTP/1.1" 200 -
[2024-02-07 16:29:22,916] INFO in _internal: 127.0.0.1 - - [07/Feb/2024 16:29:22] "[36mGET /static/js/escortv2.js HTTP/1.1[0m" 304 -
[2024-02-07 16:29:22,917] INFO in _internal: 127.0.0.1 - - [07/Feb/2024 16:29:22] "[36mGET /static/img/logo.png HTTP/1.1[0m" 304 -
[2024-02-07 16:29:23,278] INFO in _internal: 127.0.0.1 - - [07/Feb/2024 16:29:23] "[36mGET /static/img/1.jpg HTTP/1.1[0m" 304 -
[2024-02-07 16:29:23,282] INFO in _internal: 127.0.0.1 - - [07/Feb/2024 16:29:23] "[36mGET /static/img/3.jpg HTTP/1.1[0m" 304 -
[2024-02-07 16:29:23,283] INFO in _internal: 127.0.0.1 - - [07/Feb/2024 16:29:23] "[36mGET /static/img/2.jpg HTTP/1.1[0m" 304 -
[2024-02-07 16:29:23,300] INFO in _internal: 127.0.0.1 - - [07/Feb/2024 16:29:23] "[36mGET /static/img/4.jpg HTTP/1.1[0m" 304 -
[2024-02-07 16:29:23,307] INFO in _internal: 127.0.0.1 - - [07/Feb/2024 16:29:23] "[36mGET /static/img/19.jpg HTTP/1.1[0m" 304 -
[2024-02-07 16:29:23,315] INFO in _internal: 127.0.0.1 - - [07/Feb/2024 16:29:23] "[36mGET /static/img/22.jpg HTTP/1.1[0m" 304 -
[2024-02-07 16:29:23,317] INFO in _internal: 127.0.0.1 - - [07/Feb/2024 16:29:23] "[36mGET /static/img/20.jpg HTTP/1.1[0m" 304 -
[2024-02-07 16:29:23,322] INFO in _internal: 127.0.0.1 - - [07/Feb/2024 16:29:23] "[36mGET /static/img/21.jpg HTTP/1.1[0m" 304 -
[2024-02-07 16:29:23,325] INFO in _internal: 127.0.0.1 - - [07/Feb/2024 16:29:23] "[36mGET /static/img/23.jpg HTTP/1.1[0m" 304 -
[2024-02-07 16:37:06,171] INFO in _internal: 127.0.0.1 - - [07/Feb/2024 16:37:06] "GET /escortv2 HTTP/1.1" 200 -
[2024-02-07 16:37:06,202] INFO in _internal: 127.0.0.1 - - [07/Feb/2024 16:37:06] "GET /static/css/escortv2.css HTTP/1.1" 200 -
[2024-02-07 16:37:06,204] INFO in _internal: 127.0.0.1 - - [07/Feb/2024 16:37:06] "[36mGET /static/img/logo.png HTTP/1.1[0m" 304 -
[2024-02-07 16:37:06,205] INFO in _internal: 127.0.0.1 - - [07/Feb/2024 16:37:06] "[36mGET /static/js/escortv2.js HTTP/1.1[0m" 304 -
[2024-02-07 16:37:06,289] INFO in _internal: 127.0.0.1 - - [07/Feb/2024 16:37:06] "[36mGET /static/img/2.jpg HTTP/1.1[0m" 304 -
[2024-02-07 16:37:06,293] INFO in _internal: 127.0.0.1 - - [07/Feb/2024 16:37:06] "[36mGET /static/img/1.jpg HTTP/1.1[0m" 304 -
[2024-02-07 16:37:06,309] INFO in _internal: 127.0.0.1 - - [07/Feb/2024 16:37:06] "[36mGET /static/img/3.jpg HTTP/1.1[0m" 304 -
[2024-02-07 16:37:06,325] INFO in _internal: 127.0.0.1 - - [07/Feb/2024 16:37:06] "[36mGET /static/img/19.jpg HTTP/1.1[0m" 304 -
[2024-02-07 16:37:06,325] INFO in _internal: 127.0.0.1 - - [07/Feb/2024 16:37:06] "[36mGET /static/img/20.jpg HTTP/1.1[0m" 304 -
[2024-02-07 16:37:06,329] INFO in _internal: 127.0.0.1 - - [07/Feb/2024 16:37:06] "[36mGET /static/img/4.jpg HTTP/1.1[0m" 304 -
[2024-02-07 16:37:06,333] INFO in _internal: 127.0.0.1 - - [07/Feb/2024 16:37:06] "[36mGET /static/img/21.jpg HTTP/1.1[0m" 304 -
[2024-02-07 16:37:06,339] INFO in _internal: 127.0.0.1 - - [07/Feb/2024 16:37:06] "[36mGET /static/img/22.jpg HTTP/1.1[0m" 304 -
[2024-02-07 16:37:06,344] INFO in _internal: 127.0.0.1 - - [07/Feb/2024 16:37:06] "[36mGET /static/img/23.jpg HTTP/1.1[0m" 304 -
[2024-02-07 16:38:07,664] INFO in _internal: 127.0.0.1 - - [07/Feb/2024 16:38:07] "GET /escortv2 HTTP/1.1" 200 -
[2024-02-07 16:38:07,694] INFO in _internal: 127.0.0.1 - - [07/Feb/2024 16:38:07] "[36mGET /static/css/escortv2.css HTTP/1.1[0m" 304 -
[2024-02-07 16:38:07,696] INFO in _internal: 127.0.0.1 - - [07/Feb/2024 16:38:07] "[36mGET /static/img/logo.png HTTP/1.1[0m" 304 -
[2024-02-07 16:38:07,697] INFO in _internal: 127.0.0.1 - - [07/Feb/2024 16:38:07] "GET /static/js/escortv2.js HTTP/1.1" 200 -
[2024-02-07 16:38:07,758] INFO in _internal: 127.0.0.1 - - [07/Feb/2024 16:38:07] "[36mGET /static/img/1.jpg HTTP/1.1[0m" 304 -
[2024-02-07 16:38:07,760] INFO in _internal: 127.0.0.1 - - [07/Feb/2024 16:38:07] "[36mGET /static/img/2.jpg HTTP/1.1[0m" 304 -
[2024-02-07 16:38:07,767] INFO in _internal: 127.0.0.1 - - [07/Feb/2024 16:38:07] "[36mGET /static/img/4.jpg HTTP/1.1[0m" 304 -
[2024-02-07 16:38:07,779] INFO in _internal: 127.0.0.1 - - [07/Feb/2024 16:38:07] "[36mGET /static/img/3.jpg HTTP/1.1[0m" 304 -
[2024-02-07 16:38:07,788] INFO in _internal: 127.0.0.1 - - [07/Feb/2024 16:38:07] "[36mGET /static/img/20.jpg HTTP/1.1[0m" 304 -
[2024-02-07 16:38:07,792] INFO in _internal: 127.0.0.1 - - [07/Feb/2024 16:38:07] "[36mGET /static/img/19.jpg HTTP/1.1[0m" 304 -
[2024-02-07 16:38:07,796] INFO in _internal: 127.0.0.1 - - [07/Feb/2024 16:38:07] "[36mGET /static/img/21.jpg HTTP/1.1[0m" 304 -
[2024-02-07 16:38:07,805] INFO in _internal: 127.0.0.1 - - [07/Feb/2024 16:38:07] "[36mGET /static/img/22.jpg HTTP/1.1[0m" 304 -
[2024-02-07 16:38:07,808] INFO in _internal: 127.0.0.1 - - [07/Feb/2024 16:38:07] "[36mGET /static/img/23.jpg HTTP/1.1[0m" 304 -
[2024-02-07 16:39:32,637] INFO in _internal: 127.0.0.1 - - [07/Feb/2024 16:39:32] "GET /escortv2 HTTP/1.1" 200 -
[2024-02-07 16:39:32,666] INFO in _internal: 127.0.0.1 - - [07/Feb/2024 16:39:32] "[36mGET /static/css/escortv2.css HTTP/1.1[0m" 304 -
[2024-02-07 16:39:32,670] INFO in _internal: 127.0.0.1 - - [07/Feb/2024 16:39:32] "[36mGET /static/img/logo.png HTTP/1.1[0m" 304 -
[2024-02-07 16:39:32,671] INFO in _internal: 127.0.0.1 - - [07/Feb/2024 16:39:32] "GET /static/js/escortv2.js HTTP/1.1" 200 -
[2024-02-07 16:39:32,709] INFO in _internal: 127.0.0.1 - - [07/Feb/2024 16:39:32] "[36mGET /static/img/1.jpg HTTP/1.1[0m" 304 -
[2024-02-07 16:39:32,710] INFO in _internal: 127.0.0.1 - - [07/Feb/2024 16:39:32] "[36mGET /static/img/2.jpg HTTP/1.1[0m" 304 -
[2024-02-07 16:39:32,711] INFO in _internal: 127.0.0.1 - - [07/Feb/2024 16:39:32] "[36mGET /static/img/3.jpg HTTP/1.1[0m" 304 -
[2024-02-07 16:39:32,715] INFO in _internal: 127.0.0.1 - - [07/Feb/2024 16:39:32] "[36mGET /static/img/4.jpg HTTP/1.1[0m" 304 -
[2024-02-07 16:39:32,719] INFO in _internal: 127.0.0.1 - - [07/Feb/2024 16:39:32] "[36mGET /static/img/19.jpg HTTP/1.1[0m" 304 -
[2024-02-07 16:39:32,727] INFO in _internal: 127.0.0.1 - - [07/Feb/2024 16:39:32] "[36mGET /static/img/20.jpg HTTP/1.1[0m" 304 -
[2024-02-07 16:39:32,750] INFO in _internal: 127.0.0.1 - - [07/Feb/2024 16:39:32] "[36mGET /static/img/21.jpg HTTP/1.1[0m" 304 -
[2024-02-07 16:39:32,760] INFO in _internal: 127.0.0.1 - - [07/Feb/2024 16:39:32] "[36mGET /static/img/22.jpg HTTP/1.1[0m" 304 -
[2024-02-07 16:39:32,764] INFO in _internal: 127.0.0.1 - - [07/Feb/2024 16:39:32] "[36mGET /static/img/23.jpg HTTP/1.1[0m" 304 -
[2024-02-07 16:40:34,030] INFO in _internal: 127.0.0.1 - - [07/Feb/2024 16:40:34] "GET /escortv2 HTTP/1.1" 200 -
[2024-02-07 16:40:34,058] INFO in _internal: 127.0.0.1 - - [07/Feb/2024 16:40:34] "[36mGET /static/css/escortv2.css HTTP/1.1[0m" 304 -
[2024-02-07 16:40:34,059] INFO in _internal: 127.0.0.1 - - [07/Feb/2024 16:40:34] "[36mGET /static/img/logo.png HTTP/1.1[0m" 304 -
[2024-02-07 16:40:34,060] INFO in _internal: 127.0.0.1 - - [07/Feb/2024 16:40:34] "GET /static/js/escortv2.js HTTP/1.1" 200 -
[2024-02-07 16:40:34,101] INFO in _internal: 127.0.0.1 - - [07/Feb/2024 16:40:34] "[36mGET /static/img/1.jpg HTTP/1.1[0m" 304 -
[2024-02-07 16:40:34,105] INFO in _internal: 127.0.0.1 - - [07/Feb/2024 16:40:34] "[36mGET /static/img/3.jpg HTTP/1.1[0m" 304 -
[2024-02-07 16:40:34,108] INFO in _internal: 127.0.0.1 - - [07/Feb/2024 16:40:34] "[36mGET /static/img/2.jpg HTTP/1.1[0m" 304 -
[2024-02-07 16:40:34,127] INFO in _internal: 127.0.0.1 - - [07/Feb/2024 16:40:34] "[36mGET /static/img/4.jpg HTTP/1.1[0m" 304 -
[2024-02-07 16:40:34,137] INFO in _internal: 127.0.0.1 - - [07/Feb/2024 16:40:34] "[36mGET /static/img/19.jpg HTTP/1.1[0m" 304 -
[2024-02-07 16:40:34,139] INFO in _internal: 127.0.0.1 - - [07/Feb/2024 16:40:34] "[36mGET /static/img/20.jpg HTTP/1.1[0m" 304 -
[2024-02-07 16:40:34,141] INFO in _internal: 127.0.0.1 - - [07/Feb/2024 16:40:34] "[36mGET /static/img/21.jpg HTTP/1.1[0m" 304 -
[2024-02-07 16:40:34,148] INFO in _internal: 127.0.0.1 - - [07/Feb/2024 16:40:34] "[36mGET /static/img/22.jpg HTTP/1.1[0m" 304 -
[2024-02-07 16:40:34,160] INFO in _internal: 127.0.0.1 - - [07/Feb/2024 16:40:34] "[36mGET /static/img/23.jpg HTTP/1.1[0m" 304 -
[2024-02-07 16:40:55,529] INFO in _internal: 127.0.0.1 - - [07/Feb/2024 16:40:55] "GET /escortv2 HTTP/1.1" 200 -
[2024-02-07 16:40:55,558] INFO in _internal: 127.0.0.1 - - [07/Feb/2024 16:40:55] "[36mGET /static/css/escortv2.css HTTP/1.1[0m" 304 -
[2024-02-07 16:40:55,559] INFO in _internal: 127.0.0.1 - - [07/Feb/2024 16:40:55] "[36mGET /static/img/logo.png HTTP/1.1[0m" 304 -
[2024-02-07 16:40:55,562] INFO in _internal: 127.0.0.1 - - [07/Feb/2024 16:40:55] "GET /static/js/escortv2.js HTTP/1.1" 200 -
[2024-02-07 16:40:55,604] INFO in _internal: 127.0.0.1 - - [07/Feb/2024 16:40:55] "[36mGET /static/img/1.jpg HTTP/1.1[0m" 304 -
[2024-02-07 16:40:55,608] INFO in _internal: 127.0.0.1 - - [07/Feb/2024 16:40:55] "[36mGET /static/img/2.jpg HTTP/1.1[0m" 304 -
[2024-02-07 16:40:55,608] INFO in _internal: 127.0.0.1 - - [07/Feb/2024 16:40:55] "[36mGET /static/img/3.jpg HTTP/1.1[0m" 304 -
[2024-02-07 16:40:55,609] INFO in _internal: 127.0.0.1 - - [07/Feb/2024 16:40:55] "[36mGET /static/img/4.jpg HTTP/1.1[0m" 304 -
[2024-02-07 16:40:55,623] INFO in _internal: 127.0.0.1 - - [07/Feb/2024 16:40:55] "[36mGET /static/img/20.jpg HTTP/1.1[0m" 304 -
[2024-02-07 16:40:55,623] INFO in _internal: 127.0.0.1 - - [07/Feb/2024 16:40:55] "[36mGET /static/img/19.jpg HTTP/1.1[0m" 304 -
[2024-02-07 16:40:55,642] INFO in _internal: 127.0.0.1 - - [07/Feb/2024 16:40:55] "[36mGET /static/img/21.jpg HTTP/1.1[0m" 304 -
[2024-02-07 16:40:55,657] INFO in _internal: 127.0.0.1 - - [07/Feb/2024 16:40:55] "[36mGET /static/img/22.jpg HTTP/1.1[0m" 304 -
[2024-02-07 16:40:55,661] INFO in _internal: 127.0.0.1 - - [07/Feb/2024 16:40:55] "[36mGET /static/img/23.jpg HTTP/1.1[0m" 304 -
[2024-02-07 16:42:17,304] INFO in _internal: 127.0.0.1 - - [07/Feb/2024 16:42:17] "GET /escortv2 HTTP/1.1" 200 -
[2024-02-07 16:42:17,336] INFO in _internal: 127.0.0.1 - - [07/Feb/2024 16:42:17] "[36mGET /static/css/escortv2.css HTTP/1.1[0m" 304 -
[2024-02-07 16:42:17,338] INFO in _internal: 127.0.0.1 - - [07/Feb/2024 16:42:17] "[36mGET /static/img/logo.png HTTP/1.1[0m" 304 -
[2024-02-07 16:42:17,341] INFO in _internal: 127.0.0.1 - - [07/Feb/2024 16:42:17] "[36mGET /static/js/escortv2.js HTTP/1.1[0m" 304 -
[2024-02-07 16:42:17,380] INFO in _internal: 127.0.0.1 - - [07/Feb/2024 16:42:17] "[36mGET /static/img/2.jpg HTTP/1.1[0m" 304 -
[2024-02-07 16:42:17,382] INFO in _internal: 127.0.0.1 - - [07/Feb/2024 16:42:17] "[36mGET /static/img/1.jpg HTTP/1.1[0m" 304 -
[2024-02-07 16:42:17,409] INFO in _internal: 127.0.0.1 - - [07/Feb/2024 16:42:17] "[36mGET /static/img/4.jpg HTTP/1.1[0m" 304 -
[2024-02-07 16:42:17,414] INFO in _internal: 127.0.0.1 - - [07/Feb/2024 16:42:17] "[36mGET /static/img/3.jpg HTTP/1.1[0m" 304 -
[2024-02-07 16:42:17,415] INFO in _internal: 127.0.0.1 - - [07/Feb/2024 16:42:17] "[36mGET /static/img/20.jpg HTTP/1.1[0m" 304 -
[2024-02-07 16:42:17,418] INFO in _internal: 127.0.0.1 - - [07/Feb/2024 16:42:17] "[36mGET /static/img/19.jpg HTTP/1.1[0m" 304 -
[2024-02-07 16:42:17,429] INFO in _internal: 127.0.0.1 - - [07/Feb/2024 16:42:17] "[36mGET /static/img/21.jpg HTTP/1.1[0m" 304 -
[2024-02-07 16:42:17,437] INFO in _internal: 127.0.0.1 - - [07/Feb/2024 16:42:17] "[36mGET /static/img/22.jpg HTTP/1.1[0m" 304 -
[2024-02-07 16:42:17,445] INFO in _internal: 127.0.0.1 - - [07/Feb/2024 16:42:17] "[36mGET /static/img/23.jpg HTTP/1.1[0m" 304 -
[2024-02-07 16:43:54,455] INFO in _internal: 127.0.0.1 - - [07/Feb/2024 16:43:54] "GET /escortv2 HTTP/1.1" 200 -
[2024-02-07 16:43:54,486] INFO in _internal: 127.0.0.1 - - [07/Feb/2024 16:43:54] "[36mGET /static/img/logo.png HTTP/1.1[0m" 304 -
[2024-02-07 16:43:54,487] INFO in _internal: 127.0.0.1 - - [07/Feb/2024 16:43:54] "GET /static/css/escortv2.css HTTP/1.1" 200 -
[2024-02-07 16:43:54,487] INFO in _internal: 127.0.0.1 - - [07/Feb/2024 16:43:54] "[36mGET /static/js/escortv2.js HTTP/1.1[0m" 304 -
[2024-02-07 16:43:54,533] INFO in _internal: 127.0.0.1 - - [07/Feb/2024 16:43:54] "[36mGET /static/img/1.jpg HTTP/1.1[0m" 304 -
[2024-02-07 16:43:54,534] INFO in _internal: 127.0.0.1 - - [07/Feb/2024 16:43:54] "[36mGET /static/img/2.jpg HTTP/1.1[0m" 304 -
[2024-02-07 16:43:54,535] INFO in _internal: 127.0.0.1 - - [07/Feb/2024 16:43:54] "[36mGET /static/img/3.jpg HTTP/1.1[0m" 304 -
[2024-02-07 16:43:54,536] INFO in _internal: 127.0.0.1 - - [07/Feb/2024 16:43:54] "[36mGET /static/img/4.jpg HTTP/1.1[0m" 304 -
[2024-02-07 16:43:54,544] INFO in _internal: 127.0.0.1 - - [07/Feb/2024 16:43:54] "[36mGET /static/img/19.jpg HTTP/1.1[0m" 304 -
[2024-02-07 16:43:54,552] INFO in _internal: 127.0.0.1 - - [07/Feb/2024 16:43:54] "[36mGET /static/img/20.jpg HTTP/1.1[0m" 304 -
[2024-02-07 16:43:54,574] INFO in _internal: 127.0.0.1 - - [07/Feb/2024 16:43:54] "[36mGET /static/img/21.jpg HTTP/1.1[0m" 304 -
[2024-02-07 16:43:54,576] INFO in _internal: 127.0.0.1 - - [07/Feb/2024 16:43:54] "[36mGET /static/img/22.jpg HTTP/1.1[0m" 304 -
[2024-02-07 16:43:54,577] INFO in _internal: 127.0.0.1 - - [07/Feb/2024 16:43:54] "[36mGET /static/img/23.jpg HTTP/1.1[0m" 304 -
[2024-02-07 16:44:32,523] INFO in _internal: 127.0.0.1 - - [07/Feb/2024 16:44:32] "GET /escortv2 HTTP/1.1" 200 -
[2024-02-07 16:44:32,552] INFO in _internal: 127.0.0.1 - - [07/Feb/2024 16:44:32] "GET /static/css/escortv2.css HTTP/1.1" 200 -
[2024-02-07 16:44:32,553] INFO in _internal: 127.0.0.1 - - [07/Feb/2024 16:44:32] "[36mGET /static/img/logo.png HTTP/1.1[0m" 304 -
[2024-02-07 16:44:32,555] INFO in _internal: 127.0.0.1 - - [07/Feb/2024 16:44:32] "[36mGET /static/js/escortv2.js HTTP/1.1[0m" 304 -
[2024-02-07 16:44:32,606] INFO in _internal: 127.0.0.1 - - [07/Feb/2024 16:44:32] "[36mGET /static/img/1.jpg HTTP/1.1[0m" 304 -
[2024-02-07 16:44:32,614] INFO in _internal: 127.0.0.1 - - [07/Feb/2024 16:44:32] "[36mGET /static/img/2.jpg HTTP/1.1[0m" 304 -
[2024-02-07 16:44:32,614] INFO in _internal: 127.0.0.1 - - [07/Feb/2024 16:44:32] "[36mGET /static/img/4.jpg HTTP/1.1[0m" 304 -
[2024-02-07 16:44:32,616] INFO in _internal: 127.0.0.1 - - [07/Feb/2024 16:44:32] "[36mGET /static/img/3.jpg HTTP/1.1[0m" 304 -
[2024-02-07 16:44:32,632] INFO in _internal: 127.0.0.1 - - [07/Feb/2024 16:44:32] "[36mGET /static/img/19.jpg HTTP/1.1[0m" 304 -
[2024-02-07 16:44:32,655] INFO in _internal: 127.0.0.1 - - [07/Feb/2024 16:44:32] "[36mGET /static/img/20.jpg HTTP/1.1[0m" 304 -
[2024-02-07 16:44:32,657] INFO in _internal: 127.0.0.1 - - [07/Feb/2024 16:44:32] "[36mGET /static/img/22.jpg HTTP/1.1[0m" 304 -
[2024-02-07 16:44:32,658] INFO in _internal: 127.0.0.1 - - [07/Feb/2024 16:44:32] "[36mGET /static/img/21.jpg HTTP/1.1[0m" 304 -
[2024-02-07 16:44:32,660] INFO in _internal: 127.0.0.1 - - [07/Feb/2024 16:44:32] "[36mGET /static/img/23.jpg HTTP/1.1[0m" 304 -
[2024-02-07 16:44:40,848] INFO in _internal: 127.0.0.1 - - [07/Feb/2024 16:44:40] "[36mGET /static/css/escortv2.css HTTP/1.1[0m" 304 -
[2024-02-07 16:45:55,902] INFO in _internal: 127.0.0.1 - - [07/Feb/2024 16:45:55] "GET /escortv2 HTTP/1.1" 200 -
[2024-02-07 16:45:55,933] INFO in _internal: 127.0.0.1 - - [07/Feb/2024 16:45:55] "GET /static/css/escortv2.css HTTP/1.1" 200 -
[2024-02-07 16:45:55,934] INFO in _internal: 127.0.0.1 - - [07/Feb/2024 16:45:55] "[36mGET /static/img/logo.png HTTP/1.1[0m" 304 -
[2024-02-07 16:45:55,935] INFO in _internal: 127.0.0.1 - - [07/Feb/2024 16:45:55] "[36mGET /static/js/escortv2.js HTTP/1.1[0m" 304 -
[2024-02-07 16:45:56,003] INFO in _internal: 127.0.0.1 - - [07/Feb/2024 16:45:56] "[36mGET /static/img/1.jpg HTTP/1.1[0m" 304 -
[2024-02-07 16:45:56,005] INFO in _internal: 127.0.0.1 - - [07/Feb/2024 16:45:56] "[36mGET /static/img/2.jpg HTTP/1.1[0m" 304 -
[2024-02-07 16:45:56,021] INFO in _internal: 127.0.0.1 - - [07/Feb/2024 16:45:56] "[36mGET /static/img/3.jpg HTTP/1.1[0m" 304 -
[2024-02-07 16:45:56,035] INFO in _internal: 127.0.0.1 - - [07/Feb/2024 16:45:56] "[36mGET /static/img/4.jpg HTTP/1.1[0m" 304 -
[2024-02-07 16:45:56,053] INFO in _internal: 127.0.0.1 - - [07/Feb/2024 16:45:56] "[36mGET /static/img/19.jpg HTTP/1.1[0m" 304 -
[2024-02-07 16:45:56,054] INFO in _internal: 127.0.0.1 - - [07/Feb/2024 16:45:56] "[36mGET /static/img/20.jpg HTTP/1.1[0m" 304 -
[2024-02-07 16:45:56,058] INFO in _internal: 127.0.0.1 - - [07/Feb/2024 16:45:56] "[36mGET /static/img/21.jpg HTTP/1.1[0m" 304 -
[2024-02-07 16:45:56,059] INFO in _internal: 127.0.0.1 - - [07/Feb/2024 16:45:56] "[36mGET /static/img/22.jpg HTTP/1.1[0m" 304 -
[2024-02-07 16:45:56,063] INFO in _internal: 127.0.0.1 - - [07/Feb/2024 16:45:56] "[36mGET /static/img/23.jpg HTTP/1.1[0m" 304 -
[2024-02-07 16:46:05,359] INFO in _internal: 127.0.0.1 - - [07/Feb/2024 16:46:05] "GET /escortv2 HTTP/1.1" 200 -
[2024-02-07 16:46:05,383] INFO in _internal: 127.0.0.1 - - [07/Feb/2024 16:46:05] "[36mGET /static/img/logo.png HTTP/1.1[0m" 304 -
[2024-02-07 16:46:05,384] INFO in _internal: 127.0.0.1 - - [07/Feb/2024 16:46:05] "GET /static/css/escortv2.css HTTP/1.1" 200 -
[2024-02-07 16:46:05,385] INFO in _internal: 127.0.0.1 - - [07/Feb/2024 16:46:05] "[36mGET /static/js/escortv2.js HTTP/1.1[0m" 304 -
[2024-02-07 16:46:05,414] INFO in _internal: 127.0.0.1 - - [07/Feb/2024 16:46:05] "[36mGET /static/img/1.jpg HTTP/1.1[0m" 304 -
[2024-02-07 16:46:05,415] INFO in _internal: 127.0.0.1 - - [07/Feb/2024 16:46:05] "[36mGET /static/img/3.jpg HTTP/1.1[0m" 304 -
[2024-02-07 16:46:05,416] INFO in _internal: 127.0.0.1 - - [07/Feb/2024 16:46:05] "[36mGET /static/img/2.jpg HTTP/1.1[0m" 304 -
[2024-02-07 16:46:05,431] INFO in _internal: 127.0.0.1 - - [07/Feb/2024 16:46:05] "[36mGET /static/img/4.jpg HTTP/1.1[0m" 304 -
[2024-02-07 16:46:05,442] INFO in _internal: 127.0.0.1 - - [07/Feb/2024 16:46:05] "[36mGET /static/img/19.jpg HTTP/1.1[0m" 304 -
[2024-02-07 16:46:05,446] INFO in _internal: 127.0.0.1 - - [07/Feb/2024 16:46:05] "[36mGET /static/img/20.jpg HTTP/1.1[0m" 304 -
[2024-02-07 16:46:05,449] INFO in _internal: 127.0.0.1 - - [07/Feb/2024 16:46:05] "[36mGET /static/img/21.jpg HTTP/1.1[0m" 304 -
[2024-02-07 16:46:05,451] INFO in _internal: 127.0.0.1 - - [07/Feb/2024 16:46:05] "[36mGET /static/img/22.jpg HTTP/1.1[0m" 304 -
[2024-02-07 16:46:05,454] INFO in _internal: 127.0.0.1 - - [07/Feb/2024 16:46:05] "[36mGET /static/img/23.jpg HTTP/1.1[0m" 304 -
[2024-02-07 16:46:36,000] INFO in _internal: 127.0.0.1 - - [07/Feb/2024 16:46:36] "GET /escortv2 HTTP/1.1" 200 -
[2024-02-07 16:46:36,033] INFO in _internal: 127.0.0.1 - - [07/Feb/2024 16:46:36] "GET /static/css/escortv2.css HTTP/1.1" 200 -
[2024-02-07 16:46:36,034] INFO in _internal: 127.0.0.1 - - [07/Feb/2024 16:46:36] "[36mGET /static/img/logo.png HTTP/1.1[0m" 304 -
[2024-02-07 16:46:36,035] INFO in _internal: 127.0.0.1 - - [07/Feb/2024 16:46:36] "[36mGET /static/js/escortv2.js HTTP/1.1[0m" 304 -
[2024-02-07 16:46:36,082] INFO in _internal: 127.0.0.1 - - [07/Feb/2024 16:46:36] "[36mGET /static/img/1.jpg HTTP/1.1[0m" 304 -
[2024-02-07 16:46:36,084] INFO in _internal: 127.0.0.1 - - [07/Feb/2024 16:46:36] "[36mGET /static/img/2.jpg HTTP/1.1[0m" 304 -
[2024-02-07 16:46:36,101] INFO in _internal: 127.0.0.1 - - [07/Feb/2024 16:46:36] "[36mGET /static/img/3.jpg HTTP/1.1[0m" 304 -
[2024-02-07 16:46:36,107] INFO in _internal: 127.0.0.1 - - [07/Feb/2024 16:46:36] "[36mGET /static/img/19.jpg HTTP/1.1[0m" 304 -
[2024-02-07 16:46:36,115] INFO in _internal: 127.0.0.1 - - [07/Feb/2024 16:46:36] "[36mGET /static/img/4.jpg HTTP/1.1[0m" 304 -
[2024-02-07 16:46:36,123] INFO in _internal: 127.0.0.1 - - [07/Feb/2024 16:46:36] "[36mGET /static/img/20.jpg HTTP/1.1[0m" 304 -
[2024-02-07 16:46:36,127] INFO in _internal: 127.0.0.1 - - [07/Feb/2024 16:46:36] "[36mGET /static/img/21.jpg HTTP/1.1[0m" 304 -
[2024-02-07 16:46:36,130] INFO in _internal: 127.0.0.1 - - [07/Feb/2024 16:46:36] "[36mGET /static/img/22.jpg HTTP/1.1[0m" 304 -
[2024-02-07 16:46:36,134] INFO in _internal: 127.0.0.1 - - [07/Feb/2024 16:46:36] "[36mGET /static/img/23.jpg HTTP/1.1[0m" 304 -
[2024-02-07 16:47:14,521] INFO in _internal: 127.0.0.1 - - [07/Feb/2024 16:47:14] "GET /escortv2 HTTP/1.1" 200 -
[2024-02-07 16:47:14,550] INFO in _internal: 127.0.0.1 - - [07/Feb/2024 16:47:14] "GET /static/css/escortv2.css HTTP/1.1" 200 -
[2024-02-07 16:47:14,552] INFO in _internal: 127.0.0.1 - - [07/Feb/2024 16:47:14] "[36mGET /static/js/escortv2.js HTTP/1.1[0m" 304 -
[2024-02-07 16:47:14,553] INFO in _internal: 127.0.0.1 - - [07/Feb/2024 16:47:14] "[36mGET /static/img/logo.png HTTP/1.1[0m" 304 -
[2024-02-07 16:47:14,606] INFO in _internal: 127.0.0.1 - - [07/Feb/2024 16:47:14] "[36mGET /static/img/1.jpg HTTP/1.1[0m" 304 -
[2024-02-07 16:47:14,620] INFO in _internal: 127.0.0.1 - - [07/Feb/2024 16:47:14] "[36mGET /static/img/2.jpg HTTP/1.1[0m" 304 -
[2024-02-07 16:47:14,626] INFO in _internal: 127.0.0.1 - - [07/Feb/2024 16:47:14] "[36mGET /static/img/4.jpg HTTP/1.1[0m" 304 -
[2024-02-07 16:47:14,627] INFO in _internal: 127.0.0.1 - - [07/Feb/2024 16:47:14] "[36mGET /static/img/3.jpg HTTP/1.1[0m" 304 -
[2024-02-07 16:47:14,638] INFO in _internal: 127.0.0.1 - - [07/Feb/2024 16:47:14] "[36mGET /static/img/19.jpg HTTP/1.1[0m" 304 -
[2024-02-07 16:47:14,640] INFO in _internal: 127.0.0.1 - - [07/Feb/2024 16:47:14] "[36mGET /static/img/20.jpg HTTP/1.1[0m" 304 -
[2024-02-07 16:47:14,644] INFO in _internal: 127.0.0.1 - - [07/Feb/2024 16:47:14] "[36mGET /static/img/21.jpg HTTP/1.1[0m" 304 -
[2024-02-07 16:47:14,647] INFO in _internal: 127.0.0.1 - - [07/Feb/2024 16:47:14] "[36mGET /static/img/22.jpg HTTP/1.1[0m" 304 -
[2024-02-07 16:47:14,667] INFO in _internal: 127.0.0.1 - - [07/Feb/2024 16:47:14] "[36mGET /static/img/23.jpg HTTP/1.1[0m" 304 -
[2024-02-07 16:49:08,883] INFO in _internal: 127.0.0.1 - - [07/Feb/2024 16:49:08] "GET /escortv2 HTTP/1.1" 200 -
[2024-02-07 16:49:08,911] INFO in _internal: 127.0.0.1 - - [07/Feb/2024 16:49:08] "GET /static/css/escortv2.css HTTP/1.1" 200 -
[2024-02-07 16:49:08,912] INFO in _internal: 127.0.0.1 - - [07/Feb/2024 16:49:08] "[36mGET /static/img/logo.png HTTP/1.1[0m" 304 -
[2024-02-07 16:49:08,913] INFO in _internal: 127.0.0.1 - - [07/Feb/2024 16:49:08] "[36mGET /static/js/escortv2.js HTTP/1.1[0m" 304 -
[2024-02-07 16:49:08,947] INFO in _internal: 127.0.0.1 - - [07/Feb/2024 16:49:08] "[36mGET /static/img/1.jpg HTTP/1.1[0m" 304 -
[2024-02-07 16:49:08,949] INFO in _internal: 127.0.0.1 - - [07/Feb/2024 16:49:08] "[36mGET /static/img/2.jpg HTTP/1.1[0m" 304 -
[2024-02-07 16:49:08,959] INFO in _internal: 127.0.0.1 - - [07/Feb/2024 16:49:08] "[36mGET /static/img/3.jpg HTTP/1.1[0m" 304 -
[2024-02-07 16:49:08,966] INFO in _internal: 127.0.0.1 - - [07/Feb/2024 16:49:08] "[36mGET /static/img/4.jpg HTTP/1.1[0m" 304 -
[2024-02-07 16:49:08,976] INFO in _internal: 127.0.0.1 - - [07/Feb/2024 16:49:08] "[36mGET /static/img/19.jpg HTTP/1.1[0m" 304 -
[2024-02-07 16:49:08,977] INFO in _internal: 127.0.0.1 - - [07/Feb/2024 16:49:08] "[36mGET /static/img/20.jpg HTTP/1.1[0m" 304 -
[2024-02-07 16:49:08,983] INFO in _internal: 127.0.0.1 - - [07/Feb/2024 16:49:08] "[36mGET /static/img/21.jpg HTTP/1.1[0m" 304 -
[2024-02-07 16:49:08,988] INFO in _internal: 127.0.0.1 - - [07/Feb/2024 16:49:08] "[36mGET /static/img/22.jpg HTTP/1.1[0m" 304 -
[2024-02-07 16:49:08,995] INFO in _internal: 127.0.0.1 - - [07/Feb/2024 16:49:08] "[36mGET /static/img/23.jpg HTTP/1.1[0m" 304 -
[2024-02-07 16:49:14,514] INFO in _internal: 127.0.0.1 - - [07/Feb/2024 16:49:14] "GET /escortv2 HTTP/1.1" 200 -
[2024-02-07 16:49:14,535] INFO in _internal: 127.0.0.1 - - [07/Feb/2024 16:49:14] "GET /static/css/escortv2.css HTTP/1.1" 200 -
[2024-02-07 16:49:14,536] INFO in _internal: 127.0.0.1 - - [07/Feb/2024 16:49:14] "[36mGET /static/img/logo.png HTTP/1.1[0m" 304 -
[2024-02-07 16:49:14,536] INFO in _internal: 127.0.0.1 - - [07/Feb/2024 16:49:14] "[36mGET /static/js/escortv2.js HTTP/1.1[0m" 304 -
[2024-02-07 16:49:14,576] INFO in _internal: 127.0.0.1 - - [07/Feb/2024 16:49:14] "[36mGET /static/img/2.jpg HTTP/1.1[0m" 304 -
[2024-02-07 16:49:14,579] INFO in _internal: 127.0.0.1 - - [07/Feb/2024 16:49:14] "[36mGET /static/img/1.jpg HTTP/1.1[0m" 304 -
[2024-02-07 16:49:14,580] INFO in _internal: 127.0.0.1 - - [07/Feb/2024 16:49:14] "[36mGET /static/img/3.jpg HTTP/1.1[0m" 304 -
[2024-02-07 16:49:14,582] INFO in _internal: 127.0.0.1 - - [07/Feb/2024 16:49:14] "[36mGET /static/img/4.jpg HTTP/1.1[0m" 304 -
[2024-02-07 16:49:14,586] INFO in _internal: 127.0.0.1 - - [07/Feb/2024 16:49:14] "[36mGET /static/img/19.jpg HTTP/1.1[0m" 304 -
[2024-02-07 16:49:14,596] INFO in _internal: 127.0.0.1 - - [07/Feb/2024 16:49:14] "[36mGET /static/img/21.jpg HTTP/1.1[0m" 304 -
[2024-02-07 16:49:14,598] INFO in _internal: 127.0.0.1 - - [07/Feb/2024 16:49:14] "[36mGET /static/img/20.jpg HTTP/1.1[0m" 304 -
[2024-02-07 16:49:14,609] INFO in _internal: 127.0.0.1 - - [07/Feb/2024 16:49:14] "[36mGET /static/img/23.jpg HTTP/1.1[0m" 304 -
[2024-02-07 16:49:14,611] INFO in _internal: 127.0.0.1 - - [07/Feb/2024 16:49:14] "[36mGET /static/img/22.jpg HTTP/1.1[0m" 304 -
[2024-02-07 17:05:09,227] INFO in _internal: 127.0.0.1 - - [07/Feb/2024 17:05:09] "GET /escortv2 HTTP/1.1" 200 -
[2024-02-07 17:05:09,254] INFO in _internal: 127.0.0.1 - - [07/Feb/2024 17:05:09] "GET /static/css/escortv2.css HTTP/1.1" 200 -
[2024-02-07 17:05:09,255] INFO in _internal: 127.0.0.1 - - [07/Feb/2024 17:05:09] "[36mGET /static/img/logo.png HTTP/1.1[0m" 304 -
[2024-02-07 17:05:09,256] INFO in _internal: 127.0.0.1 - - [07/Feb/2024 17:05:09] "GET /static/js/escortv2.js HTTP/1.1" 200 -
[2024-02-07 17:05:09,434] INFO in _internal: 127.0.0.1 - - [07/Feb/2024 17:05:09] "[36mGET /static/img/1.jpg HTTP/1.1[0m" 304 -
[2024-02-07 17:05:09,435] INFO in _internal: 127.0.0.1 - - [07/Feb/2024 17:05:09] "[36mGET /static/img/2.jpg HTTP/1.1[0m" 304 -
[2024-02-07 17:05:09,436] INFO in _internal: 127.0.0.1 - - [07/Feb/2024 17:05:09] "[36mGET /static/img/3.jpg HTTP/1.1[0m" 304 -
[2024-02-07 17:05:09,453] INFO in _internal: 127.0.0.1 - - [07/Feb/2024 17:05:09] "[36mGET /static/img/4.jpg HTTP/1.1[0m" 304 -
[2024-02-07 17:05:09,459] INFO in _internal: 127.0.0.1 - - [07/Feb/2024 17:05:09] "[36mGET /static/img/19.jpg HTTP/1.1[0m" 304 -
[2024-02-07 17:05:09,470] INFO in _internal: 127.0.0.1 - - [07/Feb/2024 17:05:09] "[36mGET /static/img/21.jpg HTTP/1.1[0m" 304 -
[2024-02-07 17:05:09,471] INFO in _internal: 127.0.0.1 - - [07/Feb/2024 17:05:09] "[36mGET /static/img/20.jpg HTTP/1.1[0m" 304 -
[2024-02-07 17:05:09,479] INFO in _internal: 127.0.0.1 - - [07/Feb/2024 17:05:09] "[36mGET /static/img/22.jpg HTTP/1.1[0m" 304 -
[2024-02-07 17:05:09,479] INFO in _internal: 127.0.0.1 - - [07/Feb/2024 17:05:09] "[36mGET /static/img/23.jpg HTTP/1.1[0m" 304 -
[2024-02-07 17:05:58,456] INFO in _internal: 127.0.0.1 - - [07/Feb/2024 17:05:58] "GET /escortv2 HTTP/1.1" 200 -
[2024-02-07 17:05:58,480] INFO in _internal: 127.0.0.1 - - [07/Feb/2024 17:05:58] "GET /static/css/escortv2.css HTTP/1.1" 200 -
[2024-02-07 17:05:58,480] INFO in _internal: 127.0.0.1 - - [07/Feb/2024 17:05:58] "[36mGET /static/img/logo.png HTTP/1.1[0m" 304 -
[2024-02-07 17:05:58,481] INFO in _internal: 127.0.0.1 - - [07/Feb/2024 17:05:58] "GET /static/js/escortv2.js HTTP/1.1" 200 -
[2024-02-07 17:05:58,574] INFO in _internal: 127.0.0.1 - - [07/Feb/2024 17:05:58] "[36mGET /static/img/1.jpg HTTP/1.1[0m" 304 -
[2024-02-07 17:05:58,575] INFO in _internal: 127.0.0.1 - - [07/Feb/2024 17:05:58] "[36mGET /static/img/2.jpg HTTP/1.1[0m" 304 -
[2024-02-07 17:05:58,598] INFO in _internal: 127.0.0.1 - - [07/Feb/2024 17:05:58] "[36mGET /static/img/4.jpg HTTP/1.1[0m" 304 -
[2024-02-07 17:05:58,599] INFO in _internal: 127.0.0.1 - - [07/Feb/2024 17:05:58] "[36mGET /static/img/3.jpg HTTP/1.1[0m" 304 -
[2024-02-07 17:05:58,601] INFO in _internal: 127.0.0.1 - - [07/Feb/2024 17:05:58] "[36mGET /static/img/20.jpg HTTP/1.1[0m" 304 -
[2024-02-07 17:05:58,603] INFO in _internal: 127.0.0.1 - - [07/Feb/2024 17:05:58] "[36mGET /static/img/19.jpg HTTP/1.1[0m" 304 -
[2024-02-07 17:05:58,605] INFO in _internal: 127.0.0.1 - - [07/Feb/2024 17:05:58] "[36mGET /static/img/21.jpg HTTP/1.1[0m" 304 -
[2024-02-07 17:05:58,607] INFO in _internal: 127.0.0.1 - - [07/Feb/2024 17:05:58] "[36mGET /static/img/22.jpg HTTP/1.1[0m" 304 -
[2024-02-07 17:05:58,628] INFO in _internal: 127.0.0.1 - - [07/Feb/2024 17:05:58] "[36mGET /static/img/23.jpg HTTP/1.1[0m" 304 -
[2024-02-07 17:06:12,410] INFO in _internal: 127.0.0.1 - - [07/Feb/2024 17:06:12] "GET /escortv2 HTTP/1.1" 200 -
[2024-02-07 17:06:12,431] INFO in _internal: 127.0.0.1 - - [07/Feb/2024 17:06:12] "[36mGET /static/img/logo.png HTTP/1.1[0m" 304 -
[2024-02-07 17:06:12,432] INFO in _internal: 127.0.0.1 - - [07/Feb/2024 17:06:12] "GET /static/css/escortv2.css HTTP/1.1" 200 -
[2024-02-07 17:06:12,433] INFO in _internal: 127.0.0.1 - - [07/Feb/2024 17:06:12] "[36mGET /static/js/escortv2.js HTTP/1.1[0m" 304 -
[2024-02-07 17:06:12,471] INFO in _internal: 127.0.0.1 - - [07/Feb/2024 17:06:12] "[36mGET /static/img/1.jpg HTTP/1.1[0m" 304 -
[2024-02-07 17:06:12,480] INFO in _internal: 127.0.0.1 - - [07/Feb/2024 17:06:12] "[36mGET /static/img/3.jpg HTTP/1.1[0m" 304 -
[2024-02-07 17:06:12,480] INFO in _internal: 127.0.0.1 - - [07/Feb/2024 17:06:12] "[36mGET /static/img/2.jpg HTTP/1.1[0m" 304 -
[2024-02-07 17:06:12,492] INFO in _internal: 127.0.0.1 - - [07/Feb/2024 17:06:12] "[36mGET /static/img/4.jpg HTTP/1.1[0m" 304 -
[2024-02-07 17:06:12,495] INFO in _internal: 127.0.0.1 - - [07/Feb/2024 17:06:12] "[36mGET /static/img/20.jpg HTTP/1.1[0m" 304 -
[2024-02-07 17:06:12,500] INFO in _internal: 127.0.0.1 - - [07/Feb/2024 17:06:12] "[36mGET /static/img/19.jpg HTTP/1.1[0m" 304 -
[2024-02-07 17:06:12,508] INFO in _internal: 127.0.0.1 - - [07/Feb/2024 17:06:12] "[36mGET /static/img/21.jpg HTTP/1.1[0m" 304 -
[2024-02-07 17:06:12,521] INFO in _internal: 127.0.0.1 - - [07/Feb/2024 17:06:12] "[36mGET /static/img/23.jpg HTTP/1.1[0m" 304 -
[2024-02-07 17:06:12,527] INFO in _internal: 127.0.0.1 - - [07/Feb/2024 17:06:12] "[36mGET /static/img/22.jpg HTTP/1.1[0m" 304 -
[2024-02-07 17:06:35,755] INFO in _internal: 127.0.0.1 - - [07/Feb/2024 17:06:35] "GET /escortv2 HTTP/1.1" 200 -
[2024-02-07 17:06:35,787] INFO in _internal: 127.0.0.1 - - [07/Feb/2024 17:06:35] "GET /static/css/escortv2.css HTTP/1.1" 200 -
[2024-02-07 17:06:35,788] INFO in _internal: 127.0.0.1 - - [07/Feb/2024 17:06:35] "[36mGET /static/img/logo.png HTTP/1.1[0m" 304 -
[2024-02-07 17:06:35,788] INFO in _internal: 127.0.0.1 - - [07/Feb/2024 17:06:35] "GET /static/js/escortv2.js HTTP/1.1" 200 -
[2024-02-07 17:06:35,836] INFO in _internal: 127.0.0.1 - - [07/Feb/2024 17:06:35] "[36mGET /static/img/1.jpg HTTP/1.1[0m" 304 -
[2024-02-07 17:06:35,837] INFO in _internal: 127.0.0.1 - - [07/Feb/2024 17:06:35] "[36mGET /static/img/2.jpg HTTP/1.1[0m" 304 -
[2024-02-07 17:06:35,839] INFO in _internal: 127.0.0.1 - - [07/Feb/2024 17:06:35] "[36mGET /static/img/3.jpg HTTP/1.1[0m" 304 -
[2024-02-07 17:06:35,841] INFO in _internal: 127.0.0.1 - - [07/Feb/2024 17:06:35] "[36mGET /static/img/4.jpg HTTP/1.1[0m" 304 -
[2024-02-07 17:06:35,845] INFO in _internal: 127.0.0.1 - - [07/Feb/2024 17:06:35] "[36mGET /static/img/20.jpg HTTP/1.1[0m" 304 -
[2024-02-07 17:06:35,851] INFO in _internal: 127.0.0.1 - - [07/Feb/2024 17:06:35] "[36mGET /static/img/19.jpg HTTP/1.1[0m" 304 -
[2024-02-07 17:06:35,865] INFO in _internal: 127.0.0.1 - - [07/Feb/2024 17:06:35] "[36mGET /static/img/21.jpg HTTP/1.1[0m" 304 -
[2024-02-07 17:06:35,866] INFO in _internal: 127.0.0.1 - - [07/Feb/2024 17:06:35] "[36mGET /static/img/22.jpg HTTP/1.1[0m" 304 -
[2024-02-07 17:06:35,872] INFO in _internal: 127.0.0.1 - - [07/Feb/2024 17:06:35] "[36mGET /static/img/23.jpg HTTP/1.1[0m" 304 -
[2024-02-07 17:10:52,144] INFO in _internal: 127.0.0.1 - - [07/Feb/2024 17:10:52] "GET /escortv2 HTTP/1.1" 200 -
[2024-02-07 17:10:52,169] INFO in _internal: 127.0.0.1 - - [07/Feb/2024 17:10:52] "GET /static/css/escortv2.css HTTP/1.1" 200 -
[2024-02-07 17:10:52,172] INFO in _internal: 127.0.0.1 - - [07/Feb/2024 17:10:52] "[36mGET /static/img/logo.png HTTP/1.1[0m" 304 -
[2024-02-07 17:10:52,175] INFO in _internal: 127.0.0.1 - - [07/Feb/2024 17:10:52] "GET /static/js/escortv2.js HTTP/1.1" 200 -
[2024-02-07 17:10:52,217] INFO in _internal: 127.0.0.1 - - [07/Feb/2024 17:10:52] "[36mGET /static/img/1.jpg HTTP/1.1[0m" 304 -
[2024-02-07 17:10:52,220] INFO in _internal: 127.0.0.1 - - [07/Feb/2024 17:10:52] "[36mGET /static/img/2.jpg HTTP/1.1[0m" 304 -
[2024-02-07 17:10:52,226] INFO in _internal: 127.0.0.1 - - [07/Feb/2024 17:10:52] "[36mGET /static/img/3.jpg HTTP/1.1[0m" 304 -
[2024-02-07 17:10:52,238] INFO in _internal: 127.0.0.1 - - [07/Feb/2024 17:10:52] "[36mGET /static/img/4.jpg HTTP/1.1[0m" 304 -
[2024-02-07 17:10:52,239] INFO in _internal: 127.0.0.1 - - [07/Feb/2024 17:10:52] "[36mGET /static/img/20.jpg HTTP/1.1[0m" 304 -
[2024-02-07 17:10:52,242] INFO in _internal: 127.0.0.1 - - [07/Feb/2024 17:10:52] "[36mGET /static/img/19.jpg HTTP/1.1[0m" 304 -
[2024-02-07 17:10:52,249] INFO in _internal: 127.0.0.1 - - [07/Feb/2024 17:10:52] "[36mGET /static/img/21.jpg HTTP/1.1[0m" 304 -
[2024-02-07 17:10:52,253] INFO in _internal: 127.0.0.1 - - [07/Feb/2024 17:10:52] "[36mGET /static/img/22.jpg HTTP/1.1[0m" 304 -
[2024-02-07 17:10:52,258] INFO in _internal: 127.0.0.1 - - [07/Feb/2024 17:10:52] "[36mGET /static/img/23.jpg HTTP/1.1[0m" 304 -
[2024-02-07 17:11:04,908] INFO in _internal: 127.0.0.1 - - [07/Feb/2024 17:11:04] "GET /escortv2 HTTP/1.1" 200 -
[2024-02-07 17:11:04,934] INFO in _internal: 127.0.0.1 - - [07/Feb/2024 17:11:04] "GET /static/css/escortv2.css HTTP/1.1" 200 -
[2024-02-07 17:11:04,935] INFO in _internal: 127.0.0.1 - - [07/Feb/2024 17:11:04] "[36mGET /static/img/logo.png HTTP/1.1[0m" 304 -
[2024-02-07 17:11:04,936] INFO in _internal: 127.0.0.1 - - [07/Feb/2024 17:11:04] "[36mGET /static/js/escortv2.js HTTP/1.1[0m" 304 -
[2024-02-07 17:11:04,979] INFO in _internal: 127.0.0.1 - - [07/Feb/2024 17:11:04] "[36mGET /static/img/2.jpg HTTP/1.1[0m" 304 -
[2024-02-07 17:11:04,979] INFO in _internal: 127.0.0.1 - - [07/Feb/2024 17:11:04] "[36mGET /static/img/1.jpg HTTP/1.1[0m" 304 -
[2024-02-07 17:11:04,983] INFO in _internal: 127.0.0.1 - - [07/Feb/2024 17:11:04] "[36mGET /static/img/3.jpg HTTP/1.1[0m" 304 -
[2024-02-07 17:11:04,987] INFO in _internal: 127.0.0.1 - - [07/Feb/2024 17:11:04] "[36mGET /static/img/4.jpg HTTP/1.1[0m" 304 -
[2024-02-07 17:11:04,997] INFO in _internal: 127.0.0.1 - - [07/Feb/2024 17:11:04] "[36mGET /static/img/20.jpg HTTP/1.1[0m" 304 -
[2024-02-07 17:11:05,001] INFO in _internal: 127.0.0.1 - - [07/Feb/2024 17:11:05] "[36mGET /static/img/21.jpg HTTP/1.1[0m" 304 -
[2024-02-07 17:11:05,003] INFO in _internal: 127.0.0.1 - - [07/Feb/2024 17:11:05] "[36mGET /static/img/19.jpg HTTP/1.1[0m" 304 -
[2024-02-07 17:11:05,009] INFO in _internal: 127.0.0.1 - - [07/Feb/2024 17:11:05] "[36mGET /static/img/22.jpg HTTP/1.1[0m" 304 -
[2024-02-07 17:11:05,016] INFO in _internal: 127.0.0.1 - - [07/Feb/2024 17:11:05] "[36mGET /static/img/23.jpg HTTP/1.1[0m" 304 -
[2024-02-07 17:11:07,949] INFO in _internal: 127.0.0.1 - - [07/Feb/2024 17:11:07] "GET /escortv2 HTTP/1.1" 200 -
[2024-02-07 17:11:07,975] INFO in _internal: 127.0.0.1 - - [07/Feb/2024 17:11:07] "[36mGET /static/css/escortv2.css HTTP/1.1[0m" 304 -
[2024-02-07 17:11:07,976] INFO in _internal: 127.0.0.1 - - [07/Feb/2024 17:11:07] "[36mGET /static/img/logo.png HTTP/1.1[0m" 304 -
[2024-02-07 17:11:07,979] INFO in _internal: 127.0.0.1 - - [07/Feb/2024 17:11:07] "[36mGET /static/js/escortv2.js HTTP/1.1[0m" 304 -
[2024-02-07 17:11:08,033] INFO in _internal: 127.0.0.1 - - [07/Feb/2024 17:11:08] "[36mGET /static/img/1.jpg HTTP/1.1[0m" 304 -
[2024-02-07 17:11:08,038] INFO in _internal: 127.0.0.1 - - [07/Feb/2024 17:11:08] "[36mGET /static/img/2.jpg HTTP/1.1[0m" 304 -
[2024-02-07 17:11:08,047] INFO in _internal: 127.0.0.1 - - [07/Feb/2024 17:11:08] "[36mGET /static/img/3.jpg HTTP/1.1[0m" 304 -
[2024-02-07 17:11:08,059] INFO in _internal: 127.0.0.1 - - [07/Feb/2024 17:11:08] "[36mGET /static/img/19.jpg HTTP/1.1[0m" 304 -
[2024-02-07 17:11:08,060] INFO in _internal: 127.0.0.1 - - [07/Feb/2024 17:11:08] "[36mGET /static/img/4.jpg HTTP/1.1[0m" 304 -
[2024-02-07 17:11:08,068] INFO in _internal: 127.0.0.1 - - [07/Feb/2024 17:11:08] "[36mGET /static/img/20.jpg HTTP/1.1[0m" 304 -
[2024-02-07 17:11:08,073] INFO in _internal: 127.0.0.1 - - [07/Feb/2024 17:11:08] "[36mGET /static/img/21.jpg HTTP/1.1[0m" 304 -
[2024-02-07 17:11:08,073] INFO in _internal: 127.0.0.1 - - [07/Feb/2024 17:11:08] "[36mGET /static/img/22.jpg HTTP/1.1[0m" 304 -
[2024-02-07 17:11:08,077] INFO in _internal: 127.0.0.1 - - [07/Feb/2024 17:11:08] "[36mGET /static/img/23.jpg HTTP/1.1[0m" 304 -
[2024-02-07 17:12:50,019] INFO in _internal: 127.0.0.1 - - [07/Feb/2024 17:12:50] "GET /escortv2 HTTP/1.1" 200 -
[2024-02-07 17:12:50,045] INFO in _internal: 127.0.0.1 - - [07/Feb/2024 17:12:50] "[36mGET /static/css/escortv2.css HTTP/1.1[0m" 304 -
[2024-02-07 17:12:50,048] INFO in _internal: 127.0.0.1 - - [07/Feb/2024 17:12:50] "[36mGET /static/img/logo.png HTTP/1.1[0m" 304 -
[2024-02-07 17:12:50,050] INFO in _internal: 127.0.0.1 - - [07/Feb/2024 17:12:50] "GET /static/js/escortv2.js HTTP/1.1" 200 -
[2024-02-07 17:12:50,086] INFO in _internal: 127.0.0.1 - - [07/Feb/2024 17:12:50] "[36mGET /static/img/1.jpg HTTP/1.1[0m" 304 -
[2024-02-07 17:12:50,090] INFO in _internal: 127.0.0.1 - - [07/Feb/2024 17:12:50] "[36mGET /static/img/2.jpg HTTP/1.1[0m" 304 -
[2024-02-07 17:12:50,117] INFO in _internal: 127.0.0.1 - - [07/Feb/2024 17:12:50] "[36mGET /static/img/4.jpg HTTP/1.1[0m" 304 -
[2024-02-07 17:12:50,122] INFO in _internal: 127.0.0.1 - - [07/Feb/2024 17:12:50] "[36mGET /static/img/3.jpg HTTP/1.1[0m" 304 -
[2024-02-07 17:12:50,124] INFO in _internal: 127.0.0.1 - - [07/Feb/2024 17:12:50] "[36mGET /static/img/19.jpg HTTP/1.1[0m" 304 -
[2024-02-07 17:12:50,130] INFO in _internal: 127.0.0.1 - - [07/Feb/2024 17:12:50] "[36mGET /static/img/20.jpg HTTP/1.1[0m" 304 -
[2024-02-07 17:12:50,138] INFO in _internal: 127.0.0.1 - - [07/Feb/2024 17:12:50] "[36mGET /static/img/21.jpg HTTP/1.1[0m" 304 -
[2024-02-07 17:12:50,143] INFO in _internal: 127.0.0.1 - - [07/Feb/2024 17:12:50] "[36mGET /static/img/23.jpg HTTP/1.1[0m" 304 -
[2024-02-07 17:12:50,143] INFO in _internal: 127.0.0.1 - - [07/Feb/2024 17:12:50] "[36mGET /static/img/22.jpg HTTP/1.1[0m" 304 -
[2024-02-07 17:13:58,554] INFO in _internal: 127.0.0.1 - - [07/Feb/2024 17:13:58] "GET /escortv2 HTTP/1.1" 200 -
[2024-02-07 17:13:58,589] INFO in _internal: 127.0.0.1 - - [07/Feb/2024 17:13:58] "[36mGET /static/css/escortv2.css HTTP/1.1[0m" 304 -
[2024-02-07 17:13:58,601] INFO in _internal: 127.0.0.1 - - [07/Feb/2024 17:13:58] "[36mGET /static/img/logo.png HTTP/1.1[0m" 304 -
[2024-02-07 17:13:58,602] INFO in _internal: 127.0.0.1 - - [07/Feb/2024 17:13:58] "GET /static/js/escortv2.js HTTP/1.1" 200 -
[2024-02-07 17:13:58,658] INFO in _internal: 127.0.0.1 - - [07/Feb/2024 17:13:58] "[36mGET /static/img/1.jpg HTTP/1.1[0m" 304 -
[2024-02-07 17:13:58,659] INFO in _internal: 127.0.0.1 - - [07/Feb/2024 17:13:58] "[36mGET /static/img/2.jpg HTTP/1.1[0m" 304 -
[2024-02-07 17:13:58,699] INFO in _internal: 127.0.0.1 - - [07/Feb/2024 17:13:58] "[36mGET /static/img/3.jpg HTTP/1.1[0m" 304 -
[2024-02-07 17:13:58,707] INFO in _internal: 127.0.0.1 - - [07/Feb/2024 17:13:58] "[36mGET /static/img/4.jpg HTTP/1.1[0m" 304 -
[2024-02-07 17:13:58,725] INFO in _internal: 127.0.0.1 - - [07/Feb/2024 17:13:58] "[36mGET /static/img/19.jpg HTTP/1.1[0m" 304 -
[2024-02-07 17:13:58,729] INFO in _internal: 127.0.0.1 - - [07/Feb/2024 17:13:58] "[36mGET /static/img/20.jpg HTTP/1.1[0m" 304 -
[2024-02-07 17:13:58,735] INFO in _internal: 127.0.0.1 - - [07/Feb/2024 17:13:58] "[36mGET /static/img/22.jpg HTTP/1.1[0m" 304 -
[2024-02-07 17:13:58,752] INFO in _internal: 127.0.0.1 - - [07/Feb/2024 17:13:58] "[36mGET /static/img/21.jpg HTTP/1.1[0m" 304 -
[2024-02-07 17:13:58,754] INFO in _internal: 127.0.0.1 - - [07/Feb/2024 17:13:58] "[36mGET /static/img/23.jpg HTTP/1.1[0m" 304 -
[2024-02-07 17:14:26,751] INFO in _internal: 127.0.0.1 - - [07/Feb/2024 17:14:26] "GET /escortv2 HTTP/1.1" 200 -
[2024-02-07 17:14:26,774] INFO in _internal: 127.0.0.1 - - [07/Feb/2024 17:14:26] "[36mGET /static/img/logo.png HTTP/1.1[0m" 304 -
[2024-02-07 17:14:26,774] INFO in _internal: 127.0.0.1 - - [07/Feb/2024 17:14:26] "GET /static/css/escortv2.css HTTP/1.1" 200 -
[2024-02-07 17:14:26,776] INFO in _internal: 127.0.0.1 - - [07/Feb/2024 17:14:26] "GET /static/js/escortv2.js HTTP/1.1" 200 -
[2024-02-07 17:14:26,866] INFO in _internal: 127.0.0.1 - - [07/Feb/2024 17:14:26] "[36mGET /static/img/1.jpg HTTP/1.1[0m" 304 -
[2024-02-07 17:14:26,866] INFO in _internal: 127.0.0.1 - - [07/Feb/2024 17:14:26] "[36mGET /static/img/2.jpg HTTP/1.1[0m" 304 -
[2024-02-07 17:14:26,872] INFO in _internal: 127.0.0.1 - - [07/Feb/2024 17:14:26] "[36mGET /static/img/3.jpg HTTP/1.1[0m" 304 -
[2024-02-07 17:14:26,887] INFO in _internal: 127.0.0.1 - - [07/Feb/2024 17:14:26] "[36mGET /static/img/19.jpg HTTP/1.1[0m" 304 -
[2024-02-07 17:14:26,894] INFO in _internal: 127.0.0.1 - - [07/Feb/2024 17:14:26] "[36mGET /static/img/20.jpg HTTP/1.1[0m" 304 -
[2024-02-07 17:14:26,896] INFO in _internal: 127.0.0.1 - - [07/Feb/2024 17:14:26] "[36mGET /static/img/4.jpg HTTP/1.1[0m" 304 -
[2024-02-07 17:14:26,907] INFO in _internal: 127.0.0.1 - - [07/Feb/2024 17:14:26] "[36mGET /static/img/21.jpg HTTP/1.1[0m" 304 -
[2024-02-07 17:14:26,911] INFO in _internal: 127.0.0.1 - - [07/Feb/2024 17:14:26] "[36mGET /static/img/22.jpg HTTP/1.1[0m" 304 -
[2024-02-07 17:14:26,922] INFO in _internal: 127.0.0.1 - - [07/Feb/2024 17:14:26] "[36mGET /static/img/23.jpg HTTP/1.1[0m" 304 -
[2024-02-07 17:21:53,436] INFO in _internal: 127.0.0.1 - - [07/Feb/2024 17:21:53] "GET /escortv2 HTTP/1.1" 200 -
[2024-02-07 17:21:53,460] INFO in _internal: 127.0.0.1 - - [07/Feb/2024 17:21:53] "[36mGET /static/css/escortv2.css HTTP/1.1[0m" 304 -
[2024-02-07 17:21:53,463] INFO in _internal: 127.0.0.1 - - [07/Feb/2024 17:21:53] "GET /static/js/escortv2.js HTTP/1.1" 200 -
[2024-02-07 17:21:53,464] INFO in _internal: 127.0.0.1 - - [07/Feb/2024 17:21:53] "[36mGET /static/img/logo.png HTTP/1.1[0m" 304 -
[2024-02-07 17:21:53,568] INFO in _internal: 127.0.0.1 - - [07/Feb/2024 17:21:53] "[36mGET /static/img/2.jpg HTTP/1.1[0m" 304 -
[2024-02-07 17:21:53,572] INFO in _internal: 127.0.0.1 - - [07/Feb/2024 17:21:53] "[36mGET /static/img/3.jpg HTTP/1.1[0m" 304 -
[2024-02-07 17:21:53,573] INFO in _internal: 127.0.0.1 - - [07/Feb/2024 17:21:53] "[36mGET /static/img/1.jpg HTTP/1.1[0m" 304 -
[2024-02-07 17:21:53,579] INFO in _internal: 127.0.0.1 - - [07/Feb/2024 17:21:53] "[36mGET /static/img/4.jpg HTTP/1.1[0m" 304 -
[2024-02-07 17:21:53,587] INFO in _internal: 127.0.0.1 - - [07/Feb/2024 17:21:53] "[36mGET /static/img/19.jpg HTTP/1.1[0m" 304 -
[2024-02-07 17:21:53,594] INFO in _internal: 127.0.0.1 - - [07/Feb/2024 17:21:53] "[36mGET /static/img/20.jpg HTTP/1.1[0m" 304 -
[2024-02-07 17:21:53,610] INFO in _internal: 127.0.0.1 - - [07/Feb/2024 17:21:53] "[36mGET /static/img/21.jpg HTTP/1.1[0m" 304 -
[2024-02-07 17:21:53,610] INFO in _internal: 127.0.0.1 - - [07/Feb/2024 17:21:53] "[36mGET /static/img/22.jpg HTTP/1.1[0m" 304 -
[2024-02-07 17:21:53,616] INFO in _internal: 127.0.0.1 - - [07/Feb/2024 17:21:53] "[36mGET /static/img/23.jpg HTTP/1.1[0m" 304 -
[2024-02-07 17:24:03,555] INFO in _internal: 127.0.0.1 - - [07/Feb/2024 17:24:03] "GET /escortv2 HTTP/1.1" 200 -
[2024-02-07 17:24:03,588] INFO in _internal: 127.0.0.1 - - [07/Feb/2024 17:24:03] "[36mGET /static/img/logo.png HTTP/1.1[0m" 304 -
[2024-02-07 17:24:03,588] INFO in _internal: 127.0.0.1 - - [07/Feb/2024 17:24:03] "[36mGET /static/css/escortv2.css HTTP/1.1[0m" 304 -
[2024-02-07 17:24:03,591] INFO in _internal: 127.0.0.1 - - [07/Feb/2024 17:24:03] "GET /static/js/escortv2.js HTTP/1.1" 200 -
[2024-02-07 17:24:03,710] INFO in _internal: 127.0.0.1 - - [07/Feb/2024 17:24:03] "[36mGET /static/img/1.jpg HTTP/1.1[0m" 304 -
[2024-02-07 17:24:03,726] INFO in _internal: 127.0.0.1 - - [07/Feb/2024 17:24:03] "[36mGET /static/img/2.jpg HTTP/1.1[0m" 304 -
[2024-02-07 17:24:03,741] INFO in _internal: 127.0.0.1 - - [07/Feb/2024 17:24:03] "[36mGET /static/img/3.jpg HTTP/1.1[0m" 304 -
[2024-02-07 17:24:03,742] INFO in _internal: 127.0.0.1 - - [07/Feb/2024 17:24:03] "[36mGET /static/img/19.jpg HTTP/1.1[0m" 304 -
[2024-02-07 17:24:03,744] INFO in _internal: 127.0.0.1 - - [07/Feb/2024 17:24:03] "[36mGET /static/img/4.jpg HTTP/1.1[0m" 304 -
[2024-02-07 17:24:03,755] INFO in _internal: 127.0.0.1 - - [07/Feb/2024 17:24:03] "[36mGET /static/img/20.jpg HTTP/1.1[0m" 304 -
[2024-02-07 17:24:03,763] INFO in _internal: 127.0.0.1 - - [07/Feb/2024 17:24:03] "[36mGET /static/img/21.jpg HTTP/1.1[0m" 304 -
[2024-02-07 17:24:03,771] INFO in _internal: 127.0.0.1 - - [07/Feb/2024 17:24:03] "[36mGET /static/img/22.jpg HTTP/1.1[0m" 304 -
[2024-02-07 17:24:03,786] INFO in _internal: 127.0.0.1 - - [07/Feb/2024 17:24:03] "[36mGET /static/img/23.jpg HTTP/1.1[0m" 304 -
[2024-02-07 17:24:59,459] INFO in _internal: 127.0.0.1 - - [07/Feb/2024 17:24:59] "GET /escortv2 HTTP/1.1" 200 -
[2024-02-07 17:24:59,487] INFO in _internal: 127.0.0.1 - - [07/Feb/2024 17:24:59] "[36mGET /static/css/escortv2.css HTTP/1.1[0m" 304 -
[2024-02-07 17:24:59,488] INFO in _internal: 127.0.0.1 - - [07/Feb/2024 17:24:59] "[36mGET /static/img/logo.png HTTP/1.1[0m" 304 -
[2024-02-07 17:24:59,489] INFO in _internal: 127.0.0.1 - - [07/Feb/2024 17:24:59] "GET /static/js/escortv2.js HTTP/1.1" 200 -
[2024-02-07 17:24:59,587] INFO in _internal: 127.0.0.1 - - [07/Feb/2024 17:24:59] "[36mGET /static/img/1.jpg HTTP/1.1[0m" 304 -
[2024-02-07 17:24:59,595] INFO in _internal: 127.0.0.1 - - [07/Feb/2024 17:24:59] "[36mGET /static/img/3.jpg HTTP/1.1[0m" 304 -
[2024-02-07 17:24:59,598] INFO in _internal: 127.0.0.1 - - [07/Feb/2024 17:24:59] "[36mGET /static/img/2.jpg HTTP/1.1[0m" 304 -
[2024-02-07 17:24:59,604] INFO in _internal: 127.0.0.1 - - [07/Feb/2024 17:24:59] "[36mGET /static/img/4.jpg HTTP/1.1[0m" 304 -
[2024-02-07 17:24:59,606] INFO in _internal: 127.0.0.1 - - [07/Feb/2024 17:24:59] "[36mGET /static/img/20.jpg HTTP/1.1[0m" 304 -
[2024-02-07 17:24:59,615] INFO in _internal: 127.0.0.1 - - [07/Feb/2024 17:24:59] "[36mGET /static/img/19.jpg HTTP/1.1[0m" 304 -
[2024-02-07 17:24:59,634] INFO in _internal: 127.0.0.1 - - [07/Feb/2024 17:24:59] "[36mGET /static/img/21.jpg HTTP/1.1[0m" 304 -
[2024-02-07 17:24:59,637] INFO in _internal: 127.0.0.1 - - [07/Feb/2024 17:24:59] "[36mGET /static/img/22.jpg HTTP/1.1[0m" 304 -
[2024-02-07 17:24:59,655] INFO in _internal: 127.0.0.1 - - [07/Feb/2024 17:24:59] "[36mGET /static/img/23.jpg HTTP/1.1[0m" 304 -
[2024-02-07 17:26:32,574] INFO in _internal: 127.0.0.1 - - [07/Feb/2024 17:26:32] "GET /escortv2 HTTP/1.1" 200 -
[2024-02-07 17:26:32,603] INFO in _internal: 127.0.0.1 - - [07/Feb/2024 17:26:32] "[36mGET /static/css/escortv2.css HTTP/1.1[0m" 304 -
[2024-02-07 17:26:32,603] INFO in _internal: 127.0.0.1 - - [07/Feb/2024 17:26:32] "[36mGET /static/img/logo.png HTTP/1.1[0m" 304 -
[2024-02-07 17:26:32,605] INFO in _internal: 127.0.0.1 - - [07/Feb/2024 17:26:32] "GET /static/js/escortv2.js HTTP/1.1" 200 -
[2024-02-07 17:26:32,638] INFO in _internal: 127.0.0.1 - - [07/Feb/2024 17:26:32] "[36mGET /static/img/1.jpg HTTP/1.1[0m" 304 -
[2024-02-07 17:26:32,663] INFO in _internal: 127.0.0.1 - - [07/Feb/2024 17:26:32] "[36mGET /static/img/2.jpg HTTP/1.1[0m" 304 -
[2024-02-07 17:26:32,673] INFO in _internal: 127.0.0.1 - - [07/Feb/2024 17:26:32] "[36mGET /static/img/4.jpg HTTP/1.1[0m" 304 -
[2024-02-07 17:26:32,675] INFO in _internal: 127.0.0.1 - - [07/Feb/2024 17:26:32] "[36mGET /static/img/19.jpg HTTP/1.1[0m" 304 -
[2024-02-07 17:26:32,677] INFO in _internal: 127.0.0.1 - - [07/Feb/2024 17:26:32] "[36mGET /static/img/3.jpg HTTP/1.1[0m" 304 -
[2024-02-07 17:26:32,686] INFO in _internal: 127.0.0.1 - - [07/Feb/2024 17:26:32] "[36mGET /static/img/20.jpg HTTP/1.1[0m" 304 -
[2024-02-07 17:26:32,699] INFO in _internal: 127.0.0.1 - - [07/Feb/2024 17:26:32] "[36mGET /static/img/21.jpg HTTP/1.1[0m" 304 -
[2024-02-07 17:26:32,710] INFO in _internal: 127.0.0.1 - - [07/Feb/2024 17:26:32] "[36mGET /static/img/22.jpg HTTP/1.1[0m" 304 -
[2024-02-07 17:26:32,712] INFO in _internal: 127.0.0.1 - - [07/Feb/2024 17:26:32] "[36mGET /static/img/23.jpg HTTP/1.1[0m" 304 -
[2024-02-07 17:26:53,215] INFO in _internal: 127.0.0.1 - - [07/Feb/2024 17:26:53] "GET /escortv2 HTTP/1.1" 200 -
[2024-02-07 17:26:53,248] INFO in _internal: 127.0.0.1 - - [07/Feb/2024 17:26:53] "[36mGET /static/css/escortv2.css HTTP/1.1[0m" 304 -
[2024-02-07 17:26:53,251] INFO in _internal: 127.0.0.1 - - [07/Feb/2024 17:26:53] "[36mGET /static/img/logo.png HTTP/1.1[0m" 304 -
[2024-02-07 17:26:53,253] INFO in _internal: 127.0.0.1 - - [07/Feb/2024 17:26:53] "[36mGET /static/js/escortv2.js HTTP/1.1[0m" 304 -
[2024-02-07 17:26:53,290] INFO in _internal: 127.0.0.1 - - [07/Feb/2024 17:26:53] "[36mGET /static/img/1.jpg HTTP/1.1[0m" 304 -
[2024-02-07 17:26:53,321] INFO in _internal: 127.0.0.1 - - [07/Feb/2024 17:26:53] "[36mGET /static/img/2.jpg HTTP/1.1[0m" 304 -
[2024-02-07 17:26:53,343] INFO in _internal: 127.0.0.1 - - [07/Feb/2024 17:26:53] "[36mGET /static/img/3.jpg HTTP/1.1[0m" 304 -
[2024-02-07 17:26:53,349] INFO in _internal: 127.0.0.1 - - [07/Feb/2024 17:26:53] "[36mGET /static/img/19.jpg HTTP/1.1[0m" 304 -
[2024-02-07 17:26:53,351] INFO in _internal: 127.0.0.1 - - [07/Feb/2024 17:26:53] "[36mGET /static/img/4.jpg HTTP/1.1[0m" 304 -
[2024-02-07 17:26:53,361] INFO in _internal: 127.0.0.1 - - [07/Feb/2024 17:26:53] "[36mGET /static/img/20.jpg HTTP/1.1[0m" 304 -
[2024-02-07 17:26:53,378] INFO in _internal: 127.0.0.1 - - [07/Feb/2024 17:26:53] "[36mGET /static/img/21.jpg HTTP/1.1[0m" 304 -
[2024-02-07 17:26:53,383] INFO in _internal: 127.0.0.1 - - [07/Feb/2024 17:26:53] "[36mGET /static/img/22.jpg HTTP/1.1[0m" 304 -
[2024-02-07 17:26:53,383] INFO in _internal: 127.0.0.1 - - [07/Feb/2024 17:26:53] "[36mGET /static/img/23.jpg HTTP/1.1[0m" 304 -
[2024-02-07 17:38:25,171] INFO in _internal: 127.0.0.1 - - [07/Feb/2024 17:38:25] "GET /escortv2 HTTP/1.1" 200 -
[2024-02-07 17:38:25,196] INFO in _internal: 127.0.0.1 - - [07/Feb/2024 17:38:25] "[36mGET /static/css/escortv2.css HTTP/1.1[0m" 304 -
[2024-02-07 17:38:25,200] INFO in _internal: 127.0.0.1 - - [07/Feb/2024 17:38:25] "[36mGET /static/img/logo.png HTTP/1.1[0m" 304 -
[2024-02-07 17:38:25,201] INFO in _internal: 127.0.0.1 - - [07/Feb/2024 17:38:25] "GET /static/js/escortv2.js HTTP/1.1" 200 -
[2024-02-07 17:38:25,344] INFO in _internal: 127.0.0.1 - - [07/Feb/2024 17:38:25] "[36mGET /static/img/1.jpg HTTP/1.1[0m" 304 -
[2024-02-07 17:38:25,357] INFO in _internal: 127.0.0.1 - - [07/Feb/2024 17:38:25] "[36mGET /static/img/4.jpg HTTP/1.1[0m" 304 -
[2024-02-07 17:38:25,364] INFO in _internal: 127.0.0.1 - - [07/Feb/2024 17:38:25] "[36mGET /static/img/2.jpg HTTP/1.1[0m" 304 -
[2024-02-07 17:38:25,367] INFO in _internal: 127.0.0.1 - - [07/Feb/2024 17:38:25] "[36mGET /static/img/3.jpg HTTP/1.1[0m" 304 -
[2024-02-07 17:38:25,370] INFO in _internal: 127.0.0.1 - - [07/Feb/2024 17:38:25] "[36mGET /static/img/19.jpg HTTP/1.1[0m" 304 -
[2024-02-07 17:38:25,380] INFO in _internal: 127.0.0.1 - - [07/Feb/2024 17:38:25] "[36mGET /static/img/20.jpg HTTP/1.1[0m" 304 -
[2024-02-07 17:38:25,386] INFO in _internal: 127.0.0.1 - - [07/Feb/2024 17:38:25] "[36mGET /static/img/21.jpg HTTP/1.1[0m" 304 -
[2024-02-07 17:38:25,404] INFO in _internal: 127.0.0.1 - - [07/Feb/2024 17:38:25] "[36mGET /static/img/23.jpg HTTP/1.1[0m" 304 -
[2024-02-07 17:38:25,405] INFO in _internal: 127.0.0.1 - - [07/Feb/2024 17:38:25] "[36mGET /static/img/22.jpg HTTP/1.1[0m" 304 -
[2024-02-07 17:38:50,531] INFO in _internal: 127.0.0.1 - - [07/Feb/2024 17:38:50] "GET /escortv2 HTTP/1.1" 200 -
[2024-02-07 17:38:50,557] INFO in _internal: 127.0.0.1 - - [07/Feb/2024 17:38:50] "[36mGET /static/img/logo.png HTTP/1.1[0m" 304 -
[2024-02-07 17:38:50,558] INFO in _internal: 127.0.0.1 - - [07/Feb/2024 17:38:50] "[36mGET /static/css/escortv2.css HTTP/1.1[0m" 304 -
[2024-02-07 17:38:50,559] INFO in _internal: 127.0.0.1 - - [07/Feb/2024 17:38:50] "GET /static/js/escortv2.js HTTP/1.1" 200 -
[2024-02-07 17:38:50,629] INFO in _internal: 127.0.0.1 - - [07/Feb/2024 17:38:50] "[36mGET /static/img/1.jpg HTTP/1.1[0m" 304 -
[2024-02-07 17:38:50,632] INFO in _internal: 127.0.0.1 - - [07/Feb/2024 17:38:50] "[36mGET /static/img/2.jpg HTTP/1.1[0m" 304 -
[2024-02-07 17:38:50,637] INFO in _internal: 127.0.0.1 - - [07/Feb/2024 17:38:50] "[36mGET /static/img/3.jpg HTTP/1.1[0m" 304 -
[2024-02-07 17:38:50,638] INFO in _internal: 127.0.0.1 - - [07/Feb/2024 17:38:50] "[36mGET /static/img/4.jpg HTTP/1.1[0m" 304 -
[2024-02-07 17:38:50,667] INFO in _internal: 127.0.0.1 - - [07/Feb/2024 17:38:50] "[36mGET /static/img/19.jpg HTTP/1.1[0m" 304 -
[2024-02-07 17:38:50,673] INFO in _internal: 127.0.0.1 - - [07/Feb/2024 17:38:50] "[36mGET /static/img/20.jpg HTTP/1.1[0m" 304 -
[2024-02-07 17:38:50,682] INFO in _internal: 127.0.0.1 - - [07/Feb/2024 17:38:50] "[36mGET /static/img/21.jpg HTTP/1.1[0m" 304 -
[2024-02-07 17:38:50,685] INFO in _internal: 127.0.0.1 - - [07/Feb/2024 17:38:50] "[36mGET /static/img/22.jpg HTTP/1.1[0m" 304 -
[2024-02-07 17:38:50,689] INFO in _internal: 127.0.0.1 - - [07/Feb/2024 17:38:50] "[36mGET /static/img/23.jpg HTTP/1.1[0m" 304 -
[2024-02-07 17:39:14,419] INFO in _internal: 127.0.0.1 - - [07/Feb/2024 17:39:14] "GET /escortv2 HTTP/1.1" 200 -
[2024-02-07 17:39:14,445] INFO in _internal: 127.0.0.1 - - [07/Feb/2024 17:39:14] "[36mGET /static/css/escortv2.css HTTP/1.1[0m" 304 -
[2024-02-07 17:39:14,446] INFO in _internal: 127.0.0.1 - - [07/Feb/2024 17:39:14] "[36mGET /static/img/logo.png HTTP/1.1[0m" 304 -
[2024-02-07 17:39:14,448] INFO in _internal: 127.0.0.1 - - [07/Feb/2024 17:39:14] "GET /static/js/escortv2.js HTTP/1.1" 200 -
[2024-02-07 17:39:14,484] INFO in _internal: 127.0.0.1 - - [07/Feb/2024 17:39:14] "[36mGET /static/img/3.jpg HTTP/1.1[0m" 304 -
[2024-02-07 17:39:14,486] INFO in _internal: 127.0.0.1 - - [07/Feb/2024 17:39:14] "[36mGET /static/img/1.jpg HTTP/1.1[0m" 304 -
[2024-02-07 17:39:14,487] INFO in _internal: 127.0.0.1 - - [07/Feb/2024 17:39:14] "[36mGET /static/img/2.jpg HTTP/1.1[0m" 304 -
[2024-02-07 17:39:14,502] INFO in _internal: 127.0.0.1 - - [07/Feb/2024 17:39:14] "[36mGET /static/img/4.jpg HTTP/1.1[0m" 304 -
[2024-02-07 17:39:14,509] INFO in _internal: 127.0.0.1 - - [07/Feb/2024 17:39:14] "[36mGET /static/img/19.jpg HTTP/1.1[0m" 304 -
[2024-02-07 17:39:14,515] INFO in _internal: 127.0.0.1 - - [07/Feb/2024 17:39:14] "[36mGET /static/img/20.jpg HTTP/1.1[0m" 304 -
[2024-02-07 17:39:14,519] INFO in _internal: 127.0.0.1 - - [07/Feb/2024 17:39:14] "[36mGET /static/img/22.jpg HTTP/1.1[0m" 304 -
[2024-02-07 17:39:14,524] INFO in _internal: 127.0.0.1 - - [07/Feb/2024 17:39:14] "[36mGET /static/img/21.jpg HTTP/1.1[0m" 304 -
[2024-02-07 17:39:14,526] INFO in _internal: 127.0.0.1 - - [07/Feb/2024 17:39:14] "[36mGET /static/img/23.jpg HTTP/1.1[0m" 304 -
[2024-02-07 17:39:21,571] INFO in _internal: 127.0.0.1 - - [07/Feb/2024 17:39:21] "GET /escortv2 HTTP/1.1" 200 -
[2024-02-07 17:39:21,596] INFO in _internal: 127.0.0.1 - - [07/Feb/2024 17:39:21] "[36mGET /static/css/escortv2.css HTTP/1.1[0m" 304 -
[2024-02-07 17:39:21,597] INFO in _internal: 127.0.0.1 - - [07/Feb/2024 17:39:21] "[36mGET /static/img/logo.png HTTP/1.1[0m" 304 -
[2024-02-07 17:39:21,598] INFO in _internal: 127.0.0.1 - - [07/Feb/2024 17:39:21] "[36mGET /static/js/escortv2.js HTTP/1.1[0m" 304 -
[2024-02-07 17:39:21,633] INFO in _internal: 127.0.0.1 - - [07/Feb/2024 17:39:21] "[36mGET /static/img/1.jpg HTTP/1.1[0m" 304 -
[2024-02-07 17:39:21,657] INFO in _internal: 127.0.0.1 - - [07/Feb/2024 17:39:21] "[36mGET /static/img/2.jpg HTTP/1.1[0m" 304 -
[2024-02-07 17:39:21,676] INFO in _internal: 127.0.0.1 - - [07/Feb/2024 17:39:21] "[36mGET /static/img/4.jpg HTTP/1.1[0m" 304 -
[2024-02-07 17:39:21,677] INFO in _internal: 127.0.0.1 - - [07/Feb/2024 17:39:21] "[36mGET /static/img/3.jpg HTTP/1.1[0m" 304 -
[2024-02-07 17:39:21,681] INFO in _internal: 127.0.0.1 - - [07/Feb/2024 17:39:21] "[36mGET /static/img/19.jpg HTTP/1.1[0m" 304 -
[2024-02-07 17:39:21,684] INFO in _internal: 127.0.0.1 - - [07/Feb/2024 17:39:21] "[36mGET /static/img/20.jpg HTTP/1.1[0m" 304 -
[2024-02-07 17:39:21,688] INFO in _internal: 127.0.0.1 - - [07/Feb/2024 17:39:21] "[36mGET /static/img/21.jpg HTTP/1.1[0m" 304 -
[2024-02-07 17:39:21,697] INFO in _internal: 127.0.0.1 - - [07/Feb/2024 17:39:21] "[36mGET /static/img/22.jpg HTTP/1.1[0m" 304 -
[2024-02-07 17:39:21,700] INFO in _internal: 127.0.0.1 - - [07/Feb/2024 17:39:21] "[36mGET /static/img/23.jpg HTTP/1.1[0m" 304 -
[2024-02-07 17:39:36,028] INFO in _internal: 127.0.0.1 - - [07/Feb/2024 17:39:36] "GET /escortv2 HTTP/1.1" 200 -
[2024-02-07 17:39:36,045] INFO in _internal: 127.0.0.1 - - [07/Feb/2024 17:39:36] "GET /static/css/escortv2.css HTTP/1.1" 200 -
[2024-02-07 17:39:36,047] INFO in _internal: 127.0.0.1 - - [07/Feb/2024 17:39:36] "[36mGET /static/img/logo.png HTTP/1.1[0m" 304 -
[2024-02-07 17:39:36,050] INFO in _internal: 127.0.0.1 - - [07/Feb/2024 17:39:36] "[36mGET /static/js/escortv2.js HTTP/1.1[0m" 304 -
[2024-02-07 17:39:36,120] INFO in _internal: 127.0.0.1 - - [07/Feb/2024 17:39:36] "[36mGET /static/img/1.jpg HTTP/1.1[0m" 304 -
[2024-02-07 17:39:36,124] INFO in _internal: 127.0.0.1 - - [07/Feb/2024 17:39:36] "[36mGET /static/img/2.jpg HTTP/1.1[0m" 304 -
[2024-02-07 17:39:36,146] INFO in _internal: 127.0.0.1 - - [07/Feb/2024 17:39:36] "[36mGET /static/img/3.jpg HTTP/1.1[0m" 304 -
[2024-02-07 17:39:36,151] INFO in _internal: 127.0.0.1 - - [07/Feb/2024 17:39:36] "[36mGET /static/img/4.jpg HTTP/1.1[0m" 304 -
[2024-02-07 17:39:36,157] INFO in _internal: 127.0.0.1 - - [07/Feb/2024 17:39:36] "[36mGET /static/img/19.jpg HTTP/1.1[0m" 304 -
[2024-02-07 17:39:36,161] INFO in _internal: 127.0.0.1 - - [07/Feb/2024 17:39:36] "[36mGET /static/img/20.jpg HTTP/1.1[0m" 304 -
[2024-02-07 17:39:36,171] INFO in _internal: 127.0.0.1 - - [07/Feb/2024 17:39:36] "[36mGET /static/img/21.jpg HTTP/1.1[0m" 304 -
[2024-02-07 17:39:36,176] INFO in _internal: 127.0.0.1 - - [07/Feb/2024 17:39:36] "[36mGET /static/img/22.jpg HTTP/1.1[0m" 304 -
[2024-02-07 17:39:36,176] INFO in _internal: 127.0.0.1 - - [07/Feb/2024 17:39:36] "[36mGET /static/img/23.jpg HTTP/1.1[0m" 304 -
[2024-02-07 17:42:50,544] INFO in _internal: 127.0.0.1 - - [07/Feb/2024 17:42:50] "GET /escortv2 HTTP/1.1" 200 -
[2024-02-07 17:42:50,571] INFO in _internal: 127.0.0.1 - - [07/Feb/2024 17:42:50] "GET /static/css/escortv2.css HTTP/1.1" 200 -
[2024-02-07 17:42:50,572] INFO in _internal: 127.0.0.1 - - [07/Feb/2024 17:42:50] "[36mGET /static/img/logo.png HTTP/1.1[0m" 304 -
[2024-02-07 17:42:50,573] INFO in _internal: 127.0.0.1 - - [07/Feb/2024 17:42:50] "[36mGET /static/js/escortv2.js HTTP/1.1[0m" 304 -
[2024-02-07 17:42:50,656] INFO in _internal: 127.0.0.1 - - [07/Feb/2024 17:42:50] "[36mGET /static/img/2.jpg HTTP/1.1[0m" 304 -
[2024-02-07 17:42:50,664] INFO in _internal: 127.0.0.1 - - [07/Feb/2024 17:42:50] "[36mGET /static/img/1.jpg HTTP/1.1[0m" 304 -
[2024-02-07 17:42:50,666] INFO in _internal: 127.0.0.1 - - [07/Feb/2024 17:42:50] "[36mGET /static/img/4.jpg HTTP/1.1[0m" 304 -
[2024-02-07 17:42:50,667] INFO in _internal: 127.0.0.1 - - [07/Feb/2024 17:42:50] "[36mGET /static/img/3.jpg HTTP/1.1[0m" 304 -
[2024-02-07 17:42:50,675] INFO in _internal: 127.0.0.1 - - [07/Feb/2024 17:42:50] "[36mGET /static/img/19.jpg HTTP/1.1[0m" 304 -
[2024-02-07 17:42:50,675] INFO in _internal: 127.0.0.1 - - [07/Feb/2024 17:42:50] "[36mGET /static/img/20.jpg HTTP/1.1[0m" 304 -
[2024-02-07 17:42:50,688] INFO in _internal: 127.0.0.1 - - [07/Feb/2024 17:42:50] "[36mGET /static/img/21.jpg HTTP/1.1[0m" 304 -
[2024-02-07 17:42:50,703] INFO in _internal: 127.0.0.1 - - [07/Feb/2024 17:42:50] "[36mGET /static/img/22.jpg HTTP/1.1[0m" 304 -
[2024-02-07 17:42:50,705] INFO in _internal: 127.0.0.1 - - [07/Feb/2024 17:42:50] "[36mGET /static/img/23.jpg HTTP/1.1[0m" 304 -
[2024-02-07 17:43:23,932] INFO in _internal: 127.0.0.1 - - [07/Feb/2024 17:43:23] "GET /escortv2 HTTP/1.1" 200 -
[2024-02-07 17:43:23,961] INFO in _internal: 127.0.0.1 - - [07/Feb/2024 17:43:23] "GET /static/css/escortv2.css HTTP/1.1" 200 -
[2024-02-07 17:43:23,967] INFO in _internal: 127.0.0.1 - - [07/Feb/2024 17:43:23] "[36mGET /static/img/logo.png HTTP/1.1[0m" 304 -
[2024-02-07 17:43:23,969] INFO in _internal: 127.0.0.1 - - [07/Feb/2024 17:43:23] "[36mGET /static/js/escortv2.js HTTP/1.1[0m" 304 -
[2024-02-07 17:43:24,063] INFO in _internal: 127.0.0.1 - - [07/Feb/2024 17:43:24] "[36mGET /static/img/1.jpg HTTP/1.1[0m" 304 -
[2024-02-07 17:43:24,063] INFO in _internal: 127.0.0.1 - - [07/Feb/2024 17:43:24] "[36mGET /static/img/2.jpg HTTP/1.1[0m" 304 -
[2024-02-07 17:43:24,067] INFO in _internal: 127.0.0.1 - - [07/Feb/2024 17:43:24] "[36mGET /static/img/3.jpg HTTP/1.1[0m" 304 -
[2024-02-07 17:43:24,072] INFO in _internal: 127.0.0.1 - - [07/Feb/2024 17:43:24] "[36mGET /static/img/4.jpg HTTP/1.1[0m" 304 -
[2024-02-07 17:43:24,076] INFO in _internal: 127.0.0.1 - - [07/Feb/2024 17:43:24] "[36mGET /static/img/19.jpg HTTP/1.1[0m" 304 -
[2024-02-07 17:43:24,091] INFO in _internal: 127.0.0.1 - - [07/Feb/2024 17:43:24] "[36mGET /static/img/20.jpg HTTP/1.1[0m" 304 -
[2024-02-07 17:43:24,093] INFO in _internal: 127.0.0.1 - - [07/Feb/2024 17:43:24] "[36mGET /static/img/21.jpg HTTP/1.1[0m" 304 -
[2024-02-07 17:43:24,117] INFO in _internal: 127.0.0.1 - - [07/Feb/2024 17:43:24] "[36mGET /static/img/22.jpg HTTP/1.1[0m" 304 -
[2024-02-07 17:43:24,118] INFO in _internal: 127.0.0.1 - - [07/Feb/2024 17:43:24] "[36mGET /static/img/23.jpg HTTP/1.1[0m" 304 -
[2024-02-07 17:44:26,875] INFO in _internal: 127.0.0.1 - - [07/Feb/2024 17:44:26] "GET /escortv2 HTTP/1.1" 200 -
[2024-02-07 17:44:26,902] INFO in _internal: 127.0.0.1 - - [07/Feb/2024 17:44:26] "GET /static/css/escortv2.css HTTP/1.1" 200 -
[2024-02-07 17:44:26,902] INFO in _internal: 127.0.0.1 - - [07/Feb/2024 17:44:26] "[36mGET /static/img/logo.png HTTP/1.1[0m" 304 -
[2024-02-07 17:44:26,903] INFO in _internal: 127.0.0.1 - - [07/Feb/2024 17:44:26] "[36mGET /static/js/escortv2.js HTTP/1.1[0m" 304 -
[2024-02-07 17:44:26,940] INFO in _internal: 127.0.0.1 - - [07/Feb/2024 17:44:26] "[36mGET /static/img/1.jpg HTTP/1.1[0m" 304 -
[2024-02-07 17:44:26,943] INFO in _internal: 127.0.0.1 - - [07/Feb/2024 17:44:26] "[36mGET /static/img/2.jpg HTTP/1.1[0m" 304 -
[2024-02-07 17:44:26,962] INFO in _internal: 127.0.0.1 - - [07/Feb/2024 17:44:26] "[36mGET /static/img/3.jpg HTTP/1.1[0m" 304 -
[2024-02-07 17:44:26,966] INFO in _internal: 127.0.0.1 - - [07/Feb/2024 17:44:26] "[36mGET /static/img/4.jpg HTTP/1.1[0m" 304 -
[2024-02-07 17:44:26,969] INFO in _internal: 127.0.0.1 - - [07/Feb/2024 17:44:26] "[36mGET /static/img/19.jpg HTTP/1.1[0m" 304 -
[2024-02-07 17:44:26,971] INFO in _internal: 127.0.0.1 - - [07/Feb/2024 17:44:26] "[36mGET /static/img/20.jpg HTTP/1.1[0m" 304 -
[2024-02-07 17:44:26,972] INFO in _internal: 127.0.0.1 - - [07/Feb/2024 17:44:26] "[36mGET /static/img/21.jpg HTTP/1.1[0m" 304 -
[2024-02-07 17:44:26,984] INFO in _internal: 127.0.0.1 - - [07/Feb/2024 17:44:26] "[36mGET /static/img/22.jpg HTTP/1.1[0m" 304 -
[2024-02-07 17:44:26,990] INFO in _internal: 127.0.0.1 - - [07/Feb/2024 17:44:26] "[36mGET /static/img/23.jpg HTTP/1.1[0m" 304 -
[2024-02-07 17:45:15,194] INFO in _internal: 127.0.0.1 - - [07/Feb/2024 17:45:15] "GET /escortv2 HTTP/1.1" 200 -
[2024-02-07 17:45:15,226] INFO in _internal: 127.0.0.1 - - [07/Feb/2024 17:45:15] "GET /static/css/escortv2.css HTTP/1.1" 200 -
[2024-02-07 17:45:15,227] INFO in _internal: 127.0.0.1 - - [07/Feb/2024 17:45:15] "[36mGET /static/img/logo.png HTTP/1.1[0m" 304 -
[2024-02-07 17:45:15,228] INFO in _internal: 127.0.0.1 - - [07/Feb/2024 17:45:15] "[36mGET /static/js/escortv2.js HTTP/1.1[0m" 304 -
[2024-02-07 17:45:15,303] INFO in _internal: 127.0.0.1 - - [07/Feb/2024 17:45:15] "[36mGET /static/img/1.jpg HTTP/1.1[0m" 304 -
[2024-02-07 17:45:15,304] INFO in _internal: 127.0.0.1 - - [07/Feb/2024 17:45:15] "[36mGET /static/img/2.jpg HTTP/1.1[0m" 304 -
[2024-02-07 17:45:15,305] INFO in _internal: 127.0.0.1 - - [07/Feb/2024 17:45:15] "[36mGET /static/img/4.jpg HTTP/1.1[0m" 304 -
[2024-02-07 17:45:15,311] INFO in _internal: 127.0.0.1 - - [07/Feb/2024 17:45:15] "[36mGET /static/img/19.jpg HTTP/1.1[0m" 304 -
[2024-02-07 17:45:15,312] INFO in _internal: 127.0.0.1 - - [07/Feb/2024 17:45:15] "[36mGET /static/img/3.jpg HTTP/1.1[0m" 304 -
[2024-02-07 17:45:15,313] INFO in _internal: 127.0.0.1 - - [07/Feb/2024 17:45:15] "[36mGET /static/img/20.jpg HTTP/1.1[0m" 304 -
[2024-02-07 17:45:15,331] INFO in _internal: 127.0.0.1 - - [07/Feb/2024 17:45:15] "[36mGET /static/img/21.jpg HTTP/1.1[0m" 304 -
[2024-02-07 17:45:15,337] INFO in _internal: 127.0.0.1 - - [07/Feb/2024 17:45:15] "[36mGET /static/img/22.jpg HTTP/1.1[0m" 304 -
[2024-02-07 17:45:15,340] INFO in _internal: 127.0.0.1 - - [07/Feb/2024 17:45:15] "[36mGET /static/img/23.jpg HTTP/1.1[0m" 304 -
[2024-02-07 17:45:27,057] INFO in _internal: 127.0.0.1 - - [07/Feb/2024 17:45:27] "GET /escortv2 HTTP/1.1" 200 -
[2024-02-07 17:45:27,079] INFO in _internal: 127.0.0.1 - - [07/Feb/2024 17:45:27] "GET /static/css/escortv2.css HTTP/1.1" 200 -
[2024-02-07 17:45:27,083] INFO in _internal: 127.0.0.1 - - [07/Feb/2024 17:45:27] "[36mGET /static/img/logo.png HTTP/1.1[0m" 304 -
[2024-02-07 17:45:27,085] INFO in _internal: 127.0.0.1 - - [07/Feb/2024 17:45:27] "[36mGET /static/js/escortv2.js HTTP/1.1[0m" 304 -
[2024-02-07 17:45:27,142] INFO in _internal: 127.0.0.1 - - [07/Feb/2024 17:45:27] "[36mGET /static/img/1.jpg HTTP/1.1[0m" 304 -
[2024-02-07 17:45:27,150] INFO in _internal: 127.0.0.1 - - [07/Feb/2024 17:45:27] "[36mGET /static/img/2.jpg HTTP/1.1[0m" 304 -
[2024-02-07 17:45:27,159] INFO in _internal: 127.0.0.1 - - [07/Feb/2024 17:45:27] "[36mGET /static/img/4.jpg HTTP/1.1[0m" 304 -
[2024-02-07 17:45:27,161] INFO in _internal: 127.0.0.1 - - [07/Feb/2024 17:45:27] "[36mGET /static/img/3.jpg HTTP/1.1[0m" 304 -
[2024-02-07 17:45:27,166] INFO in _internal: 127.0.0.1 - - [07/Feb/2024 17:45:27] "[36mGET /static/img/19.jpg HTTP/1.1[0m" 304 -
[2024-02-07 17:45:27,175] INFO in _internal: 127.0.0.1 - - [07/Feb/2024 17:45:27] "[36mGET /static/img/21.jpg HTTP/1.1[0m" 304 -
[2024-02-07 17:45:27,177] INFO in _internal: 127.0.0.1 - - [07/Feb/2024 17:45:27] "[36mGET /static/img/20.jpg HTTP/1.1[0m" 304 -
[2024-02-07 17:45:27,184] INFO in _internal: 127.0.0.1 - - [07/Feb/2024 17:45:27] "[36mGET /static/img/22.jpg HTTP/1.1[0m" 304 -
[2024-02-07 17:45:27,187] INFO in _internal: 127.0.0.1 - - [07/Feb/2024 17:45:27] "[36mGET /static/img/23.jpg HTTP/1.1[0m" 304 -
[2024-02-07 17:45:38,679] INFO in _internal: 127.0.0.1 - - [07/Feb/2024 17:45:38] "GET /escortv2 HTTP/1.1" 200 -
[2024-02-07 17:45:38,699] INFO in _internal: 127.0.0.1 - - [07/Feb/2024 17:45:38] "GET /static/css/escortv2.css HTTP/1.1" 200 -
[2024-02-07 17:45:38,700] INFO in _internal: 127.0.0.1 - - [07/Feb/2024 17:45:38] "[36mGET /static/img/logo.png HTTP/1.1[0m" 304 -
[2024-02-07 17:45:38,702] INFO in _internal: 127.0.0.1 - - [07/Feb/2024 17:45:38] "[36mGET /static/js/escortv2.js HTTP/1.1[0m" 304 -
[2024-02-07 17:45:38,744] INFO in _internal: 127.0.0.1 - - [07/Feb/2024 17:45:38] "[36mGET /static/img/1.jpg HTTP/1.1[0m" 304 -
[2024-02-07 17:45:38,744] INFO in _internal: 127.0.0.1 - - [07/Feb/2024 17:45:38] "[36mGET /static/img/2.jpg HTTP/1.1[0m" 304 -
[2024-02-07 17:45:38,748] INFO in _internal: 127.0.0.1 - - [07/Feb/2024 17:45:38] "[36mGET /static/img/3.jpg HTTP/1.1[0m" 304 -
[2024-02-07 17:45:38,766] INFO in _internal: 127.0.0.1 - - [07/Feb/2024 17:45:38] "[36mGET /static/img/4.jpg HTTP/1.1[0m" 304 -
[2024-02-07 17:45:38,773] INFO in _internal: 127.0.0.1 - - [07/Feb/2024 17:45:38] "[36mGET /static/img/19.jpg HTTP/1.1[0m" 304 -
[2024-02-07 17:45:38,784] INFO in _internal: 127.0.0.1 - - [07/Feb/2024 17:45:38] "[36mGET /static/img/20.jpg HTTP/1.1[0m" 304 -
[2024-02-07 17:45:38,789] INFO in _internal: 127.0.0.1 - - [07/Feb/2024 17:45:38] "[36mGET /static/img/21.jpg HTTP/1.1[0m" 304 -
[2024-02-07 17:45:38,794] INFO in _internal: 127.0.0.1 - - [07/Feb/2024 17:45:38] "[36mGET /static/img/22.jpg HTTP/1.1[0m" 304 -
[2024-02-07 17:45:38,801] INFO in _internal: 127.0.0.1 - - [07/Feb/2024 17:45:38] "[36mGET /static/img/23.jpg HTTP/1.1[0m" 304 -
[2024-02-07 17:46:35,697] INFO in _internal: 127.0.0.1 - - [07/Feb/2024 17:46:35] "GET /escortv2 HTTP/1.1" 200 -
[2024-02-07 17:46:35,725] INFO in _internal: 127.0.0.1 - - [07/Feb/2024 17:46:35] "GET /static/css/escortv2.css HTTP/1.1" 200 -
[2024-02-07 17:46:35,726] INFO in _internal: 127.0.0.1 - - [07/Feb/2024 17:46:35] "[36mGET /static/img/logo.png HTTP/1.1[0m" 304 -
[2024-02-07 17:46:35,727] INFO in _internal: 127.0.0.1 - - [07/Feb/2024 17:46:35] "[36mGET /static/js/escortv2.js HTTP/1.1[0m" 304 -
[2024-02-07 17:46:35,795] INFO in _internal: 127.0.0.1 - - [07/Feb/2024 17:46:35] "[36mGET /static/img/1.jpg HTTP/1.1[0m" 304 -
[2024-02-07 17:46:35,797] INFO in _internal: 127.0.0.1 - - [07/Feb/2024 17:46:35] "[36mGET /static/img/2.jpg HTTP/1.1[0m" 304 -
[2024-02-07 17:46:35,801] INFO in _internal: 127.0.0.1 - - [07/Feb/2024 17:46:35] "[36mGET /static/img/3.jpg HTTP/1.1[0m" 304 -
[2024-02-07 17:46:35,810] INFO in _internal: 127.0.0.1 - - [07/Feb/2024 17:46:35] "[36mGET /static/img/4.jpg HTTP/1.1[0m" 304 -
[2024-02-07 17:46:35,819] INFO in _internal: 127.0.0.1 - - [07/Feb/2024 17:46:35] "[36mGET /static/img/20.jpg HTTP/1.1[0m" 304 -
[2024-02-07 17:46:35,827] INFO in _internal: 127.0.0.1 - - [07/Feb/2024 17:46:35] "[36mGET /static/img/19.jpg HTTP/1.1[0m" 304 -
[2024-02-07 17:46:35,832] INFO in _internal: 127.0.0.1 - - [07/Feb/2024 17:46:35] "[36mGET /static/img/21.jpg HTTP/1.1[0m" 304 -
[2024-02-07 17:46:35,839] INFO in _internal: 127.0.0.1 - - [07/Feb/2024 17:46:35] "[36mGET /static/img/22.jpg HTTP/1.1[0m" 304 -
[2024-02-07 17:46:35,846] INFO in _internal: 127.0.0.1 - - [07/Feb/2024 17:46:35] "[36mGET /static/img/23.jpg HTTP/1.1[0m" 304 -
[2024-02-07 17:48:32,020] INFO in _internal: 127.0.0.1 - - [07/Feb/2024 17:48:32] "GET /escortv2 HTTP/1.1" 200 -
[2024-02-07 17:48:32,068] INFO in _internal: 127.0.0.1 - - [07/Feb/2024 17:48:32] "[36mGET /static/css/escortv2.css HTTP/1.1[0m" 304 -
[2024-02-07 17:48:32,069] INFO in _internal: 127.0.0.1 - - [07/Feb/2024 17:48:32] "[36mGET /static/img/logo.png HTTP/1.1[0m" 304 -
[2024-02-07 17:48:32,071] INFO in _internal: 127.0.0.1 - - [07/Feb/2024 17:48:32] "[36mGET /static/js/escortv2.js HTTP/1.1[0m" 304 -
[2024-02-07 17:48:32,154] INFO in _internal: 127.0.0.1 - - [07/Feb/2024 17:48:32] "[36mGET /static/img/1.jpg HTTP/1.1[0m" 304 -
[2024-02-07 17:48:32,166] INFO in _internal: 127.0.0.1 - - [07/Feb/2024 17:48:32] "[36mGET /static/img/2.jpg HTTP/1.1[0m" 304 -
[2024-02-07 17:48:32,174] INFO in _internal: 127.0.0.1 - - [07/Feb/2024 17:48:32] "[36mGET /static/img/3.jpg HTTP/1.1[0m" 304 -
[2024-02-07 17:48:32,198] INFO in _internal: 127.0.0.1 - - [07/Feb/2024 17:48:32] "[36mGET /static/img/4.jpg HTTP/1.1[0m" 304 -
[2024-02-07 17:48:32,204] INFO in _internal: 127.0.0.1 - - [07/Feb/2024 17:48:32] "[36mGET /static/img/19.jpg HTTP/1.1[0m" 304 -
[2024-02-07 17:48:32,205] INFO in _internal: 127.0.0.1 - - [07/Feb/2024 17:48:32] "[36mGET /static/img/20.jpg HTTP/1.1[0m" 304 -
[2024-02-07 17:48:32,211] INFO in _internal: 127.0.0.1 - - [07/Feb/2024 17:48:32] "[36mGET /static/img/22.jpg HTTP/1.1[0m" 304 -
[2024-02-07 17:48:32,213] INFO in _internal: 127.0.0.1 - - [07/Feb/2024 17:48:32] "[36mGET /static/img/21.jpg HTTP/1.1[0m" 304 -
[2024-02-07 17:48:32,215] INFO in _internal: 127.0.0.1 - - [07/Feb/2024 17:48:32] "[36mGET /static/img/23.jpg HTTP/1.1[0m" 304 -
[2024-02-07 17:59:58,683] INFO in _internal: 127.0.0.1 - - [07/Feb/2024 17:59:58] "GET /escortv2 HTTP/1.1" 200 -
[2024-02-07 17:59:58,735] INFO in _internal: 127.0.0.1 - - [07/Feb/2024 17:59:58] "[36mGET /static/img/logo.png HTTP/1.1[0m" 304 -
[2024-02-07 17:59:58,735] INFO in _internal: 127.0.0.1 - - [07/Feb/2024 17:59:58] "GET /static/css/escortv2.css HTTP/1.1" 200 -
[2024-02-07 17:59:58,736] INFO in _internal: 127.0.0.1 - - [07/Feb/2024 17:59:58] "GET /static/js/escortv2.js HTTP/1.1" 200 -
[2024-02-07 17:59:58,804] INFO in _internal: 127.0.0.1 - - [07/Feb/2024 17:59:58] "[36mGET /static/img/3.jpg HTTP/1.1[0m" 304 -
[2024-02-07 17:59:58,805] INFO in _internal: 127.0.0.1 - - [07/Feb/2024 17:59:58] "[36mGET /static/img/2.jpg HTTP/1.1[0m" 304 -
[2024-02-07 17:59:58,806] INFO in _internal: 127.0.0.1 - - [07/Feb/2024 17:59:58] "[36mGET /static/img/1.jpg HTTP/1.1[0m" 304 -
[2024-02-07 17:59:58,823] INFO in _internal: 127.0.0.1 - - [07/Feb/2024 17:59:58] "[36mGET /static/img/4.jpg HTTP/1.1[0m" 304 -
[2024-02-07 17:59:58,839] INFO in _internal: 127.0.0.1 - - [07/Feb/2024 17:59:58] "[36mGET /static/img/20.jpg HTTP/1.1[0m" 304 -
[2024-02-07 17:59:58,841] INFO in _internal: 127.0.0.1 - - [07/Feb/2024 17:59:58] "[36mGET /static/img/19.jpg HTTP/1.1[0m" 304 -
[2024-02-07 17:59:58,850] INFO in _internal: 127.0.0.1 - - [07/Feb/2024 17:59:58] "[36mGET /static/img/21.jpg HTTP/1.1[0m" 304 -
[2024-02-07 17:59:58,859] INFO in _internal: 127.0.0.1 - - [07/Feb/2024 17:59:58] "[36mGET /static/img/22.jpg HTTP/1.1[0m" 304 -
[2024-02-07 17:59:58,866] INFO in _internal: 127.0.0.1 - - [07/Feb/2024 17:59:58] "[36mGET /static/img/23.jpg HTTP/1.1[0m" 304 -
[2024-02-07 18:08:40,033] INFO in _internal: 127.0.0.1 - - [07/Feb/2024 18:08:40] "GET /escortv2 HTTP/1.1" 200 -
[2024-02-07 18:08:40,057] INFO in _internal: 127.0.0.1 - - [07/Feb/2024 18:08:40] "GET /static/css/escortv2.css HTTP/1.1" 200 -
[2024-02-07 18:08:40,057] INFO in _internal: 127.0.0.1 - - [07/Feb/2024 18:08:40] "[36mGET /static/img/logo.png HTTP/1.1[0m" 304 -
[2024-02-07 18:08:40,058] INFO in _internal: 127.0.0.1 - - [07/Feb/2024 18:08:40] "GET /static/js/escortv2.js HTTP/1.1" 200 -
[2024-02-07 18:08:40,206] INFO in _internal: 127.0.0.1 - - [07/Feb/2024 18:08:40] "[36mGET /static/img/1.jpg HTTP/1.1[0m" 304 -
[2024-02-07 18:08:40,208] INFO in _internal: 127.0.0.1 - - [07/Feb/2024 18:08:40] "[36mGET /static/img/2.jpg HTTP/1.1[0m" 304 -
[2024-02-07 18:08:40,226] INFO in _internal: 127.0.0.1 - - [07/Feb/2024 18:08:40] "[36mGET /static/img/3.jpg HTTP/1.1[0m" 304 -
[2024-02-07 18:08:40,235] INFO in _internal: 127.0.0.1 - - [07/Feb/2024 18:08:40] "[36mGET /static/img/19.jpg HTTP/1.1[0m" 304 -
[2024-02-07 18:08:40,239] INFO in _internal: 127.0.0.1 - - [07/Feb/2024 18:08:40] "[36mGET /static/img/20.jpg HTTP/1.1[0m" 304 -
[2024-02-07 18:08:40,241] INFO in _internal: 127.0.0.1 - - [07/Feb/2024 18:08:40] "[36mGET /static/img/4.jpg HTTP/1.1[0m" 304 -
[2024-02-07 18:08:40,250] INFO in _internal: 127.0.0.1 - - [07/Feb/2024 18:08:40] "[36mGET /static/img/21.jpg HTTP/1.1[0m" 304 -
[2024-02-07 18:08:40,266] INFO in _internal: 127.0.0.1 - - [07/Feb/2024 18:08:40] "[36mGET /static/img/22.jpg HTTP/1.1[0m" 304 -
[2024-02-07 18:08:40,267] INFO in _internal: 127.0.0.1 - - [07/Feb/2024 18:08:40] "[36mGET /static/img/23.jpg HTTP/1.1[0m" 304 -
[2024-02-07 18:09:52,455] INFO in _internal: 127.0.0.1 - - [07/Feb/2024 18:09:52] "GET /escortv2 HTTP/1.1" 200 -
[2024-02-07 18:09:52,488] INFO in _internal: 127.0.0.1 - - [07/Feb/2024 18:09:52] "[36mGET /static/img/logo.png HTTP/1.1[0m" 304 -
[2024-02-07 18:09:52,488] INFO in _internal: 127.0.0.1 - - [07/Feb/2024 18:09:52] "[36mGET /static/css/escortv2.css HTTP/1.1[0m" 304 -
[2024-02-07 18:09:52,490] INFO in _internal: 127.0.0.1 - - [07/Feb/2024 18:09:52] "GET /static/js/escortv2.js HTTP/1.1" 200 -
[2024-02-07 18:09:52,550] INFO in _internal: 127.0.0.1 - - [07/Feb/2024 18:09:52] "[36mGET /static/img/1.jpg HTTP/1.1[0m" 304 -
[2024-02-07 18:09:52,554] INFO in _internal: 127.0.0.1 - - [07/Feb/2024 18:09:52] "[36mGET /static/img/3.jpg HTTP/1.1[0m" 304 -
[2024-02-07 18:09:52,565] INFO in _internal: 127.0.0.1 - - [07/Feb/2024 18:09:52] "[36mGET /static/img/2.jpg HTTP/1.1[0m" 304 -
[2024-02-07 18:09:52,567] INFO in _internal: 127.0.0.1 - - [07/Feb/2024 18:09:52] "[36mGET /static/img/4.jpg HTTP/1.1[0m" 304 -
[2024-02-07 18:09:52,568] INFO in _internal: 127.0.0.1 - - [07/Feb/2024 18:09:52] "[36mGET /static/img/19.jpg HTTP/1.1[0m" 304 -
[2024-02-07 18:09:52,595] INFO in _internal: 127.0.0.1 - - [07/Feb/2024 18:09:52] "[36mGET /static/img/20.jpg HTTP/1.1[0m" 304 -
[2024-02-07 18:09:52,599] INFO in _internal: 127.0.0.1 - - [07/Feb/2024 18:09:52] "[36mGET /static/img/21.jpg HTTP/1.1[0m" 304 -
[2024-02-07 18:09:52,601] INFO in _internal: 127.0.0.1 - - [07/Feb/2024 18:09:52] "[36mGET /static/img/22.jpg HTTP/1.1[0m" 304 -
[2024-02-07 18:09:52,608] INFO in _internal: 127.0.0.1 - - [07/Feb/2024 18:09:52] "[36mGET /static/img/23.jpg HTTP/1.1[0m" 304 -
[2024-02-07 18:11:38,486] INFO in _internal: 127.0.0.1 - - [07/Feb/2024 18:11:38] "GET /escortv2 HTTP/1.1" 200 -
[2024-02-07 18:11:38,509] INFO in _internal: 127.0.0.1 - - [07/Feb/2024 18:11:38] "GET /static/css/escortv2.css HTTP/1.1" 200 -
[2024-02-07 18:11:38,511] INFO in _internal: 127.0.0.1 - - [07/Feb/2024 18:11:38] "[36mGET /static/img/logo.png HTTP/1.1[0m" 304 -
[2024-02-07 18:11:38,513] INFO in _internal: 127.0.0.1 - - [07/Feb/2024 18:11:38] "GET /static/js/escortv2.js HTTP/1.1" 200 -
[2024-02-07 18:11:38,554] INFO in _internal: 127.0.0.1 - - [07/Feb/2024 18:11:38] "[36mGET /static/img/1.jpg HTTP/1.1[0m" 304 -
[2024-02-07 18:11:38,555] INFO in _internal: 127.0.0.1 - - [07/Feb/2024 18:11:38] "[36mGET /static/img/2.jpg HTTP/1.1[0m" 304 -
[2024-02-07 18:11:38,582] INFO in _internal: 127.0.0.1 - - [07/Feb/2024 18:11:38] "[36mGET /static/img/3.jpg HTTP/1.1[0m" 304 -
[2024-02-07 18:11:38,592] INFO in _internal: 127.0.0.1 - - [07/Feb/2024 18:11:38] "[36mGET /static/img/19.jpg HTTP/1.1[0m" 304 -
[2024-02-07 18:11:38,593] INFO in _internal: 127.0.0.1 - - [07/Feb/2024 18:11:38] "[36mGET /static/img/4.jpg HTTP/1.1[0m" 304 -
[2024-02-07 18:11:38,597] INFO in _internal: 127.0.0.1 - - [07/Feb/2024 18:11:38] "[36mGET /static/img/20.jpg HTTP/1.1[0m" 304 -
[2024-02-07 18:11:38,629] INFO in _internal: 127.0.0.1 - - [07/Feb/2024 18:11:38] "[36mGET /static/img/21.jpg HTTP/1.1[0m" 304 -
[2024-02-07 18:11:38,631] INFO in _internal: 127.0.0.1 - - [07/Feb/2024 18:11:38] "[36mGET /static/img/22.jpg HTTP/1.1[0m" 304 -
[2024-02-07 18:11:38,635] INFO in _internal: 127.0.0.1 - - [07/Feb/2024 18:11:38] "[36mGET /static/img/23.jpg HTTP/1.1[0m" 304 -
[2024-02-08 10:36:48,611] INFO in _internal: [31m[1mWARNING: This is a development server. Do not use it in a production deployment. Use a production WSGI server instead.[0m
 * Running on http://127.0.0.1:5000
[2024-02-08 10:36:48,613] INFO in _internal: [33mPress CTRL+C to quit[0m
[2024-02-08 10:36:48,637] INFO in _internal:  * Restarting with watchdog (windowsapi)
[2024-02-08 10:36:49,338] WARNING in _internal:  * Debugger is active!
[2024-02-08 10:36:49,354] INFO in _internal:  * Debugger PIN: 123-293-346
[2024-02-08 10:37:00,221] INFO in _internal: 127.0.0.1 - - [08/Feb/2024 10:37:00] "GET /escortv2 HTTP/1.1" 200 -
[2024-02-08 10:37:00,839] INFO in _internal: 127.0.0.1 - - [08/Feb/2024 10:37:00] "GET /static/js/escortv2.js HTTP/1.1" 200 -
[2024-02-08 10:37:00,879] INFO in _internal: 127.0.0.1 - - [08/Feb/2024 10:37:00] "[36mGET /static/img/logo.png HTTP/1.1[0m" 304 -
[2024-02-08 10:37:00,980] INFO in _internal: 127.0.0.1 - - [08/Feb/2024 10:37:00] "GET /static/css/escortv2.css HTTP/1.1" 200 -
[2024-02-08 10:37:01,012] INFO in _internal: 127.0.0.1 - - [08/Feb/2024 10:37:01] "[36mGET /static/img/1.jpg HTTP/1.1[0m" 304 -
[2024-02-08 10:37:01,013] INFO in _internal: 127.0.0.1 - - [08/Feb/2024 10:37:01] "[36mGET /static/img/3.jpg HTTP/1.1[0m" 304 -
[2024-02-08 10:37:01,013] INFO in _internal: 127.0.0.1 - - [08/Feb/2024 10:37:01] "[36mGET /static/img/19.jpg HTTP/1.1[0m" 304 -
[2024-02-08 10:37:01,015] INFO in _internal: 127.0.0.1 - - [08/Feb/2024 10:37:01] "[36mGET /static/img/20.jpg HTTP/1.1[0m" 304 -
[2024-02-08 10:37:01,027] INFO in _internal: 127.0.0.1 - - [08/Feb/2024 10:37:01] "[36mGET /static/img/4.jpg HTTP/1.1[0m" 304 -
[2024-02-08 10:37:01,028] INFO in _internal: 127.0.0.1 - - [08/Feb/2024 10:37:01] "[36mGET /static/img/2.jpg HTTP/1.1[0m" 304 -
[2024-02-08 10:37:01,034] INFO in _internal: 127.0.0.1 - - [08/Feb/2024 10:37:01] "[36mGET /static/img/21.jpg HTTP/1.1[0m" 304 -
[2024-02-08 10:37:01,035] INFO in _internal: 127.0.0.1 - - [08/Feb/2024 10:37:01] "[36mGET /static/img/22.jpg HTTP/1.1[0m" 304 -
[2024-02-08 10:37:01,037] INFO in _internal: 127.0.0.1 - - [08/Feb/2024 10:37:01] "[36mGET /static/img/23.jpg HTTP/1.1[0m" 304 -
[2024-02-08 10:37:01,322] INFO in _internal: 127.0.0.1 - - [08/Feb/2024 10:37:01] "[33mGET /favicon.ico HTTP/1.1[0m" 404 -
[2024-02-08 10:52:45,237] INFO in _internal: 127.0.0.1 - - [08/Feb/2024 10:52:45] "GET /escortv2 HTTP/1.1" 200 -
[2024-02-08 10:52:45,260] INFO in _internal: 127.0.0.1 - - [08/Feb/2024 10:52:45] "[36mGET /static/css/escortv2.css HTTP/1.1[0m" 304 -
[2024-02-08 10:52:45,261] INFO in _internal: 127.0.0.1 - - [08/Feb/2024 10:52:45] "[36mGET /static/img/logo.png HTTP/1.1[0m" 304 -
[2024-02-08 10:52:45,262] INFO in _internal: 127.0.0.1 - - [08/Feb/2024 10:52:45] "GET /static/js/escortv2.js HTTP/1.1" 200 -
[2024-02-08 10:52:45,344] INFO in _internal: 127.0.0.1 - - [08/Feb/2024 10:52:45] "[36mGET /static/img/1.jpg HTTP/1.1[0m" 304 -
[2024-02-08 10:52:45,345] INFO in _internal: 127.0.0.1 - - [08/Feb/2024 10:52:45] "[36mGET /static/img/2.jpg HTTP/1.1[0m" 304 -
[2024-02-08 10:52:45,347] INFO in _internal: 127.0.0.1 - - [08/Feb/2024 10:52:45] "[36mGET /static/img/3.jpg HTTP/1.1[0m" 304 -
[2024-02-08 10:52:45,357] INFO in _internal: 127.0.0.1 - - [08/Feb/2024 10:52:45] "[36mGET /static/img/4.jpg HTTP/1.1[0m" 304 -
[2024-02-08 10:52:45,364] INFO in _internal: 127.0.0.1 - - [08/Feb/2024 10:52:45] "[36mGET /static/img/19.jpg HTTP/1.1[0m" 304 -
[2024-02-08 10:52:45,376] INFO in _internal: 127.0.0.1 - - [08/Feb/2024 10:52:45] "[36mGET /static/img/20.jpg HTTP/1.1[0m" 304 -
[2024-02-08 10:52:45,384] INFO in _internal: 127.0.0.1 - - [08/Feb/2024 10:52:45] "[36mGET /static/img/23.jpg HTTP/1.1[0m" 304 -
[2024-02-08 10:52:45,388] INFO in _internal: 127.0.0.1 - - [08/Feb/2024 10:52:45] "[36mGET /static/img/21.jpg HTTP/1.1[0m" 304 -
[2024-02-08 10:52:45,390] INFO in _internal: 127.0.0.1 - - [08/Feb/2024 10:52:45] "[36mGET /static/img/22.jpg HTTP/1.1[0m" 304 -
[2024-02-08 10:59:17,115] INFO in _internal: 127.0.0.1 - - [08/Feb/2024 10:59:17] "[36mGET /static/css/escortv2.css HTTP/1.1[0m" 304 -
[2024-02-08 10:59:33,838] INFO in _internal: 127.0.0.1 - - [08/Feb/2024 10:59:33] "GET /escortv2 HTTP/1.1" 200 -
[2024-02-08 10:59:33,866] INFO in _internal: 127.0.0.1 - - [08/Feb/2024 10:59:33] "GET /static/css/escortv2.css HTTP/1.1" 200 -
[2024-02-08 10:59:33,871] INFO in _internal: 127.0.0.1 - - [08/Feb/2024 10:59:33] "[36mGET /static/img/logo.png HTTP/1.1[0m" 304 -
[2024-02-08 10:59:33,892] INFO in _internal: 127.0.0.1 - - [08/Feb/2024 10:59:33] "GET /static/js/escortv2.js HTTP/1.1" 200 -
[2024-02-08 10:59:33,973] INFO in _internal: 127.0.0.1 - - [08/Feb/2024 10:59:33] "[36mGET /static/img/1.jpg HTTP/1.1[0m" 304 -
[2024-02-08 10:59:33,980] INFO in _internal: 127.0.0.1 - - [08/Feb/2024 10:59:33] "[36mGET /static/img/3.jpg HTTP/1.1[0m" 304 -
[2024-02-08 10:59:33,981] INFO in _internal: 127.0.0.1 - - [08/Feb/2024 10:59:33] "[36mGET /static/img/2.jpg HTTP/1.1[0m" 304 -
[2024-02-08 10:59:33,993] INFO in _internal: 127.0.0.1 - - [08/Feb/2024 10:59:33] "[36mGET /static/img/4.jpg HTTP/1.1[0m" 304 -
[2024-02-08 10:59:34,010] INFO in _internal: 127.0.0.1 - - [08/Feb/2024 10:59:34] "[36mGET /static/img/19.jpg HTTP/1.1[0m" 304 -
[2024-02-08 10:59:34,014] INFO in _internal: 127.0.0.1 - - [08/Feb/2024 10:59:34] "[36mGET /static/img/20.jpg HTTP/1.1[0m" 304 -
[2024-02-08 10:59:34,019] INFO in _internal: 127.0.0.1 - - [08/Feb/2024 10:59:34] "[36mGET /static/img/21.jpg HTTP/1.1[0m" 304 -
[2024-02-08 10:59:34,022] INFO in _internal: 127.0.0.1 - - [08/Feb/2024 10:59:34] "[36mGET /static/img/22.jpg HTTP/1.1[0m" 304 -
[2024-02-08 10:59:34,023] INFO in _internal: 127.0.0.1 - - [08/Feb/2024 10:59:34] "[36mGET /static/img/23.jpg HTTP/1.1[0m" 304 -
[2024-02-08 11:03:21,532] INFO in _internal: 127.0.0.1 - - [08/Feb/2024 11:03:21] "GET /escortv2 HTTP/1.1" 200 -
[2024-02-08 11:03:21,558] INFO in _internal: 127.0.0.1 - - [08/Feb/2024 11:03:21] "GET /static/css/escortv2.css HTTP/1.1" 200 -
[2024-02-08 11:03:21,560] INFO in _internal: 127.0.0.1 - - [08/Feb/2024 11:03:21] "[36mGET /static/js/escortv2.js HTTP/1.1[0m" 304 -
[2024-02-08 11:03:21,564] INFO in _internal: 127.0.0.1 - - [08/Feb/2024 11:03:21] "[36mGET /static/img/logo.png HTTP/1.1[0m" 304 -
[2024-02-08 11:03:21,615] INFO in _internal: 127.0.0.1 - - [08/Feb/2024 11:03:21] "[36mGET /static/img/2.jpg HTTP/1.1[0m" 304 -
[2024-02-08 11:03:21,617] INFO in _internal: 127.0.0.1 - - [08/Feb/2024 11:03:21] "[36mGET /static/img/3.jpg HTTP/1.1[0m" 304 -
[2024-02-08 11:03:21,631] INFO in _internal: 127.0.0.1 - - [08/Feb/2024 11:03:21] "[36mGET /static/img/1.jpg HTTP/1.1[0m" 304 -
[2024-02-08 11:03:21,645] INFO in _internal: 127.0.0.1 - - [08/Feb/2024 11:03:21] "[36mGET /static/img/4.jpg HTTP/1.1[0m" 304 -
[2024-02-08 11:03:21,646] INFO in _internal: 127.0.0.1 - - [08/Feb/2024 11:03:21] "[36mGET /static/img/19.jpg HTTP/1.1[0m" 304 -
[2024-02-08 11:03:21,649] INFO in _internal: 127.0.0.1 - - [08/Feb/2024 11:03:21] "[36mGET /static/img/20.jpg HTTP/1.1[0m" 304 -
[2024-02-08 11:03:21,651] INFO in _internal: 127.0.0.1 - - [08/Feb/2024 11:03:21] "[36mGET /static/img/21.jpg HTTP/1.1[0m" 304 -
[2024-02-08 11:03:21,656] INFO in _internal: 127.0.0.1 - - [08/Feb/2024 11:03:21] "[36mGET /static/img/22.jpg HTTP/1.1[0m" 304 -
[2024-02-08 11:03:21,662] INFO in _internal: 127.0.0.1 - - [08/Feb/2024 11:03:21] "[36mGET /static/img/23.jpg HTTP/1.1[0m" 304 -
[2024-02-08 11:03:43,732] INFO in _internal: 127.0.0.1 - - [08/Feb/2024 11:03:43] "GET /escortv2 HTTP/1.1" 200 -
[2024-02-08 11:03:43,757] INFO in _internal: 127.0.0.1 - - [08/Feb/2024 11:03:43] "GET /static/css/escortv2.css HTTP/1.1" 200 -
[2024-02-08 11:03:43,759] INFO in _internal: 127.0.0.1 - - [08/Feb/2024 11:03:43] "[36mGET /static/img/logo.png HTTP/1.1[0m" 304 -
[2024-02-08 11:03:43,759] INFO in _internal: 127.0.0.1 - - [08/Feb/2024 11:03:43] "[36mGET /static/js/escortv2.js HTTP/1.1[0m" 304 -
[2024-02-08 11:03:43,836] INFO in _internal: 127.0.0.1 - - [08/Feb/2024 11:03:43] "[36mGET /static/img/1.jpg HTTP/1.1[0m" 304 -
[2024-02-08 11:03:43,843] INFO in _internal: 127.0.0.1 - - [08/Feb/2024 11:03:43] "[36mGET /static/img/3.jpg HTTP/1.1[0m" 304 -
[2024-02-08 11:03:43,843] INFO in _internal: 127.0.0.1 - - [08/Feb/2024 11:03:43] "[36mGET /static/img/2.jpg HTTP/1.1[0m" 304 -
[2024-02-08 11:03:43,847] INFO in _internal: 127.0.0.1 - - [08/Feb/2024 11:03:43] "[36mGET /static/img/20.jpg HTTP/1.1[0m" 304 -
[2024-02-08 11:03:43,855] INFO in _internal: 127.0.0.1 - - [08/Feb/2024 11:03:43] "[36mGET /static/img/19.jpg HTTP/1.1[0m" 304 -
[2024-02-08 11:03:43,863] INFO in _internal: 127.0.0.1 - - [08/Feb/2024 11:03:43] "[36mGET /static/img/4.jpg HTTP/1.1[0m" 304 -
[2024-02-08 11:03:43,867] INFO in _internal: 127.0.0.1 - - [08/Feb/2024 11:03:43] "[36mGET /static/img/21.jpg HTTP/1.1[0m" 304 -
[2024-02-08 11:03:43,871] INFO in _internal: 127.0.0.1 - - [08/Feb/2024 11:03:43] "[36mGET /static/img/23.jpg HTTP/1.1[0m" 304 -
[2024-02-08 11:03:43,875] INFO in _internal: 127.0.0.1 - - [08/Feb/2024 11:03:43] "[36mGET /static/img/22.jpg HTTP/1.1[0m" 304 -
[2024-02-08 11:28:25,680] INFO in _internal: 127.0.0.1 - - [08/Feb/2024 11:28:25] "GET / HTTP/1.1" 200 -
[2024-02-08 11:28:25,719] INFO in _internal: 127.0.0.1 - - [08/Feb/2024 11:28:25] "[36mGET /static/img/logo.png HTTP/1.1[0m" 304 -
[2024-02-08 11:28:25,731] INFO in _internal: 127.0.0.1 - - [08/Feb/2024 11:28:25] "[36mGET /static/css/templatemo-style.css HTTP/1.1[0m" 304 -
[2024-02-08 11:28:25,739] INFO in _internal: 127.0.0.1 - - [08/Feb/2024 11:28:25] "[36mGET /static/css/index.css HTTP/1.1[0m" 304 -
[2024-02-08 11:28:26,031] INFO in _internal: 127.0.0.1 - - [08/Feb/2024 11:28:26] "GET /sensing_data HTTP/1.1" 200 -
[2024-02-08 11:34:07,846] INFO in _internal: 127.0.0.1 - - [08/Feb/2024 11:34:07] "GET /escort HTTP/1.1" 200 -
[2024-02-08 11:34:07,887] INFO in _internal: 127.0.0.1 - - [08/Feb/2024 11:34:07] "[36mGET /static/img/logo.png HTTP/1.1[0m" 304 -
[2024-02-08 11:34:07,894] INFO in _internal: 127.0.0.1 - - [08/Feb/2024 11:34:07] "GET /static/css/escort.css HTTP/1.1" 200 -
[2024-02-08 11:34:07,899] INFO in _internal: 127.0.0.1 - - [08/Feb/2024 11:34:07] "GET /static/img/area.png HTTP/1.1" 200 -
[2024-02-08 11:34:07,910] INFO in _internal: 127.0.0.1 - - [08/Feb/2024 11:34:07] "GET /static/js/escort.js HTTP/1.1" 200 -
[2024-02-08 11:34:07,939] INFO in _internal: 127.0.0.1 - - [08/Feb/2024 11:34:07] "[36mGET /static/img/1.jpg HTTP/1.1[0m" 304 -
[2024-02-08 11:34:07,946] INFO in _internal: 127.0.0.1 - - [08/Feb/2024 11:34:07] "[36mGET /static/img/2.jpg HTTP/1.1[0m" 304 -
[2024-02-08 11:34:07,952] INFO in _internal: 127.0.0.1 - - [08/Feb/2024 11:34:07] "[36mGET /static/img/3.jpg HTTP/1.1[0m" 304 -
[2024-02-08 11:34:07,960] INFO in _internal: 127.0.0.1 - - [08/Feb/2024 11:34:07] "[36mGET /static/img/4.jpg HTTP/1.1[0m" 304 -
[2024-02-08 11:34:07,982] INFO in _internal: 127.0.0.1 - - [08/Feb/2024 11:34:07] "[36mGET /static/img/19.jpg HTTP/1.1[0m" 304 -
[2024-02-08 11:34:07,984] INFO in _internal: 127.0.0.1 - - [08/Feb/2024 11:34:07] "[36mGET /static/img/21.jpg HTTP/1.1[0m" 304 -
[2024-02-08 11:34:07,988] INFO in _internal: 127.0.0.1 - - [08/Feb/2024 11:34:07] "[36mGET /static/img/20.jpg HTTP/1.1[0m" 304 -
[2024-02-08 11:34:08,011] INFO in _internal: 127.0.0.1 - - [08/Feb/2024 11:34:08] "[36mGET /static/img/22.jpg HTTP/1.1[0m" 304 -
[2024-02-08 11:34:14,225] INFO in _internal: 127.0.0.1 - - [08/Feb/2024 11:34:14] "[33mGET /escort¤½2 HTTP/1.1[0m" 404 -
[2024-02-08 11:34:17,217] INFO in _internal: 127.0.0.1 - - [08/Feb/2024 11:34:17] "GET /escortv2 HTTP/1.1" 200 -
[2024-02-08 11:34:17,244] INFO in _internal: 127.0.0.1 - - [08/Feb/2024 11:34:17] "[36mGET /static/css/escortv2.css HTTP/1.1[0m" 304 -
[2024-02-08 11:34:17,245] INFO in _internal: 127.0.0.1 - - [08/Feb/2024 11:34:17] "[36mGET /static/img/logo.png HTTP/1.1[0m" 304 -
[2024-02-08 11:34:17,245] INFO in _internal: 127.0.0.1 - - [08/Feb/2024 11:34:17] "[36mGET /static/js/escortv2.js HTTP/1.1[0m" 304 -
[2024-02-08 11:34:17,292] INFO in _internal: 127.0.0.1 - - [08/Feb/2024 11:34:17] "[36mGET /static/img/1.jpg HTTP/1.1[0m" 304 -
[2024-02-08 11:34:17,294] INFO in _internal: 127.0.0.1 - - [08/Feb/2024 11:34:17] "[36mGET /static/img/2.jpg HTTP/1.1[0m" 304 -
[2024-02-08 11:34:17,294] INFO in _internal: 127.0.0.1 - - [08/Feb/2024 11:34:17] "[36mGET /static/img/3.jpg HTTP/1.1[0m" 304 -
[2024-02-08 11:34:17,296] INFO in _internal: 127.0.0.1 - - [08/Feb/2024 11:34:17] "[36mGET /static/img/4.jpg HTTP/1.1[0m" 304 -
[2024-02-08 11:34:17,300] INFO in _internal: 127.0.0.1 - - [08/Feb/2024 11:34:17] "[36mGET /static/img/19.jpg HTTP/1.1[0m" 304 -
[2024-02-08 11:34:17,316] INFO in _internal: 127.0.0.1 - - [08/Feb/2024 11:34:17] "[36mGET /static/img/20.jpg HTTP/1.1[0m" 304 -
[2024-02-08 11:34:17,333] INFO in _internal: 127.0.0.1 - - [08/Feb/2024 11:34:17] "[36mGET /static/img/21.jpg HTTP/1.1[0m" 304 -
[2024-02-08 11:34:17,335] INFO in _internal: 127.0.0.1 - - [08/Feb/2024 11:34:17] "[36mGET /static/img/23.jpg HTTP/1.1[0m" 304 -
[2024-02-08 11:34:17,337] INFO in _internal: 127.0.0.1 - - [08/Feb/2024 11:34:17] "[36mGET /static/img/22.jpg HTTP/1.1[0m" 304 -
[2024-02-08 11:34:19,540] INFO in _internal: 127.0.0.1 - - [08/Feb/2024 11:34:19] "GET / HTTP/1.1" 200 -
[2024-02-08 11:34:19,569] INFO in _internal: 127.0.0.1 - - [08/Feb/2024 11:34:19] "[36mGET /static/css/templatemo-style.css HTTP/1.1[0m" 304 -
[2024-02-08 11:34:19,571] INFO in _internal: 127.0.0.1 - - [08/Feb/2024 11:34:19] "[36mGET /static/css/index.css HTTP/1.1[0m" 304 -
[2024-02-08 11:34:19,573] INFO in _internal: 127.0.0.1 - - [08/Feb/2024 11:34:19] "[36mGET /static/img/logo.png HTTP/1.1[0m" 304 -
[2024-02-08 11:34:19,789] INFO in _internal: 127.0.0.1 - - [08/Feb/2024 11:34:19] "GET /sensing_data HTTP/1.1" 200 -
[2024-02-08 11:34:21,056] INFO in _internal: 127.0.0.1 - - [08/Feb/2024 11:34:21] "GET /info HTTP/1.1" 200 -
[2024-02-08 11:34:21,076] INFO in _internal: 127.0.0.1 - - [08/Feb/2024 11:34:21] "[36mGET /static/img/logo.png HTTP/1.1[0m" 304 -
[2024-02-08 11:34:21,090] INFO in _internal: 127.0.0.1 - - [08/Feb/2024 11:34:21] "GET /static/css/info.css HTTP/1.1" 200 -
[2024-02-08 11:34:21,093] INFO in _internal: 127.0.0.1 - - [08/Feb/2024 11:34:21] "GET /static/js/info.js HTTP/1.1" 200 -
[2024-02-08 11:34:21,170] INFO in _internal: 127.0.0.1 - - [08/Feb/2024 11:34:21] "GET /static/img/img-2.png HTTP/1.1" 200 -
[2024-02-08 11:34:21,170] INFO in _internal: 127.0.0.1 - - [08/Feb/2024 11:34:21] "GET /static/img/img-3.png HTTP/1.1" 200 -
[2024-02-08 11:34:21,172] INFO in _internal: 127.0.0.1 - - [08/Feb/2024 11:34:21] "GET /static/img/img-4.png HTTP/1.1" 200 -
[2024-02-08 11:34:21,191] INFO in _internal: 127.0.0.1 - - [08/Feb/2024 11:34:21] "GET /static/img/img-5.png HTTP/1.1" 200 -
[2024-02-08 11:34:21,261] INFO in _internal: 127.0.0.1 - - [08/Feb/2024 11:34:21] "GET /static/img/img-7.png HTTP/1.1" 200 -
[2024-02-08 11:34:21,267] INFO in _internal: 127.0.0.1 - - [08/Feb/2024 11:34:21] "GET /static/img/img-8.png HTTP/1.1" 200 -
[2024-02-08 11:34:21,301] INFO in _internal: 127.0.0.1 - - [08/Feb/2024 11:34:21] "GET /static/img/img-45.png HTTP/1.1" 200 -
[2024-02-08 11:34:21,343] INFO in _internal: 127.0.0.1 - - [08/Feb/2024 11:34:21] "GET /static/img/img-48.png HTTP/1.1" 200 -
[2024-02-08 11:34:21,527] INFO in _internal: 127.0.0.1 - - [08/Feb/2024 11:34:21] "GET /static/img/img-47.png HTTP/1.1" 200 -
[2024-02-08 11:34:21,550] INFO in _internal: 127.0.0.1 - - [08/Feb/2024 11:34:21] "GET /static/img/img-9.png HTTP/1.1" 200 -
[2024-02-08 11:34:22,120] INFO in _internal: 127.0.0.1 - - [08/Feb/2024 11:34:22] "GET /static/img/img-1.png HTTP/1.1" 200 -
[2024-02-08 11:34:22,202] INFO in _internal: 127.0.0.1 - - [08/Feb/2024 11:34:22] "GET /static/img/img-6.png HTTP/1.1" 200 -
[2024-02-08 11:34:22,225] INFO in _internal: 127.0.0.1 - - [08/Feb/2024 11:34:22] "GET /static/img/img-12.png HTTP/1.1" 200 -
[2024-02-08 11:34:22,258] INFO in _internal: 127.0.0.1 - - [08/Feb/2024 11:34:22] "GET /static/img/img-15.png HTTP/1.1" 200 -
[2024-02-08 11:34:22,411] INFO in _internal: 127.0.0.1 - - [08/Feb/2024 11:34:22] "GET /static/img/img-46.png HTTP/1.1" 200 -
[2024-02-08 11:34:22,432] INFO in _internal: 127.0.0.1 - - [08/Feb/2024 11:34:22] "GET /static/img/img-14.png HTTP/1.1" 200 -
[2024-02-08 11:34:22,447] INFO in _internal: 127.0.0.1 - - [08/Feb/2024 11:34:22] "GET /static/img/img-16.png HTTP/1.1" 200 -
[2024-02-08 11:34:22,471] INFO in _internal: 127.0.0.1 - - [08/Feb/2024 11:34:22] "GET /static/img/img-17.png HTTP/1.1" 200 -
[2024-02-08 11:34:22,511] INFO in _internal: 127.0.0.1 - - [08/Feb/2024 11:34:22] "GET /static/img/img-18.png HTTP/1.1" 200 -
[2024-02-08 11:34:22,540] INFO in _internal: 127.0.0.1 - - [08/Feb/2024 11:34:22] "GET /static/img/img-20.png HTTP/1.1" 200 -
[2024-02-08 11:34:22,594] INFO in _internal: 127.0.0.1 - - [08/Feb/2024 11:34:22] "GET /static/img/img-10.png HTTP/1.1" 200 -
[2024-02-08 11:34:22,624] INFO in _internal: 127.0.0.1 - - [08/Feb/2024 11:34:22] "GET /escort HTTP/1.1" 200 -
[2024-02-08 11:34:22,700] INFO in _internal: 127.0.0.1 - - [08/Feb/2024 11:34:22] "[36mGET /static/css/escort.css HTTP/1.1[0m" 304 -
[2024-02-08 11:34:22,702] INFO in _internal: 127.0.0.1 - - [08/Feb/2024 11:34:22] "[36mGET /static/img/logo.png HTTP/1.1[0m" 304 -
[2024-02-08 11:34:22,702] INFO in _internal: 127.0.0.1 - - [08/Feb/2024 11:34:22] "[36mGET /static/img/area.png HTTP/1.1[0m" 304 -
[2024-02-08 11:34:22,703] INFO in _internal: 127.0.0.1 - - [08/Feb/2024 11:34:22] "[36mGET /static/js/escort.js HTTP/1.1[0m" 304 -
[2024-02-08 11:34:22,729] INFO in _internal: 127.0.0.1 - - [08/Feb/2024 11:34:22] "[36mGET /static/img/1.jpg HTTP/1.1[0m" 304 -
[2024-02-08 11:34:22,738] INFO in _internal: 127.0.0.1 - - [08/Feb/2024 11:34:22] "[36mGET /static/img/2.jpg HTTP/1.1[0m" 304 -
[2024-02-08 11:34:22,789] INFO in _internal: 127.0.0.1 - - [08/Feb/2024 11:34:22] "[36mGET /static/img/3.jpg HTTP/1.1[0m" 304 -
[2024-02-08 11:34:22,808] INFO in _internal: 127.0.0.1 - - [08/Feb/2024 11:34:22] "[36mGET /static/img/4.jpg HTTP/1.1[0m" 304 -
[2024-02-08 11:34:22,814] INFO in _internal: 127.0.0.1 - - [08/Feb/2024 11:34:22] "[36mGET /static/img/20.jpg HTTP/1.1[0m" 304 -
[2024-02-08 11:34:22,824] INFO in _internal: 127.0.0.1 - - [08/Feb/2024 11:34:22] "[36mGET /static/img/19.jpg HTTP/1.1[0m" 304 -
[2024-02-08 11:34:22,844] INFO in _internal: 127.0.0.1 - - [08/Feb/2024 11:34:22] "[36mGET /static/img/21.jpg HTTP/1.1[0m" 304 -
[2024-02-08 11:34:22,858] INFO in _internal: 127.0.0.1 - - [08/Feb/2024 11:34:22] "[36mGET /static/img/22.jpg HTTP/1.1[0m" 304 -
[2024-02-08 11:34:23,027] INFO in _internal: 127.0.0.1 - - [08/Feb/2024 11:34:23] "GET /static/img/img-11.png HTTP/1.1" 200 -
[2024-02-08 11:34:23,049] INFO in _internal: 127.0.0.1 - - [08/Feb/2024 11:34:23] "GET /static/img/img-22.png HTTP/1.1" 200 -
[2024-02-08 11:34:23,179] INFO in _internal: 127.0.0.1 - - [08/Feb/2024 11:34:23] "GET /static/img/img-13.png HTTP/1.1" 200 -
[2024-02-08 11:34:23,200] INFO in _internal: 127.0.0.1 - - [08/Feb/2024 11:34:23] "GET /static/img/img-24.png HTTP/1.1" 200 -
[2024-02-08 11:34:23,412] INFO in _internal: 127.0.0.1 - - [08/Feb/2024 11:34:23] "GET /static/img/img-19.png HTTP/1.1" 200 -
[2024-02-08 11:34:23,465] INFO in _internal: 127.0.0.1 - - [08/Feb/2024 11:34:23] "GET /static/img/img-21.png HTTP/1.1" 200 -
[2024-02-08 11:34:23,494] INFO in _internal: 127.0.0.1 - - [08/Feb/2024 11:34:23] "GET /static/img/img-23.png HTTP/1.1" 200 -
[2024-02-08 11:34:26,119] INFO in _internal: 127.0.0.1 - - [08/Feb/2024 11:34:26] "GET /escortv2 HTTP/1.1" 200 -
[2024-02-08 11:34:26,142] INFO in _internal: 127.0.0.1 - - [08/Feb/2024 11:34:26] "[36mGET /static/css/escortv2.css HTTP/1.1[0m" 304 -
[2024-02-08 11:34:26,143] INFO in _internal: 127.0.0.1 - - [08/Feb/2024 11:34:26] "[36mGET /static/img/logo.png HTTP/1.1[0m" 304 -
[2024-02-08 11:34:26,147] INFO in _internal: 127.0.0.1 - - [08/Feb/2024 11:34:26] "[36mGET /static/js/escortv2.js HTTP/1.1[0m" 304 -
[2024-02-08 11:34:26,202] INFO in _internal: 127.0.0.1 - - [08/Feb/2024 11:34:26] "[36mGET /static/img/1.jpg HTTP/1.1[0m" 304 -
[2024-02-08 11:34:26,208] INFO in _internal: 127.0.0.1 - - [08/Feb/2024 11:34:26] "[36mGET /static/img/3.jpg HTTP/1.1[0m" 304 -
[2024-02-08 11:34:26,214] INFO in _internal: 127.0.0.1 - - [08/Feb/2024 11:34:26] "[36mGET /static/img/4.jpg HTTP/1.1[0m" 304 -
[2024-02-08 11:34:26,215] INFO in _internal: 127.0.0.1 - - [08/Feb/2024 11:34:26] "[36mGET /static/img/2.jpg HTTP/1.1[0m" 304 -
[2024-02-08 11:34:26,220] INFO in _internal: 127.0.0.1 - - [08/Feb/2024 11:34:26] "[36mGET /static/img/19.jpg HTTP/1.1[0m" 304 -
[2024-02-08 11:34:26,234] INFO in _internal: 127.0.0.1 - - [08/Feb/2024 11:34:26] "[36mGET /static/img/20.jpg HTTP/1.1[0m" 304 -
[2024-02-08 11:34:26,237] INFO in _internal: 127.0.0.1 - - [08/Feb/2024 11:34:26] "[36mGET /static/img/21.jpg HTTP/1.1[0m" 304 -
[2024-02-08 11:34:26,241] INFO in _internal: 127.0.0.1 - - [08/Feb/2024 11:34:26] "[36mGET /static/img/22.jpg HTTP/1.1[0m" 304 -
[2024-02-08 11:34:26,249] INFO in _internal: 127.0.0.1 - - [08/Feb/2024 11:34:26] "[36mGET /static/img/23.jpg HTTP/1.1[0m" 304 -
[2024-02-08 11:37:02,733] INFO in _internal: 127.0.0.1 - - [08/Feb/2024 11:37:02] "GET /escortv2 HTTP/1.1" 200 -
[2024-02-08 11:37:02,760] INFO in _internal: 127.0.0.1 - - [08/Feb/2024 11:37:02] "GET /static/css/escortv2.css HTTP/1.1" 200 -
[2024-02-08 11:37:02,762] INFO in _internal: 127.0.0.1 - - [08/Feb/2024 11:37:02] "[36mGET /static/img/logo.png HTTP/1.1[0m" 304 -
[2024-02-08 11:37:02,767] INFO in _internal: 127.0.0.1 - - [08/Feb/2024 11:37:02] "[36mGET /static/js/escortv2.js HTTP/1.1[0m" 304 -
[2024-02-08 11:37:02,806] INFO in _internal: 127.0.0.1 - - [08/Feb/2024 11:37:02] "[36mGET /static/img/2.jpg HTTP/1.1[0m" 304 -
[2024-02-08 11:37:02,807] INFO in _internal: 127.0.0.1 - - [08/Feb/2024 11:37:02] "[36mGET /static/img/1.jpg HTTP/1.1[0m" 304 -
[2024-02-08 11:37:02,812] INFO in _internal: 127.0.0.1 - - [08/Feb/2024 11:37:02] "[36mGET /static/img/3.jpg HTTP/1.1[0m" 304 -
[2024-02-08 11:37:02,832] INFO in _internal: 127.0.0.1 - - [08/Feb/2024 11:37:02] "[36mGET /static/img/4.jpg HTTP/1.1[0m" 304 -
[2024-02-08 11:37:02,842] INFO in _internal: 127.0.0.1 - - [08/Feb/2024 11:37:02] "[36mGET /static/img/19.jpg HTTP/1.1[0m" 304 -
[2024-02-08 11:37:02,847] INFO in _internal: 127.0.0.1 - - [08/Feb/2024 11:37:02] "[36mGET /static/img/21.jpg HTTP/1.1[0m" 304 -
[2024-02-08 11:37:02,851] INFO in _internal: 127.0.0.1 - - [08/Feb/2024 11:37:02] "[36mGET /static/img/20.jpg HTTP/1.1[0m" 304 -
[2024-02-08 11:37:02,856] INFO in _internal: 127.0.0.1 - - [08/Feb/2024 11:37:02] "[36mGET /static/img/22.jpg HTTP/1.1[0m" 304 -
[2024-02-08 11:37:02,860] INFO in _internal: 127.0.0.1 - - [08/Feb/2024 11:37:02] "[36mGET /static/img/23.jpg HTTP/1.1[0m" 304 -
[2024-02-08 11:38:23,142] INFO in _internal: 127.0.0.1 - - [08/Feb/2024 11:38:23] "GET /escortv2 HTTP/1.1" 200 -
[2024-02-08 11:38:23,165] INFO in _internal: 127.0.0.1 - - [08/Feb/2024 11:38:23] "GET /static/css/escortv2.css HTTP/1.1" 200 -
[2024-02-08 11:38:23,167] INFO in _internal: 127.0.0.1 - - [08/Feb/2024 11:38:23] "[36mGET /static/img/logo.png HTTP/1.1[0m" 304 -
[2024-02-08 11:38:23,168] INFO in _internal: 127.0.0.1 - - [08/Feb/2024 11:38:23] "[36mGET /static/js/escortv2.js HTTP/1.1[0m" 304 -
[2024-02-08 11:38:23,234] INFO in _internal: 127.0.0.1 - - [08/Feb/2024 11:38:23] "[36mGET /static/img/1.jpg HTTP/1.1[0m" 304 -
[2024-02-08 11:38:23,239] INFO in _internal: 127.0.0.1 - - [08/Feb/2024 11:38:23] "[36mGET /static/img/2.jpg HTTP/1.1[0m" 304 -
[2024-02-08 11:38:23,247] INFO in _internal: 127.0.0.1 - - [08/Feb/2024 11:38:23] "[36mGET /static/img/3.jpg HTTP/1.1[0m" 304 -
[2024-02-08 11:38:23,250] INFO in _internal: 127.0.0.1 - - [08/Feb/2024 11:38:23] "[36mGET /static/img/4.jpg HTTP/1.1[0m" 304 -
[2024-02-08 11:38:23,257] INFO in _internal: 127.0.0.1 - - [08/Feb/2024 11:38:23] "[36mGET /static/img/19.jpg HTTP/1.1[0m" 304 -
[2024-02-08 11:38:23,271] INFO in _internal: 127.0.0.1 - - [08/Feb/2024 11:38:23] "[36mGET /static/img/20.jpg HTTP/1.1[0m" 304 -
[2024-02-08 11:38:23,276] INFO in _internal: 127.0.0.1 - - [08/Feb/2024 11:38:23] "[36mGET /static/img/21.jpg HTTP/1.1[0m" 304 -
[2024-02-08 11:38:23,279] INFO in _internal: 127.0.0.1 - - [08/Feb/2024 11:38:23] "[36mGET /static/img/22.jpg HTTP/1.1[0m" 304 -
[2024-02-08 11:38:23,284] INFO in _internal: 127.0.0.1 - - [08/Feb/2024 11:38:23] "[36mGET /static/img/23.jpg HTTP/1.1[0m" 304 -
[2024-02-08 11:50:17,834] INFO in _internal: 127.0.0.1 - - [08/Feb/2024 11:50:17] "GET / HTTP/1.1" 200 -
[2024-02-08 11:50:17,861] INFO in _internal: 127.0.0.1 - - [08/Feb/2024 11:50:17] "[36mGET /static/css/templatemo-style.css HTTP/1.1[0m" 304 -
[2024-02-08 11:50:17,865] INFO in _internal: 127.0.0.1 - - [08/Feb/2024 11:50:17] "[36mGET /static/css/index.css HTTP/1.1[0m" 304 -
[2024-02-08 11:50:17,874] INFO in _internal: 127.0.0.1 - - [08/Feb/2024 11:50:17] "[36mGET /static/img/logo.png HTTP/1.1[0m" 304 -
[2024-02-08 11:50:18,172] INFO in _internal: 127.0.0.1 - - [08/Feb/2024 11:50:18] "GET /sensing_data HTTP/1.1" 200 -
[2024-02-08 11:53:12,761] INFO in _internal: 127.0.0.1 - - [08/Feb/2024 11:53:12] "GET / HTTP/1.1" 200 -
[2024-02-08 11:53:12,794] INFO in _internal: 127.0.0.1 - - [08/Feb/2024 11:53:12] "[36mGET /static/css/templatemo-style.css HTTP/1.1[0m" 304 -
[2024-02-08 11:53:12,795] INFO in _internal: 127.0.0.1 - - [08/Feb/2024 11:53:12] "GET /static/css/index.css HTTP/1.1" 200 -
[2024-02-08 11:53:12,796] INFO in _internal: 127.0.0.1 - - [08/Feb/2024 11:53:12] "[36mGET /static/img/logo.png HTTP/1.1[0m" 304 -
[2024-02-08 11:53:13,032] INFO in _internal: 127.0.0.1 - - [08/Feb/2024 11:53:13] "GET /sensing_data HTTP/1.1" 200 -
[2024-02-08 11:53:27,388] INFO in _internal: 127.0.0.1 - - [08/Feb/2024 11:53:27] "GET / HTTP/1.1" 200 -
[2024-02-08 11:53:27,408] INFO in _internal: 127.0.0.1 - - [08/Feb/2024 11:53:27] "[36mGET /static/css/templatemo-style.css HTTP/1.1[0m" 304 -
[2024-02-08 11:53:27,409] INFO in _internal: 127.0.0.1 - - [08/Feb/2024 11:53:27] "GET /static/css/index.css HTTP/1.1" 200 -
[2024-02-08 11:53:27,409] INFO in _internal: 127.0.0.1 - - [08/Feb/2024 11:53:27] "[36mGET /static/img/logo.png HTTP/1.1[0m" 304 -
[2024-02-08 11:53:27,591] INFO in _internal: 127.0.0.1 - - [08/Feb/2024 11:53:27] "GET /sensing_data HTTP/1.1" 200 -
[2024-02-08 11:53:28,788] INFO in _internal: 127.0.0.1 - - [08/Feb/2024 11:53:28] "GET / HTTP/1.1" 200 -
[2024-02-08 11:53:28,805] INFO in _internal: 127.0.0.1 - - [08/Feb/2024 11:53:28] "[36mGET /static/css/templatemo-style.css HTTP/1.1[0m" 304 -
[2024-02-08 11:53:28,807] INFO in _internal: 127.0.0.1 - - [08/Feb/2024 11:53:28] "[36mGET /static/img/logo.png HTTP/1.1[0m" 304 -
[2024-02-08 11:53:28,807] INFO in _internal: 127.0.0.1 - - [08/Feb/2024 11:53:28] "[36mGET /static/css/index.css HTTP/1.1[0m" 304 -
[2024-02-08 11:53:29,000] INFO in _internal: 127.0.0.1 - - [08/Feb/2024 11:53:29] "GET /sensing_data HTTP/1.1" 200 -
[2024-02-08 11:53:54,904] INFO in _internal: 127.0.0.1 - - [08/Feb/2024 11:53:54] "GET / HTTP/1.1" 200 -
[2024-02-08 11:53:54,929] INFO in _internal: 127.0.0.1 - - [08/Feb/2024 11:53:54] "[36mGET /static/css/templatemo-style.css HTTP/1.1[0m" 304 -
[2024-02-08 11:53:54,931] INFO in _internal: 127.0.0.1 - - [08/Feb/2024 11:53:54] "[36mGET /static/css/index.css HTTP/1.1[0m" 304 -
[2024-02-08 11:53:54,933] INFO in _internal: 127.0.0.1 - - [08/Feb/2024 11:53:54] "[36mGET /static/img/logo.png HTTP/1.1[0m" 304 -
[2024-02-08 11:53:55,120] INFO in _internal: 127.0.0.1 - - [08/Feb/2024 11:53:55] "GET /sensing_data HTTP/1.1" 200 -
[2024-02-08 11:53:56,077] INFO in _internal: 127.0.0.1 - - [08/Feb/2024 11:53:56] "GET / HTTP/1.1" 200 -
[2024-02-08 11:53:56,096] INFO in _internal: 127.0.0.1 - - [08/Feb/2024 11:53:56] "[36mGET /static/css/index.css HTTP/1.1[0m" 304 -
[2024-02-08 11:53:56,097] INFO in _internal: 127.0.0.1 - - [08/Feb/2024 11:53:56] "[36mGET /static/css/templatemo-style.css HTTP/1.1[0m" 304 -
[2024-02-08 11:53:56,097] INFO in _internal: 127.0.0.1 - - [08/Feb/2024 11:53:56] "[36mGET /static/img/logo.png HTTP/1.1[0m" 304 -
[2024-02-08 11:53:56,283] INFO in _internal: 127.0.0.1 - - [08/Feb/2024 11:53:56] "GET /sensing_data HTTP/1.1" 200 -
[2024-02-08 11:53:56,768] INFO in _internal: 127.0.0.1 - - [08/Feb/2024 11:53:56] "GET / HTTP/1.1" 200 -
[2024-02-08 11:53:56,789] INFO in _internal: 127.0.0.1 - - [08/Feb/2024 11:53:56] "[36mGET /static/css/index.css HTTP/1.1[0m" 304 -
[2024-02-08 11:53:56,790] INFO in _internal: 127.0.0.1 - - [08/Feb/2024 11:53:56] "[36mGET /static/img/logo.png HTTP/1.1[0m" 304 -
[2024-02-08 11:53:56,790] INFO in _internal: 127.0.0.1 - - [08/Feb/2024 11:53:56] "[36mGET /static/css/templatemo-style.css HTTP/1.1[0m" 304 -
[2024-02-08 11:53:56,967] INFO in _internal: 127.0.0.1 - - [08/Feb/2024 11:53:56] "GET /sensing_data HTTP/1.1" 200 -
[2024-02-08 11:53:57,369] INFO in _internal: 127.0.0.1 - - [08/Feb/2024 11:53:57] "GET / HTTP/1.1" 200 -
[2024-02-08 11:53:57,387] INFO in _internal: 127.0.0.1 - - [08/Feb/2024 11:53:57] "[36mGET /static/css/templatemo-style.css HTTP/1.1[0m" 304 -
[2024-02-08 11:53:57,388] INFO in _internal: 127.0.0.1 - - [08/Feb/2024 11:53:57] "[36mGET /static/css/index.css HTTP/1.1[0m" 304 -
[2024-02-08 11:53:57,388] INFO in _internal: 127.0.0.1 - - [08/Feb/2024 11:53:57] "[36mGET /static/img/logo.png HTTP/1.1[0m" 304 -
[2024-02-08 11:53:57,590] INFO in _internal: 127.0.0.1 - - [08/Feb/2024 11:53:57] "GET /sensing_data HTTP/1.1" 200 -
[2024-02-08 11:53:57,956] INFO in _internal: 127.0.0.1 - - [08/Feb/2024 11:53:57] "GET / HTTP/1.1" 200 -
[2024-02-08 11:53:57,972] INFO in _internal: 127.0.0.1 - - [08/Feb/2024 11:53:57] "[36mGET /static/css/templatemo-style.css HTTP/1.1[0m" 304 -
[2024-02-08 11:53:57,973] INFO in _internal: 127.0.0.1 - - [08/Feb/2024 11:53:57] "[36mGET /static/css/index.css HTTP/1.1[0m" 304 -
[2024-02-08 11:53:57,974] INFO in _internal: 127.0.0.1 - - [08/Feb/2024 11:53:57] "[36mGET /static/img/logo.png HTTP/1.1[0m" 304 -
[2024-02-08 11:53:58,160] INFO in _internal: 127.0.0.1 - - [08/Feb/2024 11:53:58] "GET /sensing_data HTTP/1.1" 200 -
[2024-02-08 11:53:58,534] INFO in _internal: 127.0.0.1 - - [08/Feb/2024 11:53:58] "GET / HTTP/1.1" 200 -
[2024-02-08 11:53:58,549] INFO in _internal: 127.0.0.1 - - [08/Feb/2024 11:53:58] "[36mGET /static/css/templatemo-style.css HTTP/1.1[0m" 304 -
[2024-02-08 11:53:58,552] INFO in _internal: 127.0.0.1 - - [08/Feb/2024 11:53:58] "[36mGET /static/css/index.css HTTP/1.1[0m" 304 -
[2024-02-08 11:53:58,553] INFO in _internal: 127.0.0.1 - - [08/Feb/2024 11:53:58] "[36mGET /static/img/logo.png HTTP/1.1[0m" 304 -
[2024-02-08 11:53:58,772] INFO in _internal: 127.0.0.1 - - [08/Feb/2024 11:53:58] "GET /sensing_data HTTP/1.1" 200 -
[2024-02-08 11:54:05,327] INFO in _internal: 127.0.0.1 - - [08/Feb/2024 11:54:05] "GET / HTTP/1.1" 200 -
[2024-02-08 11:54:05,344] INFO in _internal: 127.0.0.1 - - [08/Feb/2024 11:54:05] "[36mGET /static/css/templatemo-style.css HTTP/1.1[0m" 304 -
[2024-02-08 11:54:05,347] INFO in _internal: 127.0.0.1 - - [08/Feb/2024 11:54:05] "[36mGET /static/css/index.css HTTP/1.1[0m" 304 -
[2024-02-08 11:54:05,348] INFO in _internal: 127.0.0.1 - - [08/Feb/2024 11:54:05] "[36mGET /static/img/logo.png HTTP/1.1[0m" 304 -
[2024-02-08 11:54:05,528] INFO in _internal: 127.0.0.1 - - [08/Feb/2024 11:54:05] "GET /sensing_data HTTP/1.1" 200 -
[2024-02-08 11:54:16,826] INFO in _internal: 127.0.0.1 - - [08/Feb/2024 11:54:16] "GET / HTTP/1.1" 200 -
[2024-02-08 11:54:16,844] INFO in _internal: 127.0.0.1 - - [08/Feb/2024 11:54:16] "[36mGET /static/css/templatemo-style.css HTTP/1.1[0m" 304 -
[2024-02-08 11:54:16,844] INFO in _internal: 127.0.0.1 - - [08/Feb/2024 11:54:16] "[36mGET /static/css/index.css HTTP/1.1[0m" 304 -
[2024-02-08 11:54:16,845] INFO in _internal: 127.0.0.1 - - [08/Feb/2024 11:54:16] "[36mGET /static/img/logo.png HTTP/1.1[0m" 304 -
[2024-02-08 11:54:17,029] INFO in _internal: 127.0.0.1 - - [08/Feb/2024 11:54:17] "GET /sensing_data HTTP/1.1" 200 -
[2024-02-08 11:54:18,069] INFO in _internal: 127.0.0.1 - - [08/Feb/2024 11:54:18] "GET / HTTP/1.1" 200 -
[2024-02-08 11:54:18,086] INFO in _internal: 127.0.0.1 - - [08/Feb/2024 11:54:18] "[36mGET /static/css/templatemo-style.css HTTP/1.1[0m" 304 -
[2024-02-08 11:54:18,088] INFO in _internal: 127.0.0.1 - - [08/Feb/2024 11:54:18] "[36mGET /static/img/logo.png HTTP/1.1[0m" 304 -
[2024-02-08 11:54:18,089] INFO in _internal: 127.0.0.1 - - [08/Feb/2024 11:54:18] "[36mGET /static/css/index.css HTTP/1.1[0m" 304 -
[2024-02-08 11:54:18,297] INFO in _internal: 127.0.0.1 - - [08/Feb/2024 11:54:18] "GET /sensing_data HTTP/1.1" 200 -
[2024-02-08 11:54:19,001] INFO in _internal: 127.0.0.1 - - [08/Feb/2024 11:54:19] "GET / HTTP/1.1" 200 -
[2024-02-08 11:54:19,019] INFO in _internal: 127.0.0.1 - - [08/Feb/2024 11:54:19] "[36mGET /static/css/templatemo-style.css HTTP/1.1[0m" 304 -
[2024-02-08 11:54:19,020] INFO in _internal: 127.0.0.1 - - [08/Feb/2024 11:54:19] "[36mGET /static/css/index.css HTTP/1.1[0m" 304 -
[2024-02-08 11:54:19,021] INFO in _internal: 127.0.0.1 - - [08/Feb/2024 11:54:19] "[36mGET /static/img/logo.png HTTP/1.1[0m" 304 -
[2024-02-08 11:54:19,212] INFO in _internal: 127.0.0.1 - - [08/Feb/2024 11:54:19] "GET /sensing_data HTTP/1.1" 200 -
[2024-02-08 11:54:19,617] INFO in _internal: 127.0.0.1 - - [08/Feb/2024 11:54:19] "GET / HTTP/1.1" 200 -
[2024-02-08 11:54:19,633] INFO in _internal: 127.0.0.1 - - [08/Feb/2024 11:54:19] "[36mGET /static/css/templatemo-style.css HTTP/1.1[0m" 304 -
[2024-02-08 11:54:19,635] INFO in _internal: 127.0.0.1 - - [08/Feb/2024 11:54:19] "[36mGET /static/css/index.css HTTP/1.1[0m" 304 -
[2024-02-08 11:54:19,636] INFO in _internal: 127.0.0.1 - - [08/Feb/2024 11:54:19] "[36mGET /static/img/logo.png HTTP/1.1[0m" 304 -
[2024-02-08 11:54:19,825] INFO in _internal: 127.0.0.1 - - [08/Feb/2024 11:54:19] "GET /sensing_data HTTP/1.1" 200 -
[2024-02-08 11:54:20,192] INFO in _internal: 127.0.0.1 - - [08/Feb/2024 11:54:20] "GET / HTTP/1.1" 200 -
[2024-02-08 11:54:20,209] INFO in _internal: 127.0.0.1 - - [08/Feb/2024 11:54:20] "[36mGET /static/css/templatemo-style.css HTTP/1.1[0m" 304 -
[2024-02-08 11:54:20,210] INFO in _internal: 127.0.0.1 - - [08/Feb/2024 11:54:20] "[36mGET /static/img/logo.png HTTP/1.1[0m" 304 -
[2024-02-08 11:54:20,210] INFO in _internal: 127.0.0.1 - - [08/Feb/2024 11:54:20] "[36mGET /static/css/index.css HTTP/1.1[0m" 304 -
[2024-02-08 11:54:20,382] INFO in _internal: 127.0.0.1 - - [08/Feb/2024 11:54:20] "GET /sensing_data HTTP/1.1" 200 -
[2024-02-08 11:54:20,728] INFO in _internal: 127.0.0.1 - - [08/Feb/2024 11:54:20] "GET / HTTP/1.1" 200 -
[2024-02-08 11:54:20,744] INFO in _internal: 127.0.0.1 - - [08/Feb/2024 11:54:20] "[36mGET /static/css/templatemo-style.css HTTP/1.1[0m" 304 -
[2024-02-08 11:54:20,745] INFO in _internal: 127.0.0.1 - - [08/Feb/2024 11:54:20] "[36mGET /static/css/index.css HTTP/1.1[0m" 304 -
[2024-02-08 11:54:20,748] INFO in _internal: 127.0.0.1 - - [08/Feb/2024 11:54:20] "[36mGET /static/img/logo.png HTTP/1.1[0m" 304 -
[2024-02-08 11:54:20,939] INFO in _internal: 127.0.0.1 - - [08/Feb/2024 11:54:20] "GET /sensing_data HTTP/1.1" 200 -
[2024-02-08 11:54:33,913] INFO in _internal: 127.0.0.1 - - [08/Feb/2024 11:54:33] "[36mGET /static/css/templatemo-style.css HTTP/1.1[0m" 304 -
[2024-02-08 11:54:33,913] INFO in _internal: 127.0.0.1 - - [08/Feb/2024 11:54:33] "[36mGET /static/css/index.css HTTP/1.1[0m" 304 -
[2024-02-08 11:56:46,586] INFO in _internal: 127.0.0.1 - - [08/Feb/2024 11:56:46] "GET / HTTP/1.1" 200 -
[2024-02-08 11:56:46,624] INFO in _internal: 127.0.0.1 - - [08/Feb/2024 11:56:46] "[36mGET /static/css/templatemo-style.css HTTP/1.1[0m" 304 -
[2024-02-08 11:56:46,628] INFO in _internal: 127.0.0.1 - - [08/Feb/2024 11:56:46] "[36mGET /static/css/index.css HTTP/1.1[0m" 304 -
[2024-02-08 11:56:46,631] INFO in _internal: 127.0.0.1 - - [08/Feb/2024 11:56:46] "[36mGET /static/img/logo.png HTTP/1.1[0m" 304 -
[2024-02-08 11:56:46,839] INFO in _internal: 127.0.0.1 - - [08/Feb/2024 11:56:46] "GET /sensing_data HTTP/1.1" 200 -
[2024-02-08 11:56:47,462] INFO in _internal: 127.0.0.1 - - [08/Feb/2024 11:56:47] "GET / HTTP/1.1" 200 -
[2024-02-08 11:56:47,485] INFO in _internal: 127.0.0.1 - - [08/Feb/2024 11:56:47] "[36mGET /static/css/templatemo-style.css HTTP/1.1[0m" 304 -
[2024-02-08 11:56:47,486] INFO in _internal: 127.0.0.1 - - [08/Feb/2024 11:56:47] "[36mGET /static/img/logo.png HTTP/1.1[0m" 304 -
[2024-02-08 11:56:47,487] INFO in _internal: 127.0.0.1 - - [08/Feb/2024 11:56:47] "[36mGET /static/css/index.css HTTP/1.1[0m" 304 -
[2024-02-08 11:56:47,697] INFO in _internal: 127.0.0.1 - - [08/Feb/2024 11:56:47] "GET /sensing_data HTTP/1.1" 200 -
[2024-02-08 11:56:48,422] INFO in _internal: 127.0.0.1 - - [08/Feb/2024 11:56:48] "GET / HTTP/1.1" 200 -
[2024-02-08 11:56:48,440] INFO in _internal: 127.0.0.1 - - [08/Feb/2024 11:56:48] "[36mGET /static/css/templatemo-style.css HTTP/1.1[0m" 304 -
[2024-02-08 11:56:48,445] INFO in _internal: 127.0.0.1 - - [08/Feb/2024 11:56:48] "[36mGET /static/css/index.css HTTP/1.1[0m" 304 -
[2024-02-08 11:56:48,446] INFO in _internal: 127.0.0.1 - - [08/Feb/2024 11:56:48] "[36mGET /static/img/logo.png HTTP/1.1[0m" 304 -
[2024-02-08 11:56:48,668] INFO in _internal: 127.0.0.1 - - [08/Feb/2024 11:56:48] "GET /sensing_data HTTP/1.1" 200 -
[2024-02-08 11:58:07,441] INFO in _internal: 127.0.0.1 - - [08/Feb/2024 11:58:07] "GET / HTTP/1.1" 200 -
[2024-02-08 11:58:07,469] INFO in _internal: 127.0.0.1 - - [08/Feb/2024 11:58:07] "[36mGET /static/img/logo.png HTTP/1.1[0m" 304 -
[2024-02-08 11:58:07,470] INFO in _internal: 127.0.0.1 - - [08/Feb/2024 11:58:07] "[36mGET /static/css/index.css HTTP/1.1[0m" 304 -
[2024-02-08 11:58:07,471] INFO in _internal: 127.0.0.1 - - [08/Feb/2024 11:58:07] "[36mGET /static/css/templatemo-style.css HTTP/1.1[0m" 304 -
[2024-02-08 11:58:07,686] INFO in _internal: 127.0.0.1 - - [08/Feb/2024 11:58:07] "GET /sensing_data HTTP/1.1" 200 -
[2024-02-08 11:58:21,895] INFO in _internal: 127.0.0.1 - - [08/Feb/2024 11:58:21] "GET / HTTP/1.1" 200 -
[2024-02-08 11:58:21,917] INFO in _internal: 127.0.0.1 - - [08/Feb/2024 11:58:21] "[36mGET /static/css/templatemo-style.css HTTP/1.1[0m" 304 -
[2024-02-08 11:58:21,919] INFO in _internal: 127.0.0.1 - - [08/Feb/2024 11:58:21] "[36mGET /static/css/index.css HTTP/1.1[0m" 304 -
[2024-02-08 11:58:21,920] INFO in _internal: 127.0.0.1 - - [08/Feb/2024 11:58:21] "[36mGET /static/img/logo.png HTTP/1.1[0m" 304 -
[2024-02-08 11:58:22,139] INFO in _internal: 127.0.0.1 - - [08/Feb/2024 11:58:22] "GET /sensing_data HTTP/1.1" 200 -
[2024-02-08 11:58:23,510] INFO in _internal: 127.0.0.1 - - [08/Feb/2024 11:58:23] "GET / HTTP/1.1" 200 -
[2024-02-08 11:58:23,528] INFO in _internal: 127.0.0.1 - - [08/Feb/2024 11:58:23] "[36mGET /static/css/templatemo-style.css HTTP/1.1[0m" 304 -
[2024-02-08 11:58:23,529] INFO in _internal: 127.0.0.1 - - [08/Feb/2024 11:58:23] "[36mGET /static/css/index.css HTTP/1.1[0m" 304 -
[2024-02-08 11:58:23,533] INFO in _internal: 127.0.0.1 - - [08/Feb/2024 11:58:23] "[36mGET /static/img/logo.png HTTP/1.1[0m" 304 -
[2024-02-08 11:58:23,732] INFO in _internal: 127.0.0.1 - - [08/Feb/2024 11:58:23] "GET /sensing_data HTTP/1.1" 200 -
[2024-02-08 11:58:23,781] INFO in _internal: 127.0.0.1 - - [08/Feb/2024 11:58:23] "GET / HTTP/1.1" 200 -
[2024-02-08 11:58:23,801] INFO in _internal: 127.0.0.1 - - [08/Feb/2024 11:58:23] "[36mGET /static/css/index.css HTTP/1.1[0m" 304 -
[2024-02-08 11:58:23,802] INFO in _internal: 127.0.0.1 - - [08/Feb/2024 11:58:23] "[36mGET /static/css/templatemo-style.css HTTP/1.1[0m" 304 -
[2024-02-08 11:58:23,803] INFO in _internal: 127.0.0.1 - - [08/Feb/2024 11:58:23] "[36mGET /static/img/logo.png HTTP/1.1[0m" 304 -
[2024-02-08 11:58:24,005] INFO in _internal: 127.0.0.1 - - [08/Feb/2024 11:58:24] "GET /sensing_data HTTP/1.1" 200 -
[2024-02-08 11:58:26,972] INFO in _internal: 127.0.0.1 - - [08/Feb/2024 11:58:26] "GET / HTTP/1.1" 200 -
[2024-02-08 11:58:26,992] INFO in _internal: 127.0.0.1 - - [08/Feb/2024 11:58:26] "[36mGET /static/css/templatemo-style.css HTTP/1.1[0m" 304 -
[2024-02-08 11:58:26,993] INFO in _internal: 127.0.0.1 - - [08/Feb/2024 11:58:26] "[36mGET /static/css/index.css HTTP/1.1[0m" 304 -
[2024-02-08 11:58:26,995] INFO in _internal: 127.0.0.1 - - [08/Feb/2024 11:58:26] "[36mGET /static/img/logo.png HTTP/1.1[0m" 304 -
[2024-02-08 11:58:27,202] INFO in _internal: 127.0.0.1 - - [08/Feb/2024 11:58:27] "GET /sensing_data HTTP/1.1" 200 -
[2024-02-08 11:58:28,727] INFO in _internal: 127.0.0.1 - - [08/Feb/2024 11:58:28] "GET / HTTP/1.1" 200 -
[2024-02-08 11:58:28,746] INFO in _internal: 127.0.0.1 - - [08/Feb/2024 11:58:28] "[36mGET /static/css/templatemo-style.css HTTP/1.1[0m" 304 -
[2024-02-08 11:58:28,747] INFO in _internal: 127.0.0.1 - - [08/Feb/2024 11:58:28] "[36mGET /static/css/index.css HTTP/1.1[0m" 304 -
[2024-02-08 11:58:28,747] INFO in _internal: 127.0.0.1 - - [08/Feb/2024 11:58:28] "[36mGET /static/img/logo.png HTTP/1.1[0m" 304 -
[2024-02-08 11:58:28,985] INFO in _internal: 127.0.0.1 - - [08/Feb/2024 11:58:28] "GET /sensing_data HTTP/1.1" 200 -
[2024-02-08 11:58:39,057] INFO in _internal: 127.0.0.1 - - [08/Feb/2024 11:58:39] "GET / HTTP/1.1" 200 -
[2024-02-08 11:58:39,079] INFO in _internal: 127.0.0.1 - - [08/Feb/2024 11:58:39] "[36mGET /static/css/templatemo-style.css HTTP/1.1[0m" 304 -
[2024-02-08 11:58:39,080] INFO in _internal: 127.0.0.1 - - [08/Feb/2024 11:58:39] "[36mGET /static/img/logo.png HTTP/1.1[0m" 304 -
[2024-02-08 11:58:39,081] INFO in _internal: 127.0.0.1 - - [08/Feb/2024 11:58:39] "[36mGET /static/css/index.css HTTP/1.1[0m" 304 -
[2024-02-08 11:58:39,288] INFO in _internal: 127.0.0.1 - - [08/Feb/2024 11:58:39] "GET /sensing_data HTTP/1.1" 200 -
[2024-02-08 12:00:08,887] INFO in _internal: 127.0.0.1 - - [08/Feb/2024 12:00:08] "GET / HTTP/1.1" 200 -
[2024-02-08 12:00:08,917] INFO in _internal: 127.0.0.1 - - [08/Feb/2024 12:00:08] "[36mGET /static/css/index.css HTTP/1.1[0m" 304 -
[2024-02-08 12:00:08,917] INFO in _internal: 127.0.0.1 - - [08/Feb/2024 12:00:08] "[36mGET /static/css/templatemo-style.css HTTP/1.1[0m" 304 -
[2024-02-08 12:00:08,920] INFO in _internal: 127.0.0.1 - - [08/Feb/2024 12:00:08] "[36mGET /static/img/logo.png HTTP/1.1[0m" 304 -
[2024-02-08 12:00:09,142] INFO in _internal: 127.0.0.1 - - [08/Feb/2024 12:00:09] "GET /sensing_data HTTP/1.1" 200 -
[2024-02-08 12:00:36,750] INFO in _internal: 127.0.0.1 - - [08/Feb/2024 12:00:36] "GET / HTTP/1.1" 200 -
[2024-02-08 12:00:36,777] INFO in _internal: 127.0.0.1 - - [08/Feb/2024 12:00:36] "[36mGET /static/css/templatemo-style.css HTTP/1.1[0m" 304 -
[2024-02-08 12:00:36,778] INFO in _internal: 127.0.0.1 - - [08/Feb/2024 12:00:36] "GET /static/css/index.css HTTP/1.1" 200 -
[2024-02-08 12:00:36,779] INFO in _internal: 127.0.0.1 - - [08/Feb/2024 12:00:36] "[36mGET /static/img/logo.png HTTP/1.1[0m" 304 -
[2024-02-08 12:00:37,011] INFO in _internal: 127.0.0.1 - - [08/Feb/2024 12:00:37] "GET /sensing_data HTTP/1.1" 200 -
[2024-02-08 12:01:14,330] INFO in _internal: 127.0.0.1 - - [08/Feb/2024 12:01:14] "GET / HTTP/1.1" 200 -
[2024-02-08 12:01:14,359] INFO in _internal: 127.0.0.1 - - [08/Feb/2024 12:01:14] "[36mGET /static/css/templatemo-style.css HTTP/1.1[0m" 304 -
[2024-02-08 12:01:14,360] INFO in _internal: 127.0.0.1 - - [08/Feb/2024 12:01:14] "[36mGET /static/img/logo.png HTTP/1.1[0m" 304 -
[2024-02-08 12:01:14,361] INFO in _internal: 127.0.0.1 - - [08/Feb/2024 12:01:14] "GET /static/css/index.css HTTP/1.1" 200 -
[2024-02-08 12:01:14,574] INFO in _internal: 127.0.0.1 - - [08/Feb/2024 12:01:14] "GET /sensing_data HTTP/1.1" 200 -
[2024-02-08 12:01:58,393] INFO in _internal: 127.0.0.1 - - [08/Feb/2024 12:01:58] "GET / HTTP/1.1" 200 -
[2024-02-08 12:01:58,419] INFO in _internal: 127.0.0.1 - - [08/Feb/2024 12:01:58] "[36mGET /static/css/templatemo-style.css HTTP/1.1[0m" 304 -
[2024-02-08 12:01:58,421] INFO in _internal: 127.0.0.1 - - [08/Feb/2024 12:01:58] "GET /static/css/index.css HTTP/1.1" 200 -
[2024-02-08 12:01:58,421] INFO in _internal: 127.0.0.1 - - [08/Feb/2024 12:01:58] "[36mGET /static/img/logo.png HTTP/1.1[0m" 304 -
[2024-02-08 12:01:58,629] INFO in _internal: 127.0.0.1 - - [08/Feb/2024 12:01:58] "GET /sensing_data HTTP/1.1" 200 -
[2024-02-08 12:02:11,535] INFO in _internal: 127.0.0.1 - - [08/Feb/2024 12:02:11] "GET / HTTP/1.1" 200 -
[2024-02-08 12:02:11,554] INFO in _internal: 127.0.0.1 - - [08/Feb/2024 12:02:11] "GET /static/css/index.css HTTP/1.1" 200 -
[2024-02-08 12:02:11,555] INFO in _internal: 127.0.0.1 - - [08/Feb/2024 12:02:11] "[36mGET /static/css/templatemo-style.css HTTP/1.1[0m" 304 -
[2024-02-08 12:02:11,556] INFO in _internal: 127.0.0.1 - - [08/Feb/2024 12:02:11] "[36mGET /static/img/logo.png HTTP/1.1[0m" 304 -
[2024-02-08 12:02:11,769] INFO in _internal: 127.0.0.1 - - [08/Feb/2024 12:02:11] "GET /sensing_data HTTP/1.1" 200 -
[2024-02-08 12:02:28,022] INFO in _internal: 127.0.0.1 - - [08/Feb/2024 12:02:28] "GET / HTTP/1.1" 200 -
[2024-02-08 12:02:28,050] INFO in _internal: 127.0.0.1 - - [08/Feb/2024 12:02:28] "[36mGET /static/css/templatemo-style.css HTTP/1.1[0m" 304 -
[2024-02-08 12:02:28,051] INFO in _internal: 127.0.0.1 - - [08/Feb/2024 12:02:28] "GET /static/css/index.css HTTP/1.1" 200 -
[2024-02-08 12:02:28,054] INFO in _internal: 127.0.0.1 - - [08/Feb/2024 12:02:28] "[36mGET /static/img/logo.png HTTP/1.1[0m" 304 -
[2024-02-08 12:02:28,260] INFO in _internal: 127.0.0.1 - - [08/Feb/2024 12:02:28] "GET /sensing_data HTTP/1.1" 200 -
[2024-02-08 12:02:37,901] INFO in _internal: 127.0.0.1 - - [08/Feb/2024 12:02:37] "GET / HTTP/1.1" 200 -
[2024-02-08 12:02:37,924] INFO in _internal: 127.0.0.1 - - [08/Feb/2024 12:02:37] "[36mGET /static/css/templatemo-style.css HTTP/1.1[0m" 304 -
[2024-02-08 12:02:37,924] INFO in _internal: 127.0.0.1 - - [08/Feb/2024 12:02:37] "GET /static/css/index.css HTTP/1.1" 200 -
[2024-02-08 12:02:37,925] INFO in _internal: 127.0.0.1 - - [08/Feb/2024 12:02:37] "[36mGET /static/img/logo.png HTTP/1.1[0m" 304 -
[2024-02-08 12:02:38,139] INFO in _internal: 127.0.0.1 - - [08/Feb/2024 12:02:38] "GET /sensing_data HTTP/1.1" 200 -
[2024-02-08 12:03:01,489] INFO in _internal: 127.0.0.1 - - [08/Feb/2024 12:03:01] "GET / HTTP/1.1" 200 -
[2024-02-08 12:03:01,514] INFO in _internal: 127.0.0.1 - - [08/Feb/2024 12:03:01] "[36mGET /static/css/templatemo-style.css HTTP/1.1[0m" 304 -
[2024-02-08 12:03:01,516] INFO in _internal: 127.0.0.1 - - [08/Feb/2024 12:03:01] "[36mGET /static/img/logo.png HTTP/1.1[0m" 304 -
[2024-02-08 12:03:01,521] INFO in _internal: 127.0.0.1 - - [08/Feb/2024 12:03:01] "GET /static/css/index.css HTTP/1.1" 200 -
[2024-02-08 12:03:01,749] INFO in _internal: 127.0.0.1 - - [08/Feb/2024 12:03:01] "GET /sensing_data HTTP/1.1" 200 -
[2024-02-08 12:03:21,042] INFO in _internal: 127.0.0.1 - - [08/Feb/2024 12:03:21] "GET / HTTP/1.1" 200 -
[2024-02-08 12:03:21,066] INFO in _internal: 127.0.0.1 - - [08/Feb/2024 12:03:21] "[36mGET /static/css/templatemo-style.css HTTP/1.1[0m" 304 -
[2024-02-08 12:03:21,066] INFO in _internal: 127.0.0.1 - - [08/Feb/2024 12:03:21] "GET /static/css/index.css HTTP/1.1" 200 -
[2024-02-08 12:03:21,072] INFO in _internal: 127.0.0.1 - - [08/Feb/2024 12:03:21] "[36mGET /static/img/logo.png HTTP/1.1[0m" 304 -
[2024-02-08 12:03:21,286] INFO in _internal: 127.0.0.1 - - [08/Feb/2024 12:03:21] "GET /sensing_data HTTP/1.1" 200 -
[2024-02-08 12:03:41,957] INFO in _internal: 127.0.0.1 - - [08/Feb/2024 12:03:41] "GET / HTTP/1.1" 200 -
[2024-02-08 12:03:41,990] INFO in _internal: 127.0.0.1 - - [08/Feb/2024 12:03:41] "[36mGET /static/css/templatemo-style.css HTTP/1.1[0m" 304 -
[2024-02-08 12:03:41,991] INFO in _internal: 127.0.0.1 - - [08/Feb/2024 12:03:41] "GET /static/css/index.css HTTP/1.1" 200 -
[2024-02-08 12:03:41,999] INFO in _internal: 127.0.0.1 - - [08/Feb/2024 12:03:41] "[36mGET /static/img/logo.png HTTP/1.1[0m" 304 -
[2024-02-08 12:03:42,209] INFO in _internal: 127.0.0.1 - - [08/Feb/2024 12:03:42] "GET /sensing_data HTTP/1.1" 200 -
[2024-02-08 12:03:57,468] INFO in _internal: 127.0.0.1 - - [08/Feb/2024 12:03:57] "GET / HTTP/1.1" 200 -
[2024-02-08 12:03:57,497] INFO in _internal: 127.0.0.1 - - [08/Feb/2024 12:03:57] "[36mGET /static/css/templatemo-style.css HTTP/1.1[0m" 304 -
[2024-02-08 12:03:57,497] INFO in _internal: 127.0.0.1 - - [08/Feb/2024 12:03:57] "[36mGET /static/css/index.css HTTP/1.1[0m" 304 -
[2024-02-08 12:03:57,498] INFO in _internal: 127.0.0.1 - - [08/Feb/2024 12:03:57] "[36mGET /static/img/logo.png HTTP/1.1[0m" 304 -
[2024-02-08 12:03:57,704] INFO in _internal: 127.0.0.1 - - [08/Feb/2024 12:03:57] "GET /sensing_data HTTP/1.1" 200 -
[2024-02-08 12:11:07,188] INFO in _internal: 127.0.0.1 - - [08/Feb/2024 12:11:07] "GET / HTTP/1.1" 200 -
[2024-02-08 12:11:07,212] INFO in _internal: 127.0.0.1 - - [08/Feb/2024 12:11:07] "[36mGET /static/css/templatemo-style.css HTTP/1.1[0m" 304 -
[2024-02-08 12:11:07,214] INFO in _internal: 127.0.0.1 - - [08/Feb/2024 12:11:07] "[36mGET /static/img/logo.png HTTP/1.1[0m" 304 -
[2024-02-08 12:11:07,214] INFO in _internal: 127.0.0.1 - - [08/Feb/2024 12:11:07] "GET /static/css/index.css HTTP/1.1" 200 -
[2024-02-08 12:11:07,642] INFO in _internal: 127.0.0.1 - - [08/Feb/2024 12:11:07] "GET /sensing_data HTTP/1.1" 200 -
[2024-02-08 14:31:35,782] INFO in _internal: 127.0.0.1 - - [08/Feb/2024 14:31:35] "GET /escortv2 HTTP/1.1" 200 -
[2024-02-08 14:31:35,823] INFO in _internal: 127.0.0.1 - - [08/Feb/2024 14:31:35] "GET /static/css/escortv2.css HTTP/1.1" 200 -
[2024-02-08 14:31:35,829] INFO in _internal: 127.0.0.1 - - [08/Feb/2024 14:31:35] "[36mGET /static/js/escortv2.js HTTP/1.1[0m" 304 -
[2024-02-08 14:31:35,854] INFO in _internal: 127.0.0.1 - - [08/Feb/2024 14:31:35] "[36mGET /static/img/logo.png HTTP/1.1[0m" 304 -
[2024-02-08 14:31:36,107] INFO in _internal: 127.0.0.1 - - [08/Feb/2024 14:31:36] "[36mGET /static/img/1.jpg HTTP/1.1[0m" 304 -
[2024-02-08 14:31:36,108] INFO in _internal: 127.0.0.1 - - [08/Feb/2024 14:31:36] "[36mGET /static/img/2.jpg HTTP/1.1[0m" 304 -
[2024-02-08 14:31:36,109] INFO in _internal: 127.0.0.1 - - [08/Feb/2024 14:31:36] "[36mGET /static/img/3.jpg HTTP/1.1[0m" 304 -
[2024-02-08 14:31:36,110] INFO in _internal: 127.0.0.1 - - [08/Feb/2024 14:31:36] "[36mGET /static/img/19.jpg HTTP/1.1[0m" 304 -
[2024-02-08 14:31:36,112] INFO in _internal: 127.0.0.1 - - [08/Feb/2024 14:31:36] "[36mGET /static/img/4.jpg HTTP/1.1[0m" 304 -
[2024-02-08 14:31:36,113] INFO in _internal: 127.0.0.1 - - [08/Feb/2024 14:31:36] "[36mGET /static/img/20.jpg HTTP/1.1[0m" 304 -
[2024-02-08 14:31:36,140] INFO in _internal: 127.0.0.1 - - [08/Feb/2024 14:31:36] "[36mGET /static/img/21.jpg HTTP/1.1[0m" 304 -
[2024-02-08 14:31:36,143] INFO in _internal: 127.0.0.1 - - [08/Feb/2024 14:31:36] "[36mGET /static/img/22.jpg HTTP/1.1[0m" 304 -
[2024-02-08 14:31:36,147] INFO in _internal: 127.0.0.1 - - [08/Feb/2024 14:31:36] "[36mGET /static/img/23.jpg HTTP/1.1[0m" 304 -
[2024-02-08 14:34:37,556] INFO in _internal: 127.0.0.1 - - [08/Feb/2024 14:34:37] "GET /escortv2 HTTP/1.1" 200 -
[2024-02-08 14:34:37,578] INFO in _internal: 127.0.0.1 - - [08/Feb/2024 14:34:37] "GET /static/css/escortv2.css HTTP/1.1" 200 -
[2024-02-08 14:34:37,581] INFO in _internal: 127.0.0.1 - - [08/Feb/2024 14:34:37] "[36mGET /static/img/logo.png HTTP/1.1[0m" 304 -
[2024-02-08 14:34:37,583] INFO in _internal: 127.0.0.1 - - [08/Feb/2024 14:34:37] "[36mGET /static/js/escortv2.js HTTP/1.1[0m" 304 -
[2024-02-08 14:34:37,644] INFO in _internal: 127.0.0.1 - - [08/Feb/2024 14:34:37] "[36mGET /static/img/1.jpg HTTP/1.1[0m" 304 -
[2024-02-08 14:34:37,645] INFO in _internal: 127.0.0.1 - - [08/Feb/2024 14:34:37] "[36mGET /static/img/2.jpg HTTP/1.1[0m" 304 -
[2024-02-08 14:34:37,657] INFO in _internal: 127.0.0.1 - - [08/Feb/2024 14:34:37] "[36mGET /static/img/3.jpg HTTP/1.1[0m" 304 -
[2024-02-08 14:34:37,669] INFO in _internal: 127.0.0.1 - - [08/Feb/2024 14:34:37] "[36mGET /static/img/4.jpg HTTP/1.1[0m" 304 -
[2024-02-08 14:34:37,678] INFO in _internal: 127.0.0.1 - - [08/Feb/2024 14:34:37] "[36mGET /static/img/19.jpg HTTP/1.1[0m" 304 -
[2024-02-08 14:34:37,695] INFO in _internal: 127.0.0.1 - - [08/Feb/2024 14:34:37] "[36mGET /static/img/20.jpg HTTP/1.1[0m" 304 -
[2024-02-08 14:34:37,698] INFO in _internal: 127.0.0.1 - - [08/Feb/2024 14:34:37] "[36mGET /static/img/21.jpg HTTP/1.1[0m" 304 -
[2024-02-08 14:34:37,700] INFO in _internal: 127.0.0.1 - - [08/Feb/2024 14:34:37] "[36mGET /static/img/22.jpg HTTP/1.1[0m" 304 -
[2024-02-08 14:34:37,706] INFO in _internal: 127.0.0.1 - - [08/Feb/2024 14:34:37] "[36mGET /static/img/23.jpg HTTP/1.1[0m" 304 -
[2024-02-08 14:35:04,537] INFO in _internal: 127.0.0.1 - - [08/Feb/2024 14:35:04] "GET /escortv2 HTTP/1.1" 200 -
[2024-02-08 14:35:04,565] INFO in _internal: 127.0.0.1 - - [08/Feb/2024 14:35:04] "GET /static/css/escortv2.css HTTP/1.1" 200 -
[2024-02-08 14:35:04,566] INFO in _internal: 127.0.0.1 - - [08/Feb/2024 14:35:04] "[36mGET /static/img/logo.png HTTP/1.1[0m" 304 -
[2024-02-08 14:35:04,567] INFO in _internal: 127.0.0.1 - - [08/Feb/2024 14:35:04] "[36mGET /static/js/escortv2.js HTTP/1.1[0m" 304 -
[2024-02-08 14:35:04,667] INFO in _internal: 127.0.0.1 - - [08/Feb/2024 14:35:04] "[36mGET /static/img/2.jpg HTTP/1.1[0m" 304 -
[2024-02-08 14:35:04,668] INFO in _internal: 127.0.0.1 - - [08/Feb/2024 14:35:04] "[36mGET /static/img/1.jpg HTTP/1.1[0m" 304 -
[2024-02-08 14:35:04,670] INFO in _internal: 127.0.0.1 - - [08/Feb/2024 14:35:04] "[36mGET /static/img/3.jpg HTTP/1.1[0m" 304 -
[2024-02-08 14:35:04,671] INFO in _internal: 127.0.0.1 - - [08/Feb/2024 14:35:04] "[36mGET /static/img/19.jpg HTTP/1.1[0m" 304 -
[2024-02-08 14:35:04,672] INFO in _internal: 127.0.0.1 - - [08/Feb/2024 14:35:04] "[36mGET /static/img/4.jpg HTTP/1.1[0m" 304 -
[2024-02-08 14:35:04,676] INFO in _internal: 127.0.0.1 - - [08/Feb/2024 14:35:04] "[36mGET /static/img/20.jpg HTTP/1.1[0m" 304 -
[2024-02-08 14:35:04,704] INFO in _internal: 127.0.0.1 - - [08/Feb/2024 14:35:04] "[36mGET /static/img/21.jpg HTTP/1.1[0m" 304 -
[2024-02-08 14:35:04,709] INFO in _internal: 127.0.0.1 - - [08/Feb/2024 14:35:04] "[36mGET /static/img/22.jpg HTTP/1.1[0m" 304 -
[2024-02-08 14:35:04,711] INFO in _internal: 127.0.0.1 - - [08/Feb/2024 14:35:04] "[36mGET /static/img/23.jpg HTTP/1.1[0m" 304 -
[2024-02-08 14:35:15,178] INFO in _internal: 127.0.0.1 - - [08/Feb/2024 14:35:15] "GET /escortv2 HTTP/1.1" 200 -
[2024-02-08 14:35:15,196] INFO in _internal: 127.0.0.1 - - [08/Feb/2024 14:35:15] "GET /static/css/escortv2.css HTTP/1.1" 200 -
[2024-02-08 14:35:15,201] INFO in _internal: 127.0.0.1 - - [08/Feb/2024 14:35:15] "[36mGET /static/img/logo.png HTTP/1.1[0m" 304 -
[2024-02-08 14:35:15,201] INFO in _internal: 127.0.0.1 - - [08/Feb/2024 14:35:15] "[36mGET /static/js/escortv2.js HTTP/1.1[0m" 304 -
[2024-02-08 14:35:15,276] INFO in _internal: 127.0.0.1 - - [08/Feb/2024 14:35:15] "[36mGET /static/img/1.jpg HTTP/1.1[0m" 304 -
[2024-02-08 14:35:15,276] INFO in _internal: 127.0.0.1 - - [08/Feb/2024 14:35:15] "[36mGET /static/img/2.jpg HTTP/1.1[0m" 304 -
[2024-02-08 14:35:15,277] INFO in _internal: 127.0.0.1 - - [08/Feb/2024 14:35:15] "[36mGET /static/img/3.jpg HTTP/1.1[0m" 304 -
[2024-02-08 14:35:15,288] INFO in _internal: 127.0.0.1 - - [08/Feb/2024 14:35:15] "[36mGET /static/img/4.jpg HTTP/1.1[0m" 304 -
[2024-02-08 14:35:15,310] INFO in _internal: 127.0.0.1 - - [08/Feb/2024 14:35:15] "[36mGET /static/img/20.jpg HTTP/1.1[0m" 304 -
[2024-02-08 14:35:15,311] INFO in _internal: 127.0.0.1 - - [08/Feb/2024 14:35:15] "[36mGET /static/img/19.jpg HTTP/1.1[0m" 304 -
[2024-02-08 14:35:15,318] INFO in _internal: 127.0.0.1 - - [08/Feb/2024 14:35:15] "[36mGET /static/img/21.jpg HTTP/1.1[0m" 304 -
[2024-02-08 14:35:15,320] INFO in _internal: 127.0.0.1 - - [08/Feb/2024 14:35:15] "[36mGET /static/img/22.jpg HTTP/1.1[0m" 304 -
[2024-02-08 14:35:15,323] INFO in _internal: 127.0.0.1 - - [08/Feb/2024 14:35:15] "[36mGET /static/img/23.jpg HTTP/1.1[0m" 304 -
[2024-02-08 14:35:59,496] INFO in _internal: 127.0.0.1 - - [08/Feb/2024 14:35:59] "GET /escortv2 HTTP/1.1" 200 -
[2024-02-08 14:35:59,520] INFO in _internal: 127.0.0.1 - - [08/Feb/2024 14:35:59] "[36mGET /static/img/logo.png HTTP/1.1[0m" 304 -
[2024-02-08 14:35:59,521] INFO in _internal: 127.0.0.1 - - [08/Feb/2024 14:35:59] "GET /static/css/escortv2.css HTTP/1.1" 200 -
[2024-02-08 14:35:59,522] INFO in _internal: 127.0.0.1 - - [08/Feb/2024 14:35:59] "[36mGET /static/js/escortv2.js HTTP/1.1[0m" 304 -
[2024-02-08 14:35:59,563] INFO in _internal: 127.0.0.1 - - [08/Feb/2024 14:35:59] "[36mGET /static/img/1.jpg HTTP/1.1[0m" 304 -
[2024-02-08 14:35:59,564] INFO in _internal: 127.0.0.1 - - [08/Feb/2024 14:35:59] "[36mGET /static/img/2.jpg HTTP/1.1[0m" 304 -
[2024-02-08 14:35:59,565] INFO in _internal: 127.0.0.1 - - [08/Feb/2024 14:35:59] "[36mGET /static/img/3.jpg HTTP/1.1[0m" 304 -
[2024-02-08 14:35:59,576] INFO in _internal: 127.0.0.1 - - [08/Feb/2024 14:35:59] "[36mGET /static/img/4.jpg HTTP/1.1[0m" 304 -
[2024-02-08 14:35:59,581] INFO in _internal: 127.0.0.1 - - [08/Feb/2024 14:35:59] "[36mGET /static/img/19.jpg HTTP/1.1[0m" 304 -
[2024-02-08 14:35:59,589] INFO in _internal: 127.0.0.1 - - [08/Feb/2024 14:35:59] "[36mGET /static/img/20.jpg HTTP/1.1[0m" 304 -
[2024-02-08 14:35:59,592] INFO in _internal: 127.0.0.1 - - [08/Feb/2024 14:35:59] "[36mGET /static/img/21.jpg HTTP/1.1[0m" 304 -
[2024-02-08 14:35:59,619] INFO in _internal: 127.0.0.1 - - [08/Feb/2024 14:35:59] "[36mGET /static/img/22.jpg HTTP/1.1[0m" 304 -
[2024-02-08 14:35:59,624] INFO in _internal: 127.0.0.1 - - [08/Feb/2024 14:35:59] "[36mGET /static/img/23.jpg HTTP/1.1[0m" 304 -
[2024-02-08 14:36:08,548] INFO in _internal: 127.0.0.1 - - [08/Feb/2024 14:36:08] "GET /escortv2 HTTP/1.1" 200 -
[2024-02-08 14:36:08,572] INFO in _internal: 127.0.0.1 - - [08/Feb/2024 14:36:08] "GET /static/css/escortv2.css HTTP/1.1" 200 -
[2024-02-08 14:36:08,573] INFO in _internal: 127.0.0.1 - - [08/Feb/2024 14:36:08] "[36mGET /static/img/logo.png HTTP/1.1[0m" 304 -
[2024-02-08 14:36:08,574] INFO in _internal: 127.0.0.1 - - [08/Feb/2024 14:36:08] "[36mGET /static/js/escortv2.js HTTP/1.1[0m" 304 -
[2024-02-08 14:36:08,608] INFO in _internal: 127.0.0.1 - - [08/Feb/2024 14:36:08] "[36mGET /static/img/1.jpg HTTP/1.1[0m" 304 -
[2024-02-08 14:36:08,609] INFO in _internal: 127.0.0.1 - - [08/Feb/2024 14:36:08] "[36mGET /static/img/2.jpg HTTP/1.1[0m" 304 -
[2024-02-08 14:36:08,625] INFO in _internal: 127.0.0.1 - - [08/Feb/2024 14:36:08] "[36mGET /static/img/3.jpg HTTP/1.1[0m" 304 -
[2024-02-08 14:36:08,642] INFO in _internal: 127.0.0.1 - - [08/Feb/2024 14:36:08] "[36mGET /static/img/4.jpg HTTP/1.1[0m" 304 -
[2024-02-08 14:36:08,643] INFO in _internal: 127.0.0.1 - - [08/Feb/2024 14:36:08] "[36mGET /static/img/19.jpg HTTP/1.1[0m" 304 -
[2024-02-08 14:36:08,646] INFO in _internal: 127.0.0.1 - - [08/Feb/2024 14:36:08] "[36mGET /static/img/20.jpg HTTP/1.1[0m" 304 -
[2024-02-08 14:36:08,651] INFO in _internal: 127.0.0.1 - - [08/Feb/2024 14:36:08] "[36mGET /static/img/21.jpg HTTP/1.1[0m" 304 -
[2024-02-08 14:36:08,657] INFO in _internal: 127.0.0.1 - - [08/Feb/2024 14:36:08] "[36mGET /static/img/22.jpg HTTP/1.1[0m" 304 -
[2024-02-08 14:36:08,661] INFO in _internal: 127.0.0.1 - - [08/Feb/2024 14:36:08] "[36mGET /static/img/23.jpg HTTP/1.1[0m" 304 -
[2024-02-08 14:36:25,069] INFO in _internal: 127.0.0.1 - - [08/Feb/2024 14:36:25] "GET /escortv2 HTTP/1.1" 200 -
[2024-02-08 14:36:25,097] INFO in _internal: 127.0.0.1 - - [08/Feb/2024 14:36:25] "GET /static/css/escortv2.css HTTP/1.1" 200 -
[2024-02-08 14:36:25,100] INFO in _internal: 127.0.0.1 - - [08/Feb/2024 14:36:25] "[36mGET /static/img/logo.png HTTP/1.1[0m" 304 -
[2024-02-08 14:36:25,101] INFO in _internal: 127.0.0.1 - - [08/Feb/2024 14:36:25] "[36mGET /static/js/escortv2.js HTTP/1.1[0m" 304 -
[2024-02-08 14:36:25,166] INFO in _internal: 127.0.0.1 - - [08/Feb/2024 14:36:25] "[36mGET /static/img/1.jpg HTTP/1.1[0m" 304 -
[2024-02-08 14:36:25,176] INFO in _internal: 127.0.0.1 - - [08/Feb/2024 14:36:25] "[36mGET /static/img/3.jpg HTTP/1.1[0m" 304 -
[2024-02-08 14:36:25,180] INFO in _internal: 127.0.0.1 - - [08/Feb/2024 14:36:25] "[36mGET /static/img/4.jpg HTTP/1.1[0m" 304 -
[2024-02-08 14:36:25,181] INFO in _internal: 127.0.0.1 - - [08/Feb/2024 14:36:25] "[36mGET /static/img/2.jpg HTTP/1.1[0m" 304 -
[2024-02-08 14:36:25,191] INFO in _internal: 127.0.0.1 - - [08/Feb/2024 14:36:25] "[36mGET /static/img/19.jpg HTTP/1.1[0m" 304 -
[2024-02-08 14:36:25,196] INFO in _internal: 127.0.0.1 - - [08/Feb/2024 14:36:25] "[36mGET /static/img/20.jpg HTTP/1.1[0m" 304 -
[2024-02-08 14:36:25,203] INFO in _internal: 127.0.0.1 - - [08/Feb/2024 14:36:25] "[36mGET /static/img/21.jpg HTTP/1.1[0m" 304 -
[2024-02-08 14:36:25,218] INFO in _internal: 127.0.0.1 - - [08/Feb/2024 14:36:25] "[36mGET /static/img/22.jpg HTTP/1.1[0m" 304 -
[2024-02-08 14:36:25,221] INFO in _internal: 127.0.0.1 - - [08/Feb/2024 14:36:25] "[36mGET /static/img/23.jpg HTTP/1.1[0m" 304 -
[2024-02-08 14:39:22,119] INFO in _internal: 127.0.0.1 - - [08/Feb/2024 14:39:22] "GET / HTTP/1.1" 200 -
[2024-02-08 14:39:22,147] INFO in _internal: 127.0.0.1 - - [08/Feb/2024 14:39:22] "[36mGET /static/css/templatemo-style.css HTTP/1.1[0m" 304 -
[2024-02-08 14:39:22,149] INFO in _internal: 127.0.0.1 - - [08/Feb/2024 14:39:22] "[36mGET /static/img/logo.png HTTP/1.1[0m" 304 -
[2024-02-08 14:39:22,151] INFO in _internal: 127.0.0.1 - - [08/Feb/2024 14:39:22] "GET /static/css/index.css HTTP/1.1" 200 -
[2024-02-08 14:39:22,402] INFO in _internal: 127.0.0.1 - - [08/Feb/2024 14:39:22] "GET /sensing_data HTTP/1.1" 200 -
[2024-02-08 14:39:30,315] INFO in _internal: 127.0.0.1 - - [08/Feb/2024 14:39:30] "[36mGET /static/css/templatemo-style.css HTTP/1.1[0m" 304 -
[2024-02-08 14:39:30,315] INFO in _internal: 127.0.0.1 - - [08/Feb/2024 14:39:30] "[36mGET /static/css/index.css HTTP/1.1[0m" 304 -
[2024-02-08 14:39:46,677] INFO in _internal: 127.0.0.1 - - [08/Feb/2024 14:39:46] "GET /escort HTTP/1.1" 200 -
[2024-02-08 14:39:46,722] INFO in _internal: 127.0.0.1 - - [08/Feb/2024 14:39:46] "[36mGET /static/css/escort.css HTTP/1.1[0m" 304 -
[2024-02-08 14:39:46,725] INFO in _internal: 127.0.0.1 - - [08/Feb/2024 14:39:46] "[36mGET /static/img/area.png HTTP/1.1[0m" 304 -
[2024-02-08 14:39:46,725] INFO in _internal: 127.0.0.1 - - [08/Feb/2024 14:39:46] "[36mGET /static/img/logo.png HTTP/1.1[0m" 304 -
[2024-02-08 14:39:46,727] INFO in _internal: 127.0.0.1 - - [08/Feb/2024 14:39:46] "[36mGET /static/js/escort.js HTTP/1.1[0m" 304 -
[2024-02-08 14:39:46,770] INFO in _internal: 127.0.0.1 - - [08/Feb/2024 14:39:46] "[36mGET /static/img/1.jpg HTTP/1.1[0m" 304 -
[2024-02-08 14:39:46,776] INFO in _internal: 127.0.0.1 - - [08/Feb/2024 14:39:46] "[36mGET /static/img/2.jpg HTTP/1.1[0m" 304 -
[2024-02-08 14:39:46,781] INFO in _internal: 127.0.0.1 - - [08/Feb/2024 14:39:46] "[36mGET /static/img/3.jpg HTTP/1.1[0m" 304 -
[2024-02-08 14:39:46,781] INFO in _internal: 127.0.0.1 - - [08/Feb/2024 14:39:46] "[36mGET /static/img/4.jpg HTTP/1.1[0m" 304 -
[2024-02-08 14:39:46,786] INFO in _internal: 127.0.0.1 - - [08/Feb/2024 14:39:46] "[36mGET /static/img/19.jpg HTTP/1.1[0m" 304 -
[2024-02-08 14:39:46,793] INFO in _internal: 127.0.0.1 - - [08/Feb/2024 14:39:46] "[36mGET /static/img/21.jpg HTTP/1.1[0m" 304 -
[2024-02-08 14:39:46,794] INFO in _internal: 127.0.0.1 - - [08/Feb/2024 14:39:46] "[36mGET /static/img/20.jpg HTTP/1.1[0m" 304 -
[2024-02-08 14:39:46,803] INFO in _internal: 127.0.0.1 - - [08/Feb/2024 14:39:46] "[36mGET /static/img/22.jpg HTTP/1.1[0m" 304 -
[2024-02-08 14:39:48,336] INFO in _internal: 127.0.0.1 - - [08/Feb/2024 14:39:48] "GET / HTTP/1.1" 200 -
[2024-02-08 14:39:48,356] INFO in _internal: 127.0.0.1 - - [08/Feb/2024 14:39:48] "[36mGET /static/css/templatemo-style.css HTTP/1.1[0m" 304 -
[2024-02-08 14:39:48,359] INFO in _internal: 127.0.0.1 - - [08/Feb/2024 14:39:48] "[36mGET /static/css/index.css HTTP/1.1[0m" 304 -
[2024-02-08 14:39:48,361] INFO in _internal: 127.0.0.1 - - [08/Feb/2024 14:39:48] "[36mGET /static/img/logo.png HTTP/1.1[0m" 304 -
[2024-02-08 14:39:48,585] INFO in _internal: 127.0.0.1 - - [08/Feb/2024 14:39:48] "GET /sensing_data HTTP/1.1" 200 -
[2024-02-08 14:40:07,949] INFO in _internal: 127.0.0.1 - - [08/Feb/2024 14:40:07] "GET / HTTP/1.1" 200 -
[2024-02-08 14:40:07,975] INFO in _internal: 127.0.0.1 - - [08/Feb/2024 14:40:07] "[36mGET /static/css/templatemo-style.css HTTP/1.1[0m" 304 -
[2024-02-08 14:40:07,976] INFO in _internal: 127.0.0.1 - - [08/Feb/2024 14:40:07] "[36mGET /static/img/logo.png HTTP/1.1[0m" 304 -
[2024-02-08 14:40:07,977] INFO in _internal: 127.0.0.1 - - [08/Feb/2024 14:40:07] "GET /static/css/index.css HTTP/1.1" 200 -
[2024-02-08 14:40:08,202] INFO in _internal: 127.0.0.1 - - [08/Feb/2024 14:40:08] "GET /sensing_data HTTP/1.1" 200 -
[2024-02-08 14:40:16,789] INFO in _internal: 127.0.0.1 - - [08/Feb/2024 14:40:16] "GET /escort HTTP/1.1" 200 -
[2024-02-08 14:40:16,818] INFO in _internal: 127.0.0.1 - - [08/Feb/2024 14:40:16] "[36mGET /static/css/escort.css HTTP/1.1[0m" 304 -
[2024-02-08 14:40:16,820] INFO in _internal: 127.0.0.1 - - [08/Feb/2024 14:40:16] "[36mGET /static/img/logo.png HTTP/1.1[0m" 304 -
[2024-02-08 14:40:16,822] INFO in _internal: 127.0.0.1 - - [08/Feb/2024 14:40:16] "[36mGET /static/img/area.png HTTP/1.1[0m" 304 -
[2024-02-08 14:40:16,828] INFO in _internal: 127.0.0.1 - - [08/Feb/2024 14:40:16] "[36mGET /static/js/escort.js HTTP/1.1[0m" 304 -
[2024-02-08 14:40:16,873] INFO in _internal: 127.0.0.1 - - [08/Feb/2024 14:40:16] "[36mGET /static/img/2.jpg HTTP/1.1[0m" 304 -
[2024-02-08 14:40:16,876] INFO in _internal: 127.0.0.1 - - [08/Feb/2024 14:40:16] "[36mGET /static/img/1.jpg HTTP/1.1[0m" 304 -
[2024-02-08 14:40:16,878] INFO in _internal: 127.0.0.1 - - [08/Feb/2024 14:40:16] "[36mGET /static/img/3.jpg HTTP/1.1[0m" 304 -
[2024-02-08 14:40:16,885] INFO in _internal: 127.0.0.1 - - [08/Feb/2024 14:40:16] "[36mGET /static/img/4.jpg HTTP/1.1[0m" 304 -
[2024-02-08 14:40:16,885] INFO in _internal: 127.0.0.1 - - [08/Feb/2024 14:40:16] "[36mGET /static/img/19.jpg HTTP/1.1[0m" 304 -
[2024-02-08 14:40:16,890] INFO in _internal: 127.0.0.1 - - [08/Feb/2024 14:40:16] "[36mGET /static/img/20.jpg HTTP/1.1[0m" 304 -
[2024-02-08 14:40:16,895] INFO in _internal: 127.0.0.1 - - [08/Feb/2024 14:40:16] "[36mGET /static/img/21.jpg HTTP/1.1[0m" 304 -
[2024-02-08 14:40:16,897] INFO in _internal: 127.0.0.1 - - [08/Feb/2024 14:40:16] "[36mGET /static/img/22.jpg HTTP/1.1[0m" 304 -
[2024-02-08 14:40:18,447] INFO in _internal: 127.0.0.1 - - [08/Feb/2024 14:40:18] "GET /info HTTP/1.1" 200 -
[2024-02-08 14:40:18,470] INFO in _internal: 127.0.0.1 - - [08/Feb/2024 14:40:18] "[36mGET /static/img/logo.png HTTP/1.1[0m" 304 -
[2024-02-08 14:40:18,473] INFO in _internal: 127.0.0.1 - - [08/Feb/2024 14:40:18] "[36mGET /static/js/info.js HTTP/1.1[0m" 304 -
[2024-02-08 14:40:18,473] INFO in _internal: 127.0.0.1 - - [08/Feb/2024 14:40:18] "[36mGET /static/css/info.css HTTP/1.1[0m" 304 -
[2024-02-08 14:40:18,561] INFO in _internal: 127.0.0.1 - - [08/Feb/2024 14:40:18] "[36mGET /static/img/img-2.png HTTP/1.1[0m" 304 -
[2024-02-08 14:40:18,561] INFO in _internal: 127.0.0.1 - - [08/Feb/2024 14:40:18] "[36mGET /static/img/img-1.png HTTP/1.1[0m" 304 -
[2024-02-08 14:40:18,563] INFO in _internal: 127.0.0.1 - - [08/Feb/2024 14:40:18] "[36mGET /static/img/img-5.png HTTP/1.1[0m" 304 -
[2024-02-08 14:40:18,564] INFO in _internal: 127.0.0.1 - - [08/Feb/2024 14:40:18] "[36mGET /static/img/img-4.png HTTP/1.1[0m" 304 -
[2024-02-08 14:40:18,564] INFO in _internal: 127.0.0.1 - - [08/Feb/2024 14:40:18] "[36mGET /static/img/img-3.png HTTP/1.1[0m" 304 -
[2024-02-08 14:40:18,566] INFO in _internal: 127.0.0.1 - - [08/Feb/2024 14:40:18] "[36mGET /static/img/img-6.png HTTP/1.1[0m" 304 -
[2024-02-08 14:40:18,630] INFO in _internal: 127.0.0.1 - - [08/Feb/2024 14:40:18] "[36mGET /static/img/img-7.png HTTP/1.1[0m" 304 -
[2024-02-08 14:40:18,644] INFO in _internal: 127.0.0.1 - - [08/Feb/2024 14:40:18] "[36mGET /static/img/img-8.png HTTP/1.1[0m" 304 -
[2024-02-08 14:40:18,646] INFO in _internal: 127.0.0.1 - - [08/Feb/2024 14:40:18] "[36mGET /static/img/img-9.png HTTP/1.1[0m" 304 -
[2024-02-08 14:40:18,666] INFO in _internal: 127.0.0.1 - - [08/Feb/2024 14:40:18] "[36mGET /static/img/img-10.png HTTP/1.1[0m" 304 -
[2024-02-08 14:40:18,667] INFO in _internal: 127.0.0.1 - - [08/Feb/2024 14:40:18] "GET /static/img/img-11.png HTTP/1.1" 200 -
[2024-02-08 14:40:18,671] INFO in _internal: 127.0.0.1 - - [08/Feb/2024 14:40:18] "[36mGET /static/img/img-12.png HTTP/1.1[0m" 304 -
[2024-02-08 14:40:18,692] INFO in _internal: 127.0.0.1 - - [08/Feb/2024 14:40:18] "[36mGET /static/img/img-48.png HTTP/1.1[0m" 304 -
[2024-02-08 14:40:18,703] INFO in _internal: 127.0.0.1 - - [08/Feb/2024 14:40:18] "[36mGET /static/img/img-45.png HTTP/1.1[0m" 304 -
[2024-02-08 14:40:18,704] INFO in _internal: 127.0.0.1 - - [08/Feb/2024 14:40:18] "[36mGET /static/img/img-47.png HTTP/1.1[0m" 304 -
[2024-02-08 14:40:18,705] INFO in _internal: 127.0.0.1 - - [08/Feb/2024 14:40:18] "[36mGET /static/img/img-46.png HTTP/1.1[0m" 304 -
[2024-02-08 14:40:18,758] INFO in _internal: 127.0.0.1 - - [08/Feb/2024 14:40:18] "GET /static/img/img-13.png HTTP/1.1" 200 -
[2024-02-08 14:40:18,767] INFO in _internal: 127.0.0.1 - - [08/Feb/2024 14:40:18] "[36mGET /static/img/img-14.png HTTP/1.1[0m" 304 -
[2024-02-08 14:40:18,784] INFO in _internal: 127.0.0.1 - - [08/Feb/2024 14:40:18] "[36mGET /static/img/img-15.png HTTP/1.1[0m" 304 -
[2024-02-08 14:40:18,788] INFO in _internal: 127.0.0.1 - - [08/Feb/2024 14:40:18] "[36mGET /static/img/img-16.png HTTP/1.1[0m" 304 -
[2024-02-08 14:40:18,793] INFO in _internal: 127.0.0.1 - - [08/Feb/2024 14:40:18] "[36mGET /static/img/img-18.png HTTP/1.1[0m" 304 -
[2024-02-08 14:40:18,799] INFO in _internal: 127.0.0.1 - - [08/Feb/2024 14:40:18] "[36mGET /static/img/img-17.png HTTP/1.1[0m" 304 -
[2024-02-08 14:40:18,829] INFO in _internal: 127.0.0.1 - - [08/Feb/2024 14:40:18] "GET /static/img/img-19.png HTTP/1.1" 200 -
[2024-02-08 14:40:18,843] INFO in _internal: 127.0.0.1 - - [08/Feb/2024 14:40:18] "[36mGET /static/img/img-20.png HTTP/1.1[0m" 304 -
[2024-02-08 14:40:18,857] INFO in _internal: 127.0.0.1 - - [08/Feb/2024 14:40:18] "GET /static/img/img-21.png HTTP/1.1" 200 -
[2024-02-08 14:40:18,889] INFO in _internal: 127.0.0.1 - - [08/Feb/2024 14:40:18] "GET /static/img/img-22.png HTTP/1.1" 200 -
[2024-02-08 14:40:18,895] INFO in _internal: 127.0.0.1 - - [08/Feb/2024 14:40:18] "GET /static/img/img-23.png HTTP/1.1" 200 -
[2024-02-08 14:40:18,897] INFO in _internal: 127.0.0.1 - - [08/Feb/2024 14:40:18] "GET /static/img/img-24.png HTTP/1.1" 200 -
[2024-02-08 14:40:18,914] INFO in _internal: 127.0.0.1 - - [08/Feb/2024 14:40:18] "GET /static/img/img-25.png HTTP/1.1" 200 -
[2024-02-08 14:40:18,937] INFO in _internal: 127.0.0.1 - - [08/Feb/2024 14:40:18] "GET /static/img/img-26.png HTTP/1.1" 200 -
[2024-02-08 14:40:18,967] INFO in _internal: 127.0.0.1 - - [08/Feb/2024 14:40:18] "GET /static/img/img-27.png HTTP/1.1" 200 -
[2024-02-08 14:40:18,969] INFO in _internal: 127.0.0.1 - - [08/Feb/2024 14:40:18] "GET /static/img/img-28.png HTTP/1.1" 200 -
[2024-02-08 14:40:18,990] INFO in _internal: 127.0.0.1 - - [08/Feb/2024 14:40:18] "GET /static/img/img-31.png HTTP/1.1" 200 -
[2024-02-08 14:40:18,993] INFO in _internal: 127.0.0.1 - - [08/Feb/2024 14:40:18] "GET /static/img/img-30.png HTTP/1.1" 200 -
[2024-02-08 14:40:19,068] INFO in _internal: 127.0.0.1 - - [08/Feb/2024 14:40:19] "GET /static/img/img-29.png HTTP/1.1" 200 -
[2024-02-08 14:40:19,068] INFO in _internal: 127.0.0.1 - - [08/Feb/2024 14:40:19] "GET /static/img/img-32.png HTTP/1.1" 200 -
[2024-02-08 14:40:19,132] INFO in _internal: 127.0.0.1 - - [08/Feb/2024 14:40:19] "GET /static/img/img-35.png HTTP/1.1" 200 -
[2024-02-08 14:40:19,181] INFO in _internal: 127.0.0.1 - - [08/Feb/2024 14:40:19] "GET /escort HTTP/1.1" 200 -
[2024-02-08 14:40:19,252] INFO in _internal: 127.0.0.1 - - [08/Feb/2024 14:40:19] "GET /static/img/img-33.png HTTP/1.1" 200 -
[2024-02-08 14:40:19,363] INFO in _internal: 127.0.0.1 - - [08/Feb/2024 14:40:19] "[36mGET /static/js/escort.js HTTP/1.1[0m" 304 -
[2024-02-08 14:40:19,363] INFO in _internal: 127.0.0.1 - - [08/Feb/2024 14:40:19] "[36mGET /static/css/escort.css HTTP/1.1[0m" 304 -
[2024-02-08 14:40:19,365] INFO in _internal: 127.0.0.1 - - [08/Feb/2024 14:40:19] "[36mGET /static/img/logo.png HTTP/1.1[0m" 304 -
[2024-02-08 14:40:19,367] INFO in _internal: 127.0.0.1 - - [08/Feb/2024 14:40:19] "[36mGET /static/img/area.png HTTP/1.1[0m" 304 -
[2024-02-08 14:40:19,414] INFO in _internal: 127.0.0.1 - - [08/Feb/2024 14:40:19] "[36mGET /static/img/1.jpg HTTP/1.1[0m" 304 -
[2024-02-08 14:40:19,415] INFO in _internal: 127.0.0.1 - - [08/Feb/2024 14:40:19] "[36mGET /static/img/2.jpg HTTP/1.1[0m" 304 -
[2024-02-08 14:40:19,415] INFO in _internal: 127.0.0.1 - - [08/Feb/2024 14:40:19] "[36mGET /static/img/3.jpg HTTP/1.1[0m" 304 -
[2024-02-08 14:40:19,438] INFO in _internal: 127.0.0.1 - - [08/Feb/2024 14:40:19] "[36mGET /static/img/4.jpg HTTP/1.1[0m" 304 -
[2024-02-08 14:40:19,441] INFO in _internal: 127.0.0.1 - - [08/Feb/2024 14:40:19] "[36mGET /static/img/19.jpg HTTP/1.1[0m" 304 -
[2024-02-08 14:40:19,454] INFO in _internal: 127.0.0.1 - - [08/Feb/2024 14:40:19] "[36mGET /static/img/20.jpg HTTP/1.1[0m" 304 -
[2024-02-08 14:40:19,458] INFO in _internal: 127.0.0.1 - - [08/Feb/2024 14:40:19] "[36mGET /static/img/21.jpg HTTP/1.1[0m" 304 -
[2024-02-08 14:40:19,467] INFO in _internal: 127.0.0.1 - - [08/Feb/2024 14:40:19] "GET /static/img/img-34.png HTTP/1.1" 200 -
[2024-02-08 14:40:19,471] INFO in _internal: 127.0.0.1 - - [08/Feb/2024 14:40:19] "[36mGET /static/img/22.jpg HTTP/1.1[0m" 304 -
[2024-02-08 14:40:19,510] INFO in _internal: 127.0.0.1 - - [08/Feb/2024 14:40:19] "GET /static/img/img-36.png HTTP/1.1" 200 -
[2024-02-08 14:40:21,779] INFO in _internal: 127.0.0.1 - - [08/Feb/2024 14:40:21] "GET /escortv2 HTTP/1.1" 200 -
[2024-02-08 14:40:21,806] INFO in _internal: 127.0.0.1 - - [08/Feb/2024 14:40:21] "[36mGET /static/css/escortv2.css HTTP/1.1[0m" 304 -
[2024-02-08 14:40:21,808] INFO in _internal: 127.0.0.1 - - [08/Feb/2024 14:40:21] "[36mGET /static/img/logo.png HTTP/1.1[0m" 304 -
[2024-02-08 14:40:21,811] INFO in _internal: 127.0.0.1 - - [08/Feb/2024 14:40:21] "[36mGET /static/js/escortv2.js HTTP/1.1[0m" 304 -
[2024-02-08 14:40:21,842] INFO in _internal: 127.0.0.1 - - [08/Feb/2024 14:40:21] "[36mGET /static/img/1.jpg HTTP/1.1[0m" 304 -
[2024-02-08 14:40:21,851] INFO in _internal: 127.0.0.1 - - [08/Feb/2024 14:40:21] "[36mGET /static/img/2.jpg HTTP/1.1[0m" 304 -
[2024-02-08 14:40:21,851] INFO in _internal: 127.0.0.1 - - [08/Feb/2024 14:40:21] "[36mGET /static/img/3.jpg HTTP/1.1[0m" 304 -
[2024-02-08 14:40:21,854] INFO in _internal: 127.0.0.1 - - [08/Feb/2024 14:40:21] "[36mGET /static/img/4.jpg HTTP/1.1[0m" 304 -
[2024-02-08 14:40:21,870] INFO in _internal: 127.0.0.1 - - [08/Feb/2024 14:40:21] "[36mGET /static/img/19.jpg HTTP/1.1[0m" 304 -
[2024-02-08 14:40:21,873] INFO in _internal: 127.0.0.1 - - [08/Feb/2024 14:40:21] "[36mGET /static/img/20.jpg HTTP/1.1[0m" 304 -
[2024-02-08 14:40:21,877] INFO in _internal: 127.0.0.1 - - [08/Feb/2024 14:40:21] "[36mGET /static/img/21.jpg HTTP/1.1[0m" 304 -
[2024-02-08 14:40:21,891] INFO in _internal: 127.0.0.1 - - [08/Feb/2024 14:40:21] "[36mGET /static/img/22.jpg HTTP/1.1[0m" 304 -
[2024-02-08 14:40:21,894] INFO in _internal: 127.0.0.1 - - [08/Feb/2024 14:40:21] "[36mGET /static/img/23.jpg HTTP/1.1[0m" 304 -
[2024-02-08 14:44:19,296] INFO in _internal: 127.0.0.1 - - [08/Feb/2024 14:44:19] "GET /escortv2 HTTP/1.1" 200 -
[2024-02-08 14:44:19,326] INFO in _internal: 127.0.0.1 - - [08/Feb/2024 14:44:19] "[36mGET /static/img/logo.png HTTP/1.1[0m" 304 -
[2024-02-08 14:44:19,327] INFO in _internal: 127.0.0.1 - - [08/Feb/2024 14:44:19] "GET /static/css/escortv2.css HTTP/1.1" 200 -
[2024-02-08 14:44:19,328] INFO in _internal: 127.0.0.1 - - [08/Feb/2024 14:44:19] "[36mGET /static/js/escortv2.js HTTP/1.1[0m" 304 -
[2024-02-08 14:44:19,376] INFO in _internal: 127.0.0.1 - - [08/Feb/2024 14:44:19] "[36mGET /static/img/1.jpg HTTP/1.1[0m" 304 -
[2024-02-08 14:44:19,381] INFO in _internal: 127.0.0.1 - - [08/Feb/2024 14:44:19] "[36mGET /static/img/3.jpg HTTP/1.1[0m" 304 -
[2024-02-08 14:44:19,385] INFO in _internal: 127.0.0.1 - - [08/Feb/2024 14:44:19] "[36mGET /static/img/2.jpg HTTP/1.1[0m" 304 -
[2024-02-08 14:44:19,414] INFO in _internal: 127.0.0.1 - - [08/Feb/2024 14:44:19] "[36mGET /static/img/4.jpg HTTP/1.1[0m" 304 -
[2024-02-08 14:44:19,416] INFO in _internal: 127.0.0.1 - - [08/Feb/2024 14:44:19] "[36mGET /static/img/19.jpg HTTP/1.1[0m" 304 -
[2024-02-08 14:44:19,420] INFO in _internal: 127.0.0.1 - - [08/Feb/2024 14:44:19] "[36mGET /static/img/20.jpg HTTP/1.1[0m" 304 -
[2024-02-08 14:44:19,423] INFO in _internal: 127.0.0.1 - - [08/Feb/2024 14:44:19] "[36mGET /static/img/21.jpg HTTP/1.1[0m" 304 -
[2024-02-08 14:44:19,433] INFO in _internal: 127.0.0.1 - - [08/Feb/2024 14:44:19] "[36mGET /static/img/22.jpg HTTP/1.1[0m" 304 -
[2024-02-08 14:44:19,436] INFO in _internal: 127.0.0.1 - - [08/Feb/2024 14:44:19] "[36mGET /static/img/23.jpg HTTP/1.1[0m" 304 -
[2024-02-08 14:44:46,674] INFO in _internal: 127.0.0.1 - - [08/Feb/2024 14:44:46] "GET /escortv2 HTTP/1.1" 200 -
[2024-02-08 14:44:46,700] INFO in _internal: 127.0.0.1 - - [08/Feb/2024 14:44:46] "[36mGET /static/img/logo.png HTTP/1.1[0m" 304 -
[2024-02-08 14:44:46,700] INFO in _internal: 127.0.0.1 - - [08/Feb/2024 14:44:46] "GET /static/css/escortv2.css HTTP/1.1" 200 -
[2024-02-08 14:44:46,702] INFO in _internal: 127.0.0.1 - - [08/Feb/2024 14:44:46] "[36mGET /static/js/escortv2.js HTTP/1.1[0m" 304 -
[2024-02-08 14:44:46,743] INFO in _internal: 127.0.0.1 - - [08/Feb/2024 14:44:46] "[36mGET /static/img/2.jpg HTTP/1.1[0m" 304 -
[2024-02-08 14:44:46,745] INFO in _internal: 127.0.0.1 - - [08/Feb/2024 14:44:46] "[36mGET /static/img/1.jpg HTTP/1.1[0m" 304 -
[2024-02-08 14:44:46,751] INFO in _internal: 127.0.0.1 - - [08/Feb/2024 14:44:46] "[36mGET /static/img/3.jpg HTTP/1.1[0m" 304 -
[2024-02-08 14:44:46,768] INFO in _internal: 127.0.0.1 - - [08/Feb/2024 14:44:46] "[36mGET /static/img/4.jpg HTTP/1.1[0m" 304 -
[2024-02-08 14:44:46,770] INFO in _internal: 127.0.0.1 - - [08/Feb/2024 14:44:46] "[36mGET /static/img/19.jpg HTTP/1.1[0m" 304 -
[2024-02-08 14:44:46,779] INFO in _internal: 127.0.0.1 - - [08/Feb/2024 14:44:46] "[36mGET /static/img/20.jpg HTTP/1.1[0m" 304 -
[2024-02-08 14:44:46,786] INFO in _internal: 127.0.0.1 - - [08/Feb/2024 14:44:46] "[36mGET /static/img/21.jpg HTTP/1.1[0m" 304 -
[2024-02-08 14:44:46,789] INFO in _internal: 127.0.0.1 - - [08/Feb/2024 14:44:46] "[36mGET /static/img/22.jpg HTTP/1.1[0m" 304 -
[2024-02-08 14:44:46,793] INFO in _internal: 127.0.0.1 - - [08/Feb/2024 14:44:46] "[36mGET /static/img/23.jpg HTTP/1.1[0m" 304 -
[2024-02-08 14:45:18,497] INFO in _internal: 127.0.0.1 - - [08/Feb/2024 14:45:18] "GET /escortv2 HTTP/1.1" 200 -
[2024-02-08 14:45:18,523] INFO in _internal: 127.0.0.1 - - [08/Feb/2024 14:45:18] "GET /static/css/escortv2.css HTTP/1.1" 200 -
[2024-02-08 14:45:18,526] INFO in _internal: 127.0.0.1 - - [08/Feb/2024 14:45:18] "[36mGET /static/img/logo.png HTTP/1.1[0m" 304 -
[2024-02-08 14:45:18,526] INFO in _internal: 127.0.0.1 - - [08/Feb/2024 14:45:18] "[36mGET /static/js/escortv2.js HTTP/1.1[0m" 304 -
[2024-02-08 14:45:18,588] INFO in _internal: 127.0.0.1 - - [08/Feb/2024 14:45:18] "[36mGET /static/img/1.jpg HTTP/1.1[0m" 304 -
[2024-02-08 14:45:18,595] INFO in _internal: 127.0.0.1 - - [08/Feb/2024 14:45:18] "[36mGET /static/img/3.jpg HTTP/1.1[0m" 304 -
[2024-02-08 14:45:18,598] INFO in _internal: 127.0.0.1 - - [08/Feb/2024 14:45:18] "[36mGET /static/img/2.jpg HTTP/1.1[0m" 304 -
[2024-02-08 14:45:18,601] INFO in _internal: 127.0.0.1 - - [08/Feb/2024 14:45:18] "[36mGET /static/img/4.jpg HTTP/1.1[0m" 304 -
[2024-02-08 14:45:18,617] INFO in _internal: 127.0.0.1 - - [08/Feb/2024 14:45:18] "[36mGET /static/img/19.jpg HTTP/1.1[0m" 304 -
[2024-02-08 14:45:18,625] INFO in _internal: 127.0.0.1 - - [08/Feb/2024 14:45:18] "[36mGET /static/img/20.jpg HTTP/1.1[0m" 304 -
[2024-02-08 14:45:18,628] INFO in _internal: 127.0.0.1 - - [08/Feb/2024 14:45:18] "[36mGET /static/img/21.jpg HTTP/1.1[0m" 304 -
[2024-02-08 14:45:18,631] INFO in _internal: 127.0.0.1 - - [08/Feb/2024 14:45:18] "[36mGET /static/img/22.jpg HTTP/1.1[0m" 304 -
[2024-02-08 14:45:18,632] INFO in _internal: 127.0.0.1 - - [08/Feb/2024 14:45:18] "[36mGET /static/img/23.jpg HTTP/1.1[0m" 304 -
[2024-02-08 14:45:45,585] INFO in _internal: 127.0.0.1 - - [08/Feb/2024 14:45:45] "GET /escortv2 HTTP/1.1" 200 -
[2024-02-08 14:45:45,610] INFO in _internal: 127.0.0.1 - - [08/Feb/2024 14:45:45] "GET /static/css/escortv2.css HTTP/1.1" 200 -
[2024-02-08 14:45:45,611] INFO in _internal: 127.0.0.1 - - [08/Feb/2024 14:45:45] "[36mGET /static/img/logo.png HTTP/1.1[0m" 304 -
[2024-02-08 14:45:45,613] INFO in _internal: 127.0.0.1 - - [08/Feb/2024 14:45:45] "[36mGET /static/js/escortv2.js HTTP/1.1[0m" 304 -
[2024-02-08 14:45:45,643] INFO in _internal: 127.0.0.1 - - [08/Feb/2024 14:45:45] "[36mGET /static/img/1.jpg HTTP/1.1[0m" 304 -
[2024-02-08 14:45:45,644] INFO in _internal: 127.0.0.1 - - [08/Feb/2024 14:45:45] "[36mGET /static/img/2.jpg HTTP/1.1[0m" 304 -
[2024-02-08 14:45:45,645] INFO in _internal: 127.0.0.1 - - [08/Feb/2024 14:45:45] "[36mGET /static/img/3.jpg HTTP/1.1[0m" 304 -
[2024-02-08 14:45:45,662] INFO in _internal: 127.0.0.1 - - [08/Feb/2024 14:45:45] "[36mGET /static/img/4.jpg HTTP/1.1[0m" 304 -
[2024-02-08 14:45:45,679] INFO in _internal: 127.0.0.1 - - [08/Feb/2024 14:45:45] "[36mGET /static/img/19.jpg HTTP/1.1[0m" 304 -
[2024-02-08 14:45:45,683] INFO in _internal: 127.0.0.1 - - [08/Feb/2024 14:45:45] "[36mGET /static/img/20.jpg HTTP/1.1[0m" 304 -
[2024-02-08 14:45:45,687] INFO in _internal: 127.0.0.1 - - [08/Feb/2024 14:45:45] "[36mGET /static/img/21.jpg HTTP/1.1[0m" 304 -
[2024-02-08 14:45:45,689] INFO in _internal: 127.0.0.1 - - [08/Feb/2024 14:45:45] "[36mGET /static/img/22.jpg HTTP/1.1[0m" 304 -
[2024-02-08 14:45:45,696] INFO in _internal: 127.0.0.1 - - [08/Feb/2024 14:45:45] "[36mGET /static/img/23.jpg HTTP/1.1[0m" 304 -
[2024-02-08 14:46:03,941] INFO in _internal: 127.0.0.1 - - [08/Feb/2024 14:46:03] "GET /escortv2 HTTP/1.1" 200 -
[2024-02-08 14:46:03,969] INFO in _internal: 127.0.0.1 - - [08/Feb/2024 14:46:03] "GET /static/css/escortv2.css HTTP/1.1" 200 -
[2024-02-08 14:46:03,970] INFO in _internal: 127.0.0.1 - - [08/Feb/2024 14:46:03] "[36mGET /static/img/logo.png HTTP/1.1[0m" 304 -
[2024-02-08 14:46:03,971] INFO in _internal: 127.0.0.1 - - [08/Feb/2024 14:46:03] "[36mGET /static/js/escortv2.js HTTP/1.1[0m" 304 -
[2024-02-08 14:46:04,035] INFO in _internal: 127.0.0.1 - - [08/Feb/2024 14:46:04] "[36mGET /static/img/1.jpg HTTP/1.1[0m" 304 -
[2024-02-08 14:46:04,037] INFO in _internal: 127.0.0.1 - - [08/Feb/2024 14:46:04] "[36mGET /static/img/2.jpg HTTP/1.1[0m" 304 -
[2024-02-08 14:46:04,038] INFO in _internal: 127.0.0.1 - - [08/Feb/2024 14:46:04] "[36mGET /static/img/3.jpg HTTP/1.1[0m" 304 -
[2024-02-08 14:46:04,042] INFO in _internal: 127.0.0.1 - - [08/Feb/2024 14:46:04] "[36mGET /static/img/4.jpg HTTP/1.1[0m" 304 -
[2024-02-08 14:46:04,043] INFO in _internal: 127.0.0.1 - - [08/Feb/2024 14:46:04] "[36mGET /static/img/19.jpg HTTP/1.1[0m" 304 -
[2024-02-08 14:46:04,057] INFO in _internal: 127.0.0.1 - - [08/Feb/2024 14:46:04] "[36mGET /static/img/20.jpg HTTP/1.1[0m" 304 -
[2024-02-08 14:46:04,062] INFO in _internal: 127.0.0.1 - - [08/Feb/2024 14:46:04] "[36mGET /static/img/21.jpg HTTP/1.1[0m" 304 -
[2024-02-08 14:46:04,070] INFO in _internal: 127.0.0.1 - - [08/Feb/2024 14:46:04] "[36mGET /static/img/22.jpg HTTP/1.1[0m" 304 -
[2024-02-08 14:46:04,073] INFO in _internal: 127.0.0.1 - - [08/Feb/2024 14:46:04] "[36mGET /static/img/23.jpg HTTP/1.1[0m" 304 -
[2024-02-08 14:46:19,845] INFO in _internal: 127.0.0.1 - - [08/Feb/2024 14:46:19] "GET /escortv2 HTTP/1.1" 200 -
[2024-02-08 14:46:19,873] INFO in _internal: 127.0.0.1 - - [08/Feb/2024 14:46:19] "GET /static/css/escortv2.css HTTP/1.1" 200 -
[2024-02-08 14:46:19,875] INFO in _internal: 127.0.0.1 - - [08/Feb/2024 14:46:19] "[36mGET /static/img/logo.png HTTP/1.1[0m" 304 -
[2024-02-08 14:46:19,877] INFO in _internal: 127.0.0.1 - - [08/Feb/2024 14:46:19] "[36mGET /static/js/escortv2.js HTTP/1.1[0m" 304 -
[2024-02-08 14:46:19,914] INFO in _internal: 127.0.0.1 - - [08/Feb/2024 14:46:19] "[36mGET /static/img/1.jpg HTTP/1.1[0m" 304 -
[2024-02-08 14:46:19,915] INFO in _internal: 127.0.0.1 - - [08/Feb/2024 14:46:19] "[36mGET /static/img/2.jpg HTTP/1.1[0m" 304 -
[2024-02-08 14:46:19,918] INFO in _internal: 127.0.0.1 - - [08/Feb/2024 14:46:19] "[36mGET /static/img/3.jpg HTTP/1.1[0m" 304 -
[2024-02-08 14:46:19,925] INFO in _internal: 127.0.0.1 - - [08/Feb/2024 14:46:19] "[36mGET /static/img/4.jpg HTTP/1.1[0m" 304 -
[2024-02-08 14:46:19,949] INFO in _internal: 127.0.0.1 - - [08/Feb/2024 14:46:19] "[36mGET /static/img/19.jpg HTTP/1.1[0m" 304 -
[2024-02-08 14:46:19,956] INFO in _internal: 127.0.0.1 - - [08/Feb/2024 14:46:19] "[36mGET /static/img/20.jpg HTTP/1.1[0m" 304 -
[2024-02-08 14:46:19,960] INFO in _internal: 127.0.0.1 - - [08/Feb/2024 14:46:19] "[36mGET /static/img/21.jpg HTTP/1.1[0m" 304 -
[2024-02-08 14:46:19,963] INFO in _internal: 127.0.0.1 - - [08/Feb/2024 14:46:19] "[36mGET /static/img/22.jpg HTTP/1.1[0m" 304 -
[2024-02-08 14:46:19,969] INFO in _internal: 127.0.0.1 - - [08/Feb/2024 14:46:19] "[36mGET /static/img/23.jpg HTTP/1.1[0m" 304 -
[2024-02-08 14:46:42,677] INFO in _internal: 127.0.0.1 - - [08/Feb/2024 14:46:42] "GET /escortv2 HTTP/1.1" 200 -
[2024-02-08 14:46:42,700] INFO in _internal: 127.0.0.1 - - [08/Feb/2024 14:46:42] "GET /static/css/escortv2.css HTTP/1.1" 200 -
[2024-02-08 14:46:42,701] INFO in _internal: 127.0.0.1 - - [08/Feb/2024 14:46:42] "[36mGET /static/img/logo.png HTTP/1.1[0m" 304 -
[2024-02-08 14:46:42,703] INFO in _internal: 127.0.0.1 - - [08/Feb/2024 14:46:42] "[36mGET /static/js/escortv2.js HTTP/1.1[0m" 304 -
[2024-02-08 14:46:42,738] INFO in _internal: 127.0.0.1 - - [08/Feb/2024 14:46:42] "[36mGET /static/img/1.jpg HTTP/1.1[0m" 304 -
[2024-02-08 14:46:42,744] INFO in _internal: 127.0.0.1 - - [08/Feb/2024 14:46:42] "[36mGET /static/img/2.jpg HTTP/1.1[0m" 304 -
[2024-02-08 14:46:42,749] INFO in _internal: 127.0.0.1 - - [08/Feb/2024 14:46:42] "[36mGET /static/img/4.jpg HTTP/1.1[0m" 304 -
[2024-02-08 14:46:42,752] INFO in _internal: 127.0.0.1 - - [08/Feb/2024 14:46:42] "[36mGET /static/img/3.jpg HTTP/1.1[0m" 304 -
[2024-02-08 14:46:42,775] INFO in _internal: 127.0.0.1 - - [08/Feb/2024 14:46:42] "[36mGET /static/img/19.jpg HTTP/1.1[0m" 304 -
[2024-02-08 14:46:42,781] INFO in _internal: 127.0.0.1 - - [08/Feb/2024 14:46:42] "[36mGET /static/img/20.jpg HTTP/1.1[0m" 304 -
[2024-02-08 14:46:42,785] INFO in _internal: 127.0.0.1 - - [08/Feb/2024 14:46:42] "[36mGET /static/img/21.jpg HTTP/1.1[0m" 304 -
[2024-02-08 14:46:42,790] INFO in _internal: 127.0.0.1 - - [08/Feb/2024 14:46:42] "[36mGET /static/img/22.jpg HTTP/1.1[0m" 304 -
[2024-02-08 14:46:42,794] INFO in _internal: 127.0.0.1 - - [08/Feb/2024 14:46:42] "[36mGET /static/img/23.jpg HTTP/1.1[0m" 304 -
[2024-02-08 14:46:52,495] INFO in _internal: 127.0.0.1 - - [08/Feb/2024 14:46:52] "GET /escortv2 HTTP/1.1" 200 -
[2024-02-08 14:46:52,522] INFO in _internal: 127.0.0.1 - - [08/Feb/2024 14:46:52] "[36mGET /static/img/logo.png HTTP/1.1[0m" 304 -
[2024-02-08 14:46:52,522] INFO in _internal: 127.0.0.1 - - [08/Feb/2024 14:46:52] "GET /static/css/escortv2.css HTTP/1.1" 200 -
[2024-02-08 14:46:52,523] INFO in _internal: 127.0.0.1 - - [08/Feb/2024 14:46:52] "[36mGET /static/js/escortv2.js HTTP/1.1[0m" 304 -
[2024-02-08 14:46:52,563] INFO in _internal: 127.0.0.1 - - [08/Feb/2024 14:46:52] "[36mGET /static/img/1.jpg HTTP/1.1[0m" 304 -
[2024-02-08 14:46:52,565] INFO in _internal: 127.0.0.1 - - [08/Feb/2024 14:46:52] "[36mGET /static/img/2.jpg HTTP/1.1[0m" 304 -
[2024-02-08 14:46:52,569] INFO in _internal: 127.0.0.1 - - [08/Feb/2024 14:46:52] "[36mGET /static/img/3.jpg HTTP/1.1[0m" 304 -
[2024-02-08 14:46:52,573] INFO in _internal: 127.0.0.1 - - [08/Feb/2024 14:46:52] "[36mGET /static/img/4.jpg HTTP/1.1[0m" 304 -
[2024-02-08 14:46:52,579] INFO in _internal: 127.0.0.1 - - [08/Feb/2024 14:46:52] "[36mGET /static/img/19.jpg HTTP/1.1[0m" 304 -
[2024-02-08 14:46:52,601] INFO in _internal: 127.0.0.1 - - [08/Feb/2024 14:46:52] "[36mGET /static/img/20.jpg HTTP/1.1[0m" 304 -
[2024-02-08 14:46:52,605] INFO in _internal: 127.0.0.1 - - [08/Feb/2024 14:46:52] "[36mGET /static/img/21.jpg HTTP/1.1[0m" 304 -
[2024-02-08 14:46:52,609] INFO in _internal: 127.0.0.1 - - [08/Feb/2024 14:46:52] "[36mGET /static/img/22.jpg HTTP/1.1[0m" 304 -
[2024-02-08 14:46:52,613] INFO in _internal: 127.0.0.1 - - [08/Feb/2024 14:46:52] "[36mGET /static/img/23.jpg HTTP/1.1[0m" 304 -
[2024-02-08 14:47:01,817] INFO in _internal: 127.0.0.1 - - [08/Feb/2024 14:47:01] "GET /escortv2 HTTP/1.1" 200 -
[2024-02-08 14:47:01,844] INFO in _internal: 127.0.0.1 - - [08/Feb/2024 14:47:01] "[36mGET /static/img/logo.png HTTP/1.1[0m" 304 -
[2024-02-08 14:47:01,845] INFO in _internal: 127.0.0.1 - - [08/Feb/2024 14:47:01] "[36mGET /static/js/escortv2.js HTTP/1.1[0m" 304 -
[2024-02-08 14:47:01,845] INFO in _internal: 127.0.0.1 - - [08/Feb/2024 14:47:01] "GET /static/css/escortv2.css HTTP/1.1" 200 -
[2024-02-08 14:47:01,883] INFO in _internal: 127.0.0.1 - - [08/Feb/2024 14:47:01] "[36mGET /static/img/1.jpg HTTP/1.1[0m" 304 -
[2024-02-08 14:47:01,886] INFO in _internal: 127.0.0.1 - - [08/Feb/2024 14:47:01] "[36mGET /static/img/2.jpg HTTP/1.1[0m" 304 -
[2024-02-08 14:47:01,889] INFO in _internal: 127.0.0.1 - - [08/Feb/2024 14:47:01] "[36mGET /static/img/4.jpg HTTP/1.1[0m" 304 -
[2024-02-08 14:47:01,890] INFO in _internal: 127.0.0.1 - - [08/Feb/2024 14:47:01] "[36mGET /static/img/3.jpg HTTP/1.1[0m" 304 -
[2024-02-08 14:47:01,899] INFO in _internal: 127.0.0.1 - - [08/Feb/2024 14:47:01] "[36mGET /static/img/19.jpg HTTP/1.1[0m" 304 -
[2024-02-08 14:47:01,903] INFO in _internal: 127.0.0.1 - - [08/Feb/2024 14:47:01] "[36mGET /static/img/20.jpg HTTP/1.1[0m" 304 -
[2024-02-08 14:47:01,916] INFO in _internal: 127.0.0.1 - - [08/Feb/2024 14:47:01] "[36mGET /static/img/21.jpg HTTP/1.1[0m" 304 -
[2024-02-08 14:47:01,920] INFO in _internal: 127.0.0.1 - - [08/Feb/2024 14:47:01] "[36mGET /static/img/22.jpg HTTP/1.1[0m" 304 -
[2024-02-08 14:47:01,923] INFO in _internal: 127.0.0.1 - - [08/Feb/2024 14:47:01] "[36mGET /static/img/23.jpg HTTP/1.1[0m" 304 -
[2024-02-08 14:47:21,049] INFO in _internal: 127.0.0.1 - - [08/Feb/2024 14:47:21] "GET /escortv2 HTTP/1.1" 200 -
[2024-02-08 14:47:21,078] INFO in _internal: 127.0.0.1 - - [08/Feb/2024 14:47:21] "GET /static/css/escortv2.css HTTP/1.1" 200 -
[2024-02-08 14:47:21,078] INFO in _internal: 127.0.0.1 - - [08/Feb/2024 14:47:21] "[36mGET /static/img/logo.png HTTP/1.1[0m" 304 -
[2024-02-08 14:47:21,079] INFO in _internal: 127.0.0.1 - - [08/Feb/2024 14:47:21] "[36mGET /static/js/escortv2.js HTTP/1.1[0m" 304 -
[2024-02-08 14:47:21,121] INFO in _internal: 127.0.0.1 - - [08/Feb/2024 14:47:21] "[36mGET /static/img/1.jpg HTTP/1.1[0m" 304 -
[2024-02-08 14:47:21,122] INFO in _internal: 127.0.0.1 - - [08/Feb/2024 14:47:21] "[36mGET /static/img/2.jpg HTTP/1.1[0m" 304 -
[2024-02-08 14:47:21,129] INFO in _internal: 127.0.0.1 - - [08/Feb/2024 14:47:21] "[36mGET /static/img/3.jpg HTTP/1.1[0m" 304 -
[2024-02-08 14:47:21,151] INFO in _internal: 127.0.0.1 - - [08/Feb/2024 14:47:21] "[36mGET /static/img/19.jpg HTTP/1.1[0m" 304 -
[2024-02-08 14:47:21,155] INFO in _internal: 127.0.0.1 - - [08/Feb/2024 14:47:21] "[36mGET /static/img/20.jpg HTTP/1.1[0m" 304 -
[2024-02-08 14:47:21,156] INFO in _internal: 127.0.0.1 - - [08/Feb/2024 14:47:21] "[36mGET /static/img/4.jpg HTTP/1.1[0m" 304 -
[2024-02-08 14:47:21,159] INFO in _internal: 127.0.0.1 - - [08/Feb/2024 14:47:21] "[36mGET /static/img/21.jpg HTTP/1.1[0m" 304 -
[2024-02-08 14:47:21,159] INFO in _internal: 127.0.0.1 - - [08/Feb/2024 14:47:21] "[36mGET /static/img/22.jpg HTTP/1.1[0m" 304 -
[2024-02-08 14:47:21,163] INFO in _internal: 127.0.0.1 - - [08/Feb/2024 14:47:21] "[36mGET /static/img/23.jpg HTTP/1.1[0m" 304 -
[2024-02-08 14:47:40,682] INFO in _internal: 127.0.0.1 - - [08/Feb/2024 14:47:40] "GET /escortv2 HTTP/1.1" 200 -
[2024-02-08 14:47:40,712] INFO in _internal: 127.0.0.1 - - [08/Feb/2024 14:47:40] "GET /static/css/escortv2.css HTTP/1.1" 200 -
[2024-02-08 14:47:40,713] INFO in _internal: 127.0.0.1 - - [08/Feb/2024 14:47:40] "[36mGET /static/img/logo.png HTTP/1.1[0m" 304 -
[2024-02-08 14:47:40,714] INFO in _internal: 127.0.0.1 - - [08/Feb/2024 14:47:40] "[36mGET /static/js/escortv2.js HTTP/1.1[0m" 304 -
[2024-02-08 14:47:40,755] INFO in _internal: 127.0.0.1 - - [08/Feb/2024 14:47:40] "[36mGET /static/img/2.jpg HTTP/1.1[0m" 304 -
[2024-02-08 14:47:40,756] INFO in _internal: 127.0.0.1 - - [08/Feb/2024 14:47:40] "[36mGET /static/img/1.jpg HTTP/1.1[0m" 304 -
[2024-02-08 14:47:40,762] INFO in _internal: 127.0.0.1 - - [08/Feb/2024 14:47:40] "[36mGET /static/img/3.jpg HTTP/1.1[0m" 304 -
[2024-02-08 14:47:40,772] INFO in _internal: 127.0.0.1 - - [08/Feb/2024 14:47:40] "[36mGET /static/img/4.jpg HTTP/1.1[0m" 304 -
[2024-02-08 14:47:40,776] INFO in _internal: 127.0.0.1 - - [08/Feb/2024 14:47:40] "[36mGET /static/img/19.jpg HTTP/1.1[0m" 304 -
[2024-02-08 14:47:40,781] INFO in _internal: 127.0.0.1 - - [08/Feb/2024 14:47:40] "[36mGET /static/img/20.jpg HTTP/1.1[0m" 304 -
[2024-02-08 14:47:40,794] INFO in _internal: 127.0.0.1 - - [08/Feb/2024 14:47:40] "[36mGET /static/img/21.jpg HTTP/1.1[0m" 304 -
[2024-02-08 14:47:40,797] INFO in _internal: 127.0.0.1 - - [08/Feb/2024 14:47:40] "[36mGET /static/img/22.jpg HTTP/1.1[0m" 304 -
[2024-02-08 14:47:40,799] INFO in _internal: 127.0.0.1 - - [08/Feb/2024 14:47:40] "[36mGET /static/img/23.jpg HTTP/1.1[0m" 304 -
[2024-02-08 14:48:04,346] INFO in _internal: 127.0.0.1 - - [08/Feb/2024 14:48:04] "GET /escortv2 HTTP/1.1" 200 -
[2024-02-08 14:48:04,373] INFO in _internal: 127.0.0.1 - - [08/Feb/2024 14:48:04] "GET /static/css/escortv2.css HTTP/1.1" 200 -
[2024-02-08 14:48:04,376] INFO in _internal: 127.0.0.1 - - [08/Feb/2024 14:48:04] "[36mGET /static/img/logo.png HTTP/1.1[0m" 304 -
[2024-02-08 14:48:04,377] INFO in _internal: 127.0.0.1 - - [08/Feb/2024 14:48:04] "[36mGET /static/js/escortv2.js HTTP/1.1[0m" 304 -
[2024-02-08 14:48:04,407] INFO in _internal: 127.0.0.1 - - [08/Feb/2024 14:48:04] "[36mGET /static/img/2.jpg HTTP/1.1[0m" 304 -
[2024-02-08 14:48:04,409] INFO in _internal: 127.0.0.1 - - [08/Feb/2024 14:48:04] "[36mGET /static/img/1.jpg HTTP/1.1[0m" 304 -
[2024-02-08 14:48:04,413] INFO in _internal: 127.0.0.1 - - [08/Feb/2024 14:48:04] "[36mGET /static/img/3.jpg HTTP/1.1[0m" 304 -
[2024-02-08 14:48:04,422] INFO in _internal: 127.0.0.1 - - [08/Feb/2024 14:48:04] "[36mGET /static/img/4.jpg HTTP/1.1[0m" 304 -
[2024-02-08 14:48:04,427] INFO in _internal: 127.0.0.1 - - [08/Feb/2024 14:48:04] "[36mGET /static/img/20.jpg HTTP/1.1[0m" 304 -
[2024-02-08 14:48:04,432] INFO in _internal: 127.0.0.1 - - [08/Feb/2024 14:48:04] "[36mGET /static/img/19.jpg HTTP/1.1[0m" 304 -
[2024-02-08 14:48:04,438] INFO in _internal: 127.0.0.1 - - [08/Feb/2024 14:48:04] "[36mGET /static/img/21.jpg HTTP/1.1[0m" 304 -
[2024-02-08 14:48:04,440] INFO in _internal: 127.0.0.1 - - [08/Feb/2024 14:48:04] "[36mGET /static/img/22.jpg HTTP/1.1[0m" 304 -
[2024-02-08 14:48:04,443] INFO in _internal: 127.0.0.1 - - [08/Feb/2024 14:48:04] "[36mGET /static/img/23.jpg HTTP/1.1[0m" 304 -
[2024-02-08 14:58:10,668] INFO in _internal: 127.0.0.1 - - [08/Feb/2024 14:58:10] "GET /escortv2 HTTP/1.1" 200 -
[2024-02-08 14:58:10,696] INFO in _internal: 127.0.0.1 - - [08/Feb/2024 14:58:10] "GET /static/css/escortv2.css HTTP/1.1" 200 -
[2024-02-08 14:58:10,698] INFO in _internal: 127.0.0.1 - - [08/Feb/2024 14:58:10] "[36mGET /static/img/logo.png HTTP/1.1[0m" 304 -
[2024-02-08 14:58:10,698] INFO in _internal: 127.0.0.1 - - [08/Feb/2024 14:58:10] "[36mGET /static/js/escortv2.js HTTP/1.1[0m" 304 -
[2024-02-08 14:58:10,809] INFO in _internal: 127.0.0.1 - - [08/Feb/2024 14:58:10] "[36mGET /static/img/1.jpg HTTP/1.1[0m" 304 -
[2024-02-08 14:58:10,811] INFO in _internal: 127.0.0.1 - - [08/Feb/2024 14:58:10] "[36mGET /static/img/2.jpg HTTP/1.1[0m" 304 -
[2024-02-08 14:58:10,816] INFO in _internal: 127.0.0.1 - - [08/Feb/2024 14:58:10] "[36mGET /static/img/3.jpg HTTP/1.1[0m" 304 -
[2024-02-08 14:58:10,840] INFO in _internal: 127.0.0.1 - - [08/Feb/2024 14:58:10] "[36mGET /static/img/4.jpg HTTP/1.1[0m" 304 -
[2024-02-08 14:58:10,841] INFO in _internal: 127.0.0.1 - - [08/Feb/2024 14:58:10] "[36mGET /static/img/19.jpg HTTP/1.1[0m" 304 -
[2024-02-08 14:58:10,856] INFO in _internal: 127.0.0.1 - - [08/Feb/2024 14:58:10] "[36mGET /static/img/20.jpg HTTP/1.1[0m" 304 -
[2024-02-08 14:58:10,859] INFO in _internal: 127.0.0.1 - - [08/Feb/2024 14:58:10] "[36mGET /static/img/21.jpg HTTP/1.1[0m" 304 -
[2024-02-08 14:58:10,865] INFO in _internal: 127.0.0.1 - - [08/Feb/2024 14:58:10] "[36mGET /static/img/22.jpg HTTP/1.1[0m" 304 -
[2024-02-08 14:58:10,882] INFO in _internal: 127.0.0.1 - - [08/Feb/2024 14:58:10] "[36mGET /static/img/23.jpg HTTP/1.1[0m" 304 -
[2024-02-08 14:58:49,261] INFO in _internal: 127.0.0.1 - - [08/Feb/2024 14:58:49] "GET /escortv2 HTTP/1.1" 200 -
[2024-02-08 14:58:49,297] INFO in _internal: 127.0.0.1 - - [08/Feb/2024 14:58:49] "GET /static/css/escortv2.css HTTP/1.1" 200 -
[2024-02-08 14:58:49,297] INFO in _internal: 127.0.0.1 - - [08/Feb/2024 14:58:49] "[36mGET /static/img/logo.png HTTP/1.1[0m" 304 -
[2024-02-08 14:58:49,300] INFO in _internal: 127.0.0.1 - - [08/Feb/2024 14:58:49] "[36mGET /static/js/escortv2.js HTTP/1.1[0m" 304 -
[2024-02-08 14:58:49,368] INFO in _internal: 127.0.0.1 - - [08/Feb/2024 14:58:49] "[36mGET /static/img/1.jpg HTTP/1.1[0m" 304 -
[2024-02-08 14:58:49,375] INFO in _internal: 127.0.0.1 - - [08/Feb/2024 14:58:49] "[36mGET /static/img/3.jpg HTTP/1.1[0m" 304 -
[2024-02-08 14:58:49,382] INFO in _internal: 127.0.0.1 - - [08/Feb/2024 14:58:49] "[36mGET /static/img/2.jpg HTTP/1.1[0m" 304 -
[2024-02-08 14:58:49,387] INFO in _internal: 127.0.0.1 - - [08/Feb/2024 14:58:49] "[36mGET /static/img/4.jpg HTTP/1.1[0m" 304 -
[2024-02-08 14:58:49,399] INFO in _internal: 127.0.0.1 - - [08/Feb/2024 14:58:49] "[36mGET /static/img/21.jpg HTTP/1.1[0m" 304 -
[2024-02-08 14:58:49,391] INFO in _internal: 127.0.0.1 - - [08/Feb/2024 14:58:49] "[36mGET /static/img/20.jpg HTTP/1.1[0m" 304 -
[2024-02-08 14:58:49,388] INFO in _internal: 127.0.0.1 - - [08/Feb/2024 14:58:49] "[36mGET /static/img/19.jpg HTTP/1.1[0m" 304 -
[2024-02-08 14:58:49,417] INFO in _internal: 127.0.0.1 - - [08/Feb/2024 14:58:49] "[36mGET /static/img/22.jpg HTTP/1.1[0m" 304 -
[2024-02-08 14:58:49,430] INFO in _internal: 127.0.0.1 - - [08/Feb/2024 14:58:49] "[36mGET /static/img/23.jpg HTTP/1.1[0m" 304 -
[2024-02-08 14:59:12,006] INFO in _internal: 127.0.0.1 - - [08/Feb/2024 14:59:12] "GET /escortv2 HTTP/1.1" 200 -
[2024-02-08 14:59:12,022] INFO in _internal: 127.0.0.1 - - [08/Feb/2024 14:59:12] "GET /static/css/escortv2.css HTTP/1.1" 200 -
[2024-02-08 14:59:12,033] INFO in _internal: 127.0.0.1 - - [08/Feb/2024 14:59:12] "[36mGET /static/img/logo.png HTTP/1.1[0m" 304 -
[2024-02-08 14:59:12,034] INFO in _internal: 127.0.0.1 - - [08/Feb/2024 14:59:12] "[36mGET /static/js/escortv2.js HTTP/1.1[0m" 304 -
[2024-02-08 14:59:12,068] INFO in _internal: 127.0.0.1 - - [08/Feb/2024 14:59:12] "[36mGET /static/img/2.jpg HTTP/1.1[0m" 304 -
[2024-02-08 14:59:12,070] INFO in _internal: 127.0.0.1 - - [08/Feb/2024 14:59:12] "[36mGET /static/img/1.jpg HTTP/1.1[0m" 304 -
[2024-02-08 14:59:12,090] INFO in _internal: 127.0.0.1 - - [08/Feb/2024 14:59:12] "[36mGET /static/img/3.jpg HTTP/1.1[0m" 304 -
[2024-02-08 14:59:12,095] INFO in _internal: 127.0.0.1 - - [08/Feb/2024 14:59:12] "[36mGET /static/img/4.jpg HTTP/1.1[0m" 304 -
[2024-02-08 14:59:12,103] INFO in _internal: 127.0.0.1 - - [08/Feb/2024 14:59:12] "[36mGET /static/img/21.jpg HTTP/1.1[0m" 304 -
[2024-02-08 14:59:12,106] INFO in _internal: 127.0.0.1 - - [08/Feb/2024 14:59:12] "[36mGET /static/img/20.jpg HTTP/1.1[0m" 304 -
[2024-02-08 14:59:12,107] INFO in _internal: 127.0.0.1 - - [08/Feb/2024 14:59:12] "[36mGET /static/img/19.jpg HTTP/1.1[0m" 304 -
[2024-02-08 14:59:12,131] INFO in _internal: 127.0.0.1 - - [08/Feb/2024 14:59:12] "[36mGET /static/img/22.jpg HTTP/1.1[0m" 304 -
[2024-02-08 14:59:12,140] INFO in _internal: 127.0.0.1 - - [08/Feb/2024 14:59:12] "[36mGET /static/img/23.jpg HTTP/1.1[0m" 304 -
[2024-02-08 14:59:21,684] INFO in _internal: 127.0.0.1 - - [08/Feb/2024 14:59:21] "GET /escortv2 HTTP/1.1" 200 -
[2024-02-08 14:59:21,703] INFO in _internal: 127.0.0.1 - - [08/Feb/2024 14:59:21] "[36mGET /static/img/logo.png HTTP/1.1[0m" 304 -
[2024-02-08 14:59:21,704] INFO in _internal: 127.0.0.1 - - [08/Feb/2024 14:59:21] "GET /static/css/escortv2.css HTTP/1.1" 200 -
[2024-02-08 14:59:21,705] INFO in _internal: 127.0.0.1 - - [08/Feb/2024 14:59:21] "[36mGET /static/js/escortv2.js HTTP/1.1[0m" 304 -
[2024-02-08 14:59:21,765] INFO in _internal: 127.0.0.1 - - [08/Feb/2024 14:59:21] "[36mGET /static/img/1.jpg HTTP/1.1[0m" 304 -
[2024-02-08 14:59:21,765] INFO in _internal: 127.0.0.1 - - [08/Feb/2024 14:59:21] "[36mGET /static/img/3.jpg HTTP/1.1[0m" 304 -
[2024-02-08 14:59:21,778] INFO in _internal: 127.0.0.1 - - [08/Feb/2024 14:59:21] "[36mGET /static/img/2.jpg HTTP/1.1[0m" 304 -
[2024-02-08 14:59:21,782] INFO in _internal: 127.0.0.1 - - [08/Feb/2024 14:59:21] "[36mGET /static/img/4.jpg HTTP/1.1[0m" 304 -
[2024-02-08 14:59:21,790] INFO in _internal: 127.0.0.1 - - [08/Feb/2024 14:59:21] "[36mGET /static/img/19.jpg HTTP/1.1[0m" 304 -
[2024-02-08 14:59:21,792] INFO in _internal: 127.0.0.1 - - [08/Feb/2024 14:59:21] "[36mGET /static/img/20.jpg HTTP/1.1[0m" 304 -
[2024-02-08 14:59:21,796] INFO in _internal: 127.0.0.1 - - [08/Feb/2024 14:59:21] "[36mGET /static/img/22.jpg HTTP/1.1[0m" 304 -
[2024-02-08 14:59:21,800] INFO in _internal: 127.0.0.1 - - [08/Feb/2024 14:59:21] "[36mGET /static/img/21.jpg HTTP/1.1[0m" 304 -
[2024-02-08 14:59:21,803] INFO in _internal: 127.0.0.1 - - [08/Feb/2024 14:59:21] "[36mGET /static/img/23.jpg HTTP/1.1[0m" 304 -
[2024-02-08 14:59:40,815] INFO in _internal: 127.0.0.1 - - [08/Feb/2024 14:59:40] "GET /escortv2 HTTP/1.1" 200 -
[2024-02-08 14:59:40,838] INFO in _internal: 127.0.0.1 - - [08/Feb/2024 14:59:40] "[36mGET /static/img/logo.png HTTP/1.1[0m" 304 -
[2024-02-08 14:59:40,839] INFO in _internal: 127.0.0.1 - - [08/Feb/2024 14:59:40] "GET /static/css/escortv2.css HTTP/1.1" 200 -
[2024-02-08 14:59:40,841] INFO in _internal: 127.0.0.1 - - [08/Feb/2024 14:59:40] "[36mGET /static/js/escortv2.js HTTP/1.1[0m" 304 -
[2024-02-08 14:59:40,893] INFO in _internal: 127.0.0.1 - - [08/Feb/2024 14:59:40] "[36mGET /static/img/1.jpg HTTP/1.1[0m" 304 -
[2024-02-08 14:59:40,894] INFO in _internal: 127.0.0.1 - - [08/Feb/2024 14:59:40] "[36mGET /static/img/2.jpg HTTP/1.1[0m" 304 -
[2024-02-08 14:59:40,896] INFO in _internal: 127.0.0.1 - - [08/Feb/2024 14:59:40] "[36mGET /static/img/3.jpg HTTP/1.1[0m" 304 -
[2024-02-08 14:59:40,903] INFO in _internal: 127.0.0.1 - - [08/Feb/2024 14:59:40] "[36mGET /static/img/4.jpg HTTP/1.1[0m" 304 -
[2024-02-08 14:59:40,917] INFO in _internal: 127.0.0.1 - - [08/Feb/2024 14:59:40] "[36mGET /static/img/19.jpg HTTP/1.1[0m" 304 -
[2024-02-08 14:59:40,921] INFO in _internal: 127.0.0.1 - - [08/Feb/2024 14:59:40] "[36mGET /static/img/20.jpg HTTP/1.1[0m" 304 -
[2024-02-08 14:59:40,927] INFO in _internal: 127.0.0.1 - - [08/Feb/2024 14:59:40] "[36mGET /static/img/21.jpg HTTP/1.1[0m" 304 -
[2024-02-08 14:59:40,938] INFO in _internal: 127.0.0.1 - - [08/Feb/2024 14:59:40] "[36mGET /static/img/22.jpg HTTP/1.1[0m" 304 -
[2024-02-08 14:59:40,941] INFO in _internal: 127.0.0.1 - - [08/Feb/2024 14:59:40] "[36mGET /static/img/23.jpg HTTP/1.1[0m" 304 -
[2024-02-08 15:00:52,783] INFO in _internal: 127.0.0.1 - - [08/Feb/2024 15:00:52] "GET /escortv2 HTTP/1.1" 200 -
[2024-02-08 15:00:52,816] INFO in _internal: 127.0.0.1 - - [08/Feb/2024 15:00:52] "GET /static/css/escortv2.css HTTP/1.1" 200 -
[2024-02-08 15:00:52,818] INFO in _internal: 127.0.0.1 - - [08/Feb/2024 15:00:52] "[36mGET /static/img/logo.png HTTP/1.1[0m" 304 -
[2024-02-08 15:00:52,819] INFO in _internal: 127.0.0.1 - - [08/Feb/2024 15:00:52] "[36mGET /static/js/escortv2.js HTTP/1.1[0m" 304 -
[2024-02-08 15:00:52,868] INFO in _internal: 127.0.0.1 - - [08/Feb/2024 15:00:52] "[36mGET /static/img/1.jpg HTTP/1.1[0m" 304 -
[2024-02-08 15:00:52,884] INFO in _internal: 127.0.0.1 - - [08/Feb/2024 15:00:52] "[36mGET /static/img/2.jpg HTTP/1.1[0m" 304 -
[2024-02-08 15:00:52,915] INFO in _internal: 127.0.0.1 - - [08/Feb/2024 15:00:52] "[36mGET /static/img/3.jpg HTTP/1.1[0m" 304 -
[2024-02-08 15:00:52,939] INFO in _internal: 127.0.0.1 - - [08/Feb/2024 15:00:52] "[36mGET /static/img/4.jpg HTTP/1.1[0m" 304 -
[2024-02-08 15:00:52,941] INFO in _internal: 127.0.0.1 - - [08/Feb/2024 15:00:52] "[36mGET /static/img/19.jpg HTTP/1.1[0m" 304 -
[2024-02-08 15:00:52,943] INFO in _internal: 127.0.0.1 - - [08/Feb/2024 15:00:52] "[36mGET /static/img/20.jpg HTTP/1.1[0m" 304 -
[2024-02-08 15:00:52,944] INFO in _internal: 127.0.0.1 - - [08/Feb/2024 15:00:52] "[36mGET /static/img/21.jpg HTTP/1.1[0m" 304 -
[2024-02-08 15:00:52,950] INFO in _internal: 127.0.0.1 - - [08/Feb/2024 15:00:52] "[36mGET /static/img/22.jpg HTTP/1.1[0m" 304 -
[2024-02-08 15:00:52,953] INFO in _internal: 127.0.0.1 - - [08/Feb/2024 15:00:52] "[36mGET /static/img/23.jpg HTTP/1.1[0m" 304 -
[2024-02-08 15:01:32,660] INFO in _internal: 127.0.0.1 - - [08/Feb/2024 15:01:32] "GET /escortv2 HTTP/1.1" 200 -
[2024-02-08 15:01:32,685] INFO in _internal: 127.0.0.1 - - [08/Feb/2024 15:01:32] "[36mGET /static/css/escortv2.css HTTP/1.1[0m" 304 -
[2024-02-08 15:01:32,686] INFO in _internal: 127.0.0.1 - - [08/Feb/2024 15:01:32] "[36mGET /static/img/logo.png HTTP/1.1[0m" 304 -
[2024-02-08 15:01:32,686] INFO in _internal: 127.0.0.1 - - [08/Feb/2024 15:01:32] "[36mGET /static/js/escortv2.js HTTP/1.1[0m" 304 -
[2024-02-08 15:01:33,486] INFO in _internal: 127.0.0.1 - - [08/Feb/2024 15:01:33] "[36mGET /static/img/1.jpg HTTP/1.1[0m" 304 -
[2024-02-08 15:01:33,488] INFO in _internal: 127.0.0.1 - - [08/Feb/2024 15:01:33] "[36mGET /static/img/2.jpg HTTP/1.1[0m" 304 -
[2024-02-08 15:01:33,490] INFO in _internal: 127.0.0.1 - - [08/Feb/2024 15:01:33] "[36mGET /static/img/3.jpg HTTP/1.1[0m" 304 -
[2024-02-08 15:01:33,495] INFO in _internal: 127.0.0.1 - - [08/Feb/2024 15:01:33] "[36mGET /static/img/4.jpg HTTP/1.1[0m" 304 -
[2024-02-08 15:01:33,520] INFO in _internal: 127.0.0.1 - - [08/Feb/2024 15:01:33] "[36mGET /static/img/19.jpg HTTP/1.1[0m" 304 -
[2024-02-08 15:01:33,521] INFO in _internal: 127.0.0.1 - - [08/Feb/2024 15:01:33] "[36mGET /static/img/20.jpg HTTP/1.1[0m" 304 -
[2024-02-08 15:01:33,523] INFO in _internal: 127.0.0.1 - - [08/Feb/2024 15:01:33] "[36mGET /static/img/22.jpg HTTP/1.1[0m" 304 -
[2024-02-08 15:01:33,525] INFO in _internal: 127.0.0.1 - - [08/Feb/2024 15:01:33] "GET /static/img/23.jpg HTTP/1.1" 200 -
[2024-02-08 15:01:33,527] INFO in _internal: 127.0.0.1 - - [08/Feb/2024 15:01:33] "[36mGET /static/img/21.jpg HTTP/1.1[0m" 304 -
[2024-02-08 15:08:42,931] INFO in _internal: 127.0.0.1 - - [08/Feb/2024 15:08:42] "GET /escortv2 HTTP/1.1" 200 -
[2024-02-08 15:08:42,962] INFO in _internal: 127.0.0.1 - - [08/Feb/2024 15:08:42] "[36mGET /static/css/escortv2.css HTTP/1.1[0m" 304 -
[2024-02-08 15:08:42,966] INFO in _internal: 127.0.0.1 - - [08/Feb/2024 15:08:42] "[36mGET /static/img/logo.png HTTP/1.1[0m" 304 -
[2024-02-08 15:08:42,968] INFO in _internal: 127.0.0.1 - - [08/Feb/2024 15:08:42] "GET /static/js/escortv2.js HTTP/1.1" 200 -
[2024-02-08 15:08:43,156] INFO in _internal: 127.0.0.1 - - [08/Feb/2024 15:08:43] "[36mGET /static/img/1.jpg HTTP/1.1[0m" 304 -
[2024-02-08 15:08:43,157] INFO in _internal: 127.0.0.1 - - [08/Feb/2024 15:08:43] "[36mGET /static/img/2.jpg HTTP/1.1[0m" 304 -
[2024-02-08 15:08:43,161] INFO in _internal: 127.0.0.1 - - [08/Feb/2024 15:08:43] "[36mGET /static/img/3.jpg HTTP/1.1[0m" 304 -
[2024-02-08 15:08:43,164] INFO in _internal: 127.0.0.1 - - [08/Feb/2024 15:08:43] "[36mGET /static/img/4.jpg HTTP/1.1[0m" 304 -
[2024-02-08 15:08:43,191] INFO in _internal: 127.0.0.1 - - [08/Feb/2024 15:08:43] "[36mGET /static/img/20.jpg HTTP/1.1[0m" 304 -
[2024-02-08 15:08:43,195] INFO in _internal: 127.0.0.1 - - [08/Feb/2024 15:08:43] "[36mGET /static/img/21.jpg HTTP/1.1[0m" 304 -
[2024-02-08 15:08:43,200] INFO in _internal: 127.0.0.1 - - [08/Feb/2024 15:08:43] "[36mGET /static/img/19.jpg HTTP/1.1[0m" 304 -
[2024-02-08 15:08:43,214] INFO in _internal: 127.0.0.1 - - [08/Feb/2024 15:08:43] "[36mGET /static/img/22.jpg HTTP/1.1[0m" 304 -
[2024-02-08 15:08:43,223] INFO in _internal: 127.0.0.1 - - [08/Feb/2024 15:08:43] "[36mGET /static/img/23.jpg HTTP/1.1[0m" 304 -
[2024-02-08 15:09:55,818] INFO in _internal: 127.0.0.1 - - [08/Feb/2024 15:09:55] "GET /escortv2 HTTP/1.1" 200 -
[2024-02-08 15:09:55,845] INFO in _internal: 127.0.0.1 - - [08/Feb/2024 15:09:55] "[36mGET /static/css/escortv2.css HTTP/1.1[0m" 304 -
[2024-02-08 15:09:55,846] INFO in _internal: 127.0.0.1 - - [08/Feb/2024 15:09:55] "[36mGET /static/img/logo.png HTTP/1.1[0m" 304 -
[2024-02-08 15:09:55,862] INFO in _internal: 127.0.0.1 - - [08/Feb/2024 15:09:55] "GET /static/js/escortv2.js HTTP/1.1" 200 -
[2024-02-08 15:09:55,900] INFO in _internal: 127.0.0.1 - - [08/Feb/2024 15:09:55] "[36mGET /static/img/1.jpg HTTP/1.1[0m" 304 -
[2024-02-08 15:09:55,905] INFO in _internal: 127.0.0.1 - - [08/Feb/2024 15:09:55] "[36mGET /static/img/2.jpg HTTP/1.1[0m" 304 -
[2024-02-08 15:09:55,907] INFO in _internal: 127.0.0.1 - - [08/Feb/2024 15:09:55] "[36mGET /static/img/3.jpg HTTP/1.1[0m" 304 -
[2024-02-08 15:09:55,924] INFO in _internal: 127.0.0.1 - - [08/Feb/2024 15:09:55] "[36mGET /static/img/4.jpg HTTP/1.1[0m" 304 -
[2024-02-08 15:09:55,945] INFO in _internal: 127.0.0.1 - - [08/Feb/2024 15:09:55] "[36mGET /static/img/19.jpg HTTP/1.1[0m" 304 -
[2024-02-08 15:09:55,948] INFO in _internal: 127.0.0.1 - - [08/Feb/2024 15:09:55] "[36mGET /static/img/20.jpg HTTP/1.1[0m" 304 -
[2024-02-08 15:09:55,951] INFO in _internal: 127.0.0.1 - - [08/Feb/2024 15:09:55] "[36mGET /static/img/21.jpg HTTP/1.1[0m" 304 -
[2024-02-08 15:09:55,952] INFO in _internal: 127.0.0.1 - - [08/Feb/2024 15:09:55] "[36mGET /static/img/22.jpg HTTP/1.1[0m" 304 -
[2024-02-08 15:09:55,961] INFO in _internal: 127.0.0.1 - - [08/Feb/2024 15:09:55] "[36mGET /static/img/23.jpg HTTP/1.1[0m" 304 -
[2024-02-08 15:09:58,597] INFO in _internal: 127.0.0.1 - - [08/Feb/2024 15:09:58] "[33mGET /static/img/map.png HTTP/1.1[0m" 404 -
[2024-02-08 15:10:34,909] INFO in _internal: 127.0.0.1 - - [08/Feb/2024 15:10:34] "GET /escortv2 HTTP/1.1" 200 -
[2024-02-08 15:10:34,935] INFO in _internal: 127.0.0.1 - - [08/Feb/2024 15:10:34] "[36mGET /static/css/escortv2.css HTTP/1.1[0m" 304 -
[2024-02-08 15:10:34,939] INFO in _internal: 127.0.0.1 - - [08/Feb/2024 15:10:34] "GET /static/js/escortv2.js HTTP/1.1" 200 -
[2024-02-08 15:10:34,943] INFO in _internal: 127.0.0.1 - - [08/Feb/2024 15:10:34] "[36mGET /static/img/logo.png HTTP/1.1[0m" 304 -
[2024-02-08 15:10:35,003] INFO in _internal: 127.0.0.1 - - [08/Feb/2024 15:10:35] "[36mGET /static/img/1.jpg HTTP/1.1[0m" 304 -
[2024-02-08 15:10:35,007] INFO in _internal: 127.0.0.1 - - [08/Feb/2024 15:10:35] "[36mGET /static/img/3.jpg HTTP/1.1[0m" 304 -
[2024-02-08 15:10:35,010] INFO in _internal: 127.0.0.1 - - [08/Feb/2024 15:10:35] "[36mGET /static/img/2.jpg HTTP/1.1[0m" 304 -
[2024-02-08 15:10:35,046] INFO in _internal: 127.0.0.1 - - [08/Feb/2024 15:10:35] "[36mGET /static/img/4.jpg HTTP/1.1[0m" 304 -
[2024-02-08 15:10:35,048] INFO in _internal: 127.0.0.1 - - [08/Feb/2024 15:10:35] "[36mGET /static/img/19.jpg HTTP/1.1[0m" 304 -
[2024-02-08 15:10:35,053] INFO in _internal: 127.0.0.1 - - [08/Feb/2024 15:10:35] "[36mGET /static/img/20.jpg HTTP/1.1[0m" 304 -
[2024-02-08 15:10:35,068] INFO in _internal: 127.0.0.1 - - [08/Feb/2024 15:10:35] "[36mGET /static/img/21.jpg HTTP/1.1[0m" 304 -
[2024-02-08 15:10:35,075] INFO in _internal: 127.0.0.1 - - [08/Feb/2024 15:10:35] "[36mGET /static/img/22.jpg HTTP/1.1[0m" 304 -
[2024-02-08 15:10:35,079] INFO in _internal: 127.0.0.1 - - [08/Feb/2024 15:10:35] "[36mGET /static/img/23.jpg HTTP/1.1[0m" 304 -
[2024-02-08 15:11:43,260] INFO in _internal: 127.0.0.1 - - [08/Feb/2024 15:11:43] "GET /escortv2 HTTP/1.1" 200 -
[2024-02-08 15:11:43,286] INFO in _internal: 127.0.0.1 - - [08/Feb/2024 15:11:43] "[36mGET /static/css/escortv2.css HTTP/1.1[0m" 304 -
[2024-02-08 15:11:43,287] INFO in _internal: 127.0.0.1 - - [08/Feb/2024 15:11:43] "[36mGET /static/img/logo.png HTTP/1.1[0m" 304 -
[2024-02-08 15:11:43,288] INFO in _internal: 127.0.0.1 - - [08/Feb/2024 15:11:43] "GET /static/js/escortv2.js HTTP/1.1" 200 -
[2024-02-08 15:11:43,325] INFO in _internal: 127.0.0.1 - - [08/Feb/2024 15:11:43] "[36mGET /static/img/1.jpg HTTP/1.1[0m" 304 -
[2024-02-08 15:11:43,334] INFO in _internal: 127.0.0.1 - - [08/Feb/2024 15:11:43] "[36mGET /static/img/2.jpg HTTP/1.1[0m" 304 -
[2024-02-08 15:11:43,360] INFO in _internal: 127.0.0.1 - - [08/Feb/2024 15:11:43] "[36mGET /static/img/4.jpg HTTP/1.1[0m" 304 -
[2024-02-08 15:11:43,364] INFO in _internal: 127.0.0.1 - - [08/Feb/2024 15:11:43] "[36mGET /static/img/3.jpg HTTP/1.1[0m" 304 -
[2024-02-08 15:11:43,367] INFO in _internal: 127.0.0.1 - - [08/Feb/2024 15:11:43] "[36mGET /static/img/19.jpg HTTP/1.1[0m" 304 -
[2024-02-08 15:11:43,371] INFO in _internal: 127.0.0.1 - - [08/Feb/2024 15:11:43] "[36mGET /static/img/20.jpg HTTP/1.1[0m" 304 -
[2024-02-08 15:11:43,374] INFO in _internal: 127.0.0.1 - - [08/Feb/2024 15:11:43] "[36mGET /static/img/21.jpg HTTP/1.1[0m" 304 -
[2024-02-08 15:11:43,380] INFO in _internal: 127.0.0.1 - - [08/Feb/2024 15:11:43] "[36mGET /static/img/22.jpg HTTP/1.1[0m" 304 -
[2024-02-08 15:11:43,392] INFO in _internal: 127.0.0.1 - - [08/Feb/2024 15:11:43] "[36mGET /static/img/23.jpg HTTP/1.1[0m" 304 -
[2024-02-08 15:11:44,453] INFO in _internal: 127.0.0.1 - - [08/Feb/2024 15:11:44] "GET /static/img/0.png HTTP/1.1" 200 -
[2024-02-08 15:11:51,170] INFO in _internal: 127.0.0.1 - - [08/Feb/2024 15:11:51] "GET /escortv2 HTTP/1.1" 200 -
[2024-02-08 15:11:51,193] INFO in _internal: 127.0.0.1 - - [08/Feb/2024 15:11:51] "[36mGET /static/css/escortv2.css HTTP/1.1[0m" 304 -
[2024-02-08 15:11:51,195] INFO in _internal: 127.0.0.1 - - [08/Feb/2024 15:11:51] "[36mGET /static/img/logo.png HTTP/1.1[0m" 304 -
[2024-02-08 15:11:51,197] INFO in _internal: 127.0.0.1 - - [08/Feb/2024 15:11:51] "[36mGET /static/js/escortv2.js HTTP/1.1[0m" 304 -
[2024-02-08 15:11:51,233] INFO in _internal: 127.0.0.1 - - [08/Feb/2024 15:11:51] "[36mGET /static/img/1.jpg HTTP/1.1[0m" 304 -
[2024-02-08 15:11:51,235] INFO in _internal: 127.0.0.1 - - [08/Feb/2024 15:11:51] "[36mGET /static/img/2.jpg HTTP/1.1[0m" 304 -
[2024-02-08 15:11:51,235] INFO in _internal: 127.0.0.1 - - [08/Feb/2024 15:11:51] "[36mGET /static/img/3.jpg HTTP/1.1[0m" 304 -
[2024-02-08 15:11:51,267] INFO in _internal: 127.0.0.1 - - [08/Feb/2024 15:11:51] "[36mGET /static/img/4.jpg HTTP/1.1[0m" 304 -
[2024-02-08 15:11:51,275] INFO in _internal: 127.0.0.1 - - [08/Feb/2024 15:11:51] "[36mGET /static/img/20.jpg HTTP/1.1[0m" 304 -
[2024-02-08 15:11:51,275] INFO in _internal: 127.0.0.1 - - [08/Feb/2024 15:11:51] "[36mGET /static/img/19.jpg HTTP/1.1[0m" 304 -
[2024-02-08 15:11:51,284] INFO in _internal: 127.0.0.1 - - [08/Feb/2024 15:11:51] "[36mGET /static/img/21.jpg HTTP/1.1[0m" 304 -
[2024-02-08 15:11:51,287] INFO in _internal: 127.0.0.1 - - [08/Feb/2024 15:11:51] "[36mGET /static/img/22.jpg HTTP/1.1[0m" 304 -
[2024-02-08 15:11:51,288] INFO in _internal: 127.0.0.1 - - [08/Feb/2024 15:11:51] "[36mGET /static/img/23.jpg HTTP/1.1[0m" 304 -
[2024-02-08 15:12:35,406] INFO in _internal: 127.0.0.1 - - [08/Feb/2024 15:12:35] "GET /escortv2 HTTP/1.1" 200 -
[2024-02-08 15:12:35,435] INFO in _internal: 127.0.0.1 - - [08/Feb/2024 15:12:35] "[36mGET /static/css/escortv2.css HTTP/1.1[0m" 304 -
[2024-02-08 15:12:35,436] INFO in _internal: 127.0.0.1 - - [08/Feb/2024 15:12:35] "[36mGET /static/img/logo.png HTTP/1.1[0m" 304 -
[2024-02-08 15:12:35,437] INFO in _internal: 127.0.0.1 - - [08/Feb/2024 15:12:35] "GET /static/js/escortv2.js HTTP/1.1" 200 -
[2024-02-08 15:12:35,479] INFO in _internal: 127.0.0.1 - - [08/Feb/2024 15:12:35] "[36mGET /static/img/1.jpg HTTP/1.1[0m" 304 -
[2024-02-08 15:12:35,483] INFO in _internal: 127.0.0.1 - - [08/Feb/2024 15:12:35] "[36mGET /static/img/2.jpg HTTP/1.1[0m" 304 -
[2024-02-08 15:12:35,485] INFO in _internal: 127.0.0.1 - - [08/Feb/2024 15:12:35] "[36mGET /static/img/3.jpg HTTP/1.1[0m" 304 -
[2024-02-08 15:12:35,490] INFO in _internal: 127.0.0.1 - - [08/Feb/2024 15:12:35] "[36mGET /static/img/4.jpg HTTP/1.1[0m" 304 -
[2024-02-08 15:12:35,506] INFO in _internal: 127.0.0.1 - - [08/Feb/2024 15:12:35] "[36mGET /static/img/19.jpg HTTP/1.1[0m" 304 -
[2024-02-08 15:12:35,522] INFO in _internal: 127.0.0.1 - - [08/Feb/2024 15:12:35] "[36mGET /static/img/20.jpg HTTP/1.1[0m" 304 -
[2024-02-08 15:12:35,526] INFO in _internal: 127.0.0.1 - - [08/Feb/2024 15:12:35] "[36mGET /static/img/21.jpg HTTP/1.1[0m" 304 -
[2024-02-08 15:12:35,530] INFO in _internal: 127.0.0.1 - - [08/Feb/2024 15:12:35] "[36mGET /static/img/22.jpg HTTP/1.1[0m" 304 -
[2024-02-08 15:12:35,531] INFO in _internal: 127.0.0.1 - - [08/Feb/2024 15:12:35] "[36mGET /static/img/23.jpg HTTP/1.1[0m" 304 -
[2024-02-08 15:12:37,075] INFO in _internal: 127.0.0.1 - - [08/Feb/2024 15:12:37] "[33mGET /static/img/map.png HTTP/1.1[0m" 404 -
[2024-02-08 15:13:04,978] INFO in _internal: 127.0.0.1 - - [08/Feb/2024 15:13:04] "GET /escortv2 HTTP/1.1" 200 -
[2024-02-08 15:13:05,005] INFO in _internal: 127.0.0.1 - - [08/Feb/2024 15:13:05] "[36mGET /static/css/escortv2.css HTTP/1.1[0m" 304 -
[2024-02-08 15:13:05,021] INFO in _internal: 127.0.0.1 - - [08/Feb/2024 15:13:05] "[36mGET /static/img/logo.png HTTP/1.1[0m" 304 -
[2024-02-08 15:13:05,025] INFO in _internal: 127.0.0.1 - - [08/Feb/2024 15:13:05] "GET /static/js/escortv2.js HTTP/1.1" 200 -
[2024-02-08 15:13:05,068] INFO in _internal: 127.0.0.1 - - [08/Feb/2024 15:13:05] "[36mGET /static/img/1.jpg HTTP/1.1[0m" 304 -
[2024-02-08 15:13:05,069] INFO in _internal: 127.0.0.1 - - [08/Feb/2024 15:13:05] "[36mGET /static/img/2.jpg HTTP/1.1[0m" 304 -
[2024-02-08 15:13:05,071] INFO in _internal: 127.0.0.1 - - [08/Feb/2024 15:13:05] "[36mGET /static/img/3.jpg HTTP/1.1[0m" 304 -
[2024-02-08 15:13:05,081] INFO in _internal: 127.0.0.1 - - [08/Feb/2024 15:13:05] "[36mGET /static/img/4.jpg HTTP/1.1[0m" 304 -
[2024-02-08 15:13:05,108] INFO in _internal: 127.0.0.1 - - [08/Feb/2024 15:13:05] "[36mGET /static/img/19.jpg HTTP/1.1[0m" 304 -
[2024-02-08 15:13:05,112] INFO in _internal: 127.0.0.1 - - [08/Feb/2024 15:13:05] "[36mGET /static/img/20.jpg HTTP/1.1[0m" 304 -
[2024-02-08 15:13:05,115] INFO in _internal: 127.0.0.1 - - [08/Feb/2024 15:13:05] "[36mGET /static/img/22.jpg HTTP/1.1[0m" 304 -
[2024-02-08 15:13:05,123] INFO in _internal: 127.0.0.1 - - [08/Feb/2024 15:13:05] "[36mGET /static/img/21.jpg HTTP/1.1[0m" 304 -
[2024-02-08 15:13:05,124] INFO in _internal: 127.0.0.1 - - [08/Feb/2024 15:13:05] "[36mGET /static/img/23.jpg HTTP/1.1[0m" 304 -
[2024-02-08 15:13:06,518] INFO in _internal: 127.0.0.1 - - [08/Feb/2024 15:13:06] "[36mGET /static/img/area.png HTTP/1.1[0m" 304 -
[2024-02-08 15:13:15,817] INFO in _internal: 127.0.0.1 - - [08/Feb/2024 15:13:15] "GET /escortv2 HTTP/1.1" 200 -
[2024-02-08 15:13:15,840] INFO in _internal: 127.0.0.1 - - [08/Feb/2024 15:13:15] "[36mGET /static/css/escortv2.css HTTP/1.1[0m" 304 -
[2024-02-08 15:13:15,840] INFO in _internal: 127.0.0.1 - - [08/Feb/2024 15:13:15] "[36mGET /static/img/logo.png HTTP/1.1[0m" 304 -
[2024-02-08 15:13:15,841] INFO in _internal: 127.0.0.1 - - [08/Feb/2024 15:13:15] "[36mGET /static/js/escortv2.js HTTP/1.1[0m" 304 -
[2024-02-08 15:13:15,882] INFO in _internal: 127.0.0.1 - - [08/Feb/2024 15:13:15] "[36mGET /static/img/1.jpg HTTP/1.1[0m" 304 -
[2024-02-08 15:13:15,883] INFO in _internal: 127.0.0.1 - - [08/Feb/2024 15:13:15] "[36mGET /static/img/2.jpg HTTP/1.1[0m" 304 -
[2024-02-08 15:13:15,884] INFO in _internal: 127.0.0.1 - - [08/Feb/2024 15:13:15] "[36mGET /static/img/3.jpg HTTP/1.1[0m" 304 -
[2024-02-08 15:13:15,897] INFO in _internal: 127.0.0.1 - - [08/Feb/2024 15:13:15] "[36mGET /static/img/4.jpg HTTP/1.1[0m" 304 -
[2024-02-08 15:13:15,917] INFO in _internal: 127.0.0.1 - - [08/Feb/2024 15:13:15] "[36mGET /static/img/19.jpg HTTP/1.1[0m" 304 -
[2024-02-08 15:13:15,918] INFO in _internal: 127.0.0.1 - - [08/Feb/2024 15:13:15] "[36mGET /static/img/20.jpg HTTP/1.1[0m" 304 -
[2024-02-08 15:13:15,920] INFO in _internal: 127.0.0.1 - - [08/Feb/2024 15:13:15] "[36mGET /static/img/21.jpg HTTP/1.1[0m" 304 -
[2024-02-08 15:13:15,923] INFO in _internal: 127.0.0.1 - - [08/Feb/2024 15:13:15] "[36mGET /static/img/22.jpg HTTP/1.1[0m" 304 -
[2024-02-08 15:13:15,926] INFO in _internal: 127.0.0.1 - - [08/Feb/2024 15:13:15] "[36mGET /static/img/23.jpg HTTP/1.1[0m" 304 -
[2024-02-08 15:13:53,664] INFO in _internal: 127.0.0.1 - - [08/Feb/2024 15:13:53] "GET /escortv2 HTTP/1.1" 200 -
[2024-02-08 15:13:53,689] INFO in _internal: 127.0.0.1 - - [08/Feb/2024 15:13:53] "[36mGET /static/css/escortv2.css HTTP/1.1[0m" 304 -
[2024-02-08 15:13:53,691] INFO in _internal: 127.0.0.1 - - [08/Feb/2024 15:13:53] "[36mGET /static/img/logo.png HTTP/1.1[0m" 304 -
[2024-02-08 15:13:53,696] INFO in _internal: 127.0.0.1 - - [08/Feb/2024 15:13:53] "GET /static/js/escortv2.js HTTP/1.1" 200 -
[2024-02-08 15:14:16,995] INFO in _internal: 127.0.0.1 - - [08/Feb/2024 15:14:16] "GET /escortv2 HTTP/1.1" 200 -
[2024-02-08 15:14:17,028] INFO in _internal: 127.0.0.1 - - [08/Feb/2024 15:14:17] "[36mGET /static/css/escortv2.css HTTP/1.1[0m" 304 -
[2024-02-08 15:14:17,029] INFO in _internal: 127.0.0.1 - - [08/Feb/2024 15:14:17] "[36mGET /static/img/logo.png HTTP/1.1[0m" 304 -
[2024-02-08 15:14:17,030] INFO in _internal: 127.0.0.1 - - [08/Feb/2024 15:14:17] "GET /static/js/escortv2.js HTTP/1.1" 200 -
[2024-02-08 15:14:56,012] INFO in _internal: 127.0.0.1 - - [08/Feb/2024 15:14:56] "GET /escortv2 HTTP/1.1" 200 -
[2024-02-08 15:14:56,040] INFO in _internal: 127.0.0.1 - - [08/Feb/2024 15:14:56] "[36mGET /static/css/escortv2.css HTTP/1.1[0m" 304 -
[2024-02-08 15:14:56,043] INFO in _internal: 127.0.0.1 - - [08/Feb/2024 15:14:56] "[36mGET /static/img/logo.png HTTP/1.1[0m" 304 -
[2024-02-08 15:14:56,045] INFO in _internal: 127.0.0.1 - - [08/Feb/2024 15:14:56] "[36mGET /static/js/escortv2.js HTTP/1.1[0m" 304 -
[2024-02-08 15:15:01,514] INFO in _internal: 127.0.0.1 - - [08/Feb/2024 15:15:01] "GET /escortv2 HTTP/1.1" 200 -
[2024-02-08 15:15:01,534] INFO in _internal: 127.0.0.1 - - [08/Feb/2024 15:15:01] "[36mGET /static/css/escortv2.css HTTP/1.1[0m" 304 -
[2024-02-08 15:15:01,534] INFO in _internal: 127.0.0.1 - - [08/Feb/2024 15:15:01] "[36mGET /static/img/logo.png HTTP/1.1[0m" 304 -
[2024-02-08 15:15:01,536] INFO in _internal: 127.0.0.1 - - [08/Feb/2024 15:15:01] "GET /static/js/escortv2.js HTTP/1.1" 200 -
[2024-02-08 15:15:01,601] INFO in _internal: 127.0.0.1 - - [08/Feb/2024 15:15:01] "[36mGET /static/img/1.jpg HTTP/1.1[0m" 304 -
[2024-02-08 15:15:01,602] INFO in _internal: 127.0.0.1 - - [08/Feb/2024 15:15:01] "[36mGET /static/img/3.jpg HTTP/1.1[0m" 304 -
[2024-02-08 15:15:01,604] INFO in _internal: 127.0.0.1 - - [08/Feb/2024 15:15:01] "[36mGET /static/img/4.jpg HTTP/1.1[0m" 304 -
[2024-02-08 15:15:01,607] INFO in _internal: 127.0.0.1 - - [08/Feb/2024 15:15:01] "[36mGET /static/img/2.jpg HTTP/1.1[0m" 304 -
[2024-02-08 15:15:01,611] INFO in _internal: 127.0.0.1 - - [08/Feb/2024 15:15:01] "[36mGET /static/img/19.jpg HTTP/1.1[0m" 304 -
[2024-02-08 15:15:01,618] INFO in _internal: 127.0.0.1 - - [08/Feb/2024 15:15:01] "[36mGET /static/img/20.jpg HTTP/1.1[0m" 304 -
[2024-02-08 15:15:01,624] INFO in _internal: 127.0.0.1 - - [08/Feb/2024 15:15:01] "[36mGET /static/img/21.jpg HTTP/1.1[0m" 304 -
[2024-02-08 15:15:01,626] INFO in _internal: 127.0.0.1 - - [08/Feb/2024 15:15:01] "[36mGET /static/img/22.jpg HTTP/1.1[0m" 304 -
[2024-02-08 15:15:01,630] INFO in _internal: 127.0.0.1 - - [08/Feb/2024 15:15:01] "[36mGET /static/img/23.jpg HTTP/1.1[0m" 304 -
[2024-02-08 15:15:10,953] INFO in _internal: 127.0.0.1 - - [08/Feb/2024 15:15:10] "[36mGET /static/img/area.png HTTP/1.1[0m" 304 -
[2024-02-08 15:15:15,515] INFO in _internal: 127.0.0.1 - - [08/Feb/2024 15:15:15] "GET /escortv2 HTTP/1.1" 200 -
[2024-02-08 15:15:15,534] INFO in _internal: 127.0.0.1 - - [08/Feb/2024 15:15:15] "[36mGET /static/css/escortv2.css HTTP/1.1[0m" 304 -
[2024-02-08 15:15:15,539] INFO in _internal: 127.0.0.1 - - [08/Feb/2024 15:15:15] "[36mGET /static/img/logo.png HTTP/1.1[0m" 304 -
[2024-02-08 15:15:15,540] INFO in _internal: 127.0.0.1 - - [08/Feb/2024 15:15:15] "[36mGET /static/js/escortv2.js HTTP/1.1[0m" 304 -
[2024-02-08 15:15:15,593] INFO in _internal: 127.0.0.1 - - [08/Feb/2024 15:15:15] "[36mGET /static/img/1.jpg HTTP/1.1[0m" 304 -
[2024-02-08 15:15:15,600] INFO in _internal: 127.0.0.1 - - [08/Feb/2024 15:15:15] "[36mGET /static/img/3.jpg HTTP/1.1[0m" 304 -
[2024-02-08 15:15:15,606] INFO in _internal: 127.0.0.1 - - [08/Feb/2024 15:15:15] "[36mGET /static/img/2.jpg HTTP/1.1[0m" 304 -
[2024-02-08 15:15:15,609] INFO in _internal: 127.0.0.1 - - [08/Feb/2024 15:15:15] "[36mGET /static/img/4.jpg HTTP/1.1[0m" 304 -
[2024-02-08 15:15:15,621] INFO in _internal: 127.0.0.1 - - [08/Feb/2024 15:15:15] "[36mGET /static/img/19.jpg HTTP/1.1[0m" 304 -
[2024-02-08 15:15:15,626] INFO in _internal: 127.0.0.1 - - [08/Feb/2024 15:15:15] "[36mGET /static/img/20.jpg HTTP/1.1[0m" 304 -
[2024-02-08 15:15:15,629] INFO in _internal: 127.0.0.1 - - [08/Feb/2024 15:15:15] "[36mGET /static/img/21.jpg HTTP/1.1[0m" 304 -
[2024-02-08 15:15:15,639] INFO in _internal: 127.0.0.1 - - [08/Feb/2024 15:15:15] "[36mGET /static/img/22.jpg HTTP/1.1[0m" 304 -
[2024-02-08 15:15:15,641] INFO in _internal: 127.0.0.1 - - [08/Feb/2024 15:15:15] "[36mGET /static/img/23.jpg HTTP/1.1[0m" 304 -
[2024-02-08 15:16:26,684] INFO in _internal: 127.0.0.1 - - [08/Feb/2024 15:16:26] "GET /escortv2 HTTP/1.1" 200 -
[2024-02-08 15:16:26,713] INFO in _internal: 127.0.0.1 - - [08/Feb/2024 15:16:26] "[36mGET /static/css/escortv2.css HTTP/1.1[0m" 304 -
[2024-02-08 15:16:26,716] INFO in _internal: 127.0.0.1 - - [08/Feb/2024 15:16:26] "GET /static/js/escortv2.js HTTP/1.1" 200 -
[2024-02-08 15:16:26,714] INFO in _internal: 127.0.0.1 - - [08/Feb/2024 15:16:26] "[36mGET /static/img/logo.png HTTP/1.1[0m" 304 -
[2024-02-08 15:17:22,624] INFO in _internal: 127.0.0.1 - - [08/Feb/2024 15:17:22] "GET /escortv2 HTTP/1.1" 200 -
[2024-02-08 15:17:22,645] INFO in _internal: 127.0.0.1 - - [08/Feb/2024 15:17:22] "[36mGET /static/css/escortv2.css HTTP/1.1[0m" 304 -
[2024-02-08 15:17:22,648] INFO in _internal: 127.0.0.1 - - [08/Feb/2024 15:17:22] "[36mGET /static/img/logo.png HTTP/1.1[0m" 304 -
[2024-02-08 15:17:22,649] INFO in _internal: 127.0.0.1 - - [08/Feb/2024 15:17:22] "GET /static/js/escortv2.js HTTP/1.1" 200 -
[2024-02-08 15:17:32,174] INFO in _internal: 127.0.0.1 - - [08/Feb/2024 15:17:32] "GET /escortv2 HTTP/1.1" 200 -
[2024-02-08 15:17:32,196] INFO in _internal: 127.0.0.1 - - [08/Feb/2024 15:17:32] "[36mGET /static/css/escortv2.css HTTP/1.1[0m" 304 -
[2024-02-08 15:17:32,199] INFO in _internal: 127.0.0.1 - - [08/Feb/2024 15:17:32] "[36mGET /static/img/logo.png HTTP/1.1[0m" 304 -
[2024-02-08 15:17:32,200] INFO in _internal: 127.0.0.1 - - [08/Feb/2024 15:17:32] "GET /static/js/escortv2.js HTTP/1.1" 200 -
[2024-02-08 15:17:32,244] INFO in _internal: 127.0.0.1 - - [08/Feb/2024 15:17:32] "[36mGET /static/img/1.jpg HTTP/1.1[0m" 304 -
[2024-02-08 15:17:32,247] INFO in _internal: 127.0.0.1 - - [08/Feb/2024 15:17:32] "[36mGET /static/img/4.jpg HTTP/1.1[0m" 304 -
[2024-02-08 15:17:32,248] INFO in _internal: 127.0.0.1 - - [08/Feb/2024 15:17:32] "[36mGET /static/img/2.jpg HTTP/1.1[0m" 304 -
[2024-02-08 15:17:32,248] INFO in _internal: 127.0.0.1 - - [08/Feb/2024 15:17:32] "[36mGET /static/img/19.jpg HTTP/1.1[0m" 304 -
[2024-02-08 15:17:32,251] INFO in _internal: 127.0.0.1 - - [08/Feb/2024 15:17:32] "[36mGET /static/img/3.jpg HTTP/1.1[0m" 304 -
[2024-02-08 15:17:32,252] INFO in _internal: 127.0.0.1 - - [08/Feb/2024 15:17:32] "[36mGET /static/img/20.jpg HTTP/1.1[0m" 304 -
[2024-02-08 15:17:32,273] INFO in _internal: 127.0.0.1 - - [08/Feb/2024 15:17:32] "[36mGET /static/img/21.jpg HTTP/1.1[0m" 304 -
[2024-02-08 15:17:32,288] INFO in _internal: 127.0.0.1 - - [08/Feb/2024 15:17:32] "[36mGET /static/img/22.jpg HTTP/1.1[0m" 304 -
[2024-02-08 15:17:32,290] INFO in _internal: 127.0.0.1 - - [08/Feb/2024 15:17:32] "[36mGET /static/img/23.jpg HTTP/1.1[0m" 304 -
[2024-02-08 15:19:10,062] INFO in _internal: 127.0.0.1 - - [08/Feb/2024 15:19:10] "GET /escortv2 HTTP/1.1" 200 -
[2024-02-08 15:19:10,100] INFO in _internal: 127.0.0.1 - - [08/Feb/2024 15:19:10] "GET /static/css/escortv2.css HTTP/1.1" 200 -
[2024-02-08 15:19:10,112] INFO in _internal: 127.0.0.1 - - [08/Feb/2024 15:19:10] "[36mGET /static/img/logo.png HTTP/1.1[0m" 304 -
[2024-02-08 15:19:10,113] INFO in _internal: 127.0.0.1 - - [08/Feb/2024 15:19:10] "[36mGET /static/js/escortv2.js HTTP/1.1[0m" 304 -
[2024-02-08 15:19:10,152] INFO in _internal: 127.0.0.1 - - [08/Feb/2024 15:19:10] "[36mGET /static/img/1.jpg HTTP/1.1[0m" 304 -
[2024-02-08 15:19:10,153] INFO in _internal: 127.0.0.1 - - [08/Feb/2024 15:19:10] "[36mGET /static/img/2.jpg HTTP/1.1[0m" 304 -
[2024-02-08 15:19:10,164] INFO in _internal: 127.0.0.1 - - [08/Feb/2024 15:19:10] "[36mGET /static/img/3.jpg HTTP/1.1[0m" 304 -
[2024-02-08 15:19:10,176] INFO in _internal: 127.0.0.1 - - [08/Feb/2024 15:19:10] "[36mGET /static/img/4.jpg HTTP/1.1[0m" 304 -
[2024-02-08 15:19:10,189] INFO in _internal: 127.0.0.1 - - [08/Feb/2024 15:19:10] "[36mGET /static/img/20.jpg HTTP/1.1[0m" 304 -
[2024-02-08 15:19:10,192] INFO in _internal: 127.0.0.1 - - [08/Feb/2024 15:19:10] "[36mGET /static/img/19.jpg HTTP/1.1[0m" 304 -
[2024-02-08 15:19:10,197] INFO in _internal: 127.0.0.1 - - [08/Feb/2024 15:19:10] "[36mGET /static/img/21.jpg HTTP/1.1[0m" 304 -
[2024-02-08 15:19:10,207] INFO in _internal: 127.0.0.1 - - [08/Feb/2024 15:19:10] "[36mGET /static/img/22.jpg HTTP/1.1[0m" 304 -
[2024-02-08 15:19:10,209] INFO in _internal: 127.0.0.1 - - [08/Feb/2024 15:19:10] "[36mGET /static/img/23.jpg HTTP/1.1[0m" 304 -
[2024-02-08 15:20:50,483] INFO in _internal: 127.0.0.1 - - [08/Feb/2024 15:20:50] "GET /escortv2 HTTP/1.1" 200 -
[2024-02-08 15:20:50,507] INFO in _internal: 127.0.0.1 - - [08/Feb/2024 15:20:50] "[36mGET /static/css/escortv2.css HTTP/1.1[0m" 304 -
[2024-02-08 15:20:50,511] INFO in _internal: 127.0.0.1 - - [08/Feb/2024 15:20:50] "[36mGET /static/img/logo.png HTTP/1.1[0m" 304 -
[2024-02-08 15:20:50,516] INFO in _internal: 127.0.0.1 - - [08/Feb/2024 15:20:50] "[36mGET /static/js/escortv2.js HTTP/1.1[0m" 304 -
[2024-02-08 15:20:50,559] INFO in _internal: 127.0.0.1 - - [08/Feb/2024 15:20:50] "[36mGET /static/img/2.jpg HTTP/1.1[0m" 304 -
[2024-02-08 15:20:50,559] INFO in _internal: 127.0.0.1 - - [08/Feb/2024 15:20:50] "[36mGET /static/img/1.jpg HTTP/1.1[0m" 304 -
[2024-02-08 15:20:50,572] INFO in _internal: 127.0.0.1 - - [08/Feb/2024 15:20:50] "[36mGET /static/img/3.jpg HTTP/1.1[0m" 304 -
[2024-02-08 15:20:50,592] INFO in _internal: 127.0.0.1 - - [08/Feb/2024 15:20:50] "[36mGET /static/img/4.jpg HTTP/1.1[0m" 304 -
[2024-02-08 15:20:50,598] INFO in _internal: 127.0.0.1 - - [08/Feb/2024 15:20:50] "[36mGET /static/img/19.jpg HTTP/1.1[0m" 304 -
[2024-02-08 15:20:50,600] INFO in _internal: 127.0.0.1 - - [08/Feb/2024 15:20:50] "[36mGET /static/img/20.jpg HTTP/1.1[0m" 304 -
[2024-02-08 15:20:50,605] INFO in _internal: 127.0.0.1 - - [08/Feb/2024 15:20:50] "[36mGET /static/img/21.jpg HTTP/1.1[0m" 304 -
[2024-02-08 15:20:50,634] INFO in _internal: 127.0.0.1 - - [08/Feb/2024 15:20:50] "[36mGET /static/img/22.jpg HTTP/1.1[0m" 304 -
[2024-02-08 15:20:50,637] INFO in _internal: 127.0.0.1 - - [08/Feb/2024 15:20:50] "[36mGET /static/img/23.jpg HTTP/1.1[0m" 304 -
[2024-02-08 15:20:52,155] INFO in _internal: 127.0.0.1 - - [08/Feb/2024 15:20:52] "GET /escortv2 HTTP/1.1" 200 -
[2024-02-08 15:20:52,177] INFO in _internal: 127.0.0.1 - - [08/Feb/2024 15:20:52] "[36mGET /static/img/logo.png HTTP/1.1[0m" 304 -
[2024-02-08 15:20:52,178] INFO in _internal: 127.0.0.1 - - [08/Feb/2024 15:20:52] "[36mGET /static/css/escortv2.css HTTP/1.1[0m" 304 -
[2024-02-08 15:20:52,179] INFO in _internal: 127.0.0.1 - - [08/Feb/2024 15:20:52] "[36mGET /static/js/escortv2.js HTTP/1.1[0m" 304 -
[2024-02-08 15:20:52,227] INFO in _internal: 127.0.0.1 - - [08/Feb/2024 15:20:52] "[36mGET /static/img/1.jpg HTTP/1.1[0m" 304 -
[2024-02-08 15:20:52,228] INFO in _internal: 127.0.0.1 - - [08/Feb/2024 15:20:52] "[36mGET /static/img/2.jpg HTTP/1.1[0m" 304 -
[2024-02-08 15:20:52,231] INFO in _internal: 127.0.0.1 - - [08/Feb/2024 15:20:52] "[36mGET /static/img/3.jpg HTTP/1.1[0m" 304 -
[2024-02-08 15:20:52,238] INFO in _internal: 127.0.0.1 - - [08/Feb/2024 15:20:52] "[36mGET /static/img/19.jpg HTTP/1.1[0m" 304 -
[2024-02-08 15:20:52,239] INFO in _internal: 127.0.0.1 - - [08/Feb/2024 15:20:52] "[36mGET /static/img/4.jpg HTTP/1.1[0m" 304 -
[2024-02-08 15:20:52,241] INFO in _internal: 127.0.0.1 - - [08/Feb/2024 15:20:52] "[36mGET /static/img/20.jpg HTTP/1.1[0m" 304 -
[2024-02-08 15:20:52,253] INFO in _internal: 127.0.0.1 - - [08/Feb/2024 15:20:52] "[36mGET /static/img/21.jpg HTTP/1.1[0m" 304 -
[2024-02-08 15:20:52,258] INFO in _internal: 127.0.0.1 - - [08/Feb/2024 15:20:52] "[36mGET /static/img/22.jpg HTTP/1.1[0m" 304 -
[2024-02-08 15:20:52,263] INFO in _internal: 127.0.0.1 - - [08/Feb/2024 15:20:52] "[36mGET /static/img/23.jpg HTTP/1.1[0m" 304 -
[2024-02-08 15:21:06,181] INFO in _internal: 127.0.0.1 - - [08/Feb/2024 15:21:06] "GET /escortv2 HTTP/1.1" 200 -
[2024-02-08 15:21:06,201] INFO in _internal: 127.0.0.1 - - [08/Feb/2024 15:21:06] "[36mGET /static/css/escortv2.css HTTP/1.1[0m" 304 -
[2024-02-08 15:21:06,203] INFO in _internal: 127.0.0.1 - - [08/Feb/2024 15:21:06] "[36mGET /static/img/logo.png HTTP/1.1[0m" 304 -
[2024-02-08 15:21:06,205] INFO in _internal: 127.0.0.1 - - [08/Feb/2024 15:21:06] "[36mGET /static/js/escortv2.js HTTP/1.1[0m" 304 -
[2024-02-08 15:21:06,243] INFO in _internal: 127.0.0.1 - - [08/Feb/2024 15:21:06] "[36mGET /static/img/1.jpg HTTP/1.1[0m" 304 -
[2024-02-08 15:21:06,247] INFO in _internal: 127.0.0.1 - - [08/Feb/2024 15:21:06] "[36mGET /static/img/2.jpg HTTP/1.1[0m" 304 -
[2024-02-08 15:21:06,249] INFO in _internal: 127.0.0.1 - - [08/Feb/2024 15:21:06] "[36mGET /static/img/4.jpg HTTP/1.1[0m" 304 -
[2024-02-08 15:21:06,252] INFO in _internal: 127.0.0.1 - - [08/Feb/2024 15:21:06] "[36mGET /static/img/3.jpg HTTP/1.1[0m" 304 -
[2024-02-08 15:21:06,272] INFO in _internal: 127.0.0.1 - - [08/Feb/2024 15:21:06] "[36mGET /static/img/19.jpg HTTP/1.1[0m" 304 -
[2024-02-08 15:21:06,275] INFO in _internal: 127.0.0.1 - - [08/Feb/2024 15:21:06] "[36mGET /static/img/20.jpg HTTP/1.1[0m" 304 -
[2024-02-08 15:21:06,280] INFO in _internal: 127.0.0.1 - - [08/Feb/2024 15:21:06] "[36mGET /static/img/21.jpg HTTP/1.1[0m" 304 -
[2024-02-08 15:21:06,283] INFO in _internal: 127.0.0.1 - - [08/Feb/2024 15:21:06] "[36mGET /static/img/22.jpg HTTP/1.1[0m" 304 -
[2024-02-08 15:21:06,288] INFO in _internal: 127.0.0.1 - - [08/Feb/2024 15:21:06] "[36mGET /static/img/23.jpg HTTP/1.1[0m" 304 -
[2024-02-08 15:21:42,810] INFO in _internal: 127.0.0.1 - - [08/Feb/2024 15:21:42] "GET /escortv2 HTTP/1.1" 200 -
[2024-02-08 15:21:42,839] INFO in _internal: 127.0.0.1 - - [08/Feb/2024 15:21:42] "GET /static/css/escortv2.css HTTP/1.1" 200 -
[2024-02-08 15:21:42,841] INFO in _internal: 127.0.0.1 - - [08/Feb/2024 15:21:42] "[36mGET /static/img/logo.png HTTP/1.1[0m" 304 -
[2024-02-08 15:21:42,843] INFO in _internal: 127.0.0.1 - - [08/Feb/2024 15:21:42] "[36mGET /static/js/escortv2.js HTTP/1.1[0m" 304 -
[2024-02-08 15:21:42,884] INFO in _internal: 127.0.0.1 - - [08/Feb/2024 15:21:42] "[36mGET /static/img/1.jpg HTTP/1.1[0m" 304 -
[2024-02-08 15:21:42,885] INFO in _internal: 127.0.0.1 - - [08/Feb/2024 15:21:42] "[36mGET /static/img/2.jpg HTTP/1.1[0m" 304 -
[2024-02-08 15:21:42,893] INFO in _internal: 127.0.0.1 - - [08/Feb/2024 15:21:42] "[36mGET /static/img/4.jpg HTTP/1.1[0m" 304 -
[2024-02-08 15:21:42,899] INFO in _internal: 127.0.0.1 - - [08/Feb/2024 15:21:42] "[36mGET /static/img/3.jpg HTTP/1.1[0m" 304 -
[2024-02-08 15:21:42,910] INFO in _internal: 127.0.0.1 - - [08/Feb/2024 15:21:42] "[36mGET /static/img/19.jpg HTTP/1.1[0m" 304 -
[2024-02-08 15:21:42,918] INFO in _internal: 127.0.0.1 - - [08/Feb/2024 15:21:42] "[36mGET /static/img/21.jpg HTTP/1.1[0m" 304 -
[2024-02-08 15:21:42,920] INFO in _internal: 127.0.0.1 - - [08/Feb/2024 15:21:42] "[36mGET /static/img/20.jpg HTTP/1.1[0m" 304 -
[2024-02-08 15:21:42,929] INFO in _internal: 127.0.0.1 - - [08/Feb/2024 15:21:42] "[36mGET /static/img/22.jpg HTTP/1.1[0m" 304 -
[2024-02-08 15:21:42,931] INFO in _internal: 127.0.0.1 - - [08/Feb/2024 15:21:42] "[36mGET /static/img/23.jpg HTTP/1.1[0m" 304 -
[2024-02-08 15:22:07,192] INFO in _internal: 127.0.0.1 - - [08/Feb/2024 15:22:07] "GET /escortv2 HTTP/1.1" 200 -
[2024-02-08 15:22:07,217] INFO in _internal: 127.0.0.1 - - [08/Feb/2024 15:22:07] "GET /static/css/escortv2.css HTTP/1.1" 200 -
[2024-02-08 15:22:07,217] INFO in _internal: 127.0.0.1 - - [08/Feb/2024 15:22:07] "[36mGET /static/img/logo.png HTTP/1.1[0m" 304 -
[2024-02-08 15:22:07,219] INFO in _internal: 127.0.0.1 - - [08/Feb/2024 15:22:07] "[36mGET /static/js/escortv2.js HTTP/1.1[0m" 304 -
[2024-02-08 15:22:07,258] INFO in _internal: 127.0.0.1 - - [08/Feb/2024 15:22:07] "[36mGET /static/img/2.jpg HTTP/1.1[0m" 304 -
[2024-02-08 15:22:07,259] INFO in _internal: 127.0.0.1 - - [08/Feb/2024 15:22:07] "[36mGET /static/img/1.jpg HTTP/1.1[0m" 304 -
[2024-02-08 15:22:07,265] INFO in _internal: 127.0.0.1 - - [08/Feb/2024 15:22:07] "[36mGET /static/img/3.jpg HTTP/1.1[0m" 304 -
[2024-02-08 15:22:07,267] INFO in _internal: 127.0.0.1 - - [08/Feb/2024 15:22:07] "[36mGET /static/img/4.jpg HTTP/1.1[0m" 304 -
[2024-02-08 15:22:07,284] INFO in _internal: 127.0.0.1 - - [08/Feb/2024 15:22:07] "[36mGET /static/img/19.jpg HTTP/1.1[0m" 304 -
[2024-02-08 15:22:07,297] INFO in _internal: 127.0.0.1 - - [08/Feb/2024 15:22:07] "[36mGET /static/img/20.jpg HTTP/1.1[0m" 304 -
[2024-02-08 15:22:07,299] INFO in _internal: 127.0.0.1 - - [08/Feb/2024 15:22:07] "[36mGET /static/img/21.jpg HTTP/1.1[0m" 304 -
[2024-02-08 15:22:07,301] INFO in _internal: 127.0.0.1 - - [08/Feb/2024 15:22:07] "[36mGET /static/img/22.jpg HTTP/1.1[0m" 304 -
[2024-02-08 15:22:07,304] INFO in _internal: 127.0.0.1 - - [08/Feb/2024 15:22:07] "[36mGET /static/img/23.jpg HTTP/1.1[0m" 304 -
[2024-02-08 15:22:39,359] INFO in _internal: 127.0.0.1 - - [08/Feb/2024 15:22:39] "GET /escortv2 HTTP/1.1" 200 -
[2024-02-08 15:22:39,385] INFO in _internal: 127.0.0.1 - - [08/Feb/2024 15:22:39] "GET /static/css/escortv2.css HTTP/1.1" 200 -
[2024-02-08 15:22:39,386] INFO in _internal: 127.0.0.1 - - [08/Feb/2024 15:22:39] "[36mGET /static/img/logo.png HTTP/1.1[0m" 304 -
[2024-02-08 15:22:39,387] INFO in _internal: 127.0.0.1 - - [08/Feb/2024 15:22:39] "[36mGET /static/js/escortv2.js HTTP/1.1[0m" 304 -
[2024-02-08 15:22:39,441] INFO in _internal: 127.0.0.1 - - [08/Feb/2024 15:22:39] "[36mGET /static/img/2.jpg HTTP/1.1[0m" 304 -
[2024-02-08 15:22:39,451] INFO in _internal: 127.0.0.1 - - [08/Feb/2024 15:22:39] "[36mGET /static/img/3.jpg HTTP/1.1[0m" 304 -
[2024-02-08 15:22:39,452] INFO in _internal: 127.0.0.1 - - [08/Feb/2024 15:22:39] "[36mGET /static/img/1.jpg HTTP/1.1[0m" 304 -
[2024-02-08 15:22:39,460] INFO in _internal: 127.0.0.1 - - [08/Feb/2024 15:22:39] "[36mGET /static/img/20.jpg HTTP/1.1[0m" 304 -
[2024-02-08 15:22:39,461] INFO in _internal: 127.0.0.1 - - [08/Feb/2024 15:22:39] "[36mGET /static/img/4.jpg HTTP/1.1[0m" 304 -
[2024-02-08 15:22:39,463] INFO in _internal: 127.0.0.1 - - [08/Feb/2024 15:22:39] "[36mGET /static/img/19.jpg HTTP/1.1[0m" 304 -
[2024-02-08 15:22:39,471] INFO in _internal: 127.0.0.1 - - [08/Feb/2024 15:22:39] "[36mGET /static/img/21.jpg HTTP/1.1[0m" 304 -
[2024-02-08 15:22:39,473] INFO in _internal: 127.0.0.1 - - [08/Feb/2024 15:22:39] "[36mGET /static/img/22.jpg HTTP/1.1[0m" 304 -
[2024-02-08 15:22:39,480] INFO in _internal: 127.0.0.1 - - [08/Feb/2024 15:22:39] "[36mGET /static/img/23.jpg HTTP/1.1[0m" 304 -
[2024-02-08 15:22:59,672] INFO in _internal: 127.0.0.1 - - [08/Feb/2024 15:22:59] "GET /escortv2 HTTP/1.1" 200 -
[2024-02-08 15:22:59,693] INFO in _internal: 127.0.0.1 - - [08/Feb/2024 15:22:59] "GET /static/css/escortv2.css HTTP/1.1" 200 -
[2024-02-08 15:22:59,696] INFO in _internal: 127.0.0.1 - - [08/Feb/2024 15:22:59] "[36mGET /static/img/logo.png HTTP/1.1[0m" 304 -
[2024-02-08 15:22:59,696] INFO in _internal: 127.0.0.1 - - [08/Feb/2024 15:22:59] "[36mGET /static/js/escortv2.js HTTP/1.1[0m" 304 -
[2024-02-08 15:22:59,731] INFO in _internal: 127.0.0.1 - - [08/Feb/2024 15:22:59] "[36mGET /static/img/1.jpg HTTP/1.1[0m" 304 -
[2024-02-08 15:22:59,734] INFO in _internal: 127.0.0.1 - - [08/Feb/2024 15:22:59] "[36mGET /static/img/2.jpg HTTP/1.1[0m" 304 -
[2024-02-08 15:22:59,756] INFO in _internal: 127.0.0.1 - - [08/Feb/2024 15:22:59] "[36mGET /static/img/4.jpg HTTP/1.1[0m" 304 -
[2024-02-08 15:22:59,758] INFO in _internal: 127.0.0.1 - - [08/Feb/2024 15:22:59] "[36mGET /static/img/3.jpg HTTP/1.1[0m" 304 -
[2024-02-08 15:22:59,771] INFO in _internal: 127.0.0.1 - - [08/Feb/2024 15:22:59] "[36mGET /static/img/19.jpg HTTP/1.1[0m" 304 -
[2024-02-08 15:22:59,772] INFO in _internal: 127.0.0.1 - - [08/Feb/2024 15:22:59] "[36mGET /static/img/20.jpg HTTP/1.1[0m" 304 -
[2024-02-08 15:22:59,784] INFO in _internal: 127.0.0.1 - - [08/Feb/2024 15:22:59] "[36mGET /static/img/23.jpg HTTP/1.1[0m" 304 -
[2024-02-08 15:22:59,785] INFO in _internal: 127.0.0.1 - - [08/Feb/2024 15:22:59] "[36mGET /static/img/22.jpg HTTP/1.1[0m" 304 -
[2024-02-08 15:22:59,785] INFO in _internal: 127.0.0.1 - - [08/Feb/2024 15:22:59] "[36mGET /static/img/21.jpg HTTP/1.1[0m" 304 -
[2024-02-08 15:23:48,943] INFO in _internal: 127.0.0.1 - - [08/Feb/2024 15:23:48] "GET /escortv2 HTTP/1.1" 200 -
[2024-02-08 15:23:48,969] INFO in _internal: 127.0.0.1 - - [08/Feb/2024 15:23:48] "[36mGET /static/img/logo.png HTTP/1.1[0m" 304 -
[2024-02-08 15:23:48,969] INFO in _internal: 127.0.0.1 - - [08/Feb/2024 15:23:48] "GET /static/css/escortv2.css HTTP/1.1" 200 -
[2024-02-08 15:23:48,970] INFO in _internal: 127.0.0.1 - - [08/Feb/2024 15:23:48] "[36mGET /static/js/escortv2.js HTTP/1.1[0m" 304 -
[2024-02-08 15:23:49,058] INFO in _internal: 127.0.0.1 - - [08/Feb/2024 15:23:49] "[36mGET /static/img/1.jpg HTTP/1.1[0m" 304 -
[2024-02-08 15:23:49,059] INFO in _internal: 127.0.0.1 - - [08/Feb/2024 15:23:49] "[36mGET /static/img/2.jpg HTTP/1.1[0m" 304 -
[2024-02-08 15:23:49,063] INFO in _internal: 127.0.0.1 - - [08/Feb/2024 15:23:49] "[36mGET /static/img/3.jpg HTTP/1.1[0m" 304 -
[2024-02-08 15:23:49,083] INFO in _internal: 127.0.0.1 - - [08/Feb/2024 15:23:49] "[36mGET /static/img/4.jpg HTTP/1.1[0m" 304 -
[2024-02-08 15:23:49,097] INFO in _internal: 127.0.0.1 - - [08/Feb/2024 15:23:49] "[36mGET /static/img/19.jpg HTTP/1.1[0m" 304 -
[2024-02-08 15:23:49,102] INFO in _internal: 127.0.0.1 - - [08/Feb/2024 15:23:49] "[36mGET /static/img/20.jpg HTTP/1.1[0m" 304 -
[2024-02-08 15:23:49,104] INFO in _internal: 127.0.0.1 - - [08/Feb/2024 15:23:49] "[36mGET /static/img/21.jpg HTTP/1.1[0m" 304 -
[2024-02-08 15:23:49,108] INFO in _internal: 127.0.0.1 - - [08/Feb/2024 15:23:49] "[36mGET /static/img/22.jpg HTTP/1.1[0m" 304 -
[2024-02-08 15:23:49,112] INFO in _internal: 127.0.0.1 - - [08/Feb/2024 15:23:49] "[36mGET /static/img/23.jpg HTTP/1.1[0m" 304 -
[2024-02-08 15:24:59,888] INFO in _internal: 127.0.0.1 - - [08/Feb/2024 15:24:59] "GET /escortv2 HTTP/1.1" 200 -
[2024-02-08 15:24:59,913] INFO in _internal: 127.0.0.1 - - [08/Feb/2024 15:24:59] "GET /static/css/escortv2.css HTTP/1.1" 200 -
[2024-02-08 15:24:59,914] INFO in _internal: 127.0.0.1 - - [08/Feb/2024 15:24:59] "[36mGET /static/img/logo.png HTTP/1.1[0m" 304 -
[2024-02-08 15:24:59,915] INFO in _internal: 127.0.0.1 - - [08/Feb/2024 15:24:59] "[36mGET /static/js/escortv2.js HTTP/1.1[0m" 304 -
[2024-02-08 15:24:59,958] INFO in _internal: 127.0.0.1 - - [08/Feb/2024 15:24:59] "[36mGET /static/img/1.jpg HTTP/1.1[0m" 304 -
[2024-02-08 15:24:59,960] INFO in _internal: 127.0.0.1 - - [08/Feb/2024 15:24:59] "[36mGET /static/img/2.jpg HTTP/1.1[0m" 304 -
[2024-02-08 15:24:59,960] INFO in _internal: 127.0.0.1 - - [08/Feb/2024 15:24:59] "[36mGET /static/img/3.jpg HTTP/1.1[0m" 304 -
[2024-02-08 15:24:59,979] INFO in _internal: 127.0.0.1 - - [08/Feb/2024 15:24:59] "[36mGET /static/img/4.jpg HTTP/1.1[0m" 304 -
[2024-02-08 15:24:59,986] INFO in _internal: 127.0.0.1 - - [08/Feb/2024 15:24:59] "[36mGET /static/img/19.jpg HTTP/1.1[0m" 304 -
[2024-02-08 15:24:59,995] INFO in _internal: 127.0.0.1 - - [08/Feb/2024 15:24:59] "[36mGET /static/img/20.jpg HTTP/1.1[0m" 304 -
[2024-02-08 15:24:59,996] INFO in _internal: 127.0.0.1 - - [08/Feb/2024 15:24:59] "[36mGET /static/img/21.jpg HTTP/1.1[0m" 304 -
[2024-02-08 15:25:00,000] INFO in _internal: 127.0.0.1 - - [08/Feb/2024 15:25:00] "[36mGET /static/img/22.jpg HTTP/1.1[0m" 304 -
[2024-02-08 15:25:00,004] INFO in _internal: 127.0.0.1 - - [08/Feb/2024 15:25:00] "[36mGET /static/img/23.jpg HTTP/1.1[0m" 304 -
[2024-02-08 15:25:40,083] INFO in _internal: 127.0.0.1 - - [08/Feb/2024 15:25:40] "GET /escortv2 HTTP/1.1" 200 -
[2024-02-08 15:25:40,109] INFO in _internal: 127.0.0.1 - - [08/Feb/2024 15:25:40] "GET /static/css/escortv2.css HTTP/1.1" 200 -
[2024-02-08 15:25:40,110] INFO in _internal: 127.0.0.1 - - [08/Feb/2024 15:25:40] "[36mGET /static/img/logo.png HTTP/1.1[0m" 304 -
[2024-02-08 15:25:40,111] INFO in _internal: 127.0.0.1 - - [08/Feb/2024 15:25:40] "[36mGET /static/js/escortv2.js HTTP/1.1[0m" 304 -
[2024-02-08 15:25:40,168] INFO in _internal: 127.0.0.1 - - [08/Feb/2024 15:25:40] "[36mGET /static/img/1.jpg HTTP/1.1[0m" 304 -
[2024-02-08 15:25:40,178] INFO in _internal: 127.0.0.1 - - [08/Feb/2024 15:25:40] "[36mGET /static/img/2.jpg HTTP/1.1[0m" 304 -
[2024-02-08 15:25:40,191] INFO in _internal: 127.0.0.1 - - [08/Feb/2024 15:25:40] "[36mGET /static/img/3.jpg HTTP/1.1[0m" 304 -
[2024-02-08 15:25:40,193] INFO in _internal: 127.0.0.1 - - [08/Feb/2024 15:25:40] "[36mGET /static/img/4.jpg HTTP/1.1[0m" 304 -
[2024-02-08 15:25:40,194] INFO in _internal: 127.0.0.1 - - [08/Feb/2024 15:25:40] "[36mGET /static/img/19.jpg HTTP/1.1[0m" 304 -
[2024-02-08 15:25:40,200] INFO in _internal: 127.0.0.1 - - [08/Feb/2024 15:25:40] "[36mGET /static/img/20.jpg HTTP/1.1[0m" 304 -
[2024-02-08 15:25:40,210] INFO in _internal: 127.0.0.1 - - [08/Feb/2024 15:25:40] "[36mGET /static/img/21.jpg HTTP/1.1[0m" 304 -
[2024-02-08 15:25:40,222] INFO in _internal: 127.0.0.1 - - [08/Feb/2024 15:25:40] "[36mGET /static/img/22.jpg HTTP/1.1[0m" 304 -
[2024-02-08 15:25:40,234] INFO in _internal: 127.0.0.1 - - [08/Feb/2024 15:25:40] "[36mGET /static/img/23.jpg HTTP/1.1[0m" 304 -
[2024-02-08 15:25:54,498] INFO in _internal: 127.0.0.1 - - [08/Feb/2024 15:25:54] "GET /escortv2 HTTP/1.1" 200 -
[2024-02-08 15:25:54,518] INFO in _internal: 127.0.0.1 - - [08/Feb/2024 15:25:54] "GET /static/css/escortv2.css HTTP/1.1" 200 -
[2024-02-08 15:25:54,520] INFO in _internal: 127.0.0.1 - - [08/Feb/2024 15:25:54] "[36mGET /static/img/logo.png HTTP/1.1[0m" 304 -
[2024-02-08 15:25:54,521] INFO in _internal: 127.0.0.1 - - [08/Feb/2024 15:25:54] "[36mGET /static/js/escortv2.js HTTP/1.1[0m" 304 -
[2024-02-08 15:25:54,558] INFO in _internal: 127.0.0.1 - - [08/Feb/2024 15:25:54] "[36mGET /static/img/1.jpg HTTP/1.1[0m" 304 -
[2024-02-08 15:25:54,559] INFO in _internal: 127.0.0.1 - - [08/Feb/2024 15:25:54] "[36mGET /static/img/2.jpg HTTP/1.1[0m" 304 -
[2024-02-08 15:25:54,563] INFO in _internal: 127.0.0.1 - - [08/Feb/2024 15:25:54] "[36mGET /static/img/3.jpg HTTP/1.1[0m" 304 -
[2024-02-08 15:25:54,583] INFO in _internal: 127.0.0.1 - - [08/Feb/2024 15:25:54] "[36mGET /static/img/4.jpg HTTP/1.1[0m" 304 -
[2024-02-08 15:25:54,587] INFO in _internal: 127.0.0.1 - - [08/Feb/2024 15:25:54] "[36mGET /static/img/19.jpg HTTP/1.1[0m" 304 -
[2024-02-08 15:25:54,593] INFO in _internal: 127.0.0.1 - - [08/Feb/2024 15:25:54] "[36mGET /static/img/20.jpg HTTP/1.1[0m" 304 -
[2024-02-08 15:25:54,596] INFO in _internal: 127.0.0.1 - - [08/Feb/2024 15:25:54] "[36mGET /static/img/21.jpg HTTP/1.1[0m" 304 -
[2024-02-08 15:25:54,600] INFO in _internal: 127.0.0.1 - - [08/Feb/2024 15:25:54] "[36mGET /static/img/22.jpg HTTP/1.1[0m" 304 -
[2024-02-08 15:25:54,602] INFO in _internal: 127.0.0.1 - - [08/Feb/2024 15:25:54] "[36mGET /static/img/23.jpg HTTP/1.1[0m" 304 -
[2024-02-08 15:26:03,452] INFO in _internal: 127.0.0.1 - - [08/Feb/2024 15:26:03] "GET /escortv2 HTTP/1.1" 200 -
[2024-02-08 15:26:03,469] INFO in _internal: 127.0.0.1 - - [08/Feb/2024 15:26:03] "GET /static/css/escortv2.css HTTP/1.1" 200 -
[2024-02-08 15:26:03,472] INFO in _internal: 127.0.0.1 - - [08/Feb/2024 15:26:03] "[36mGET /static/img/logo.png HTTP/1.1[0m" 304 -
[2024-02-08 15:26:03,473] INFO in _internal: 127.0.0.1 - - [08/Feb/2024 15:26:03] "[36mGET /static/js/escortv2.js HTTP/1.1[0m" 304 -
[2024-02-08 15:26:03,510] INFO in _internal: 127.0.0.1 - - [08/Feb/2024 15:26:03] "[36mGET /static/img/1.jpg HTTP/1.1[0m" 304 -
[2024-02-08 15:26:03,527] INFO in _internal: 127.0.0.1 - - [08/Feb/2024 15:26:03] "[36mGET /static/img/2.jpg HTTP/1.1[0m" 304 -
[2024-02-08 15:26:03,532] INFO in _internal: 127.0.0.1 - - [08/Feb/2024 15:26:03] "[36mGET /static/img/3.jpg HTTP/1.1[0m" 304 -
[2024-02-08 15:26:03,533] INFO in _internal: 127.0.0.1 - - [08/Feb/2024 15:26:03] "[36mGET /static/img/4.jpg HTTP/1.1[0m" 304 -
[2024-02-08 15:26:03,541] INFO in _internal: 127.0.0.1 - - [08/Feb/2024 15:26:03] "[36mGET /static/img/19.jpg HTTP/1.1[0m" 304 -
[2024-02-08 15:26:03,551] INFO in _internal: 127.0.0.1 - - [08/Feb/2024 15:26:03] "[36mGET /static/img/20.jpg HTTP/1.1[0m" 304 -
[2024-02-08 15:26:03,554] INFO in _internal: 127.0.0.1 - - [08/Feb/2024 15:26:03] "[36mGET /static/img/21.jpg HTTP/1.1[0m" 304 -
[2024-02-08 15:26:03,559] INFO in _internal: 127.0.0.1 - - [08/Feb/2024 15:26:03] "[36mGET /static/img/22.jpg HTTP/1.1[0m" 304 -
[2024-02-08 15:26:03,563] INFO in _internal: 127.0.0.1 - - [08/Feb/2024 15:26:03] "[36mGET /static/img/23.jpg HTTP/1.1[0m" 304 -
[2024-02-08 15:26:04,322] INFO in _internal: 127.0.0.1 - - [08/Feb/2024 15:26:04] "GET /escortv2 HTTP/1.1" 200 -
[2024-02-08 15:26:04,341] INFO in _internal: 127.0.0.1 - - [08/Feb/2024 15:26:04] "[36mGET /static/css/escortv2.css HTTP/1.1[0m" 304 -
[2024-02-08 15:26:04,343] INFO in _internal: 127.0.0.1 - - [08/Feb/2024 15:26:04] "[36mGET /static/img/logo.png HTTP/1.1[0m" 304 -
[2024-02-08 15:26:04,345] INFO in _internal: 127.0.0.1 - - [08/Feb/2024 15:26:04] "[36mGET /static/js/escortv2.js HTTP/1.1[0m" 304 -
[2024-02-08 15:26:04,396] INFO in _internal: 127.0.0.1 - - [08/Feb/2024 15:26:04] "[36mGET /static/img/1.jpg HTTP/1.1[0m" 304 -
[2024-02-08 15:26:04,398] INFO in _internal: 127.0.0.1 - - [08/Feb/2024 15:26:04] "[36mGET /static/img/3.jpg HTTP/1.1[0m" 304 -
[2024-02-08 15:26:04,402] INFO in _internal: 127.0.0.1 - - [08/Feb/2024 15:26:04] "[36mGET /static/img/2.jpg HTTP/1.1[0m" 304 -
[2024-02-08 15:26:04,402] INFO in _internal: 127.0.0.1 - - [08/Feb/2024 15:26:04] "[36mGET /static/img/4.jpg HTTP/1.1[0m" 304 -
[2024-02-08 15:26:04,405] INFO in _internal: 127.0.0.1 - - [08/Feb/2024 15:26:04] "[36mGET /static/img/20.jpg HTTP/1.1[0m" 304 -
[2024-02-08 15:26:04,413] INFO in _internal: 127.0.0.1 - - [08/Feb/2024 15:26:04] "[36mGET /static/img/19.jpg HTTP/1.1[0m" 304 -
[2024-02-08 15:26:04,422] INFO in _internal: 127.0.0.1 - - [08/Feb/2024 15:26:04] "[36mGET /static/img/21.jpg HTTP/1.1[0m" 304 -
[2024-02-08 15:26:04,424] INFO in _internal: 127.0.0.1 - - [08/Feb/2024 15:26:04] "[36mGET /static/img/22.jpg HTTP/1.1[0m" 304 -
[2024-02-08 15:26:04,432] INFO in _internal: 127.0.0.1 - - [08/Feb/2024 15:26:04] "[36mGET /static/img/23.jpg HTTP/1.1[0m" 304 -
[2024-02-08 15:26:10,980] INFO in _internal: 127.0.0.1 - - [08/Feb/2024 15:26:10] "GET /escortv2 HTTP/1.1" 200 -
[2024-02-08 15:26:10,998] INFO in _internal: 127.0.0.1 - - [08/Feb/2024 15:26:10] "[36mGET /static/img/logo.png HTTP/1.1[0m" 304 -
[2024-02-08 15:26:11,000] INFO in _internal: 127.0.0.1 - - [08/Feb/2024 15:26:11] "GET /static/css/escortv2.css HTTP/1.1" 200 -
[2024-02-08 15:26:11,001] INFO in _internal: 127.0.0.1 - - [08/Feb/2024 15:26:11] "[36mGET /static/js/escortv2.js HTTP/1.1[0m" 304 -
[2024-02-08 15:26:11,063] INFO in _internal: 127.0.0.1 - - [08/Feb/2024 15:26:11] "[36mGET /static/img/1.jpg HTTP/1.1[0m" 304 -
[2024-02-08 15:26:11,063] INFO in _internal: 127.0.0.1 - - [08/Feb/2024 15:26:11] "[36mGET /static/img/3.jpg HTTP/1.1[0m" 304 -
[2024-02-08 15:26:11,067] INFO in _internal: 127.0.0.1 - - [08/Feb/2024 15:26:11] "[36mGET /static/img/2.jpg HTTP/1.1[0m" 304 -
[2024-02-08 15:26:11,081] INFO in _internal: 127.0.0.1 - - [08/Feb/2024 15:26:11] "[36mGET /static/img/4.jpg HTTP/1.1[0m" 304 -
[2024-02-08 15:26:11,085] INFO in _internal: 127.0.0.1 - - [08/Feb/2024 15:26:11] "[36mGET /static/img/19.jpg HTTP/1.1[0m" 304 -
[2024-02-08 15:26:11,096] INFO in _internal: 127.0.0.1 - - [08/Feb/2024 15:26:11] "[36mGET /static/img/20.jpg HTTP/1.1[0m" 304 -
[2024-02-08 15:26:11,105] INFO in _internal: 127.0.0.1 - - [08/Feb/2024 15:26:11] "[36mGET /static/img/21.jpg HTTP/1.1[0m" 304 -
[2024-02-08 15:26:11,108] INFO in _internal: 127.0.0.1 - - [08/Feb/2024 15:26:11] "[36mGET /static/img/22.jpg HTTP/1.1[0m" 304 -
[2024-02-08 15:26:11,112] INFO in _internal: 127.0.0.1 - - [08/Feb/2024 15:26:11] "[36mGET /static/img/23.jpg HTTP/1.1[0m" 304 -
[2024-02-08 15:26:25,827] INFO in _internal: 127.0.0.1 - - [08/Feb/2024 15:26:25] "GET /escortv2 HTTP/1.1" 200 -
[2024-02-08 15:26:25,845] INFO in _internal: 127.0.0.1 - - [08/Feb/2024 15:26:25] "GET /static/css/escortv2.css HTTP/1.1" 200 -
[2024-02-08 15:26:25,847] INFO in _internal: 127.0.0.1 - - [08/Feb/2024 15:26:25] "[36mGET /static/img/logo.png HTTP/1.1[0m" 304 -
[2024-02-08 15:26:25,848] INFO in _internal: 127.0.0.1 - - [08/Feb/2024 15:26:25] "[36mGET /static/js/escortv2.js HTTP/1.1[0m" 304 -
[2024-02-08 15:26:25,884] INFO in _internal: 127.0.0.1 - - [08/Feb/2024 15:26:25] "[36mGET /static/img/1.jpg HTTP/1.1[0m" 304 -
[2024-02-08 15:26:25,884] INFO in _internal: 127.0.0.1 - - [08/Feb/2024 15:26:25] "[36mGET /static/img/2.jpg HTTP/1.1[0m" 304 -
[2024-02-08 15:26:25,887] INFO in _internal: 127.0.0.1 - - [08/Feb/2024 15:26:25] "[36mGET /static/img/3.jpg HTTP/1.1[0m" 304 -
[2024-02-08 15:26:25,906] INFO in _internal: 127.0.0.1 - - [08/Feb/2024 15:26:25] "[36mGET /static/img/4.jpg HTTP/1.1[0m" 304 -
[2024-02-08 15:26:25,907] INFO in _internal: 127.0.0.1 - - [08/Feb/2024 15:26:25] "[36mGET /static/img/19.jpg HTTP/1.1[0m" 304 -
[2024-02-08 15:26:25,909] INFO in _internal: 127.0.0.1 - - [08/Feb/2024 15:26:25] "[36mGET /static/img/20.jpg HTTP/1.1[0m" 304 -
[2024-02-08 15:26:25,917] INFO in _internal: 127.0.0.1 - - [08/Feb/2024 15:26:25] "[36mGET /static/img/21.jpg HTTP/1.1[0m" 304 -
[2024-02-08 15:26:25,918] INFO in _internal: 127.0.0.1 - - [08/Feb/2024 15:26:25] "[36mGET /static/img/22.jpg HTTP/1.1[0m" 304 -
[2024-02-08 15:26:25,920] INFO in _internal: 127.0.0.1 - - [08/Feb/2024 15:26:25] "[36mGET /static/img/23.jpg HTTP/1.1[0m" 304 -
[2024-02-08 15:26:59,981] INFO in _internal: 127.0.0.1 - - [08/Feb/2024 15:26:59] "GET /escortv2 HTTP/1.1" 200 -
[2024-02-08 15:27:00,022] INFO in _internal: 127.0.0.1 - - [08/Feb/2024 15:27:00] "GET /static/css/escortv2.css HTTP/1.1" 200 -
[2024-02-08 15:27:00,024] INFO in _internal: 127.0.0.1 - - [08/Feb/2024 15:27:00] "[36mGET /static/img/logo.png HTTP/1.1[0m" 304 -
[2024-02-08 15:27:00,041] INFO in _internal: 127.0.0.1 - - [08/Feb/2024 15:27:00] "[36mGET /static/js/escortv2.js HTTP/1.1[0m" 304 -
[2024-02-08 15:27:00,066] INFO in _internal: 127.0.0.1 - - [08/Feb/2024 15:27:00] "[36mGET /static/img/1.jpg HTTP/1.1[0m" 304 -
[2024-02-08 15:27:00,069] INFO in _internal: 127.0.0.1 - - [08/Feb/2024 15:27:00] "[36mGET /static/img/3.jpg HTTP/1.1[0m" 304 -
[2024-02-08 15:27:00,069] INFO in _internal: 127.0.0.1 - - [08/Feb/2024 15:27:00] "[36mGET /static/img/2.jpg HTTP/1.1[0m" 304 -
[2024-02-08 15:27:00,084] INFO in _internal: 127.0.0.1 - - [08/Feb/2024 15:27:00] "[36mGET /static/img/4.jpg HTTP/1.1[0m" 304 -
[2024-02-08 15:27:00,103] INFO in _internal: 127.0.0.1 - - [08/Feb/2024 15:27:00] "[36mGET /static/img/19.jpg HTTP/1.1[0m" 304 -
[2024-02-08 15:27:00,111] INFO in _internal: 127.0.0.1 - - [08/Feb/2024 15:27:00] "[36mGET /static/img/20.jpg HTTP/1.1[0m" 304 -
[2024-02-08 15:27:00,121] INFO in _internal: 127.0.0.1 - - [08/Feb/2024 15:27:00] "[36mGET /static/img/21.jpg HTTP/1.1[0m" 304 -
[2024-02-08 15:27:00,121] INFO in _internal: 127.0.0.1 - - [08/Feb/2024 15:27:00] "[36mGET /static/img/22.jpg HTTP/1.1[0m" 304 -
[2024-02-08 15:27:00,125] INFO in _internal: 127.0.0.1 - - [08/Feb/2024 15:27:00] "[36mGET /static/img/23.jpg HTTP/1.1[0m" 304 -
[2024-02-08 15:27:27,143] INFO in _internal: 127.0.0.1 - - [08/Feb/2024 15:27:27] "GET /escortv2 HTTP/1.1" 200 -
[2024-02-08 15:27:27,173] INFO in _internal: 127.0.0.1 - - [08/Feb/2024 15:27:27] "[36mGET /static/css/escortv2.css HTTP/1.1[0m" 304 -
[2024-02-08 15:27:27,180] INFO in _internal: 127.0.0.1 - - [08/Feb/2024 15:27:27] "[36mGET /static/img/logo.png HTTP/1.1[0m" 304 -
[2024-02-08 15:27:27,190] INFO in _internal: 127.0.0.1 - - [08/Feb/2024 15:27:27] "[36mGET /static/js/escortv2.js HTTP/1.1[0m" 304 -
[2024-02-08 15:27:27,229] INFO in _internal: 127.0.0.1 - - [08/Feb/2024 15:27:27] "[36mGET /static/img/1.jpg HTTP/1.1[0m" 304 -
[2024-02-08 15:27:27,251] INFO in _internal: 127.0.0.1 - - [08/Feb/2024 15:27:27] "[36mGET /static/img/3.jpg HTTP/1.1[0m" 304 -
[2024-02-08 15:27:27,251] INFO in _internal: 127.0.0.1 - - [08/Feb/2024 15:27:27] "[36mGET /static/img/4.jpg HTTP/1.1[0m" 304 -
[2024-02-08 15:27:27,252] INFO in _internal: 127.0.0.1 - - [08/Feb/2024 15:27:27] "[36mGET /static/img/2.jpg HTTP/1.1[0m" 304 -
[2024-02-08 15:27:27,262] INFO in _internal: 127.0.0.1 - - [08/Feb/2024 15:27:27] "[36mGET /static/img/19.jpg HTTP/1.1[0m" 304 -
[2024-02-08 15:27:27,265] INFO in _internal: 127.0.0.1 - - [08/Feb/2024 15:27:27] "[36mGET /static/img/20.jpg HTTP/1.1[0m" 304 -
[2024-02-08 15:27:27,277] INFO in _internal: 127.0.0.1 - - [08/Feb/2024 15:27:27] "[36mGET /static/img/21.jpg HTTP/1.1[0m" 304 -
[2024-02-08 15:27:27,287] INFO in _internal: 127.0.0.1 - - [08/Feb/2024 15:27:27] "[36mGET /static/img/22.jpg HTTP/1.1[0m" 304 -
[2024-02-08 15:27:27,290] INFO in _internal: 127.0.0.1 - - [08/Feb/2024 15:27:27] "[36mGET /static/img/23.jpg HTTP/1.1[0m" 304 -
[2024-02-08 15:29:01,345] INFO in _internal: 127.0.0.1 - - [08/Feb/2024 15:29:01] "GET /escortv2 HTTP/1.1" 200 -
[2024-02-08 15:29:01,370] INFO in _internal: 127.0.0.1 - - [08/Feb/2024 15:29:01] "GET /static/css/escortv2.css HTTP/1.1" 200 -
[2024-02-08 15:29:01,378] INFO in _internal: 127.0.0.1 - - [08/Feb/2024 15:29:01] "[36mGET /static/img/logo.png HTTP/1.1[0m" 304 -
[2024-02-08 15:29:01,384] INFO in _internal: 127.0.0.1 - - [08/Feb/2024 15:29:01] "[36mGET /static/js/escortv2.js HTTP/1.1[0m" 304 -
[2024-02-08 15:29:01,447] INFO in _internal: 127.0.0.1 - - [08/Feb/2024 15:29:01] "[36mGET /static/img/1.jpg HTTP/1.1[0m" 304 -
[2024-02-08 15:29:01,454] INFO in _internal: 127.0.0.1 - - [08/Feb/2024 15:29:01] "[36mGET /static/img/2.jpg HTTP/1.1[0m" 304 -
[2024-02-08 15:29:01,461] INFO in _internal: 127.0.0.1 - - [08/Feb/2024 15:29:01] "[36mGET /static/img/3.jpg HTTP/1.1[0m" 304 -
[2024-02-08 15:29:01,475] INFO in _internal: 127.0.0.1 - - [08/Feb/2024 15:29:01] "[36mGET /static/img/4.jpg HTTP/1.1[0m" 304 -
[2024-02-08 15:29:01,479] INFO in _internal: 127.0.0.1 - - [08/Feb/2024 15:29:01] "[36mGET /static/img/19.jpg HTTP/1.1[0m" 304 -
[2024-02-08 15:29:01,480] INFO in _internal: 127.0.0.1 - - [08/Feb/2024 15:29:01] "[36mGET /static/img/20.jpg HTTP/1.1[0m" 304 -
[2024-02-08 15:29:01,481] INFO in _internal: 127.0.0.1 - - [08/Feb/2024 15:29:01] "[36mGET /static/img/21.jpg HTTP/1.1[0m" 304 -
[2024-02-08 15:29:01,485] INFO in _internal: 127.0.0.1 - - [08/Feb/2024 15:29:01] "[36mGET /static/img/22.jpg HTTP/1.1[0m" 304 -
[2024-02-08 15:29:01,491] INFO in _internal: 127.0.0.1 - - [08/Feb/2024 15:29:01] "[36mGET /static/img/23.jpg HTTP/1.1[0m" 304 -
[2024-02-08 15:29:12,564] INFO in _internal: 127.0.0.1 - - [08/Feb/2024 15:29:12] "GET /escortv2 HTTP/1.1" 200 -
[2024-02-08 15:29:12,581] INFO in _internal: 127.0.0.1 - - [08/Feb/2024 15:29:12] "GET /static/css/escortv2.css HTTP/1.1" 200 -
[2024-02-08 15:29:12,584] INFO in _internal: 127.0.0.1 - - [08/Feb/2024 15:29:12] "[36mGET /static/img/logo.png HTTP/1.1[0m" 304 -
[2024-02-08 15:29:12,586] INFO in _internal: 127.0.0.1 - - [08/Feb/2024 15:29:12] "[36mGET /static/js/escortv2.js HTTP/1.1[0m" 304 -
[2024-02-08 15:29:12,621] INFO in _internal: 127.0.0.1 - - [08/Feb/2024 15:29:12] "[36mGET /static/img/1.jpg HTTP/1.1[0m" 304 -
[2024-02-08 15:29:12,623] INFO in _internal: 127.0.0.1 - - [08/Feb/2024 15:29:12] "[36mGET /static/img/3.jpg HTTP/1.1[0m" 304 -
[2024-02-08 15:29:12,623] INFO in _internal: 127.0.0.1 - - [08/Feb/2024 15:29:12] "[36mGET /static/img/2.jpg HTTP/1.1[0m" 304 -
[2024-02-08 15:29:12,625] INFO in _internal: 127.0.0.1 - - [08/Feb/2024 15:29:12] "[36mGET /static/img/4.jpg HTTP/1.1[0m" 304 -
[2024-02-08 15:29:12,633] INFO in _internal: 127.0.0.1 - - [08/Feb/2024 15:29:12] "[36mGET /static/img/19.jpg HTTP/1.1[0m" 304 -
[2024-02-08 15:29:12,648] INFO in _internal: 127.0.0.1 - - [08/Feb/2024 15:29:12] "[36mGET /static/img/20.jpg HTTP/1.1[0m" 304 -
[2024-02-08 15:29:12,649] INFO in _internal: 127.0.0.1 - - [08/Feb/2024 15:29:12] "[36mGET /static/img/22.jpg HTTP/1.1[0m" 304 -
[2024-02-08 15:29:12,656] INFO in _internal: 127.0.0.1 - - [08/Feb/2024 15:29:12] "[36mGET /static/img/21.jpg HTTP/1.1[0m" 304 -
[2024-02-08 15:29:12,659] INFO in _internal: 127.0.0.1 - - [08/Feb/2024 15:29:12] "[36mGET /static/img/23.jpg HTTP/1.1[0m" 304 -
[2024-02-08 15:29:13,362] INFO in _internal: 127.0.0.1 - - [08/Feb/2024 15:29:13] "GET /escortv2 HTTP/1.1" 200 -
[2024-02-08 15:29:13,379] INFO in _internal: 127.0.0.1 - - [08/Feb/2024 15:29:13] "[36mGET /static/css/escortv2.css HTTP/1.1[0m" 304 -
[2024-02-08 15:29:13,382] INFO in _internal: 127.0.0.1 - - [08/Feb/2024 15:29:13] "[36mGET /static/js/escortv2.js HTTP/1.1[0m" 304 -
[2024-02-08 15:29:13,383] INFO in _internal: 127.0.0.1 - - [08/Feb/2024 15:29:13] "[36mGET /static/img/logo.png HTTP/1.1[0m" 304 -
[2024-02-08 15:29:13,411] INFO in _internal: 127.0.0.1 - - [08/Feb/2024 15:29:13] "[36mGET /static/img/1.jpg HTTP/1.1[0m" 304 -
[2024-02-08 15:29:13,413] INFO in _internal: 127.0.0.1 - - [08/Feb/2024 15:29:13] "[36mGET /static/img/2.jpg HTTP/1.1[0m" 304 -
[2024-02-08 15:29:13,414] INFO in _internal: 127.0.0.1 - - [08/Feb/2024 15:29:13] "[36mGET /static/img/3.jpg HTTP/1.1[0m" 304 -
[2024-02-08 15:29:13,419] INFO in _internal: 127.0.0.1 - - [08/Feb/2024 15:29:13] "[36mGET /static/img/4.jpg HTTP/1.1[0m" 304 -
[2024-02-08 15:29:13,432] INFO in _internal: 127.0.0.1 - - [08/Feb/2024 15:29:13] "[36mGET /static/img/19.jpg HTTP/1.1[0m" 304 -
[2024-02-08 15:29:13,444] INFO in _internal: 127.0.0.1 - - [08/Feb/2024 15:29:13] "[36mGET /static/img/21.jpg HTTP/1.1[0m" 304 -
[2024-02-08 15:29:13,445] INFO in _internal: 127.0.0.1 - - [08/Feb/2024 15:29:13] "[36mGET /static/img/20.jpg HTTP/1.1[0m" 304 -
[2024-02-08 15:29:13,447] INFO in _internal: 127.0.0.1 - - [08/Feb/2024 15:29:13] "[36mGET /static/img/22.jpg HTTP/1.1[0m" 304 -
[2024-02-08 15:29:13,449] INFO in _internal: 127.0.0.1 - - [08/Feb/2024 15:29:13] "[36mGET /static/img/23.jpg HTTP/1.1[0m" 304 -
[2024-02-08 15:29:22,457] INFO in _internal: 127.0.0.1 - - [08/Feb/2024 15:29:22] "GET /escortv2 HTTP/1.1" 200 -
[2024-02-08 15:29:22,476] INFO in _internal: 127.0.0.1 - - [08/Feb/2024 15:29:22] "[36mGET /static/img/logo.png HTTP/1.1[0m" 304 -
[2024-02-08 15:29:22,477] INFO in _internal: 127.0.0.1 - - [08/Feb/2024 15:29:22] "GET /static/css/escortv2.css HTTP/1.1" 200 -
[2024-02-08 15:29:22,479] INFO in _internal: 127.0.0.1 - - [08/Feb/2024 15:29:22] "[36mGET /static/js/escortv2.js HTTP/1.1[0m" 304 -
[2024-02-08 15:29:22,509] INFO in _internal: 127.0.0.1 - - [08/Feb/2024 15:29:22] "[36mGET /static/img/1.jpg HTTP/1.1[0m" 304 -
[2024-02-08 15:29:22,510] INFO in _internal: 127.0.0.1 - - [08/Feb/2024 15:29:22] "[36mGET /static/img/3.jpg HTTP/1.1[0m" 304 -
[2024-02-08 15:29:22,513] INFO in _internal: 127.0.0.1 - - [08/Feb/2024 15:29:22] "[36mGET /static/img/2.jpg HTTP/1.1[0m" 304 -
[2024-02-08 15:29:22,529] INFO in _internal: 127.0.0.1 - - [08/Feb/2024 15:29:22] "[36mGET /static/img/4.jpg HTTP/1.1[0m" 304 -
[2024-02-08 15:29:22,538] INFO in _internal: 127.0.0.1 - - [08/Feb/2024 15:29:22] "[36mGET /static/img/19.jpg HTTP/1.1[0m" 304 -
[2024-02-08 15:29:22,544] INFO in _internal: 127.0.0.1 - - [08/Feb/2024 15:29:22] "[36mGET /static/img/20.jpg HTTP/1.1[0m" 304 -
[2024-02-08 15:29:22,546] INFO in _internal: 127.0.0.1 - - [08/Feb/2024 15:29:22] "[36mGET /static/img/21.jpg HTTP/1.1[0m" 304 -
[2024-02-08 15:29:22,549] INFO in _internal: 127.0.0.1 - - [08/Feb/2024 15:29:22] "[36mGET /static/img/22.jpg HTTP/1.1[0m" 304 -
[2024-02-08 15:29:22,552] INFO in _internal: 127.0.0.1 - - [08/Feb/2024 15:29:22] "[36mGET /static/img/23.jpg HTTP/1.1[0m" 304 -
[2024-02-08 15:29:48,190] INFO in _internal: 127.0.0.1 - - [08/Feb/2024 15:29:48] "GET /escortv2 HTTP/1.1" 200 -
[2024-02-08 15:29:48,209] INFO in _internal: 127.0.0.1 - - [08/Feb/2024 15:29:48] "GET /static/css/escortv2.css HTTP/1.1" 200 -
[2024-02-08 15:29:48,223] INFO in _internal: 127.0.0.1 - - [08/Feb/2024 15:29:48] "[36mGET /static/img/logo.png HTTP/1.1[0m" 304 -
[2024-02-08 15:29:48,225] INFO in _internal: 127.0.0.1 - - [08/Feb/2024 15:29:48] "[36mGET /static/js/escortv2.js HTTP/1.1[0m" 304 -
[2024-02-08 15:29:48,265] INFO in _internal: 127.0.0.1 - - [08/Feb/2024 15:29:48] "[36mGET /static/img/1.jpg HTTP/1.1[0m" 304 -
[2024-02-08 15:29:48,279] INFO in _internal: 127.0.0.1 - - [08/Feb/2024 15:29:48] "[36mGET /static/img/2.jpg HTTP/1.1[0m" 304 -
[2024-02-08 15:29:48,281] INFO in _internal: 127.0.0.1 - - [08/Feb/2024 15:29:48] "[36mGET /static/img/3.jpg HTTP/1.1[0m" 304 -
[2024-02-08 15:29:48,283] INFO in _internal: 127.0.0.1 - - [08/Feb/2024 15:29:48] "[36mGET /static/img/19.jpg HTTP/1.1[0m" 304 -
[2024-02-08 15:29:48,288] INFO in _internal: 127.0.0.1 - - [08/Feb/2024 15:29:48] "[36mGET /static/img/20.jpg HTTP/1.1[0m" 304 -
[2024-02-08 15:29:48,289] INFO in _internal: 127.0.0.1 - - [08/Feb/2024 15:29:48] "[36mGET /static/img/4.jpg HTTP/1.1[0m" 304 -
[2024-02-08 15:29:48,303] INFO in _internal: 127.0.0.1 - - [08/Feb/2024 15:29:48] "[36mGET /static/img/21.jpg HTTP/1.1[0m" 304 -
[2024-02-08 15:29:48,312] INFO in _internal: 127.0.0.1 - - [08/Feb/2024 15:29:48] "[36mGET /static/img/22.jpg HTTP/1.1[0m" 304 -
[2024-02-08 15:29:48,317] INFO in _internal: 127.0.0.1 - - [08/Feb/2024 15:29:48] "[36mGET /static/img/23.jpg HTTP/1.1[0m" 304 -
[2024-02-08 15:30:07,587] INFO in _internal: 127.0.0.1 - - [08/Feb/2024 15:30:07] "GET /escortv2 HTTP/1.1" 200 -
[2024-02-08 15:30:07,611] INFO in _internal: 127.0.0.1 - - [08/Feb/2024 15:30:07] "GET /static/css/escortv2.css HTTP/1.1" 200 -
[2024-02-08 15:30:07,613] INFO in _internal: 127.0.0.1 - - [08/Feb/2024 15:30:07] "[36mGET /static/img/logo.png HTTP/1.1[0m" 304 -
[2024-02-08 15:30:07,615] INFO in _internal: 127.0.0.1 - - [08/Feb/2024 15:30:07] "[36mGET /static/js/escortv2.js HTTP/1.1[0m" 304 -
[2024-02-08 15:30:07,654] INFO in _internal: 127.0.0.1 - - [08/Feb/2024 15:30:07] "[36mGET /static/img/1.jpg HTTP/1.1[0m" 304 -
[2024-02-08 15:30:07,664] INFO in _internal: 127.0.0.1 - - [08/Feb/2024 15:30:07] "[36mGET /static/img/3.jpg HTTP/1.1[0m" 304 -
[2024-02-08 15:30:07,667] INFO in _internal: 127.0.0.1 - - [08/Feb/2024 15:30:07] "[36mGET /static/img/2.jpg HTTP/1.1[0m" 304 -
[2024-02-08 15:30:07,677] INFO in _internal: 127.0.0.1 - - [08/Feb/2024 15:30:07] "[36mGET /static/img/4.jpg HTTP/1.1[0m" 304 -
[2024-02-08 15:30:07,686] INFO in _internal: 127.0.0.1 - - [08/Feb/2024 15:30:07] "[36mGET /static/img/19.jpg HTTP/1.1[0m" 304 -
[2024-02-08 15:30:07,697] INFO in _internal: 127.0.0.1 - - [08/Feb/2024 15:30:07] "[36mGET /static/img/20.jpg HTTP/1.1[0m" 304 -
[2024-02-08 15:30:07,702] INFO in _internal: 127.0.0.1 - - [08/Feb/2024 15:30:07] "[36mGET /static/img/21.jpg HTTP/1.1[0m" 304 -
[2024-02-08 15:30:07,709] INFO in _internal: 127.0.0.1 - - [08/Feb/2024 15:30:07] "[36mGET /static/img/22.jpg HTTP/1.1[0m" 304 -
[2024-02-08 15:30:07,712] INFO in _internal: 127.0.0.1 - - [08/Feb/2024 15:30:07] "[36mGET /static/img/23.jpg HTTP/1.1[0m" 304 -
[2024-02-08 15:30:14,452] INFO in _internal: 127.0.0.1 - - [08/Feb/2024 15:30:14] "GET /escortv2 HTTP/1.1" 200 -
[2024-02-08 15:30:14,474] INFO in _internal: 127.0.0.1 - - [08/Feb/2024 15:30:14] "GET /static/css/escortv2.css HTTP/1.1" 200 -
[2024-02-08 15:30:14,474] INFO in _internal: 127.0.0.1 - - [08/Feb/2024 15:30:14] "[36mGET /static/img/logo.png HTTP/1.1[0m" 304 -
[2024-02-08 15:30:14,476] INFO in _internal: 127.0.0.1 - - [08/Feb/2024 15:30:14] "[36mGET /static/js/escortv2.js HTTP/1.1[0m" 304 -
[2024-02-08 15:30:14,550] INFO in _internal: 127.0.0.1 - - [08/Feb/2024 15:30:14] "[36mGET /static/img/1.jpg HTTP/1.1[0m" 304 -
[2024-02-08 15:30:14,558] INFO in _internal: 127.0.0.1 - - [08/Feb/2024 15:30:14] "[36mGET /static/img/2.jpg HTTP/1.1[0m" 304 -
[2024-02-08 15:30:14,563] INFO in _internal: 127.0.0.1 - - [08/Feb/2024 15:30:14] "[36mGET /static/img/3.jpg HTTP/1.1[0m" 304 -
[2024-02-08 15:30:14,567] INFO in _internal: 127.0.0.1 - - [08/Feb/2024 15:30:14] "[36mGET /static/img/19.jpg HTTP/1.1[0m" 304 -
[2024-02-08 15:30:14,567] INFO in _internal: 127.0.0.1 - - [08/Feb/2024 15:30:14] "[36mGET /static/img/4.jpg HTTP/1.1[0m" 304 -
[2024-02-08 15:30:14,573] INFO in _internal: 127.0.0.1 - - [08/Feb/2024 15:30:14] "[36mGET /static/img/20.jpg HTTP/1.1[0m" 304 -
[2024-02-08 15:30:14,577] INFO in _internal: 127.0.0.1 - - [08/Feb/2024 15:30:14] "[36mGET /static/img/21.jpg HTTP/1.1[0m" 304 -
[2024-02-08 15:30:14,584] INFO in _internal: 127.0.0.1 - - [08/Feb/2024 15:30:14] "[36mGET /static/img/22.jpg HTTP/1.1[0m" 304 -
[2024-02-08 15:30:14,585] INFO in _internal: 127.0.0.1 - - [08/Feb/2024 15:30:14] "[36mGET /static/img/23.jpg HTTP/1.1[0m" 304 -
[2024-02-08 15:30:26,531] INFO in _internal: 127.0.0.1 - - [08/Feb/2024 15:30:26] "GET /escortv2 HTTP/1.1" 200 -
[2024-02-08 15:30:26,553] INFO in _internal: 127.0.0.1 - - [08/Feb/2024 15:30:26] "GET /static/css/escortv2.css HTTP/1.1" 200 -
[2024-02-08 15:30:26,554] INFO in _internal: 127.0.0.1 - - [08/Feb/2024 15:30:26] "[36mGET /static/img/logo.png HTTP/1.1[0m" 304 -
[2024-02-08 15:30:26,555] INFO in _internal: 127.0.0.1 - - [08/Feb/2024 15:30:26] "[36mGET /static/js/escortv2.js HTTP/1.1[0m" 304 -
[2024-02-08 15:30:26,601] INFO in _internal: 127.0.0.1 - - [08/Feb/2024 15:30:26] "[36mGET /static/img/1.jpg HTTP/1.1[0m" 304 -
[2024-02-08 15:30:26,616] INFO in _internal: 127.0.0.1 - - [08/Feb/2024 15:30:26] "[36mGET /static/img/3.jpg HTTP/1.1[0m" 304 -
[2024-02-08 15:30:26,617] INFO in _internal: 127.0.0.1 - - [08/Feb/2024 15:30:26] "[36mGET /static/img/2.jpg HTTP/1.1[0m" 304 -
[2024-02-08 15:30:26,618] INFO in _internal: 127.0.0.1 - - [08/Feb/2024 15:30:26] "[36mGET /static/img/20.jpg HTTP/1.1[0m" 304 -
[2024-02-08 15:30:26,620] INFO in _internal: 127.0.0.1 - - [08/Feb/2024 15:30:26] "[36mGET /static/img/19.jpg HTTP/1.1[0m" 304 -
[2024-02-08 15:30:26,621] INFO in _internal: 127.0.0.1 - - [08/Feb/2024 15:30:26] "[36mGET /static/img/4.jpg HTTP/1.1[0m" 304 -
[2024-02-08 15:30:26,622] INFO in _internal: 127.0.0.1 - - [08/Feb/2024 15:30:26] "[36mGET /static/img/21.jpg HTTP/1.1[0m" 304 -
[2024-02-08 15:30:26,633] INFO in _internal: 127.0.0.1 - - [08/Feb/2024 15:30:26] "[36mGET /static/img/22.jpg HTTP/1.1[0m" 304 -
[2024-02-08 15:30:26,636] INFO in _internal: 127.0.0.1 - - [08/Feb/2024 15:30:26] "[36mGET /static/img/23.jpg HTTP/1.1[0m" 304 -
[2024-02-08 15:30:31,691] INFO in _internal: 127.0.0.1 - - [08/Feb/2024 15:30:31] "GET /escortv2 HTTP/1.1" 200 -
[2024-02-08 15:30:31,714] INFO in _internal: 127.0.0.1 - - [08/Feb/2024 15:30:31] "GET /static/css/escortv2.css HTTP/1.1" 200 -
[2024-02-08 15:30:31,715] INFO in _internal: 127.0.0.1 - - [08/Feb/2024 15:30:31] "[36mGET /static/img/logo.png HTTP/1.1[0m" 304 -
[2024-02-08 15:30:31,716] INFO in _internal: 127.0.0.1 - - [08/Feb/2024 15:30:31] "[36mGET /static/js/escortv2.js HTTP/1.1[0m" 304 -
[2024-02-08 15:30:31,755] INFO in _internal: 127.0.0.1 - - [08/Feb/2024 15:30:31] "[36mGET /static/img/2.jpg HTTP/1.1[0m" 304 -
[2024-02-08 15:30:31,756] INFO in _internal: 127.0.0.1 - - [08/Feb/2024 15:30:31] "[36mGET /static/img/3.jpg HTTP/1.1[0m" 304 -
[2024-02-08 15:30:31,758] INFO in _internal: 127.0.0.1 - - [08/Feb/2024 15:30:31] "[36mGET /static/img/1.jpg HTTP/1.1[0m" 304 -
[2024-02-08 15:30:31,778] INFO in _internal: 127.0.0.1 - - [08/Feb/2024 15:30:31] "[36mGET /static/img/4.jpg HTTP/1.1[0m" 304 -
[2024-02-08 15:30:31,783] INFO in _internal: 127.0.0.1 - - [08/Feb/2024 15:30:31] "[36mGET /static/img/19.jpg HTTP/1.1[0m" 304 -
[2024-02-08 15:30:31,784] INFO in _internal: 127.0.0.1 - - [08/Feb/2024 15:30:31] "[36mGET /static/img/20.jpg HTTP/1.1[0m" 304 -
[2024-02-08 15:30:31,803] INFO in _internal: 127.0.0.1 - - [08/Feb/2024 15:30:31] "[36mGET /static/img/21.jpg HTTP/1.1[0m" 304 -
[2024-02-08 15:30:31,811] INFO in _internal: 127.0.0.1 - - [08/Feb/2024 15:30:31] "[36mGET /static/img/22.jpg HTTP/1.1[0m" 304 -
[2024-02-08 15:30:31,812] INFO in _internal: 127.0.0.1 - - [08/Feb/2024 15:30:31] "[36mGET /static/img/23.jpg HTTP/1.1[0m" 304 -
[2024-02-08 15:30:32,596] INFO in _internal: 127.0.0.1 - - [08/Feb/2024 15:30:32] "GET /escortv2 HTTP/1.1" 200 -
[2024-02-08 15:30:32,618] INFO in _internal: 127.0.0.1 - - [08/Feb/2024 15:30:32] "[36mGET /static/css/escortv2.css HTTP/1.1[0m" 304 -
[2024-02-08 15:30:32,619] INFO in _internal: 127.0.0.1 - - [08/Feb/2024 15:30:32] "[36mGET /static/img/logo.png HTTP/1.1[0m" 304 -
[2024-02-08 15:30:32,621] INFO in _internal: 127.0.0.1 - - [08/Feb/2024 15:30:32] "[36mGET /static/js/escortv2.js HTTP/1.1[0m" 304 -
[2024-02-08 15:30:32,657] INFO in _internal: 127.0.0.1 - - [08/Feb/2024 15:30:32] "[36mGET /static/img/1.jpg HTTP/1.1[0m" 304 -
[2024-02-08 15:30:32,660] INFO in _internal: 127.0.0.1 - - [08/Feb/2024 15:30:32] "[36mGET /static/img/2.jpg HTTP/1.1[0m" 304 -
[2024-02-08 15:30:32,663] INFO in _internal: 127.0.0.1 - - [08/Feb/2024 15:30:32] "[36mGET /static/img/3.jpg HTTP/1.1[0m" 304 -
[2024-02-08 15:30:32,675] INFO in _internal: 127.0.0.1 - - [08/Feb/2024 15:30:32] "[36mGET /static/img/4.jpg HTTP/1.1[0m" 304 -
[2024-02-08 15:30:32,691] INFO in _internal: 127.0.0.1 - - [08/Feb/2024 15:30:32] "[36mGET /static/img/19.jpg HTTP/1.1[0m" 304 -
[2024-02-08 15:30:32,696] INFO in _internal: 127.0.0.1 - - [08/Feb/2024 15:30:32] "[36mGET /static/img/20.jpg HTTP/1.1[0m" 304 -
[2024-02-08 15:30:32,697] INFO in _internal: 127.0.0.1 - - [08/Feb/2024 15:30:32] "[36mGET /static/img/21.jpg HTTP/1.1[0m" 304 -
[2024-02-08 15:30:32,702] INFO in _internal: 127.0.0.1 - - [08/Feb/2024 15:30:32] "[36mGET /static/img/22.jpg HTTP/1.1[0m" 304 -
[2024-02-08 15:30:32,707] INFO in _internal: 127.0.0.1 - - [08/Feb/2024 15:30:32] "[36mGET /static/img/23.jpg HTTP/1.1[0m" 304 -
[2024-02-08 15:30:40,667] INFO in _internal: 127.0.0.1 - - [08/Feb/2024 15:30:40] "GET /escortv2 HTTP/1.1" 200 -
[2024-02-08 15:30:40,685] INFO in _internal: 127.0.0.1 - - [08/Feb/2024 15:30:40] "GET /static/css/escortv2.css HTTP/1.1" 200 -
[2024-02-08 15:30:40,688] INFO in _internal: 127.0.0.1 - - [08/Feb/2024 15:30:40] "[36mGET /static/img/logo.png HTTP/1.1[0m" 304 -
[2024-02-08 15:30:40,689] INFO in _internal: 127.0.0.1 - - [08/Feb/2024 15:30:40] "[36mGET /static/js/escortv2.js HTTP/1.1[0m" 304 -
[2024-02-08 15:30:40,720] INFO in _internal: 127.0.0.1 - - [08/Feb/2024 15:30:40] "[36mGET /static/img/1.jpg HTTP/1.1[0m" 304 -
[2024-02-08 15:30:40,728] INFO in _internal: 127.0.0.1 - - [08/Feb/2024 15:30:40] "[36mGET /static/img/2.jpg HTTP/1.1[0m" 304 -
[2024-02-08 15:30:40,732] INFO in _internal: 127.0.0.1 - - [08/Feb/2024 15:30:40] "[36mGET /static/img/3.jpg HTTP/1.1[0m" 304 -
[2024-02-08 15:30:40,737] INFO in _internal: 127.0.0.1 - - [08/Feb/2024 15:30:40] "[36mGET /static/img/19.jpg HTTP/1.1[0m" 304 -
[2024-02-08 15:30:40,738] INFO in _internal: 127.0.0.1 - - [08/Feb/2024 15:30:40] "[36mGET /static/img/4.jpg HTTP/1.1[0m" 304 -
[2024-02-08 15:30:40,740] INFO in _internal: 127.0.0.1 - - [08/Feb/2024 15:30:40] "[36mGET /static/img/20.jpg HTTP/1.1[0m" 304 -
[2024-02-08 15:30:40,743] INFO in _internal: 127.0.0.1 - - [08/Feb/2024 15:30:40] "[36mGET /static/img/21.jpg HTTP/1.1[0m" 304 -
[2024-02-08 15:30:40,758] INFO in _internal: 127.0.0.1 - - [08/Feb/2024 15:30:40] "[36mGET /static/img/22.jpg HTTP/1.1[0m" 304 -
[2024-02-08 15:30:40,764] INFO in _internal: 127.0.0.1 - - [08/Feb/2024 15:30:40] "[36mGET /static/img/23.jpg HTTP/1.1[0m" 304 -
[2024-02-08 15:30:51,115] INFO in _internal: 127.0.0.1 - - [08/Feb/2024 15:30:51] "GET /escortv2 HTTP/1.1" 200 -
[2024-02-08 15:30:51,133] INFO in _internal: 127.0.0.1 - - [08/Feb/2024 15:30:51] "[36mGET /static/img/logo.png HTTP/1.1[0m" 304 -
[2024-02-08 15:30:51,133] INFO in _internal: 127.0.0.1 - - [08/Feb/2024 15:30:51] "GET /static/css/escortv2.css HTTP/1.1" 200 -
[2024-02-08 15:30:51,134] INFO in _internal: 127.0.0.1 - - [08/Feb/2024 15:30:51] "[36mGET /static/js/escortv2.js HTTP/1.1[0m" 304 -
[2024-02-08 15:30:51,196] INFO in _internal: 127.0.0.1 - - [08/Feb/2024 15:30:51] "[36mGET /static/img/1.jpg HTTP/1.1[0m" 304 -
[2024-02-08 15:30:51,207] INFO in _internal: 127.0.0.1 - - [08/Feb/2024 15:30:51] "[36mGET /static/img/3.jpg HTTP/1.1[0m" 304 -
[2024-02-08 15:30:51,209] INFO in _internal: 127.0.0.1 - - [08/Feb/2024 15:30:51] "[36mGET /static/img/19.jpg HTTP/1.1[0m" 304 -
[2024-02-08 15:30:51,211] INFO in _internal: 127.0.0.1 - - [08/Feb/2024 15:30:51] "[36mGET /static/img/2.jpg HTTP/1.1[0m" 304 -
[2024-02-08 15:30:51,212] INFO in _internal: 127.0.0.1 - - [08/Feb/2024 15:30:51] "[36mGET /static/img/20.jpg HTTP/1.1[0m" 304 -
[2024-02-08 15:30:51,213] INFO in _internal: 127.0.0.1 - - [08/Feb/2024 15:30:51] "[36mGET /static/img/4.jpg HTTP/1.1[0m" 304 -
[2024-02-08 15:30:51,214] INFO in _internal: 127.0.0.1 - - [08/Feb/2024 15:30:51] "[36mGET /static/img/21.jpg HTTP/1.1[0m" 304 -
[2024-02-08 15:30:51,242] INFO in _internal: 127.0.0.1 - - [08/Feb/2024 15:30:51] "[36mGET /static/img/22.jpg HTTP/1.1[0m" 304 -
[2024-02-08 15:30:51,244] INFO in _internal: 127.0.0.1 - - [08/Feb/2024 15:30:51] "[36mGET /static/img/23.jpg HTTP/1.1[0m" 304 -
[2024-02-08 15:30:57,683] INFO in _internal: 127.0.0.1 - - [08/Feb/2024 15:30:57] "GET /escortv2 HTTP/1.1" 200 -
[2024-02-08 15:30:57,705] INFO in _internal: 127.0.0.1 - - [08/Feb/2024 15:30:57] "GET /static/css/escortv2.css HTTP/1.1" 200 -
[2024-02-08 15:30:57,706] INFO in _internal: 127.0.0.1 - - [08/Feb/2024 15:30:57] "[36mGET /static/img/logo.png HTTP/1.1[0m" 304 -
[2024-02-08 15:30:57,707] INFO in _internal: 127.0.0.1 - - [08/Feb/2024 15:30:57] "[36mGET /static/js/escortv2.js HTTP/1.1[0m" 304 -
[2024-02-08 15:30:57,801] INFO in _internal: 127.0.0.1 - - [08/Feb/2024 15:30:57] "[36mGET /static/img/1.jpg HTTP/1.1[0m" 304 -
[2024-02-08 15:30:57,802] INFO in _internal: 127.0.0.1 - - [08/Feb/2024 15:30:57] "[36mGET /static/img/2.jpg HTTP/1.1[0m" 304 -
[2024-02-08 15:30:57,804] INFO in _internal: 127.0.0.1 - - [08/Feb/2024 15:30:57] "[36mGET /static/img/3.jpg HTTP/1.1[0m" 304 -
[2024-02-08 15:30:57,817] INFO in _internal: 127.0.0.1 - - [08/Feb/2024 15:30:57] "[36mGET /static/img/4.jpg HTTP/1.1[0m" 304 -
[2024-02-08 15:30:57,827] INFO in _internal: 127.0.0.1 - - [08/Feb/2024 15:30:57] "[36mGET /static/img/19.jpg HTTP/1.1[0m" 304 -
[2024-02-08 15:30:57,830] INFO in _internal: 127.0.0.1 - - [08/Feb/2024 15:30:57] "[36mGET /static/img/20.jpg HTTP/1.1[0m" 304 -
[2024-02-08 15:30:57,834] INFO in _internal: 127.0.0.1 - - [08/Feb/2024 15:30:57] "[36mGET /static/img/21.jpg HTTP/1.1[0m" 304 -
[2024-02-08 15:30:57,839] INFO in _internal: 127.0.0.1 - - [08/Feb/2024 15:30:57] "[36mGET /static/img/22.jpg HTTP/1.1[0m" 304 -
[2024-02-08 15:30:57,842] INFO in _internal: 127.0.0.1 - - [08/Feb/2024 15:30:57] "[36mGET /static/img/23.jpg HTTP/1.1[0m" 304 -
[2024-02-08 15:31:11,187] INFO in _internal: 127.0.0.1 - - [08/Feb/2024 15:31:11] "GET /escortv2 HTTP/1.1" 200 -
[2024-02-08 15:31:11,211] INFO in _internal: 127.0.0.1 - - [08/Feb/2024 15:31:11] "GET /static/css/escortv2.css HTTP/1.1" 200 -
[2024-02-08 15:31:11,212] INFO in _internal: 127.0.0.1 - - [08/Feb/2024 15:31:11] "[36mGET /static/img/logo.png HTTP/1.1[0m" 304 -
[2024-02-08 15:31:11,213] INFO in _internal: 127.0.0.1 - - [08/Feb/2024 15:31:11] "[36mGET /static/js/escortv2.js HTTP/1.1[0m" 304 -
[2024-02-08 15:31:11,252] INFO in _internal: 127.0.0.1 - - [08/Feb/2024 15:31:11] "[36mGET /static/img/2.jpg HTTP/1.1[0m" 304 -
[2024-02-08 15:31:11,253] INFO in _internal: 127.0.0.1 - - [08/Feb/2024 15:31:11] "[36mGET /static/img/1.jpg HTTP/1.1[0m" 304 -
[2024-02-08 15:31:11,264] INFO in _internal: 127.0.0.1 - - [08/Feb/2024 15:31:11] "[36mGET /static/img/3.jpg HTTP/1.1[0m" 304 -
[2024-02-08 15:31:11,265] INFO in _internal: 127.0.0.1 - - [08/Feb/2024 15:31:11] "[36mGET /static/img/4.jpg HTTP/1.1[0m" 304 -
[2024-02-08 15:31:11,282] INFO in _internal: 127.0.0.1 - - [08/Feb/2024 15:31:11] "[36mGET /static/img/19.jpg HTTP/1.1[0m" 304 -
[2024-02-08 15:31:11,290] INFO in _internal: 127.0.0.1 - - [08/Feb/2024 15:31:11] "[36mGET /static/img/20.jpg HTTP/1.1[0m" 304 -
[2024-02-08 15:31:11,293] INFO in _internal: 127.0.0.1 - - [08/Feb/2024 15:31:11] "[36mGET /static/img/21.jpg HTTP/1.1[0m" 304 -
[2024-02-08 15:31:11,295] INFO in _internal: 127.0.0.1 - - [08/Feb/2024 15:31:11] "[36mGET /static/img/23.jpg HTTP/1.1[0m" 304 -
[2024-02-08 15:31:11,297] INFO in _internal: 127.0.0.1 - - [08/Feb/2024 15:31:11] "[36mGET /static/img/22.jpg HTTP/1.1[0m" 304 -
[2024-02-08 15:32:27,929] INFO in _internal: 127.0.0.1 - - [08/Feb/2024 15:32:27] "GET /escortv2 HTTP/1.1" 200 -
[2024-02-08 15:32:27,954] INFO in _internal: 127.0.0.1 - - [08/Feb/2024 15:32:27] "[36mGET /static/css/escortv2.css HTTP/1.1[0m" 304 -
[2024-02-08 15:32:27,955] INFO in _internal: 127.0.0.1 - - [08/Feb/2024 15:32:27] "[36mGET /static/img/logo.png HTTP/1.1[0m" 304 -
[2024-02-08 15:32:27,956] INFO in _internal: 127.0.0.1 - - [08/Feb/2024 15:32:27] "[36mGET /static/js/escortv2.js HTTP/1.1[0m" 304 -
[2024-02-08 15:32:27,991] INFO in _internal: 127.0.0.1 - - [08/Feb/2024 15:32:27] "[36mGET /static/img/1.jpg HTTP/1.1[0m" 304 -
[2024-02-08 15:32:27,992] INFO in _internal: 127.0.0.1 - - [08/Feb/2024 15:32:27] "[36mGET /static/img/2.jpg HTTP/1.1[0m" 304 -
[2024-02-08 15:32:28,003] INFO in _internal: 127.0.0.1 - - [08/Feb/2024 15:32:28] "[36mGET /static/img/4.jpg HTTP/1.1[0m" 304 -
[2024-02-08 15:32:28,006] INFO in _internal: 127.0.0.1 - - [08/Feb/2024 15:32:28] "[36mGET /static/img/3.jpg HTTP/1.1[0m" 304 -
[2024-02-08 15:32:28,016] INFO in _internal: 127.0.0.1 - - [08/Feb/2024 15:32:28] "[36mGET /static/img/19.jpg HTTP/1.1[0m" 304 -
[2024-02-08 15:32:28,033] INFO in _internal: 127.0.0.1 - - [08/Feb/2024 15:32:28] "[36mGET /static/img/20.jpg HTTP/1.1[0m" 304 -
[2024-02-08 15:32:28,040] INFO in _internal: 127.0.0.1 - - [08/Feb/2024 15:32:28] "[36mGET /static/img/21.jpg HTTP/1.1[0m" 304 -
[2024-02-08 15:32:28,042] INFO in _internal: 127.0.0.1 - - [08/Feb/2024 15:32:28] "[36mGET /static/img/22.jpg HTTP/1.1[0m" 304 -
[2024-02-08 15:32:28,050] INFO in _internal: 127.0.0.1 - - [08/Feb/2024 15:32:28] "[36mGET /static/img/23.jpg HTTP/1.1[0m" 304 -
[2024-02-08 15:32:36,881] INFO in _internal: 127.0.0.1 - - [08/Feb/2024 15:32:36] "GET /escortv2 HTTP/1.1" 200 -
[2024-02-08 15:32:36,899] INFO in _internal: 127.0.0.1 - - [08/Feb/2024 15:32:36] "[36mGET /static/css/escortv2.css HTTP/1.1[0m" 304 -
[2024-02-08 15:32:36,901] INFO in _internal: 127.0.0.1 - - [08/Feb/2024 15:32:36] "[36mGET /static/img/logo.png HTTP/1.1[0m" 304 -
[2024-02-08 15:32:36,904] INFO in _internal: 127.0.0.1 - - [08/Feb/2024 15:32:36] "[36mGET /static/js/escortv2.js HTTP/1.1[0m" 304 -
[2024-02-08 15:32:36,970] INFO in _internal: 127.0.0.1 - - [08/Feb/2024 15:32:36] "[36mGET /static/img/1.jpg HTTP/1.1[0m" 304 -
[2024-02-08 15:32:36,979] INFO in _internal: 127.0.0.1 - - [08/Feb/2024 15:32:36] "[36mGET /static/img/2.jpg HTTP/1.1[0m" 304 -
[2024-02-08 15:32:36,980] INFO in _internal: 127.0.0.1 - - [08/Feb/2024 15:32:36] "[36mGET /static/img/3.jpg HTTP/1.1[0m" 304 -
[2024-02-08 15:32:36,988] INFO in _internal: 127.0.0.1 - - [08/Feb/2024 15:32:36] "[36mGET /static/img/4.jpg HTTP/1.1[0m" 304 -
[2024-02-08 15:32:36,996] INFO in _internal: 127.0.0.1 - - [08/Feb/2024 15:32:36] "[36mGET /static/img/19.jpg HTTP/1.1[0m" 304 -
[2024-02-08 15:32:37,000] INFO in _internal: 127.0.0.1 - - [08/Feb/2024 15:32:37] "[36mGET /static/img/20.jpg HTTP/1.1[0m" 304 -
[2024-02-08 15:32:37,003] INFO in _internal: 127.0.0.1 - - [08/Feb/2024 15:32:37] "[36mGET /static/img/21.jpg HTTP/1.1[0m" 304 -
[2024-02-08 15:32:37,010] INFO in _internal: 127.0.0.1 - - [08/Feb/2024 15:32:37] "[36mGET /static/img/22.jpg HTTP/1.1[0m" 304 -
[2024-02-08 15:32:37,013] INFO in _internal: 127.0.0.1 - - [08/Feb/2024 15:32:37] "[36mGET /static/img/23.jpg HTTP/1.1[0m" 304 -
[2024-02-08 15:33:02,048] INFO in _internal: 127.0.0.1 - - [08/Feb/2024 15:33:02] "GET /escortv2 HTTP/1.1" 200 -
[2024-02-08 15:33:02,075] INFO in _internal: 127.0.0.1 - - [08/Feb/2024 15:33:02] "GET /static/css/escortv2.css HTTP/1.1" 200 -
[2024-02-08 15:33:02,077] INFO in _internal: 127.0.0.1 - - [08/Feb/2024 15:33:02] "[36mGET /static/img/logo.png HTTP/1.1[0m" 304 -
[2024-02-08 15:33:02,077] INFO in _internal: 127.0.0.1 - - [08/Feb/2024 15:33:02] "[36mGET /static/js/escortv2.js HTTP/1.1[0m" 304 -
[2024-02-08 15:33:02,115] INFO in _internal: 127.0.0.1 - - [08/Feb/2024 15:33:02] "[36mGET /static/img/1.jpg HTTP/1.1[0m" 304 -
[2024-02-08 15:33:02,117] INFO in _internal: 127.0.0.1 - - [08/Feb/2024 15:33:02] "[36mGET /static/img/2.jpg HTTP/1.1[0m" 304 -
[2024-02-08 15:33:02,127] INFO in _internal: 127.0.0.1 - - [08/Feb/2024 15:33:02] "[36mGET /static/img/3.jpg HTTP/1.1[0m" 304 -
[2024-02-08 15:33:02,133] INFO in _internal: 127.0.0.1 - - [08/Feb/2024 15:33:02] "[36mGET /static/img/4.jpg HTTP/1.1[0m" 304 -
[2024-02-08 15:33:02,155] INFO in _internal: 127.0.0.1 - - [08/Feb/2024 15:33:02] "[36mGET /static/img/19.jpg HTTP/1.1[0m" 304 -
[2024-02-08 15:33:02,157] INFO in _internal: 127.0.0.1 - - [08/Feb/2024 15:33:02] "[36mGET /static/img/20.jpg HTTP/1.1[0m" 304 -
[2024-02-08 15:33:02,158] INFO in _internal: 127.0.0.1 - - [08/Feb/2024 15:33:02] "[36mGET /static/img/21.jpg HTTP/1.1[0m" 304 -
[2024-02-08 15:33:02,161] INFO in _internal: 127.0.0.1 - - [08/Feb/2024 15:33:02] "[36mGET /static/img/22.jpg HTTP/1.1[0m" 304 -
[2024-02-08 15:33:02,163] INFO in _internal: 127.0.0.1 - - [08/Feb/2024 15:33:02] "[36mGET /static/img/23.jpg HTTP/1.1[0m" 304 -
[2024-02-08 15:33:59,629] INFO in _internal: 127.0.0.1 - - [08/Feb/2024 15:33:59] "GET /escortv2 HTTP/1.1" 200 -
[2024-02-08 15:33:59,653] INFO in _internal: 127.0.0.1 - - [08/Feb/2024 15:33:59] "GET /static/css/escortv2.css HTTP/1.1" 200 -
[2024-02-08 15:33:59,654] INFO in _internal: 127.0.0.1 - - [08/Feb/2024 15:33:59] "[36mGET /static/img/logo.png HTTP/1.1[0m" 304 -
[2024-02-08 15:33:59,654] INFO in _internal: 127.0.0.1 - - [08/Feb/2024 15:33:59] "[36mGET /static/js/escortv2.js HTTP/1.1[0m" 304 -
[2024-02-08 15:33:59,724] INFO in _internal: 127.0.0.1 - - [08/Feb/2024 15:33:59] "[36mGET /static/img/1.jpg HTTP/1.1[0m" 304 -
[2024-02-08 15:33:59,734] INFO in _internal: 127.0.0.1 - - [08/Feb/2024 15:33:59] "[36mGET /static/img/2.jpg HTTP/1.1[0m" 304 -
[2024-02-08 15:33:59,736] INFO in _internal: 127.0.0.1 - - [08/Feb/2024 15:33:59] "[36mGET /static/img/3.jpg HTTP/1.1[0m" 304 -
[2024-02-08 15:33:59,746] INFO in _internal: 127.0.0.1 - - [08/Feb/2024 15:33:59] "[36mGET /static/img/4.jpg HTTP/1.1[0m" 304 -
[2024-02-08 15:33:59,750] INFO in _internal: 127.0.0.1 - - [08/Feb/2024 15:33:59] "[36mGET /static/img/19.jpg HTTP/1.1[0m" 304 -
[2024-02-08 15:33:59,752] INFO in _internal: 127.0.0.1 - - [08/Feb/2024 15:33:59] "[36mGET /static/img/20.jpg HTTP/1.1[0m" 304 -
[2024-02-08 15:33:59,757] INFO in _internal: 127.0.0.1 - - [08/Feb/2024 15:33:59] "[36mGET /static/img/21.jpg HTTP/1.1[0m" 304 -
[2024-02-08 15:33:59,769] INFO in _internal: 127.0.0.1 - - [08/Feb/2024 15:33:59] "[36mGET /static/img/23.jpg HTTP/1.1[0m" 304 -
[2024-02-08 15:33:59,769] INFO in _internal: 127.0.0.1 - - [08/Feb/2024 15:33:59] "[36mGET /static/img/22.jpg HTTP/1.1[0m" 304 -
[2024-02-08 15:34:33,886] INFO in _internal: 127.0.0.1 - - [08/Feb/2024 15:34:33] "GET /escortv2 HTTP/1.1" 200 -
[2024-02-08 15:34:33,908] INFO in _internal: 127.0.0.1 - - [08/Feb/2024 15:34:33] "GET /static/css/escortv2.css HTTP/1.1" 200 -
[2024-02-08 15:34:33,910] INFO in _internal: 127.0.0.1 - - [08/Feb/2024 15:34:33] "[36mGET /static/img/logo.png HTTP/1.1[0m" 304 -
[2024-02-08 15:34:33,910] INFO in _internal: 127.0.0.1 - - [08/Feb/2024 15:34:33] "[36mGET /static/js/escortv2.js HTTP/1.1[0m" 304 -
[2024-02-08 15:34:33,946] INFO in _internal: 127.0.0.1 - - [08/Feb/2024 15:34:33] "[36mGET /static/img/1.jpg HTTP/1.1[0m" 304 -
[2024-02-08 15:34:33,950] INFO in _internal: 127.0.0.1 - - [08/Feb/2024 15:34:33] "[36mGET /static/img/3.jpg HTTP/1.1[0m" 304 -
[2024-02-08 15:34:33,949] INFO in _internal: 127.0.0.1 - - [08/Feb/2024 15:34:33] "[36mGET /static/img/2.jpg HTTP/1.1[0m" 304 -
[2024-02-08 15:34:33,962] INFO in _internal: 127.0.0.1 - - [08/Feb/2024 15:34:33] "[36mGET /static/img/4.jpg HTTP/1.1[0m" 304 -
[2024-02-08 15:34:33,986] INFO in _internal: 127.0.0.1 - - [08/Feb/2024 15:34:33] "[36mGET /static/img/20.jpg HTTP/1.1[0m" 304 -
[2024-02-08 15:34:33,988] INFO in _internal: 127.0.0.1 - - [08/Feb/2024 15:34:33] "[36mGET /static/img/19.jpg HTTP/1.1[0m" 304 -
[2024-02-08 15:34:33,990] INFO in _internal: 127.0.0.1 - - [08/Feb/2024 15:34:33] "[36mGET /static/img/21.jpg HTTP/1.1[0m" 304 -
[2024-02-08 15:34:33,996] INFO in _internal: 127.0.0.1 - - [08/Feb/2024 15:34:33] "[36mGET /static/img/22.jpg HTTP/1.1[0m" 304 -
[2024-02-08 15:34:34,001] INFO in _internal: 127.0.0.1 - - [08/Feb/2024 15:34:34] "[36mGET /static/img/23.jpg HTTP/1.1[0m" 304 -
[2024-02-08 15:35:12,029] INFO in _internal: 127.0.0.1 - - [08/Feb/2024 15:35:12] "GET /escortv2 HTTP/1.1" 200 -
[2024-02-08 15:35:12,054] INFO in _internal: 127.0.0.1 - - [08/Feb/2024 15:35:12] "[36mGET /static/css/escortv2.css HTTP/1.1[0m" 304 -
[2024-02-08 15:35:12,055] INFO in _internal: 127.0.0.1 - - [08/Feb/2024 15:35:12] "[36mGET /static/img/logo.png HTTP/1.1[0m" 304 -
[2024-02-08 15:35:12,056] INFO in _internal: 127.0.0.1 - - [08/Feb/2024 15:35:12] "[36mGET /static/js/escortv2.js HTTP/1.1[0m" 304 -
[2024-02-08 15:35:12,103] INFO in _internal: 127.0.0.1 - - [08/Feb/2024 15:35:12] "[36mGET /static/img/1.jpg HTTP/1.1[0m" 304 -
[2024-02-08 15:35:12,104] INFO in _internal: 127.0.0.1 - - [08/Feb/2024 15:35:12] "[36mGET /static/img/2.jpg HTTP/1.1[0m" 304 -
[2024-02-08 15:35:12,108] INFO in _internal: 127.0.0.1 - - [08/Feb/2024 15:35:12] "[36mGET /static/img/3.jpg HTTP/1.1[0m" 304 -
[2024-02-08 15:35:12,137] INFO in _internal: 127.0.0.1 - - [08/Feb/2024 15:35:12] "[36mGET /static/img/4.jpg HTTP/1.1[0m" 304 -
[2024-02-08 15:35:12,140] INFO in _internal: 127.0.0.1 - - [08/Feb/2024 15:35:12] "[36mGET /static/img/19.jpg HTTP/1.1[0m" 304 -
[2024-02-08 15:35:12,142] INFO in _internal: 127.0.0.1 - - [08/Feb/2024 15:35:12] "[36mGET /static/img/20.jpg HTTP/1.1[0m" 304 -
[2024-02-08 15:35:12,150] INFO in _internal: 127.0.0.1 - - [08/Feb/2024 15:35:12] "[36mGET /static/img/22.jpg HTTP/1.1[0m" 304 -
[2024-02-08 15:35:12,151] INFO in _internal: 127.0.0.1 - - [08/Feb/2024 15:35:12] "[36mGET /static/img/21.jpg HTTP/1.1[0m" 304 -
[2024-02-08 15:35:12,160] INFO in _internal: 127.0.0.1 - - [08/Feb/2024 15:35:12] "[36mGET /static/img/23.jpg HTTP/1.1[0m" 304 -
[2024-02-08 15:35:55,393] INFO in _internal: 127.0.0.1 - - [08/Feb/2024 15:35:55] "GET /escortv2 HTTP/1.1" 200 -
[2024-02-08 15:35:55,418] INFO in _internal: 127.0.0.1 - - [08/Feb/2024 15:35:55] "[36mGET /static/css/escortv2.css HTTP/1.1[0m" 304 -
[2024-02-08 15:35:55,418] INFO in _internal: 127.0.0.1 - - [08/Feb/2024 15:35:55] "[36mGET /static/img/logo.png HTTP/1.1[0m" 304 -
[2024-02-08 15:35:55,419] INFO in _internal: 127.0.0.1 - - [08/Feb/2024 15:35:55] "[36mGET /static/js/escortv2.js HTTP/1.1[0m" 304 -
[2024-02-08 15:35:55,461] INFO in _internal: 127.0.0.1 - - [08/Feb/2024 15:35:55] "[36mGET /static/img/1.jpg HTTP/1.1[0m" 304 -
[2024-02-08 15:35:55,462] INFO in _internal: 127.0.0.1 - - [08/Feb/2024 15:35:55] "[36mGET /static/img/2.jpg HTTP/1.1[0m" 304 -
[2024-02-08 15:35:55,468] INFO in _internal: 127.0.0.1 - - [08/Feb/2024 15:35:55] "[36mGET /static/img/3.jpg HTTP/1.1[0m" 304 -
[2024-02-08 15:35:55,476] INFO in _internal: 127.0.0.1 - - [08/Feb/2024 15:35:55] "[36mGET /static/img/4.jpg HTTP/1.1[0m" 304 -
[2024-02-08 15:35:55,498] INFO in _internal: 127.0.0.1 - - [08/Feb/2024 15:35:55] "[36mGET /static/img/19.jpg HTTP/1.1[0m" 304 -
[2024-02-08 15:35:55,499] INFO in _internal: 127.0.0.1 - - [08/Feb/2024 15:35:55] "[36mGET /static/img/20.jpg HTTP/1.1[0m" 304 -
[2024-02-08 15:35:55,507] INFO in _internal: 127.0.0.1 - - [08/Feb/2024 15:35:55] "[36mGET /static/img/21.jpg HTTP/1.1[0m" 304 -
[2024-02-08 15:35:55,509] INFO in _internal: 127.0.0.1 - - [08/Feb/2024 15:35:55] "[36mGET /static/img/23.jpg HTTP/1.1[0m" 304 -
[2024-02-08 15:35:55,510] INFO in _internal: 127.0.0.1 - - [08/Feb/2024 15:35:55] "[36mGET /static/img/22.jpg HTTP/1.1[0m" 304 -
[2024-02-08 15:36:11,753] INFO in _internal: 127.0.0.1 - - [08/Feb/2024 15:36:11] "GET /escortv2 HTTP/1.1" 200 -
[2024-02-08 15:36:11,776] INFO in _internal: 127.0.0.1 - - [08/Feb/2024 15:36:11] "[36mGET /static/css/escortv2.css HTTP/1.1[0m" 304 -
[2024-02-08 15:36:11,777] INFO in _internal: 127.0.0.1 - - [08/Feb/2024 15:36:11] "[36mGET /static/img/logo.png HTTP/1.1[0m" 304 -
[2024-02-08 15:36:11,778] INFO in _internal: 127.0.0.1 - - [08/Feb/2024 15:36:11] "[36mGET /static/js/escortv2.js HTTP/1.1[0m" 304 -
[2024-02-08 15:36:11,815] INFO in _internal: 127.0.0.1 - - [08/Feb/2024 15:36:11] "[36mGET /static/img/2.jpg HTTP/1.1[0m" 304 -
[2024-02-08 15:36:11,815] INFO in _internal: 127.0.0.1 - - [08/Feb/2024 15:36:11] "[36mGET /static/img/1.jpg HTTP/1.1[0m" 304 -
[2024-02-08 15:36:11,820] INFO in _internal: 127.0.0.1 - - [08/Feb/2024 15:36:11] "[36mGET /static/img/4.jpg HTTP/1.1[0m" 304 -
[2024-02-08 15:36:11,824] INFO in _internal: 127.0.0.1 - - [08/Feb/2024 15:36:11] "[36mGET /static/img/3.jpg HTTP/1.1[0m" 304 -
[2024-02-08 15:36:11,834] INFO in _internal: 127.0.0.1 - - [08/Feb/2024 15:36:11] "[36mGET /static/img/19.jpg HTTP/1.1[0m" 304 -
[2024-02-08 15:36:11,859] INFO in _internal: 127.0.0.1 - - [08/Feb/2024 15:36:11] "[36mGET /static/img/21.jpg HTTP/1.1[0m" 304 -
[2024-02-08 15:36:11,860] INFO in _internal: 127.0.0.1 - - [08/Feb/2024 15:36:11] "[36mGET /static/img/20.jpg HTTP/1.1[0m" 304 -
[2024-02-08 15:36:11,864] INFO in _internal: 127.0.0.1 - - [08/Feb/2024 15:36:11] "[36mGET /static/img/22.jpg HTTP/1.1[0m" 304 -
[2024-02-08 15:36:11,866] INFO in _internal: 127.0.0.1 - - [08/Feb/2024 15:36:11] "[36mGET /static/img/23.jpg HTTP/1.1[0m" 304 -
[2024-02-08 15:39:19,909] INFO in _internal: 127.0.0.1 - - [08/Feb/2024 15:39:19] "GET /escortv2 HTTP/1.1" 200 -
[2024-02-08 15:39:19,931] INFO in _internal: 127.0.0.1 - - [08/Feb/2024 15:39:19] "GET /static/css/escortv2.css HTTP/1.1" 200 -
[2024-02-08 15:39:19,934] INFO in _internal: 127.0.0.1 - - [08/Feb/2024 15:39:19] "[36mGET /static/img/logo.png HTTP/1.1[0m" 304 -
[2024-02-08 15:39:19,935] INFO in _internal: 127.0.0.1 - - [08/Feb/2024 15:39:19] "[36mGET /static/js/escortv2.js HTTP/1.1[0m" 304 -
[2024-02-08 15:39:20,006] INFO in _internal: 127.0.0.1 - - [08/Feb/2024 15:39:20] "[36mGET /static/img/1.jpg HTTP/1.1[0m" 304 -
[2024-02-08 15:39:20,027] INFO in _internal: 127.0.0.1 - - [08/Feb/2024 15:39:20] "[36mGET /static/img/2.jpg HTTP/1.1[0m" 304 -
[2024-02-08 15:39:20,028] INFO in _internal: 127.0.0.1 - - [08/Feb/2024 15:39:20] "[36mGET /static/img/3.jpg HTTP/1.1[0m" 304 -
[2024-02-08 15:39:20,034] INFO in _internal: 127.0.0.1 - - [08/Feb/2024 15:39:20] "[36mGET /static/img/4.jpg HTTP/1.1[0m" 304 -
[2024-02-08 15:39:20,035] INFO in _internal: 127.0.0.1 - - [08/Feb/2024 15:39:20] "[36mGET /static/img/19.jpg HTTP/1.1[0m" 304 -
[2024-02-08 15:39:20,038] INFO in _internal: 127.0.0.1 - - [08/Feb/2024 15:39:20] "[36mGET /static/img/20.jpg HTTP/1.1[0m" 304 -
[2024-02-08 15:39:20,044] INFO in _internal: 127.0.0.1 - - [08/Feb/2024 15:39:20] "[36mGET /static/img/21.jpg HTTP/1.1[0m" 304 -
[2024-02-08 15:39:20,049] INFO in _internal: 127.0.0.1 - - [08/Feb/2024 15:39:20] "[36mGET /static/img/22.jpg HTTP/1.1[0m" 304 -
[2024-02-08 15:39:20,052] INFO in _internal: 127.0.0.1 - - [08/Feb/2024 15:39:20] "[36mGET /static/img/23.jpg HTTP/1.1[0m" 304 -
[2024-02-08 15:39:30,444] INFO in _internal: 127.0.0.1 - - [08/Feb/2024 15:39:30] "GET /escortv2 HTTP/1.1" 200 -
[2024-02-08 15:39:30,462] INFO in _internal: 127.0.0.1 - - [08/Feb/2024 15:39:30] "GET /static/css/escortv2.css HTTP/1.1" 200 -
[2024-02-08 15:39:30,468] INFO in _internal: 127.0.0.1 - - [08/Feb/2024 15:39:30] "[36mGET /static/img/logo.png HTTP/1.1[0m" 304 -
[2024-02-08 15:39:30,469] INFO in _internal: 127.0.0.1 - - [08/Feb/2024 15:39:30] "[36mGET /static/js/escortv2.js HTTP/1.1[0m" 304 -
[2024-02-08 15:39:30,530] INFO in _internal: 127.0.0.1 - - [08/Feb/2024 15:39:30] "[36mGET /static/img/1.jpg HTTP/1.1[0m" 304 -
[2024-02-08 15:39:30,541] INFO in _internal: 127.0.0.1 - - [08/Feb/2024 15:39:30] "[36mGET /static/img/2.jpg HTTP/1.1[0m" 304 -
[2024-02-08 15:39:30,542] INFO in _internal: 127.0.0.1 - - [08/Feb/2024 15:39:30] "[36mGET /static/img/3.jpg HTTP/1.1[0m" 304 -
[2024-02-08 15:39:30,550] INFO in _internal: 127.0.0.1 - - [08/Feb/2024 15:39:30] "[36mGET /static/img/4.jpg HTTP/1.1[0m" 304 -
[2024-02-08 15:39:30,558] INFO in _internal: 127.0.0.1 - - [08/Feb/2024 15:39:30] "[36mGET /static/img/19.jpg HTTP/1.1[0m" 304 -
[2024-02-08 15:39:30,569] INFO in _internal: 127.0.0.1 - - [08/Feb/2024 15:39:30] "[36mGET /static/img/21.jpg HTTP/1.1[0m" 304 -
[2024-02-08 15:39:30,570] INFO in _internal: 127.0.0.1 - - [08/Feb/2024 15:39:30] "[36mGET /static/img/20.jpg HTTP/1.1[0m" 304 -
[2024-02-08 15:39:30,574] INFO in _internal: 127.0.0.1 - - [08/Feb/2024 15:39:30] "[36mGET /static/img/22.jpg HTTP/1.1[0m" 304 -
[2024-02-08 15:39:30,579] INFO in _internal: 127.0.0.1 - - [08/Feb/2024 15:39:30] "[36mGET /static/img/23.jpg HTTP/1.1[0m" 304 -
[2024-02-08 15:39:49,349] INFO in _internal: 127.0.0.1 - - [08/Feb/2024 15:39:49] "GET /escortv2 HTTP/1.1" 200 -
[2024-02-08 15:39:49,373] INFO in _internal: 127.0.0.1 - - [08/Feb/2024 15:39:49] "[36mGET /static/css/escortv2.css HTTP/1.1[0m" 304 -
[2024-02-08 15:39:49,375] INFO in _internal: 127.0.0.1 - - [08/Feb/2024 15:39:49] "[36mGET /static/img/logo.png HTTP/1.1[0m" 304 -
[2024-02-08 15:39:49,376] INFO in _internal: 127.0.0.1 - - [08/Feb/2024 15:39:49] "[36mGET /static/js/escortv2.js HTTP/1.1[0m" 304 -
[2024-02-08 15:39:49,445] INFO in _internal: 127.0.0.1 - - [08/Feb/2024 15:39:49] "[36mGET /static/img/1.jpg HTTP/1.1[0m" 304 -
[2024-02-08 15:39:49,456] INFO in _internal: 127.0.0.1 - - [08/Feb/2024 15:39:49] "[36mGET /static/img/2.jpg HTTP/1.1[0m" 304 -
[2024-02-08 15:39:49,464] INFO in _internal: 127.0.0.1 - - [08/Feb/2024 15:39:49] "[36mGET /static/img/3.jpg HTTP/1.1[0m" 304 -
[2024-02-08 15:39:49,465] INFO in _internal: 127.0.0.1 - - [08/Feb/2024 15:39:49] "[36mGET /static/img/4.jpg HTTP/1.1[0m" 304 -
[2024-02-08 15:39:49,478] INFO in _internal: 127.0.0.1 - - [08/Feb/2024 15:39:49] "[36mGET /static/img/19.jpg HTTP/1.1[0m" 304 -
[2024-02-08 15:39:49,479] INFO in _internal: 127.0.0.1 - - [08/Feb/2024 15:39:49] "[36mGET /static/img/20.jpg HTTP/1.1[0m" 304 -
[2024-02-08 15:39:49,481] INFO in _internal: 127.0.0.1 - - [08/Feb/2024 15:39:49] "[36mGET /static/img/21.jpg HTTP/1.1[0m" 304 -
[2024-02-08 15:39:49,492] INFO in _internal: 127.0.0.1 - - [08/Feb/2024 15:39:49] "[36mGET /static/img/22.jpg HTTP/1.1[0m" 304 -
[2024-02-08 15:39:49,494] INFO in _internal: 127.0.0.1 - - [08/Feb/2024 15:39:49] "[36mGET /static/img/23.jpg HTTP/1.1[0m" 304 -
[2024-02-08 15:40:55,184] INFO in _internal: 127.0.0.1 - - [08/Feb/2024 15:40:55] "GET /escortv2 HTTP/1.1" 200 -
[2024-02-08 15:40:55,209] INFO in _internal: 127.0.0.1 - - [08/Feb/2024 15:40:55] "GET /static/css/escortv2.css HTTP/1.1" 200 -
[2024-02-08 15:40:55,210] INFO in _internal: 127.0.0.1 - - [08/Feb/2024 15:40:55] "[36mGET /static/img/logo.png HTTP/1.1[0m" 304 -
[2024-02-08 15:40:55,211] INFO in _internal: 127.0.0.1 - - [08/Feb/2024 15:40:55] "[36mGET /static/js/escortv2.js HTTP/1.1[0m" 304 -
[2024-02-08 15:40:55,245] INFO in _internal: 127.0.0.1 - - [08/Feb/2024 15:40:55] "[36mGET /static/img/1.jpg HTTP/1.1[0m" 304 -
[2024-02-08 15:40:55,246] INFO in _internal: 127.0.0.1 - - [08/Feb/2024 15:40:55] "[36mGET /static/img/2.jpg HTTP/1.1[0m" 304 -
[2024-02-08 15:40:55,248] INFO in _internal: 127.0.0.1 - - [08/Feb/2024 15:40:55] "[36mGET /static/img/3.jpg HTTP/1.1[0m" 304 -
[2024-02-08 15:40:55,280] INFO in _internal: 127.0.0.1 - - [08/Feb/2024 15:40:55] "[36mGET /static/img/4.jpg HTTP/1.1[0m" 304 -
[2024-02-08 15:40:55,290] INFO in _internal: 127.0.0.1 - - [08/Feb/2024 15:40:55] "[36mGET /static/img/19.jpg HTTP/1.1[0m" 304 -
[2024-02-08 15:40:55,293] INFO in _internal: 127.0.0.1 - - [08/Feb/2024 15:40:55] "[36mGET /static/img/20.jpg HTTP/1.1[0m" 304 -
[2024-02-08 15:40:55,295] INFO in _internal: 127.0.0.1 - - [08/Feb/2024 15:40:55] "[36mGET /static/img/21.jpg HTTP/1.1[0m" 304 -
[2024-02-08 15:40:55,301] INFO in _internal: 127.0.0.1 - - [08/Feb/2024 15:40:55] "[36mGET /static/img/23.jpg HTTP/1.1[0m" 304 -
[2024-02-08 15:40:55,306] INFO in _internal: 127.0.0.1 - - [08/Feb/2024 15:40:55] "[36mGET /static/img/22.jpg HTTP/1.1[0m" 304 -
[2024-02-08 15:41:00,967] INFO in _internal: 127.0.0.1 - - [08/Feb/2024 15:41:00] "GET /escortv2 HTTP/1.1" 200 -
[2024-02-08 15:41:00,985] INFO in _internal: 127.0.0.1 - - [08/Feb/2024 15:41:00] "GET /static/css/escortv2.css HTTP/1.1" 200 -
[2024-02-08 15:41:00,989] INFO in _internal: 127.0.0.1 - - [08/Feb/2024 15:41:00] "[36mGET /static/js/escortv2.js HTTP/1.1[0m" 304 -
[2024-02-08 15:41:00,989] INFO in _internal: 127.0.0.1 - - [08/Feb/2024 15:41:00] "[36mGET /static/img/logo.png HTTP/1.1[0m" 304 -
[2024-02-08 15:41:01,023] INFO in _internal: 127.0.0.1 - - [08/Feb/2024 15:41:01] "[36mGET /static/img/1.jpg HTTP/1.1[0m" 304 -
[2024-02-08 15:41:01,025] INFO in _internal: 127.0.0.1 - - [08/Feb/2024 15:41:01] "[36mGET /static/img/2.jpg HTTP/1.1[0m" 304 -
[2024-02-08 15:41:01,043] INFO in _internal: 127.0.0.1 - - [08/Feb/2024 15:41:01] "[36mGET /static/img/3.jpg HTTP/1.1[0m" 304 -
[2024-02-08 15:41:01,045] INFO in _internal: 127.0.0.1 - - [08/Feb/2024 15:41:01] "[36mGET /static/img/4.jpg HTTP/1.1[0m" 304 -
[2024-02-08 15:41:01,052] INFO in _internal: 127.0.0.1 - - [08/Feb/2024 15:41:01] "[36mGET /static/img/19.jpg HTTP/1.1[0m" 304 -
[2024-02-08 15:41:01,056] INFO in _internal: 127.0.0.1 - - [08/Feb/2024 15:41:01] "[36mGET /static/img/20.jpg HTTP/1.1[0m" 304 -
[2024-02-08 15:41:01,061] INFO in _internal: 127.0.0.1 - - [08/Feb/2024 15:41:01] "[36mGET /static/img/21.jpg HTTP/1.1[0m" 304 -
[2024-02-08 15:41:01,065] INFO in _internal: 127.0.0.1 - - [08/Feb/2024 15:41:01] "[36mGET /static/img/22.jpg HTTP/1.1[0m" 304 -
[2024-02-08 15:41:01,066] INFO in _internal: 127.0.0.1 - - [08/Feb/2024 15:41:01] "[36mGET /static/img/23.jpg HTTP/1.1[0m" 304 -
[2024-02-08 15:41:10,383] INFO in _internal: 127.0.0.1 - - [08/Feb/2024 15:41:10] "GET /escortv2 HTTP/1.1" 200 -
[2024-02-08 15:41:10,402] INFO in _internal: 127.0.0.1 - - [08/Feb/2024 15:41:10] "[36mGET /static/img/logo.png HTTP/1.1[0m" 304 -
[2024-02-08 15:41:10,403] INFO in _internal: 127.0.0.1 - - [08/Feb/2024 15:41:10] "GET /static/css/escortv2.css HTTP/1.1" 200 -
[2024-02-08 15:41:10,403] INFO in _internal: 127.0.0.1 - - [08/Feb/2024 15:41:10] "[36mGET /static/js/escortv2.js HTTP/1.1[0m" 304 -
[2024-02-08 15:41:10,470] INFO in _internal: 127.0.0.1 - - [08/Feb/2024 15:41:10] "[36mGET /static/img/1.jpg HTTP/1.1[0m" 304 -
[2024-02-08 15:41:10,480] INFO in _internal: 127.0.0.1 - - [08/Feb/2024 15:41:10] "[36mGET /static/img/2.jpg HTTP/1.1[0m" 304 -
[2024-02-08 15:41:10,482] INFO in _internal: 127.0.0.1 - - [08/Feb/2024 15:41:10] "[36mGET /static/img/3.jpg HTTP/1.1[0m" 304 -
[2024-02-08 15:41:10,485] INFO in _internal: 127.0.0.1 - - [08/Feb/2024 15:41:10] "[36mGET /static/img/4.jpg HTTP/1.1[0m" 304 -
[2024-02-08 15:41:10,488] INFO in _internal: 127.0.0.1 - - [08/Feb/2024 15:41:10] "[36mGET /static/img/19.jpg HTTP/1.1[0m" 304 -
[2024-02-08 15:41:10,494] INFO in _internal: 127.0.0.1 - - [08/Feb/2024 15:41:10] "[36mGET /static/img/20.jpg HTTP/1.1[0m" 304 -
[2024-02-08 15:41:10,498] INFO in _internal: 127.0.0.1 - - [08/Feb/2024 15:41:10] "[36mGET /static/img/21.jpg HTTP/1.1[0m" 304 -
[2024-02-08 15:41:10,503] INFO in _internal: 127.0.0.1 - - [08/Feb/2024 15:41:10] "[36mGET /static/img/22.jpg HTTP/1.1[0m" 304 -
[2024-02-08 15:41:10,515] INFO in _internal: 127.0.0.1 - - [08/Feb/2024 15:41:10] "[36mGET /static/img/23.jpg HTTP/1.1[0m" 304 -
[2024-02-08 15:41:35,849] INFO in _internal: 127.0.0.1 - - [08/Feb/2024 15:41:35] "GET /escortv2 HTTP/1.1" 200 -
[2024-02-08 15:41:35,910] INFO in _internal: 127.0.0.1 - - [08/Feb/2024 15:41:35] "[36mGET /static/css/escortv2.css HTTP/1.1[0m" 304 -
[2024-02-08 15:41:35,911] INFO in _internal: 127.0.0.1 - - [08/Feb/2024 15:41:35] "[36mGET /static/img/logo.png HTTP/1.1[0m" 304 -
[2024-02-08 15:41:35,915] INFO in _internal: 127.0.0.1 - - [08/Feb/2024 15:41:35] "[36mGET /static/js/escortv2.js HTTP/1.1[0m" 304 -
[2024-02-08 15:41:35,965] INFO in _internal: 127.0.0.1 - - [08/Feb/2024 15:41:35] "[36mGET /static/img/1.jpg HTTP/1.1[0m" 304 -
[2024-02-08 15:41:35,974] INFO in _internal: 127.0.0.1 - - [08/Feb/2024 15:41:35] "[36mGET /static/img/2.jpg HTTP/1.1[0m" 304 -
[2024-02-08 15:41:35,986] INFO in _internal: 127.0.0.1 - - [08/Feb/2024 15:41:35] "[36mGET /static/img/3.jpg HTTP/1.1[0m" 304 -
[2024-02-08 15:41:35,989] INFO in _internal: 127.0.0.1 - - [08/Feb/2024 15:41:35] "[36mGET /static/img/4.jpg HTTP/1.1[0m" 304 -
[2024-02-08 15:41:35,996] INFO in _internal: 127.0.0.1 - - [08/Feb/2024 15:41:35] "[36mGET /static/img/20.jpg HTTP/1.1[0m" 304 -
[2024-02-08 15:41:35,996] INFO in _internal: 127.0.0.1 - - [08/Feb/2024 15:41:35] "[36mGET /static/img/19.jpg HTTP/1.1[0m" 304 -
[2024-02-08 15:41:36,000] INFO in _internal: 127.0.0.1 - - [08/Feb/2024 15:41:35] "[36mGET /static/img/21.jpg HTTP/1.1[0m" 304 -
[2024-02-08 15:41:36,007] INFO in _internal: 127.0.0.1 - - [08/Feb/2024 15:41:36] "[36mGET /static/img/22.jpg HTTP/1.1[0m" 304 -
[2024-02-08 15:41:36,015] INFO in _internal: 127.0.0.1 - - [08/Feb/2024 15:41:36] "[36mGET /static/img/23.jpg HTTP/1.1[0m" 304 -
[2024-02-08 15:41:45,783] INFO in _internal: 127.0.0.1 - - [08/Feb/2024 15:41:45] "GET /escortv2 HTTP/1.1" 200 -
[2024-02-08 15:41:45,803] INFO in _internal: 127.0.0.1 - - [08/Feb/2024 15:41:45] "GET /static/css/escortv2.css HTTP/1.1" 200 -
[2024-02-08 15:41:45,804] INFO in _internal: 127.0.0.1 - - [08/Feb/2024 15:41:45] "[36mGET /static/img/logo.png HTTP/1.1[0m" 304 -
[2024-02-08 15:41:45,805] INFO in _internal: 127.0.0.1 - - [08/Feb/2024 15:41:45] "[36mGET /static/js/escortv2.js HTTP/1.1[0m" 304 -
[2024-02-08 15:41:45,841] INFO in _internal: 127.0.0.1 - - [08/Feb/2024 15:41:45] "[36mGET /static/img/1.jpg HTTP/1.1[0m" 304 -
[2024-02-08 15:41:45,842] INFO in _internal: 127.0.0.1 - - [08/Feb/2024 15:41:45] "[36mGET /static/img/4.jpg HTTP/1.1[0m" 304 -
[2024-02-08 15:41:45,842] INFO in _internal: 127.0.0.1 - - [08/Feb/2024 15:41:45] "[36mGET /static/img/3.jpg HTTP/1.1[0m" 304 -
[2024-02-08 15:41:45,844] INFO in _internal: 127.0.0.1 - - [08/Feb/2024 15:41:45] "[36mGET /static/img/2.jpg HTTP/1.1[0m" 304 -
[2024-02-08 15:41:45,848] INFO in _internal: 127.0.0.1 - - [08/Feb/2024 15:41:45] "[36mGET /static/img/19.jpg HTTP/1.1[0m" 304 -
[2024-02-08 15:41:45,855] INFO in _internal: 127.0.0.1 - - [08/Feb/2024 15:41:45] "[36mGET /static/img/20.jpg HTTP/1.1[0m" 304 -
[2024-02-08 15:41:45,880] INFO in _internal: 127.0.0.1 - - [08/Feb/2024 15:41:45] "[36mGET /static/img/22.jpg HTTP/1.1[0m" 304 -
[2024-02-08 15:41:45,881] INFO in _internal: 127.0.0.1 - - [08/Feb/2024 15:41:45] "[36mGET /static/img/21.jpg HTTP/1.1[0m" 304 -
[2024-02-08 15:41:45,884] INFO in _internal: 127.0.0.1 - - [08/Feb/2024 15:41:45] "[36mGET /static/img/23.jpg HTTP/1.1[0m" 304 -
[2024-02-08 15:42:02,855] INFO in _internal: 127.0.0.1 - - [08/Feb/2024 15:42:02] "GET /escortv2 HTTP/1.1" 200 -
[2024-02-08 15:42:02,880] INFO in _internal: 127.0.0.1 - - [08/Feb/2024 15:42:02] "GET /static/css/escortv2.css HTTP/1.1" 200 -
[2024-02-08 15:42:02,881] INFO in _internal: 127.0.0.1 - - [08/Feb/2024 15:42:02] "[36mGET /static/img/logo.png HTTP/1.1[0m" 304 -
[2024-02-08 15:42:02,882] INFO in _internal: 127.0.0.1 - - [08/Feb/2024 15:42:02] "[36mGET /static/js/escortv2.js HTTP/1.1[0m" 304 -
[2024-02-08 15:42:02,917] INFO in _internal: 127.0.0.1 - - [08/Feb/2024 15:42:02] "[36mGET /static/img/1.jpg HTTP/1.1[0m" 304 -
[2024-02-08 15:42:02,918] INFO in _internal: 127.0.0.1 - - [08/Feb/2024 15:42:02] "[36mGET /static/img/2.jpg HTTP/1.1[0m" 304 -
[2024-02-08 15:42:02,918] INFO in _internal: 127.0.0.1 - - [08/Feb/2024 15:42:02] "[36mGET /static/img/3.jpg HTTP/1.1[0m" 304 -
[2024-02-08 15:42:02,944] INFO in _internal: 127.0.0.1 - - [08/Feb/2024 15:42:02] "[36mGET /static/img/4.jpg HTTP/1.1[0m" 304 -
[2024-02-08 15:42:02,949] INFO in _internal: 127.0.0.1 - - [08/Feb/2024 15:42:02] "[36mGET /static/img/19.jpg HTTP/1.1[0m" 304 -
[2024-02-08 15:42:02,951] INFO in _internal: 127.0.0.1 - - [08/Feb/2024 15:42:02] "[36mGET /static/img/20.jpg HTTP/1.1[0m" 304 -
[2024-02-08 15:42:02,963] INFO in _internal: 127.0.0.1 - - [08/Feb/2024 15:42:02] "[36mGET /static/img/21.jpg HTTP/1.1[0m" 304 -
[2024-02-08 15:42:02,964] INFO in _internal: 127.0.0.1 - - [08/Feb/2024 15:42:02] "[36mGET /static/img/22.jpg HTTP/1.1[0m" 304 -
[2024-02-08 15:42:02,965] INFO in _internal: 127.0.0.1 - - [08/Feb/2024 15:42:02] "[36mGET /static/img/23.jpg HTTP/1.1[0m" 304 -
[2024-02-08 15:42:13,873] INFO in _internal: 127.0.0.1 - - [08/Feb/2024 15:42:13] "GET /escortv2 HTTP/1.1" 200 -
[2024-02-08 15:42:13,892] INFO in _internal: 127.0.0.1 - - [08/Feb/2024 15:42:13] "[36mGET /static/img/logo.png HTTP/1.1[0m" 304 -
[2024-02-08 15:42:13,893] INFO in _internal: 127.0.0.1 - - [08/Feb/2024 15:42:13] "GET /static/css/escortv2.css HTTP/1.1" 200 -
[2024-02-08 15:42:13,895] INFO in _internal: 127.0.0.1 - - [08/Feb/2024 15:42:13] "[36mGET /static/js/escortv2.js HTTP/1.1[0m" 304 -
[2024-02-08 15:42:13,957] INFO in _internal: 127.0.0.1 - - [08/Feb/2024 15:42:13] "[36mGET /static/img/1.jpg HTTP/1.1[0m" 304 -
[2024-02-08 15:42:13,964] INFO in _internal: 127.0.0.1 - - [08/Feb/2024 15:42:13] "[36mGET /static/img/2.jpg HTTP/1.1[0m" 304 -
[2024-02-08 15:42:13,967] INFO in _internal: 127.0.0.1 - - [08/Feb/2024 15:42:13] "[36mGET /static/img/3.jpg HTTP/1.1[0m" 304 -
[2024-02-08 15:42:13,970] INFO in _internal: 127.0.0.1 - - [08/Feb/2024 15:42:13] "[36mGET /static/img/4.jpg HTTP/1.1[0m" 304 -
[2024-02-08 15:42:13,978] INFO in _internal: 127.0.0.1 - - [08/Feb/2024 15:42:13] "[36mGET /static/img/20.jpg HTTP/1.1[0m" 304 -
[2024-02-08 15:42:13,979] INFO in _internal: 127.0.0.1 - - [08/Feb/2024 15:42:13] "[36mGET /static/img/19.jpg HTTP/1.1[0m" 304 -
[2024-02-08 15:42:13,986] INFO in _internal: 127.0.0.1 - - [08/Feb/2024 15:42:13] "[36mGET /static/img/21.jpg HTTP/1.1[0m" 304 -
[2024-02-08 15:42:13,989] INFO in _internal: 127.0.0.1 - - [08/Feb/2024 15:42:13] "[36mGET /static/img/22.jpg HTTP/1.1[0m" 304 -
[2024-02-08 15:42:13,994] INFO in _internal: 127.0.0.1 - - [08/Feb/2024 15:42:13] "[36mGET /static/img/23.jpg HTTP/1.1[0m" 304 -
[2024-02-08 15:42:19,568] INFO in _internal: 127.0.0.1 - - [08/Feb/2024 15:42:19] "GET /escortv2 HTTP/1.1" 200 -
[2024-02-08 15:42:19,586] INFO in _internal: 127.0.0.1 - - [08/Feb/2024 15:42:19] "[36mGET /static/img/logo.png HTTP/1.1[0m" 304 -
[2024-02-08 15:42:19,586] INFO in _internal: 127.0.0.1 - - [08/Feb/2024 15:42:19] "GET /static/css/escortv2.css HTTP/1.1" 200 -
[2024-02-08 15:42:19,590] INFO in _internal: 127.0.0.1 - - [08/Feb/2024 15:42:19] "[36mGET /static/js/escortv2.js HTTP/1.1[0m" 304 -
[2024-02-08 15:42:19,630] INFO in _internal: 127.0.0.1 - - [08/Feb/2024 15:42:19] "[36mGET /static/img/1.jpg HTTP/1.1[0m" 304 -
[2024-02-08 15:42:19,631] INFO in _internal: 127.0.0.1 - - [08/Feb/2024 15:42:19] "[36mGET /static/img/2.jpg HTTP/1.1[0m" 304 -
[2024-02-08 15:42:19,632] INFO in _internal: 127.0.0.1 - - [08/Feb/2024 15:42:19] "[36mGET /static/img/3.jpg HTTP/1.1[0m" 304 -
[2024-02-08 15:42:19,634] INFO in _internal: 127.0.0.1 - - [08/Feb/2024 15:42:19] "[36mGET /static/img/4.jpg HTTP/1.1[0m" 304 -
[2024-02-08 15:42:19,636] INFO in _internal: 127.0.0.1 - - [08/Feb/2024 15:42:19] "[36mGET /static/img/19.jpg HTTP/1.1[0m" 304 -
[2024-02-08 15:42:19,639] INFO in _internal: 127.0.0.1 - - [08/Feb/2024 15:42:19] "[36mGET /static/img/20.jpg HTTP/1.1[0m" 304 -
[2024-02-08 15:42:19,653] INFO in _internal: 127.0.0.1 - - [08/Feb/2024 15:42:19] "[36mGET /static/img/21.jpg HTTP/1.1[0m" 304 -
[2024-02-08 15:42:19,657] INFO in _internal: 127.0.0.1 - - [08/Feb/2024 15:42:19] "[36mGET /static/img/22.jpg HTTP/1.1[0m" 304 -
[2024-02-08 15:42:19,668] INFO in _internal: 127.0.0.1 - - [08/Feb/2024 15:42:19] "[36mGET /static/img/23.jpg HTTP/1.1[0m" 304 -
[2024-02-08 15:47:27,847] INFO in _internal: 127.0.0.1 - - [08/Feb/2024 15:47:27] "GET /escortv2 HTTP/1.1" 200 -
[2024-02-08 15:47:27,869] INFO in _internal: 127.0.0.1 - - [08/Feb/2024 15:47:27] "GET /static/css/escortv2.css HTTP/1.1" 200 -
[2024-02-08 15:47:27,870] INFO in _internal: 127.0.0.1 - - [08/Feb/2024 15:47:27] "[36mGET /static/img/logo.png HTTP/1.1[0m" 304 -
[2024-02-08 15:47:27,871] INFO in _internal: 127.0.0.1 - - [08/Feb/2024 15:47:27] "GET /static/js/escortv2.js HTTP/1.1" 200 -
[2024-02-08 15:47:27,940] INFO in _internal: 127.0.0.1 - - [08/Feb/2024 15:47:27] "[36mGET /static/img/2.jpg HTTP/1.1[0m" 304 -
[2024-02-08 15:47:27,948] INFO in _internal: 127.0.0.1 - - [08/Feb/2024 15:47:27] "[36mGET /static/img/1.jpg HTTP/1.1[0m" 304 -
[2024-02-08 15:47:27,951] INFO in _internal: 127.0.0.1 - - [08/Feb/2024 15:47:27] "[36mGET /static/img/3.jpg HTTP/1.1[0m" 304 -
[2024-02-08 15:47:27,954] INFO in _internal: 127.0.0.1 - - [08/Feb/2024 15:47:27] "[36mGET /static/img/4.jpg HTTP/1.1[0m" 304 -
[2024-02-08 15:47:27,961] INFO in _internal: 127.0.0.1 - - [08/Feb/2024 15:47:27] "[36mGET /static/img/19.jpg HTTP/1.1[0m" 304 -
[2024-02-08 15:47:27,970] INFO in _internal: 127.0.0.1 - - [08/Feb/2024 15:47:27] "[36mGET /static/img/20.jpg HTTP/1.1[0m" 304 -
[2024-02-08 15:47:27,978] INFO in _internal: 127.0.0.1 - - [08/Feb/2024 15:47:27] "[36mGET /static/img/21.jpg HTTP/1.1[0m" 304 -
[2024-02-08 15:47:27,981] INFO in _internal: 127.0.0.1 - - [08/Feb/2024 15:47:27] "[36mGET /static/img/22.jpg HTTP/1.1[0m" 304 -
[2024-02-08 15:47:27,985] INFO in _internal: 127.0.0.1 - - [08/Feb/2024 15:47:27] "[36mGET /static/img/23.jpg HTTP/1.1[0m" 304 -
[2024-02-08 15:53:17,672] INFO in _internal: [31m[1mWARNING: This is a development server. Do not use it in a production deployment. Use a production WSGI server instead.[0m
 * Running on http://127.0.0.1:5000
[2024-02-08 15:53:17,672] INFO in _internal: [33mPress CTRL+C to quit[0m
[2024-02-08 15:53:17,696] INFO in _internal:  * Restarting with watchdog (windowsapi)
[2024-02-08 15:53:18,369] WARNING in _internal:  * Debugger is active!
[2024-02-08 15:53:18,383] INFO in _internal:  * Debugger PIN: 123-293-346
[2024-02-08 15:53:21,572] INFO in _internal: 127.0.0.1 - - [08/Feb/2024 15:53:21] "GET / HTTP/1.1" 200 -
[2024-02-08 15:53:22,016] INFO in _internal: 127.0.0.1 - - [08/Feb/2024 15:53:22] "[36mGET /static/css/index.css HTTP/1.1[0m" 304 -
[2024-02-08 15:53:22,072] INFO in _internal: 127.0.0.1 - - [08/Feb/2024 15:53:22] "[36mGET /static/css/templatemo-style.css HTTP/1.1[0m" 304 -
[2024-02-08 15:53:22,157] INFO in _internal: 127.0.0.1 - - [08/Feb/2024 15:53:22] "[36mGET /static/img/logo.png HTTP/1.1[0m" 304 -
[2024-02-08 15:53:22,235] INFO in _internal: 127.0.0.1 - - [08/Feb/2024 15:53:22] "GET /sensing_data HTTP/1.1" 200 -
[2024-02-08 15:53:23,181] INFO in _internal: 127.0.0.1 - - [08/Feb/2024 15:53:23] "GET /escortv2 HTTP/1.1" 200 -
[2024-02-08 15:53:23,238] INFO in _internal: 127.0.0.1 - - [08/Feb/2024 15:53:23] "GET /static/css/escortv2.css HTTP/1.1" 200 -
[2024-02-08 15:53:23,240] INFO in _internal: 127.0.0.1 - - [08/Feb/2024 15:53:23] "[36mGET /static/img/logo.png HTTP/1.1[0m" 304 -
[2024-02-08 15:53:23,240] INFO in _internal: 127.0.0.1 - - [08/Feb/2024 15:53:23] "GET /static/js/escortv2.js HTTP/1.1" 200 -
[2024-02-08 15:53:23,278] INFO in _internal: 127.0.0.1 - - [08/Feb/2024 15:53:23] "[36mGET /static/img/1.jpg HTTP/1.1[0m" 304 -
[2024-02-08 15:53:23,280] INFO in _internal: 127.0.0.1 - - [08/Feb/2024 15:53:23] "[36mGET /static/img/3.jpg HTTP/1.1[0m" 304 -
[2024-02-08 15:53:23,281] INFO in _internal: 127.0.0.1 - - [08/Feb/2024 15:53:23] "[36mGET /static/img/2.jpg HTTP/1.1[0m" 304 -
[2024-02-08 15:53:23,282] INFO in _internal: 127.0.0.1 - - [08/Feb/2024 15:53:23] "[36mGET /static/img/4.jpg HTTP/1.1[0m" 304 -
[2024-02-08 15:53:23,284] INFO in _internal: 127.0.0.1 - - [08/Feb/2024 15:53:23] "[36mGET /static/img/19.jpg HTTP/1.1[0m" 304 -
[2024-02-08 15:53:23,286] INFO in _internal: 127.0.0.1 - - [08/Feb/2024 15:53:23] "[36mGET /static/img/20.jpg HTTP/1.1[0m" 304 -
[2024-02-08 15:53:23,295] INFO in _internal: 127.0.0.1 - - [08/Feb/2024 15:53:23] "[36mGET /static/img/21.jpg HTTP/1.1[0m" 304 -
[2024-02-08 15:53:23,304] INFO in _internal: 127.0.0.1 - - [08/Feb/2024 15:53:23] "[36mGET /static/img/22.jpg HTTP/1.1[0m" 304 -
[2024-02-08 15:53:23,310] INFO in _internal: 127.0.0.1 - - [08/Feb/2024 15:53:23] "[36mGET /static/img/23.jpg HTTP/1.1[0m" 304 -
[2024-02-08 15:53:26,609] INFO in _internal: 127.0.0.1 - - [08/Feb/2024 15:53:26] "[36mGET /static/css/escortv2.css HTTP/1.1[0m" 304 -
[2024-02-08 15:55:21,146] INFO in _internal: 127.0.0.1 - - [08/Feb/2024 15:55:21] "GET /escortv2 HTTP/1.1" 200 -
[2024-02-08 15:55:21,173] INFO in _internal: 127.0.0.1 - - [08/Feb/2024 15:55:21] "GET /static/css/escortv2.css HTTP/1.1" 200 -
[2024-02-08 15:55:21,176] INFO in _internal: 127.0.0.1 - - [08/Feb/2024 15:55:21] "[36mGET /static/img/logo.png HTTP/1.1[0m" 304 -
[2024-02-08 15:55:21,179] INFO in _internal: 127.0.0.1 - - [08/Feb/2024 15:55:21] "[36mGET /static/js/escortv2.js HTTP/1.1[0m" 304 -
[2024-02-08 15:55:21,231] INFO in _internal: 127.0.0.1 - - [08/Feb/2024 15:55:21] "[36mGET /static/img/1.jpg HTTP/1.1[0m" 304 -
[2024-02-08 15:55:21,233] INFO in _internal: 127.0.0.1 - - [08/Feb/2024 15:55:21] "[36mGET /static/img/2.jpg HTTP/1.1[0m" 304 -
[2024-02-08 15:55:21,234] INFO in _internal: 127.0.0.1 - - [08/Feb/2024 15:55:21] "[36mGET /static/img/3.jpg HTTP/1.1[0m" 304 -
[2024-02-08 15:55:21,236] INFO in _internal: 127.0.0.1 - - [08/Feb/2024 15:55:21] "[36mGET /static/img/4.jpg HTTP/1.1[0m" 304 -
[2024-02-08 15:55:21,268] INFO in _internal: 127.0.0.1 - - [08/Feb/2024 15:55:21] "[36mGET /static/img/20.jpg HTTP/1.1[0m" 304 -
[2024-02-08 15:55:21,269] INFO in _internal: 127.0.0.1 - - [08/Feb/2024 15:55:21] "[36mGET /static/img/19.jpg HTTP/1.1[0m" 304 -
[2024-02-08 15:55:21,275] INFO in _internal: 127.0.0.1 - - [08/Feb/2024 15:55:21] "[36mGET /static/img/21.jpg HTTP/1.1[0m" 304 -
[2024-02-08 15:55:21,287] INFO in _internal: 127.0.0.1 - - [08/Feb/2024 15:55:21] "[36mGET /static/img/22.jpg HTTP/1.1[0m" 304 -
[2024-02-08 15:55:21,292] INFO in _internal: 127.0.0.1 - - [08/Feb/2024 15:55:21] "[36mGET /static/img/23.jpg HTTP/1.1[0m" 304 -
[2024-02-08 15:55:30,486] INFO in _internal: 127.0.0.1 - - [08/Feb/2024 15:55:30] "GET /escortv2 HTTP/1.1" 200 -
[2024-02-08 15:55:30,505] INFO in _internal: 127.0.0.1 - - [08/Feb/2024 15:55:30] "GET /static/css/escortv2.css HTTP/1.1" 200 -
[2024-02-08 15:55:30,509] INFO in _internal: 127.0.0.1 - - [08/Feb/2024 15:55:30] "[36mGET /static/img/logo.png HTTP/1.1[0m" 304 -
[2024-02-08 15:55:30,510] INFO in _internal: 127.0.0.1 - - [08/Feb/2024 15:55:30] "[36mGET /static/js/escortv2.js HTTP/1.1[0m" 304 -
[2024-02-08 15:55:30,587] INFO in _internal: 127.0.0.1 - - [08/Feb/2024 15:55:30] "[36mGET /static/img/1.jpg HTTP/1.1[0m" 304 -
[2024-02-08 15:55:30,597] INFO in _internal: 127.0.0.1 - - [08/Feb/2024 15:55:30] "[36mGET /static/img/2.jpg HTTP/1.1[0m" 304 -
[2024-02-08 15:55:30,601] INFO in _internal: 127.0.0.1 - - [08/Feb/2024 15:55:30] "[36mGET /static/img/3.jpg HTTP/1.1[0m" 304 -
[2024-02-08 15:55:30,602] INFO in _internal: 127.0.0.1 - - [08/Feb/2024 15:55:30] "[36mGET /static/img/20.jpg HTTP/1.1[0m" 304 -
[2024-02-08 15:55:30,605] INFO in _internal: 127.0.0.1 - - [08/Feb/2024 15:55:30] "[36mGET /static/img/19.jpg HTTP/1.1[0m" 304 -
[2024-02-08 15:55:30,614] INFO in _internal: 127.0.0.1 - - [08/Feb/2024 15:55:30] "[36mGET /static/img/4.jpg HTTP/1.1[0m" 304 -
[2024-02-08 15:55:30,615] INFO in _internal: 127.0.0.1 - - [08/Feb/2024 15:55:30] "[36mGET /static/img/21.jpg HTTP/1.1[0m" 304 -
[2024-02-08 15:55:30,617] INFO in _internal: 127.0.0.1 - - [08/Feb/2024 15:55:30] "[36mGET /static/img/22.jpg HTTP/1.1[0m" 304 -
[2024-02-08 15:55:30,620] INFO in _internal: 127.0.0.1 - - [08/Feb/2024 15:55:30] "[36mGET /static/img/23.jpg HTTP/1.1[0m" 304 -
[2024-02-08 15:55:57,608] INFO in _internal: 127.0.0.1 - - [08/Feb/2024 15:55:57] "GET /escortv2 HTTP/1.1" 200 -
[2024-02-08 15:55:57,632] INFO in _internal: 127.0.0.1 - - [08/Feb/2024 15:55:57] "[36mGET /static/css/escortv2.css HTTP/1.1[0m" 304 -
[2024-02-08 15:55:57,634] INFO in _internal: 127.0.0.1 - - [08/Feb/2024 15:55:57] "[36mGET /static/js/escortv2.js HTTP/1.1[0m" 304 -
[2024-02-08 15:55:57,634] INFO in _internal: 127.0.0.1 - - [08/Feb/2024 15:55:57] "[36mGET /static/img/logo.png HTTP/1.1[0m" 304 -
[2024-02-08 15:55:57,700] INFO in _internal: 127.0.0.1 - - [08/Feb/2024 15:55:57] "[36mGET /static/img/1.jpg HTTP/1.1[0m" 304 -
[2024-02-08 15:55:57,702] INFO in _internal: 127.0.0.1 - - [08/Feb/2024 15:55:57] "GET /static/img/2.jpg HTTP/1.1" 200 -
[2024-02-08 15:55:57,712] INFO in _internal: 127.0.0.1 - - [08/Feb/2024 15:55:57] "[36mGET /static/img/3.jpg HTTP/1.1[0m" 304 -
[2024-02-08 15:55:57,716] INFO in _internal: 127.0.0.1 - - [08/Feb/2024 15:55:57] "[36mGET /static/img/4.jpg HTTP/1.1[0m" 304 -
[2024-02-08 15:55:57,733] INFO in _internal: 127.0.0.1 - - [08/Feb/2024 15:55:57] "[36mGET /static/img/19.jpg HTTP/1.1[0m" 304 -
[2024-02-08 15:55:57,738] INFO in _internal: 127.0.0.1 - - [08/Feb/2024 15:55:57] "[36mGET /static/img/20.jpg HTTP/1.1[0m" 304 -
[2024-02-08 15:55:57,741] INFO in _internal: 127.0.0.1 - - [08/Feb/2024 15:55:57] "[36mGET /static/img/21.jpg HTTP/1.1[0m" 304 -
[2024-02-08 15:55:57,746] INFO in _internal: 127.0.0.1 - - [08/Feb/2024 15:55:57] "[36mGET /static/img/22.jpg HTTP/1.1[0m" 304 -
[2024-02-08 15:55:57,750] INFO in _internal: 127.0.0.1 - - [08/Feb/2024 15:55:57] "[36mGET /static/img/23.jpg HTTP/1.1[0m" 304 -
[2024-02-08 15:56:19,576] INFO in _internal: 127.0.0.1 - - [08/Feb/2024 15:56:19] "GET /escortv2 HTTP/1.1" 200 -
[2024-02-08 15:56:19,615] INFO in _internal: 127.0.0.1 - - [08/Feb/2024 15:56:19] "[36mGET /static/css/escortv2.css HTTP/1.1[0m" 304 -
[2024-02-08 15:56:19,618] INFO in _internal: 127.0.0.1 - - [08/Feb/2024 15:56:19] "[36mGET /static/img/logo.png HTTP/1.1[0m" 304 -
[2024-02-08 15:56:19,618] INFO in _internal: 127.0.0.1 - - [08/Feb/2024 15:56:19] "[36mGET /static/js/escortv2.js HTTP/1.1[0m" 304 -
[2024-02-08 15:56:19,714] INFO in _internal: 127.0.0.1 - - [08/Feb/2024 15:56:19] "[36mGET /static/img/2.jpg HTTP/1.1[0m" 304 -
[2024-02-08 15:56:19,716] INFO in _internal: 127.0.0.1 - - [08/Feb/2024 15:56:19] "[36mGET /static/img/1.jpg HTTP/1.1[0m" 304 -
[2024-02-08 15:56:19,725] INFO in _internal: 127.0.0.1 - - [08/Feb/2024 15:56:19] "[36mGET /static/img/3.jpg HTTP/1.1[0m" 304 -
[2024-02-08 15:56:19,734] INFO in _internal: 127.0.0.1 - - [08/Feb/2024 15:56:19] "[36mGET /static/img/4.jpg HTTP/1.1[0m" 304 -
[2024-02-08 15:56:19,740] INFO in _internal: 127.0.0.1 - - [08/Feb/2024 15:56:19] "[36mGET /static/img/20.jpg HTTP/1.1[0m" 304 -
[2024-02-08 15:56:19,743] INFO in _internal: 127.0.0.1 - - [08/Feb/2024 15:56:19] "[36mGET /static/img/19.jpg HTTP/1.1[0m" 304 -
[2024-02-08 15:56:19,748] INFO in _internal: 127.0.0.1 - - [08/Feb/2024 15:56:19] "GET /static/img/22.jpg HTTP/1.1" 200 -
[2024-02-08 15:56:19,751] INFO in _internal: 127.0.0.1 - - [08/Feb/2024 15:56:19] "[36mGET /static/img/23.jpg HTTP/1.1[0m" 304 -
[2024-02-08 15:56:19,774] INFO in _internal: 127.0.0.1 - - [08/Feb/2024 15:56:19] "[36mGET /static/img/21.jpg HTTP/1.1[0m" 304 -
[2024-02-08 15:56:38,700] INFO in _internal: 127.0.0.1 - - [08/Feb/2024 15:56:38] "GET /escortv2 HTTP/1.1" 200 -
[2024-02-08 15:56:38,731] INFO in _internal: 127.0.0.1 - - [08/Feb/2024 15:56:38] "[36mGET /static/css/escortv2.css HTTP/1.1[0m" 304 -
[2024-02-08 15:56:38,732] INFO in _internal: 127.0.0.1 - - [08/Feb/2024 15:56:38] "[36mGET /static/img/logo.png HTTP/1.1[0m" 304 -
[2024-02-08 15:56:38,735] INFO in _internal: 127.0.0.1 - - [08/Feb/2024 15:56:38] "[36mGET /static/js/escortv2.js HTTP/1.1[0m" 304 -
[2024-02-08 15:56:38,841] INFO in _internal: 127.0.0.1 - - [08/Feb/2024 15:56:38] "[36mGET /static/img/2.jpg HTTP/1.1[0m" 304 -
[2024-02-08 15:56:38,842] INFO in _internal: 127.0.0.1 - - [08/Feb/2024 15:56:38] "[36mGET /static/img/1.jpg HTTP/1.1[0m" 304 -
[2024-02-08 15:56:38,846] INFO in _internal: 127.0.0.1 - - [08/Feb/2024 15:56:38] "[36mGET /static/img/4.jpg HTTP/1.1[0m" 304 -
[2024-02-08 15:56:38,846] INFO in _internal: 127.0.0.1 - - [08/Feb/2024 15:56:38] "[36mGET /static/img/3.jpg HTTP/1.1[0m" 304 -
[2024-02-08 15:56:38,847] INFO in _internal: 127.0.0.1 - - [08/Feb/2024 15:56:38] "[36mGET /static/img/19.jpg HTTP/1.1[0m" 304 -
[2024-02-08 15:56:38,849] INFO in _internal: 127.0.0.1 - - [08/Feb/2024 15:56:38] "GET /static/img/20.jpg HTTP/1.1" 200 -
[2024-02-08 15:56:38,857] INFO in _internal: 127.0.0.1 - - [08/Feb/2024 15:56:38] "[36mGET /static/img/22.jpg HTTP/1.1[0m" 304 -
[2024-02-08 15:56:38,871] INFO in _internal: 127.0.0.1 - - [08/Feb/2024 15:56:38] "[36mGET /static/img/23.jpg HTTP/1.1[0m" 304 -
[2024-02-08 15:56:38,891] INFO in _internal: 127.0.0.1 - - [08/Feb/2024 15:56:38] "[36mGET /static/img/21.jpg HTTP/1.1[0m" 304 -
[2024-02-08 15:57:11,735] INFO in _internal: 127.0.0.1 - - [08/Feb/2024 15:57:11] "GET /escortv2 HTTP/1.1" 200 -
[2024-02-08 15:57:11,762] INFO in _internal: 127.0.0.1 - - [08/Feb/2024 15:57:11] "GET /static/css/escortv2.css HTTP/1.1" 200 -
[2024-02-08 15:57:11,763] INFO in _internal: 127.0.0.1 - - [08/Feb/2024 15:57:11] "[36mGET /static/img/logo.png HTTP/1.1[0m" 304 -
[2024-02-08 15:57:11,765] INFO in _internal: 127.0.0.1 - - [08/Feb/2024 15:57:11] "[36mGET /static/js/escortv2.js HTTP/1.1[0m" 304 -
[2024-02-08 15:57:11,822] INFO in _internal: 127.0.0.1 - - [08/Feb/2024 15:57:11] "[36mGET /static/img/2.jpg HTTP/1.1[0m" 304 -
[2024-02-08 15:57:11,827] INFO in _internal: 127.0.0.1 - - [08/Feb/2024 15:57:11] "[36mGET /static/img/1.jpg HTTP/1.1[0m" 304 -
[2024-02-08 15:57:11,829] INFO in _internal: 127.0.0.1 - - [08/Feb/2024 15:57:11] "[36mGET /static/img/19.jpg HTTP/1.1[0m" 304 -
[2024-02-08 15:57:11,832] INFO in _internal: 127.0.0.1 - - [08/Feb/2024 15:57:11] "[36mGET /static/img/3.jpg HTTP/1.1[0m" 304 -
[2024-02-08 15:57:11,852] INFO in _internal: 127.0.0.1 - - [08/Feb/2024 15:57:11] "[36mGET /static/img/4.jpg HTTP/1.1[0m" 304 -
[2024-02-08 15:57:11,854] INFO in _internal: 127.0.0.1 - - [08/Feb/2024 15:57:11] "[36mGET /static/img/20.jpg HTTP/1.1[0m" 304 -
[2024-02-08 15:57:11,867] INFO in _internal: 127.0.0.1 - - [08/Feb/2024 15:57:11] "[36mGET /static/img/21.jpg HTTP/1.1[0m" 304 -
[2024-02-08 15:57:11,868] INFO in _internal: 127.0.0.1 - - [08/Feb/2024 15:57:11] "[36mGET /static/img/22.jpg HTTP/1.1[0m" 304 -
[2024-02-08 15:57:11,870] INFO in _internal: 127.0.0.1 - - [08/Feb/2024 15:57:11] "[36mGET /static/img/23.jpg HTTP/1.1[0m" 304 -
[2024-02-08 15:57:58,699] INFO in _internal: 127.0.0.1 - - [08/Feb/2024 15:57:58] "GET /escortv2 HTTP/1.1" 200 -
[2024-02-08 15:57:58,725] INFO in _internal: 127.0.0.1 - - [08/Feb/2024 15:57:58] "GET /static/css/escortv2.css HTTP/1.1" 200 -
[2024-02-08 15:57:58,725] INFO in _internal: 127.0.0.1 - - [08/Feb/2024 15:57:58] "[36mGET /static/img/logo.png HTTP/1.1[0m" 304 -
[2024-02-08 15:57:58,727] INFO in _internal: 127.0.0.1 - - [08/Feb/2024 15:57:58] "[36mGET /static/js/escortv2.js HTTP/1.1[0m" 304 -
[2024-02-08 15:57:58,786] INFO in _internal: 127.0.0.1 - - [08/Feb/2024 15:57:58] "[36mGET /static/img/2.jpg HTTP/1.1[0m" 304 -
[2024-02-08 15:57:58,787] INFO in _internal: 127.0.0.1 - - [08/Feb/2024 15:57:58] "[36mGET /static/img/3.jpg HTTP/1.1[0m" 304 -
[2024-02-08 15:57:58,794] INFO in _internal: 127.0.0.1 - - [08/Feb/2024 15:57:58] "[36mGET /static/img/4.jpg HTTP/1.1[0m" 304 -
[2024-02-08 15:57:58,800] INFO in _internal: 127.0.0.1 - - [08/Feb/2024 15:57:58] "[36mGET /static/img/1.jpg HTTP/1.1[0m" 304 -
[2024-02-08 15:57:58,810] INFO in _internal: 127.0.0.1 - - [08/Feb/2024 15:57:58] "[36mGET /static/img/19.jpg HTTP/1.1[0m" 304 -
[2024-02-08 15:57:58,813] INFO in _internal: 127.0.0.1 - - [08/Feb/2024 15:57:58] "[36mGET /static/img/20.jpg HTTP/1.1[0m" 304 -
[2024-02-08 15:57:58,821] INFO in _internal: 127.0.0.1 - - [08/Feb/2024 15:57:58] "[36mGET /static/img/21.jpg HTTP/1.1[0m" 304 -
[2024-02-08 15:57:58,826] INFO in _internal: 127.0.0.1 - - [08/Feb/2024 15:57:58] "[36mGET /static/img/22.jpg HTTP/1.1[0m" 304 -
[2024-02-08 15:57:58,828] INFO in _internal: 127.0.0.1 - - [08/Feb/2024 15:57:58] "[36mGET /static/img/23.jpg HTTP/1.1[0m" 304 -
[2024-02-08 15:58:09,605] INFO in _internal: 127.0.0.1 - - [08/Feb/2024 15:58:09] "GET /escortv2 HTTP/1.1" 200 -
[2024-02-08 15:58:09,624] INFO in _internal: 127.0.0.1 - - [08/Feb/2024 15:58:09] "GET /static/css/escortv2.css HTTP/1.1" 200 -
[2024-02-08 15:58:09,624] INFO in _internal: 127.0.0.1 - - [08/Feb/2024 15:58:09] "[36mGET /static/img/logo.png HTTP/1.1[0m" 304 -
[2024-02-08 15:58:09,626] INFO in _internal: 127.0.0.1 - - [08/Feb/2024 15:58:09] "[36mGET /static/js/escortv2.js HTTP/1.1[0m" 304 -
[2024-02-08 15:58:09,681] INFO in _internal: 127.0.0.1 - - [08/Feb/2024 15:58:09] "[36mGET /static/img/1.jpg HTTP/1.1[0m" 304 -
[2024-02-08 15:58:09,683] INFO in _internal: 127.0.0.1 - - [08/Feb/2024 15:58:09] "[36mGET /static/img/2.jpg HTTP/1.1[0m" 304 -
[2024-02-08 15:58:09,686] INFO in _internal: 127.0.0.1 - - [08/Feb/2024 15:58:09] "[36mGET /static/img/3.jpg HTTP/1.1[0m" 304 -
[2024-02-08 15:58:09,693] INFO in _internal: 127.0.0.1 - - [08/Feb/2024 15:58:09] "[36mGET /static/img/19.jpg HTTP/1.1[0m" 304 -
[2024-02-08 15:58:09,693] INFO in _internal: 127.0.0.1 - - [08/Feb/2024 15:58:09] "[36mGET /static/img/4.jpg HTTP/1.1[0m" 304 -
[2024-02-08 15:58:09,701] INFO in _internal: 127.0.0.1 - - [08/Feb/2024 15:58:09] "[36mGET /static/img/20.jpg HTTP/1.1[0m" 304 -
[2024-02-08 15:58:09,711] INFO in _internal: 127.0.0.1 - - [08/Feb/2024 15:58:09] "[36mGET /static/img/21.jpg HTTP/1.1[0m" 304 -
[2024-02-08 15:58:09,715] INFO in _internal: 127.0.0.1 - - [08/Feb/2024 15:58:09] "[36mGET /static/img/22.jpg HTTP/1.1[0m" 304 -
[2024-02-08 15:58:09,722] INFO in _internal: 127.0.0.1 - - [08/Feb/2024 15:58:09] "[36mGET /static/img/23.jpg HTTP/1.1[0m" 304 -
[2024-02-08 15:58:18,036] INFO in _internal: 127.0.0.1 - - [08/Feb/2024 15:58:18] "GET /escortv2 HTTP/1.1" 200 -
[2024-02-08 15:58:18,054] INFO in _internal: 127.0.0.1 - - [08/Feb/2024 15:58:18] "[36mGET /static/img/logo.png HTTP/1.1[0m" 304 -
[2024-02-08 15:58:18,055] INFO in _internal: 127.0.0.1 - - [08/Feb/2024 15:58:18] "[36mGET /static/js/escortv2.js HTTP/1.1[0m" 304 -
[2024-02-08 15:58:18,056] INFO in _internal: 127.0.0.1 - - [08/Feb/2024 15:58:18] "GET /static/css/escortv2.css HTTP/1.1" 200 -
[2024-02-08 15:58:18,112] INFO in _internal: 127.0.0.1 - - [08/Feb/2024 15:58:18] "[36mGET /static/img/1.jpg HTTP/1.1[0m" 304 -
[2024-02-08 15:58:18,118] INFO in _internal: 127.0.0.1 - - [08/Feb/2024 15:58:18] "[36mGET /static/img/3.jpg HTTP/1.1[0m" 304 -
[2024-02-08 15:58:18,124] INFO in _internal: 127.0.0.1 - - [08/Feb/2024 15:58:18] "[36mGET /static/img/4.jpg HTTP/1.1[0m" 304 -
[2024-02-08 15:58:18,127] INFO in _internal: 127.0.0.1 - - [08/Feb/2024 15:58:18] "[36mGET /static/img/2.jpg HTTP/1.1[0m" 304 -
[2024-02-08 15:58:18,134] INFO in _internal: 127.0.0.1 - - [08/Feb/2024 15:58:18] "[36mGET /static/img/19.jpg HTTP/1.1[0m" 304 -
[2024-02-08 15:58:18,135] INFO in _internal: 127.0.0.1 - - [08/Feb/2024 15:58:18] "[36mGET /static/img/20.jpg HTTP/1.1[0m" 304 -
[2024-02-08 15:58:18,144] INFO in _internal: 127.0.0.1 - - [08/Feb/2024 15:58:18] "[36mGET /static/img/21.jpg HTTP/1.1[0m" 304 -
[2024-02-08 15:58:18,146] INFO in _internal: 127.0.0.1 - - [08/Feb/2024 15:58:18] "[36mGET /static/img/23.jpg HTTP/1.1[0m" 304 -
[2024-02-08 15:58:18,146] INFO in _internal: 127.0.0.1 - - [08/Feb/2024 15:58:18] "[36mGET /static/img/22.jpg HTTP/1.1[0m" 304 -
[2024-02-08 15:58:26,691] INFO in _internal: 127.0.0.1 - - [08/Feb/2024 15:58:26] "GET /escortv2 HTTP/1.1" 200 -
[2024-02-08 15:58:26,709] INFO in _internal: 127.0.0.1 - - [08/Feb/2024 15:58:26] "[36mGET /static/img/logo.png HTTP/1.1[0m" 304 -
[2024-02-08 15:58:26,709] INFO in _internal: 127.0.0.1 - - [08/Feb/2024 15:58:26] "GET /static/css/escortv2.css HTTP/1.1" 200 -
[2024-02-08 15:58:26,710] INFO in _internal: 127.0.0.1 - - [08/Feb/2024 15:58:26] "[36mGET /static/js/escortv2.js HTTP/1.1[0m" 304 -
[2024-02-08 15:58:26,795] INFO in _internal: 127.0.0.1 - - [08/Feb/2024 15:58:26] "[36mGET /static/img/1.jpg HTTP/1.1[0m" 304 -
[2024-02-08 15:58:26,798] INFO in _internal: 127.0.0.1 - - [08/Feb/2024 15:58:26] "[36mGET /static/img/2.jpg HTTP/1.1[0m" 304 -
[2024-02-08 15:58:26,806] INFO in _internal: 127.0.0.1 - - [08/Feb/2024 15:58:26] "[36mGET /static/img/3.jpg HTTP/1.1[0m" 304 -
[2024-02-08 15:58:26,808] INFO in _internal: 127.0.0.1 - - [08/Feb/2024 15:58:26] "[36mGET /static/img/4.jpg HTTP/1.1[0m" 304 -
[2024-02-08 15:58:26,814] INFO in _internal: 127.0.0.1 - - [08/Feb/2024 15:58:26] "[36mGET /static/img/19.jpg HTTP/1.1[0m" 304 -
[2024-02-08 15:58:26,827] INFO in _internal: 127.0.0.1 - - [08/Feb/2024 15:58:26] "[36mGET /static/img/21.jpg HTTP/1.1[0m" 304 -
[2024-02-08 15:58:26,827] INFO in _internal: 127.0.0.1 - - [08/Feb/2024 15:58:26] "[36mGET /static/img/20.jpg HTTP/1.1[0m" 304 -
[2024-02-08 15:58:26,830] INFO in _internal: 127.0.0.1 - - [08/Feb/2024 15:58:26] "[36mGET /static/img/22.jpg HTTP/1.1[0m" 304 -
[2024-02-08 15:58:26,834] INFO in _internal: 127.0.0.1 - - [08/Feb/2024 15:58:26] "[36mGET /static/img/23.jpg HTTP/1.1[0m" 304 -
[2024-02-08 15:59:16,999] INFO in _internal: 127.0.0.1 - - [08/Feb/2024 15:59:16] "[36mGET /static/css/escortv2.css HTTP/1.1[0m" 304 -
[2024-02-08 16:02:38,097] INFO in _internal: 127.0.0.1 - - [08/Feb/2024 16:02:38] "GET /escortv2 HTTP/1.1" 200 -
[2024-02-08 16:02:38,125] INFO in _internal: 127.0.0.1 - - [08/Feb/2024 16:02:38] "[36mGET /static/img/logo.png HTTP/1.1[0m" 304 -
[2024-02-08 16:02:38,126] INFO in _internal: 127.0.0.1 - - [08/Feb/2024 16:02:38] "GET /static/css/escortv2.css HTTP/1.1" 200 -
[2024-02-08 16:02:38,127] INFO in _internal: 127.0.0.1 - - [08/Feb/2024 16:02:38] "[36mGET /static/img/area.png HTTP/1.1[0m" 304 -
[2024-02-08 16:02:38,142] INFO in _internal: 127.0.0.1 - - [08/Feb/2024 16:02:38] "GET /static/js/escortv2.js HTTP/1.1" 200 -
[2024-02-08 16:02:38,175] INFO in _internal: 127.0.0.1 - - [08/Feb/2024 16:02:38] "[36mGET /static/img/1.jpg HTTP/1.1[0m" 304 -
[2024-02-08 16:02:38,176] INFO in _internal: 127.0.0.1 - - [08/Feb/2024 16:02:38] "[36mGET /static/img/2.jpg HTTP/1.1[0m" 304 -
[2024-02-08 16:02:38,193] INFO in _internal: 127.0.0.1 - - [08/Feb/2024 16:02:38] "[36mGET /static/img/3.jpg HTTP/1.1[0m" 304 -
[2024-02-08 16:02:38,198] INFO in _internal: 127.0.0.1 - - [08/Feb/2024 16:02:38] "[36mGET /static/img/4.jpg HTTP/1.1[0m" 304 -
[2024-02-08 16:02:38,199] INFO in _internal: 127.0.0.1 - - [08/Feb/2024 16:02:38] "[36mGET /static/img/19.jpg HTTP/1.1[0m" 304 -
[2024-02-08 16:02:38,214] INFO in _internal: 127.0.0.1 - - [08/Feb/2024 16:02:38] "[36mGET /static/img/20.jpg HTTP/1.1[0m" 304 -
[2024-02-08 16:02:38,219] INFO in _internal: 127.0.0.1 - - [08/Feb/2024 16:02:38] "[36mGET /static/img/21.jpg HTTP/1.1[0m" 304 -
[2024-02-08 16:02:38,221] INFO in _internal: 127.0.0.1 - - [08/Feb/2024 16:02:38] "[36mGET /static/img/22.jpg HTTP/1.1[0m" 304 -
[2024-02-08 16:02:38,224] INFO in _internal: 127.0.0.1 - - [08/Feb/2024 16:02:38] "[36mGET /static/img/23.jpg HTTP/1.1[0m" 304 -
[2024-02-08 16:02:56,749] INFO in _internal: 127.0.0.1 - - [08/Feb/2024 16:02:56] "GET /escortv2 HTTP/1.1" 200 -
[2024-02-08 16:02:56,778] INFO in _internal: 127.0.0.1 - - [08/Feb/2024 16:02:56] "GET /static/css/escortv2.css HTTP/1.1" 200 -
[2024-02-08 16:02:56,779] INFO in _internal: 127.0.0.1 - - [08/Feb/2024 16:02:56] "[36mGET /static/img/logo.png HTTP/1.1[0m" 304 -
[2024-02-08 16:02:56,780] INFO in _internal: 127.0.0.1 - - [08/Feb/2024 16:02:56] "[36mGET /static/img/area.png HTTP/1.1[0m" 304 -
[2024-02-08 16:02:56,800] INFO in _internal: 127.0.0.1 - - [08/Feb/2024 16:02:56] "[36mGET /static/js/escortv2.js HTTP/1.1[0m" 304 -
[2024-02-08 16:02:56,873] INFO in _internal: 127.0.0.1 - - [08/Feb/2024 16:02:56] "[36mGET /static/img/1.jpg HTTP/1.1[0m" 304 -
[2024-02-08 16:02:56,878] INFO in _internal: 127.0.0.1 - - [08/Feb/2024 16:02:56] "[36mGET /static/img/3.jpg HTTP/1.1[0m" 304 -
[2024-02-08 16:02:56,879] INFO in _internal: 127.0.0.1 - - [08/Feb/2024 16:02:56] "[36mGET /static/img/4.jpg HTTP/1.1[0m" 304 -
[2024-02-08 16:02:56,885] INFO in _internal: 127.0.0.1 - - [08/Feb/2024 16:02:56] "[36mGET /static/img/20.jpg HTTP/1.1[0m" 304 -
[2024-02-08 16:02:56,885] INFO in _internal: 127.0.0.1 - - [08/Feb/2024 16:02:56] "[36mGET /static/img/2.jpg HTTP/1.1[0m" 304 -
[2024-02-08 16:02:56,892] INFO in _internal: 127.0.0.1 - - [08/Feb/2024 16:02:56] "[36mGET /static/img/19.jpg HTTP/1.1[0m" 304 -
[2024-02-08 16:02:56,900] INFO in _internal: 127.0.0.1 - - [08/Feb/2024 16:02:56] "[36mGET /static/img/21.jpg HTTP/1.1[0m" 304 -
[2024-02-08 16:02:56,902] INFO in _internal: 127.0.0.1 - - [08/Feb/2024 16:02:56] "[36mGET /static/img/22.jpg HTTP/1.1[0m" 304 -
[2024-02-08 16:02:56,909] INFO in _internal: 127.0.0.1 - - [08/Feb/2024 16:02:56] "[36mGET /static/img/23.jpg HTTP/1.1[0m" 304 -
[2024-02-08 16:03:01,219] INFO in _internal: 127.0.0.1 - - [08/Feb/2024 16:03:01] "GET /escortv2 HTTP/1.1" 200 -
[2024-02-08 16:03:01,237] INFO in _internal: 127.0.0.1 - - [08/Feb/2024 16:03:01] "[36mGET /static/css/escortv2.css HTTP/1.1[0m" 304 -
[2024-02-08 16:03:01,238] INFO in _internal: 127.0.0.1 - - [08/Feb/2024 16:03:01] "[36mGET /static/img/logo.png HTTP/1.1[0m" 304 -
[2024-02-08 16:03:01,238] INFO in _internal: 127.0.0.1 - - [08/Feb/2024 16:03:01] "[36mGET /static/img/area.png HTTP/1.1[0m" 304 -
[2024-02-08 16:03:01,249] INFO in _internal: 127.0.0.1 - - [08/Feb/2024 16:03:01] "[36mGET /static/js/escortv2.js HTTP/1.1[0m" 304 -
[2024-02-08 16:03:01,279] INFO in _internal: 127.0.0.1 - - [08/Feb/2024 16:03:01] "[36mGET /static/img/2.jpg HTTP/1.1[0m" 304 -
[2024-02-08 16:03:01,280] INFO in _internal: 127.0.0.1 - - [08/Feb/2024 16:03:01] "[36mGET /static/img/1.jpg HTTP/1.1[0m" 304 -
[2024-02-08 16:03:01,280] INFO in _internal: 127.0.0.1 - - [08/Feb/2024 16:03:01] "[36mGET /static/img/3.jpg HTTP/1.1[0m" 304 -
[2024-02-08 16:03:01,288] INFO in _internal: 127.0.0.1 - - [08/Feb/2024 16:03:01] "[36mGET /static/img/4.jpg HTTP/1.1[0m" 304 -
[2024-02-08 16:03:01,310] INFO in _internal: 127.0.0.1 - - [08/Feb/2024 16:03:01] "[36mGET /static/img/19.jpg HTTP/1.1[0m" 304 -
[2024-02-08 16:03:01,314] INFO in _internal: 127.0.0.1 - - [08/Feb/2024 16:03:01] "[36mGET /static/img/20.jpg HTTP/1.1[0m" 304 -
[2024-02-08 16:03:01,327] INFO in _internal: 127.0.0.1 - - [08/Feb/2024 16:03:01] "[36mGET /static/img/21.jpg HTTP/1.1[0m" 304 -
[2024-02-08 16:03:01,330] INFO in _internal: 127.0.0.1 - - [08/Feb/2024 16:03:01] "[36mGET /static/img/22.jpg HTTP/1.1[0m" 304 -
[2024-02-08 16:03:01,335] INFO in _internal: 127.0.0.1 - - [08/Feb/2024 16:03:01] "[36mGET /static/img/23.jpg HTTP/1.1[0m" 304 -
[2024-02-08 16:03:10,995] INFO in _internal: 127.0.0.1 - - [08/Feb/2024 16:03:10] "GET /escortv2 HTTP/1.1" 200 -
[2024-02-08 16:03:11,014] INFO in _internal: 127.0.0.1 - - [08/Feb/2024 16:03:11] "GET /static/css/escortv2.css HTTP/1.1" 200 -
[2024-02-08 16:03:11,018] INFO in _internal: 127.0.0.1 - - [08/Feb/2024 16:03:11] "[36mGET /static/img/area.png HTTP/1.1[0m" 304 -
[2024-02-08 16:03:11,018] INFO in _internal: 127.0.0.1 - - [08/Feb/2024 16:03:11] "[36mGET /static/img/logo.png HTTP/1.1[0m" 304 -
[2024-02-08 16:03:11,031] INFO in _internal: 127.0.0.1 - - [08/Feb/2024 16:03:11] "[36mGET /static/js/escortv2.js HTTP/1.1[0m" 304 -
[2024-02-08 16:03:11,087] INFO in _internal: 127.0.0.1 - - [08/Feb/2024 16:03:11] "[36mGET /static/img/1.jpg HTTP/1.1[0m" 304 -
[2024-02-08 16:03:11,091] INFO in _internal: 127.0.0.1 - - [08/Feb/2024 16:03:11] "[36mGET /static/img/2.jpg HTTP/1.1[0m" 304 -
[2024-02-08 16:03:11,096] INFO in _internal: 127.0.0.1 - - [08/Feb/2024 16:03:11] "[36mGET /static/img/19.jpg HTTP/1.1[0m" 304 -
[2024-02-08 16:03:11,097] INFO in _internal: 127.0.0.1 - - [08/Feb/2024 16:03:11] "[36mGET /static/img/4.jpg HTTP/1.1[0m" 304 -
[2024-02-08 16:03:11,101] INFO in _internal: 127.0.0.1 - - [08/Feb/2024 16:03:11] "[36mGET /static/img/3.jpg HTTP/1.1[0m" 304 -
[2024-02-08 16:03:11,120] INFO in _internal: 127.0.0.1 - - [08/Feb/2024 16:03:11] "[36mGET /static/img/20.jpg HTTP/1.1[0m" 304 -
[2024-02-08 16:03:11,127] INFO in _internal: 127.0.0.1 - - [08/Feb/2024 16:03:11] "[36mGET /static/img/21.jpg HTTP/1.1[0m" 304 -
[2024-02-08 16:03:11,128] INFO in _internal: 127.0.0.1 - - [08/Feb/2024 16:03:11] "[36mGET /static/img/22.jpg HTTP/1.1[0m" 304 -
[2024-02-08 16:03:11,130] INFO in _internal: 127.0.0.1 - - [08/Feb/2024 16:03:11] "[36mGET /static/img/23.jpg HTTP/1.1[0m" 304 -
[2024-02-08 16:03:22,287] INFO in _internal: 127.0.0.1 - - [08/Feb/2024 16:03:22] "GET /escortv2 HTTP/1.1" 200 -
[2024-02-08 16:03:22,307] INFO in _internal: 127.0.0.1 - - [08/Feb/2024 16:03:22] "[36mGET /static/img/logo.png HTTP/1.1[0m" 304 -
[2024-02-08 16:03:22,308] INFO in _internal: 127.0.0.1 - - [08/Feb/2024 16:03:22] "GET /static/css/escortv2.css HTTP/1.1" 200 -
[2024-02-08 16:03:22,308] INFO in _internal: 127.0.0.1 - - [08/Feb/2024 16:03:22] "[36mGET /static/img/area.png HTTP/1.1[0m" 304 -
[2024-02-08 16:03:22,318] INFO in _internal: 127.0.0.1 - - [08/Feb/2024 16:03:22] "[36mGET /static/js/escortv2.js HTTP/1.1[0m" 304 -
[2024-02-08 16:03:22,373] INFO in _internal: 127.0.0.1 - - [08/Feb/2024 16:03:22] "[36mGET /static/img/1.jpg HTTP/1.1[0m" 304 -
[2024-02-08 16:03:22,384] INFO in _internal: 127.0.0.1 - - [08/Feb/2024 16:03:22] "[36mGET /static/img/19.jpg HTTP/1.1[0m" 304 -
[2024-02-08 16:03:22,385] INFO in _internal: 127.0.0.1 - - [08/Feb/2024 16:03:22] "[36mGET /static/img/20.jpg HTTP/1.1[0m" 304 -
[2024-02-08 16:03:22,385] INFO in _internal: 127.0.0.1 - - [08/Feb/2024 16:03:22] "[36mGET /static/img/4.jpg HTTP/1.1[0m" 304 -
[2024-02-08 16:03:22,388] INFO in _internal: 127.0.0.1 - - [08/Feb/2024 16:03:22] "[36mGET /static/img/3.jpg HTTP/1.1[0m" 304 -
[2024-02-08 16:03:22,388] INFO in _internal: 127.0.0.1 - - [08/Feb/2024 16:03:22] "[36mGET /static/img/2.jpg HTTP/1.1[0m" 304 -
[2024-02-08 16:03:22,394] INFO in _internal: 127.0.0.1 - - [08/Feb/2024 16:03:22] "[36mGET /static/img/21.jpg HTTP/1.1[0m" 304 -
[2024-02-08 16:03:22,407] INFO in _internal: 127.0.0.1 - - [08/Feb/2024 16:03:22] "[36mGET /static/img/22.jpg HTTP/1.1[0m" 304 -
[2024-02-08 16:03:22,410] INFO in _internal: 127.0.0.1 - - [08/Feb/2024 16:03:22] "[36mGET /static/img/23.jpg HTTP/1.1[0m" 304 -
[2024-02-08 16:03:28,697] INFO in _internal: 127.0.0.1 - - [08/Feb/2024 16:03:28] "GET /escortv2 HTTP/1.1" 200 -
[2024-02-08 16:03:28,717] INFO in _internal: 127.0.0.1 - - [08/Feb/2024 16:03:28] "[36mGET /static/img/logo.png HTTP/1.1[0m" 304 -
[2024-02-08 16:03:28,717] INFO in _internal: 127.0.0.1 - - [08/Feb/2024 16:03:28] "GET /static/css/escortv2.css HTTP/1.1" 200 -
[2024-02-08 16:03:28,719] INFO in _internal: 127.0.0.1 - - [08/Feb/2024 16:03:28] "[36mGET /static/img/area.png HTTP/1.1[0m" 304 -
[2024-02-08 16:03:28,732] INFO in _internal: 127.0.0.1 - - [08/Feb/2024 16:03:28] "[36mGET /static/js/escortv2.js HTTP/1.1[0m" 304 -
[2024-02-08 16:03:28,791] INFO in _internal: 127.0.0.1 - - [08/Feb/2024 16:03:28] "[36mGET /static/img/1.jpg HTTP/1.1[0m" 304 -
[2024-02-08 16:03:28,792] INFO in _internal: 127.0.0.1 - - [08/Feb/2024 16:03:28] "[36mGET /static/img/2.jpg HTTP/1.1[0m" 304 -
[2024-02-08 16:03:28,801] INFO in _internal: 127.0.0.1 - - [08/Feb/2024 16:03:28] "[36mGET /static/img/3.jpg HTTP/1.1[0m" 304 -
[2024-02-08 16:03:28,807] INFO in _internal: 127.0.0.1 - - [08/Feb/2024 16:03:28] "[36mGET /static/img/4.jpg HTTP/1.1[0m" 304 -
[2024-02-08 16:03:28,810] INFO in _internal: 127.0.0.1 - - [08/Feb/2024 16:03:28] "[36mGET /static/img/19.jpg HTTP/1.1[0m" 304 -
[2024-02-08 16:03:28,818] INFO in _internal: 127.0.0.1 - - [08/Feb/2024 16:03:28] "[36mGET /static/img/20.jpg HTTP/1.1[0m" 304 -
[2024-02-08 16:03:28,823] INFO in _internal: 127.0.0.1 - - [08/Feb/2024 16:03:28] "[36mGET /static/img/21.jpg HTTP/1.1[0m" 304 -
[2024-02-08 16:03:28,826] INFO in _internal: 127.0.0.1 - - [08/Feb/2024 16:03:28] "[36mGET /static/img/22.jpg HTTP/1.1[0m" 304 -
[2024-02-08 16:03:28,829] INFO in _internal: 127.0.0.1 - - [08/Feb/2024 16:03:28] "[36mGET /static/img/23.jpg HTTP/1.1[0m" 304 -
[2024-02-08 16:04:11,314] INFO in _internal: 127.0.0.1 - - [08/Feb/2024 16:04:11] "GET /escortv2 HTTP/1.1" 200 -
[2024-02-08 16:04:11,339] INFO in _internal: 127.0.0.1 - - [08/Feb/2024 16:04:11] "GET /static/css/escortv2.css HTTP/1.1" 200 -
[2024-02-08 16:04:11,340] INFO in _internal: 127.0.0.1 - - [08/Feb/2024 16:04:11] "[36mGET /static/img/logo.png HTTP/1.1[0m" 304 -
[2024-02-08 16:04:11,342] INFO in _internal: 127.0.0.1 - - [08/Feb/2024 16:04:11] "[36mGET /static/img/area.png HTTP/1.1[0m" 304 -
[2024-02-08 16:04:11,360] INFO in _internal: 127.0.0.1 - - [08/Feb/2024 16:04:11] "[36mGET /static/js/escortv2.js HTTP/1.1[0m" 304 -
[2024-02-08 16:04:11,388] INFO in _internal: 127.0.0.1 - - [08/Feb/2024 16:04:11] "[36mGET /static/img/1.jpg HTTP/1.1[0m" 304 -
[2024-02-08 16:04:11,425] INFO in _internal: 127.0.0.1 - - [08/Feb/2024 16:04:11] "[36mGET /static/img/2.jpg HTTP/1.1[0m" 304 -
[2024-02-08 16:04:11,430] INFO in _internal: 127.0.0.1 - - [08/Feb/2024 16:04:11] "[36mGET /static/img/3.jpg HTTP/1.1[0m" 304 -
[2024-02-08 16:04:11,437] INFO in _internal: 127.0.0.1 - - [08/Feb/2024 16:04:11] "[36mGET /static/img/4.jpg HTTP/1.1[0m" 304 -
[2024-02-08 16:04:11,440] INFO in _internal: 127.0.0.1 - - [08/Feb/2024 16:04:11] "[36mGET /static/img/19.jpg HTTP/1.1[0m" 304 -
[2024-02-08 16:04:11,448] INFO in _internal: 127.0.0.1 - - [08/Feb/2024 16:04:11] "[36mGET /static/img/20.jpg HTTP/1.1[0m" 304 -
[2024-02-08 16:04:11,453] INFO in _internal: 127.0.0.1 - - [08/Feb/2024 16:04:11] "[36mGET /static/img/21.jpg HTTP/1.1[0m" 304 -
[2024-02-08 16:04:11,455] INFO in _internal: 127.0.0.1 - - [08/Feb/2024 16:04:11] "[36mGET /static/img/22.jpg HTTP/1.1[0m" 304 -
[2024-02-08 16:04:11,457] INFO in _internal: 127.0.0.1 - - [08/Feb/2024 16:04:11] "[36mGET /static/img/23.jpg HTTP/1.1[0m" 304 -
[2024-02-08 16:04:26,712] INFO in _internal: 127.0.0.1 - - [08/Feb/2024 16:04:26] "GET /escortv2 HTTP/1.1" 200 -
[2024-02-08 16:04:26,736] INFO in _internal: 127.0.0.1 - - [08/Feb/2024 16:04:26] "GET /static/css/escortv2.css HTTP/1.1" 200 -
[2024-02-08 16:04:26,737] INFO in _internal: 127.0.0.1 - - [08/Feb/2024 16:04:26] "[36mGET /static/img/logo.png HTTP/1.1[0m" 304 -
[2024-02-08 16:04:26,739] INFO in _internal: 127.0.0.1 - - [08/Feb/2024 16:04:26] "[36mGET /static/img/area.png HTTP/1.1[0m" 304 -
[2024-02-08 16:04:26,751] INFO in _internal: 127.0.0.1 - - [08/Feb/2024 16:04:26] "[36mGET /static/js/escortv2.js HTTP/1.1[0m" 304 -
[2024-02-08 16:04:26,782] INFO in _internal: 127.0.0.1 - - [08/Feb/2024 16:04:26] "[36mGET /static/img/1.jpg HTTP/1.1[0m" 304 -
[2024-02-08 16:04:26,784] INFO in _internal: 127.0.0.1 - - [08/Feb/2024 16:04:26] "[36mGET /static/img/2.jpg HTTP/1.1[0m" 304 -
[2024-02-08 16:04:26,784] INFO in _internal: 127.0.0.1 - - [08/Feb/2024 16:04:26] "[36mGET /static/img/3.jpg HTTP/1.1[0m" 304 -
[2024-02-08 16:04:26,818] INFO in _internal: 127.0.0.1 - - [08/Feb/2024 16:04:26] "[36mGET /static/img/4.jpg HTTP/1.1[0m" 304 -
[2024-02-08 16:04:26,819] INFO in _internal: 127.0.0.1 - - [08/Feb/2024 16:04:26] "[36mGET /static/img/19.jpg HTTP/1.1[0m" 304 -
[2024-02-08 16:04:26,822] INFO in _internal: 127.0.0.1 - - [08/Feb/2024 16:04:26] "[36mGET /static/img/20.jpg HTTP/1.1[0m" 304 -
[2024-02-08 16:04:26,823] INFO in _internal: 127.0.0.1 - - [08/Feb/2024 16:04:26] "[36mGET /static/img/21.jpg HTTP/1.1[0m" 304 -
[2024-02-08 16:04:26,831] INFO in _internal: 127.0.0.1 - - [08/Feb/2024 16:04:26] "[36mGET /static/img/22.jpg HTTP/1.1[0m" 304 -
[2024-02-08 16:04:26,842] INFO in _internal: 127.0.0.1 - - [08/Feb/2024 16:04:26] "[36mGET /static/img/23.jpg HTTP/1.1[0m" 304 -
[2024-02-08 16:05:07,216] INFO in _internal: 127.0.0.1 - - [08/Feb/2024 16:05:07] "GET /escortv2 HTTP/1.1" 200 -
[2024-02-08 16:05:07,240] INFO in _internal: 127.0.0.1 - - [08/Feb/2024 16:05:07] "GET /static/css/escortv2.css HTTP/1.1" 200 -
[2024-02-08 16:05:07,242] INFO in _internal: 127.0.0.1 - - [08/Feb/2024 16:05:07] "[36mGET /static/img/logo.png HTTP/1.1[0m" 304 -
[2024-02-08 16:05:07,243] INFO in _internal: 127.0.0.1 - - [08/Feb/2024 16:05:07] "[36mGET /static/img/area.png HTTP/1.1[0m" 304 -
[2024-02-08 16:05:07,256] INFO in _internal: 127.0.0.1 - - [08/Feb/2024 16:05:07] "[36mGET /static/js/escortv2.js HTTP/1.1[0m" 304 -
[2024-02-08 16:05:07,327] INFO in _internal: 127.0.0.1 - - [08/Feb/2024 16:05:07] "[36mGET /static/img/1.jpg HTTP/1.1[0m" 304 -
[2024-02-08 16:05:07,328] INFO in _internal: 127.0.0.1 - - [08/Feb/2024 16:05:07] "[36mGET /static/img/2.jpg HTTP/1.1[0m" 304 -
[2024-02-08 16:05:07,331] INFO in _internal: 127.0.0.1 - - [08/Feb/2024 16:05:07] "[36mGET /static/img/3.jpg HTTP/1.1[0m" 304 -
[2024-02-08 16:05:07,336] INFO in _internal: 127.0.0.1 - - [08/Feb/2024 16:05:07] "[36mGET /static/img/4.jpg HTTP/1.1[0m" 304 -
[2024-02-08 16:05:07,354] INFO in _internal: 127.0.0.1 - - [08/Feb/2024 16:05:07] "[36mGET /static/img/19.jpg HTTP/1.1[0m" 304 -
[2024-02-08 16:05:07,358] INFO in _internal: 127.0.0.1 - - [08/Feb/2024 16:05:07] "[36mGET /static/img/20.jpg HTTP/1.1[0m" 304 -
[2024-02-08 16:05:07,362] INFO in _internal: 127.0.0.1 - - [08/Feb/2024 16:05:07] "[36mGET /static/img/21.jpg HTTP/1.1[0m" 304 -
[2024-02-08 16:05:07,367] INFO in _internal: 127.0.0.1 - - [08/Feb/2024 16:05:07] "[36mGET /static/img/22.jpg HTTP/1.1[0m" 304 -
[2024-02-08 16:05:07,369] INFO in _internal: 127.0.0.1 - - [08/Feb/2024 16:05:07] "[36mGET /static/img/23.jpg HTTP/1.1[0m" 304 -
[2024-02-08 16:05:17,648] INFO in _internal: 127.0.0.1 - - [08/Feb/2024 16:05:17] "GET /escortv2 HTTP/1.1" 200 -
[2024-02-08 16:05:17,668] INFO in _internal: 127.0.0.1 - - [08/Feb/2024 16:05:17] "GET /static/css/escortv2.css HTTP/1.1" 200 -
[2024-02-08 16:05:17,670] INFO in _internal: 127.0.0.1 - - [08/Feb/2024 16:05:17] "[36mGET /static/img/logo.png HTTP/1.1[0m" 304 -
[2024-02-08 16:05:17,672] INFO in _internal: 127.0.0.1 - - [08/Feb/2024 16:05:17] "[36mGET /static/img/area.png HTTP/1.1[0m" 304 -
[2024-02-08 16:05:17,682] INFO in _internal: 127.0.0.1 - - [08/Feb/2024 16:05:17] "[36mGET /static/js/escortv2.js HTTP/1.1[0m" 304 -
[2024-02-08 16:05:17,708] INFO in _internal: 127.0.0.1 - - [08/Feb/2024 16:05:17] "[36mGET /static/img/1.jpg HTTP/1.1[0m" 304 -
[2024-02-08 16:05:17,709] INFO in _internal: 127.0.0.1 - - [08/Feb/2024 16:05:17] "[36mGET /static/img/2.jpg HTTP/1.1[0m" 304 -
[2024-02-08 16:05:17,710] INFO in _internal: 127.0.0.1 - - [08/Feb/2024 16:05:17] "[36mGET /static/img/3.jpg HTTP/1.1[0m" 304 -
[2024-02-08 16:05:17,720] INFO in _internal: 127.0.0.1 - - [08/Feb/2024 16:05:17] "[36mGET /static/img/4.jpg HTTP/1.1[0m" 304 -
[2024-02-08 16:05:17,747] INFO in _internal: 127.0.0.1 - - [08/Feb/2024 16:05:17] "[36mGET /static/img/20.jpg HTTP/1.1[0m" 304 -
[2024-02-08 16:05:17,748] INFO in _internal: 127.0.0.1 - - [08/Feb/2024 16:05:17] "[36mGET /static/img/19.jpg HTTP/1.1[0m" 304 -
[2024-02-08 16:05:17,754] INFO in _internal: 127.0.0.1 - - [08/Feb/2024 16:05:17] "[36mGET /static/img/21.jpg HTTP/1.1[0m" 304 -
[2024-02-08 16:05:17,755] INFO in _internal: 127.0.0.1 - - [08/Feb/2024 16:05:17] "[36mGET /static/img/22.jpg HTTP/1.1[0m" 304 -
[2024-02-08 16:05:17,758] INFO in _internal: 127.0.0.1 - - [08/Feb/2024 16:05:17] "[36mGET /static/img/23.jpg HTTP/1.1[0m" 304 -
[2024-02-08 16:05:26,504] INFO in _internal: 127.0.0.1 - - [08/Feb/2024 16:05:26] "GET /escortv2 HTTP/1.1" 200 -
[2024-02-08 16:05:26,523] INFO in _internal: 127.0.0.1 - - [08/Feb/2024 16:05:26] "[36mGET /static/img/logo.png HTTP/1.1[0m" 304 -
[2024-02-08 16:05:26,524] INFO in _internal: 127.0.0.1 - - [08/Feb/2024 16:05:26] "GET /static/css/escortv2.css HTTP/1.1" 200 -
[2024-02-08 16:05:26,525] INFO in _internal: 127.0.0.1 - - [08/Feb/2024 16:05:26] "[36mGET /static/img/area.png HTTP/1.1[0m" 304 -
[2024-02-08 16:05:26,535] INFO in _internal: 127.0.0.1 - - [08/Feb/2024 16:05:26] "[36mGET /static/js/escortv2.js HTTP/1.1[0m" 304 -
[2024-02-08 16:05:26,579] INFO in _internal: 127.0.0.1 - - [08/Feb/2024 16:05:26] "[36mGET /static/img/1.jpg HTTP/1.1[0m" 304 -
[2024-02-08 16:05:26,580] INFO in _internal: 127.0.0.1 - - [08/Feb/2024 16:05:26] "[36mGET /static/img/3.jpg HTTP/1.1[0m" 304 -
[2024-02-08 16:05:26,584] INFO in _internal: 127.0.0.1 - - [08/Feb/2024 16:05:26] "[36mGET /static/img/2.jpg HTTP/1.1[0m" 304 -
[2024-02-08 16:05:26,608] INFO in _internal: 127.0.0.1 - - [08/Feb/2024 16:05:26] "[36mGET /static/img/19.jpg HTTP/1.1[0m" 304 -
[2024-02-08 16:05:26,610] INFO in _internal: 127.0.0.1 - - [08/Feb/2024 16:05:26] "[36mGET /static/img/20.jpg HTTP/1.1[0m" 304 -
[2024-02-08 16:05:26,612] INFO in _internal: 127.0.0.1 - - [08/Feb/2024 16:05:26] "[36mGET /static/img/4.jpg HTTP/1.1[0m" 304 -
[2024-02-08 16:05:26,618] INFO in _internal: 127.0.0.1 - - [08/Feb/2024 16:05:26] "[36mGET /static/img/21.jpg HTTP/1.1[0m" 304 -
[2024-02-08 16:05:26,619] INFO in _internal: 127.0.0.1 - - [08/Feb/2024 16:05:26] "[36mGET /static/img/22.jpg HTTP/1.1[0m" 304 -
[2024-02-08 16:05:26,626] INFO in _internal: 127.0.0.1 - - [08/Feb/2024 16:05:26] "[36mGET /static/img/23.jpg HTTP/1.1[0m" 304 -
[2024-02-08 16:06:07,132] INFO in _internal: 127.0.0.1 - - [08/Feb/2024 16:06:07] "GET /escortv2 HTTP/1.1" 200 -
[2024-02-08 16:06:07,158] INFO in _internal: 127.0.0.1 - - [08/Feb/2024 16:06:07] "GET /static/css/escortv2.css HTTP/1.1" 200 -
[2024-02-08 16:06:07,159] INFO in _internal: 127.0.0.1 - - [08/Feb/2024 16:06:07] "[36mGET /static/img/logo.png HTTP/1.1[0m" 304 -
[2024-02-08 16:06:07,164] INFO in _internal: 127.0.0.1 - - [08/Feb/2024 16:06:07] "[36mGET /static/img/area.png HTTP/1.1[0m" 304 -
[2024-02-08 16:06:07,176] INFO in _internal: 127.0.0.1 - - [08/Feb/2024 16:06:07] "[36mGET /static/js/escortv2.js HTTP/1.1[0m" 304 -
[2024-02-08 16:06:07,205] INFO in _internal: 127.0.0.1 - - [08/Feb/2024 16:06:07] "[36mGET /static/img/1.jpg HTTP/1.1[0m" 304 -
[2024-02-08 16:06:07,206] INFO in _internal: 127.0.0.1 - - [08/Feb/2024 16:06:07] "[36mGET /static/img/3.jpg HTTP/1.1[0m" 304 -
[2024-02-08 16:06:07,208] INFO in _internal: 127.0.0.1 - - [08/Feb/2024 16:06:07] "[36mGET /static/img/2.jpg HTTP/1.1[0m" 304 -
[2024-02-08 16:06:07,237] INFO in _internal: 127.0.0.1 - - [08/Feb/2024 16:06:07] "[36mGET /static/img/4.jpg HTTP/1.1[0m" 304 -
[2024-02-08 16:06:07,240] INFO in _internal: 127.0.0.1 - - [08/Feb/2024 16:06:07] "[36mGET /static/img/19.jpg HTTP/1.1[0m" 304 -
[2024-02-08 16:06:07,250] INFO in _internal: 127.0.0.1 - - [08/Feb/2024 16:06:07] "[36mGET /static/img/22.jpg HTTP/1.1[0m" 304 -
[2024-02-08 16:06:07,245] INFO in _internal: 127.0.0.1 - - [08/Feb/2024 16:06:07] "[36mGET /static/img/20.jpg HTTP/1.1[0m" 304 -
[2024-02-08 16:06:07,267] INFO in _internal: 127.0.0.1 - - [08/Feb/2024 16:06:07] "[36mGET /static/img/21.jpg HTTP/1.1[0m" 304 -
[2024-02-08 16:06:07,283] INFO in _internal: 127.0.0.1 - - [08/Feb/2024 16:06:07] "[36mGET /static/img/23.jpg HTTP/1.1[0m" 304 -
[2024-02-08 16:06:28,629] INFO in _internal: 127.0.0.1 - - [08/Feb/2024 16:06:28] "GET /escortv2 HTTP/1.1" 200 -
[2024-02-08 16:06:28,651] INFO in _internal: 127.0.0.1 - - [08/Feb/2024 16:06:28] "GET /static/css/escortv2.css HTTP/1.1" 200 -
[2024-02-08 16:06:28,652] INFO in _internal: 127.0.0.1 - - [08/Feb/2024 16:06:28] "[36mGET /static/img/logo.png HTTP/1.1[0m" 304 -
[2024-02-08 16:06:28,653] INFO in _internal: 127.0.0.1 - - [08/Feb/2024 16:06:28] "[36mGET /static/img/area.png HTTP/1.1[0m" 304 -
[2024-02-08 16:06:28,667] INFO in _internal: 127.0.0.1 - - [08/Feb/2024 16:06:28] "[36mGET /static/js/escortv2.js HTTP/1.1[0m" 304 -
[2024-02-08 16:06:28,692] INFO in _internal: 127.0.0.1 - - [08/Feb/2024 16:06:28] "[36mGET /static/img/1.jpg HTTP/1.1[0m" 304 -
[2024-02-08 16:06:28,693] INFO in _internal: 127.0.0.1 - - [08/Feb/2024 16:06:28] "[36mGET /static/img/2.jpg HTTP/1.1[0m" 304 -
[2024-02-08 16:06:28,696] INFO in _internal: 127.0.0.1 - - [08/Feb/2024 16:06:28] "[36mGET /static/img/3.jpg HTTP/1.1[0m" 304 -
[2024-02-08 16:06:28,707] INFO in _internal: 127.0.0.1 - - [08/Feb/2024 16:06:28] "[36mGET /static/img/4.jpg HTTP/1.1[0m" 304 -
[2024-02-08 16:06:28,720] INFO in _internal: 127.0.0.1 - - [08/Feb/2024 16:06:28] "[36mGET /static/img/19.jpg HTTP/1.1[0m" 304 -
[2024-02-08 16:06:28,733] INFO in _internal: 127.0.0.1 - - [08/Feb/2024 16:06:28] "[36mGET /static/img/20.jpg HTTP/1.1[0m" 304 -
[2024-02-08 16:06:28,734] INFO in _internal: 127.0.0.1 - - [08/Feb/2024 16:06:28] "[36mGET /static/img/21.jpg HTTP/1.1[0m" 304 -
[2024-02-08 16:06:28,744] INFO in _internal: 127.0.0.1 - - [08/Feb/2024 16:06:28] "[36mGET /static/img/22.jpg HTTP/1.1[0m" 304 -
[2024-02-08 16:06:28,749] INFO in _internal: 127.0.0.1 - - [08/Feb/2024 16:06:28] "[36mGET /static/img/23.jpg HTTP/1.1[0m" 304 -
[2024-02-08 16:07:45,591] INFO in _internal: 127.0.0.1 - - [08/Feb/2024 16:07:45] "GET /escortv2 HTTP/1.1" 200 -
[2024-02-08 16:07:45,614] INFO in _internal: 127.0.0.1 - - [08/Feb/2024 16:07:45] "GET /static/css/escortv2.css HTTP/1.1" 200 -
[2024-02-08 16:07:45,615] INFO in _internal: 127.0.0.1 - - [08/Feb/2024 16:07:45] "[36mGET /static/img/logo.png HTTP/1.1[0m" 304 -
[2024-02-08 16:07:45,618] INFO in _internal: 127.0.0.1 - - [08/Feb/2024 16:07:45] "[36mGET /static/img/area.png HTTP/1.1[0m" 304 -
[2024-02-08 16:07:45,636] INFO in _internal: 127.0.0.1 - - [08/Feb/2024 16:07:45] "GET /static/js/escortv2.js HTTP/1.1" 200 -
[2024-02-08 16:07:45,672] INFO in _internal: 127.0.0.1 - - [08/Feb/2024 16:07:45] "[36mGET /static/img/1.jpg HTTP/1.1[0m" 304 -
[2024-02-08 16:07:45,678] INFO in _internal: 127.0.0.1 - - [08/Feb/2024 16:07:45] "[36mGET /static/img/2.jpg HTTP/1.1[0m" 304 -
[2024-02-08 16:07:45,704] INFO in _internal: 127.0.0.1 - - [08/Feb/2024 16:07:45] "[36mGET /static/img/3.jpg HTTP/1.1[0m" 304 -
[2024-02-08 16:07:45,730] INFO in _internal: 127.0.0.1 - - [08/Feb/2024 16:07:45] "[36mGET /static/img/4.jpg HTTP/1.1[0m" 304 -
[2024-02-08 16:07:45,735] INFO in _internal: 127.0.0.1 - - [08/Feb/2024 16:07:45] "[36mGET /static/img/19.jpg HTTP/1.1[0m" 304 -
[2024-02-08 16:07:45,738] INFO in _internal: 127.0.0.1 - - [08/Feb/2024 16:07:45] "[36mGET /static/img/20.jpg HTTP/1.1[0m" 304 -
[2024-02-08 16:07:45,746] INFO in _internal: 127.0.0.1 - - [08/Feb/2024 16:07:45] "[36mGET /static/img/21.jpg HTTP/1.1[0m" 304 -
[2024-02-08 16:07:45,752] INFO in _internal: 127.0.0.1 - - [08/Feb/2024 16:07:45] "[36mGET /static/img/22.jpg HTTP/1.1[0m" 304 -
[2024-02-08 16:07:45,753] INFO in _internal: 127.0.0.1 - - [08/Feb/2024 16:07:45] "[36mGET /static/img/23.jpg HTTP/1.1[0m" 304 -
[2024-02-08 16:08:17,767] INFO in _internal: 127.0.0.1 - - [08/Feb/2024 16:08:17] "GET /escortv2 HTTP/1.1" 200 -
[2024-02-08 16:08:17,792] INFO in _internal: 127.0.0.1 - - [08/Feb/2024 16:08:17] "[36mGET /static/img/logo.png HTTP/1.1[0m" 304 -
[2024-02-08 16:08:17,792] INFO in _internal: 127.0.0.1 - - [08/Feb/2024 16:08:17] "GET /static/css/escortv2.css HTTP/1.1" 200 -
[2024-02-08 16:08:17,793] INFO in _internal: 127.0.0.1 - - [08/Feb/2024 16:08:17] "[36mGET /static/img/area.png HTTP/1.1[0m" 304 -
[2024-02-08 16:08:17,807] INFO in _internal: 127.0.0.1 - - [08/Feb/2024 16:08:17] "[36mGET /static/js/escortv2.js HTTP/1.1[0m" 304 -
[2024-02-08 16:08:17,870] INFO in _internal: 127.0.0.1 - - [08/Feb/2024 16:08:17] "[36mGET /static/img/1.jpg HTTP/1.1[0m" 304 -
[2024-02-08 16:08:17,875] INFO in _internal: 127.0.0.1 - - [08/Feb/2024 16:08:17] "[36mGET /static/img/3.jpg HTTP/1.1[0m" 304 -
[2024-02-08 16:08:17,876] INFO in _internal: 127.0.0.1 - - [08/Feb/2024 16:08:17] "[36mGET /static/img/2.jpg HTTP/1.1[0m" 304 -
[2024-02-08 16:08:17,883] INFO in _internal: 127.0.0.1 - - [08/Feb/2024 16:08:17] "[36mGET /static/img/4.jpg HTTP/1.1[0m" 304 -
[2024-02-08 16:08:17,901] INFO in _internal: 127.0.0.1 - - [08/Feb/2024 16:08:17] "[36mGET /static/img/19.jpg HTTP/1.1[0m" 304 -
[2024-02-08 16:08:17,904] INFO in _internal: 127.0.0.1 - - [08/Feb/2024 16:08:17] "[36mGET /static/img/20.jpg HTTP/1.1[0m" 304 -
[2024-02-08 16:08:17,913] INFO in _internal: 127.0.0.1 - - [08/Feb/2024 16:08:17] "[36mGET /static/img/21.jpg HTTP/1.1[0m" 304 -
[2024-02-08 16:08:17,919] INFO in _internal: 127.0.0.1 - - [08/Feb/2024 16:08:17] "[36mGET /static/img/22.jpg HTTP/1.1[0m" 304 -
[2024-02-08 16:08:17,922] INFO in _internal: 127.0.0.1 - - [08/Feb/2024 16:08:17] "[36mGET /static/img/23.jpg HTTP/1.1[0m" 304 -
[2024-02-08 16:08:32,025] INFO in _internal: 127.0.0.1 - - [08/Feb/2024 16:08:32] "GET /escortv2 HTTP/1.1" 200 -
[2024-02-08 16:08:32,042] INFO in _internal: 127.0.0.1 - - [08/Feb/2024 16:08:32] "GET /static/css/escortv2.css HTTP/1.1" 200 -
[2024-02-08 16:08:32,044] INFO in _internal: 127.0.0.1 - - [08/Feb/2024 16:08:32] "[36mGET /static/img/logo.png HTTP/1.1[0m" 304 -
[2024-02-08 16:08:32,044] INFO in _internal: 127.0.0.1 - - [08/Feb/2024 16:08:32] "[36mGET /static/img/area.png HTTP/1.1[0m" 304 -
[2024-02-08 16:08:32,056] INFO in _internal: 127.0.0.1 - - [08/Feb/2024 16:08:32] "[36mGET /static/js/escortv2.js HTTP/1.1[0m" 304 -
[2024-02-08 16:08:32,083] INFO in _internal: 127.0.0.1 - - [08/Feb/2024 16:08:32] "[36mGET /static/img/1.jpg HTTP/1.1[0m" 304 -
[2024-02-08 16:08:32,084] INFO in _internal: 127.0.0.1 - - [08/Feb/2024 16:08:32] "[36mGET /static/img/2.jpg HTTP/1.1[0m" 304 -
[2024-02-08 16:08:32,086] INFO in _internal: 127.0.0.1 - - [08/Feb/2024 16:08:32] "[36mGET /static/img/3.jpg HTTP/1.1[0m" 304 -
[2024-02-08 16:08:32,105] INFO in _internal: 127.0.0.1 - - [08/Feb/2024 16:08:32] "[36mGET /static/img/4.jpg HTTP/1.1[0m" 304 -
[2024-02-08 16:08:32,112] INFO in _internal: 127.0.0.1 - - [08/Feb/2024 16:08:32] "[36mGET /static/img/19.jpg HTTP/1.1[0m" 304 -
[2024-02-08 16:08:32,133] INFO in _internal: 127.0.0.1 - - [08/Feb/2024 16:08:32] "[36mGET /static/img/20.jpg HTTP/1.1[0m" 304 -
[2024-02-08 16:08:32,134] INFO in _internal: 127.0.0.1 - - [08/Feb/2024 16:08:32] "[36mGET /static/img/21.jpg HTTP/1.1[0m" 304 -
[2024-02-08 16:08:32,137] INFO in _internal: 127.0.0.1 - - [08/Feb/2024 16:08:32] "[36mGET /static/img/22.jpg HTTP/1.1[0m" 304 -
[2024-02-08 16:08:32,142] INFO in _internal: 127.0.0.1 - - [08/Feb/2024 16:08:32] "[36mGET /static/img/23.jpg HTTP/1.1[0m" 304 -
[2024-02-08 16:08:43,467] INFO in _internal: 127.0.0.1 - - [08/Feb/2024 16:08:43] "GET /escortv2 HTTP/1.1" 200 -
[2024-02-08 16:08:43,482] INFO in _internal: 127.0.0.1 - - [08/Feb/2024 16:08:43] "GET /static/css/escortv2.css HTTP/1.1" 200 -
[2024-02-08 16:08:43,487] INFO in _internal: 127.0.0.1 - - [08/Feb/2024 16:08:43] "[36mGET /static/img/logo.png HTTP/1.1[0m" 304 -
[2024-02-08 16:08:43,489] INFO in _internal: 127.0.0.1 - - [08/Feb/2024 16:08:43] "[36mGET /static/img/area.png HTTP/1.1[0m" 304 -
[2024-02-08 16:08:43,499] INFO in _internal: 127.0.0.1 - - [08/Feb/2024 16:08:43] "[36mGET /static/js/escortv2.js HTTP/1.1[0m" 304 -
[2024-02-08 16:08:43,523] INFO in _internal: 127.0.0.1 - - [08/Feb/2024 16:08:43] "[36mGET /static/img/2.jpg HTTP/1.1[0m" 304 -
[2024-02-08 16:08:43,527] INFO in _internal: 127.0.0.1 - - [08/Feb/2024 16:08:43] "[36mGET /static/img/1.jpg HTTP/1.1[0m" 304 -
[2024-02-08 16:08:43,542] INFO in _internal: 127.0.0.1 - - [08/Feb/2024 16:08:43] "[36mGET /static/img/3.jpg HTTP/1.1[0m" 304 -
[2024-02-08 16:08:43,544] INFO in _internal: 127.0.0.1 - - [08/Feb/2024 16:08:43] "[36mGET /static/img/4.jpg HTTP/1.1[0m" 304 -
[2024-02-08 16:08:43,546] INFO in _internal: 127.0.0.1 - - [08/Feb/2024 16:08:43] "[36mGET /static/img/19.jpg HTTP/1.1[0m" 304 -
[2024-02-08 16:08:43,549] INFO in _internal: 127.0.0.1 - - [08/Feb/2024 16:08:43] "[36mGET /static/img/20.jpg HTTP/1.1[0m" 304 -
[2024-02-08 16:08:43,553] INFO in _internal: 127.0.0.1 - - [08/Feb/2024 16:08:43] "[36mGET /static/img/22.jpg HTTP/1.1[0m" 304 -
[2024-02-08 16:08:43,556] INFO in _internal: 127.0.0.1 - - [08/Feb/2024 16:08:43] "[36mGET /static/img/21.jpg HTTP/1.1[0m" 304 -
[2024-02-08 16:08:43,560] INFO in _internal: 127.0.0.1 - - [08/Feb/2024 16:08:43] "[36mGET /static/img/23.jpg HTTP/1.1[0m" 304 -
[2024-02-08 16:08:51,609] INFO in _internal: 127.0.0.1 - - [08/Feb/2024 16:08:51] "GET /escortv2 HTTP/1.1" 200 -
[2024-02-08 16:08:51,631] INFO in _internal: 127.0.0.1 - - [08/Feb/2024 16:08:51] "GET /static/css/escortv2.css HTTP/1.1" 200 -
[2024-02-08 16:08:51,640] INFO in _internal: 127.0.0.1 - - [08/Feb/2024 16:08:51] "[36mGET /static/img/logo.png HTTP/1.1[0m" 304 -
[2024-02-08 16:08:51,644] INFO in _internal: 127.0.0.1 - - [08/Feb/2024 16:08:51] "[36mGET /static/img/area.png HTTP/1.1[0m" 304 -
[2024-02-08 16:08:51,662] INFO in _internal: 127.0.0.1 - - [08/Feb/2024 16:08:51] "[36mGET /static/js/escortv2.js HTTP/1.1[0m" 304 -
[2024-02-08 16:08:51,692] INFO in _internal: 127.0.0.1 - - [08/Feb/2024 16:08:51] "[36mGET /static/img/1.jpg HTTP/1.1[0m" 304 -
[2024-02-08 16:08:51,700] INFO in _internal: 127.0.0.1 - - [08/Feb/2024 16:08:51] "[36mGET /static/img/2.jpg HTTP/1.1[0m" 304 -
[2024-02-08 16:08:51,704] INFO in _internal: 127.0.0.1 - - [08/Feb/2024 16:08:51] "[36mGET /static/img/3.jpg HTTP/1.1[0m" 304 -
[2024-02-08 16:08:51,709] INFO in _internal: 127.0.0.1 - - [08/Feb/2024 16:08:51] "[36mGET /static/img/4.jpg HTTP/1.1[0m" 304 -
[2024-02-08 16:08:51,711] INFO in _internal: 127.0.0.1 - - [08/Feb/2024 16:08:51] "[36mGET /static/img/19.jpg HTTP/1.1[0m" 304 -
[2024-02-08 16:08:51,714] INFO in _internal: 127.0.0.1 - - [08/Feb/2024 16:08:51] "[36mGET /static/img/20.jpg HTTP/1.1[0m" 304 -
[2024-02-08 16:08:51,729] INFO in _internal: 127.0.0.1 - - [08/Feb/2024 16:08:51] "[36mGET /static/img/21.jpg HTTP/1.1[0m" 304 -
[2024-02-08 16:08:51,733] INFO in _internal: 127.0.0.1 - - [08/Feb/2024 16:08:51] "[36mGET /static/img/22.jpg HTTP/1.1[0m" 304 -
[2024-02-08 16:08:51,742] INFO in _internal: 127.0.0.1 - - [08/Feb/2024 16:08:51] "[36mGET /static/img/23.jpg HTTP/1.1[0m" 304 -
[2024-02-08 16:09:09,799] INFO in _internal: 127.0.0.1 - - [08/Feb/2024 16:09:09] "GET /escortv2 HTTP/1.1" 200 -
[2024-02-08 16:09:09,815] INFO in _internal: 127.0.0.1 - - [08/Feb/2024 16:09:09] "GET /static/css/escortv2.css HTTP/1.1" 200 -
[2024-02-08 16:09:09,826] INFO in _internal: 127.0.0.1 - - [08/Feb/2024 16:09:09] "[36mGET /static/img/logo.png HTTP/1.1[0m" 304 -
[2024-02-08 16:09:09,828] INFO in _internal: 127.0.0.1 - - [08/Feb/2024 16:09:09] "[36mGET /static/img/area.png HTTP/1.1[0m" 304 -
[2024-02-08 16:09:09,834] INFO in _internal: 127.0.0.1 - - [08/Feb/2024 16:09:09] "[36mGET /static/js/escortv2.js HTTP/1.1[0m" 304 -
[2024-02-08 16:09:09,865] INFO in _internal: 127.0.0.1 - - [08/Feb/2024 16:09:09] "[36mGET /static/img/1.jpg HTTP/1.1[0m" 304 -
[2024-02-08 16:09:09,865] INFO in _internal: 127.0.0.1 - - [08/Feb/2024 16:09:09] "[36mGET /static/img/2.jpg HTTP/1.1[0m" 304 -
[2024-02-08 16:09:09,882] INFO in _internal: 127.0.0.1 - - [08/Feb/2024 16:09:09] "[36mGET /static/img/3.jpg HTTP/1.1[0m" 304 -
[2024-02-08 16:09:09,891] INFO in _internal: 127.0.0.1 - - [08/Feb/2024 16:09:09] "[36mGET /static/img/4.jpg HTTP/1.1[0m" 304 -
[2024-02-08 16:09:09,893] INFO in _internal: 127.0.0.1 - - [08/Feb/2024 16:09:09] "[36mGET /static/img/19.jpg HTTP/1.1[0m" 304 -
[2024-02-08 16:09:09,898] INFO in _internal: 127.0.0.1 - - [08/Feb/2024 16:09:09] "[36mGET /static/img/20.jpg HTTP/1.1[0m" 304 -
[2024-02-08 16:09:09,901] INFO in _internal: 127.0.0.1 - - [08/Feb/2024 16:09:09] "[36mGET /static/img/21.jpg HTTP/1.1[0m" 304 -
[2024-02-08 16:09:09,909] INFO in _internal: 127.0.0.1 - - [08/Feb/2024 16:09:09] "[36mGET /static/img/22.jpg HTTP/1.1[0m" 304 -
[2024-02-08 16:09:09,913] INFO in _internal: 127.0.0.1 - - [08/Feb/2024 16:09:09] "[36mGET /static/img/23.jpg HTTP/1.1[0m" 304 -
[2024-02-08 16:09:27,152] INFO in _internal: 127.0.0.1 - - [08/Feb/2024 16:09:27] "GET /escortv2 HTTP/1.1" 200 -
[2024-02-08 16:09:27,178] INFO in _internal: 127.0.0.1 - - [08/Feb/2024 16:09:27] "GET /static/css/escortv2.css HTTP/1.1" 200 -
[2024-02-08 16:09:27,179] INFO in _internal: 127.0.0.1 - - [08/Feb/2024 16:09:27] "[36mGET /static/img/logo.png HTTP/1.1[0m" 304 -
[2024-02-08 16:09:27,180] INFO in _internal: 127.0.0.1 - - [08/Feb/2024 16:09:27] "[36mGET /static/img/area.png HTTP/1.1[0m" 304 -
[2024-02-08 16:09:27,197] INFO in _internal: 127.0.0.1 - - [08/Feb/2024 16:09:27] "[36mGET /static/js/escortv2.js HTTP/1.1[0m" 304 -
[2024-02-08 16:09:27,219] INFO in _internal: 127.0.0.1 - - [08/Feb/2024 16:09:27] "[36mGET /static/img/1.jpg HTTP/1.1[0m" 304 -
[2024-02-08 16:09:27,220] INFO in _internal: 127.0.0.1 - - [08/Feb/2024 16:09:27] "[36mGET /static/img/2.jpg HTTP/1.1[0m" 304 -
[2024-02-08 16:09:27,221] INFO in _internal: 127.0.0.1 - - [08/Feb/2024 16:09:27] "[36mGET /static/img/3.jpg HTTP/1.1[0m" 304 -
[2024-02-08 16:09:27,248] INFO in _internal: 127.0.0.1 - - [08/Feb/2024 16:09:27] "[36mGET /static/img/4.jpg HTTP/1.1[0m" 304 -
[2024-02-08 16:09:27,260] INFO in _internal: 127.0.0.1 - - [08/Feb/2024 16:09:27] "[36mGET /static/img/19.jpg HTTP/1.1[0m" 304 -
[2024-02-08 16:09:27,265] INFO in _internal: 127.0.0.1 - - [08/Feb/2024 16:09:27] "[36mGET /static/img/20.jpg HTTP/1.1[0m" 304 -
[2024-02-08 16:09:27,272] INFO in _internal: 127.0.0.1 - - [08/Feb/2024 16:09:27] "[36mGET /static/img/22.jpg HTTP/1.1[0m" 304 -
[2024-02-08 16:09:27,273] INFO in _internal: 127.0.0.1 - - [08/Feb/2024 16:09:27] "[36mGET /static/img/21.jpg HTTP/1.1[0m" 304 -
[2024-02-08 16:09:27,279] INFO in _internal: 127.0.0.1 - - [08/Feb/2024 16:09:27] "[36mGET /static/img/23.jpg HTTP/1.1[0m" 304 -
[2024-02-08 16:09:38,672] INFO in _internal: 127.0.0.1 - - [08/Feb/2024 16:09:38] "GET /escortv2 HTTP/1.1" 200 -
[2024-02-08 16:09:38,690] INFO in _internal: 127.0.0.1 - - [08/Feb/2024 16:09:38] "GET /static/css/escortv2.css HTTP/1.1" 200 -
[2024-02-08 16:09:38,691] INFO in _internal: 127.0.0.1 - - [08/Feb/2024 16:09:38] "[36mGET /static/img/logo.png HTTP/1.1[0m" 304 -
[2024-02-08 16:09:38,692] INFO in _internal: 127.0.0.1 - - [08/Feb/2024 16:09:38] "[36mGET /static/img/area.png HTTP/1.1[0m" 304 -
[2024-02-08 16:09:38,704] INFO in _internal: 127.0.0.1 - - [08/Feb/2024 16:09:38] "[36mGET /static/js/escortv2.js HTTP/1.1[0m" 304 -
[2024-02-08 16:09:38,762] INFO in _internal: 127.0.0.1 - - [08/Feb/2024 16:09:38] "[36mGET /static/img/1.jpg HTTP/1.1[0m" 304 -
[2024-02-08 16:09:38,764] INFO in _internal: 127.0.0.1 - - [08/Feb/2024 16:09:38] "[36mGET /static/img/4.jpg HTTP/1.1[0m" 304 -
[2024-02-08 16:09:38,766] INFO in _internal: 127.0.0.1 - - [08/Feb/2024 16:09:38] "[36mGET /static/img/19.jpg HTTP/1.1[0m" 304 -
[2024-02-08 16:09:38,767] INFO in _internal: 127.0.0.1 - - [08/Feb/2024 16:09:38] "[36mGET /static/img/3.jpg HTTP/1.1[0m" 304 -
[2024-02-08 16:09:38,768] INFO in _internal: 127.0.0.1 - - [08/Feb/2024 16:09:38] "[36mGET /static/img/2.jpg HTTP/1.1[0m" 304 -
[2024-02-08 16:09:38,769] INFO in _internal: 127.0.0.1 - - [08/Feb/2024 16:09:38] "[36mGET /static/img/20.jpg HTTP/1.1[0m" 304 -
[2024-02-08 16:09:38,811] INFO in _internal: 127.0.0.1 - - [08/Feb/2024 16:09:38] "[36mGET /static/img/21.jpg HTTP/1.1[0m" 304 -
[2024-02-08 16:09:38,815] INFO in _internal: 127.0.0.1 - - [08/Feb/2024 16:09:38] "[36mGET /static/img/23.jpg HTTP/1.1[0m" 304 -
[2024-02-08 16:09:38,818] INFO in _internal: 127.0.0.1 - - [08/Feb/2024 16:09:38] "[36mGET /static/img/22.jpg HTTP/1.1[0m" 304 -
[2024-02-08 16:09:51,599] INFO in _internal: 127.0.0.1 - - [08/Feb/2024 16:09:51] "GET /escortv2 HTTP/1.1" 200 -
[2024-02-08 16:09:51,618] INFO in _internal: 127.0.0.1 - - [08/Feb/2024 16:09:51] "GET /static/css/escortv2.css HTTP/1.1" 200 -
[2024-02-08 16:09:51,623] INFO in _internal: 127.0.0.1 - - [08/Feb/2024 16:09:51] "[36mGET /static/img/logo.png HTTP/1.1[0m" 304 -
[2024-02-08 16:09:51,624] INFO in _internal: 127.0.0.1 - - [08/Feb/2024 16:09:51] "[36mGET /static/img/area.png HTTP/1.1[0m" 304 -
[2024-02-08 16:09:51,634] INFO in _internal: 127.0.0.1 - - [08/Feb/2024 16:09:51] "[36mGET /static/js/escortv2.js HTTP/1.1[0m" 304 -
[2024-02-08 16:09:51,663] INFO in _internal: 127.0.0.1 - - [08/Feb/2024 16:09:51] "[36mGET /static/img/1.jpg HTTP/1.1[0m" 304 -
[2024-02-08 16:09:51,664] INFO in _internal: 127.0.0.1 - - [08/Feb/2024 16:09:51] "[36mGET /static/img/2.jpg HTTP/1.1[0m" 304 -
[2024-02-08 16:09:51,678] INFO in _internal: 127.0.0.1 - - [08/Feb/2024 16:09:51] "[36mGET /static/img/3.jpg HTTP/1.1[0m" 304 -
[2024-02-08 16:09:51,691] INFO in _internal: 127.0.0.1 - - [08/Feb/2024 16:09:51] "[36mGET /static/img/20.jpg HTTP/1.1[0m" 304 -
[2024-02-08 16:09:51,691] INFO in _internal: 127.0.0.1 - - [08/Feb/2024 16:09:51] "[36mGET /static/img/4.jpg HTTP/1.1[0m" 304 -
[2024-02-08 16:09:51,692] INFO in _internal: 127.0.0.1 - - [08/Feb/2024 16:09:51] "[36mGET /static/img/19.jpg HTTP/1.1[0m" 304 -
[2024-02-08 16:09:51,694] INFO in _internal: 127.0.0.1 - - [08/Feb/2024 16:09:51] "[36mGET /static/img/22.jpg HTTP/1.1[0m" 304 -
[2024-02-08 16:09:51,695] INFO in _internal: 127.0.0.1 - - [08/Feb/2024 16:09:51] "[36mGET /static/img/21.jpg HTTP/1.1[0m" 304 -
[2024-02-08 16:09:51,699] INFO in _internal: 127.0.0.1 - - [08/Feb/2024 16:09:51] "[36mGET /static/img/23.jpg HTTP/1.1[0m" 304 -
[2024-02-08 16:10:04,253] INFO in _internal: 127.0.0.1 - - [08/Feb/2024 16:10:04] "GET /escortv2 HTTP/1.1" 200 -
[2024-02-08 16:10:04,274] INFO in _internal: 127.0.0.1 - - [08/Feb/2024 16:10:04] "GET /static/css/escortv2.css HTTP/1.1" 200 -
[2024-02-08 16:10:04,275] INFO in _internal: 127.0.0.1 - - [08/Feb/2024 16:10:04] "[36mGET /static/img/logo.png HTTP/1.1[0m" 304 -
[2024-02-08 16:10:04,278] INFO in _internal: 127.0.0.1 - - [08/Feb/2024 16:10:04] "[36mGET /static/img/area.png HTTP/1.1[0m" 304 -
[2024-02-08 16:10:04,287] INFO in _internal: 127.0.0.1 - - [08/Feb/2024 16:10:04] "[36mGET /static/js/escortv2.js HTTP/1.1[0m" 304 -
[2024-02-08 16:10:04,326] INFO in _internal: 127.0.0.1 - - [08/Feb/2024 16:10:04] "[36mGET /static/img/1.jpg HTTP/1.1[0m" 304 -
[2024-02-08 16:10:04,331] INFO in _internal: 127.0.0.1 - - [08/Feb/2024 16:10:04] "[36mGET /static/img/2.jpg HTTP/1.1[0m" 304 -
[2024-02-08 16:10:04,335] INFO in _internal: 127.0.0.1 - - [08/Feb/2024 16:10:04] "[36mGET /static/img/4.jpg HTTP/1.1[0m" 304 -
[2024-02-08 16:10:04,337] INFO in _internal: 127.0.0.1 - - [08/Feb/2024 16:10:04] "[36mGET /static/img/3.jpg HTTP/1.1[0m" 304 -
[2024-02-08 16:10:04,348] INFO in _internal: 127.0.0.1 - - [08/Feb/2024 16:10:04] "[36mGET /static/img/19.jpg HTTP/1.1[0m" 304 -
[2024-02-08 16:10:04,353] INFO in _internal: 127.0.0.1 - - [08/Feb/2024 16:10:04] "[36mGET /static/img/20.jpg HTTP/1.1[0m" 304 -
[2024-02-08 16:10:04,366] INFO in _internal: 127.0.0.1 - - [08/Feb/2024 16:10:04] "[36mGET /static/img/21.jpg HTTP/1.1[0m" 304 -
[2024-02-08 16:10:04,367] INFO in _internal: 127.0.0.1 - - [08/Feb/2024 16:10:04] "[36mGET /static/img/22.jpg HTTP/1.1[0m" 304 -
[2024-02-08 16:10:04,368] INFO in _internal: 127.0.0.1 - - [08/Feb/2024 16:10:04] "[36mGET /static/img/23.jpg HTTP/1.1[0m" 304 -
[2024-02-08 16:10:13,648] INFO in _internal: 127.0.0.1 - - [08/Feb/2024 16:10:13] "GET /escortv2 HTTP/1.1" 200 -
[2024-02-08 16:10:13,665] INFO in _internal: 127.0.0.1 - - [08/Feb/2024 16:10:13] "GET /static/css/escortv2.css HTTP/1.1" 200 -
[2024-02-08 16:10:13,667] INFO in _internal: 127.0.0.1 - - [08/Feb/2024 16:10:13] "[36mGET /static/img/logo.png HTTP/1.1[0m" 304 -
[2024-02-08 16:10:13,670] INFO in _internal: 127.0.0.1 - - [08/Feb/2024 16:10:13] "[36mGET /static/img/area.png HTTP/1.1[0m" 304 -
[2024-02-08 16:10:13,683] INFO in _internal: 127.0.0.1 - - [08/Feb/2024 16:10:13] "[36mGET /static/js/escortv2.js HTTP/1.1[0m" 304 -
[2024-02-08 16:10:13,725] INFO in _internal: 127.0.0.1 - - [08/Feb/2024 16:10:13] "[36mGET /static/img/2.jpg HTTP/1.1[0m" 304 -
[2024-02-08 16:10:13,728] INFO in _internal: 127.0.0.1 - - [08/Feb/2024 16:10:13] "[36mGET /static/img/1.jpg HTTP/1.1[0m" 304 -
[2024-02-08 16:10:13,762] INFO in _internal: 127.0.0.1 - - [08/Feb/2024 16:10:13] "[36mGET /static/img/3.jpg HTTP/1.1[0m" 304 -
[2024-02-08 16:10:13,765] INFO in _internal: 127.0.0.1 - - [08/Feb/2024 16:10:13] "[36mGET /static/img/4.jpg HTTP/1.1[0m" 304 -
[2024-02-08 16:10:13,766] INFO in _internal: 127.0.0.1 - - [08/Feb/2024 16:10:13] "[36mGET /static/img/20.jpg HTTP/1.1[0m" 304 -
[2024-02-08 16:10:13,768] INFO in _internal: 127.0.0.1 - - [08/Feb/2024 16:10:13] "[36mGET /static/img/19.jpg HTTP/1.1[0m" 304 -
[2024-02-08 16:10:13,773] INFO in _internal: 127.0.0.1 - - [08/Feb/2024 16:10:13] "[36mGET /static/img/21.jpg HTTP/1.1[0m" 304 -
[2024-02-08 16:10:13,777] INFO in _internal: 127.0.0.1 - - [08/Feb/2024 16:10:13] "[36mGET /static/img/22.jpg HTTP/1.1[0m" 304 -
[2024-02-08 16:10:13,781] INFO in _internal: 127.0.0.1 - - [08/Feb/2024 16:10:13] "[36mGET /static/img/23.jpg HTTP/1.1[0m" 304 -
[2024-02-08 16:10:30,478] INFO in _internal: 127.0.0.1 - - [08/Feb/2024 16:10:30] "GET /escortv2 HTTP/1.1" 200 -
[2024-02-08 16:10:30,502] INFO in _internal: 127.0.0.1 - - [08/Feb/2024 16:10:30] "GET /static/css/escortv2.css HTTP/1.1" 200 -
[2024-02-08 16:10:30,502] INFO in _internal: 127.0.0.1 - - [08/Feb/2024 16:10:30] "[36mGET /static/img/logo.png HTTP/1.1[0m" 304 -
[2024-02-08 16:10:30,503] INFO in _internal: 127.0.0.1 - - [08/Feb/2024 16:10:30] "[36mGET /static/img/area.png HTTP/1.1[0m" 304 -
[2024-02-08 16:10:30,514] INFO in _internal: 127.0.0.1 - - [08/Feb/2024 16:10:30] "[36mGET /static/js/escortv2.js HTTP/1.1[0m" 304 -
[2024-02-08 16:10:30,550] INFO in _internal: 127.0.0.1 - - [08/Feb/2024 16:10:30] "[36mGET /static/img/1.jpg HTTP/1.1[0m" 304 -
[2024-02-08 16:10:30,576] INFO in _internal: 127.0.0.1 - - [08/Feb/2024 16:10:30] "[36mGET /static/img/2.jpg HTTP/1.1[0m" 304 -
[2024-02-08 16:10:30,578] INFO in _internal: 127.0.0.1 - - [08/Feb/2024 16:10:30] "[36mGET /static/img/3.jpg HTTP/1.1[0m" 304 -
[2024-02-08 16:10:30,578] INFO in _internal: 127.0.0.1 - - [08/Feb/2024 16:10:30] "[36mGET /static/img/4.jpg HTTP/1.1[0m" 304 -
[2024-02-08 16:10:30,581] INFO in _internal: 127.0.0.1 - - [08/Feb/2024 16:10:30] "[36mGET /static/img/19.jpg HTTP/1.1[0m" 304 -
[2024-02-08 16:10:30,590] INFO in _internal: 127.0.0.1 - - [08/Feb/2024 16:10:30] "[36mGET /static/img/20.jpg HTTP/1.1[0m" 304 -
[2024-02-08 16:10:30,593] INFO in _internal: 127.0.0.1 - - [08/Feb/2024 16:10:30] "[36mGET /static/img/21.jpg HTTP/1.1[0m" 304 -
[2024-02-08 16:10:30,598] INFO in _internal: 127.0.0.1 - - [08/Feb/2024 16:10:30] "[36mGET /static/img/22.jpg HTTP/1.1[0m" 304 -
[2024-02-08 16:10:30,601] INFO in _internal: 127.0.0.1 - - [08/Feb/2024 16:10:30] "[36mGET /static/img/23.jpg HTTP/1.1[0m" 304 -
[2024-02-08 16:10:40,251] INFO in _internal: 127.0.0.1 - - [08/Feb/2024 16:10:40] "GET /escortv2 HTTP/1.1" 200 -
[2024-02-08 16:10:40,271] INFO in _internal: 127.0.0.1 - - [08/Feb/2024 16:10:40] "[36mGET /static/img/logo.png HTTP/1.1[0m" 304 -
[2024-02-08 16:10:40,272] INFO in _internal: 127.0.0.1 - - [08/Feb/2024 16:10:40] "GET /static/css/escortv2.css HTTP/1.1" 200 -
[2024-02-08 16:10:40,274] INFO in _internal: 127.0.0.1 - - [08/Feb/2024 16:10:40] "[36mGET /static/img/area.png HTTP/1.1[0m" 304 -
[2024-02-08 16:10:40,284] INFO in _internal: 127.0.0.1 - - [08/Feb/2024 16:10:40] "[36mGET /static/js/escortv2.js HTTP/1.1[0m" 304 -
[2024-02-08 16:10:40,319] INFO in _internal: 127.0.0.1 - - [08/Feb/2024 16:10:40] "[36mGET /static/img/1.jpg HTTP/1.1[0m" 304 -
[2024-02-08 16:10:40,321] INFO in _internal: 127.0.0.1 - - [08/Feb/2024 16:10:40] "[36mGET /static/img/2.jpg HTTP/1.1[0m" 304 -
[2024-02-08 16:10:40,324] INFO in _internal: 127.0.0.1 - - [08/Feb/2024 16:10:40] "[36mGET /static/img/3.jpg HTTP/1.1[0m" 304 -
[2024-02-08 16:10:40,343] INFO in _internal: 127.0.0.1 - - [08/Feb/2024 16:10:40] "[36mGET /static/img/4.jpg HTTP/1.1[0m" 304 -
[2024-02-08 16:10:40,347] INFO in _internal: 127.0.0.1 - - [08/Feb/2024 16:10:40] "[36mGET /static/img/19.jpg HTTP/1.1[0m" 304 -
[2024-02-08 16:10:40,354] INFO in _internal: 127.0.0.1 - - [08/Feb/2024 16:10:40] "[36mGET /static/img/20.jpg HTTP/1.1[0m" 304 -
[2024-02-08 16:10:40,357] INFO in _internal: 127.0.0.1 - - [08/Feb/2024 16:10:40] "[36mGET /static/img/21.jpg HTTP/1.1[0m" 304 -
[2024-02-08 16:10:40,361] INFO in _internal: 127.0.0.1 - - [08/Feb/2024 16:10:40] "[36mGET /static/img/22.jpg HTTP/1.1[0m" 304 -
[2024-02-08 16:10:40,367] INFO in _internal: 127.0.0.1 - - [08/Feb/2024 16:10:40] "[36mGET /static/img/23.jpg HTTP/1.1[0m" 304 -
[2024-02-08 16:10:51,077] INFO in _internal: 127.0.0.1 - - [08/Feb/2024 16:10:51] "GET /escortv2 HTTP/1.1" 200 -
[2024-02-08 16:10:51,096] INFO in _internal: 127.0.0.1 - - [08/Feb/2024 16:10:51] "GET /static/css/escortv2.css HTTP/1.1" 200 -
[2024-02-08 16:10:51,097] INFO in _internal: 127.0.0.1 - - [08/Feb/2024 16:10:51] "[36mGET /static/img/logo.png HTTP/1.1[0m" 304 -
[2024-02-08 16:10:51,099] INFO in _internal: 127.0.0.1 - - [08/Feb/2024 16:10:51] "[36mGET /static/img/area.png HTTP/1.1[0m" 304 -
[2024-02-08 16:10:51,108] INFO in _internal: 127.0.0.1 - - [08/Feb/2024 16:10:51] "[36mGET /static/js/escortv2.js HTTP/1.1[0m" 304 -
[2024-02-08 16:10:51,140] INFO in _internal: 127.0.0.1 - - [08/Feb/2024 16:10:51] "[36mGET /static/img/1.jpg HTTP/1.1[0m" 304 -
[2024-02-08 16:10:51,145] INFO in _internal: 127.0.0.1 - - [08/Feb/2024 16:10:51] "[36mGET /static/img/2.jpg HTTP/1.1[0m" 304 -
[2024-02-08 16:10:51,150] INFO in _internal: 127.0.0.1 - - [08/Feb/2024 16:10:51] "[36mGET /static/img/4.jpg HTTP/1.1[0m" 304 -
[2024-02-08 16:10:51,152] INFO in _internal: 127.0.0.1 - - [08/Feb/2024 16:10:51] "[36mGET /static/img/3.jpg HTTP/1.1[0m" 304 -
[2024-02-08 16:10:51,163] INFO in _internal: 127.0.0.1 - - [08/Feb/2024 16:10:51] "[36mGET /static/img/19.jpg HTTP/1.1[0m" 304 -
[2024-02-08 16:10:51,177] INFO in _internal: 127.0.0.1 - - [08/Feb/2024 16:10:51] "[36mGET /static/img/20.jpg HTTP/1.1[0m" 304 -
[2024-02-08 16:10:51,181] INFO in _internal: 127.0.0.1 - - [08/Feb/2024 16:10:51] "[36mGET /static/img/21.jpg HTTP/1.1[0m" 304 -
[2024-02-08 16:10:51,183] INFO in _internal: 127.0.0.1 - - [08/Feb/2024 16:10:51] "[36mGET /static/img/22.jpg HTTP/1.1[0m" 304 -
[2024-02-08 16:10:51,189] INFO in _internal: 127.0.0.1 - - [08/Feb/2024 16:10:51] "[36mGET /static/img/23.jpg HTTP/1.1[0m" 304 -
[2024-02-08 16:16:27,038] INFO in _internal: 127.0.0.1 - - [08/Feb/2024 16:16:27] "GET /escortv2 HTTP/1.1" 200 -
[2024-02-08 16:16:27,060] INFO in _internal: 127.0.0.1 - - [08/Feb/2024 16:16:27] "[36mGET /static/img/logo.png HTTP/1.1[0m" 304 -
[2024-02-08 16:16:27,061] INFO in _internal: 127.0.0.1 - - [08/Feb/2024 16:16:27] "GET /static/css/escortv2.css HTTP/1.1" 200 -
[2024-02-08 16:16:27,064] INFO in _internal: 127.0.0.1 - - [08/Feb/2024 16:16:27] "[36mGET /static/img/area.png HTTP/1.1[0m" 304 -
[2024-02-08 16:16:27,073] INFO in _internal: 127.0.0.1 - - [08/Feb/2024 16:16:27] "[36mGET /static/js/escortv2.js HTTP/1.1[0m" 304 -
[2024-02-08 16:16:27,102] INFO in _internal: 127.0.0.1 - - [08/Feb/2024 16:16:27] "[36mGET /static/img/1.jpg HTTP/1.1[0m" 304 -
[2024-02-08 16:16:27,102] INFO in _internal: 127.0.0.1 - - [08/Feb/2024 16:16:27] "[36mGET /static/img/2.jpg HTTP/1.1[0m" 304 -
[2024-02-08 16:16:27,106] INFO in _internal: 127.0.0.1 - - [08/Feb/2024 16:16:27] "[36mGET /static/img/3.jpg HTTP/1.1[0m" 304 -
[2024-02-08 16:16:27,126] INFO in _internal: 127.0.0.1 - - [08/Feb/2024 16:16:27] "[36mGET /static/img/4.jpg HTTP/1.1[0m" 304 -
[2024-02-08 16:16:27,137] INFO in _internal: 127.0.0.1 - - [08/Feb/2024 16:16:27] "[36mGET /static/img/19.jpg HTTP/1.1[0m" 304 -
[2024-02-08 16:16:27,145] INFO in _internal: 127.0.0.1 - - [08/Feb/2024 16:16:27] "[36mGET /static/img/21.jpg HTTP/1.1[0m" 304 -
[2024-02-08 16:16:27,150] INFO in _internal: 127.0.0.1 - - [08/Feb/2024 16:16:27] "[36mGET /static/img/20.jpg HTTP/1.1[0m" 304 -
[2024-02-08 16:16:27,152] INFO in _internal: 127.0.0.1 - - [08/Feb/2024 16:16:27] "[36mGET /static/img/22.jpg HTTP/1.1[0m" 304 -
[2024-02-08 16:16:27,155] INFO in _internal: 127.0.0.1 - - [08/Feb/2024 16:16:27] "[36mGET /static/img/23.jpg HTTP/1.1[0m" 304 -
[2024-02-08 16:16:43,020] INFO in _internal: 127.0.0.1 - - [08/Feb/2024 16:16:43] "GET /escortv2 HTTP/1.1" 200 -
[2024-02-08 16:16:43,045] INFO in _internal: 127.0.0.1 - - [08/Feb/2024 16:16:43] "GET /static/css/escortv2.css HTTP/1.1" 200 -
[2024-02-08 16:16:43,048] INFO in _internal: 127.0.0.1 - - [08/Feb/2024 16:16:43] "[36mGET /static/img/logo.png HTTP/1.1[0m" 304 -
[2024-02-08 16:16:43,050] INFO in _internal: 127.0.0.1 - - [08/Feb/2024 16:16:43] "[36mGET /static/img/area.png HTTP/1.1[0m" 304 -
[2024-02-08 16:16:43,066] INFO in _internal: 127.0.0.1 - - [08/Feb/2024 16:16:43] "[36mGET /static/js/escortv2.js HTTP/1.1[0m" 304 -
[2024-02-08 16:16:43,112] INFO in _internal: 127.0.0.1 - - [08/Feb/2024 16:16:43] "[36mGET /static/img/1.jpg HTTP/1.1[0m" 304 -
[2024-02-08 16:16:43,127] INFO in _internal: 127.0.0.1 - - [08/Feb/2024 16:16:43] "[36mGET /static/img/3.jpg HTTP/1.1[0m" 304 -
[2024-02-08 16:16:43,128] INFO in _internal: 127.0.0.1 - - [08/Feb/2024 16:16:43] "[36mGET /static/img/2.jpg HTTP/1.1[0m" 304 -
[2024-02-08 16:16:43,129] INFO in _internal: 127.0.0.1 - - [08/Feb/2024 16:16:43] "[36mGET /static/img/4.jpg HTTP/1.1[0m" 304 -
[2024-02-08 16:16:43,130] INFO in _internal: 127.0.0.1 - - [08/Feb/2024 16:16:43] "[36mGET /static/img/19.jpg HTTP/1.1[0m" 304 -
[2024-02-08 16:16:43,133] INFO in _internal: 127.0.0.1 - - [08/Feb/2024 16:16:43] "[36mGET /static/img/20.jpg HTTP/1.1[0m" 304 -
[2024-02-08 16:16:43,138] INFO in _internal: 127.0.0.1 - - [08/Feb/2024 16:16:43] "[36mGET /static/img/21.jpg HTTP/1.1[0m" 304 -
[2024-02-08 16:16:43,161] INFO in _internal: 127.0.0.1 - - [08/Feb/2024 16:16:43] "[36mGET /static/img/22.jpg HTTP/1.1[0m" 304 -
[2024-02-08 16:16:43,162] INFO in _internal: 127.0.0.1 - - [08/Feb/2024 16:16:43] "[36mGET /static/img/23.jpg HTTP/1.1[0m" 304 -
[2024-02-08 16:19:23,975] INFO in _internal: 127.0.0.1 - - [08/Feb/2024 16:19:23] "GET /escortv2 HTTP/1.1" 200 -
[2024-02-08 16:19:23,998] INFO in _internal: 127.0.0.1 - - [08/Feb/2024 16:19:23] "GET /static/css/escortv2.css HTTP/1.1" 200 -
[2024-02-08 16:19:23,999] INFO in _internal: 127.0.0.1 - - [08/Feb/2024 16:19:23] "[36mGET /static/img/logo.png HTTP/1.1[0m" 304 -
[2024-02-08 16:19:24,001] INFO in _internal: 127.0.0.1 - - [08/Feb/2024 16:19:24] "[36mGET /static/img/area.png HTTP/1.1[0m" 304 -
[2024-02-08 16:19:24,014] INFO in _internal: 127.0.0.1 - - [08/Feb/2024 16:19:24] "GET /static/js/escortv2.js HTTP/1.1" 200 -
[2024-02-08 16:19:24,040] INFO in _internal: 127.0.0.1 - - [08/Feb/2024 16:19:24] "[36mGET /static/img/1.jpg HTTP/1.1[0m" 304 -
[2024-02-08 16:19:24,041] INFO in _internal: 127.0.0.1 - - [08/Feb/2024 16:19:24] "[36mGET /static/img/2.jpg HTTP/1.1[0m" 304 -
[2024-02-08 16:19:24,047] INFO in _internal: 127.0.0.1 - - [08/Feb/2024 16:19:24] "[36mGET /static/img/3.jpg HTTP/1.1[0m" 304 -
[2024-02-08 16:19:24,062] INFO in _internal: 127.0.0.1 - - [08/Feb/2024 16:19:24] "[36mGET /static/img/4.jpg HTTP/1.1[0m" 304 -
[2024-02-08 16:19:24,073] INFO in _internal: 127.0.0.1 - - [08/Feb/2024 16:19:24] "[36mGET /static/img/20.jpg HTTP/1.1[0m" 304 -
[2024-02-08 16:19:24,082] INFO in _internal: 127.0.0.1 - - [08/Feb/2024 16:19:24] "[36mGET /static/img/21.jpg HTTP/1.1[0m" 304 -
[2024-02-08 16:19:24,087] INFO in _internal: 127.0.0.1 - - [08/Feb/2024 16:19:24] "[36mGET /static/img/19.jpg HTTP/1.1[0m" 304 -
[2024-02-08 16:19:24,091] INFO in _internal: 127.0.0.1 - - [08/Feb/2024 16:19:24] "[36mGET /static/img/22.jpg HTTP/1.1[0m" 304 -
[2024-02-08 16:19:24,092] INFO in _internal: 127.0.0.1 - - [08/Feb/2024 16:19:24] "[36mGET /static/img/23.jpg HTTP/1.1[0m" 304 -
[2024-02-08 16:22:04,369] INFO in _internal: 127.0.0.1 - - [08/Feb/2024 16:22:04] "GET /escortv2 HTTP/1.1" 200 -
[2024-02-08 16:22:04,399] INFO in _internal: 127.0.0.1 - - [08/Feb/2024 16:22:04] "[36mGET /static/css/escortv2.css HTTP/1.1[0m" 304 -
[2024-02-08 16:22:04,400] INFO in _internal: 127.0.0.1 - - [08/Feb/2024 16:22:04] "[36mGET /static/img/logo.png HTTP/1.1[0m" 304 -
[2024-02-08 16:22:04,402] INFO in _internal: 127.0.0.1 - - [08/Feb/2024 16:22:04] "[36mGET /static/img/area.png HTTP/1.1[0m" 304 -
[2024-02-08 16:22:04,419] INFO in _internal: 127.0.0.1 - - [08/Feb/2024 16:22:04] "GET /static/js/escortv2.js HTTP/1.1" 200 -
[2024-02-08 16:22:04,450] INFO in _internal: 127.0.0.1 - - [08/Feb/2024 16:22:04] "[36mGET /static/img/3.jpg HTTP/1.1[0m" 304 -
[2024-02-08 16:22:04,451] INFO in _internal: 127.0.0.1 - - [08/Feb/2024 16:22:04] "[36mGET /static/img/4.jpg HTTP/1.1[0m" 304 -
[2024-02-08 16:22:04,451] INFO in _internal: 127.0.0.1 - - [08/Feb/2024 16:22:04] "[36mGET /static/img/2.jpg HTTP/1.1[0m" 304 -
[2024-02-08 16:22:04,454] INFO in _internal: 127.0.0.1 - - [08/Feb/2024 16:22:04] "[36mGET /static/img/1.jpg HTTP/1.1[0m" 304 -
[2024-02-08 16:22:04,455] INFO in _internal: 127.0.0.1 - - [08/Feb/2024 16:22:04] "[36mGET /static/img/19.jpg HTTP/1.1[0m" 304 -
[2024-02-08 16:22:04,457] INFO in _internal: 127.0.0.1 - - [08/Feb/2024 16:22:04] "[36mGET /static/img/20.jpg HTTP/1.1[0m" 304 -
[2024-02-08 16:22:04,484] INFO in _internal: 127.0.0.1 - - [08/Feb/2024 16:22:04] "[36mGET /static/img/21.jpg HTTP/1.1[0m" 304 -
[2024-02-08 16:22:04,486] INFO in _internal: 127.0.0.1 - - [08/Feb/2024 16:22:04] "[36mGET /static/img/22.jpg HTTP/1.1[0m" 304 -
[2024-02-08 16:22:04,501] INFO in _internal: 127.0.0.1 - - [08/Feb/2024 16:22:04] "[36mGET /static/img/23.jpg HTTP/1.1[0m" 304 -
[2024-02-08 16:24:05,993] INFO in _internal: 127.0.0.1 - - [08/Feb/2024 16:24:05] "GET /escortv2 HTTP/1.1" 200 -
[2024-02-08 16:24:06,015] INFO in _internal: 127.0.0.1 - - [08/Feb/2024 16:24:06] "GET /static/css/escortv2.css HTTP/1.1" 200 -
[2024-02-08 16:24:06,017] INFO in _internal: 127.0.0.1 - - [08/Feb/2024 16:24:06] "[36mGET /static/img/logo.png HTTP/1.1[0m" 304 -
[2024-02-08 16:24:06,020] INFO in _internal: 127.0.0.1 - - [08/Feb/2024 16:24:06] "[36mGET /static/img/area.png HTTP/1.1[0m" 304 -
[2024-02-08 16:24:06,030] INFO in _internal: 127.0.0.1 - - [08/Feb/2024 16:24:06] "GET /static/js/escortv2.js HTTP/1.1" 200 -
[2024-02-08 16:24:06,071] INFO in _internal: 127.0.0.1 - - [08/Feb/2024 16:24:06] "[36mGET /static/img/1.jpg HTTP/1.1[0m" 304 -
[2024-02-08 16:24:06,075] INFO in _internal: 127.0.0.1 - - [08/Feb/2024 16:24:06] "[36mGET /static/img/2.jpg HTTP/1.1[0m" 304 -
[2024-02-08 16:24:06,082] INFO in _internal: 127.0.0.1 - - [08/Feb/2024 16:24:06] "[36mGET /static/img/3.jpg HTTP/1.1[0m" 304 -
[2024-02-08 16:24:06,106] INFO in _internal: 127.0.0.1 - - [08/Feb/2024 16:24:06] "[36mGET /static/img/4.jpg HTTP/1.1[0m" 304 -
[2024-02-08 16:24:06,108] INFO in _internal: 127.0.0.1 - - [08/Feb/2024 16:24:06] "[36mGET /static/img/19.jpg HTTP/1.1[0m" 304 -
[2024-02-08 16:24:06,112] INFO in _internal: 127.0.0.1 - - [08/Feb/2024 16:24:06] "[36mGET /static/img/20.jpg HTTP/1.1[0m" 304 -
[2024-02-08 16:24:06,114] INFO in _internal: 127.0.0.1 - - [08/Feb/2024 16:24:06] "[36mGET /static/img/21.jpg HTTP/1.1[0m" 304 -
[2024-02-08 16:24:06,122] INFO in _internal: 127.0.0.1 - - [08/Feb/2024 16:24:06] "[36mGET /static/img/22.jpg HTTP/1.1[0m" 304 -
[2024-02-08 16:24:06,123] INFO in _internal: 127.0.0.1 - - [08/Feb/2024 16:24:06] "[36mGET /static/img/23.jpg HTTP/1.1[0m" 304 -
[2024-02-08 16:24:26,149] INFO in _internal: 127.0.0.1 - - [08/Feb/2024 16:24:26] "GET /escortv2 HTTP/1.1" 200 -
[2024-02-08 16:24:26,173] INFO in _internal: 127.0.0.1 - - [08/Feb/2024 16:24:26] "GET /static/css/escortv2.css HTTP/1.1" 200 -
[2024-02-08 16:24:26,175] INFO in _internal: 127.0.0.1 - - [08/Feb/2024 16:24:26] "[36mGET /static/img/logo.png HTTP/1.1[0m" 304 -
[2024-02-08 16:24:26,177] INFO in _internal: 127.0.0.1 - - [08/Feb/2024 16:24:26] "[36mGET /static/img/area.png HTTP/1.1[0m" 304 -
[2024-02-08 16:24:26,191] INFO in _internal: 127.0.0.1 - - [08/Feb/2024 16:24:26] "[36mGET /static/js/escortv2.js HTTP/1.1[0m" 304 -
[2024-02-08 16:24:26,233] INFO in _internal: 127.0.0.1 - - [08/Feb/2024 16:24:26] "[36mGET /static/img/2.jpg HTTP/1.1[0m" 304 -
[2024-02-08 16:24:26,235] INFO in _internal: 127.0.0.1 - - [08/Feb/2024 16:24:26] "[36mGET /static/img/3.jpg HTTP/1.1[0m" 304 -
[2024-02-08 16:24:26,238] INFO in _internal: 127.0.0.1 - - [08/Feb/2024 16:24:26] "[36mGET /static/img/4.jpg HTTP/1.1[0m" 304 -
[2024-02-08 16:24:26,238] INFO in _internal: 127.0.0.1 - - [08/Feb/2024 16:24:26] "[36mGET /static/img/1.jpg HTTP/1.1[0m" 304 -
[2024-02-08 16:24:26,279] INFO in _internal: 127.0.0.1 - - [08/Feb/2024 16:24:26] "[36mGET /static/img/19.jpg HTTP/1.1[0m" 304 -
[2024-02-08 16:24:26,283] INFO in _internal: 127.0.0.1 - - [08/Feb/2024 16:24:26] "[36mGET /static/img/20.jpg HTTP/1.1[0m" 304 -
[2024-02-08 16:24:26,286] INFO in _internal: 127.0.0.1 - - [08/Feb/2024 16:24:26] "[36mGET /static/img/21.jpg HTTP/1.1[0m" 304 -
[2024-02-08 16:24:26,291] INFO in _internal: 127.0.0.1 - - [08/Feb/2024 16:24:26] "[36mGET /static/img/22.jpg HTTP/1.1[0m" 304 -
[2024-02-08 16:24:26,293] INFO in _internal: 127.0.0.1 - - [08/Feb/2024 16:24:26] "[36mGET /static/img/23.jpg HTTP/1.1[0m" 304 -
[2024-02-08 16:24:42,668] INFO in _internal: 127.0.0.1 - - [08/Feb/2024 16:24:42] "GET /escortv2 HTTP/1.1" 200 -
[2024-02-08 16:24:42,691] INFO in _internal: 127.0.0.1 - - [08/Feb/2024 16:24:42] "GET /static/css/escortv2.css HTTP/1.1" 200 -
[2024-02-08 16:24:42,692] INFO in _internal: 127.0.0.1 - - [08/Feb/2024 16:24:42] "[36mGET /static/img/logo.png HTTP/1.1[0m" 304 -
[2024-02-08 16:24:42,694] INFO in _internal: 127.0.0.1 - - [08/Feb/2024 16:24:42] "[36mGET /static/img/area.png HTTP/1.1[0m" 304 -
[2024-02-08 16:24:42,708] INFO in _internal: 127.0.0.1 - - [08/Feb/2024 16:24:42] "[36mGET /static/js/escortv2.js HTTP/1.1[0m" 304 -
[2024-02-08 16:24:42,740] INFO in _internal: 127.0.0.1 - - [08/Feb/2024 16:24:42] "[36mGET /static/img/2.jpg HTTP/1.1[0m" 304 -
[2024-02-08 16:24:42,750] INFO in _internal: 127.0.0.1 - - [08/Feb/2024 16:24:42] "[36mGET /static/img/1.jpg HTTP/1.1[0m" 304 -
[2024-02-08 16:24:42,753] INFO in _internal: 127.0.0.1 - - [08/Feb/2024 16:24:42] "[36mGET /static/img/3.jpg HTTP/1.1[0m" 304 -
[2024-02-08 16:24:42,769] INFO in _internal: 127.0.0.1 - - [08/Feb/2024 16:24:42] "[36mGET /static/img/19.jpg HTTP/1.1[0m" 304 -
[2024-02-08 16:24:42,770] INFO in _internal: 127.0.0.1 - - [08/Feb/2024 16:24:42] "[36mGET /static/img/20.jpg HTTP/1.1[0m" 304 -
[2024-02-08 16:24:42,774] INFO in _internal: 127.0.0.1 - - [08/Feb/2024 16:24:42] "[36mGET /static/img/4.jpg HTTP/1.1[0m" 304 -
[2024-02-08 16:24:42,780] INFO in _internal: 127.0.0.1 - - [08/Feb/2024 16:24:42] "[36mGET /static/img/21.jpg HTTP/1.1[0m" 304 -
[2024-02-08 16:24:42,781] INFO in _internal: 127.0.0.1 - - [08/Feb/2024 16:24:42] "[36mGET /static/img/22.jpg HTTP/1.1[0m" 304 -
[2024-02-08 16:24:42,793] INFO in _internal: 127.0.0.1 - - [08/Feb/2024 16:24:42] "[36mGET /static/img/23.jpg HTTP/1.1[0m" 304 -
[2024-02-08 16:24:54,023] INFO in _internal: 127.0.0.1 - - [08/Feb/2024 16:24:54] "GET /escortv2 HTTP/1.1" 200 -
[2024-02-08 16:24:54,048] INFO in _internal: 127.0.0.1 - - [08/Feb/2024 16:24:54] "GET /static/css/escortv2.css HTTP/1.1" 200 -
[2024-02-08 16:24:54,049] INFO in _internal: 127.0.0.1 - - [08/Feb/2024 16:24:54] "[36mGET /static/img/logo.png HTTP/1.1[0m" 304 -
[2024-02-08 16:24:54,050] INFO in _internal: 127.0.0.1 - - [08/Feb/2024 16:24:54] "[36mGET /static/img/area.png HTTP/1.1[0m" 304 -
[2024-02-08 16:24:54,068] INFO in _internal: 127.0.0.1 - - [08/Feb/2024 16:24:54] "[36mGET /static/js/escortv2.js HTTP/1.1[0m" 304 -
[2024-02-08 16:24:54,103] INFO in _internal: 127.0.0.1 - - [08/Feb/2024 16:24:54] "[36mGET /static/img/2.jpg HTTP/1.1[0m" 304 -
[2024-02-08 16:24:54,105] INFO in _internal: 127.0.0.1 - - [08/Feb/2024 16:24:54] "[36mGET /static/img/3.jpg HTTP/1.1[0m" 304 -
[2024-02-08 16:24:54,105] INFO in _internal: 127.0.0.1 - - [08/Feb/2024 16:24:54] "[36mGET /static/img/1.jpg HTTP/1.1[0m" 304 -
[2024-02-08 16:24:54,120] INFO in _internal: 127.0.0.1 - - [08/Feb/2024 16:24:54] "[36mGET /static/img/20.jpg HTTP/1.1[0m" 304 -
[2024-02-08 16:24:54,131] INFO in _internal: 127.0.0.1 - - [08/Feb/2024 16:24:54] "[36mGET /static/img/19.jpg HTTP/1.1[0m" 304 -
[2024-02-08 16:24:54,132] INFO in _internal: 127.0.0.1 - - [08/Feb/2024 16:24:54] "[36mGET /static/img/4.jpg HTTP/1.1[0m" 304 -
[2024-02-08 16:24:54,138] INFO in _internal: 127.0.0.1 - - [08/Feb/2024 16:24:54] "[36mGET /static/img/21.jpg HTTP/1.1[0m" 304 -
[2024-02-08 16:24:54,141] INFO in _internal: 127.0.0.1 - - [08/Feb/2024 16:24:54] "[36mGET /static/img/22.jpg HTTP/1.1[0m" 304 -
[2024-02-08 16:24:54,143] INFO in _internal: 127.0.0.1 - - [08/Feb/2024 16:24:54] "[36mGET /static/img/23.jpg HTTP/1.1[0m" 304 -
[2024-02-08 16:25:03,244] INFO in _internal: 127.0.0.1 - - [08/Feb/2024 16:25:03] "GET /escortv2 HTTP/1.1" 200 -
[2024-02-08 16:25:03,266] INFO in _internal: 127.0.0.1 - - [08/Feb/2024 16:25:03] "GET /static/css/escortv2.css HTTP/1.1" 200 -
[2024-02-08 16:25:03,266] INFO in _internal: 127.0.0.1 - - [08/Feb/2024 16:25:03] "[36mGET /static/img/logo.png HTTP/1.1[0m" 304 -
[2024-02-08 16:25:03,267] INFO in _internal: 127.0.0.1 - - [08/Feb/2024 16:25:03] "[36mGET /static/img/area.png HTTP/1.1[0m" 304 -
[2024-02-08 16:25:03,279] INFO in _internal: 127.0.0.1 - - [08/Feb/2024 16:25:03] "[36mGET /static/js/escortv2.js HTTP/1.1[0m" 304 -
[2024-02-08 16:25:03,343] INFO in _internal: 127.0.0.1 - - [08/Feb/2024 16:25:03] "[36mGET /static/img/1.jpg HTTP/1.1[0m" 304 -
[2024-02-08 16:25:03,344] INFO in _internal: 127.0.0.1 - - [08/Feb/2024 16:25:03] "[36mGET /static/img/2.jpg HTTP/1.1[0m" 304 -
[2024-02-08 16:25:03,346] INFO in _internal: 127.0.0.1 - - [08/Feb/2024 16:25:03] "[36mGET /static/img/3.jpg HTTP/1.1[0m" 304 -
[2024-02-08 16:25:03,363] INFO in _internal: 127.0.0.1 - - [08/Feb/2024 16:25:03] "[36mGET /static/img/4.jpg HTTP/1.1[0m" 304 -
[2024-02-08 16:25:03,373] INFO in _internal: 127.0.0.1 - - [08/Feb/2024 16:25:03] "[36mGET /static/img/19.jpg HTTP/1.1[0m" 304 -
[2024-02-08 16:25:03,375] INFO in _internal: 127.0.0.1 - - [08/Feb/2024 16:25:03] "[36mGET /static/img/20.jpg HTTP/1.1[0m" 304 -
[2024-02-08 16:25:03,377] INFO in _internal: 127.0.0.1 - - [08/Feb/2024 16:25:03] "[36mGET /static/img/21.jpg HTTP/1.1[0m" 304 -
[2024-02-08 16:25:03,381] INFO in _internal: 127.0.0.1 - - [08/Feb/2024 16:25:03] "[36mGET /static/img/22.jpg HTTP/1.1[0m" 304 -
[2024-02-08 16:25:03,384] INFO in _internal: 127.0.0.1 - - [08/Feb/2024 16:25:03] "[36mGET /static/img/23.jpg HTTP/1.1[0m" 304 -
[2024-02-08 16:46:39,093] INFO in _internal: 127.0.0.1 - - [08/Feb/2024 16:46:39] "GET /escortv2 HTTP/1.1" 200 -
[2024-02-08 16:46:39,123] INFO in _internal: 127.0.0.1 - - [08/Feb/2024 16:46:39] "[36mGET /static/css/escortv2.css HTTP/1.1[0m" 304 -
[2024-02-08 16:46:39,125] INFO in _internal: 127.0.0.1 - - [08/Feb/2024 16:46:39] "[36mGET /static/img/logo.png HTTP/1.1[0m" 304 -
[2024-02-08 16:46:39,125] INFO in _internal: 127.0.0.1 - - [08/Feb/2024 16:46:39] "[36mGET /static/img/area.png HTTP/1.1[0m" 304 -
[2024-02-08 16:46:39,151] INFO in _internal: 127.0.0.1 - - [08/Feb/2024 16:46:39] "[36mGET /static/js/escortv2.js HTTP/1.1[0m" 304 -
[2024-02-08 16:46:39,300] INFO in _internal: 127.0.0.1 - - [08/Feb/2024 16:46:39] "[36mGET /static/img/1.jpg HTTP/1.1[0m" 304 -
[2024-02-08 16:46:39,303] INFO in _internal: 127.0.0.1 - - [08/Feb/2024 16:46:39] "[36mGET /static/img/2.jpg HTTP/1.1[0m" 304 -
[2024-02-08 16:46:39,317] INFO in _internal: 127.0.0.1 - - [08/Feb/2024 16:46:39] "[36mGET /static/img/4.jpg HTTP/1.1[0m" 304 -
[2024-02-08 16:46:39,322] INFO in _internal: 127.0.0.1 - - [08/Feb/2024 16:46:39] "[36mGET /static/img/3.jpg HTTP/1.1[0m" 304 -
[2024-02-08 16:46:39,329] INFO in _internal: 127.0.0.1 - - [08/Feb/2024 16:46:39] "[36mGET /static/img/19.jpg HTTP/1.1[0m" 304 -
[2024-02-08 16:46:39,333] INFO in _internal: 127.0.0.1 - - [08/Feb/2024 16:46:39] "[36mGET /static/img/20.jpg HTTP/1.1[0m" 304 -
[2024-02-08 16:46:39,335] INFO in _internal: 127.0.0.1 - - [08/Feb/2024 16:46:39] "[36mGET /static/img/21.jpg HTTP/1.1[0m" 304 -
[2024-02-08 16:46:39,339] INFO in _internal: 127.0.0.1 - - [08/Feb/2024 16:46:39] "[36mGET /static/img/22.jpg HTTP/1.1[0m" 304 -
[2024-02-08 16:46:39,343] INFO in _internal: 127.0.0.1 - - [08/Feb/2024 16:46:39] "[36mGET /static/img/23.jpg HTTP/1.1[0m" 304 -
[2024-02-08 16:46:52,771] INFO in _internal: 127.0.0.1 - - [08/Feb/2024 16:46:52] "GET /escortv2 HTTP/1.1" 200 -
[2024-02-08 16:46:52,791] INFO in _internal: 127.0.0.1 - - [08/Feb/2024 16:46:52] "[36mGET /static/img/logo.png HTTP/1.1[0m" 304 -
[2024-02-08 16:46:52,792] INFO in _internal: 127.0.0.1 - - [08/Feb/2024 16:46:52] "[36mGET /static/css/escortv2.css HTTP/1.1[0m" 304 -
[2024-02-08 16:46:52,793] INFO in _internal: 127.0.0.1 - - [08/Feb/2024 16:46:52] "[36mGET /static/img/area.png HTTP/1.1[0m" 304 -
[2024-02-08 16:46:52,805] INFO in _internal: 127.0.0.1 - - [08/Feb/2024 16:46:52] "GET /static/js/escortv2.js HTTP/1.1" 200 -
[2024-02-08 16:46:52,834] INFO in _internal: 127.0.0.1 - - [08/Feb/2024 16:46:52] "[36mGET /static/img/2.jpg HTTP/1.1[0m" 304 -
[2024-02-08 16:46:52,834] INFO in _internal: 127.0.0.1 - - [08/Feb/2024 16:46:52] "[36mGET /static/img/1.jpg HTTP/1.1[0m" 304 -
[2024-02-08 16:46:52,837] INFO in _internal: 127.0.0.1 - - [08/Feb/2024 16:46:52] "[36mGET /static/img/3.jpg HTTP/1.1[0m" 304 -
[2024-02-08 16:46:52,843] INFO in _internal: 127.0.0.1 - - [08/Feb/2024 16:46:52] "[36mGET /static/img/20.jpg HTTP/1.1[0m" 304 -
[2024-02-08 16:46:52,845] INFO in _internal: 127.0.0.1 - - [08/Feb/2024 16:46:52] "[36mGET /static/img/4.jpg HTTP/1.1[0m" 304 -
[2024-02-08 16:46:52,849] INFO in _internal: 127.0.0.1 - - [08/Feb/2024 16:46:52] "[36mGET /static/img/19.jpg HTTP/1.1[0m" 304 -
[2024-02-08 16:46:52,855] INFO in _internal: 127.0.0.1 - - [08/Feb/2024 16:46:52] "[36mGET /static/img/21.jpg HTTP/1.1[0m" 304 -
[2024-02-08 16:46:52,861] INFO in _internal: 127.0.0.1 - - [08/Feb/2024 16:46:52] "[36mGET /static/img/22.jpg HTTP/1.1[0m" 304 -
[2024-02-08 16:46:52,874] INFO in _internal: 127.0.0.1 - - [08/Feb/2024 16:46:52] "[36mGET /static/img/23.jpg HTTP/1.1[0m" 304 -
[2024-02-08 16:47:22,384] INFO in _internal: 127.0.0.1 - - [08/Feb/2024 16:47:22] "GET / HTTP/1.1" 200 -
[2024-02-08 16:47:22,414] INFO in _internal: 127.0.0.1 - - [08/Feb/2024 16:47:22] "[36mGET /static/css/templatemo-style.css HTTP/1.1[0m" 304 -
[2024-02-08 16:47:22,418] INFO in _internal: 127.0.0.1 - - [08/Feb/2024 16:47:22] "[36mGET /static/css/index.css HTTP/1.1[0m" 304 -
[2024-02-08 16:47:22,431] INFO in _internal: 127.0.0.1 - - [08/Feb/2024 16:47:22] "[36mGET /static/img/logo.png HTTP/1.1[0m" 304 -
[2024-02-08 16:47:22,690] INFO in _internal: 127.0.0.1 - - [08/Feb/2024 16:47:22] "GET /sensing_data HTTP/1.1" 200 -
[2024-02-08 16:47:42,868] INFO in _internal: 127.0.0.1 - - [08/Feb/2024 16:47:42] "GET / HTTP/1.1" 200 -
[2024-02-08 16:47:42,893] INFO in _internal: 127.0.0.1 - - [08/Feb/2024 16:47:42] "[36mGET /static/css/templatemo-style.css HTTP/1.1[0m" 304 -
[2024-02-08 16:47:42,894] INFO in _internal: 127.0.0.1 - - [08/Feb/2024 16:47:42] "[36mGET /static/img/logo.png HTTP/1.1[0m" 304 -
[2024-02-08 16:47:42,895] INFO in _internal: 127.0.0.1 - - [08/Feb/2024 16:47:42] "GET /static/css/index.css HTTP/1.1" 200 -
[2024-02-08 16:47:43,138] INFO in _internal: 127.0.0.1 - - [08/Feb/2024 16:47:43] "GET /sensing_data HTTP/1.1" 200 -
[2024-02-08 16:47:52,541] INFO in _internal: 127.0.0.1 - - [08/Feb/2024 16:47:52] "GET /escortv2 HTTP/1.1" 200 -
[2024-02-08 16:47:52,570] INFO in _internal: 127.0.0.1 - - [08/Feb/2024 16:47:52] "[36mGET /static/css/escortv2.css HTTP/1.1[0m" 304 -
[2024-02-08 16:47:52,570] INFO in _internal: 127.0.0.1 - - [08/Feb/2024 16:47:52] "[36mGET /static/img/area.png HTTP/1.1[0m" 304 -
[2024-02-08 16:47:52,571] INFO in _internal: 127.0.0.1 - - [08/Feb/2024 16:47:52] "[36mGET /static/img/logo.png HTTP/1.1[0m" 304 -
[2024-02-08 16:47:52,586] INFO in _internal: 127.0.0.1 - - [08/Feb/2024 16:47:52] "[36mGET /static/js/escortv2.js HTTP/1.1[0m" 304 -
[2024-02-08 16:47:52,607] INFO in _internal: 127.0.0.1 - - [08/Feb/2024 16:47:52] "[36mGET /static/img/1.jpg HTTP/1.1[0m" 304 -
[2024-02-08 16:47:52,609] INFO in _internal: 127.0.0.1 - - [08/Feb/2024 16:47:52] "[36mGET /static/img/2.jpg HTTP/1.1[0m" 304 -
[2024-02-08 16:47:52,626] INFO in _internal: 127.0.0.1 - - [08/Feb/2024 16:47:52] "[36mGET /static/img/3.jpg HTTP/1.1[0m" 304 -
[2024-02-08 16:47:52,628] INFO in _internal: 127.0.0.1 - - [08/Feb/2024 16:47:52] "[36mGET /static/img/4.jpg HTTP/1.1[0m" 304 -
[2024-02-08 16:47:52,634] INFO in _internal: 127.0.0.1 - - [08/Feb/2024 16:47:52] "[36mGET /static/img/19.jpg HTTP/1.1[0m" 304 -
[2024-02-08 16:47:52,637] INFO in _internal: 127.0.0.1 - - [08/Feb/2024 16:47:52] "[36mGET /static/img/20.jpg HTTP/1.1[0m" 304 -
[2024-02-08 16:47:52,639] INFO in _internal: 127.0.0.1 - - [08/Feb/2024 16:47:52] "[36mGET /static/img/21.jpg HTTP/1.1[0m" 304 -
[2024-02-08 16:47:52,645] INFO in _internal: 127.0.0.1 - - [08/Feb/2024 16:47:52] "[36mGET /static/img/22.jpg HTTP/1.1[0m" 304 -
[2024-02-08 16:47:52,657] INFO in _internal: 127.0.0.1 - - [08/Feb/2024 16:47:52] "[36mGET /static/img/23.jpg HTTP/1.1[0m" 304 -
[2024-02-08 16:48:55,777] INFO in _internal: 127.0.0.1 - - [08/Feb/2024 16:48:55] "GET /escortv2 HTTP/1.1" 200 -
[2024-02-08 16:48:55,808] INFO in _internal: 127.0.0.1 - - [08/Feb/2024 16:48:55] "[36mGET /static/img/logo.png HTTP/1.1[0m" 304 -
[2024-02-08 16:48:55,809] INFO in _internal: 127.0.0.1 - - [08/Feb/2024 16:48:55] "GET /static/css/escortv2.css HTTP/1.1" 200 -
[2024-02-08 16:48:55,811] INFO in _internal: 127.0.0.1 - - [08/Feb/2024 16:48:55] "[36mGET /static/img/area.png HTTP/1.1[0m" 304 -
[2024-02-08 16:48:55,832] INFO in _internal: 127.0.0.1 - - [08/Feb/2024 16:48:55] "[36mGET /static/js/escortv2.js HTTP/1.1[0m" 304 -
[2024-02-08 16:48:55,890] INFO in _internal: 127.0.0.1 - - [08/Feb/2024 16:48:55] "[36mGET /static/img/1.jpg HTTP/1.1[0m" 304 -
[2024-02-08 16:48:55,899] INFO in _internal: 127.0.0.1 - - [08/Feb/2024 16:48:55] "[36mGET /static/img/2.jpg HTTP/1.1[0m" 304 -
[2024-02-08 16:48:55,904] INFO in _internal: 127.0.0.1 - - [08/Feb/2024 16:48:55] "[36mGET /static/img/3.jpg HTTP/1.1[0m" 304 -
[2024-02-08 16:48:55,910] INFO in _internal: 127.0.0.1 - - [08/Feb/2024 16:48:55] "[36mGET /static/img/19.jpg HTTP/1.1[0m" 304 -
[2024-02-08 16:48:55,917] INFO in _internal: 127.0.0.1 - - [08/Feb/2024 16:48:55] "[36mGET /static/img/4.jpg HTTP/1.1[0m" 304 -
[2024-02-08 16:48:55,931] INFO in _internal: 127.0.0.1 - - [08/Feb/2024 16:48:55] "[36mGET /static/img/20.jpg HTTP/1.1[0m" 304 -
[2024-02-08 16:48:55,935] INFO in _internal: 127.0.0.1 - - [08/Feb/2024 16:48:55] "[36mGET /static/img/21.jpg HTTP/1.1[0m" 304 -
[2024-02-08 16:48:55,938] INFO in _internal: 127.0.0.1 - - [08/Feb/2024 16:48:55] "[36mGET /static/img/22.jpg HTTP/1.1[0m" 304 -
[2024-02-08 16:48:55,944] INFO in _internal: 127.0.0.1 - - [08/Feb/2024 16:48:55] "[36mGET /static/img/23.jpg HTTP/1.1[0m" 304 -
[2024-02-08 16:49:02,799] INFO in _internal: 127.0.0.1 - - [08/Feb/2024 16:49:02] "GET /escortv2 HTTP/1.1" 200 -
[2024-02-08 16:49:02,819] INFO in _internal: 127.0.0.1 - - [08/Feb/2024 16:49:02] "GET /static/css/escortv2.css HTTP/1.1" 200 -
[2024-02-08 16:49:02,819] INFO in _internal: 127.0.0.1 - - [08/Feb/2024 16:49:02] "[36mGET /static/img/logo.png HTTP/1.1[0m" 304 -
[2024-02-08 16:49:02,821] INFO in _internal: 127.0.0.1 - - [08/Feb/2024 16:49:02] "[36mGET /static/img/area.png HTTP/1.1[0m" 304 -
[2024-02-08 16:49:02,833] INFO in _internal: 127.0.0.1 - - [08/Feb/2024 16:49:02] "[36mGET /static/js/escortv2.js HTTP/1.1[0m" 304 -
[2024-02-08 16:49:02,888] INFO in _internal: 127.0.0.1 - - [08/Feb/2024 16:49:02] "[36mGET /static/img/1.jpg HTTP/1.1[0m" 304 -
[2024-02-08 16:49:02,896] INFO in _internal: 127.0.0.1 - - [08/Feb/2024 16:49:02] "[36mGET /static/img/3.jpg HTTP/1.1[0m" 304 -
[2024-02-08 16:49:02,896] INFO in _internal: 127.0.0.1 - - [08/Feb/2024 16:49:02] "[36mGET /static/img/2.jpg HTTP/1.1[0m" 304 -
[2024-02-08 16:49:02,900] INFO in _internal: 127.0.0.1 - - [08/Feb/2024 16:49:02] "[36mGET /static/img/4.jpg HTTP/1.1[0m" 304 -
[2024-02-08 16:49:02,907] INFO in _internal: 127.0.0.1 - - [08/Feb/2024 16:49:02] "[36mGET /static/img/19.jpg HTTP/1.1[0m" 304 -
[2024-02-08 16:49:02,910] INFO in _internal: 127.0.0.1 - - [08/Feb/2024 16:49:02] "[36mGET /static/img/20.jpg HTTP/1.1[0m" 304 -
[2024-02-08 16:49:02,925] INFO in _internal: 127.0.0.1 - - [08/Feb/2024 16:49:02] "[36mGET /static/img/21.jpg HTTP/1.1[0m" 304 -
[2024-02-08 16:49:02,932] INFO in _internal: 127.0.0.1 - - [08/Feb/2024 16:49:02] "[36mGET /static/img/22.jpg HTTP/1.1[0m" 304 -
[2024-02-08 16:49:02,934] INFO in _internal: 127.0.0.1 - - [08/Feb/2024 16:49:02] "[36mGET /static/img/23.jpg HTTP/1.1[0m" 304 -
[2024-02-08 16:55:51,963] INFO in _internal: 127.0.0.1 - - [08/Feb/2024 16:55:51] "GET /escortv2 HTTP/1.1" 200 -
[2024-02-08 16:55:51,992] INFO in _internal: 127.0.0.1 - - [08/Feb/2024 16:55:51] "[36mGET /static/css/escortv2.css HTTP/1.1[0m" 304 -
[2024-02-08 16:55:51,992] INFO in _internal: 127.0.0.1 - - [08/Feb/2024 16:55:51] "[36mGET /static/img/logo.png HTTP/1.1[0m" 304 -
[2024-02-08 16:55:51,993] INFO in _internal: 127.0.0.1 - - [08/Feb/2024 16:55:51] "[36mGET /static/img/area.png HTTP/1.1[0m" 304 -
[2024-02-08 16:55:52,007] INFO in _internal: 127.0.0.1 - - [08/Feb/2024 16:55:52] "[36mGET /static/js/escortv2.js HTTP/1.1[0m" 304 -
[2024-02-08 16:55:52,638] INFO in _internal: 127.0.0.1 - - [08/Feb/2024 16:55:52] "[36mGET /static/img/1.jpg HTTP/1.1[0m" 304 -
[2024-02-08 16:55:52,644] INFO in _internal: 127.0.0.1 - - [08/Feb/2024 16:55:52] "[36mGET /static/img/2.jpg HTTP/1.1[0m" 304 -
[2024-02-08 16:55:52,645] INFO in _internal: 127.0.0.1 - - [08/Feb/2024 16:55:52] "[36mGET /static/img/3.jpg HTTP/1.1[0m" 304 -
[2024-02-08 16:55:52,655] INFO in _internal: 127.0.0.1 - - [08/Feb/2024 16:55:52] "[36mGET /static/img/4.jpg HTTP/1.1[0m" 304 -
[2024-02-08 16:55:52,674] INFO in _internal: 127.0.0.1 - - [08/Feb/2024 16:55:52] "[36mGET /static/img/19.jpg HTTP/1.1[0m" 304 -
[2024-02-08 16:55:52,675] INFO in _internal: 127.0.0.1 - - [08/Feb/2024 16:55:52] "[36mGET /static/img/20.jpg HTTP/1.1[0m" 304 -
[2024-02-08 16:55:52,675] INFO in _internal: 127.0.0.1 - - [08/Feb/2024 16:55:52] "[36mGET /static/img/22.jpg HTTP/1.1[0m" 304 -
[2024-02-08 16:55:52,676] INFO in _internal: 127.0.0.1 - - [08/Feb/2024 16:55:52] "GET /static/img/23.jpg HTTP/1.1" 200 -
[2024-02-08 16:55:52,678] INFO in _internal: 127.0.0.1 - - [08/Feb/2024 16:55:52] "[36mGET /static/img/21.jpg HTTP/1.1[0m" 304 -
[2024-02-08 16:59:42,186] INFO in _internal: 127.0.0.1 - - [08/Feb/2024 16:59:42] "GET /escortv2 HTTP/1.1" 200 -
[2024-02-08 16:59:42,211] INFO in _internal: 127.0.0.1 - - [08/Feb/2024 16:59:42] "GET /static/css/escortv2.css HTTP/1.1" 200 -
[2024-02-08 16:59:42,212] INFO in _internal: 127.0.0.1 - - [08/Feb/2024 16:59:42] "[36mGET /static/img/logo.png HTTP/1.1[0m" 304 -
[2024-02-08 16:59:42,213] INFO in _internal: 127.0.0.1 - - [08/Feb/2024 16:59:42] "[36mGET /static/img/area.png HTTP/1.1[0m" 304 -
[2024-02-08 16:59:42,227] INFO in _internal: 127.0.0.1 - - [08/Feb/2024 16:59:42] "GET /static/js/escortv2.js HTTP/1.1" 200 -
[2024-02-08 16:59:42,287] INFO in _internal: 127.0.0.1 - - [08/Feb/2024 16:59:42] "[36mGET /static/img/1.jpg HTTP/1.1[0m" 304 -
[2024-02-08 16:59:42,304] INFO in _internal: 127.0.0.1 - - [08/Feb/2024 16:59:42] "[36mGET /static/img/2.jpg HTTP/1.1[0m" 304 -
[2024-02-08 16:59:42,305] INFO in _internal: 127.0.0.1 - - [08/Feb/2024 16:59:42] "[36mGET /static/img/3.jpg HTTP/1.1[0m" 304 -
[2024-02-08 16:59:42,313] INFO in _internal: 127.0.0.1 - - [08/Feb/2024 16:59:42] "[36mGET /static/img/4.jpg HTTP/1.1[0m" 304 -
[2024-02-08 16:59:42,320] INFO in _internal: 127.0.0.1 - - [08/Feb/2024 16:59:42] "[36mGET /static/img/19.jpg HTTP/1.1[0m" 304 -
[2024-02-08 16:59:42,325] INFO in _internal: 127.0.0.1 - - [08/Feb/2024 16:59:42] "[36mGET /static/img/20.jpg HTTP/1.1[0m" 304 -
[2024-02-08 16:59:42,330] INFO in _internal: 127.0.0.1 - - [08/Feb/2024 16:59:42] "[36mGET /static/img/21.jpg HTTP/1.1[0m" 304 -
[2024-02-08 16:59:42,335] INFO in _internal: 127.0.0.1 - - [08/Feb/2024 16:59:42] "[36mGET /static/img/22.jpg HTTP/1.1[0m" 304 -
[2024-02-08 16:59:42,337] INFO in _internal: 127.0.0.1 - - [08/Feb/2024 16:59:42] "[36mGET /static/img/23.jpg HTTP/1.1[0m" 304 -
[2024-02-08 17:00:15,865] INFO in _internal: 127.0.0.1 - - [08/Feb/2024 17:00:15] "GET /escortv2 HTTP/1.1" 200 -
[2024-02-08 17:00:15,891] INFO in _internal: 127.0.0.1 - - [08/Feb/2024 17:00:15] "[36mGET /static/css/escortv2.css HTTP/1.1[0m" 304 -
[2024-02-08 17:00:15,893] INFO in _internal: 127.0.0.1 - - [08/Feb/2024 17:00:15] "[36mGET /static/img/area.png HTTP/1.1[0m" 304 -
[2024-02-08 17:00:15,893] INFO in _internal: 127.0.0.1 - - [08/Feb/2024 17:00:15] "[36mGET /static/img/logo.png HTTP/1.1[0m" 304 -
[2024-02-08 17:00:15,908] INFO in _internal: 127.0.0.1 - - [08/Feb/2024 17:00:15] "GET /static/js/escortv2.js HTTP/1.1" 200 -
[2024-02-08 17:00:15,940] INFO in _internal: 127.0.0.1 - - [08/Feb/2024 17:00:15] "[36mGET /static/img/1.jpg HTTP/1.1[0m" 304 -
[2024-02-08 17:00:15,942] INFO in _internal: 127.0.0.1 - - [08/Feb/2024 17:00:15] "[36mGET /static/img/2.jpg HTTP/1.1[0m" 304 -
[2024-02-08 17:00:15,945] INFO in _internal: 127.0.0.1 - - [08/Feb/2024 17:00:15] "[36mGET /static/img/3.jpg HTTP/1.1[0m" 304 -
[2024-02-08 17:00:15,950] INFO in _internal: 127.0.0.1 - - [08/Feb/2024 17:00:15] "[36mGET /static/img/4.jpg HTTP/1.1[0m" 304 -
[2024-02-08 17:00:15,952] INFO in _internal: 127.0.0.1 - - [08/Feb/2024 17:00:15] "[36mGET /static/img/19.jpg HTTP/1.1[0m" 304 -
[2024-02-08 17:00:15,956] INFO in _internal: 127.0.0.1 - - [08/Feb/2024 17:00:15] "[36mGET /static/img/20.jpg HTTP/1.1[0m" 304 -
[2024-02-08 17:00:15,966] INFO in _internal: 127.0.0.1 - - [08/Feb/2024 17:00:15] "[36mGET /static/img/22.jpg HTTP/1.1[0m" 304 -
[2024-02-08 17:00:15,966] INFO in _internal: 127.0.0.1 - - [08/Feb/2024 17:00:15] "[36mGET /static/img/21.jpg HTTP/1.1[0m" 304 -
[2024-02-08 17:00:15,976] INFO in _internal: 127.0.0.1 - - [08/Feb/2024 17:00:15] "[36mGET /static/img/23.jpg HTTP/1.1[0m" 304 -
[2024-02-08 17:04:10,153] INFO in _internal: 127.0.0.1 - - [08/Feb/2024 17:04:10] "GET /escortv2 HTTP/1.1" 200 -
[2024-02-08 17:04:10,175] INFO in _internal: 127.0.0.1 - - [08/Feb/2024 17:04:10] "GET /static/css/escortv2.css HTTP/1.1" 200 -
[2024-02-08 17:04:10,176] INFO in _internal: 127.0.0.1 - - [08/Feb/2024 17:04:10] "[36mGET /static/img/logo.png HTTP/1.1[0m" 304 -
[2024-02-08 17:04:10,177] INFO in _internal: 127.0.0.1 - - [08/Feb/2024 17:04:10] "[36mGET /static/img/area.png HTTP/1.1[0m" 304 -
[2024-02-08 17:04:10,193] INFO in _internal: 127.0.0.1 - - [08/Feb/2024 17:04:10] "GET /static/js/escortv2.js HTTP/1.1" 200 -
[2024-02-08 17:04:10,278] INFO in _internal: 127.0.0.1 - - [08/Feb/2024 17:04:10] "[36mGET /static/img/1.jpg HTTP/1.1[0m" 304 -
[2024-02-08 17:04:10,280] INFO in _internal: 127.0.0.1 - - [08/Feb/2024 17:04:10] "[36mGET /static/img/2.jpg HTTP/1.1[0m" 304 -
[2024-02-08 17:04:10,280] INFO in _internal: 127.0.0.1 - - [08/Feb/2024 17:04:10] "[36mGET /static/img/3.jpg HTTP/1.1[0m" 304 -
[2024-02-08 17:04:10,289] INFO in _internal: 127.0.0.1 - - [08/Feb/2024 17:04:10] "[36mGET /static/img/4.jpg HTTP/1.1[0m" 304 -
[2024-02-08 17:04:10,308] INFO in _internal: 127.0.0.1 - - [08/Feb/2024 17:04:10] "[36mGET /static/img/19.jpg HTTP/1.1[0m" 304 -
[2024-02-08 17:04:10,314] INFO in _internal: 127.0.0.1 - - [08/Feb/2024 17:04:10] "[36mGET /static/img/20.jpg HTTP/1.1[0m" 304 -
[2024-02-08 17:04:10,317] INFO in _internal: 127.0.0.1 - - [08/Feb/2024 17:04:10] "[36mGET /static/img/22.jpg HTTP/1.1[0m" 304 -
[2024-02-08 17:04:10,320] INFO in _internal: 127.0.0.1 - - [08/Feb/2024 17:04:10] "[36mGET /static/img/21.jpg HTTP/1.1[0m" 304 -
[2024-02-08 17:04:10,333] INFO in _internal: 127.0.0.1 - - [08/Feb/2024 17:04:10] "[36mGET /static/img/23.jpg HTTP/1.1[0m" 304 -
[2024-02-08 17:05:06,879] INFO in _internal: 127.0.0.1 - - [08/Feb/2024 17:05:06] "GET /escortv2 HTTP/1.1" 200 -
[2024-02-08 17:05:06,906] INFO in _internal: 127.0.0.1 - - [08/Feb/2024 17:05:06] "[36mGET /static/css/escortv2.css HTTP/1.1[0m" 304 -
[2024-02-08 17:05:06,911] INFO in _internal: 127.0.0.1 - - [08/Feb/2024 17:05:06] "[36mGET /static/img/logo.png HTTP/1.1[0m" 304 -
[2024-02-08 17:05:06,912] INFO in _internal: 127.0.0.1 - - [08/Feb/2024 17:05:06] "[36mGET /static/img/area.png HTTP/1.1[0m" 304 -
[2024-02-08 17:05:06,926] INFO in _internal: 127.0.0.1 - - [08/Feb/2024 17:05:06] "GET /static/js/escortv2.js HTTP/1.1" 200 -
[2024-02-08 17:05:06,996] INFO in _internal: 127.0.0.1 - - [08/Feb/2024 17:05:06] "[36mGET /static/img/1.jpg HTTP/1.1[0m" 304 -
[2024-02-08 17:05:07,008] INFO in _internal: 127.0.0.1 - - [08/Feb/2024 17:05:07] "[36mGET /static/img/2.jpg HTTP/1.1[0m" 304 -
[2024-02-08 17:05:07,024] INFO in _internal: 127.0.0.1 - - [08/Feb/2024 17:05:07] "[36mGET /static/img/3.jpg HTTP/1.1[0m" 304 -
[2024-02-08 17:05:07,028] INFO in _internal: 127.0.0.1 - - [08/Feb/2024 17:05:07] "[36mGET /static/img/19.jpg HTTP/1.1[0m" 304 -
[2024-02-08 17:05:07,030] INFO in _internal: 127.0.0.1 - - [08/Feb/2024 17:05:07] "[36mGET /static/img/4.jpg HTTP/1.1[0m" 304 -
[2024-02-08 17:05:07,041] INFO in _internal: 127.0.0.1 - - [08/Feb/2024 17:05:07] "[36mGET /static/img/20.jpg HTTP/1.1[0m" 304 -
[2024-02-08 17:05:07,049] INFO in _internal: 127.0.0.1 - - [08/Feb/2024 17:05:07] "[36mGET /static/img/21.jpg HTTP/1.1[0m" 304 -
[2024-02-08 17:05:07,058] INFO in _internal: 127.0.0.1 - - [08/Feb/2024 17:05:07] "[36mGET /static/img/23.jpg HTTP/1.1[0m" 304 -
[2024-02-08 17:05:07,061] INFO in _internal: 127.0.0.1 - - [08/Feb/2024 17:05:07] "[36mGET /static/img/22.jpg HTTP/1.1[0m" 304 -
[2024-02-08 17:05:41,899] INFO in _internal: 127.0.0.1 - - [08/Feb/2024 17:05:41] "GET /escortv2 HTTP/1.1" 200 -
[2024-02-08 17:05:41,921] INFO in _internal: 127.0.0.1 - - [08/Feb/2024 17:05:41] "[36mGET /static/img/logo.png HTTP/1.1[0m" 304 -
[2024-02-08 17:05:41,921] INFO in _internal: 127.0.0.1 - - [08/Feb/2024 17:05:41] "[36mGET /static/css/escortv2.css HTTP/1.1[0m" 304 -
[2024-02-08 17:05:41,925] INFO in _internal: 127.0.0.1 - - [08/Feb/2024 17:05:41] "[36mGET /static/img/area.png HTTP/1.1[0m" 304 -
[2024-02-08 17:05:41,938] INFO in _internal: 127.0.0.1 - - [08/Feb/2024 17:05:41] "[36mGET /static/js/escortv2.js HTTP/1.1[0m" 304 -
[2024-02-08 17:05:41,963] INFO in _internal: 127.0.0.1 - - [08/Feb/2024 17:05:41] "[36mGET /static/img/1.jpg HTTP/1.1[0m" 304 -
[2024-02-08 17:05:41,966] INFO in _internal: 127.0.0.1 - - [08/Feb/2024 17:05:41] "[36mGET /static/img/3.jpg HTTP/1.1[0m" 304 -
[2024-02-08 17:05:41,969] INFO in _internal: 127.0.0.1 - - [08/Feb/2024 17:05:41] "[36mGET /static/img/2.jpg HTTP/1.1[0m" 304 -
[2024-02-08 17:05:41,987] INFO in _internal: 127.0.0.1 - - [08/Feb/2024 17:05:41] "[36mGET /static/img/4.jpg HTTP/1.1[0m" 304 -
[2024-02-08 17:05:41,991] INFO in _internal: 127.0.0.1 - - [08/Feb/2024 17:05:41] "[36mGET /static/img/19.jpg HTTP/1.1[0m" 304 -
[2024-02-08 17:05:41,998] INFO in _internal: 127.0.0.1 - - [08/Feb/2024 17:05:41] "[36mGET /static/img/20.jpg HTTP/1.1[0m" 304 -
[2024-02-08 17:05:42,000] INFO in _internal: 127.0.0.1 - - [08/Feb/2024 17:05:42] "[36mGET /static/img/21.jpg HTTP/1.1[0m" 304 -
[2024-02-08 17:05:42,011] INFO in _internal: 127.0.0.1 - - [08/Feb/2024 17:05:42] "[36mGET /static/img/22.jpg HTTP/1.1[0m" 304 -
[2024-02-08 17:05:42,013] INFO in _internal: 127.0.0.1 - - [08/Feb/2024 17:05:42] "[36mGET /static/img/23.jpg HTTP/1.1[0m" 304 -
[2024-02-08 17:05:49,040] INFO in _internal: 127.0.0.1 - - [08/Feb/2024 17:05:49] "GET /escortv2 HTTP/1.1" 200 -
[2024-02-08 17:05:49,060] INFO in _internal: 127.0.0.1 - - [08/Feb/2024 17:05:49] "[36mGET /static/css/escortv2.css HTTP/1.1[0m" 304 -
[2024-02-08 17:05:49,064] INFO in _internal: 127.0.0.1 - - [08/Feb/2024 17:05:49] "[36mGET /static/img/logo.png HTTP/1.1[0m" 304 -
[2024-02-08 17:05:49,066] INFO in _internal: 127.0.0.1 - - [08/Feb/2024 17:05:49] "[36mGET /static/img/area.png HTTP/1.1[0m" 304 -
[2024-02-08 17:05:49,074] INFO in _internal: 127.0.0.1 - - [08/Feb/2024 17:05:49] "[36mGET /static/js/escortv2.js HTTP/1.1[0m" 304 -
[2024-02-08 17:05:49,106] INFO in _internal: 127.0.0.1 - - [08/Feb/2024 17:05:49] "[36mGET /static/img/4.jpg HTTP/1.1[0m" 304 -
[2024-02-08 17:05:49,107] INFO in _internal: 127.0.0.1 - - [08/Feb/2024 17:05:49] "[36mGET /static/img/3.jpg HTTP/1.1[0m" 304 -
[2024-02-08 17:05:49,110] INFO in _internal: 127.0.0.1 - - [08/Feb/2024 17:05:49] "[36mGET /static/img/2.jpg HTTP/1.1[0m" 304 -
[2024-02-08 17:05:49,111] INFO in _internal: 127.0.0.1 - - [08/Feb/2024 17:05:49] "[36mGET /static/img/1.jpg HTTP/1.1[0m" 304 -
[2024-02-08 17:05:49,118] INFO in _internal: 127.0.0.1 - - [08/Feb/2024 17:05:49] "[36mGET /static/img/19.jpg HTTP/1.1[0m" 304 -
[2024-02-08 17:05:49,129] INFO in _internal: 127.0.0.1 - - [08/Feb/2024 17:05:49] "[36mGET /static/img/20.jpg HTTP/1.1[0m" 304 -
[2024-02-08 17:05:49,136] INFO in _internal: 127.0.0.1 - - [08/Feb/2024 17:05:49] "[36mGET /static/img/21.jpg HTTP/1.1[0m" 304 -
[2024-02-08 17:05:49,147] INFO in _internal: 127.0.0.1 - - [08/Feb/2024 17:05:49] "[36mGET /static/img/22.jpg HTTP/1.1[0m" 304 -
[2024-02-08 17:05:49,149] INFO in _internal: 127.0.0.1 - - [08/Feb/2024 17:05:49] "[36mGET /static/img/23.jpg HTTP/1.1[0m" 304 -
[2024-02-08 17:08:01,890] INFO in _internal: 127.0.0.1 - - [08/Feb/2024 17:08:01] "GET /escortv2 HTTP/1.1" 200 -
[2024-02-08 17:08:01,915] INFO in _internal: 127.0.0.1 - - [08/Feb/2024 17:08:01] "[36mGET /static/css/escortv2.css HTTP/1.1[0m" 304 -
[2024-02-08 17:08:01,915] INFO in _internal: 127.0.0.1 - - [08/Feb/2024 17:08:01] "[36mGET /static/img/logo.png HTTP/1.1[0m" 304 -
[2024-02-08 17:08:01,928] INFO in _internal: 127.0.0.1 - - [08/Feb/2024 17:08:01] "[36mGET /static/img/area.png HTTP/1.1[0m" 304 -
[2024-02-08 17:08:01,937] INFO in _internal: 127.0.0.1 - - [08/Feb/2024 17:08:01] "GET /static/js/escortv2.js HTTP/1.1" 200 -
[2024-02-08 17:08:02,013] INFO in _internal: 127.0.0.1 - - [08/Feb/2024 17:08:02] "[36mGET /static/img/1.jpg HTTP/1.1[0m" 304 -
[2024-02-08 17:08:02,015] INFO in _internal: 127.0.0.1 - - [08/Feb/2024 17:08:02] "[36mGET /static/img/2.jpg HTTP/1.1[0m" 304 -
[2024-02-08 17:08:02,019] INFO in _internal: 127.0.0.1 - - [08/Feb/2024 17:08:02] "[36mGET /static/img/3.jpg HTTP/1.1[0m" 304 -
[2024-02-08 17:08:02,021] INFO in _internal: 127.0.0.1 - - [08/Feb/2024 17:08:02] "[36mGET /static/img/4.jpg HTTP/1.1[0m" 304 -
[2024-02-08 17:08:02,032] INFO in _internal: 127.0.0.1 - - [08/Feb/2024 17:08:02] "[36mGET /static/img/19.jpg HTTP/1.1[0m" 304 -
[2024-02-08 17:08:02,086] INFO in _internal: 127.0.0.1 - - [08/Feb/2024 17:08:02] "[36mGET /static/img/20.jpg HTTP/1.1[0m" 304 -
[2024-02-08 17:08:02,091] INFO in _internal: 127.0.0.1 - - [08/Feb/2024 17:08:02] "[36mGET /static/img/21.jpg HTTP/1.1[0m" 304 -
[2024-02-08 17:08:02,093] INFO in _internal: 127.0.0.1 - - [08/Feb/2024 17:08:02] "[36mGET /static/img/23.jpg HTTP/1.1[0m" 304 -
[2024-02-08 17:08:02,097] INFO in _internal: 127.0.0.1 - - [08/Feb/2024 17:08:02] "[36mGET /static/img/22.jpg HTTP/1.1[0m" 304 -
[2024-02-08 17:08:06,769] INFO in _internal: 127.0.0.1 - - [08/Feb/2024 17:08:06] "GET /escortv2 HTTP/1.1" 200 -
[2024-02-08 17:08:06,792] INFO in _internal: 127.0.0.1 - - [08/Feb/2024 17:08:06] "[36mGET /static/css/escortv2.css HTTP/1.1[0m" 304 -
[2024-02-08 17:08:06,793] INFO in _internal: 127.0.0.1 - - [08/Feb/2024 17:08:06] "[36mGET /static/img/logo.png HTTP/1.1[0m" 304 -
[2024-02-08 17:08:06,795] INFO in _internal: 127.0.0.1 - - [08/Feb/2024 17:08:06] "[36mGET /static/img/area.png HTTP/1.1[0m" 304 -
[2024-02-08 17:08:06,806] INFO in _internal: 127.0.0.1 - - [08/Feb/2024 17:08:06] "[36mGET /static/js/escortv2.js HTTP/1.1[0m" 304 -
[2024-02-08 17:08:06,832] INFO in _internal: 127.0.0.1 - - [08/Feb/2024 17:08:06] "[36mGET /static/img/1.jpg HTTP/1.1[0m" 304 -
[2024-02-08 17:08:06,833] INFO in _internal: 127.0.0.1 - - [08/Feb/2024 17:08:06] "[36mGET /static/img/2.jpg HTTP/1.1[0m" 304 -
[2024-02-08 17:08:06,846] INFO in _internal: 127.0.0.1 - - [08/Feb/2024 17:08:06] "[36mGET /static/img/3.jpg HTTP/1.1[0m" 304 -
[2024-02-08 17:08:06,847] INFO in _internal: 127.0.0.1 - - [08/Feb/2024 17:08:06] "[36mGET /static/img/4.jpg HTTP/1.1[0m" 304 -
[2024-02-08 17:08:06,855] INFO in _internal: 127.0.0.1 - - [08/Feb/2024 17:08:06] "[36mGET /static/img/19.jpg HTTP/1.1[0m" 304 -
[2024-02-08 17:08:06,858] INFO in _internal: 127.0.0.1 - - [08/Feb/2024 17:08:06] "[36mGET /static/img/20.jpg HTTP/1.1[0m" 304 -
[2024-02-08 17:08:06,871] INFO in _internal: 127.0.0.1 - - [08/Feb/2024 17:08:06] "[36mGET /static/img/21.jpg HTTP/1.1[0m" 304 -
[2024-02-08 17:08:06,887] INFO in _internal: 127.0.0.1 - - [08/Feb/2024 17:08:06] "[36mGET /static/img/22.jpg HTTP/1.1[0m" 304 -
[2024-02-08 17:08:06,889] INFO in _internal: 127.0.0.1 - - [08/Feb/2024 17:08:06] "[36mGET /static/img/23.jpg HTTP/1.1[0m" 304 -
[2024-02-08 17:10:13,177] INFO in _internal: 127.0.0.1 - - [08/Feb/2024 17:10:13] "GET /escortv2 HTTP/1.1" 200 -
[2024-02-08 17:10:13,210] INFO in _internal: 127.0.0.1 - - [08/Feb/2024 17:10:13] "[36mGET /static/img/logo.png HTTP/1.1[0m" 304 -
[2024-02-08 17:10:13,211] INFO in _internal: 127.0.0.1 - - [08/Feb/2024 17:10:13] "GET /static/css/escortv2.css HTTP/1.1" 200 -
[2024-02-08 17:10:13,213] INFO in _internal: 127.0.0.1 - - [08/Feb/2024 17:10:13] "[36mGET /static/img/area.png HTTP/1.1[0m" 304 -
[2024-02-08 17:10:13,224] INFO in _internal: 127.0.0.1 - - [08/Feb/2024 17:10:13] "[36mGET /static/js/escortv2.js HTTP/1.1[0m" 304 -
[2024-02-08 17:10:13,263] INFO in _internal: 127.0.0.1 - - [08/Feb/2024 17:10:13] "[36mGET /static/img/1.jpg HTTP/1.1[0m" 304 -
[2024-02-08 17:10:13,266] INFO in _internal: 127.0.0.1 - - [08/Feb/2024 17:10:13] "[36mGET /static/img/2.jpg HTTP/1.1[0m" 304 -
[2024-02-08 17:10:13,272] INFO in _internal: 127.0.0.1 - - [08/Feb/2024 17:10:13] "[36mGET /static/img/3.jpg HTTP/1.1[0m" 304 -
[2024-02-08 17:10:13,289] INFO in _internal: 127.0.0.1 - - [08/Feb/2024 17:10:13] "[36mGET /static/img/4.jpg HTTP/1.1[0m" 304 -
[2024-02-08 17:10:13,304] INFO in _internal: 127.0.0.1 - - [08/Feb/2024 17:10:13] "[36mGET /static/img/20.jpg HTTP/1.1[0m" 304 -
[2024-02-08 17:10:13,309] INFO in _internal: 127.0.0.1 - - [08/Feb/2024 17:10:13] "[36mGET /static/img/19.jpg HTTP/1.1[0m" 304 -
[2024-02-08 17:10:13,313] INFO in _internal: 127.0.0.1 - - [08/Feb/2024 17:10:13] "[36mGET /static/img/21.jpg HTTP/1.1[0m" 304 -
[2024-02-08 17:10:13,314] INFO in _internal: 127.0.0.1 - - [08/Feb/2024 17:10:13] "[36mGET /static/img/22.jpg HTTP/1.1[0m" 304 -
[2024-02-08 17:10:13,316] INFO in _internal: 127.0.0.1 - - [08/Feb/2024 17:10:13] "[36mGET /static/img/23.jpg HTTP/1.1[0m" 304 -
[2024-02-08 17:10:33,101] INFO in _internal: 127.0.0.1 - - [08/Feb/2024 17:10:33] "GET /escortv2 HTTP/1.1" 200 -
[2024-02-08 17:10:33,129] INFO in _internal: 127.0.0.1 - - [08/Feb/2024 17:10:33] "[36mGET /static/css/escortv2.css HTTP/1.1[0m" 304 -
[2024-02-08 17:10:33,130] INFO in _internal: 127.0.0.1 - - [08/Feb/2024 17:10:33] "[36mGET /static/img/logo.png HTTP/1.1[0m" 304 -
[2024-02-08 17:10:33,132] INFO in _internal: 127.0.0.1 - - [08/Feb/2024 17:10:33] "[36mGET /static/img/area.png HTTP/1.1[0m" 304 -
[2024-02-08 17:10:33,145] INFO in _internal: 127.0.0.1 - - [08/Feb/2024 17:10:33] "GET /static/js/escortv2.js HTTP/1.1" 200 -
[2024-02-08 17:10:33,237] INFO in _internal: 127.0.0.1 - - [08/Feb/2024 17:10:33] "[36mGET /static/img/1.jpg HTTP/1.1[0m" 304 -
[2024-02-08 17:10:33,240] INFO in _internal: 127.0.0.1 - - [08/Feb/2024 17:10:33] "[36mGET /static/img/4.jpg HTTP/1.1[0m" 304 -
[2024-02-08 17:10:33,240] INFO in _internal: 127.0.0.1 - - [08/Feb/2024 17:10:33] "[36mGET /static/img/2.jpg HTTP/1.1[0m" 304 -
[2024-02-08 17:10:33,240] INFO in _internal: 127.0.0.1 - - [08/Feb/2024 17:10:33] "[36mGET /static/img/3.jpg HTTP/1.1[0m" 304 -
[2024-02-08 17:10:33,240] INFO in _internal: 127.0.0.1 - - [08/Feb/2024 17:10:33] "[36mGET /static/img/19.jpg HTTP/1.1[0m" 304 -
[2024-02-08 17:10:33,242] INFO in _internal: 127.0.0.1 - - [08/Feb/2024 17:10:33] "[36mGET /static/img/20.jpg HTTP/1.1[0m" 304 -
[2024-02-08 17:10:33,270] INFO in _internal: 127.0.0.1 - - [08/Feb/2024 17:10:33] "[36mGET /static/img/21.jpg HTTP/1.1[0m" 304 -
[2024-02-08 17:10:33,271] INFO in _internal: 127.0.0.1 - - [08/Feb/2024 17:10:33] "[36mGET /static/img/22.jpg HTTP/1.1[0m" 304 -
[2024-02-08 17:10:33,272] INFO in _internal: 127.0.0.1 - - [08/Feb/2024 17:10:33] "[36mGET /static/img/23.jpg HTTP/1.1[0m" 304 -
[2024-02-08 17:11:24,647] INFO in _internal: 127.0.0.1 - - [08/Feb/2024 17:11:24] "GET /escortv2 HTTP/1.1" 200 -
[2024-02-08 17:11:24,672] INFO in _internal: 127.0.0.1 - - [08/Feb/2024 17:11:24] "[36mGET /static/img/logo.png HTTP/1.1[0m" 304 -
[2024-02-08 17:11:24,673] INFO in _internal: 127.0.0.1 - - [08/Feb/2024 17:11:24] "GET /static/css/escortv2.css HTTP/1.1" 200 -
[2024-02-08 17:11:24,674] INFO in _internal: 127.0.0.1 - - [08/Feb/2024 17:11:24] "[36mGET /static/img/area.png HTTP/1.1[0m" 304 -
[2024-02-08 17:11:24,682] INFO in _internal: 127.0.0.1 - - [08/Feb/2024 17:11:24] "[36mGET /static/js/escortv2.js HTTP/1.1[0m" 304 -
[2024-02-08 17:11:24,718] INFO in _internal: 127.0.0.1 - - [08/Feb/2024 17:11:24] "[36mGET /static/img/1.jpg HTTP/1.1[0m" 304 -
[2024-02-08 17:11:24,718] INFO in _internal: 127.0.0.1 - - [08/Feb/2024 17:11:24] "[36mGET /static/img/2.jpg HTTP/1.1[0m" 304 -
[2024-02-08 17:11:24,726] INFO in _internal: 127.0.0.1 - - [08/Feb/2024 17:11:24] "[36mGET /static/img/4.jpg HTTP/1.1[0m" 304 -
[2024-02-08 17:11:24,729] INFO in _internal: 127.0.0.1 - - [08/Feb/2024 17:11:24] "[36mGET /static/img/3.jpg HTTP/1.1[0m" 304 -
[2024-02-08 17:11:24,795] INFO in _internal: 127.0.0.1 - - [08/Feb/2024 17:11:24] "[36mGET /static/img/19.jpg HTTP/1.1[0m" 304 -
[2024-02-08 17:11:24,796] INFO in _internal: 127.0.0.1 - - [08/Feb/2024 17:11:24] "[36mGET /static/img/20.jpg HTTP/1.1[0m" 304 -
[2024-02-08 17:11:24,799] INFO in _internal: 127.0.0.1 - - [08/Feb/2024 17:11:24] "[36mGET /static/img/21.jpg HTTP/1.1[0m" 304 -
[2024-02-08 17:11:24,802] INFO in _internal: 127.0.0.1 - - [08/Feb/2024 17:11:24] "[36mGET /static/img/22.jpg HTTP/1.1[0m" 304 -
[2024-02-08 17:11:24,806] INFO in _internal: 127.0.0.1 - - [08/Feb/2024 17:11:24] "[36mGET /static/img/23.jpg HTTP/1.1[0m" 304 -
[2024-02-08 17:11:27,917] INFO in _internal: 127.0.0.1 - - [08/Feb/2024 17:11:27] "GET /escortv2 HTTP/1.1" 200 -
[2024-02-08 17:11:27,941] INFO in _internal: 127.0.0.1 - - [08/Feb/2024 17:11:27] "[36mGET /static/css/escortv2.css HTTP/1.1[0m" 304 -
[2024-02-08 17:11:27,942] INFO in _internal: 127.0.0.1 - - [08/Feb/2024 17:11:27] "[36mGET /static/img/logo.png HTTP/1.1[0m" 304 -
[2024-02-08 17:11:27,943] INFO in _internal: 127.0.0.1 - - [08/Feb/2024 17:11:27] "[36mGET /static/img/area.png HTTP/1.1[0m" 304 -
[2024-02-08 17:11:27,956] INFO in _internal: 127.0.0.1 - - [08/Feb/2024 17:11:27] "[36mGET /static/js/escortv2.js HTTP/1.1[0m" 304 -
[2024-02-08 17:11:27,988] INFO in _internal: 127.0.0.1 - - [08/Feb/2024 17:11:27] "[36mGET /static/img/1.jpg HTTP/1.1[0m" 304 -
[2024-02-08 17:11:27,989] INFO in _internal: 127.0.0.1 - - [08/Feb/2024 17:11:27] "[36mGET /static/img/2.jpg HTTP/1.1[0m" 304 -
[2024-02-08 17:11:27,990] INFO in _internal: 127.0.0.1 - - [08/Feb/2024 17:11:27] "[36mGET /static/img/3.jpg HTTP/1.1[0m" 304 -
[2024-02-08 17:11:27,998] INFO in _internal: 127.0.0.1 - - [08/Feb/2024 17:11:27] "[36mGET /static/img/4.jpg HTTP/1.1[0m" 304 -
[2024-02-08 17:11:28,012] INFO in _internal: 127.0.0.1 - - [08/Feb/2024 17:11:28] "[36mGET /static/img/19.jpg HTTP/1.1[0m" 304 -
[2024-02-08 17:11:28,037] INFO in _internal: 127.0.0.1 - - [08/Feb/2024 17:11:28] "[36mGET /static/img/20.jpg HTTP/1.1[0m" 304 -
[2024-02-08 17:11:28,061] INFO in _internal: 127.0.0.1 - - [08/Feb/2024 17:11:28] "[36mGET /static/img/21.jpg HTTP/1.1[0m" 304 -
[2024-02-08 17:11:28,064] INFO in _internal: 127.0.0.1 - - [08/Feb/2024 17:11:28] "[36mGET /static/img/23.jpg HTTP/1.1[0m" 304 -
[2024-02-08 17:11:28,064] INFO in _internal: 127.0.0.1 - - [08/Feb/2024 17:11:28] "[36mGET /static/img/22.jpg HTTP/1.1[0m" 304 -
[2024-02-08 17:11:43,879] INFO in _internal: 127.0.0.1 - - [08/Feb/2024 17:11:43] "GET /escortv2 HTTP/1.1" 200 -
[2024-02-08 17:11:43,900] INFO in _internal: 127.0.0.1 - - [08/Feb/2024 17:11:43] "[36mGET /static/css/escortv2.css HTTP/1.1[0m" 304 -
[2024-02-08 17:11:43,903] INFO in _internal: 127.0.0.1 - - [08/Feb/2024 17:11:43] "[36mGET /static/img/logo.png HTTP/1.1[0m" 304 -
[2024-02-08 17:11:43,904] INFO in _internal: 127.0.0.1 - - [08/Feb/2024 17:11:43] "[36mGET /static/img/area.png HTTP/1.1[0m" 304 -
[2024-02-08 17:11:43,916] INFO in _internal: 127.0.0.1 - - [08/Feb/2024 17:11:43] "[36mGET /static/js/escortv2.js HTTP/1.1[0m" 304 -
[2024-02-08 17:11:43,942] INFO in _internal: 127.0.0.1 - - [08/Feb/2024 17:11:43] "[36mGET /static/img/1.jpg HTTP/1.1[0m" 304 -
[2024-02-08 17:11:43,950] INFO in _internal: 127.0.0.1 - - [08/Feb/2024 17:11:43] "[36mGET /static/img/4.jpg HTTP/1.1[0m" 304 -
[2024-02-08 17:11:43,954] INFO in _internal: 127.0.0.1 - - [08/Feb/2024 17:11:43] "[36mGET /static/img/3.jpg HTTP/1.1[0m" 304 -
[2024-02-08 17:11:43,955] INFO in _internal: 127.0.0.1 - - [08/Feb/2024 17:11:43] "[36mGET /static/img/2.jpg HTTP/1.1[0m" 304 -
[2024-02-08 17:11:43,966] INFO in _internal: 127.0.0.1 - - [08/Feb/2024 17:11:43] "[36mGET /static/img/19.jpg HTTP/1.1[0m" 304 -
[2024-02-08 17:11:44,023] INFO in _internal: 127.0.0.1 - - [08/Feb/2024 17:11:44] "[36mGET /static/img/20.jpg HTTP/1.1[0m" 304 -
[2024-02-08 17:11:44,024] INFO in _internal: 127.0.0.1 - - [08/Feb/2024 17:11:44] "[36mGET /static/img/21.jpg HTTP/1.1[0m" 304 -
[2024-02-08 17:11:44,027] INFO in _internal: 127.0.0.1 - - [08/Feb/2024 17:11:44] "[36mGET /static/img/22.jpg HTTP/1.1[0m" 304 -
[2024-02-08 17:11:44,028] INFO in _internal: 127.0.0.1 - - [08/Feb/2024 17:11:44] "[36mGET /static/img/23.jpg HTTP/1.1[0m" 304 -
[2024-02-08 17:11:48,163] INFO in _internal: 127.0.0.1 - - [08/Feb/2024 17:11:48] "GET /escortv2 HTTP/1.1" 200 -
[2024-02-08 17:11:48,187] INFO in _internal: 127.0.0.1 - - [08/Feb/2024 17:11:48] "[36mGET /static/css/escortv2.css HTTP/1.1[0m" 304 -
[2024-02-08 17:11:48,188] INFO in _internal: 127.0.0.1 - - [08/Feb/2024 17:11:48] "[36mGET /static/img/logo.png HTTP/1.1[0m" 304 -
[2024-02-08 17:11:48,189] INFO in _internal: 127.0.0.1 - - [08/Feb/2024 17:11:48] "[36mGET /static/img/area.png HTTP/1.1[0m" 304 -
[2024-02-08 17:11:48,201] INFO in _internal: 127.0.0.1 - - [08/Feb/2024 17:11:48] "[36mGET /static/js/escortv2.js HTTP/1.1[0m" 304 -
[2024-02-08 17:11:48,290] INFO in _internal: 127.0.0.1 - - [08/Feb/2024 17:11:48] "[36mGET /static/img/1.jpg HTTP/1.1[0m" 304 -
[2024-02-08 17:11:48,290] INFO in _internal: 127.0.0.1 - - [08/Feb/2024 17:11:48] "[36mGET /static/img/2.jpg HTTP/1.1[0m" 304 -
[2024-02-08 17:11:48,298] INFO in _internal: 127.0.0.1 - - [08/Feb/2024 17:11:48] "[36mGET /static/img/3.jpg HTTP/1.1[0m" 304 -
[2024-02-08 17:11:48,311] INFO in _internal: 127.0.0.1 - - [08/Feb/2024 17:11:48] "[36mGET /static/img/4.jpg HTTP/1.1[0m" 304 -
[2024-02-08 17:11:48,316] INFO in _internal: 127.0.0.1 - - [08/Feb/2024 17:11:48] "[36mGET /static/img/20.jpg HTTP/1.1[0m" 304 -
[2024-02-08 17:11:48,316] INFO in _internal: 127.0.0.1 - - [08/Feb/2024 17:11:48] "[36mGET /static/img/19.jpg HTTP/1.1[0m" 304 -
[2024-02-08 17:11:48,321] INFO in _internal: 127.0.0.1 - - [08/Feb/2024 17:11:48] "[36mGET /static/img/21.jpg HTTP/1.1[0m" 304 -
[2024-02-08 17:11:48,326] INFO in _internal: 127.0.0.1 - - [08/Feb/2024 17:11:48] "[36mGET /static/img/22.jpg HTTP/1.1[0m" 304 -
[2024-02-08 17:11:48,327] INFO in _internal: 127.0.0.1 - - [08/Feb/2024 17:11:48] "[36mGET /static/img/23.jpg HTTP/1.1[0m" 304 -
[2024-02-08 17:13:09,777] INFO in _internal: 127.0.0.1 - - [08/Feb/2024 17:13:09] "GET /escortv2 HTTP/1.1" 200 -
[2024-02-08 17:13:09,799] INFO in _internal: 127.0.0.1 - - [08/Feb/2024 17:13:09] "GET /static/css/escortv2.css HTTP/1.1" 200 -
[2024-02-08 17:13:09,801] INFO in _internal: 127.0.0.1 - - [08/Feb/2024 17:13:09] "[36mGET /static/img/logo.png HTTP/1.1[0m" 304 -
[2024-02-08 17:13:09,802] INFO in _internal: 127.0.0.1 - - [08/Feb/2024 17:13:09] "[36mGET /static/img/area.png HTTP/1.1[0m" 304 -
[2024-02-08 17:13:09,816] INFO in _internal: 127.0.0.1 - - [08/Feb/2024 17:13:09] "[36mGET /static/js/escortv2.js HTTP/1.1[0m" 304 -
[2024-02-08 17:13:09,848] INFO in _internal: 127.0.0.1 - - [08/Feb/2024 17:13:09] "[36mGET /static/img/1.jpg HTTP/1.1[0m" 304 -
[2024-02-08 17:13:09,849] INFO in _internal: 127.0.0.1 - - [08/Feb/2024 17:13:09] "[36mGET /static/img/2.jpg HTTP/1.1[0m" 304 -
[2024-02-08 17:13:09,859] INFO in _internal: 127.0.0.1 - - [08/Feb/2024 17:13:09] "[36mGET /static/img/3.jpg HTTP/1.1[0m" 304 -
[2024-02-08 17:13:09,895] INFO in _internal: 127.0.0.1 - - [08/Feb/2024 17:13:09] "[36mGET /static/img/4.jpg HTTP/1.1[0m" 304 -
[2024-02-08 17:13:09,935] INFO in _internal: 127.0.0.1 - - [08/Feb/2024 17:13:09] "[36mGET /static/img/19.jpg HTTP/1.1[0m" 304 -
[2024-02-08 17:13:09,938] INFO in _internal: 127.0.0.1 - - [08/Feb/2024 17:13:09] "[36mGET /static/img/21.jpg HTTP/1.1[0m" 304 -
[2024-02-08 17:13:09,939] INFO in _internal: 127.0.0.1 - - [08/Feb/2024 17:13:09] "[36mGET /static/img/20.jpg HTTP/1.1[0m" 304 -
[2024-02-08 17:13:09,941] INFO in _internal: 127.0.0.1 - - [08/Feb/2024 17:13:09] "[36mGET /static/img/22.jpg HTTP/1.1[0m" 304 -
[2024-02-08 17:13:09,943] INFO in _internal: 127.0.0.1 - - [08/Feb/2024 17:13:09] "[36mGET /static/img/23.jpg HTTP/1.1[0m" 304 -
[2024-02-08 17:13:14,449] INFO in _internal: 127.0.0.1 - - [08/Feb/2024 17:13:14] "GET /escortv2 HTTP/1.1" 200 -
[2024-02-08 17:13:14,471] INFO in _internal: 127.0.0.1 - - [08/Feb/2024 17:13:14] "[36mGET /static/css/escortv2.css HTTP/1.1[0m" 304 -
[2024-02-08 17:13:14,473] INFO in _internal: 127.0.0.1 - - [08/Feb/2024 17:13:14] "[36mGET /static/img/logo.png HTTP/1.1[0m" 304 -
[2024-02-08 17:13:14,475] INFO in _internal: 127.0.0.1 - - [08/Feb/2024 17:13:14] "[36mGET /static/img/area.png HTTP/1.1[0m" 304 -
[2024-02-08 17:13:14,486] INFO in _internal: 127.0.0.1 - - [08/Feb/2024 17:13:14] "[36mGET /static/js/escortv2.js HTTP/1.1[0m" 304 -
[2024-02-08 17:13:14,512] INFO in _internal: 127.0.0.1 - - [08/Feb/2024 17:13:14] "[36mGET /static/img/1.jpg HTTP/1.1[0m" 304 -
[2024-02-08 17:13:14,513] INFO in _internal: 127.0.0.1 - - [08/Feb/2024 17:13:14] "[36mGET /static/img/2.jpg HTTP/1.1[0m" 304 -
[2024-02-08 17:13:14,524] INFO in _internal: 127.0.0.1 - - [08/Feb/2024 17:13:14] "[36mGET /static/img/4.jpg HTTP/1.1[0m" 304 -
[2024-02-08 17:13:14,527] INFO in _internal: 127.0.0.1 - - [08/Feb/2024 17:13:14] "[36mGET /static/img/3.jpg HTTP/1.1[0m" 304 -
[2024-02-08 17:13:14,538] INFO in _internal: 127.0.0.1 - - [08/Feb/2024 17:13:14] "[36mGET /static/img/19.jpg HTTP/1.1[0m" 304 -
[2024-02-08 17:13:14,548] INFO in _internal: 127.0.0.1 - - [08/Feb/2024 17:13:14] "[36mGET /static/img/20.jpg HTTP/1.1[0m" 304 -
[2024-02-08 17:13:14,551] INFO in _internal: 127.0.0.1 - - [08/Feb/2024 17:13:14] "[36mGET /static/img/21.jpg HTTP/1.1[0m" 304 -
[2024-02-08 17:13:14,558] INFO in _internal: 127.0.0.1 - - [08/Feb/2024 17:13:14] "[36mGET /static/img/22.jpg HTTP/1.1[0m" 304 -
[2024-02-08 17:13:14,568] INFO in _internal: 127.0.0.1 - - [08/Feb/2024 17:13:14] "[36mGET /static/img/23.jpg HTTP/1.1[0m" 304 -
[2024-02-08 17:13:55,366] INFO in _internal: 127.0.0.1 - - [08/Feb/2024 17:13:55] "GET /escortv2 HTTP/1.1" 200 -
[2024-02-08 17:13:55,398] INFO in _internal: 127.0.0.1 - - [08/Feb/2024 17:13:55] "[36mGET /static/img/logo.png HTTP/1.1[0m" 304 -
[2024-02-08 17:13:55,398] INFO in _internal: 127.0.0.1 - - [08/Feb/2024 17:13:55] "GET /static/css/escortv2.css HTTP/1.1" 200 -
[2024-02-08 17:13:55,400] INFO in _internal: 127.0.0.1 - - [08/Feb/2024 17:13:55] "[36mGET /static/img/area.png HTTP/1.1[0m" 304 -
[2024-02-08 17:13:55,418] INFO in _internal: 127.0.0.1 - - [08/Feb/2024 17:13:55] "[36mGET /static/js/escortv2.js HTTP/1.1[0m" 304 -
[2024-02-08 17:13:55,531] INFO in _internal: 127.0.0.1 - - [08/Feb/2024 17:13:55] "[36mGET /static/img/1.jpg HTTP/1.1[0m" 304 -
[2024-02-08 17:13:55,534] INFO in _internal: 127.0.0.1 - - [08/Feb/2024 17:13:55] "[36mGET /static/img/2.jpg HTTP/1.1[0m" 304 -
[2024-02-08 17:13:55,543] INFO in _internal: 127.0.0.1 - - [08/Feb/2024 17:13:55] "[36mGET /static/img/3.jpg HTTP/1.1[0m" 304 -
[2024-02-08 17:13:55,544] INFO in _internal: 127.0.0.1 - - [08/Feb/2024 17:13:55] "[36mGET /static/img/4.jpg HTTP/1.1[0m" 304 -
[2024-02-08 17:13:55,563] INFO in _internal: 127.0.0.1 - - [08/Feb/2024 17:13:55] "[36mGET /static/img/19.jpg HTTP/1.1[0m" 304 -
[2024-02-08 17:13:55,565] INFO in _internal: 127.0.0.1 - - [08/Feb/2024 17:13:55] "[36mGET /static/img/20.jpg HTTP/1.1[0m" 304 -
[2024-02-08 17:13:55,584] INFO in _internal: 127.0.0.1 - - [08/Feb/2024 17:13:55] "[36mGET /static/img/21.jpg HTTP/1.1[0m" 304 -
[2024-02-08 17:13:55,608] INFO in _internal: 127.0.0.1 - - [08/Feb/2024 17:13:55] "[36mGET /static/img/23.jpg HTTP/1.1[0m" 304 -
[2024-02-08 17:13:55,608] INFO in _internal: 127.0.0.1 - - [08/Feb/2024 17:13:55] "[36mGET /static/img/22.jpg HTTP/1.1[0m" 304 -
[2024-02-08 17:13:59,456] INFO in _internal: 127.0.0.1 - - [08/Feb/2024 17:13:59] "GET /escortv2 HTTP/1.1" 200 -
[2024-02-08 17:13:59,478] INFO in _internal: 127.0.0.1 - - [08/Feb/2024 17:13:59] "[36mGET /static/css/escortv2.css HTTP/1.1[0m" 304 -
[2024-02-08 17:13:59,480] INFO in _internal: 127.0.0.1 - - [08/Feb/2024 17:13:59] "[36mGET /static/img/logo.png HTTP/1.1[0m" 304 -
[2024-02-08 17:13:59,483] INFO in _internal: 127.0.0.1 - - [08/Feb/2024 17:13:59] "[36mGET /static/img/area.png HTTP/1.1[0m" 304 -
[2024-02-08 17:13:59,495] INFO in _internal: 127.0.0.1 - - [08/Feb/2024 17:13:59] "[36mGET /static/js/escortv2.js HTTP/1.1[0m" 304 -
[2024-02-08 17:13:59,525] INFO in _internal: 127.0.0.1 - - [08/Feb/2024 17:13:59] "[36mGET /static/img/1.jpg HTTP/1.1[0m" 304 -
[2024-02-08 17:13:59,526] INFO in _internal: 127.0.0.1 - - [08/Feb/2024 17:13:59] "[36mGET /static/img/2.jpg HTTP/1.1[0m" 304 -
[2024-02-08 17:13:59,528] INFO in _internal: 127.0.0.1 - - [08/Feb/2024 17:13:59] "[36mGET /static/img/3.jpg HTTP/1.1[0m" 304 -
[2024-02-08 17:13:59,539] INFO in _internal: 127.0.0.1 - - [08/Feb/2024 17:13:59] "[36mGET /static/img/4.jpg HTTP/1.1[0m" 304 -
[2024-02-08 17:13:59,590] INFO in _internal: 127.0.0.1 - - [08/Feb/2024 17:13:59] "[36mGET /static/img/19.jpg HTTP/1.1[0m" 304 -
[2024-02-08 17:13:59,592] INFO in _internal: 127.0.0.1 - - [08/Feb/2024 17:13:59] "[36mGET /static/img/20.jpg HTTP/1.1[0m" 304 -
[2024-02-08 17:13:59,599] INFO in _internal: 127.0.0.1 - - [08/Feb/2024 17:13:59] "[36mGET /static/img/21.jpg HTTP/1.1[0m" 304 -
[2024-02-08 17:13:59,601] INFO in _internal: 127.0.0.1 - - [08/Feb/2024 17:13:59] "[36mGET /static/img/23.jpg HTTP/1.1[0m" 304 -
[2024-02-08 17:13:59,602] INFO in _internal: 127.0.0.1 - - [08/Feb/2024 17:13:59] "[36mGET /static/img/22.jpg HTTP/1.1[0m" 304 -
[2024-02-08 17:14:36,409] INFO in _internal: 127.0.0.1 - - [08/Feb/2024 17:14:36] "GET /escortv2 HTTP/1.1" 200 -
[2024-02-08 17:14:36,435] INFO in _internal: 127.0.0.1 - - [08/Feb/2024 17:14:36] "GET /static/css/escortv2.css HTTP/1.1" 200 -
[2024-02-08 17:14:36,437] INFO in _internal: 127.0.0.1 - - [08/Feb/2024 17:14:36] "[36mGET /static/img/logo.png HTTP/1.1[0m" 304 -
[2024-02-08 17:14:36,438] INFO in _internal: 127.0.0.1 - - [08/Feb/2024 17:14:36] "[36mGET /static/img/area.png HTTP/1.1[0m" 304 -
[2024-02-08 17:14:36,457] INFO in _internal: 127.0.0.1 - - [08/Feb/2024 17:14:36] "[36mGET /static/js/escortv2.js HTTP/1.1[0m" 304 -
[2024-02-08 17:14:36,482] INFO in _internal: 127.0.0.1 - - [08/Feb/2024 17:14:36] "[36mGET /static/img/2.jpg HTTP/1.1[0m" 304 -
[2024-02-08 17:14:36,482] INFO in _internal: 127.0.0.1 - - [08/Feb/2024 17:14:36] "[36mGET /static/img/1.jpg HTTP/1.1[0m" 304 -
[2024-02-08 17:14:36,486] INFO in _internal: 127.0.0.1 - - [08/Feb/2024 17:14:36] "[36mGET /static/img/3.jpg HTTP/1.1[0m" 304 -
[2024-02-08 17:14:36,508] INFO in _internal: 127.0.0.1 - - [08/Feb/2024 17:14:36] "[36mGET /static/img/4.jpg HTTP/1.1[0m" 304 -
[2024-02-08 17:14:36,519] INFO in _internal: 127.0.0.1 - - [08/Feb/2024 17:14:36] "[36mGET /static/img/19.jpg HTTP/1.1[0m" 304 -
[2024-02-08 17:14:36,533] INFO in _internal: 127.0.0.1 - - [08/Feb/2024 17:14:36] "[36mGET /static/img/20.jpg HTTP/1.1[0m" 304 -
[2024-02-08 17:14:36,534] INFO in _internal: 127.0.0.1 - - [08/Feb/2024 17:14:36] "[36mGET /static/img/21.jpg HTTP/1.1[0m" 304 -
[2024-02-08 17:14:36,543] INFO in _internal: 127.0.0.1 - - [08/Feb/2024 17:14:36] "[36mGET /static/img/23.jpg HTTP/1.1[0m" 304 -
[2024-02-08 17:14:36,543] INFO in _internal: 127.0.0.1 - - [08/Feb/2024 17:14:36] "[36mGET /static/img/22.jpg HTTP/1.1[0m" 304 -
[2024-02-08 17:14:39,868] INFO in _internal: 127.0.0.1 - - [08/Feb/2024 17:14:39] "GET /escortv2 HTTP/1.1" 200 -
[2024-02-08 17:14:39,891] INFO in _internal: 127.0.0.1 - - [08/Feb/2024 17:14:39] "[36mGET /static/css/escortv2.css HTTP/1.1[0m" 304 -
[2024-02-08 17:14:39,891] INFO in _internal: 127.0.0.1 - - [08/Feb/2024 17:14:39] "[36mGET /static/img/logo.png HTTP/1.1[0m" 304 -
[2024-02-08 17:14:39,892] INFO in _internal: 127.0.0.1 - - [08/Feb/2024 17:14:39] "[36mGET /static/img/area.png HTTP/1.1[0m" 304 -
[2024-02-08 17:14:39,902] INFO in _internal: 127.0.0.1 - - [08/Feb/2024 17:14:39] "[36mGET /static/js/escortv2.js HTTP/1.1[0m" 304 -
[2024-02-08 17:14:39,931] INFO in _internal: 127.0.0.1 - - [08/Feb/2024 17:14:39] "[36mGET /static/img/2.jpg HTTP/1.1[0m" 304 -
[2024-02-08 17:14:39,932] INFO in _internal: 127.0.0.1 - - [08/Feb/2024 17:14:39] "[36mGET /static/img/1.jpg HTTP/1.1[0m" 304 -
[2024-02-08 17:14:39,933] INFO in _internal: 127.0.0.1 - - [08/Feb/2024 17:14:39] "[36mGET /static/img/3.jpg HTTP/1.1[0m" 304 -
[2024-02-08 17:14:39,936] INFO in _internal: 127.0.0.1 - - [08/Feb/2024 17:14:39] "[36mGET /static/img/4.jpg HTTP/1.1[0m" 304 -
[2024-02-08 17:14:39,945] INFO in _internal: 127.0.0.1 - - [08/Feb/2024 17:14:39] "[36mGET /static/img/19.jpg HTTP/1.1[0m" 304 -
[2024-02-08 17:14:39,953] INFO in _internal: 127.0.0.1 - - [08/Feb/2024 17:14:39] "[36mGET /static/img/20.jpg HTTP/1.1[0m" 304 -
[2024-02-08 17:14:39,953] INFO in _internal: 127.0.0.1 - - [08/Feb/2024 17:14:39] "[36mGET /static/img/21.jpg HTTP/1.1[0m" 304 -
[2024-02-08 17:14:39,957] INFO in _internal: 127.0.0.1 - - [08/Feb/2024 17:14:39] "[36mGET /static/img/22.jpg HTTP/1.1[0m" 304 -
[2024-02-08 17:14:39,969] INFO in _internal: 127.0.0.1 - - [08/Feb/2024 17:14:39] "[36mGET /static/img/23.jpg HTTP/1.1[0m" 304 -
[2024-02-08 17:15:32,382] INFO in _internal: 127.0.0.1 - - [08/Feb/2024 17:15:32] "GET /escortv2 HTTP/1.1" 200 -
[2024-02-08 17:15:32,405] INFO in _internal: 127.0.0.1 - - [08/Feb/2024 17:15:32] "GET /static/css/escortv2.css HTTP/1.1" 200 -
[2024-02-08 17:15:32,406] INFO in _internal: 127.0.0.1 - - [08/Feb/2024 17:15:32] "[36mGET /static/img/logo.png HTTP/1.1[0m" 304 -
[2024-02-08 17:15:32,407] INFO in _internal: 127.0.0.1 - - [08/Feb/2024 17:15:32] "[36mGET /static/img/area.png HTTP/1.1[0m" 304 -
[2024-02-08 17:15:32,424] INFO in _internal: 127.0.0.1 - - [08/Feb/2024 17:15:32] "[36mGET /static/js/escortv2.js HTTP/1.1[0m" 304 -
[2024-02-08 17:15:32,460] INFO in _internal: 127.0.0.1 - - [08/Feb/2024 17:15:32] "[36mGET /static/img/1.jpg HTTP/1.1[0m" 304 -
[2024-02-08 17:15:32,461] INFO in _internal: 127.0.0.1 - - [08/Feb/2024 17:15:32] "[36mGET /static/img/2.jpg HTTP/1.1[0m" 304 -
[2024-02-08 17:15:32,486] INFO in _internal: 127.0.0.1 - - [08/Feb/2024 17:15:32] "[36mGET /static/img/3.jpg HTTP/1.1[0m" 304 -
[2024-02-08 17:15:32,492] INFO in _internal: 127.0.0.1 - - [08/Feb/2024 17:15:32] "[36mGET /static/img/4.jpg HTTP/1.1[0m" 304 -
[2024-02-08 17:15:32,496] INFO in _internal: 127.0.0.1 - - [08/Feb/2024 17:15:32] "[36mGET /static/img/19.jpg HTTP/1.1[0m" 304 -
[2024-02-08 17:15:32,504] INFO in _internal: 127.0.0.1 - - [08/Feb/2024 17:15:32] "[36mGET /static/img/20.jpg HTTP/1.1[0m" 304 -
[2024-02-08 17:15:32,508] INFO in _internal: 127.0.0.1 - - [08/Feb/2024 17:15:32] "[36mGET /static/img/21.jpg HTTP/1.1[0m" 304 -
[2024-02-08 17:15:32,511] INFO in _internal: 127.0.0.1 - - [08/Feb/2024 17:15:32] "[36mGET /static/img/22.jpg HTTP/1.1[0m" 304 -
[2024-02-08 17:15:32,513] INFO in _internal: 127.0.0.1 - - [08/Feb/2024 17:15:32] "[36mGET /static/img/23.jpg HTTP/1.1[0m" 304 -
[2024-02-08 17:15:34,749] INFO in _internal: 127.0.0.1 - - [08/Feb/2024 17:15:34] "GET /escortv2 HTTP/1.1" 200 -
[2024-02-08 17:15:34,774] INFO in _internal: 127.0.0.1 - - [08/Feb/2024 17:15:34] "[36mGET /static/css/escortv2.css HTTP/1.1[0m" 304 -
[2024-02-08 17:15:34,774] INFO in _internal: 127.0.0.1 - - [08/Feb/2024 17:15:34] "[36mGET /static/img/logo.png HTTP/1.1[0m" 304 -
[2024-02-08 17:15:34,776] INFO in _internal: 127.0.0.1 - - [08/Feb/2024 17:15:34] "[36mGET /static/img/area.png HTTP/1.1[0m" 304 -
[2024-02-08 17:15:34,786] INFO in _internal: 127.0.0.1 - - [08/Feb/2024 17:15:34] "[36mGET /static/js/escortv2.js HTTP/1.1[0m" 304 -
[2024-02-08 17:15:34,809] INFO in _internal: 127.0.0.1 - - [08/Feb/2024 17:15:34] "[36mGET /static/img/1.jpg HTTP/1.1[0m" 304 -
[2024-02-08 17:15:34,809] INFO in _internal: 127.0.0.1 - - [08/Feb/2024 17:15:34] "[36mGET /static/img/2.jpg HTTP/1.1[0m" 304 -
[2024-02-08 17:15:34,814] INFO in _internal: 127.0.0.1 - - [08/Feb/2024 17:15:34] "[36mGET /static/img/3.jpg HTTP/1.1[0m" 304 -
[2024-02-08 17:15:34,826] INFO in _internal: 127.0.0.1 - - [08/Feb/2024 17:15:34] "[36mGET /static/img/4.jpg HTTP/1.1[0m" 304 -
[2024-02-08 17:15:34,832] INFO in _internal: 127.0.0.1 - - [08/Feb/2024 17:15:34] "[36mGET /static/img/19.jpg HTTP/1.1[0m" 304 -
[2024-02-08 17:15:34,834] INFO in _internal: 127.0.0.1 - - [08/Feb/2024 17:15:34] "[36mGET /static/img/20.jpg HTTP/1.1[0m" 304 -
[2024-02-08 17:15:34,842] INFO in _internal: 127.0.0.1 - - [08/Feb/2024 17:15:34] "[36mGET /static/img/21.jpg HTTP/1.1[0m" 304 -
[2024-02-08 17:15:34,843] INFO in _internal: 127.0.0.1 - - [08/Feb/2024 17:15:34] "[36mGET /static/img/22.jpg HTTP/1.1[0m" 304 -
[2024-02-08 17:15:34,849] INFO in _internal: 127.0.0.1 - - [08/Feb/2024 17:15:34] "[36mGET /static/img/23.jpg HTTP/1.1[0m" 304 -
[2024-02-08 17:16:00,837] INFO in _internal: 127.0.0.1 - - [08/Feb/2024 17:16:00] "GET /escortv2 HTTP/1.1" 200 -
[2024-02-08 17:16:00,861] INFO in _internal: 127.0.0.1 - - [08/Feb/2024 17:16:00] "GET /static/css/escortv2.css HTTP/1.1" 200 -
[2024-02-08 17:16:00,861] INFO in _internal: 127.0.0.1 - - [08/Feb/2024 17:16:00] "[36mGET /static/img/logo.png HTTP/1.1[0m" 304 -
[2024-02-08 17:16:00,863] INFO in _internal: 127.0.0.1 - - [08/Feb/2024 17:16:00] "[36mGET /static/img/area.png HTTP/1.1[0m" 304 -
[2024-02-08 17:16:00,881] INFO in _internal: 127.0.0.1 - - [08/Feb/2024 17:16:00] "[36mGET /static/js/escortv2.js HTTP/1.1[0m" 304 -
[2024-02-08 17:16:00,912] INFO in _internal: 127.0.0.1 - - [08/Feb/2024 17:16:00] "[36mGET /static/img/1.jpg HTTP/1.1[0m" 304 -
[2024-02-08 17:16:00,934] INFO in _internal: 127.0.0.1 - - [08/Feb/2024 17:16:00] "[36mGET /static/img/2.jpg HTTP/1.1[0m" 304 -
[2024-02-08 17:16:00,937] INFO in _internal: 127.0.0.1 - - [08/Feb/2024 17:16:00] "[36mGET /static/img/3.jpg HTTP/1.1[0m" 304 -
[2024-02-08 17:16:00,947] INFO in _internal: 127.0.0.1 - - [08/Feb/2024 17:16:00] "[36mGET /static/img/4.jpg HTTP/1.1[0m" 304 -
[2024-02-08 17:16:00,966] INFO in _internal: 127.0.0.1 - - [08/Feb/2024 17:16:00] "[36mGET /static/img/19.jpg HTTP/1.1[0m" 304 -
[2024-02-08 17:16:00,968] INFO in _internal: 127.0.0.1 - - [08/Feb/2024 17:16:00] "[36mGET /static/img/20.jpg HTTP/1.1[0m" 304 -
[2024-02-08 17:16:00,970] INFO in _internal: 127.0.0.1 - - [08/Feb/2024 17:16:00] "[36mGET /static/img/21.jpg HTTP/1.1[0m" 304 -
[2024-02-08 17:16:00,973] INFO in _internal: 127.0.0.1 - - [08/Feb/2024 17:16:00] "[36mGET /static/img/22.jpg HTTP/1.1[0m" 304 -
[2024-02-08 17:16:00,981] INFO in _internal: 127.0.0.1 - - [08/Feb/2024 17:16:00] "[36mGET /static/img/23.jpg HTTP/1.1[0m" 304 -
[2024-02-08 17:16:03,151] INFO in _internal: 127.0.0.1 - - [08/Feb/2024 17:16:03] "GET /escortv2 HTTP/1.1" 200 -
[2024-02-08 17:16:03,172] INFO in _internal: 127.0.0.1 - - [08/Feb/2024 17:16:03] "[36mGET /static/css/escortv2.css HTTP/1.1[0m" 304 -
[2024-02-08 17:16:03,173] INFO in _internal: 127.0.0.1 - - [08/Feb/2024 17:16:03] "[36mGET /static/img/logo.png HTTP/1.1[0m" 304 -
[2024-02-08 17:16:03,173] INFO in _internal: 127.0.0.1 - - [08/Feb/2024 17:16:03] "[36mGET /static/img/area.png HTTP/1.1[0m" 304 -
[2024-02-08 17:16:03,184] INFO in _internal: 127.0.0.1 - - [08/Feb/2024 17:16:03] "[36mGET /static/js/escortv2.js HTTP/1.1[0m" 304 -
[2024-02-08 17:16:03,218] INFO in _internal: 127.0.0.1 - - [08/Feb/2024 17:16:03] "[36mGET /static/img/19.jpg HTTP/1.1[0m" 304 -
[2024-02-08 17:16:03,220] INFO in _internal: 127.0.0.1 - - [08/Feb/2024 17:16:03] "[36mGET /static/img/2.jpg HTTP/1.1[0m" 304 -
[2024-02-08 17:16:03,220] INFO in _internal: 127.0.0.1 - - [08/Feb/2024 17:16:03] "[36mGET /static/img/3.jpg HTTP/1.1[0m" 304 -
[2024-02-08 17:16:03,223] INFO in _internal: 127.0.0.1 - - [08/Feb/2024 17:16:03] "[36mGET /static/img/1.jpg HTTP/1.1[0m" 304 -
[2024-02-08 17:16:03,227] INFO in _internal: 127.0.0.1 - - [08/Feb/2024 17:16:03] "[36mGET /static/img/4.jpg HTTP/1.1[0m" 304 -
[2024-02-08 17:16:03,234] INFO in _internal: 127.0.0.1 - - [08/Feb/2024 17:16:03] "[36mGET /static/img/20.jpg HTTP/1.1[0m" 304 -
[2024-02-08 17:16:03,240] INFO in _internal: 127.0.0.1 - - [08/Feb/2024 17:16:03] "[36mGET /static/img/21.jpg HTTP/1.1[0m" 304 -
[2024-02-08 17:16:03,252] INFO in _internal: 127.0.0.1 - - [08/Feb/2024 17:16:03] "[36mGET /static/img/22.jpg HTTP/1.1[0m" 304 -
[2024-02-08 17:16:03,255] INFO in _internal: 127.0.0.1 - - [08/Feb/2024 17:16:03] "[36mGET /static/img/23.jpg HTTP/1.1[0m" 304 -
[2024-02-08 17:17:06,263] INFO in _internal: 127.0.0.1 - - [08/Feb/2024 17:17:06] "GET /escortv2 HTTP/1.1" 200 -
[2024-02-08 17:17:06,284] INFO in _internal: 127.0.0.1 - - [08/Feb/2024 17:17:06] "GET /static/css/escortv2.css HTTP/1.1" 200 -
[2024-02-08 17:17:06,289] INFO in _internal: 127.0.0.1 - - [08/Feb/2024 17:17:06] "[36mGET /static/img/logo.png HTTP/1.1[0m" 304 -
[2024-02-08 17:17:06,290] INFO in _internal: 127.0.0.1 - - [08/Feb/2024 17:17:06] "[36mGET /static/img/area.png HTTP/1.1[0m" 304 -
[2024-02-08 17:17:06,306] INFO in _internal: 127.0.0.1 - - [08/Feb/2024 17:17:06] "[36mGET /static/js/escortv2.js HTTP/1.1[0m" 304 -
[2024-02-08 17:17:06,349] INFO in _internal: 127.0.0.1 - - [08/Feb/2024 17:17:06] "[36mGET /static/img/1.jpg HTTP/1.1[0m" 304 -
[2024-02-08 17:17:06,357] INFO in _internal: 127.0.0.1 - - [08/Feb/2024 17:17:06] "[36mGET /static/img/2.jpg HTTP/1.1[0m" 304 -
[2024-02-08 17:17:06,365] INFO in _internal: 127.0.0.1 - - [08/Feb/2024 17:17:06] "[36mGET /static/img/3.jpg HTTP/1.1[0m" 304 -
[2024-02-08 17:17:06,369] INFO in _internal: 127.0.0.1 - - [08/Feb/2024 17:17:06] "[36mGET /static/img/4.jpg HTTP/1.1[0m" 304 -
[2024-02-08 17:17:06,381] INFO in _internal: 127.0.0.1 - - [08/Feb/2024 17:17:06] "[36mGET /static/img/19.jpg HTTP/1.1[0m" 304 -
[2024-02-08 17:17:06,384] INFO in _internal: 127.0.0.1 - - [08/Feb/2024 17:17:06] "[36mGET /static/img/20.jpg HTTP/1.1[0m" 304 -
[2024-02-08 17:17:06,391] INFO in _internal: 127.0.0.1 - - [08/Feb/2024 17:17:06] "[36mGET /static/img/21.jpg HTTP/1.1[0m" 304 -
[2024-02-08 17:17:06,392] INFO in _internal: 127.0.0.1 - - [08/Feb/2024 17:17:06] "[36mGET /static/img/22.jpg HTTP/1.1[0m" 304 -
[2024-02-08 17:17:06,393] INFO in _internal: 127.0.0.1 - - [08/Feb/2024 17:17:06] "[36mGET /static/img/23.jpg HTTP/1.1[0m" 304 -
[2024-02-08 17:17:08,472] INFO in _internal: 127.0.0.1 - - [08/Feb/2024 17:17:08] "GET /escortv2 HTTP/1.1" 200 -
[2024-02-08 17:17:08,498] INFO in _internal: 127.0.0.1 - - [08/Feb/2024 17:17:08] "[36mGET /static/css/escortv2.css HTTP/1.1[0m" 304 -
[2024-02-08 17:17:08,501] INFO in _internal: 127.0.0.1 - - [08/Feb/2024 17:17:08] "[36mGET /static/img/logo.png HTTP/1.1[0m" 304 -
[2024-02-08 17:17:08,503] INFO in _internal: 127.0.0.1 - - [08/Feb/2024 17:17:08] "[36mGET /static/img/area.png HTTP/1.1[0m" 304 -
[2024-02-08 17:17:08,519] INFO in _internal: 127.0.0.1 - - [08/Feb/2024 17:17:08] "[36mGET /static/js/escortv2.js HTTP/1.1[0m" 304 -
[2024-02-08 17:17:08,552] INFO in _internal: 127.0.0.1 - - [08/Feb/2024 17:17:08] "[36mGET /static/img/1.jpg HTTP/1.1[0m" 304 -
[2024-02-08 17:17:08,553] INFO in _internal: 127.0.0.1 - - [08/Feb/2024 17:17:08] "[36mGET /static/img/2.jpg HTTP/1.1[0m" 304 -
[2024-02-08 17:17:08,563] INFO in _internal: 127.0.0.1 - - [08/Feb/2024 17:17:08] "[36mGET /static/img/3.jpg HTTP/1.1[0m" 304 -
[2024-02-08 17:17:08,566] INFO in _internal: 127.0.0.1 - - [08/Feb/2024 17:17:08] "[36mGET /static/img/4.jpg HTTP/1.1[0m" 304 -
[2024-02-08 17:17:08,578] INFO in _internal: 127.0.0.1 - - [08/Feb/2024 17:17:08] "[36mGET /static/img/19.jpg HTTP/1.1[0m" 304 -
[2024-02-08 17:17:08,582] INFO in _internal: 127.0.0.1 - - [08/Feb/2024 17:17:08] "[36mGET /static/img/20.jpg HTTP/1.1[0m" 304 -
[2024-02-08 17:17:08,593] INFO in _internal: 127.0.0.1 - - [08/Feb/2024 17:17:08] "[36mGET /static/img/21.jpg HTTP/1.1[0m" 304 -
[2024-02-08 17:17:08,598] INFO in _internal: 127.0.0.1 - - [08/Feb/2024 17:17:08] "[36mGET /static/img/22.jpg HTTP/1.1[0m" 304 -
[2024-02-08 17:17:08,598] INFO in _internal: 127.0.0.1 - - [08/Feb/2024 17:17:08] "[36mGET /static/img/23.jpg HTTP/1.1[0m" 304 -
[2024-02-08 17:18:35,328] INFO in _internal: 127.0.0.1 - - [08/Feb/2024 17:18:35] "GET /escortv2 HTTP/1.1" 200 -
[2024-02-08 17:18:35,355] INFO in _internal: 127.0.0.1 - - [08/Feb/2024 17:18:35] "GET /static/css/escortv2.css HTTP/1.1" 200 -
[2024-02-08 17:18:35,355] INFO in _internal: 127.0.0.1 - - [08/Feb/2024 17:18:35] "[36mGET /static/img/logo.png HTTP/1.1[0m" 304 -
[2024-02-08 17:18:35,356] INFO in _internal: 127.0.0.1 - - [08/Feb/2024 17:18:35] "[36mGET /static/img/area.png HTTP/1.1[0m" 304 -
[2024-02-08 17:18:35,372] INFO in _internal: 127.0.0.1 - - [08/Feb/2024 17:18:35] "[36mGET /static/js/escortv2.js HTTP/1.1[0m" 304 -
[2024-02-08 17:18:35,402] INFO in _internal: 127.0.0.1 - - [08/Feb/2024 17:18:35] "[36mGET /static/img/1.jpg HTTP/1.1[0m" 304 -
[2024-02-08 17:18:35,405] INFO in _internal: 127.0.0.1 - - [08/Feb/2024 17:18:35] "[36mGET /static/img/2.jpg HTTP/1.1[0m" 304 -
[2024-02-08 17:18:35,419] INFO in _internal: 127.0.0.1 - - [08/Feb/2024 17:18:35] "[36mGET /static/img/3.jpg HTTP/1.1[0m" 304 -
[2024-02-08 17:18:35,436] INFO in _internal: 127.0.0.1 - - [08/Feb/2024 17:18:35] "[36mGET /static/img/4.jpg HTTP/1.1[0m" 304 -
[2024-02-08 17:18:35,441] INFO in _internal: 127.0.0.1 - - [08/Feb/2024 17:18:35] "[36mGET /static/img/19.jpg HTTP/1.1[0m" 304 -
[2024-02-08 17:18:35,444] INFO in _internal: 127.0.0.1 - - [08/Feb/2024 17:18:35] "[36mGET /static/img/20.jpg HTTP/1.1[0m" 304 -
[2024-02-08 17:18:35,446] INFO in _internal: 127.0.0.1 - - [08/Feb/2024 17:18:35] "[36mGET /static/img/22.jpg HTTP/1.1[0m" 304 -
[2024-02-08 17:18:35,453] INFO in _internal: 127.0.0.1 - - [08/Feb/2024 17:18:35] "[36mGET /static/img/21.jpg HTTP/1.1[0m" 304 -
[2024-02-08 17:18:35,457] INFO in _internal: 127.0.0.1 - - [08/Feb/2024 17:18:35] "[36mGET /static/img/23.jpg HTTP/1.1[0m" 304 -
[2024-02-08 17:18:38,233] INFO in _internal: 127.0.0.1 - - [08/Feb/2024 17:18:38] "GET /escortv2 HTTP/1.1" 200 -
[2024-02-08 17:18:38,257] INFO in _internal: 127.0.0.1 - - [08/Feb/2024 17:18:38] "[36mGET /static/css/escortv2.css HTTP/1.1[0m" 304 -
[2024-02-08 17:18:38,265] INFO in _internal: 127.0.0.1 - - [08/Feb/2024 17:18:38] "[36mGET /static/img/logo.png HTTP/1.1[0m" 304 -
[2024-02-08 17:18:38,271] INFO in _internal: 127.0.0.1 - - [08/Feb/2024 17:18:38] "[36mGET /static/img/area.png HTTP/1.1[0m" 304 -
[2024-02-08 17:18:38,272] INFO in _internal: 127.0.0.1 - - [08/Feb/2024 17:18:38] "[36mGET /static/js/escortv2.js HTTP/1.1[0m" 304 -
[2024-02-08 17:18:38,311] INFO in _internal: 127.0.0.1 - - [08/Feb/2024 17:18:38] "[36mGET /static/img/2.jpg HTTP/1.1[0m" 304 -
[2024-02-08 17:18:38,312] INFO in _internal: 127.0.0.1 - - [08/Feb/2024 17:18:38] "[36mGET /static/img/1.jpg HTTP/1.1[0m" 304 -
[2024-02-08 17:18:38,332] INFO in _internal: 127.0.0.1 - - [08/Feb/2024 17:18:38] "[36mGET /static/img/3.jpg HTTP/1.1[0m" 304 -
[2024-02-08 17:18:38,337] INFO in _internal: 127.0.0.1 - - [08/Feb/2024 17:18:38] "[36mGET /static/img/4.jpg HTTP/1.1[0m" 304 -
[2024-02-08 17:18:38,343] INFO in _internal: 127.0.0.1 - - [08/Feb/2024 17:18:38] "[36mGET /static/img/19.jpg HTTP/1.1[0m" 304 -
[2024-02-08 17:18:38,344] INFO in _internal: 127.0.0.1 - - [08/Feb/2024 17:18:38] "[36mGET /static/img/20.jpg HTTP/1.1[0m" 304 -
[2024-02-08 17:18:38,350] INFO in _internal: 127.0.0.1 - - [08/Feb/2024 17:18:38] "[36mGET /static/img/21.jpg HTTP/1.1[0m" 304 -
[2024-02-08 17:18:38,362] INFO in _internal: 127.0.0.1 - - [08/Feb/2024 17:18:38] "[36mGET /static/img/22.jpg HTTP/1.1[0m" 304 -
[2024-02-08 17:18:38,366] INFO in _internal: 127.0.0.1 - - [08/Feb/2024 17:18:38] "[36mGET /static/img/23.jpg HTTP/1.1[0m" 304 -
[2024-02-08 17:18:49,697] INFO in _internal: 127.0.0.1 - - [08/Feb/2024 17:18:49] "GET /escortv2 HTTP/1.1" 200 -
[2024-02-08 17:18:49,714] INFO in _internal: 127.0.0.1 - - [08/Feb/2024 17:18:49] "[36mGET /static/css/escortv2.css HTTP/1.1[0m" 304 -
[2024-02-08 17:18:49,719] INFO in _internal: 127.0.0.1 - - [08/Feb/2024 17:18:49] "[36mGET /static/img/logo.png HTTP/1.1[0m" 304 -
[2024-02-08 17:18:49,723] INFO in _internal: 127.0.0.1 - - [08/Feb/2024 17:18:49] "[36mGET /static/img/area.png HTTP/1.1[0m" 304 -
[2024-02-08 17:18:49,729] INFO in _internal: 127.0.0.1 - - [08/Feb/2024 17:18:49] "[36mGET /static/js/escortv2.js HTTP/1.1[0m" 304 -
[2024-02-08 17:18:49,753] INFO in _internal: 127.0.0.1 - - [08/Feb/2024 17:18:49] "[36mGET /static/img/1.jpg HTTP/1.1[0m" 304 -
[2024-02-08 17:18:49,754] INFO in _internal: 127.0.0.1 - - [08/Feb/2024 17:18:49] "[36mGET /static/img/2.jpg HTTP/1.1[0m" 304 -
[2024-02-08 17:18:49,764] INFO in _internal: 127.0.0.1 - - [08/Feb/2024 17:18:49] "[36mGET /static/img/3.jpg HTTP/1.1[0m" 304 -
[2024-02-08 17:18:49,768] INFO in _internal: 127.0.0.1 - - [08/Feb/2024 17:18:49] "[36mGET /static/img/4.jpg HTTP/1.1[0m" 304 -
[2024-02-08 17:18:49,770] INFO in _internal: 127.0.0.1 - - [08/Feb/2024 17:18:49] "[36mGET /static/img/19.jpg HTTP/1.1[0m" 304 -
[2024-02-08 17:18:49,774] INFO in _internal: 127.0.0.1 - - [08/Feb/2024 17:18:49] "[36mGET /static/img/20.jpg HTTP/1.1[0m" 304 -
[2024-02-08 17:18:49,779] INFO in _internal: 127.0.0.1 - - [08/Feb/2024 17:18:49] "[36mGET /static/img/21.jpg HTTP/1.1[0m" 304 -
[2024-02-08 17:18:49,784] INFO in _internal: 127.0.0.1 - - [08/Feb/2024 17:18:49] "[36mGET /static/img/22.jpg HTTP/1.1[0m" 304 -
[2024-02-08 17:18:49,786] INFO in _internal: 127.0.0.1 - - [08/Feb/2024 17:18:49] "[36mGET /static/img/23.jpg HTTP/1.1[0m" 304 -
[2024-02-13 09:29:12,219] INFO in _internal: [31m[1mWARNING: This is a development server. Do not use it in a production deployment. Use a production WSGI server instead.[0m
 * Running on http://127.0.0.1:5000
[2024-02-13 09:29:12,220] INFO in _internal: [33mPress CTRL+C to quit[0m
[2024-02-13 09:29:12,250] INFO in _internal:  * Restarting with watchdog (windowsapi)
[2024-02-13 09:29:13,222] WARNING in _internal:  * Debugger is active!
[2024-02-13 09:29:13,240] INFO in _internal:  * Debugger PIN: 123-293-346
[2024-02-13 09:29:14,156] INFO in _internal: 127.0.0.1 - - [13/Feb/2024 09:29:14] "GET / HTTP/1.1" 200 -
[2024-02-13 09:29:14,641] INFO in _internal: 127.0.0.1 - - [13/Feb/2024 09:29:14] "[36mGET /static/css/templatemo-style.css HTTP/1.1[0m" 304 -
[2024-02-13 09:29:14,787] INFO in _internal: 127.0.0.1 - - [13/Feb/2024 09:29:14] "[36mGET /static/css/index.css HTTP/1.1[0m" 304 -
[2024-02-13 09:29:14,977] INFO in _internal: 127.0.0.1 - - [13/Feb/2024 09:29:14] "GET /sensing_data HTTP/1.1" 200 -
[2024-02-13 09:29:14,985] INFO in _internal: 127.0.0.1 - - [13/Feb/2024 09:29:14] "[36mGET /static/img/logo.png HTTP/1.1[0m" 304 -
[2024-02-13 09:29:15,754] INFO in _internal: 127.0.0.1 - - [13/Feb/2024 09:29:15] "GET /escortv2 HTTP/1.1" 200 -
[2024-02-13 09:29:15,787] INFO in _internal: 127.0.0.1 - - [13/Feb/2024 09:29:15] "GET /static/css/escortv2.css HTTP/1.1" 200 -
[2024-02-13 09:29:15,804] INFO in _internal: 127.0.0.1 - - [13/Feb/2024 09:29:15] "[36mGET /static/img/logo.png HTTP/1.1[0m" 304 -
[2024-02-13 09:29:15,813] INFO in _internal: 127.0.0.1 - - [13/Feb/2024 09:29:15] "[36mGET /static/img/area.png HTTP/1.1[0m" 304 -
[2024-02-13 09:29:15,829] INFO in _internal: 127.0.0.1 - - [13/Feb/2024 09:29:15] "[36mGET /static/js/escortv2.js HTTP/1.1[0m" 304 -
[2024-02-13 09:29:15,865] INFO in _internal: 127.0.0.1 - - [13/Feb/2024 09:29:15] "[36mGET /static/img/2.jpg HTTP/1.1[0m" 304 -
[2024-02-13 09:29:15,867] INFO in _internal: 127.0.0.1 - - [13/Feb/2024 09:29:15] "[36mGET /static/img/3.jpg HTTP/1.1[0m" 304 -
[2024-02-13 09:29:15,867] INFO in _internal: 127.0.0.1 - - [13/Feb/2024 09:29:15] "[36mGET /static/img/1.jpg HTTP/1.1[0m" 304 -
[2024-02-13 09:29:15,896] INFO in _internal: 127.0.0.1 - - [13/Feb/2024 09:29:15] "[36mGET /static/img/19.jpg HTTP/1.1[0m" 304 -
[2024-02-13 09:29:15,903] INFO in _internal: 127.0.0.1 - - [13/Feb/2024 09:29:15] "[36mGET /static/img/4.jpg HTTP/1.1[0m" 304 -
[2024-02-13 09:29:15,909] INFO in _internal: 127.0.0.1 - - [13/Feb/2024 09:29:15] "[36mGET /static/img/20.jpg HTTP/1.1[0m" 304 -
[2024-02-13 09:29:15,933] INFO in _internal: 127.0.0.1 - - [13/Feb/2024 09:29:15] "[36mGET /static/img/21.jpg HTTP/1.1[0m" 304 -
[2024-02-13 09:29:15,939] INFO in _internal: 127.0.0.1 - - [13/Feb/2024 09:29:15] "[36mGET /static/img/22.jpg HTTP/1.1[0m" 304 -
[2024-02-13 09:29:15,943] INFO in _internal: 127.0.0.1 - - [13/Feb/2024 09:29:15] "[36mGET /static/img/23.jpg HTTP/1.1[0m" 304 -
[2024-02-13 09:29:16,600] INFO in _internal: 127.0.0.1 - - [13/Feb/2024 09:29:16] "[33mGET /favicon.ico HTTP/1.1[0m" 404 -
[2024-02-13 09:29:31,577] INFO in _internal: 127.0.0.1 - - [13/Feb/2024 09:29:31] "GET /escortv2 HTTP/1.1" 200 -
[2024-02-13 09:29:31,617] INFO in _internal: 127.0.0.1 - - [13/Feb/2024 09:29:31] "[36mGET /static/css/escortv2.css HTTP/1.1[0m" 304 -
[2024-02-13 09:29:31,620] INFO in _internal: 127.0.0.1 - - [13/Feb/2024 09:29:31] "[36mGET /static/img/logo.png HTTP/1.1[0m" 304 -
[2024-02-13 09:29:31,621] INFO in _internal: 127.0.0.1 - - [13/Feb/2024 09:29:31] "[36mGET /static/img/area.png HTTP/1.1[0m" 304 -
[2024-02-13 09:29:31,645] INFO in _internal: 127.0.0.1 - - [13/Feb/2024 09:29:31] "[36mGET /static/js/escortv2.js HTTP/1.1[0m" 304 -
[2024-02-13 09:29:31,686] INFO in _internal: 127.0.0.1 - - [13/Feb/2024 09:29:31] "[36mGET /static/img/1.jpg HTTP/1.1[0m" 304 -
[2024-02-13 09:29:31,690] INFO in _internal: 127.0.0.1 - - [13/Feb/2024 09:29:31] "[36mGET /static/img/2.jpg HTTP/1.1[0m" 304 -
[2024-02-13 09:29:31,692] INFO in _internal: 127.0.0.1 - - [13/Feb/2024 09:29:31] "[36mGET /static/img/3.jpg HTTP/1.1[0m" 304 -
[2024-02-13 09:29:31,702] INFO in _internal: 127.0.0.1 - - [13/Feb/2024 09:29:31] "[36mGET /static/img/4.jpg HTTP/1.1[0m" 304 -
[2024-02-13 09:29:31,712] INFO in _internal: 127.0.0.1 - - [13/Feb/2024 09:29:31] "[36mGET /static/img/19.jpg HTTP/1.1[0m" 304 -
[2024-02-13 09:29:31,736] INFO in _internal: 127.0.0.1 - - [13/Feb/2024 09:29:31] "[36mGET /static/img/20.jpg HTTP/1.1[0m" 304 -
[2024-02-13 09:29:31,762] INFO in _internal: 127.0.0.1 - - [13/Feb/2024 09:29:31] "[36mGET /static/img/22.jpg HTTP/1.1[0m" 304 -
[2024-02-13 09:29:31,765] INFO in _internal: 127.0.0.1 - - [13/Feb/2024 09:29:31] "[36mGET /static/img/21.jpg HTTP/1.1[0m" 304 -
[2024-02-13 09:29:31,768] INFO in _internal: 127.0.0.1 - - [13/Feb/2024 09:29:31] "[36mGET /static/img/23.jpg HTTP/1.1[0m" 304 -
[2024-02-13 09:30:58,435] INFO in _internal: 127.0.0.1 - - [13/Feb/2024 09:30:58] "GET /escortv2 HTTP/1.1" 200 -
[2024-02-13 09:30:58,464] INFO in _internal: 127.0.0.1 - - [13/Feb/2024 09:30:58] "[36mGET /static/css/escortv2.css HTTP/1.1[0m" 304 -
[2024-02-13 09:30:58,465] INFO in _internal: 127.0.0.1 - - [13/Feb/2024 09:30:58] "[36mGET /static/img/logo.png HTTP/1.1[0m" 304 -
[2024-02-13 09:30:58,468] INFO in _internal: 127.0.0.1 - - [13/Feb/2024 09:30:58] "[36mGET /static/img/area.png HTTP/1.1[0m" 304 -
[2024-02-13 09:30:58,482] INFO in _internal: 127.0.0.1 - - [13/Feb/2024 09:30:58] "GET /static/js/escortv2.js HTTP/1.1" 200 -
[2024-02-13 09:30:58,509] INFO in _internal: 127.0.0.1 - - [13/Feb/2024 09:30:58] "[36mGET /static/img/2.jpg HTTP/1.1[0m" 304 -
[2024-02-13 09:30:58,510] INFO in _internal: 127.0.0.1 - - [13/Feb/2024 09:30:58] "[36mGET /static/img/3.jpg HTTP/1.1[0m" 304 -
[2024-02-13 09:30:58,511] INFO in _internal: 127.0.0.1 - - [13/Feb/2024 09:30:58] "[36mGET /static/img/1.jpg HTTP/1.1[0m" 304 -
[2024-02-13 09:30:58,531] INFO in _internal: 127.0.0.1 - - [13/Feb/2024 09:30:58] "[36mGET /static/img/4.jpg HTTP/1.1[0m" 304 -
[2024-02-13 09:30:58,532] INFO in _internal: 127.0.0.1 - - [13/Feb/2024 09:30:58] "[36mGET /static/img/20.jpg HTTP/1.1[0m" 304 -
[2024-02-13 09:30:58,540] INFO in _internal: 127.0.0.1 - - [13/Feb/2024 09:30:58] "[36mGET /static/img/19.jpg HTTP/1.1[0m" 304 -
[2024-02-13 09:30:58,543] INFO in _internal: 127.0.0.1 - - [13/Feb/2024 09:30:58] "[36mGET /static/img/21.jpg HTTP/1.1[0m" 304 -
[2024-02-13 09:30:58,550] INFO in _internal: 127.0.0.1 - - [13/Feb/2024 09:30:58] "[36mGET /static/img/22.jpg HTTP/1.1[0m" 304 -
[2024-02-13 09:30:58,554] INFO in _internal: 127.0.0.1 - - [13/Feb/2024 09:30:58] "[36mGET /static/img/23.jpg HTTP/1.1[0m" 304 -
[2024-02-13 09:34:38,944] INFO in _internal: 127.0.0.1 - - [13/Feb/2024 09:34:38] "GET / HTTP/1.1" 200 -
[2024-02-13 09:34:38,972] INFO in _internal: 127.0.0.1 - - [13/Feb/2024 09:34:38] "[36mGET /static/css/templatemo-style.css HTTP/1.1[0m" 304 -
[2024-02-13 09:34:38,978] INFO in _internal: 127.0.0.1 - - [13/Feb/2024 09:34:38] "[36mGET /static/css/index.css HTTP/1.1[0m" 304 -
[2024-02-13 09:34:38,980] INFO in _internal: 127.0.0.1 - - [13/Feb/2024 09:34:38] "[36mGET /static/img/logo.png HTTP/1.1[0m" 304 -
[2024-02-13 09:34:39,214] INFO in _internal: 127.0.0.1 - - [13/Feb/2024 09:34:39] "GET /sensing_data HTTP/1.1" 200 -
[2024-02-13 09:36:56,808] INFO in _internal: 127.0.0.1 - - [13/Feb/2024 09:36:56] "GET / HTTP/1.1" 200 -
[2024-02-13 09:36:56,835] INFO in _internal: 127.0.0.1 - - [13/Feb/2024 09:36:56] "[36mGET /static/css/index.css HTTP/1.1[0m" 304 -
[2024-02-13 09:36:56,836] INFO in _internal: 127.0.0.1 - - [13/Feb/2024 09:36:56] "[36mGET /static/img/logo.png HTTP/1.1[0m" 304 -
[2024-02-13 09:36:56,837] INFO in _internal: 127.0.0.1 - - [13/Feb/2024 09:36:56] "[36mGET /static/css/templatemo-style.css HTTP/1.1[0m" 304 -
[2024-02-13 09:36:57,016] INFO in _internal: 127.0.0.1 - - [13/Feb/2024 09:36:57] "GET /sensing_data HTTP/1.1" 200 -
[2024-02-13 09:38:29,695] INFO in _internal: 127.0.0.1 - - [13/Feb/2024 09:38:29] "[36mGET /static/css/templatemo-style.css HTTP/1.1[0m" 304 -
[2024-02-13 09:38:29,696] INFO in _internal: 127.0.0.1 - - [13/Feb/2024 09:38:29] "[36mGET /static/css/index.css HTTP/1.1[0m" 304 -
[2024-02-13 10:05:56,051] INFO in _internal: 127.0.0.1 - - [13/Feb/2024 10:05:56] "GET / HTTP/1.1" 200 -
[2024-02-13 10:05:56,081] INFO in _internal: 127.0.0.1 - - [13/Feb/2024 10:05:56] "[36mGET /static/css/templatemo-style.css HTTP/1.1[0m" 304 -
[2024-02-13 10:05:56,086] INFO in _internal: 127.0.0.1 - - [13/Feb/2024 10:05:56] "[36mGET /static/css/index.css HTTP/1.1[0m" 304 -
[2024-02-13 10:05:56,089] INFO in _internal: 127.0.0.1 - - [13/Feb/2024 10:05:56] "[36mGET /static/img/logo.png HTTP/1.1[0m" 304 -
[2024-02-13 10:05:56,458] INFO in _internal: 127.0.0.1 - - [13/Feb/2024 10:05:56] "GET /sensing_data HTTP/1.1" 200 -
[2024-02-13 10:05:56,928] INFO in _internal: 127.0.0.1 - - [13/Feb/2024 10:05:56] "GET /escort HTTP/1.1" 200 -
[2024-02-13 10:05:56,956] INFO in _internal: 127.0.0.1 - - [13/Feb/2024 10:05:56] "[36mGET /static/img/logo.png HTTP/1.1[0m" 304 -
[2024-02-13 10:05:56,957] INFO in _internal: 127.0.0.1 - - [13/Feb/2024 10:05:56] "[36mGET /static/img/area.png HTTP/1.1[0m" 304 -
[2024-02-13 10:05:56,968] INFO in _internal: 127.0.0.1 - - [13/Feb/2024 10:05:56] "[36mGET /static/css/escort.css HTTP/1.1[0m" 304 -
[2024-02-13 10:05:56,976] INFO in _internal: 127.0.0.1 - - [13/Feb/2024 10:05:56] "[36mGET /static/js/escort.js HTTP/1.1[0m" 304 -
[2024-02-13 10:05:56,995] INFO in _internal: 127.0.0.1 - - [13/Feb/2024 10:05:56] "[36mGET /static/img/1.jpg HTTP/1.1[0m" 304 -
[2024-02-13 10:05:56,996] INFO in _internal: 127.0.0.1 - - [13/Feb/2024 10:05:56] "[36mGET /static/img/2.jpg HTTP/1.1[0m" 304 -
[2024-02-13 10:05:57,001] INFO in _internal: 127.0.0.1 - - [13/Feb/2024 10:05:57] "[36mGET /static/img/3.jpg HTTP/1.1[0m" 304 -
[2024-02-13 10:05:57,003] INFO in _internal: 127.0.0.1 - - [13/Feb/2024 10:05:57] "[36mGET /static/img/4.jpg HTTP/1.1[0m" 304 -
[2024-02-13 10:05:57,011] INFO in _internal: 127.0.0.1 - - [13/Feb/2024 10:05:57] "[36mGET /static/img/19.jpg HTTP/1.1[0m" 304 -
[2024-02-13 10:05:57,018] INFO in _internal: 127.0.0.1 - - [13/Feb/2024 10:05:57] "[36mGET /static/img/20.jpg HTTP/1.1[0m" 304 -
[2024-02-13 10:05:57,024] INFO in _internal: 127.0.0.1 - - [13/Feb/2024 10:05:57] "[36mGET /static/img/21.jpg HTTP/1.1[0m" 304 -
[2024-02-13 10:05:57,036] INFO in _internal: 127.0.0.1 - - [13/Feb/2024 10:05:57] "[36mGET /static/img/22.jpg HTTP/1.1[0m" 304 -
[2024-02-13 10:06:11,556] INFO in _internal: 127.0.0.1 - - [13/Feb/2024 10:06:11] "GET /escortv2 HTTP/1.1" 200 -
[2024-02-13 10:06:11,578] INFO in _internal: 127.0.0.1 - - [13/Feb/2024 10:06:11] "[36mGET /static/css/escortv2.css HTTP/1.1[0m" 304 -
[2024-02-13 10:06:11,579] INFO in _internal: 127.0.0.1 - - [13/Feb/2024 10:06:11] "[36mGET /static/img/logo.png HTTP/1.1[0m" 304 -
[2024-02-13 10:06:11,581] INFO in _internal: 127.0.0.1 - - [13/Feb/2024 10:06:11] "[36mGET /static/img/area.png HTTP/1.1[0m" 304 -
[2024-02-13 10:06:11,597] INFO in _internal: 127.0.0.1 - - [13/Feb/2024 10:06:11] "GET /static/js/escortv2.js HTTP/1.1" 200 -
[2024-02-13 10:06:11,646] INFO in _internal: 127.0.0.1 - - [13/Feb/2024 10:06:11] "[36mGET /static/img/1.jpg HTTP/1.1[0m" 304 -
[2024-02-13 10:06:11,648] INFO in _internal: 127.0.0.1 - - [13/Feb/2024 10:06:11] "[36mGET /static/img/2.jpg HTTP/1.1[0m" 304 -
[2024-02-13 10:06:11,669] INFO in _internal: 127.0.0.1 - - [13/Feb/2024 10:06:11] "[36mGET /static/img/3.jpg HTTP/1.1[0m" 304 -
[2024-02-13 10:06:11,675] INFO in _internal: 127.0.0.1 - - [13/Feb/2024 10:06:11] "[36mGET /static/img/4.jpg HTTP/1.1[0m" 304 -
[2024-02-13 10:06:11,679] INFO in _internal: 127.0.0.1 - - [13/Feb/2024 10:06:11] "[36mGET /static/img/19.jpg HTTP/1.1[0m" 304 -
[2024-02-13 10:06:11,686] INFO in _internal: 127.0.0.1 - - [13/Feb/2024 10:06:11] "[36mGET /static/img/20.jpg HTTP/1.1[0m" 304 -
[2024-02-13 10:06:11,688] INFO in _internal: 127.0.0.1 - - [13/Feb/2024 10:06:11] "[36mGET /static/img/21.jpg HTTP/1.1[0m" 304 -
[2024-02-13 10:06:11,695] INFO in _internal: 127.0.0.1 - - [13/Feb/2024 10:06:11] "[36mGET /static/img/22.jpg HTTP/1.1[0m" 304 -
[2024-02-13 10:06:11,698] INFO in _internal: 127.0.0.1 - - [13/Feb/2024 10:06:11] "[36mGET /static/img/23.jpg HTTP/1.1[0m" 304 -
[2024-02-13 10:08:11,674] INFO in _internal: 127.0.0.1 - - [13/Feb/2024 10:08:11] "GET /escortv2 HTTP/1.1" 200 -
[2024-02-13 10:08:11,699] INFO in _internal: 127.0.0.1 - - [13/Feb/2024 10:08:11] "[36mGET /static/css/escortv2.css HTTP/1.1[0m" 304 -
[2024-02-13 10:08:11,700] INFO in _internal: 127.0.0.1 - - [13/Feb/2024 10:08:11] "[36mGET /static/img/logo.png HTTP/1.1[0m" 304 -
[2024-02-13 10:08:11,701] INFO in _internal: 127.0.0.1 - - [13/Feb/2024 10:08:11] "[36mGET /static/img/area.png HTTP/1.1[0m" 304 -
[2024-02-13 10:08:11,715] INFO in _internal: 127.0.0.1 - - [13/Feb/2024 10:08:11] "GET /static/js/escortv2.js HTTP/1.1" 200 -
[2024-02-13 10:08:11,759] INFO in _internal: 127.0.0.1 - - [13/Feb/2024 10:08:11] "[36mGET /static/img/1.jpg HTTP/1.1[0m" 304 -
[2024-02-13 10:08:11,762] INFO in _internal: 127.0.0.1 - - [13/Feb/2024 10:08:11] "[36mGET /static/img/2.jpg HTTP/1.1[0m" 304 -
[2024-02-13 10:08:11,771] INFO in _internal: 127.0.0.1 - - [13/Feb/2024 10:08:11] "[36mGET /static/img/19.jpg HTTP/1.1[0m" 304 -
[2024-02-13 10:08:11,773] INFO in _internal: 127.0.0.1 - - [13/Feb/2024 10:08:11] "[36mGET /static/img/3.jpg HTTP/1.1[0m" 304 -
[2024-02-13 10:08:11,776] INFO in _internal: 127.0.0.1 - - [13/Feb/2024 10:08:11] "[36mGET /static/img/4.jpg HTTP/1.1[0m" 304 -
[2024-02-13 10:08:11,784] INFO in _internal: 127.0.0.1 - - [13/Feb/2024 10:08:11] "[36mGET /static/img/20.jpg HTTP/1.1[0m" 304 -
[2024-02-13 10:08:11,794] INFO in _internal: 127.0.0.1 - - [13/Feb/2024 10:08:11] "[36mGET /static/img/21.jpg HTTP/1.1[0m" 304 -
[2024-02-13 10:08:11,799] INFO in _internal: 127.0.0.1 - - [13/Feb/2024 10:08:11] "[36mGET /static/img/22.jpg HTTP/1.1[0m" 304 -
[2024-02-13 10:08:11,800] INFO in _internal: 127.0.0.1 - - [13/Feb/2024 10:08:11] "[36mGET /static/img/23.jpg HTTP/1.1[0m" 304 -
[2024-02-13 10:09:54,800] INFO in _internal: 127.0.0.1 - - [13/Feb/2024 10:09:54] "GET /escortv2 HTTP/1.1" 200 -
[2024-02-13 10:09:54,828] INFO in _internal: 127.0.0.1 - - [13/Feb/2024 10:09:54] "[36mGET /static/css/escortv2.css HTTP/1.1[0m" 304 -
[2024-02-13 10:09:54,831] INFO in _internal: 127.0.0.1 - - [13/Feb/2024 10:09:54] "[36mGET /static/img/logo.png HTTP/1.1[0m" 304 -
[2024-02-13 10:09:54,833] INFO in _internal: 127.0.0.1 - - [13/Feb/2024 10:09:54] "[36mGET /static/img/area.png HTTP/1.1[0m" 304 -
[2024-02-13 10:09:54,849] INFO in _internal: 127.0.0.1 - - [13/Feb/2024 10:09:54] "GET /static/js/escortv2.js HTTP/1.1" 200 -
[2024-02-13 10:09:54,922] INFO in _internal: 127.0.0.1 - - [13/Feb/2024 10:09:54] "[36mGET /static/img/1.jpg HTTP/1.1[0m" 304 -
[2024-02-13 10:09:54,935] INFO in _internal: 127.0.0.1 - - [13/Feb/2024 10:09:54] "[36mGET /static/img/2.jpg HTTP/1.1[0m" 304 -
[2024-02-13 10:09:54,957] INFO in _internal: 127.0.0.1 - - [13/Feb/2024 10:09:54] "[36mGET /static/img/3.jpg HTTP/1.1[0m" 304 -
[2024-02-13 10:09:54,965] INFO in _internal: 127.0.0.1 - - [13/Feb/2024 10:09:54] "[36mGET /static/img/19.jpg HTTP/1.1[0m" 304 -
[2024-02-13 10:09:54,965] INFO in _internal: 127.0.0.1 - - [13/Feb/2024 10:09:54] "[36mGET /static/img/4.jpg HTTP/1.1[0m" 304 -
[2024-02-13 10:09:54,967] INFO in _internal: 127.0.0.1 - - [13/Feb/2024 10:09:54] "[36mGET /static/img/20.jpg HTTP/1.1[0m" 304 -
[2024-02-13 10:09:54,975] INFO in _internal: 127.0.0.1 - - [13/Feb/2024 10:09:54] "[36mGET /static/img/21.jpg HTTP/1.1[0m" 304 -
[2024-02-13 10:09:54,981] INFO in _internal: 127.0.0.1 - - [13/Feb/2024 10:09:54] "[36mGET /static/img/22.jpg HTTP/1.1[0m" 304 -
[2024-02-13 10:09:54,987] INFO in _internal: 127.0.0.1 - - [13/Feb/2024 10:09:54] "[36mGET /static/img/23.jpg HTTP/1.1[0m" 304 -
[2024-02-13 10:11:21,292] INFO in _internal: 127.0.0.1 - - [13/Feb/2024 10:11:21] "GET /escortv2 HTTP/1.1" 200 -
[2024-02-13 10:11:21,315] INFO in _internal: 127.0.0.1 - - [13/Feb/2024 10:11:21] "[36mGET /static/css/escortv2.css HTTP/1.1[0m" 304 -
[2024-02-13 10:11:21,319] INFO in _internal: 127.0.0.1 - - [13/Feb/2024 10:11:21] "[36mGET /static/img/logo.png HTTP/1.1[0m" 304 -
[2024-02-13 10:11:21,320] INFO in _internal: 127.0.0.1 - - [13/Feb/2024 10:11:21] "[36mGET /static/img/area.png HTTP/1.1[0m" 304 -
[2024-02-13 10:11:21,338] INFO in _internal: 127.0.0.1 - - [13/Feb/2024 10:11:21] "GET /static/js/escortv2.js HTTP/1.1" 200 -
[2024-02-13 10:11:21,371] INFO in _internal: 127.0.0.1 - - [13/Feb/2024 10:11:21] "[36mGET /static/img/1.jpg HTTP/1.1[0m" 304 -
[2024-02-13 10:11:21,372] INFO in _internal: 127.0.0.1 - - [13/Feb/2024 10:11:21] "[36mGET /static/img/2.jpg HTTP/1.1[0m" 304 -
[2024-02-13 10:11:21,374] INFO in _internal: 127.0.0.1 - - [13/Feb/2024 10:11:21] "[36mGET /static/img/3.jpg HTTP/1.1[0m" 304 -
[2024-02-13 10:11:21,386] INFO in _internal: 127.0.0.1 - - [13/Feb/2024 10:11:21] "[36mGET /static/img/4.jpg HTTP/1.1[0m" 304 -
[2024-02-13 10:11:21,406] INFO in _internal: 127.0.0.1 - - [13/Feb/2024 10:11:21] "[36mGET /static/img/19.jpg HTTP/1.1[0m" 304 -
[2024-02-13 10:11:21,419] INFO in _internal: 127.0.0.1 - - [13/Feb/2024 10:11:21] "[36mGET /static/img/20.jpg HTTP/1.1[0m" 304 -
[2024-02-13 10:11:21,425] INFO in _internal: 127.0.0.1 - - [13/Feb/2024 10:11:21] "[36mGET /static/img/21.jpg HTTP/1.1[0m" 304 -
[2024-02-13 10:11:21,427] INFO in _internal: 127.0.0.1 - - [13/Feb/2024 10:11:21] "[36mGET /static/img/22.jpg HTTP/1.1[0m" 304 -
[2024-02-13 10:11:21,435] INFO in _internal: 127.0.0.1 - - [13/Feb/2024 10:11:21] "[36mGET /static/img/23.jpg HTTP/1.1[0m" 304 -
[2024-02-13 10:11:34,561] INFO in _internal: 127.0.0.1 - - [13/Feb/2024 10:11:34] "GET /escortv2 HTTP/1.1" 200 -
[2024-02-13 10:11:34,583] INFO in _internal: 127.0.0.1 - - [13/Feb/2024 10:11:34] "[36mGET /static/css/escortv2.css HTTP/1.1[0m" 304 -
[2024-02-13 10:11:34,585] INFO in _internal: 127.0.0.1 - - [13/Feb/2024 10:11:34] "[36mGET /static/img/logo.png HTTP/1.1[0m" 304 -
[2024-02-13 10:11:34,588] INFO in _internal: 127.0.0.1 - - [13/Feb/2024 10:11:34] "[36mGET /static/img/area.png HTTP/1.1[0m" 304 -
[2024-02-13 10:11:34,602] INFO in _internal: 127.0.0.1 - - [13/Feb/2024 10:11:34] "[36mGET /static/js/escortv2.js HTTP/1.1[0m" 304 -
[2024-02-13 10:11:34,632] INFO in _internal: 127.0.0.1 - - [13/Feb/2024 10:11:34] "[36mGET /static/img/1.jpg HTTP/1.1[0m" 304 -
[2024-02-13 10:11:34,635] INFO in _internal: 127.0.0.1 - - [13/Feb/2024 10:11:34] "[36mGET /static/img/2.jpg HTTP/1.1[0m" 304 -
[2024-02-13 10:11:34,642] INFO in _internal: 127.0.0.1 - - [13/Feb/2024 10:11:34] "[36mGET /static/img/3.jpg HTTP/1.1[0m" 304 -
[2024-02-13 10:11:34,653] INFO in _internal: 127.0.0.1 - - [13/Feb/2024 10:11:34] "[36mGET /static/img/4.jpg HTTP/1.1[0m" 304 -
[2024-02-13 10:11:34,658] INFO in _internal: 127.0.0.1 - - [13/Feb/2024 10:11:34] "[36mGET /static/img/19.jpg HTTP/1.1[0m" 304 -
[2024-02-13 10:11:34,662] INFO in _internal: 127.0.0.1 - - [13/Feb/2024 10:11:34] "[36mGET /static/img/20.jpg HTTP/1.1[0m" 304 -
[2024-02-13 10:11:34,674] INFO in _internal: 127.0.0.1 - - [13/Feb/2024 10:11:34] "[36mGET /static/img/21.jpg HTTP/1.1[0m" 304 -
[2024-02-13 10:11:34,679] INFO in _internal: 127.0.0.1 - - [13/Feb/2024 10:11:34] "[36mGET /static/img/22.jpg HTTP/1.1[0m" 304 -
[2024-02-13 10:11:34,684] INFO in _internal: 127.0.0.1 - - [13/Feb/2024 10:11:34] "[36mGET /static/img/23.jpg HTTP/1.1[0m" 304 -
[2024-02-13 10:14:22,383] INFO in _internal: 127.0.0.1 - - [13/Feb/2024 10:14:22] "GET /escortv2 HTTP/1.1" 200 -
[2024-02-13 10:14:22,408] INFO in _internal: 127.0.0.1 - - [13/Feb/2024 10:14:22] "[36mGET /static/css/escortv2.css HTTP/1.1[0m" 304 -
[2024-02-13 10:14:22,410] INFO in _internal: 127.0.0.1 - - [13/Feb/2024 10:14:22] "[36mGET /static/img/logo.png HTTP/1.1[0m" 304 -
[2024-02-13 10:14:22,412] INFO in _internal: 127.0.0.1 - - [13/Feb/2024 10:14:22] "[36mGET /static/img/area.png HTTP/1.1[0m" 304 -
[2024-02-13 10:14:22,428] INFO in _internal: 127.0.0.1 - - [13/Feb/2024 10:14:22] "GET /static/js/escortv2.js HTTP/1.1" 200 -
[2024-02-13 10:14:50,463] INFO in _internal: 127.0.0.1 - - [13/Feb/2024 10:14:50] "GET /escortv2 HTTP/1.1" 200 -
[2024-02-13 10:14:50,490] INFO in _internal: 127.0.0.1 - - [13/Feb/2024 10:14:50] "[36mGET /static/css/escortv2.css HTTP/1.1[0m" 304 -
[2024-02-13 10:14:50,493] INFO in _internal: 127.0.0.1 - - [13/Feb/2024 10:14:50] "[36mGET /static/img/logo.png HTTP/1.1[0m" 304 -
[2024-02-13 10:14:50,494] INFO in _internal: 127.0.0.1 - - [13/Feb/2024 10:14:50] "[36mGET /static/img/area.png HTTP/1.1[0m" 304 -
[2024-02-13 10:14:50,508] INFO in _internal: 127.0.0.1 - - [13/Feb/2024 10:14:50] "GET /static/js/escortv2.js HTTP/1.1" 200 -
[2024-02-13 10:14:50,541] INFO in _internal: 127.0.0.1 - - [13/Feb/2024 10:14:50] "[36mGET /static/img/1.jpg HTTP/1.1[0m" 304 -
[2024-02-13 10:14:50,542] INFO in _internal: 127.0.0.1 - - [13/Feb/2024 10:14:50] "[36mGET /static/img/2.jpg HTTP/1.1[0m" 304 -
[2024-02-13 10:14:50,546] INFO in _internal: 127.0.0.1 - - [13/Feb/2024 10:14:50] "[36mGET /static/img/3.jpg HTTP/1.1[0m" 304 -
[2024-02-13 10:14:50,562] INFO in _internal: 127.0.0.1 - - [13/Feb/2024 10:14:50] "[36mGET /static/img/4.jpg HTTP/1.1[0m" 304 -
[2024-02-13 10:14:50,569] INFO in _internal: 127.0.0.1 - - [13/Feb/2024 10:14:50] "[36mGET /static/img/19.jpg HTTP/1.1[0m" 304 -
[2024-02-13 10:14:50,574] INFO in _internal: 127.0.0.1 - - [13/Feb/2024 10:14:50] "[36mGET /static/img/20.jpg HTTP/1.1[0m" 304 -
[2024-02-13 10:14:50,590] INFO in _internal: 127.0.0.1 - - [13/Feb/2024 10:14:50] "[36mGET /static/img/21.jpg HTTP/1.1[0m" 304 -
[2024-02-13 10:14:50,592] INFO in _internal: 127.0.0.1 - - [13/Feb/2024 10:14:50] "[36mGET /static/img/22.jpg HTTP/1.1[0m" 304 -
[2024-02-13 10:14:50,599] INFO in _internal: 127.0.0.1 - - [13/Feb/2024 10:14:50] "[36mGET /static/img/23.jpg HTTP/1.1[0m" 304 -
[2024-02-13 10:16:20,140] INFO in _internal: 127.0.0.1 - - [13/Feb/2024 10:16:20] "GET /escortv2 HTTP/1.1" 200 -
[2024-02-13 10:16:20,172] INFO in _internal: 127.0.0.1 - - [13/Feb/2024 10:16:20] "[36mGET /static/css/escortv2.css HTTP/1.1[0m" 304 -
[2024-02-13 10:16:20,173] INFO in _internal: 127.0.0.1 - - [13/Feb/2024 10:16:20] "[36mGET /static/img/logo.png HTTP/1.1[0m" 304 -
[2024-02-13 10:16:20,174] INFO in _internal: 127.0.0.1 - - [13/Feb/2024 10:16:20] "[36mGET /static/img/area.png HTTP/1.1[0m" 304 -
[2024-02-13 10:16:20,187] INFO in _internal: 127.0.0.1 - - [13/Feb/2024 10:16:20] "GET /static/js/escortv2.js HTTP/1.1" 200 -
[2024-02-13 10:16:20,230] INFO in _internal: 127.0.0.1 - - [13/Feb/2024 10:16:20] "[36mGET /static/img/1.jpg HTTP/1.1[0m" 304 -
[2024-02-13 10:16:20,232] INFO in _internal: 127.0.0.1 - - [13/Feb/2024 10:16:20] "[36mGET /static/img/2.jpg HTTP/1.1[0m" 304 -
[2024-02-13 10:16:20,250] INFO in _internal: 127.0.0.1 - - [13/Feb/2024 10:16:20] "[36mGET /static/img/3.jpg HTTP/1.1[0m" 304 -
[2024-02-13 10:16:20,266] INFO in _internal: 127.0.0.1 - - [13/Feb/2024 10:16:20] "[36mGET /static/img/19.jpg HTTP/1.1[0m" 304 -
[2024-02-13 10:16:20,273] INFO in _internal: 127.0.0.1 - - [13/Feb/2024 10:16:20] "[36mGET /static/img/4.jpg HTTP/1.1[0m" 304 -
[2024-02-13 10:16:20,282] INFO in _internal: 127.0.0.1 - - [13/Feb/2024 10:16:20] "[36mGET /static/img/20.jpg HTTP/1.1[0m" 304 -
[2024-02-13 10:16:20,299] INFO in _internal: 127.0.0.1 - - [13/Feb/2024 10:16:20] "[36mGET /static/img/21.jpg HTTP/1.1[0m" 304 -
[2024-02-13 10:16:20,305] INFO in _internal: 127.0.0.1 - - [13/Feb/2024 10:16:20] "[36mGET /static/img/22.jpg HTTP/1.1[0m" 304 -
[2024-02-13 10:16:20,306] INFO in _internal: 127.0.0.1 - - [13/Feb/2024 10:16:20] "[36mGET /static/img/23.jpg HTTP/1.1[0m" 304 -
[2024-02-13 10:18:38,728] INFO in _internal: 127.0.0.1 - - [13/Feb/2024 10:18:38] "GET /escortv2 HTTP/1.1" 200 -
[2024-02-13 10:18:38,750] INFO in _internal: 127.0.0.1 - - [13/Feb/2024 10:18:38] "[36mGET /static/css/escortv2.css HTTP/1.1[0m" 304 -
[2024-02-13 10:18:38,754] INFO in _internal: 127.0.0.1 - - [13/Feb/2024 10:18:38] "[36mGET /static/img/logo.png HTTP/1.1[0m" 304 -
[2024-02-13 10:18:38,758] INFO in _internal: 127.0.0.1 - - [13/Feb/2024 10:18:38] "[36mGET /static/img/area.png HTTP/1.1[0m" 304 -
[2024-02-13 10:18:38,769] INFO in _internal: 127.0.0.1 - - [13/Feb/2024 10:18:38] "GET /static/js/escortv2.js HTTP/1.1" 200 -
[2024-02-13 10:18:38,797] INFO in _internal: 127.0.0.1 - - [13/Feb/2024 10:18:38] "[36mGET /static/img/1.jpg HTTP/1.1[0m" 304 -
[2024-02-13 10:18:38,801] INFO in _internal: 127.0.0.1 - - [13/Feb/2024 10:18:38] "[36mGET /static/img/2.jpg HTTP/1.1[0m" 304 -
[2024-02-13 10:18:38,812] INFO in _internal: 127.0.0.1 - - [13/Feb/2024 10:18:38] "[36mGET /static/img/3.jpg HTTP/1.1[0m" 304 -
[2024-02-13 10:18:38,833] INFO in _internal: 127.0.0.1 - - [13/Feb/2024 10:18:38] "[36mGET /static/img/4.jpg HTTP/1.1[0m" 304 -
[2024-02-13 10:18:38,838] INFO in _internal: 127.0.0.1 - - [13/Feb/2024 10:18:38] "[36mGET /static/img/19.jpg HTTP/1.1[0m" 304 -
[2024-02-13 10:18:38,843] INFO in _internal: 127.0.0.1 - - [13/Feb/2024 10:18:38] "[36mGET /static/img/20.jpg HTTP/1.1[0m" 304 -
[2024-02-13 10:18:38,852] INFO in _internal: 127.0.0.1 - - [13/Feb/2024 10:18:38] "[36mGET /static/img/21.jpg HTTP/1.1[0m" 304 -
[2024-02-13 10:18:38,854] INFO in _internal: 127.0.0.1 - - [13/Feb/2024 10:18:38] "[36mGET /static/img/22.jpg HTTP/1.1[0m" 304 -
[2024-02-13 10:18:38,859] INFO in _internal: 127.0.0.1 - - [13/Feb/2024 10:18:38] "[36mGET /static/img/23.jpg HTTP/1.1[0m" 304 -
[2024-02-13 10:18:56,401] INFO in _internal: 127.0.0.1 - - [13/Feb/2024 10:18:56] "GET /escortv2 HTTP/1.1" 200 -
[2024-02-13 10:18:56,429] INFO in _internal: 127.0.0.1 - - [13/Feb/2024 10:18:56] "[36mGET /static/css/escortv2.css HTTP/1.1[0m" 304 -
[2024-02-13 10:18:56,430] INFO in _internal: 127.0.0.1 - - [13/Feb/2024 10:18:56] "[36mGET /static/img/logo.png HTTP/1.1[0m" 304 -
[2024-02-13 10:18:56,432] INFO in _internal: 127.0.0.1 - - [13/Feb/2024 10:18:56] "[36mGET /static/img/area.png HTTP/1.1[0m" 304 -
[2024-02-13 10:18:56,451] INFO in _internal: 127.0.0.1 - - [13/Feb/2024 10:18:56] "GET /static/js/escortv2.js HTTP/1.1" 200 -
[2024-02-13 10:18:56,512] INFO in _internal: 127.0.0.1 - - [13/Feb/2024 10:18:56] "[36mGET /static/img/1.jpg HTTP/1.1[0m" 304 -
[2024-02-13 10:18:56,516] INFO in _internal: 127.0.0.1 - - [13/Feb/2024 10:18:56] "[36mGET /static/img/2.jpg HTTP/1.1[0m" 304 -
[2024-02-13 10:18:56,519] INFO in _internal: 127.0.0.1 - - [13/Feb/2024 10:18:56] "[36mGET /static/img/3.jpg HTTP/1.1[0m" 304 -
[2024-02-13 10:18:56,530] INFO in _internal: 127.0.0.1 - - [13/Feb/2024 10:18:56] "[36mGET /static/img/4.jpg HTTP/1.1[0m" 304 -
[2024-02-13 10:18:56,540] INFO in _internal: 127.0.0.1 - - [13/Feb/2024 10:18:56] "[36mGET /static/img/19.jpg HTTP/1.1[0m" 304 -
[2024-02-13 10:18:56,544] INFO in _internal: 127.0.0.1 - - [13/Feb/2024 10:18:56] "[36mGET /static/img/20.jpg HTTP/1.1[0m" 304 -
[2024-02-13 10:18:56,550] INFO in _internal: 127.0.0.1 - - [13/Feb/2024 10:18:56] "[36mGET /static/img/21.jpg HTTP/1.1[0m" 304 -
[2024-02-13 10:18:56,554] INFO in _internal: 127.0.0.1 - - [13/Feb/2024 10:18:56] "[36mGET /static/img/22.jpg HTTP/1.1[0m" 304 -
[2024-02-13 10:18:56,559] INFO in _internal: 127.0.0.1 - - [13/Feb/2024 10:18:56] "[36mGET /static/img/23.jpg HTTP/1.1[0m" 304 -
[2024-02-13 10:22:01,165] INFO in _internal: 127.0.0.1 - - [13/Feb/2024 10:22:01] "GET /escortv2 HTTP/1.1" 200 -
[2024-02-13 10:22:01,194] INFO in _internal: 127.0.0.1 - - [13/Feb/2024 10:22:01] "[36mGET /static/css/escortv2.css HTTP/1.1[0m" 304 -
[2024-02-13 10:22:01,194] INFO in _internal: 127.0.0.1 - - [13/Feb/2024 10:22:01] "[36mGET /static/img/logo.png HTTP/1.1[0m" 304 -
[2024-02-13 10:22:01,196] INFO in _internal: 127.0.0.1 - - [13/Feb/2024 10:22:01] "[36mGET /static/img/area.png HTTP/1.1[0m" 304 -
[2024-02-13 10:22:01,225] INFO in _internal: 127.0.0.1 - - [13/Feb/2024 10:22:01] "GET /static/js/escortv2.js HTTP/1.1" 200 -
[2024-02-13 10:22:01,260] INFO in _internal: 127.0.0.1 - - [13/Feb/2024 10:22:01] "[36mGET /static/img/1.jpg HTTP/1.1[0m" 304 -
[2024-02-13 10:22:01,260] INFO in _internal: 127.0.0.1 - - [13/Feb/2024 10:22:01] "[36mGET /static/img/2.jpg HTTP/1.1[0m" 304 -
[2024-02-13 10:22:01,268] INFO in _internal: 127.0.0.1 - - [13/Feb/2024 10:22:01] "[36mGET /static/img/3.jpg HTTP/1.1[0m" 304 -
[2024-02-13 10:22:01,279] INFO in _internal: 127.0.0.1 - - [13/Feb/2024 10:22:01] "[36mGET /static/img/4.jpg HTTP/1.1[0m" 304 -
[2024-02-13 10:22:01,303] INFO in _internal: 127.0.0.1 - - [13/Feb/2024 10:22:01] "[36mGET /static/img/19.jpg HTTP/1.1[0m" 304 -
[2024-02-13 10:22:01,306] INFO in _internal: 127.0.0.1 - - [13/Feb/2024 10:22:01] "[36mGET /static/img/20.jpg HTTP/1.1[0m" 304 -
[2024-02-13 10:22:01,314] INFO in _internal: 127.0.0.1 - - [13/Feb/2024 10:22:01] "[36mGET /static/img/21.jpg HTTP/1.1[0m" 304 -
[2024-02-13 10:22:01,317] INFO in _internal: 127.0.0.1 - - [13/Feb/2024 10:22:01] "[36mGET /static/img/22.jpg HTTP/1.1[0m" 304 -
[2024-02-13 10:22:01,320] INFO in _internal: 127.0.0.1 - - [13/Feb/2024 10:22:01] "[36mGET /static/img/23.jpg HTTP/1.1[0m" 304 -
[2024-02-13 10:22:56,320] INFO in _internal: 127.0.0.1 - - [13/Feb/2024 10:22:56] "GET /escortv2 HTTP/1.1" 200 -
[2024-02-13 10:22:56,347] INFO in _internal: 127.0.0.1 - - [13/Feb/2024 10:22:56] "[36mGET /static/css/escortv2.css HTTP/1.1[0m" 304 -
[2024-02-13 10:22:56,348] INFO in _internal: 127.0.0.1 - - [13/Feb/2024 10:22:56] "[36mGET /static/img/logo.png HTTP/1.1[0m" 304 -
[2024-02-13 10:22:56,348] INFO in _internal: 127.0.0.1 - - [13/Feb/2024 10:22:56] "[36mGET /static/img/area.png HTTP/1.1[0m" 304 -
[2024-02-13 10:22:56,362] INFO in _internal: 127.0.0.1 - - [13/Feb/2024 10:22:56] "[36mGET /static/js/escortv2.js HTTP/1.1[0m" 304 -
[2024-02-13 10:22:56,399] INFO in _internal: 127.0.0.1 - - [13/Feb/2024 10:22:56] "[36mGET /static/img/1.jpg HTTP/1.1[0m" 304 -
[2024-02-13 10:22:56,401] INFO in _internal: 127.0.0.1 - - [13/Feb/2024 10:22:56] "[36mGET /static/img/2.jpg HTTP/1.1[0m" 304 -
[2024-02-13 10:22:56,413] INFO in _internal: 127.0.0.1 - - [13/Feb/2024 10:22:56] "[36mGET /static/img/3.jpg HTTP/1.1[0m" 304 -
[2024-02-13 10:22:56,417] INFO in _internal: 127.0.0.1 - - [13/Feb/2024 10:22:56] "[36mGET /static/img/4.jpg HTTP/1.1[0m" 304 -
[2024-02-13 10:22:56,432] INFO in _internal: 127.0.0.1 - - [13/Feb/2024 10:22:56] "[36mGET /static/img/19.jpg HTTP/1.1[0m" 304 -
[2024-02-13 10:22:56,440] INFO in _internal: 127.0.0.1 - - [13/Feb/2024 10:22:56] "[36mGET /static/img/20.jpg HTTP/1.1[0m" 304 -
[2024-02-13 10:22:56,442] INFO in _internal: 127.0.0.1 - - [13/Feb/2024 10:22:56] "[36mGET /static/img/21.jpg HTTP/1.1[0m" 304 -
[2024-02-13 10:22:56,453] INFO in _internal: 127.0.0.1 - - [13/Feb/2024 10:22:56] "[36mGET /static/img/22.jpg HTTP/1.1[0m" 304 -
[2024-02-13 10:22:56,465] INFO in _internal: 127.0.0.1 - - [13/Feb/2024 10:22:56] "[36mGET /static/img/23.jpg HTTP/1.1[0m" 304 -
[2024-02-13 10:24:19,813] INFO in _internal: 127.0.0.1 - - [13/Feb/2024 10:24:19] "GET /escortv2 HTTP/1.1" 200 -
[2024-02-13 10:24:19,836] INFO in _internal: 127.0.0.1 - - [13/Feb/2024 10:24:19] "[36mGET /static/css/escortv2.css HTTP/1.1[0m" 304 -
[2024-02-13 10:24:19,837] INFO in _internal: 127.0.0.1 - - [13/Feb/2024 10:24:19] "[36mGET /static/img/logo.png HTTP/1.1[0m" 304 -
[2024-02-13 10:24:19,839] INFO in _internal: 127.0.0.1 - - [13/Feb/2024 10:24:19] "[36mGET /static/img/area.png HTTP/1.1[0m" 304 -
[2024-02-13 10:24:19,867] INFO in _internal: 127.0.0.1 - - [13/Feb/2024 10:24:19] "GET /static/js/escortv2.js HTTP/1.1" 200 -
[2024-02-13 10:24:19,900] INFO in _internal: 127.0.0.1 - - [13/Feb/2024 10:24:19] "[36mGET /static/img/1.jpg HTTP/1.1[0m" 304 -
[2024-02-13 10:24:19,901] INFO in _internal: 127.0.0.1 - - [13/Feb/2024 10:24:19] "[36mGET /static/img/2.jpg HTTP/1.1[0m" 304 -
[2024-02-13 10:24:19,903] INFO in _internal: 127.0.0.1 - - [13/Feb/2024 10:24:19] "[36mGET /static/img/3.jpg HTTP/1.1[0m" 304 -
[2024-02-13 10:24:19,923] INFO in _internal: 127.0.0.1 - - [13/Feb/2024 10:24:19] "[36mGET /static/img/4.jpg HTTP/1.1[0m" 304 -
[2024-02-13 10:24:19,931] INFO in _internal: 127.0.0.1 - - [13/Feb/2024 10:24:19] "[36mGET /static/img/19.jpg HTTP/1.1[0m" 304 -
[2024-02-13 10:24:19,940] INFO in _internal: 127.0.0.1 - - [13/Feb/2024 10:24:19] "[36mGET /static/img/20.jpg HTTP/1.1[0m" 304 -
[2024-02-13 10:24:19,949] INFO in _internal: 127.0.0.1 - - [13/Feb/2024 10:24:19] "[36mGET /static/img/21.jpg HTTP/1.1[0m" 304 -
[2024-02-13 10:24:19,951] INFO in _internal: 127.0.0.1 - - [13/Feb/2024 10:24:19] "[36mGET /static/img/22.jpg HTTP/1.1[0m" 304 -
[2024-02-13 10:24:19,952] INFO in _internal: 127.0.0.1 - - [13/Feb/2024 10:24:19] "[36mGET /static/img/23.jpg HTTP/1.1[0m" 304 -
[2024-02-13 10:26:38,204] INFO in _internal: 127.0.0.1 - - [13/Feb/2024 10:26:38] "GET /escortv2 HTTP/1.1" 200 -
[2024-02-13 10:26:38,232] INFO in _internal: 127.0.0.1 - - [13/Feb/2024 10:26:38] "[36mGET /static/img/logo.png HTTP/1.1[0m" 304 -
[2024-02-13 10:26:38,232] INFO in _internal: 127.0.0.1 - - [13/Feb/2024 10:26:38] "[36mGET /static/css/escortv2.css HTTP/1.1[0m" 304 -
[2024-02-13 10:26:38,233] INFO in _internal: 127.0.0.1 - - [13/Feb/2024 10:26:38] "[36mGET /static/img/area.png HTTP/1.1[0m" 304 -
[2024-02-13 10:26:38,250] INFO in _internal: 127.0.0.1 - - [13/Feb/2024 10:26:38] "GET /static/js/escortv2.js HTTP/1.1" 200 -
[2024-02-13 10:26:38,289] INFO in _internal: 127.0.0.1 - - [13/Feb/2024 10:26:38] "[36mGET /static/img/2.jpg HTTP/1.1[0m" 304 -
[2024-02-13 10:26:38,291] INFO in _internal: 127.0.0.1 - - [13/Feb/2024 10:26:38] "[36mGET /static/img/3.jpg HTTP/1.1[0m" 304 -
[2024-02-13 10:26:38,311] INFO in _internal: 127.0.0.1 - - [13/Feb/2024 10:26:38] "[36mGET /static/img/4.jpg HTTP/1.1[0m" 304 -
[2024-02-13 10:26:38,326] INFO in _internal: 127.0.0.1 - - [13/Feb/2024 10:26:38] "[36mGET /static/img/1.jpg HTTP/1.1[0m" 304 -
[2024-02-13 10:26:38,342] INFO in _internal: 127.0.0.1 - - [13/Feb/2024 10:26:38] "[36mGET /static/img/19.jpg HTTP/1.1[0m" 304 -
[2024-02-13 10:26:38,352] INFO in _internal: 127.0.0.1 - - [13/Feb/2024 10:26:38] "[36mGET /static/img/20.jpg HTTP/1.1[0m" 304 -
[2024-02-13 10:26:38,355] INFO in _internal: 127.0.0.1 - - [13/Feb/2024 10:26:38] "[36mGET /static/img/21.jpg HTTP/1.1[0m" 304 -
[2024-02-13 10:26:38,363] INFO in _internal: 127.0.0.1 - - [13/Feb/2024 10:26:38] "[36mGET /static/img/22.jpg HTTP/1.1[0m" 304 -
[2024-02-13 10:26:38,366] INFO in _internal: 127.0.0.1 - - [13/Feb/2024 10:26:38] "[36mGET /static/img/23.jpg HTTP/1.1[0m" 304 -
[2024-02-13 10:27:04,007] INFO in _internal: 127.0.0.1 - - [13/Feb/2024 10:27:04] "GET /escortv2 HTTP/1.1" 200 -
[2024-02-13 10:27:04,036] INFO in _internal: 127.0.0.1 - - [13/Feb/2024 10:27:04] "[36mGET /static/css/escortv2.css HTTP/1.1[0m" 304 -
[2024-02-13 10:27:04,036] INFO in _internal: 127.0.0.1 - - [13/Feb/2024 10:27:04] "[36mGET /static/img/logo.png HTTP/1.1[0m" 304 -
[2024-02-13 10:27:04,037] INFO in _internal: 127.0.0.1 - - [13/Feb/2024 10:27:04] "[36mGET /static/img/area.png HTTP/1.1[0m" 304 -
[2024-02-13 10:27:04,059] INFO in _internal: 127.0.0.1 - - [13/Feb/2024 10:27:04] "GET /static/js/escortv2.js HTTP/1.1" 200 -
[2024-02-13 10:27:04,092] INFO in _internal: 127.0.0.1 - - [13/Feb/2024 10:27:04] "[36mGET /static/img/1.jpg HTTP/1.1[0m" 304 -
[2024-02-13 10:27:04,094] INFO in _internal: 127.0.0.1 - - [13/Feb/2024 10:27:04] "[36mGET /static/img/2.jpg HTTP/1.1[0m" 304 -
[2024-02-13 10:27:04,114] INFO in _internal: 127.0.0.1 - - [13/Feb/2024 10:27:04] "[36mGET /static/img/3.jpg HTTP/1.1[0m" 304 -
[2024-02-13 10:27:04,115] INFO in _internal: 127.0.0.1 - - [13/Feb/2024 10:27:04] "[36mGET /static/img/4.jpg HTTP/1.1[0m" 304 -
[2024-02-13 10:27:04,140] INFO in _internal: 127.0.0.1 - - [13/Feb/2024 10:27:04] "[36mGET /static/img/19.jpg HTTP/1.1[0m" 304 -
[2024-02-13 10:27:04,144] INFO in _internal: 127.0.0.1 - - [13/Feb/2024 10:27:04] "[36mGET /static/img/20.jpg HTTP/1.1[0m" 304 -
[2024-02-13 10:27:04,147] INFO in _internal: 127.0.0.1 - - [13/Feb/2024 10:27:04] "[36mGET /static/img/21.jpg HTTP/1.1[0m" 304 -
[2024-02-13 10:27:04,150] INFO in _internal: 127.0.0.1 - - [13/Feb/2024 10:27:04] "[36mGET /static/img/22.jpg HTTP/1.1[0m" 304 -
[2024-02-13 10:27:04,154] INFO in _internal: 127.0.0.1 - - [13/Feb/2024 10:27:04] "[36mGET /static/img/23.jpg HTTP/1.1[0m" 304 -
[2024-02-13 10:34:04,222] INFO in _internal: 127.0.0.1 - - [13/Feb/2024 10:34:04] "GET /escortv2 HTTP/1.1" 200 -
[2024-02-13 10:34:04,245] INFO in _internal: 127.0.0.1 - - [13/Feb/2024 10:34:04] "[36mGET /static/css/escortv2.css HTTP/1.1[0m" 304 -
[2024-02-13 10:34:04,246] INFO in _internal: 127.0.0.1 - - [13/Feb/2024 10:34:04] "[36mGET /static/img/logo.png HTTP/1.1[0m" 304 -
[2024-02-13 10:34:04,247] INFO in _internal: 127.0.0.1 - - [13/Feb/2024 10:34:04] "[36mGET /static/img/area.png HTTP/1.1[0m" 304 -
[2024-02-13 10:34:04,261] INFO in _internal: 127.0.0.1 - - [13/Feb/2024 10:34:04] "GET /static/js/escortv2.js HTTP/1.1" 200 -
[2024-02-13 10:34:04,438] INFO in _internal: 127.0.0.1 - - [13/Feb/2024 10:34:04] "[36mGET /static/img/1.jpg HTTP/1.1[0m" 304 -
[2024-02-13 10:34:04,439] INFO in _internal: 127.0.0.1 - - [13/Feb/2024 10:34:04] "[36mGET /static/img/2.jpg HTTP/1.1[0m" 304 -
[2024-02-13 10:34:04,442] INFO in _internal: 127.0.0.1 - - [13/Feb/2024 10:34:04] "[36mGET /static/img/3.jpg HTTP/1.1[0m" 304 -
[2024-02-13 10:34:04,465] INFO in _internal: 127.0.0.1 - - [13/Feb/2024 10:34:04] "[36mGET /static/img/20.jpg HTTP/1.1[0m" 304 -
[2024-02-13 10:34:04,470] INFO in _internal: 127.0.0.1 - - [13/Feb/2024 10:34:04] "[36mGET /static/img/4.jpg HTTP/1.1[0m" 304 -
[2024-02-13 10:34:04,470] INFO in _internal: 127.0.0.1 - - [13/Feb/2024 10:34:04] "[36mGET /static/img/19.jpg HTTP/1.1[0m" 304 -
[2024-02-13 10:34:04,484] INFO in _internal: 127.0.0.1 - - [13/Feb/2024 10:34:04] "[36mGET /static/img/21.jpg HTTP/1.1[0m" 304 -
[2024-02-13 10:34:04,487] INFO in _internal: 127.0.0.1 - - [13/Feb/2024 10:34:04] "[36mGET /static/img/22.jpg HTTP/1.1[0m" 304 -
[2024-02-13 10:34:04,488] INFO in _internal: 127.0.0.1 - - [13/Feb/2024 10:34:04] "[36mGET /static/img/23.jpg HTTP/1.1[0m" 304 -
[2024-02-13 10:34:34,435] INFO in _internal: 127.0.0.1 - - [13/Feb/2024 10:34:34] "GET /escortv2 HTTP/1.1" 200 -
[2024-02-13 10:34:34,450] INFO in _internal: 127.0.0.1 - - [13/Feb/2024 10:34:34] "[36mGET /static/css/escortv2.css HTTP/1.1[0m" 304 -
[2024-02-13 10:34:34,461] INFO in _internal: 127.0.0.1 - - [13/Feb/2024 10:34:34] "[36mGET /static/img/logo.png HTTP/1.1[0m" 304 -
[2024-02-13 10:34:34,462] INFO in _internal: 127.0.0.1 - - [13/Feb/2024 10:34:34] "[36mGET /static/img/area.png HTTP/1.1[0m" 304 -
[2024-02-13 10:34:34,473] INFO in _internal: 127.0.0.1 - - [13/Feb/2024 10:34:34] "GET /static/js/escortv2.js HTTP/1.1" 200 -
[2024-02-13 10:34:34,530] INFO in _internal: 127.0.0.1 - - [13/Feb/2024 10:34:34] "[36mGET /static/img/1.jpg HTTP/1.1[0m" 304 -
[2024-02-13 10:34:34,531] INFO in _internal: 127.0.0.1 - - [13/Feb/2024 10:34:34] "[36mGET /static/img/3.jpg HTTP/1.1[0m" 304 -
[2024-02-13 10:34:34,539] INFO in _internal: 127.0.0.1 - - [13/Feb/2024 10:34:34] "[36mGET /static/img/4.jpg HTTP/1.1[0m" 304 -
[2024-02-13 10:34:34,541] INFO in _internal: 127.0.0.1 - - [13/Feb/2024 10:34:34] "[36mGET /static/img/2.jpg HTTP/1.1[0m" 304 -
[2024-02-13 10:34:34,560] INFO in _internal: 127.0.0.1 - - [13/Feb/2024 10:34:34] "[36mGET /static/img/19.jpg HTTP/1.1[0m" 304 -
[2024-02-13 10:34:34,562] INFO in _internal: 127.0.0.1 - - [13/Feb/2024 10:34:34] "[36mGET /static/img/20.jpg HTTP/1.1[0m" 304 -
[2024-02-13 10:34:34,570] INFO in _internal: 127.0.0.1 - - [13/Feb/2024 10:34:34] "[36mGET /static/img/21.jpg HTTP/1.1[0m" 304 -
[2024-02-13 10:34:34,573] INFO in _internal: 127.0.0.1 - - [13/Feb/2024 10:34:34] "[36mGET /static/img/22.jpg HTTP/1.1[0m" 304 -
[2024-02-13 10:34:34,575] INFO in _internal: 127.0.0.1 - - [13/Feb/2024 10:34:34] "[36mGET /static/img/23.jpg HTTP/1.1[0m" 304 -
[2024-02-13 10:39:02,972] INFO in _internal: 127.0.0.1 - - [13/Feb/2024 10:39:02] "GET /escortv2 HTTP/1.1" 200 -
[2024-02-13 10:39:02,998] INFO in _internal: 127.0.0.1 - - [13/Feb/2024 10:39:02] "[36mGET /static/img/logo.png HTTP/1.1[0m" 304 -
[2024-02-13 10:39:02,999] INFO in _internal: 127.0.0.1 - - [13/Feb/2024 10:39:02] "[36mGET /static/css/escortv2.css HTTP/1.1[0m" 304 -
[2024-02-13 10:39:03,000] INFO in _internal: 127.0.0.1 - - [13/Feb/2024 10:39:03] "[36mGET /static/img/area.png HTTP/1.1[0m" 304 -
[2024-02-13 10:39:03,014] INFO in _internal: 127.0.0.1 - - [13/Feb/2024 10:39:03] "GET /static/js/escortv2.js HTTP/1.1" 200 -
[2024-02-13 10:39:03,041] INFO in _internal: 127.0.0.1 - - [13/Feb/2024 10:39:03] "[36mGET /static/img/1.jpg HTTP/1.1[0m" 304 -
[2024-02-13 10:39:03,042] INFO in _internal: 127.0.0.1 - - [13/Feb/2024 10:39:03] "[36mGET /static/img/2.jpg HTTP/1.1[0m" 304 -
[2024-02-13 10:39:03,043] INFO in _internal: 127.0.0.1 - - [13/Feb/2024 10:39:03] "[36mGET /static/img/3.jpg HTTP/1.1[0m" 304 -
[2024-02-13 10:39:03,044] INFO in _internal: 127.0.0.1 - - [13/Feb/2024 10:39:03] "[36mGET /static/img/4.jpg HTTP/1.1[0m" 304 -
[2024-02-13 10:39:03,083] INFO in _internal: 127.0.0.1 - - [13/Feb/2024 10:39:03] "[36mGET /static/img/20.jpg HTTP/1.1[0m" 304 -
[2024-02-13 10:39:03,088] INFO in _internal: 127.0.0.1 - - [13/Feb/2024 10:39:03] "[36mGET /static/img/19.jpg HTTP/1.1[0m" 304 -
[2024-02-13 10:39:03,102] INFO in _internal: 127.0.0.1 - - [13/Feb/2024 10:39:03] "[36mGET /static/img/21.jpg HTTP/1.1[0m" 304 -
[2024-02-13 10:39:03,104] INFO in _internal: 127.0.0.1 - - [13/Feb/2024 10:39:03] "[36mGET /static/img/22.jpg HTTP/1.1[0m" 304 -
[2024-02-13 10:39:03,106] INFO in _internal: 127.0.0.1 - - [13/Feb/2024 10:39:03] "[36mGET /static/img/23.jpg HTTP/1.1[0m" 304 -
[2024-02-13 10:39:19,604] INFO in _internal: 127.0.0.1 - - [13/Feb/2024 10:39:19] "GET /escortv2 HTTP/1.1" 200 -
[2024-02-13 10:39:19,633] INFO in _internal: 127.0.0.1 - - [13/Feb/2024 10:39:19] "[36mGET /static/css/escortv2.css HTTP/1.1[0m" 304 -
[2024-02-13 10:39:19,636] INFO in _internal: 127.0.0.1 - - [13/Feb/2024 10:39:19] "[36mGET /static/img/logo.png HTTP/1.1[0m" 304 -
[2024-02-13 10:39:19,638] INFO in _internal: 127.0.0.1 - - [13/Feb/2024 10:39:19] "[36mGET /static/img/area.png HTTP/1.1[0m" 304 -
[2024-02-13 10:39:19,663] INFO in _internal: 127.0.0.1 - - [13/Feb/2024 10:39:19] "[36mGET /static/js/escortv2.js HTTP/1.1[0m" 304 -
[2024-02-13 10:39:19,709] INFO in _internal: 127.0.0.1 - - [13/Feb/2024 10:39:19] "[36mGET /static/img/1.jpg HTTP/1.1[0m" 304 -
[2024-02-13 10:39:19,714] INFO in _internal: 127.0.0.1 - - [13/Feb/2024 10:39:19] "[36mGET /static/img/2.jpg HTTP/1.1[0m" 304 -
[2024-02-13 10:39:19,723] INFO in _internal: 127.0.0.1 - - [13/Feb/2024 10:39:19] "[36mGET /static/img/4.jpg HTTP/1.1[0m" 304 -
[2024-02-13 10:39:19,725] INFO in _internal: 127.0.0.1 - - [13/Feb/2024 10:39:19] "[36mGET /static/img/3.jpg HTTP/1.1[0m" 304 -
[2024-02-13 10:39:19,750] INFO in _internal: 127.0.0.1 - - [13/Feb/2024 10:39:19] "[36mGET /static/img/19.jpg HTTP/1.1[0m" 304 -
[2024-02-13 10:39:19,753] INFO in _internal: 127.0.0.1 - - [13/Feb/2024 10:39:19] "[36mGET /static/img/20.jpg HTTP/1.1[0m" 304 -
[2024-02-13 10:39:19,776] INFO in _internal: 127.0.0.1 - - [13/Feb/2024 10:39:19] "[36mGET /static/img/22.jpg HTTP/1.1[0m" 304 -
[2024-02-13 10:39:19,778] INFO in _internal: 127.0.0.1 - - [13/Feb/2024 10:39:19] "[36mGET /static/img/21.jpg HTTP/1.1[0m" 304 -
[2024-02-13 10:39:19,780] INFO in _internal: 127.0.0.1 - - [13/Feb/2024 10:39:19] "[36mGET /static/img/23.jpg HTTP/1.1[0m" 304 -
[2024-02-13 10:39:24,426] INFO in _internal: 127.0.0.1 - - [13/Feb/2024 10:39:24] "GET /escortv2 HTTP/1.1" 200 -
[2024-02-13 10:39:24,446] INFO in _internal: 127.0.0.1 - - [13/Feb/2024 10:39:24] "[36mGET /static/img/logo.png HTTP/1.1[0m" 304 -
[2024-02-13 10:39:24,446] INFO in _internal: 127.0.0.1 - - [13/Feb/2024 10:39:24] "[36mGET /static/css/escortv2.css HTTP/1.1[0m" 304 -
[2024-02-13 10:39:24,451] INFO in _internal: 127.0.0.1 - - [13/Feb/2024 10:39:24] "[36mGET /static/img/area.png HTTP/1.1[0m" 304 -
[2024-02-13 10:39:24,458] INFO in _internal: 127.0.0.1 - - [13/Feb/2024 10:39:24] "GET /static/js/escortv2.js HTTP/1.1" 200 -
[2024-02-13 10:39:24,489] INFO in _internal: 127.0.0.1 - - [13/Feb/2024 10:39:24] "[36mGET /static/img/1.jpg HTTP/1.1[0m" 304 -
[2024-02-13 10:39:24,490] INFO in _internal: 127.0.0.1 - - [13/Feb/2024 10:39:24] "[36mGET /static/img/3.jpg HTTP/1.1[0m" 304 -
[2024-02-13 10:39:24,491] INFO in _internal: 127.0.0.1 - - [13/Feb/2024 10:39:24] "[36mGET /static/img/2.jpg HTTP/1.1[0m" 304 -
[2024-02-13 10:39:24,511] INFO in _internal: 127.0.0.1 - - [13/Feb/2024 10:39:24] "[36mGET /static/img/4.jpg HTTP/1.1[0m" 304 -
[2024-02-13 10:39:24,512] INFO in _internal: 127.0.0.1 - - [13/Feb/2024 10:39:24] "[36mGET /static/img/19.jpg HTTP/1.1[0m" 304 -
[2024-02-13 10:39:24,526] INFO in _internal: 127.0.0.1 - - [13/Feb/2024 10:39:24] "[36mGET /static/img/20.jpg HTTP/1.1[0m" 304 -
[2024-02-13 10:39:24,529] INFO in _internal: 127.0.0.1 - - [13/Feb/2024 10:39:24] "[36mGET /static/img/21.jpg HTTP/1.1[0m" 304 -
[2024-02-13 10:39:24,535] INFO in _internal: 127.0.0.1 - - [13/Feb/2024 10:39:24] "[36mGET /static/img/22.jpg HTTP/1.1[0m" 304 -
[2024-02-13 10:39:24,538] INFO in _internal: 127.0.0.1 - - [13/Feb/2024 10:39:24] "[36mGET /static/img/23.jpg HTTP/1.1[0m" 304 -
[2024-02-13 10:41:59,615] INFO in _internal: 127.0.0.1 - - [13/Feb/2024 10:41:59] "GET /escortv2 HTTP/1.1" 200 -
[2024-02-13 10:41:59,641] INFO in _internal: 127.0.0.1 - - [13/Feb/2024 10:41:59] "[36mGET /static/css/escortv2.css HTTP/1.1[0m" 304 -
[2024-02-13 10:41:59,643] INFO in _internal: 127.0.0.1 - - [13/Feb/2024 10:41:59] "[36mGET /static/img/logo.png HTTP/1.1[0m" 304 -
[2024-02-13 10:41:59,645] INFO in _internal: 127.0.0.1 - - [13/Feb/2024 10:41:59] "[36mGET /static/img/area.png HTTP/1.1[0m" 304 -
[2024-02-13 10:41:59,659] INFO in _internal: 127.0.0.1 - - [13/Feb/2024 10:41:59] "GET /static/js/escortv2.js HTTP/1.1" 200 -
[2024-02-13 10:41:59,698] INFO in _internal: 127.0.0.1 - - [13/Feb/2024 10:41:59] "[36mGET /static/img/1.jpg HTTP/1.1[0m" 304 -
[2024-02-13 10:41:59,699] INFO in _internal: 127.0.0.1 - - [13/Feb/2024 10:41:59] "[36mGET /static/img/2.jpg HTTP/1.1[0m" 304 -
[2024-02-13 10:41:59,705] INFO in _internal: 127.0.0.1 - - [13/Feb/2024 10:41:59] "[36mGET /static/img/3.jpg HTTP/1.1[0m" 304 -
[2024-02-13 10:41:59,711] INFO in _internal: 127.0.0.1 - - [13/Feb/2024 10:41:59] "[36mGET /static/img/4.jpg HTTP/1.1[0m" 304 -
[2024-02-13 10:41:59,734] INFO in _internal: 127.0.0.1 - - [13/Feb/2024 10:41:59] "[36mGET /static/img/20.jpg HTTP/1.1[0m" 304 -
[2024-02-13 10:41:59,739] INFO in _internal: 127.0.0.1 - - [13/Feb/2024 10:41:59] "[36mGET /static/img/19.jpg HTTP/1.1[0m" 304 -
[2024-02-13 10:41:59,743] INFO in _internal: 127.0.0.1 - - [13/Feb/2024 10:41:59] "[36mGET /static/img/21.jpg HTTP/1.1[0m" 304 -
[2024-02-13 10:41:59,749] INFO in _internal: 127.0.0.1 - - [13/Feb/2024 10:41:59] "[36mGET /static/img/22.jpg HTTP/1.1[0m" 304 -
[2024-02-13 10:41:59,757] INFO in _internal: 127.0.0.1 - - [13/Feb/2024 10:41:59] "[36mGET /static/img/23.jpg HTTP/1.1[0m" 304 -
[2024-02-13 10:42:09,954] INFO in _internal: 127.0.0.1 - - [13/Feb/2024 10:42:09] "GET /escortv2 HTTP/1.1" 200 -
[2024-02-13 10:42:09,983] INFO in _internal: 127.0.0.1 - - [13/Feb/2024 10:42:09] "[36mGET /static/css/escortv2.css HTTP/1.1[0m" 304 -
[2024-02-13 10:42:09,986] INFO in _internal: 127.0.0.1 - - [13/Feb/2024 10:42:09] "[36mGET /static/img/logo.png HTTP/1.1[0m" 304 -
[2024-02-13 10:42:09,987] INFO in _internal: 127.0.0.1 - - [13/Feb/2024 10:42:09] "[36mGET /static/img/area.png HTTP/1.1[0m" 304 -
[2024-02-13 10:42:10,003] INFO in _internal: 127.0.0.1 - - [13/Feb/2024 10:42:10] "[36mGET /static/js/escortv2.js HTTP/1.1[0m" 304 -
[2024-02-13 10:42:10,044] INFO in _internal: 127.0.0.1 - - [13/Feb/2024 10:42:10] "[36mGET /static/img/2.jpg HTTP/1.1[0m" 304 -
[2024-02-13 10:42:10,046] INFO in _internal: 127.0.0.1 - - [13/Feb/2024 10:42:10] "[36mGET /static/img/1.jpg HTTP/1.1[0m" 304 -
[2024-02-13 10:42:10,052] INFO in _internal: 127.0.0.1 - - [13/Feb/2024 10:42:10] "[36mGET /static/img/4.jpg HTTP/1.1[0m" 304 -
[2024-02-13 10:42:10,055] INFO in _internal: 127.0.0.1 - - [13/Feb/2024 10:42:10] "[36mGET /static/img/3.jpg HTTP/1.1[0m" 304 -
[2024-02-13 10:42:10,057] INFO in _internal: 127.0.0.1 - - [13/Feb/2024 10:42:10] "[36mGET /static/img/19.jpg HTTP/1.1[0m" 304 -
[2024-02-13 10:42:10,073] INFO in _internal: 127.0.0.1 - - [13/Feb/2024 10:42:10] "[36mGET /static/img/20.jpg HTTP/1.1[0m" 304 -
[2024-02-13 10:42:10,079] INFO in _internal: 127.0.0.1 - - [13/Feb/2024 10:42:10] "[36mGET /static/img/21.jpg HTTP/1.1[0m" 304 -
[2024-02-13 10:42:10,109] INFO in _internal: 127.0.0.1 - - [13/Feb/2024 10:42:10] "[36mGET /static/img/22.jpg HTTP/1.1[0m" 304 -
[2024-02-13 10:42:10,111] INFO in _internal: 127.0.0.1 - - [13/Feb/2024 10:42:10] "[36mGET /static/img/23.jpg HTTP/1.1[0m" 304 -
[2024-02-13 10:43:55,203] INFO in _internal: 127.0.0.1 - - [13/Feb/2024 10:43:55] "GET /escortv2 HTTP/1.1" 200 -
[2024-02-13 10:43:55,230] INFO in _internal: 127.0.0.1 - - [13/Feb/2024 10:43:55] "[36mGET /static/css/escortv2.css HTTP/1.1[0m" 304 -
[2024-02-13 10:43:55,232] INFO in _internal: 127.0.0.1 - - [13/Feb/2024 10:43:55] "[36mGET /static/img/logo.png HTTP/1.1[0m" 304 -
[2024-02-13 10:43:55,233] INFO in _internal: 127.0.0.1 - - [13/Feb/2024 10:43:55] "[36mGET /static/img/area.png HTTP/1.1[0m" 304 -
[2024-02-13 10:43:55,250] INFO in _internal: 127.0.0.1 - - [13/Feb/2024 10:43:55] "GET /static/js/escortv2.js HTTP/1.1" 200 -
[2024-02-13 10:43:55,282] INFO in _internal: 127.0.0.1 - - [13/Feb/2024 10:43:55] "[36mGET /static/img/1.jpg HTTP/1.1[0m" 304 -
[2024-02-13 10:43:55,285] INFO in _internal: 127.0.0.1 - - [13/Feb/2024 10:43:55] "[36mGET /static/img/2.jpg HTTP/1.1[0m" 304 -
[2024-02-13 10:43:55,291] INFO in _internal: 127.0.0.1 - - [13/Feb/2024 10:43:55] "[36mGET /static/img/3.jpg HTTP/1.1[0m" 304 -
[2024-02-13 10:43:55,306] INFO in _internal: 127.0.0.1 - - [13/Feb/2024 10:43:55] "[36mGET /static/img/4.jpg HTTP/1.1[0m" 304 -
[2024-02-13 10:43:55,324] INFO in _internal: 127.0.0.1 - - [13/Feb/2024 10:43:55] "[36mGET /static/img/19.jpg HTTP/1.1[0m" 304 -
[2024-02-13 10:43:55,331] INFO in _internal: 127.0.0.1 - - [13/Feb/2024 10:43:55] "[36mGET /static/img/21.jpg HTTP/1.1[0m" 304 -
[2024-02-13 10:43:55,347] INFO in _internal: 127.0.0.1 - - [13/Feb/2024 10:43:55] "[36mGET /static/img/23.jpg HTTP/1.1[0m" 304 -
[2024-02-13 10:43:55,331] INFO in _internal: 127.0.0.1 - - [13/Feb/2024 10:43:55] "[36mGET /static/img/20.jpg HTTP/1.1[0m" 304 -
[2024-02-13 10:43:55,334] INFO in _internal: 127.0.0.1 - - [13/Feb/2024 10:43:55] "[36mGET /static/img/22.jpg HTTP/1.1[0m" 304 -
[2024-02-13 10:44:07,210] INFO in _internal: 127.0.0.1 - - [13/Feb/2024 10:44:07] "GET /escortv2 HTTP/1.1" 200 -
[2024-02-13 10:44:07,235] INFO in _internal: 127.0.0.1 - - [13/Feb/2024 10:44:07] "[36mGET /static/css/escortv2.css HTTP/1.1[0m" 304 -
[2024-02-13 10:44:07,236] INFO in _internal: 127.0.0.1 - - [13/Feb/2024 10:44:07] "[36mGET /static/img/logo.png HTTP/1.1[0m" 304 -
[2024-02-13 10:44:07,237] INFO in _internal: 127.0.0.1 - - [13/Feb/2024 10:44:07] "[36mGET /static/img/area.png HTTP/1.1[0m" 304 -
[2024-02-13 10:44:07,248] INFO in _internal: 127.0.0.1 - - [13/Feb/2024 10:44:07] "[36mGET /static/js/escortv2.js HTTP/1.1[0m" 304 -
[2024-02-13 10:44:07,302] INFO in _internal: 127.0.0.1 - - [13/Feb/2024 10:44:07] "[36mGET /static/img/1.jpg HTTP/1.1[0m" 304 -
[2024-02-13 10:44:07,302] INFO in _internal: 127.0.0.1 - - [13/Feb/2024 10:44:07] "[36mGET /static/img/2.jpg HTTP/1.1[0m" 304 -
[2024-02-13 10:44:07,304] INFO in _internal: 127.0.0.1 - - [13/Feb/2024 10:44:07] "[36mGET /static/img/3.jpg HTTP/1.1[0m" 304 -
[2024-02-13 10:44:07,307] INFO in _internal: 127.0.0.1 - - [13/Feb/2024 10:44:07] "[36mGET /static/img/4.jpg HTTP/1.1[0m" 304 -
[2024-02-13 10:44:07,310] INFO in _internal: 127.0.0.1 - - [13/Feb/2024 10:44:07] "[36mGET /static/img/19.jpg HTTP/1.1[0m" 304 -
[2024-02-13 10:44:07,326] INFO in _internal: 127.0.0.1 - - [13/Feb/2024 10:44:07] "[36mGET /static/img/20.jpg HTTP/1.1[0m" 304 -
[2024-02-13 10:44:07,337] INFO in _internal: 127.0.0.1 - - [13/Feb/2024 10:44:07] "[36mGET /static/img/21.jpg HTTP/1.1[0m" 304 -
[2024-02-13 10:44:07,338] INFO in _internal: 127.0.0.1 - - [13/Feb/2024 10:44:07] "[36mGET /static/img/22.jpg HTTP/1.1[0m" 304 -
[2024-02-13 10:44:07,340] INFO in _internal: 127.0.0.1 - - [13/Feb/2024 10:44:07] "[36mGET /static/img/23.jpg HTTP/1.1[0m" 304 -
[2024-02-13 10:47:06,817] INFO in _internal: 127.0.0.1 - - [13/Feb/2024 10:47:06] "GET /escortv2 HTTP/1.1" 200 -
[2024-02-13 10:47:06,845] INFO in _internal: 127.0.0.1 - - [13/Feb/2024 10:47:06] "[36mGET /static/css/escortv2.css HTTP/1.1[0m" 304 -
[2024-02-13 10:47:06,848] INFO in _internal: 127.0.0.1 - - [13/Feb/2024 10:47:06] "[36mGET /static/img/logo.png HTTP/1.1[0m" 304 -
[2024-02-13 10:47:06,850] INFO in _internal: 127.0.0.1 - - [13/Feb/2024 10:47:06] "[36mGET /static/img/area.png HTTP/1.1[0m" 304 -
[2024-02-13 10:47:06,862] INFO in _internal: 127.0.0.1 - - [13/Feb/2024 10:47:06] "GET /static/js/escortv2.js HTTP/1.1" 200 -
[2024-02-13 10:47:06,961] INFO in _internal: 127.0.0.1 - - [13/Feb/2024 10:47:06] "[36mGET /static/img/2.jpg HTTP/1.1[0m" 304 -
[2024-02-13 10:47:06,966] INFO in _internal: 127.0.0.1 - - [13/Feb/2024 10:47:06] "[36mGET /static/img/1.jpg HTTP/1.1[0m" 304 -
[2024-02-13 10:47:06,970] INFO in _internal: 127.0.0.1 - - [13/Feb/2024 10:47:06] "[36mGET /static/img/4.jpg HTTP/1.1[0m" 304 -
[2024-02-13 10:47:06,971] INFO in _internal: 127.0.0.1 - - [13/Feb/2024 10:47:06] "[36mGET /static/img/3.jpg HTTP/1.1[0m" 304 -
[2024-02-13 10:47:06,980] INFO in _internal: 127.0.0.1 - - [13/Feb/2024 10:47:06] "[36mGET /static/img/19.jpg HTTP/1.1[0m" 304 -
[2024-02-13 10:47:06,987] INFO in _internal: 127.0.0.1 - - [13/Feb/2024 10:47:06] "[36mGET /static/img/21.jpg HTTP/1.1[0m" 304 -
[2024-02-13 10:47:06,989] INFO in _internal: 127.0.0.1 - - [13/Feb/2024 10:47:06] "[36mGET /static/img/20.jpg HTTP/1.1[0m" 304 -
[2024-02-13 10:47:06,996] INFO in _internal: 127.0.0.1 - - [13/Feb/2024 10:47:06] "[36mGET /static/img/23.jpg HTTP/1.1[0m" 304 -
[2024-02-13 10:47:07,000] INFO in _internal: 127.0.0.1 - - [13/Feb/2024 10:47:07] "[36mGET /static/img/22.jpg HTTP/1.1[0m" 304 -
[2024-02-13 10:49:01,707] INFO in _internal: 127.0.0.1 - - [13/Feb/2024 10:49:01] "GET /escortv2 HTTP/1.1" 200 -
[2024-02-13 10:49:01,731] INFO in _internal: 127.0.0.1 - - [13/Feb/2024 10:49:01] "[36mGET /static/css/escortv2.css HTTP/1.1[0m" 304 -
[2024-02-13 10:49:01,733] INFO in _internal: 127.0.0.1 - - [13/Feb/2024 10:49:01] "[36mGET /static/img/logo.png HTTP/1.1[0m" 304 -
[2024-02-13 10:49:01,736] INFO in _internal: 127.0.0.1 - - [13/Feb/2024 10:49:01] "[36mGET /static/img/area.png HTTP/1.1[0m" 304 -
[2024-02-13 10:49:01,752] INFO in _internal: 127.0.0.1 - - [13/Feb/2024 10:49:01] "GET /static/js/escortv2.js HTTP/1.1" 200 -
[2024-02-13 10:49:01,790] INFO in _internal: 127.0.0.1 - - [13/Feb/2024 10:49:01] "[36mGET /static/img/1.jpg HTTP/1.1[0m" 304 -
[2024-02-13 10:49:01,791] INFO in _internal: 127.0.0.1 - - [13/Feb/2024 10:49:01] "[36mGET /static/img/2.jpg HTTP/1.1[0m" 304 -
[2024-02-13 10:49:01,816] INFO in _internal: 127.0.0.1 - - [13/Feb/2024 10:49:01] "[36mGET /static/img/3.jpg HTTP/1.1[0m" 304 -
[2024-02-13 10:49:01,820] INFO in _internal: 127.0.0.1 - - [13/Feb/2024 10:49:01] "[36mGET /static/img/4.jpg HTTP/1.1[0m" 304 -
[2024-02-13 10:49:01,824] INFO in _internal: 127.0.0.1 - - [13/Feb/2024 10:49:01] "[36mGET /static/img/20.jpg HTTP/1.1[0m" 304 -
[2024-02-13 10:49:01,826] INFO in _internal: 127.0.0.1 - - [13/Feb/2024 10:49:01] "[36mGET /static/img/19.jpg HTTP/1.1[0m" 304 -
[2024-02-13 10:49:01,829] INFO in _internal: 127.0.0.1 - - [13/Feb/2024 10:49:01] "[36mGET /static/img/21.jpg HTTP/1.1[0m" 304 -
[2024-02-13 10:49:01,841] INFO in _internal: 127.0.0.1 - - [13/Feb/2024 10:49:01] "[36mGET /static/img/22.jpg HTTP/1.1[0m" 304 -
[2024-02-13 10:49:01,847] INFO in _internal: 127.0.0.1 - - [13/Feb/2024 10:49:01] "[36mGET /static/img/23.jpg HTTP/1.1[0m" 304 -
[2024-02-13 10:50:54,676] INFO in _internal: 127.0.0.1 - - [13/Feb/2024 10:50:54] "GET /escortv2 HTTP/1.1" 200 -
[2024-02-13 10:50:54,709] INFO in _internal: 127.0.0.1 - - [13/Feb/2024 10:50:54] "[36mGET /static/css/escortv2.css HTTP/1.1[0m" 304 -
[2024-02-13 10:50:54,714] INFO in _internal: 127.0.0.1 - - [13/Feb/2024 10:50:54] "[36mGET /static/img/logo.png HTTP/1.1[0m" 304 -
[2024-02-13 10:50:54,715] INFO in _internal: 127.0.0.1 - - [13/Feb/2024 10:50:54] "[36mGET /static/img/area.png HTTP/1.1[0m" 304 -
[2024-02-13 10:50:54,732] INFO in _internal: 127.0.0.1 - - [13/Feb/2024 10:50:54] "GET /static/js/escortv2.js HTTP/1.1" 200 -
[2024-02-13 10:50:54,780] INFO in _internal: 127.0.0.1 - - [13/Feb/2024 10:50:54] "[36mGET /static/img/1.jpg HTTP/1.1[0m" 304 -
[2024-02-13 10:50:54,792] INFO in _internal: 127.0.0.1 - - [13/Feb/2024 10:50:54] "[36mGET /static/img/2.jpg HTTP/1.1[0m" 304 -
[2024-02-13 10:50:54,796] INFO in _internal: 127.0.0.1 - - [13/Feb/2024 10:50:54] "[36mGET /static/img/3.jpg HTTP/1.1[0m" 304 -
[2024-02-13 10:50:54,800] INFO in _internal: 127.0.0.1 - - [13/Feb/2024 10:50:54] "[36mGET /static/img/4.jpg HTTP/1.1[0m" 304 -
[2024-02-13 10:50:54,806] INFO in _internal: 127.0.0.1 - - [13/Feb/2024 10:50:54] "[36mGET /static/img/19.jpg HTTP/1.1[0m" 304 -
[2024-02-13 10:50:54,838] INFO in _internal: 127.0.0.1 - - [13/Feb/2024 10:50:54] "[36mGET /static/img/21.jpg HTTP/1.1[0m" 304 -
[2024-02-13 10:50:54,839] INFO in _internal: 127.0.0.1 - - [13/Feb/2024 10:50:54] "[36mGET /static/img/20.jpg HTTP/1.1[0m" 304 -
[2024-02-13 10:50:54,842] INFO in _internal: 127.0.0.1 - - [13/Feb/2024 10:50:54] "[36mGET /static/img/22.jpg HTTP/1.1[0m" 304 -
[2024-02-13 10:50:54,844] INFO in _internal: 127.0.0.1 - - [13/Feb/2024 10:50:54] "[36mGET /static/img/23.jpg HTTP/1.1[0m" 304 -
[2024-02-13 10:51:10,624] INFO in _internal: 127.0.0.1 - - [13/Feb/2024 10:51:10] "GET /escortv2 HTTP/1.1" 200 -
[2024-02-13 10:51:10,640] INFO in _internal: 127.0.0.1 - - [13/Feb/2024 10:51:10] "[36mGET /static/css/escortv2.css HTTP/1.1[0m" 304 -
[2024-02-13 10:51:10,651] INFO in _internal: 127.0.0.1 - - [13/Feb/2024 10:51:10] "[36mGET /static/img/logo.png HTTP/1.1[0m" 304 -
[2024-02-13 10:51:10,654] INFO in _internal: 127.0.0.1 - - [13/Feb/2024 10:51:10] "[36mGET /static/img/area.png HTTP/1.1[0m" 304 -
[2024-02-13 10:51:10,661] INFO in _internal: 127.0.0.1 - - [13/Feb/2024 10:51:10] "[36mGET /static/js/escortv2.js HTTP/1.1[0m" 304 -
[2024-02-13 10:51:10,699] INFO in _internal: 127.0.0.1 - - [13/Feb/2024 10:51:10] "[36mGET /static/img/1.jpg HTTP/1.1[0m" 304 -
[2024-02-13 10:51:10,708] INFO in _internal: 127.0.0.1 - - [13/Feb/2024 10:51:10] "[36mGET /static/img/2.jpg HTTP/1.1[0m" 304 -
[2024-02-13 10:51:10,711] INFO in _internal: 127.0.0.1 - - [13/Feb/2024 10:51:10] "[36mGET /static/img/3.jpg HTTP/1.1[0m" 304 -
[2024-02-13 10:51:10,716] INFO in _internal: 127.0.0.1 - - [13/Feb/2024 10:51:10] "[36mGET /static/img/4.jpg HTTP/1.1[0m" 304 -
[2024-02-13 10:51:10,728] INFO in _internal: 127.0.0.1 - - [13/Feb/2024 10:51:10] "[36mGET /static/img/19.jpg HTTP/1.1[0m" 304 -
[2024-02-13 10:51:10,733] INFO in _internal: 127.0.0.1 - - [13/Feb/2024 10:51:10] "[36mGET /static/img/21.jpg HTTP/1.1[0m" 304 -
[2024-02-13 10:51:10,734] INFO in _internal: 127.0.0.1 - - [13/Feb/2024 10:51:10] "[36mGET /static/img/20.jpg HTTP/1.1[0m" 304 -
[2024-02-13 10:51:10,742] INFO in _internal: 127.0.0.1 - - [13/Feb/2024 10:51:10] "[36mGET /static/img/22.jpg HTTP/1.1[0m" 304 -
[2024-02-13 10:51:10,773] INFO in _internal: 127.0.0.1 - - [13/Feb/2024 10:51:10] "[36mGET /static/img/23.jpg HTTP/1.1[0m" 304 -
[2024-02-13 10:52:51,173] INFO in _internal: 127.0.0.1 - - [13/Feb/2024 10:52:51] "GET /escortv2 HTTP/1.1" 200 -
[2024-02-13 10:52:51,198] INFO in _internal: 127.0.0.1 - - [13/Feb/2024 10:52:51] "[36mGET /static/css/escortv2.css HTTP/1.1[0m" 304 -
[2024-02-13 10:52:51,201] INFO in _internal: 127.0.0.1 - - [13/Feb/2024 10:52:51] "[36mGET /static/img/logo.png HTTP/1.1[0m" 304 -
[2024-02-13 10:52:51,203] INFO in _internal: 127.0.0.1 - - [13/Feb/2024 10:52:51] "[36mGET /static/img/area.png HTTP/1.1[0m" 304 -
[2024-02-13 10:52:51,214] INFO in _internal: 127.0.0.1 - - [13/Feb/2024 10:52:51] "GET /static/js/escortv2.js HTTP/1.1" 200 -
[2024-02-13 10:52:51,288] INFO in _internal: 127.0.0.1 - - [13/Feb/2024 10:52:51] "[36mGET /static/img/1.jpg HTTP/1.1[0m" 304 -
[2024-02-13 10:52:51,288] INFO in _internal: 127.0.0.1 - - [13/Feb/2024 10:52:51] "[36mGET /static/img/4.jpg HTTP/1.1[0m" 304 -
[2024-02-13 10:52:51,288] INFO in _internal: 127.0.0.1 - - [13/Feb/2024 10:52:51] "[36mGET /static/img/2.jpg HTTP/1.1[0m" 304 -
[2024-02-13 10:52:51,289] INFO in _internal: 127.0.0.1 - - [13/Feb/2024 10:52:51] "[36mGET /static/img/3.jpg HTTP/1.1[0m" 304 -
[2024-02-13 10:52:51,296] INFO in _internal: 127.0.0.1 - - [13/Feb/2024 10:52:51] "[36mGET /static/img/19.jpg HTTP/1.1[0m" 304 -
[2024-02-13 10:52:51,311] INFO in _internal: 127.0.0.1 - - [13/Feb/2024 10:52:51] "[36mGET /static/img/20.jpg HTTP/1.1[0m" 304 -
[2024-02-13 10:52:51,324] INFO in _internal: 127.0.0.1 - - [13/Feb/2024 10:52:51] "[36mGET /static/img/21.jpg HTTP/1.1[0m" 304 -
[2024-02-13 10:52:51,326] INFO in _internal: 127.0.0.1 - - [13/Feb/2024 10:52:51] "[36mGET /static/img/22.jpg HTTP/1.1[0m" 304 -
[2024-02-13 10:52:51,328] INFO in _internal: 127.0.0.1 - - [13/Feb/2024 10:52:51] "[36mGET /static/img/23.jpg HTTP/1.1[0m" 304 -
[2024-02-13 10:59:23,634] INFO in _internal: 127.0.0.1 - - [13/Feb/2024 10:59:23] "GET /escortv2 HTTP/1.1" 200 -
[2024-02-13 10:59:23,657] INFO in _internal: 127.0.0.1 - - [13/Feb/2024 10:59:23] "[36mGET /static/css/escortv2.css HTTP/1.1[0m" 304 -
[2024-02-13 10:59:23,658] INFO in _internal: 127.0.0.1 - - [13/Feb/2024 10:59:23] "[36mGET /static/img/logo.png HTTP/1.1[0m" 304 -
[2024-02-13 10:59:23,660] INFO in _internal: 127.0.0.1 - - [13/Feb/2024 10:59:23] "[36mGET /static/img/area.png HTTP/1.1[0m" 304 -
[2024-02-13 10:59:23,673] INFO in _internal: 127.0.0.1 - - [13/Feb/2024 10:59:23] "GET /static/js/escortv2.js HTTP/1.1" 200 -
[2024-02-13 10:59:23,718] INFO in _internal: 127.0.0.1 - - [13/Feb/2024 10:59:23] "[36mGET /static/img/1.jpg HTTP/1.1[0m" 304 -
[2024-02-13 10:59:23,718] INFO in _internal: 127.0.0.1 - - [13/Feb/2024 10:59:23] "[36mGET /static/img/2.jpg HTTP/1.1[0m" 304 -
[2024-02-13 10:59:23,736] INFO in _internal: 127.0.0.1 - - [13/Feb/2024 10:59:23] "[36mGET /static/img/4.jpg HTTP/1.1[0m" 304 -
[2024-02-13 10:59:23,746] INFO in _internal: 127.0.0.1 - - [13/Feb/2024 10:59:23] "[36mGET /static/img/3.jpg HTTP/1.1[0m" 304 -
[2024-02-13 10:59:23,757] INFO in _internal: 127.0.0.1 - - [13/Feb/2024 10:59:23] "[36mGET /static/img/19.jpg HTTP/1.1[0m" 304 -
[2024-02-13 10:59:23,759] INFO in _internal: 127.0.0.1 - - [13/Feb/2024 10:59:23] "[36mGET /static/img/20.jpg HTTP/1.1[0m" 304 -
[2024-02-13 10:59:23,774] INFO in _internal: 127.0.0.1 - - [13/Feb/2024 10:59:23] "[36mGET /static/img/21.jpg HTTP/1.1[0m" 304 -
[2024-02-13 10:59:23,777] INFO in _internal: 127.0.0.1 - - [13/Feb/2024 10:59:23] "[36mGET /static/img/22.jpg HTTP/1.1[0m" 304 -
[2024-02-13 10:59:23,784] INFO in _internal: 127.0.0.1 - - [13/Feb/2024 10:59:23] "[36mGET /static/img/23.jpg HTTP/1.1[0m" 304 -
[2024-02-13 11:02:23,148] INFO in _internal: 127.0.0.1 - - [13/Feb/2024 11:02:23] "GET /escortv2 HTTP/1.1" 200 -
[2024-02-13 11:02:23,175] INFO in _internal: 127.0.0.1 - - [13/Feb/2024 11:02:23] "[36mGET /static/css/escortv2.css HTTP/1.1[0m" 304 -
[2024-02-13 11:02:23,178] INFO in _internal: 127.0.0.1 - - [13/Feb/2024 11:02:23] "[36mGET /static/img/logo.png HTTP/1.1[0m" 304 -
[2024-02-13 11:02:23,181] INFO in _internal: 127.0.0.1 - - [13/Feb/2024 11:02:23] "[36mGET /static/img/area.png HTTP/1.1[0m" 304 -
[2024-02-13 11:02:23,193] INFO in _internal: 127.0.0.1 - - [13/Feb/2024 11:02:23] "GET /static/js/escortv2.js HTTP/1.1" 200 -
[2024-02-13 11:02:23,275] INFO in _internal: 127.0.0.1 - - [13/Feb/2024 11:02:23] "[36mGET /static/img/1.jpg HTTP/1.1[0m" 304 -
[2024-02-13 11:02:23,281] INFO in _internal: 127.0.0.1 - - [13/Feb/2024 11:02:23] "[36mGET /static/img/2.jpg HTTP/1.1[0m" 304 -
[2024-02-13 11:02:23,286] INFO in _internal: 127.0.0.1 - - [13/Feb/2024 11:02:23] "[36mGET /static/img/3.jpg HTTP/1.1[0m" 304 -
[2024-02-13 11:02:23,290] INFO in _internal: 127.0.0.1 - - [13/Feb/2024 11:02:23] "[36mGET /static/img/4.jpg HTTP/1.1[0m" 304 -
[2024-02-13 11:02:23,303] INFO in _internal: 127.0.0.1 - - [13/Feb/2024 11:02:23] "[36mGET /static/img/19.jpg HTTP/1.1[0m" 304 -
[2024-02-13 11:02:23,310] INFO in _internal: 127.0.0.1 - - [13/Feb/2024 11:02:23] "[36mGET /static/img/21.jpg HTTP/1.1[0m" 304 -
[2024-02-13 11:02:23,311] INFO in _internal: 127.0.0.1 - - [13/Feb/2024 11:02:23] "[36mGET /static/img/20.jpg HTTP/1.1[0m" 304 -
[2024-02-13 11:02:23,314] INFO in _internal: 127.0.0.1 - - [13/Feb/2024 11:02:23] "[36mGET /static/img/22.jpg HTTP/1.1[0m" 304 -
[2024-02-13 11:02:23,321] INFO in _internal: 127.0.0.1 - - [13/Feb/2024 11:02:23] "[36mGET /static/img/23.jpg HTTP/1.1[0m" 304 -
[2024-02-13 11:04:05,060] INFO in _internal: 127.0.0.1 - - [13/Feb/2024 11:04:05] "GET /escortv2 HTTP/1.1" 200 -
[2024-02-13 11:04:05,091] INFO in _internal: 127.0.0.1 - - [13/Feb/2024 11:04:05] "[36mGET /static/css/escortv2.css HTTP/1.1[0m" 304 -
[2024-02-13 11:04:05,093] INFO in _internal: 127.0.0.1 - - [13/Feb/2024 11:04:05] "[36mGET /static/img/area.png HTTP/1.1[0m" 304 -
[2024-02-13 11:04:05,095] INFO in _internal: 127.0.0.1 - - [13/Feb/2024 11:04:05] "[36mGET /static/img/logo.png HTTP/1.1[0m" 304 -
[2024-02-13 11:04:05,113] INFO in _internal: 127.0.0.1 - - [13/Feb/2024 11:04:05] "GET /static/js/escortv2.js HTTP/1.1" 200 -
[2024-02-13 11:04:05,175] INFO in _internal: 127.0.0.1 - - [13/Feb/2024 11:04:05] "[36mGET /static/img/2.jpg HTTP/1.1[0m" 304 -
[2024-02-13 11:04:05,175] INFO in _internal: 127.0.0.1 - - [13/Feb/2024 11:04:05] "[36mGET /static/img/1.jpg HTTP/1.1[0m" 304 -
[2024-02-13 11:04:05,186] INFO in _internal: 127.0.0.1 - - [13/Feb/2024 11:04:05] "[36mGET /static/img/3.jpg HTTP/1.1[0m" 304 -
[2024-02-13 11:04:05,192] INFO in _internal: 127.0.0.1 - - [13/Feb/2024 11:04:05] "[36mGET /static/img/4.jpg HTTP/1.1[0m" 304 -
[2024-02-13 11:04:05,205] INFO in _internal: 127.0.0.1 - - [13/Feb/2024 11:04:05] "[36mGET /static/img/19.jpg HTTP/1.1[0m" 304 -
[2024-02-13 11:04:05,205] INFO in _internal: 127.0.0.1 - - [13/Feb/2024 11:04:05] "[36mGET /static/img/20.jpg HTTP/1.1[0m" 304 -
[2024-02-13 11:04:05,206] INFO in _internal: 127.0.0.1 - - [13/Feb/2024 11:04:05] "[36mGET /static/img/21.jpg HTTP/1.1[0m" 304 -
[2024-02-13 11:04:05,210] INFO in _internal: 127.0.0.1 - - [13/Feb/2024 11:04:05] "[36mGET /static/img/22.jpg HTTP/1.1[0m" 304 -
[2024-02-13 11:04:05,212] INFO in _internal: 127.0.0.1 - - [13/Feb/2024 11:04:05] "[36mGET /static/img/23.jpg HTTP/1.1[0m" 304 -
[2024-02-13 11:04:56,857] INFO in _internal: 127.0.0.1 - - [13/Feb/2024 11:04:56] "GET /escortv2 HTTP/1.1" 200 -
[2024-02-13 11:04:56,887] INFO in _internal: 127.0.0.1 - - [13/Feb/2024 11:04:56] "[36mGET /static/img/logo.png HTTP/1.1[0m" 304 -
[2024-02-13 11:04:56,887] INFO in _internal: 127.0.0.1 - - [13/Feb/2024 11:04:56] "[36mGET /static/css/escortv2.css HTTP/1.1[0m" 304 -
[2024-02-13 11:04:56,888] INFO in _internal: 127.0.0.1 - - [13/Feb/2024 11:04:56] "[36mGET /static/img/area.png HTTP/1.1[0m" 304 -
[2024-02-13 11:04:56,907] INFO in _internal: 127.0.0.1 - - [13/Feb/2024 11:04:56] "GET /static/js/escortv2.js HTTP/1.1" 200 -
[2024-02-13 11:04:56,987] INFO in _internal: 127.0.0.1 - - [13/Feb/2024 11:04:56] "[36mGET /static/img/1.jpg HTTP/1.1[0m" 304 -
[2024-02-13 11:04:56,998] INFO in _internal: 127.0.0.1 - - [13/Feb/2024 11:04:56] "[36mGET /static/img/2.jpg HTTP/1.1[0m" 304 -
[2024-02-13 11:04:57,000] INFO in _internal: 127.0.0.1 - - [13/Feb/2024 11:04:57] "[36mGET /static/img/3.jpg HTTP/1.1[0m" 304 -
[2024-02-13 11:04:57,011] INFO in _internal: 127.0.0.1 - - [13/Feb/2024 11:04:57] "[36mGET /static/img/19.jpg HTTP/1.1[0m" 304 -
[2024-02-13 11:04:57,022] INFO in _internal: 127.0.0.1 - - [13/Feb/2024 11:04:57] "[36mGET /static/img/4.jpg HTTP/1.1[0m" 304 -
[2024-02-13 11:04:57,029] INFO in _internal: 127.0.0.1 - - [13/Feb/2024 11:04:57] "[36mGET /static/img/20.jpg HTTP/1.1[0m" 304 -
[2024-02-13 11:04:57,033] INFO in _internal: 127.0.0.1 - - [13/Feb/2024 11:04:57] "[36mGET /static/img/21.jpg HTTP/1.1[0m" 304 -
[2024-02-13 11:04:57,061] INFO in _internal: 127.0.0.1 - - [13/Feb/2024 11:04:57] "[36mGET /static/img/22.jpg HTTP/1.1[0m" 304 -
[2024-02-13 11:04:57,077] INFO in _internal: 127.0.0.1 - - [13/Feb/2024 11:04:57] "[36mGET /static/img/23.jpg HTTP/1.1[0m" 304 -
[2024-02-13 11:06:39,798] INFO in _internal: 127.0.0.1 - - [13/Feb/2024 11:06:39] "GET /escortv2 HTTP/1.1" 200 -
[2024-02-13 11:06:39,824] INFO in _internal: 127.0.0.1 - - [13/Feb/2024 11:06:39] "[36mGET /static/css/escortv2.css HTTP/1.1[0m" 304 -
[2024-02-13 11:06:39,826] INFO in _internal: 127.0.0.1 - - [13/Feb/2024 11:06:39] "[36mGET /static/img/logo.png HTTP/1.1[0m" 304 -
[2024-02-13 11:06:39,828] INFO in _internal: 127.0.0.1 - - [13/Feb/2024 11:06:39] "[36mGET /static/img/area.png HTTP/1.1[0m" 304 -
[2024-02-13 11:06:39,842] INFO in _internal: 127.0.0.1 - - [13/Feb/2024 11:06:39] "GET /static/js/escortv2.js HTTP/1.1" 200 -
[2024-02-13 11:06:39,884] INFO in _internal: 127.0.0.1 - - [13/Feb/2024 11:06:39] "[36mGET /static/img/1.jpg HTTP/1.1[0m" 304 -
[2024-02-13 11:06:39,891] INFO in _internal: 127.0.0.1 - - [13/Feb/2024 11:06:39] "[36mGET /static/img/2.jpg HTTP/1.1[0m" 304 -
[2024-02-13 11:06:39,895] INFO in _internal: 127.0.0.1 - - [13/Feb/2024 11:06:39] "[36mGET /static/img/3.jpg HTTP/1.1[0m" 304 -
[2024-02-13 11:06:39,900] INFO in _internal: 127.0.0.1 - - [13/Feb/2024 11:06:39] "[36mGET /static/img/4.jpg HTTP/1.1[0m" 304 -
[2024-02-13 11:06:39,926] INFO in _internal: 127.0.0.1 - - [13/Feb/2024 11:06:39] "[36mGET /static/img/20.jpg HTTP/1.1[0m" 304 -
[2024-02-13 11:06:39,928] INFO in _internal: 127.0.0.1 - - [13/Feb/2024 11:06:39] "[36mGET /static/img/19.jpg HTTP/1.1[0m" 304 -
[2024-02-13 11:06:39,930] INFO in _internal: 127.0.0.1 - - [13/Feb/2024 11:06:39] "[36mGET /static/img/21.jpg HTTP/1.1[0m" 304 -
[2024-02-13 11:06:39,932] INFO in _internal: 127.0.0.1 - - [13/Feb/2024 11:06:39] "[36mGET /static/img/22.jpg HTTP/1.1[0m" 304 -
[2024-02-13 11:06:39,937] INFO in _internal: 127.0.0.1 - - [13/Feb/2024 11:06:39] "[36mGET /static/img/23.jpg HTTP/1.1[0m" 304 -
[2024-02-13 11:18:46,881] INFO in _internal: 127.0.0.1 - - [13/Feb/2024 11:18:46] "GET /escortv2 HTTP/1.1" 200 -
[2024-02-13 11:18:46,908] INFO in _internal: 127.0.0.1 - - [13/Feb/2024 11:18:46] "[36mGET /static/img/logo.png HTTP/1.1[0m" 304 -
[2024-02-13 11:18:46,908] INFO in _internal: 127.0.0.1 - - [13/Feb/2024 11:18:46] "[36mGET /static/css/escortv2.css HTTP/1.1[0m" 304 -
[2024-02-13 11:18:46,911] INFO in _internal: 127.0.0.1 - - [13/Feb/2024 11:18:46] "[36mGET /static/img/area.png HTTP/1.1[0m" 304 -
[2024-02-13 11:18:46,926] INFO in _internal: 127.0.0.1 - - [13/Feb/2024 11:18:46] "GET /static/js/escortv2.js HTTP/1.1" 200 -
[2024-02-13 11:18:47,446] INFO in _internal: 127.0.0.1 - - [13/Feb/2024 11:18:47] "[36mGET /static/img/2.jpg HTTP/1.1[0m" 304 -
[2024-02-13 11:18:47,447] INFO in _internal: 127.0.0.1 - - [13/Feb/2024 11:18:47] "[36mGET /static/img/3.jpg HTTP/1.1[0m" 304 -
[2024-02-13 11:18:47,449] INFO in _internal: 127.0.0.1 - - [13/Feb/2024 11:18:47] "[36mGET /static/img/1.jpg HTTP/1.1[0m" 304 -
[2024-02-13 11:18:47,455] INFO in _internal: 127.0.0.1 - - [13/Feb/2024 11:18:47] "[36mGET /static/img/19.jpg HTTP/1.1[0m" 304 -
[2024-02-13 11:18:47,476] INFO in _internal: 127.0.0.1 - - [13/Feb/2024 11:18:47] "[36mGET /static/img/20.jpg HTTP/1.1[0m" 304 -
[2024-02-13 11:18:47,476] INFO in _internal: 127.0.0.1 - - [13/Feb/2024 11:18:47] "[36mGET /static/img/4.jpg HTTP/1.1[0m" 304 -
[2024-02-13 11:18:47,482] INFO in _internal: 127.0.0.1 - - [13/Feb/2024 11:18:47] "[36mGET /static/img/23.jpg HTTP/1.1[0m" 304 -
[2024-02-13 11:18:47,490] INFO in _internal: 127.0.0.1 - - [13/Feb/2024 11:18:47] "[36mGET /static/img/22.jpg HTTP/1.1[0m" 304 -
[2024-02-13 11:18:47,505] INFO in _internal: 127.0.0.1 - - [13/Feb/2024 11:18:47] "[36mGET /static/img/21.jpg HTTP/1.1[0m" 304 -
[2024-02-13 11:19:06,869] INFO in _internal: 127.0.0.1 - - [13/Feb/2024 11:19:06] "GET /escortv2 HTTP/1.1" 200 -
[2024-02-13 11:19:06,899] INFO in _internal: 127.0.0.1 - - [13/Feb/2024 11:19:06] "[36mGET /static/css/escortv2.css HTTP/1.1[0m" 304 -
[2024-02-13 11:19:06,902] INFO in _internal: 127.0.0.1 - - [13/Feb/2024 11:19:06] "[36mGET /static/img/logo.png HTTP/1.1[0m" 304 -
[2024-02-13 11:19:06,907] INFO in _internal: 127.0.0.1 - - [13/Feb/2024 11:19:06] "[36mGET /static/img/area.png HTTP/1.1[0m" 304 -
[2024-02-13 11:19:06,922] INFO in _internal: 127.0.0.1 - - [13/Feb/2024 11:19:06] "[36mGET /static/js/escortv2.js HTTP/1.1[0m" 304 -
[2024-02-13 11:19:06,998] INFO in _internal: 127.0.0.1 - - [13/Feb/2024 11:19:06] "[36mGET /static/img/1.jpg HTTP/1.1[0m" 304 -
[2024-02-13 11:19:07,010] INFO in _internal: 127.0.0.1 - - [13/Feb/2024 11:19:07] "[36mGET /static/img/2.jpg HTTP/1.1[0m" 304 -
[2024-02-13 11:19:07,012] INFO in _internal: 127.0.0.1 - - [13/Feb/2024 11:19:07] "[36mGET /static/img/3.jpg HTTP/1.1[0m" 304 -
[2024-02-13 11:19:07,028] INFO in _internal: 127.0.0.1 - - [13/Feb/2024 11:19:07] "[36mGET /static/img/4.jpg HTTP/1.1[0m" 304 -
[2024-02-13 11:19:07,029] INFO in _internal: 127.0.0.1 - - [13/Feb/2024 11:19:07] "[36mGET /static/img/19.jpg HTTP/1.1[0m" 304 -
[2024-02-13 11:19:07,032] INFO in _internal: 127.0.0.1 - - [13/Feb/2024 11:19:07] "[36mGET /static/img/20.jpg HTTP/1.1[0m" 304 -
[2024-02-13 11:19:07,038] INFO in _internal: 127.0.0.1 - - [13/Feb/2024 11:19:07] "[36mGET /static/img/21.jpg HTTP/1.1[0m" 304 -
[2024-02-13 11:19:07,045] INFO in _internal: 127.0.0.1 - - [13/Feb/2024 11:19:07] "[36mGET /static/img/22.jpg HTTP/1.1[0m" 304 -
[2024-02-13 11:19:07,046] INFO in _internal: 127.0.0.1 - - [13/Feb/2024 11:19:07] "[36mGET /static/img/23.jpg HTTP/1.1[0m" 304 -
[2024-02-13 11:19:41,814] INFO in _internal: 127.0.0.1 - - [13/Feb/2024 11:19:41] "GET /escortv2 HTTP/1.1" 200 -
[2024-02-13 11:19:41,838] INFO in _internal: 127.0.0.1 - - [13/Feb/2024 11:19:41] "[36mGET /static/css/escortv2.css HTTP/1.1[0m" 304 -
[2024-02-13 11:19:41,839] INFO in _internal: 127.0.0.1 - - [13/Feb/2024 11:19:41] "[36mGET /static/img/logo.png HTTP/1.1[0m" 304 -
[2024-02-13 11:19:41,842] INFO in _internal: 127.0.0.1 - - [13/Feb/2024 11:19:41] "[36mGET /static/img/area.png HTTP/1.1[0m" 304 -
[2024-02-13 11:19:41,854] INFO in _internal: 127.0.0.1 - - [13/Feb/2024 11:19:41] "GET /static/js/escortv2.js HTTP/1.1" 200 -
[2024-02-13 11:19:41,884] INFO in _internal: 127.0.0.1 - - [13/Feb/2024 11:19:41] "[36mGET /static/img/1.jpg HTTP/1.1[0m" 304 -
[2024-02-13 11:19:41,887] INFO in _internal: 127.0.0.1 - - [13/Feb/2024 11:19:41] "[36mGET /static/img/2.jpg HTTP/1.1[0m" 304 -
[2024-02-13 11:19:41,894] INFO in _internal: 127.0.0.1 - - [13/Feb/2024 11:19:41] "[36mGET /static/img/4.jpg HTTP/1.1[0m" 304 -
[2024-02-13 11:19:41,937] INFO in _internal: 127.0.0.1 - - [13/Feb/2024 11:19:41] "[36mGET /static/img/3.jpg HTTP/1.1[0m" 304 -
[2024-02-13 11:19:41,953] INFO in _internal: 127.0.0.1 - - [13/Feb/2024 11:19:41] "[36mGET /static/img/19.jpg HTTP/1.1[0m" 304 -
[2024-02-13 11:19:41,956] INFO in _internal: 127.0.0.1 - - [13/Feb/2024 11:19:41] "[36mGET /static/img/20.jpg HTTP/1.1[0m" 304 -
[2024-02-13 11:19:41,960] INFO in _internal: 127.0.0.1 - - [13/Feb/2024 11:19:41] "[36mGET /static/img/21.jpg HTTP/1.1[0m" 304 -
[2024-02-13 11:19:41,963] INFO in _internal: 127.0.0.1 - - [13/Feb/2024 11:19:41] "[36mGET /static/img/22.jpg HTTP/1.1[0m" 304 -
[2024-02-13 11:19:41,967] INFO in _internal: 127.0.0.1 - - [13/Feb/2024 11:19:41] "[36mGET /static/img/23.jpg HTTP/1.1[0m" 304 -
[2024-02-13 11:20:01,464] INFO in _internal: 127.0.0.1 - - [13/Feb/2024 11:20:01] "GET /escortv2 HTTP/1.1" 200 -
[2024-02-13 11:20:01,498] INFO in _internal: 127.0.0.1 - - [13/Feb/2024 11:20:01] "[36mGET /static/css/escortv2.css HTTP/1.1[0m" 304 -
[2024-02-13 11:20:01,500] INFO in _internal: 127.0.0.1 - - [13/Feb/2024 11:20:01] "[36mGET /static/img/logo.png HTTP/1.1[0m" 304 -
[2024-02-13 11:20:01,502] INFO in _internal: 127.0.0.1 - - [13/Feb/2024 11:20:01] "[36mGET /static/img/area.png HTTP/1.1[0m" 304 -
[2024-02-13 11:20:01,521] INFO in _internal: 127.0.0.1 - - [13/Feb/2024 11:20:01] "[36mGET /static/js/escortv2.js HTTP/1.1[0m" 304 -
[2024-02-13 11:20:01,554] INFO in _internal: 127.0.0.1 - - [13/Feb/2024 11:20:01] "[36mGET /static/img/1.jpg HTTP/1.1[0m" 304 -
[2024-02-13 11:20:01,556] INFO in _internal: 127.0.0.1 - - [13/Feb/2024 11:20:01] "[36mGET /static/img/2.jpg HTTP/1.1[0m" 304 -
[2024-02-13 11:20:01,564] INFO in _internal: 127.0.0.1 - - [13/Feb/2024 11:20:01] "[36mGET /static/img/4.jpg HTTP/1.1[0m" 304 -
[2024-02-13 11:20:01,573] INFO in _internal: 127.0.0.1 - - [13/Feb/2024 11:20:01] "[36mGET /static/img/3.jpg HTTP/1.1[0m" 304 -
[2024-02-13 11:20:01,577] INFO in _internal: 127.0.0.1 - - [13/Feb/2024 11:20:01] "[36mGET /static/img/19.jpg HTTP/1.1[0m" 304 -
[2024-02-13 11:20:01,598] INFO in _internal: 127.0.0.1 - - [13/Feb/2024 11:20:01] "[36mGET /static/img/20.jpg HTTP/1.1[0m" 304 -
[2024-02-13 11:20:01,605] INFO in _internal: 127.0.0.1 - - [13/Feb/2024 11:20:01] "[36mGET /static/img/21.jpg HTTP/1.1[0m" 304 -
[2024-02-13 11:20:01,609] INFO in _internal: 127.0.0.1 - - [13/Feb/2024 11:20:01] "[36mGET /static/img/22.jpg HTTP/1.1[0m" 304 -
[2024-02-13 11:20:01,611] INFO in _internal: 127.0.0.1 - - [13/Feb/2024 11:20:01] "[36mGET /static/img/23.jpg HTTP/1.1[0m" 304 -
[2024-02-13 11:20:06,901] INFO in _internal: 127.0.0.1 - - [13/Feb/2024 11:20:06] "GET /escortv2 HTTP/1.1" 200 -
[2024-02-13 11:20:06,922] INFO in _internal: 127.0.0.1 - - [13/Feb/2024 11:20:06] "[36mGET /static/css/escortv2.css HTTP/1.1[0m" 304 -
[2024-02-13 11:20:06,924] INFO in _internal: 127.0.0.1 - - [13/Feb/2024 11:20:06] "[36mGET /static/img/logo.png HTTP/1.1[0m" 304 -
[2024-02-13 11:20:06,927] INFO in _internal: 127.0.0.1 - - [13/Feb/2024 11:20:06] "[36mGET /static/img/area.png HTTP/1.1[0m" 304 -
[2024-02-13 11:20:06,935] INFO in _internal: 127.0.0.1 - - [13/Feb/2024 11:20:06] "GET /static/js/escortv2.js HTTP/1.1" 200 -
[2024-02-13 11:20:06,966] INFO in _internal: 127.0.0.1 - - [13/Feb/2024 11:20:06] "[36mGET /static/img/1.jpg HTTP/1.1[0m" 304 -
[2024-02-13 11:20:06,968] INFO in _internal: 127.0.0.1 - - [13/Feb/2024 11:20:06] "[36mGET /static/img/2.jpg HTTP/1.1[0m" 304 -
[2024-02-13 11:20:06,984] INFO in _internal: 127.0.0.1 - - [13/Feb/2024 11:20:06] "[36mGET /static/img/3.jpg HTTP/1.1[0m" 304 -
[2024-02-13 11:20:06,993] INFO in _internal: 127.0.0.1 - - [13/Feb/2024 11:20:06] "[36mGET /static/img/4.jpg HTTP/1.1[0m" 304 -
[2024-02-13 11:20:06,997] INFO in _internal: 127.0.0.1 - - [13/Feb/2024 11:20:06] "[36mGET /static/img/19.jpg HTTP/1.1[0m" 304 -
[2024-02-13 11:20:07,005] INFO in _internal: 127.0.0.1 - - [13/Feb/2024 11:20:07] "[36mGET /static/img/20.jpg HTTP/1.1[0m" 304 -
[2024-02-13 11:20:07,009] INFO in _internal: 127.0.0.1 - - [13/Feb/2024 11:20:07] "[36mGET /static/img/21.jpg HTTP/1.1[0m" 304 -
[2024-02-13 11:20:07,015] INFO in _internal: 127.0.0.1 - - [13/Feb/2024 11:20:07] "[36mGET /static/img/22.jpg HTTP/1.1[0m" 304 -
[2024-02-13 11:20:07,017] INFO in _internal: 127.0.0.1 - - [13/Feb/2024 11:20:07] "[36mGET /static/img/23.jpg HTTP/1.1[0m" 304 -
[2024-02-13 11:23:04,937] INFO in _internal: 127.0.0.1 - - [13/Feb/2024 11:23:04] "GET /escortv2 HTTP/1.1" 200 -
[2024-02-13 11:23:04,966] INFO in _internal: 127.0.0.1 - - [13/Feb/2024 11:23:04] "GET /static/css/escortv2.css HTTP/1.1" 200 -
[2024-02-13 11:23:04,966] INFO in _internal: 127.0.0.1 - - [13/Feb/2024 11:23:04] "[36mGET /static/img/logo.png HTTP/1.1[0m" 304 -
[2024-02-13 11:23:04,969] INFO in _internal: 127.0.0.1 - - [13/Feb/2024 11:23:04] "[36mGET /static/img/area.png HTTP/1.1[0m" 304 -
[2024-02-13 11:23:04,996] INFO in _internal: 127.0.0.1 - - [13/Feb/2024 11:23:04] "GET /static/js/escortv2.js HTTP/1.1" 200 -
[2024-02-13 11:23:05,063] INFO in _internal: 127.0.0.1 - - [13/Feb/2024 11:23:05] "[36mGET /static/img/1.jpg HTTP/1.1[0m" 304 -
[2024-02-13 11:23:05,069] INFO in _internal: 127.0.0.1 - - [13/Feb/2024 11:23:05] "[36mGET /static/img/2.jpg HTTP/1.1[0m" 304 -
[2024-02-13 11:23:05,069] INFO in _internal: 127.0.0.1 - - [13/Feb/2024 11:23:05] "[36mGET /static/img/3.jpg HTTP/1.1[0m" 304 -
[2024-02-13 11:23:05,074] INFO in _internal: 127.0.0.1 - - [13/Feb/2024 11:23:05] "[36mGET /static/img/4.jpg HTTP/1.1[0m" 304 -
[2024-02-13 11:23:05,075] INFO in _internal: 127.0.0.1 - - [13/Feb/2024 11:23:05] "[36mGET /static/img/19.jpg HTTP/1.1[0m" 304 -
[2024-02-13 11:23:05,089] INFO in _internal: 127.0.0.1 - - [13/Feb/2024 11:23:05] "[36mGET /static/img/20.jpg HTTP/1.1[0m" 304 -
[2024-02-13 11:23:05,093] INFO in _internal: 127.0.0.1 - - [13/Feb/2024 11:23:05] "[36mGET /static/img/21.jpg HTTP/1.1[0m" 304 -
[2024-02-13 11:23:05,098] INFO in _internal: 127.0.0.1 - - [13/Feb/2024 11:23:05] "[36mGET /static/img/22.jpg HTTP/1.1[0m" 304 -
[2024-02-13 11:23:05,102] INFO in _internal: 127.0.0.1 - - [13/Feb/2024 11:23:05] "[36mGET /static/img/23.jpg HTTP/1.1[0m" 304 -
[2024-02-13 12:03:52,707] INFO in _internal: [31m[1mWARNING: This is a development server. Do not use it in a production deployment. Use a production WSGI server instead.[0m
 * Running on http://127.0.0.1:5000
[2024-02-13 12:03:52,708] INFO in _internal: [33mPress CTRL+C to quit[0m
[2024-02-13 12:03:52,738] INFO in _internal:  * Restarting with watchdog (windowsapi)
[2024-02-13 12:03:53,473] WARNING in _internal:  * Debugger is active!
[2024-02-13 12:03:53,492] INFO in _internal:  * Debugger PIN: 123-293-346
[2024-02-13 12:04:56,875] INFO in _internal: [31m[1mWARNING: This is a development server. Do not use it in a production deployment. Use a production WSGI server instead.[0m
 * Running on all addresses (0.0.0.0)
 * Running on http://127.0.0.1:80
 * Running on http://192.168.0.76:80
[2024-02-13 12:04:56,876] INFO in _internal: [33mPress CTRL+C to quit[0m
[2024-02-13 12:07:19,374] INFO in _internal: [31m[1mWARNING: This is a development server. Do not use it in a production deployment. Use a production WSGI server instead.[0m
 * Running on http://127.0.0.1:5000
[2024-02-13 12:07:19,375] INFO in _internal: [33mPress CTRL+C to quit[0m
[2024-02-13 12:07:19,390] INFO in _internal:  * Restarting with watchdog (windowsapi)
[2024-02-13 12:07:20,120] WARNING in _internal:  * Debugger is active!
[2024-02-13 12:07:20,136] INFO in _internal:  * Debugger PIN: 123-293-346
[2024-02-13 12:07:21,380] INFO in _internal: 127.0.0.1 - - [13/Feb/2024 12:07:21] "GET / HTTP/1.1" 200 -
[2024-02-13 12:07:22,071] INFO in _internal: 127.0.0.1 - - [13/Feb/2024 12:07:22] "[36mGET /static/img/logo.png HTTP/1.1[0m" 304 -
[2024-02-13 12:07:22,162] INFO in _internal: 127.0.0.1 - - [13/Feb/2024 12:07:22] "GET /static/css/index.css HTTP/1.1" 200 -
[2024-02-13 12:07:22,187] INFO in _internal: 127.0.0.1 - - [13/Feb/2024 12:07:22] "[36mGET /static/css/templatemo-style.css HTTP/1.1[0m" 304 -
[2024-02-13 12:07:22,420] INFO in _internal: 127.0.0.1 - - [13/Feb/2024 12:07:22] "GET /sensing_data HTTP/1.1" 200 -
[2024-02-13 12:07:27,089] INFO in _internal: 127.0.0.1 - - [13/Feb/2024 12:07:27] "[36mGET /static/css/templatemo-style.css HTTP/1.1[0m" 304 -
[2024-02-13 12:07:27,090] INFO in _internal: 127.0.0.1 - - [13/Feb/2024 12:07:27] "[36mGET /static/css/index.css HTTP/1.1[0m" 304 -
[2024-02-13 12:07:32,318] INFO in _internal: 127.0.0.1 - - [13/Feb/2024 12:07:32] "GET /index2 HTTP/1.1" 200 -
[2024-02-13 12:07:32,408] INFO in _internal: 127.0.0.1 - - [13/Feb/2024 12:07:32] "[36mGET /static/css/templatemo-style.css HTTP/1.1[0m" 304 -
[2024-02-13 12:07:32,416] INFO in _internal: 127.0.0.1 - - [13/Feb/2024 12:07:32] "[36mGET /static/css/index.css HTTP/1.1[0m" 304 -
[2024-02-13 12:07:32,419] INFO in _internal: 127.0.0.1 - - [13/Feb/2024 12:07:32] "[36mGET /static/img/logo.png HTTP/1.1[0m" 304 -
[2024-02-13 12:07:32,655] INFO in _internal: 127.0.0.1 - - [13/Feb/2024 12:07:32] "GET /sensing_data2 HTTP/1.1" 200 -
[2024-02-13 12:07:42,617] INFO in _internal: 127.0.0.1 - - [13/Feb/2024 12:07:42] "GET /escort HTTP/1.1" 200 -
[2024-02-13 12:07:42,656] INFO in _internal: 127.0.0.1 - - [13/Feb/2024 12:07:42] "[36mGET /static/img/logo.png HTTP/1.1[0m" 304 -
[2024-02-13 12:07:42,659] INFO in _internal: 127.0.0.1 - - [13/Feb/2024 12:07:42] "[36mGET /static/img/area.png HTTP/1.1[0m" 304 -
[2024-02-13 12:07:42,659] INFO in _internal: 127.0.0.1 - - [13/Feb/2024 12:07:42] "GET /static/css/escort.css HTTP/1.1" 200 -
[2024-02-13 12:07:42,682] INFO in _internal: 127.0.0.1 - - [13/Feb/2024 12:07:42] "GET /static/js/escort.js HTTP/1.1" 200 -
[2024-02-13 12:07:42,714] INFO in _internal: 127.0.0.1 - - [13/Feb/2024 12:07:42] "[36mGET /static/img/1.jpg HTTP/1.1[0m" 304 -
[2024-02-13 12:07:42,724] INFO in _internal: 127.0.0.1 - - [13/Feb/2024 12:07:42] "[36mGET /static/img/3.jpg HTTP/1.1[0m" 304 -
[2024-02-13 12:07:42,731] INFO in _internal: 127.0.0.1 - - [13/Feb/2024 12:07:42] "[36mGET /static/img/2.jpg HTTP/1.1[0m" 304 -
[2024-02-13 12:07:42,737] INFO in _internal: 127.0.0.1 - - [13/Feb/2024 12:07:42] "[36mGET /static/img/4.jpg HTTP/1.1[0m" 304 -
[2024-02-13 12:07:42,743] INFO in _internal: 127.0.0.1 - - [13/Feb/2024 12:07:42] "[36mGET /static/img/19.jpg HTTP/1.1[0m" 304 -
[2024-02-13 12:07:42,750] INFO in _internal: 127.0.0.1 - - [13/Feb/2024 12:07:42] "[36mGET /static/img/20.jpg HTTP/1.1[0m" 304 -
[2024-02-13 12:07:42,751] INFO in _internal: 127.0.0.1 - - [13/Feb/2024 12:07:42] "[36mGET /static/img/21.jpg HTTP/1.1[0m" 304 -
[2024-02-13 12:07:42,766] INFO in _internal: 127.0.0.1 - - [13/Feb/2024 12:07:42] "[36mGET /static/img/22.jpg HTTP/1.1[0m" 304 -
[2024-02-13 12:07:42,776] INFO in _internal: 127.0.0.1 - - [13/Feb/2024 12:07:42] "[36mGET /static/img/23.jpg HTTP/1.1[0m" 304 -
[2024-02-13 12:07:52,850] INFO in _internal: 127.0.0.1 - - [13/Feb/2024 12:07:52] "GET / HTTP/1.1" 200 -
[2024-02-13 12:07:52,905] INFO in _internal: 127.0.0.1 - - [13/Feb/2024 12:07:52] "[36mGET /static/css/templatemo-style.css HTTP/1.1[0m" 304 -
[2024-02-13 12:07:52,906] INFO in _internal: 127.0.0.1 - - [13/Feb/2024 12:07:52] "[36mGET /static/css/index.css HTTP/1.1[0m" 304 -
[2024-02-13 12:07:52,907] INFO in _internal: 127.0.0.1 - - [13/Feb/2024 12:07:52] "[36mGET /static/img/logo.png HTTP/1.1[0m" 304 -
[2024-02-13 12:07:53,152] INFO in _internal: 127.0.0.1 - - [13/Feb/2024 12:07:53] "GET /sensing_data HTTP/1.1" 200 -
[2024-02-13 12:08:02,999] INFO in _internal: 127.0.0.1 - - [13/Feb/2024 12:08:02] "GET /index2 HTTP/1.1" 200 -
[2024-02-13 12:08:03,057] INFO in _internal: 127.0.0.1 - - [13/Feb/2024 12:08:03] "[36mGET /static/css/templatemo-style.css HTTP/1.1[0m" 304 -
[2024-02-13 12:08:03,058] INFO in _internal: 127.0.0.1 - - [13/Feb/2024 12:08:03] "[36mGET /static/css/index.css HTTP/1.1[0m" 304 -
[2024-02-13 12:08:03,062] INFO in _internal: 127.0.0.1 - - [13/Feb/2024 12:08:03] "[36mGET /static/img/logo.png HTTP/1.1[0m" 304 -
[2024-02-13 12:08:03,211] INFO in _internal: 127.0.0.1 - - [13/Feb/2024 12:08:03] "GET /sensing_data2 HTTP/1.1" 200 -
[2024-02-13 12:08:13,150] INFO in _internal: 127.0.0.1 - - [13/Feb/2024 12:08:13] "GET /escort HTTP/1.1" 200 -
[2024-02-13 12:08:13,180] INFO in _internal: 127.0.0.1 - - [13/Feb/2024 12:08:13] "[36mGET /static/css/escort.css HTTP/1.1[0m" 304 -
[2024-02-13 12:08:13,181] INFO in _internal: 127.0.0.1 - - [13/Feb/2024 12:08:13] "[36mGET /static/img/logo.png HTTP/1.1[0m" 304 -
[2024-02-13 12:08:13,185] INFO in _internal: 127.0.0.1 - - [13/Feb/2024 12:08:13] "[36mGET /static/img/area.png HTTP/1.1[0m" 304 -
[2024-02-13 12:08:13,200] INFO in _internal: 127.0.0.1 - - [13/Feb/2024 12:08:13] "[36mGET /static/js/escort.js HTTP/1.1[0m" 304 -
[2024-02-13 12:08:13,229] INFO in _internal: 127.0.0.1 - - [13/Feb/2024 12:08:13] "[36mGET /static/img/2.jpg HTTP/1.1[0m" 304 -
[2024-02-13 12:08:13,230] INFO in _internal: 127.0.0.1 - - [13/Feb/2024 12:08:13] "[36mGET /static/img/1.jpg HTTP/1.1[0m" 304 -
[2024-02-13 12:08:13,233] INFO in _internal: 127.0.0.1 - - [13/Feb/2024 12:08:13] "[36mGET /static/img/3.jpg HTTP/1.1[0m" 304 -
[2024-02-13 12:08:13,257] INFO in _internal: 127.0.0.1 - - [13/Feb/2024 12:08:13] "[36mGET /static/img/4.jpg HTTP/1.1[0m" 304 -
[2024-02-13 12:08:13,259] INFO in _internal: 127.0.0.1 - - [13/Feb/2024 12:08:13] "[36mGET /static/img/19.jpg HTTP/1.1[0m" 304 -
[2024-02-13 12:08:13,260] INFO in _internal: 127.0.0.1 - - [13/Feb/2024 12:08:13] "[36mGET /static/img/20.jpg HTTP/1.1[0m" 304 -
[2024-02-13 12:08:13,274] INFO in _internal: 127.0.0.1 - - [13/Feb/2024 12:08:13] "[36mGET /static/img/21.jpg HTTP/1.1[0m" 304 -
[2024-02-13 12:08:13,277] INFO in _internal: 127.0.0.1 - - [13/Feb/2024 12:08:13] "[36mGET /static/img/22.jpg HTTP/1.1[0m" 304 -
[2024-02-13 12:08:13,278] INFO in _internal: 127.0.0.1 - - [13/Feb/2024 12:08:13] "[36mGET /static/img/23.jpg HTTP/1.1[0m" 304 -
[2024-02-13 12:08:23,302] INFO in _internal: 127.0.0.1 - - [13/Feb/2024 12:08:23] "GET / HTTP/1.1" 200 -
[2024-02-13 12:08:23,338] INFO in _internal: 127.0.0.1 - - [13/Feb/2024 12:08:23] "[36mGET /static/css/templatemo-style.css HTTP/1.1[0m" 304 -
[2024-02-13 12:08:23,339] INFO in _internal: 127.0.0.1 - - [13/Feb/2024 12:08:23] "[36mGET /static/css/index.css HTTP/1.1[0m" 304 -
[2024-02-13 12:08:23,345] INFO in _internal: 127.0.0.1 - - [13/Feb/2024 12:08:23] "[36mGET /static/img/logo.png HTTP/1.1[0m" 304 -
[2024-02-13 12:08:23,564] INFO in _internal: 127.0.0.1 - - [13/Feb/2024 12:08:23] "GET /sensing_data HTTP/1.1" 200 -
[2024-02-13 12:08:33,419] INFO in _internal: 127.0.0.1 - - [13/Feb/2024 12:08:33] "GET /index2 HTTP/1.1" 200 -
[2024-02-13 12:08:33,482] INFO in _internal: 127.0.0.1 - - [13/Feb/2024 12:08:33] "[36mGET /static/css/templatemo-style.css HTTP/1.1[0m" 304 -
[2024-02-13 12:08:33,482] INFO in _internal: 127.0.0.1 - - [13/Feb/2024 12:08:33] "[36mGET /static/css/index.css HTTP/1.1[0m" 304 -
[2024-02-13 12:08:33,499] INFO in _internal: 127.0.0.1 - - [13/Feb/2024 12:08:33] "[36mGET /static/img/logo.png HTTP/1.1[0m" 304 -
[2024-02-13 12:08:33,653] INFO in _internal: 127.0.0.1 - - [13/Feb/2024 12:08:33] "GET /sensing_data2 HTTP/1.1" 200 -
[2024-02-13 12:08:43,590] INFO in _internal: 127.0.0.1 - - [13/Feb/2024 12:08:43] "GET /escort HTTP/1.1" 200 -
[2024-02-13 12:08:43,639] INFO in _internal: 127.0.0.1 - - [13/Feb/2024 12:08:43] "[36mGET /static/css/escort.css HTTP/1.1[0m" 304 -
[2024-02-13 12:08:43,642] INFO in _internal: 127.0.0.1 - - [13/Feb/2024 12:08:43] "[36mGET /static/img/logo.png HTTP/1.1[0m" 304 -
[2024-02-13 12:08:43,655] INFO in _internal: 127.0.0.1 - - [13/Feb/2024 12:08:43] "[36mGET /static/img/area.png HTTP/1.1[0m" 304 -
[2024-02-13 12:08:43,663] INFO in _internal: 127.0.0.1 - - [13/Feb/2024 12:08:43] "[36mGET /static/js/escort.js HTTP/1.1[0m" 304 -
[2024-02-13 12:08:43,695] INFO in _internal: 127.0.0.1 - - [13/Feb/2024 12:08:43] "[36mGET /static/img/1.jpg HTTP/1.1[0m" 304 -
[2024-02-13 12:08:43,695] INFO in _internal: 127.0.0.1 - - [13/Feb/2024 12:08:43] "[36mGET /static/img/2.jpg HTTP/1.1[0m" 304 -
[2024-02-13 12:08:43,704] INFO in _internal: 127.0.0.1 - - [13/Feb/2024 12:08:43] "[36mGET /static/img/3.jpg HTTP/1.1[0m" 304 -
[2024-02-13 12:08:43,708] INFO in _internal: 127.0.0.1 - - [13/Feb/2024 12:08:43] "[36mGET /static/img/4.jpg HTTP/1.1[0m" 304 -
[2024-02-13 12:08:43,713] INFO in _internal: 127.0.0.1 - - [13/Feb/2024 12:08:43] "[36mGET /static/img/19.jpg HTTP/1.1[0m" 304 -
[2024-02-13 12:08:43,717] INFO in _internal: 127.0.0.1 - - [13/Feb/2024 12:08:43] "[36mGET /static/img/20.jpg HTTP/1.1[0m" 304 -
[2024-02-13 12:08:43,726] INFO in _internal: 127.0.0.1 - - [13/Feb/2024 12:08:43] "[36mGET /static/img/21.jpg HTTP/1.1[0m" 304 -
[2024-02-13 12:08:43,727] INFO in _internal: 127.0.0.1 - - [13/Feb/2024 12:08:43] "[36mGET /static/img/22.jpg HTTP/1.1[0m" 304 -
[2024-02-13 12:08:43,733] INFO in _internal: 127.0.0.1 - - [13/Feb/2024 12:08:43] "[36mGET /static/img/23.jpg HTTP/1.1[0m" 304 -
[2024-02-13 12:08:53,760] INFO in _internal: 127.0.0.1 - - [13/Feb/2024 12:08:53] "GET / HTTP/1.1" 200 -
[2024-02-13 12:08:53,786] INFO in _internal: 127.0.0.1 - - [13/Feb/2024 12:08:53] "[36mGET /static/css/templatemo-style.css HTTP/1.1[0m" 304 -
[2024-02-13 12:08:53,786] INFO in _internal: 127.0.0.1 - - [13/Feb/2024 12:08:53] "[36mGET /static/css/index.css HTTP/1.1[0m" 304 -
[2024-02-13 12:08:53,798] INFO in _internal: 127.0.0.1 - - [13/Feb/2024 12:08:53] "[36mGET /static/img/logo.png HTTP/1.1[0m" 304 -
[2024-02-13 12:08:53,975] INFO in _internal: 127.0.0.1 - - [13/Feb/2024 12:08:53] "GET /sensing_data HTTP/1.1" 200 -
[2024-02-13 12:09:03,858] INFO in _internal: 127.0.0.1 - - [13/Feb/2024 12:09:03] "GET /index2 HTTP/1.1" 200 -
[2024-02-13 12:09:03,885] INFO in _internal: 127.0.0.1 - - [13/Feb/2024 12:09:03] "[36mGET /static/css/templatemo-style.css HTTP/1.1[0m" 304 -
[2024-02-13 12:09:03,887] INFO in _internal: 127.0.0.1 - - [13/Feb/2024 12:09:03] "[36mGET /static/css/index.css HTTP/1.1[0m" 304 -
[2024-02-13 12:09:03,898] INFO in _internal: 127.0.0.1 - - [13/Feb/2024 12:09:03] "[36mGET /static/img/logo.png HTTP/1.1[0m" 304 -
[2024-02-13 12:09:04,009] INFO in _internal: 127.0.0.1 - - [13/Feb/2024 12:09:04] "GET /sensing_data2 HTTP/1.1" 200 -
[2024-02-13 12:09:11,911] INFO in _internal: 127.0.0.1 - - [13/Feb/2024 12:09:11] "GET /index2 HTTP/1.1" 200 -
[2024-02-13 12:09:11,933] INFO in _internal: 127.0.0.1 - - [13/Feb/2024 12:09:11] "[36mGET /static/css/templatemo-style.css HTTP/1.1[0m" 304 -
[2024-02-13 12:09:11,937] INFO in _internal: 127.0.0.1 - - [13/Feb/2024 12:09:11] "[36mGET /static/css/index.css HTTP/1.1[0m" 304 -
[2024-02-13 12:09:11,944] INFO in _internal: 127.0.0.1 - - [13/Feb/2024 12:09:11] "[36mGET /static/img/logo.png HTTP/1.1[0m" 304 -
[2024-02-13 12:09:12,089] INFO in _internal: 127.0.0.1 - - [13/Feb/2024 12:09:12] "GET /sensing_data2 HTTP/1.1" 200 -
[2024-02-13 12:09:15,471] INFO in _internal: 127.0.0.1 - - [13/Feb/2024 12:09:15] "GET / HTTP/1.1" 200 -
[2024-02-13 12:09:15,524] INFO in _internal: 127.0.0.1 - - [13/Feb/2024 12:09:15] "[36mGET /static/css/index.css HTTP/1.1[0m" 304 -
[2024-02-13 12:09:15,525] INFO in _internal: 127.0.0.1 - - [13/Feb/2024 12:09:15] "[36mGET /static/css/templatemo-style.css HTTP/1.1[0m" 304 -
[2024-02-13 12:09:15,545] INFO in _internal: 127.0.0.1 - - [13/Feb/2024 12:09:15] "[36mGET /static/img/logo.png HTTP/1.1[0m" 304 -
[2024-02-13 12:09:15,767] INFO in _internal: 127.0.0.1 - - [13/Feb/2024 12:09:15] "GET /sensing_data HTTP/1.1" 200 -
[2024-02-13 12:09:25,612] INFO in _internal: 127.0.0.1 - - [13/Feb/2024 12:09:25] "GET /index2 HTTP/1.1" 200 -
[2024-02-13 12:09:25,666] INFO in _internal: 127.0.0.1 - - [13/Feb/2024 12:09:25] "[36mGET /static/css/templatemo-style.css HTTP/1.1[0m" 304 -
[2024-02-13 12:09:25,677] INFO in _internal: 127.0.0.1 - - [13/Feb/2024 12:09:25] "[36mGET /static/css/index.css HTTP/1.1[0m" 304 -
[2024-02-13 12:09:25,687] INFO in _internal: 127.0.0.1 - - [13/Feb/2024 12:09:25] "[36mGET /static/img/logo.png HTTP/1.1[0m" 304 -
[2024-02-13 12:09:25,814] INFO in _internal: 127.0.0.1 - - [13/Feb/2024 12:09:25] "GET /sensing_data2 HTTP/1.1" 200 -
[2024-02-13 12:10:41,083] INFO in _internal: 127.0.0.1 - - [13/Feb/2024 12:10:41] "GET / HTTP/1.1" 200 -
[2024-02-13 12:10:41,100] INFO in _internal: 127.0.0.1 - - [13/Feb/2024 12:10:41] "[36mGET /static/css/templatemo-style.css HTTP/1.1[0m" 304 -
[2024-02-13 12:10:41,129] INFO in _internal: 127.0.0.1 - - [13/Feb/2024 12:10:41] "[36mGET /static/css/index.css HTTP/1.1[0m" 304 -
[2024-02-13 12:10:41,131] INFO in _internal: 127.0.0.1 - - [13/Feb/2024 12:10:41] "[36mGET /static/img/logo.png HTTP/1.1[0m" 304 -
[2024-02-13 12:10:41,305] INFO in _internal: 127.0.0.1 - - [13/Feb/2024 12:10:41] "GET /sensing_data HTTP/1.1" 200 -
[2024-02-13 12:10:51,237] INFO in _internal: 127.0.0.1 - - [13/Feb/2024 12:10:51] "GET /index2 HTTP/1.1" 200 -
[2024-02-13 12:10:51,263] INFO in _internal: 127.0.0.1 - - [13/Feb/2024 12:10:51] "[36mGET /static/css/templatemo-style.css HTTP/1.1[0m" 304 -
[2024-02-13 12:10:51,265] INFO in _internal: 127.0.0.1 - - [13/Feb/2024 12:10:51] "[36mGET /static/css/index.css HTTP/1.1[0m" 304 -
[2024-02-13 12:10:51,266] INFO in _internal: 127.0.0.1 - - [13/Feb/2024 12:10:51] "[36mGET /static/img/logo.png HTTP/1.1[0m" 304 -
[2024-02-13 12:10:51,382] INFO in _internal: 127.0.0.1 - - [13/Feb/2024 12:10:51] "GET /sensing_data2 HTTP/1.1" 200 -
[2024-02-13 12:10:56,922] INFO in _internal: 127.0.0.1 - - [13/Feb/2024 12:10:56] "GET / HTTP/1.1" 200 -
[2024-02-13 12:10:56,950] INFO in _internal: 127.0.0.1 - - [13/Feb/2024 12:10:56] "[36mGET /static/css/templatemo-style.css HTTP/1.1[0m" 304 -
[2024-02-13 12:10:56,953] INFO in _internal: 127.0.0.1 - - [13/Feb/2024 12:10:56] "[36mGET /static/css/index.css HTTP/1.1[0m" 304 -
[2024-02-13 12:10:56,954] INFO in _internal: 127.0.0.1 - - [13/Feb/2024 12:10:56] "[36mGET /static/img/logo.png HTTP/1.1[0m" 304 -
[2024-02-13 12:10:57,123] INFO in _internal: 127.0.0.1 - - [13/Feb/2024 12:10:57] "GET /sensing_data HTTP/1.1" 200 -
[2024-02-13 12:10:58,496] INFO in _internal: 127.0.0.1 - - [13/Feb/2024 12:10:58] "GET /index2 HTTP/1.1" 200 -
[2024-02-13 12:10:58,521] INFO in _internal: 127.0.0.1 - - [13/Feb/2024 12:10:58] "[36mGET /static/css/templatemo-style.css HTTP/1.1[0m" 304 -
[2024-02-13 12:10:58,522] INFO in _internal: 127.0.0.1 - - [13/Feb/2024 12:10:58] "[36mGET /static/css/index.css HTTP/1.1[0m" 304 -
[2024-02-13 12:10:58,525] INFO in _internal: 127.0.0.1 - - [13/Feb/2024 12:10:58] "[36mGET /static/img/logo.png HTTP/1.1[0m" 304 -
[2024-02-13 12:10:58,624] INFO in _internal: 127.0.0.1 - - [13/Feb/2024 12:10:58] "GET /sensing_data2 HTTP/1.1" 200 -
[2024-02-13 12:11:08,558] INFO in _internal: 127.0.0.1 - - [13/Feb/2024 12:11:08] "GET /escort HTTP/1.1" 200 -
[2024-02-13 12:11:08,583] INFO in _internal: 127.0.0.1 - - [13/Feb/2024 12:11:08] "[36mGET /static/css/escort.css HTTP/1.1[0m" 304 -
[2024-02-13 12:11:08,586] INFO in _internal: 127.0.0.1 - - [13/Feb/2024 12:11:08] "[36mGET /static/img/logo.png HTTP/1.1[0m" 304 -
[2024-02-13 12:11:08,594] INFO in _internal: 127.0.0.1 - - [13/Feb/2024 12:11:08] "[36mGET /static/img/area.png HTTP/1.1[0m" 304 -
[2024-02-13 12:11:08,598] INFO in _internal: 127.0.0.1 - - [13/Feb/2024 12:11:08] "[36mGET /static/js/escort.js HTTP/1.1[0m" 304 -
[2024-02-13 12:11:08,617] INFO in _internal: 127.0.0.1 - - [13/Feb/2024 12:11:08] "[36mGET /static/img/1.jpg HTTP/1.1[0m" 304 -
[2024-02-13 12:11:08,618] INFO in _internal: 127.0.0.1 - - [13/Feb/2024 12:11:08] "[36mGET /static/img/2.jpg HTTP/1.1[0m" 304 -
[2024-02-13 12:11:08,628] INFO in _internal: 127.0.0.1 - - [13/Feb/2024 12:11:08] "[36mGET /static/img/3.jpg HTTP/1.1[0m" 304 -
[2024-02-13 12:11:08,634] INFO in _internal: 127.0.0.1 - - [13/Feb/2024 12:11:08] "[36mGET /static/img/4.jpg HTTP/1.1[0m" 304 -
[2024-02-13 12:11:08,635] INFO in _internal: 127.0.0.1 - - [13/Feb/2024 12:11:08] "[36mGET /static/img/19.jpg HTTP/1.1[0m" 304 -
[2024-02-13 12:11:08,643] INFO in _internal: 127.0.0.1 - - [13/Feb/2024 12:11:08] "[36mGET /static/img/20.jpg HTTP/1.1[0m" 304 -
[2024-02-13 12:11:08,647] INFO in _internal: 127.0.0.1 - - [13/Feb/2024 12:11:08] "[36mGET /static/img/21.jpg HTTP/1.1[0m" 304 -
[2024-02-13 12:11:08,656] INFO in _internal: 127.0.0.1 - - [13/Feb/2024 12:11:08] "[36mGET /static/img/22.jpg HTTP/1.1[0m" 304 -
[2024-02-13 12:11:08,657] INFO in _internal: 127.0.0.1 - - [13/Feb/2024 12:11:08] "[36mGET /static/img/23.jpg HTTP/1.1[0m" 304 -
[2024-02-13 12:11:18,707] INFO in _internal: 127.0.0.1 - - [13/Feb/2024 12:11:18] "GET / HTTP/1.1" 200 -
[2024-02-13 12:11:18,726] INFO in _internal: 127.0.0.1 - - [13/Feb/2024 12:11:18] "[36mGET /static/css/templatemo-style.css HTTP/1.1[0m" 304 -
[2024-02-13 12:11:18,727] INFO in _internal: 127.0.0.1 - - [13/Feb/2024 12:11:18] "[36mGET /static/css/index.css HTTP/1.1[0m" 304 -
[2024-02-13 12:11:18,737] INFO in _internal: 127.0.0.1 - - [13/Feb/2024 12:11:18] "[36mGET /static/img/logo.png HTTP/1.1[0m" 304 -
[2024-02-13 12:11:18,888] INFO in _internal: 127.0.0.1 - - [13/Feb/2024 12:11:18] "GET /sensing_data HTTP/1.1" 200 -
[2024-02-13 12:11:28,757] INFO in _internal: 127.0.0.1 - - [13/Feb/2024 12:11:28] "GET /index2 HTTP/1.1" 200 -
[2024-02-13 12:11:28,777] INFO in _internal: 127.0.0.1 - - [13/Feb/2024 12:11:28] "[36mGET /static/css/templatemo-style.css HTTP/1.1[0m" 304 -
[2024-02-13 12:11:28,785] INFO in _internal: 127.0.0.1 - - [13/Feb/2024 12:11:28] "[36mGET /static/css/index.css HTTP/1.1[0m" 304 -
[2024-02-13 12:11:28,792] INFO in _internal: 127.0.0.1 - - [13/Feb/2024 12:11:28] "[36mGET /static/img/logo.png HTTP/1.1[0m" 304 -
[2024-02-13 12:11:28,874] INFO in _internal: 127.0.0.1 - - [13/Feb/2024 12:11:28] "GET /sensing_data2 HTTP/1.1" 200 -
[2024-02-13 12:11:51,363] INFO in _internal: 127.0.0.1 - - [13/Feb/2024 12:11:51] "[35m[1mGET /escort HTTP/1.1[0m" 500 -
[2024-02-13 12:11:51,410] INFO in _internal: 127.0.0.1 - - [13/Feb/2024 12:11:51] "GET /escort?__debugger__=yes&cmd=resource&f=style.css HTTP/1.1" 200 -
[2024-02-13 12:11:51,432] INFO in _internal: 127.0.0.1 - - [13/Feb/2024 12:11:51] "GET /escort?__debugger__=yes&cmd=resource&f=debugger.js HTTP/1.1" 200 -
[2024-02-13 12:11:51,454] INFO in _internal: 127.0.0.1 - - [13/Feb/2024 12:11:51] "GET /escort?__debugger__=yes&cmd=resource&f=console.png HTTP/1.1" 200 -
[2024-02-13 12:11:51,497] INFO in _internal: 127.0.0.1 - - [13/Feb/2024 12:11:51] "[36mGET /escort?__debugger__=yes&cmd=resource&f=console.png HTTP/1.1[0m" 304 -
[2024-02-13 12:14:02,949] INFO in _internal: 127.0.0.1 - - [13/Feb/2024 12:14:02] "GET /escort HTTP/1.1" 200 -
[2024-02-13 12:14:02,977] INFO in _internal: 127.0.0.1 - - [13/Feb/2024 12:14:02] "[36mGET /static/img/logo.png HTTP/1.1[0m" 304 -
[2024-02-13 12:14:02,978] INFO in _internal: 127.0.0.1 - - [13/Feb/2024 12:14:02] "[36mGET /static/css/escort.css HTTP/1.1[0m" 304 -
[2024-02-13 12:14:02,980] INFO in _internal: 127.0.0.1 - - [13/Feb/2024 12:14:02] "[36mGET /static/img/area.png HTTP/1.1[0m" 304 -
[2024-02-13 12:14:02,996] INFO in _internal: 127.0.0.1 - - [13/Feb/2024 12:14:02] "[36mGET /static/js/escort.js HTTP/1.1[0m" 304 -
[2024-02-13 12:14:03,025] INFO in _internal: 127.0.0.1 - - [13/Feb/2024 12:14:03] "[36mGET /static/img/1.jpg HTTP/1.1[0m" 304 -
[2024-02-13 12:14:03,025] INFO in _internal: 127.0.0.1 - - [13/Feb/2024 12:14:03] "[36mGET /static/img/2.jpg HTTP/1.1[0m" 304 -
[2024-02-13 12:14:03,031] INFO in _internal: 127.0.0.1 - - [13/Feb/2024 12:14:03] "[36mGET /static/img/3.jpg HTTP/1.1[0m" 304 -
[2024-02-13 12:14:03,037] INFO in _internal: 127.0.0.1 - - [13/Feb/2024 12:14:03] "[36mGET /static/img/4.jpg HTTP/1.1[0m" 304 -
[2024-02-13 12:14:03,047] INFO in _internal: 127.0.0.1 - - [13/Feb/2024 12:14:03] "[36mGET /static/img/19.jpg HTTP/1.1[0m" 304 -
[2024-02-13 12:14:03,050] INFO in _internal: 127.0.0.1 - - [13/Feb/2024 12:14:03] "[36mGET /static/img/20.jpg HTTP/1.1[0m" 304 -
[2024-02-13 12:14:03,055] INFO in _internal: 127.0.0.1 - - [13/Feb/2024 12:14:03] "[36mGET /static/img/21.jpg HTTP/1.1[0m" 304 -
[2024-02-13 12:14:03,058] INFO in _internal: 127.0.0.1 - - [13/Feb/2024 12:14:03] "[36mGET /static/img/22.jpg HTTP/1.1[0m" 304 -
[2024-02-13 12:14:03,059] INFO in _internal: 127.0.0.1 - - [13/Feb/2024 12:14:03] "[36mGET /static/img/23.jpg HTTP/1.1[0m" 304 -
[2024-02-13 12:14:20,404] INFO in _internal: 127.0.0.1 - - [13/Feb/2024 12:14:20] "GET /info HTTP/1.1" 200 -
[2024-02-13 12:14:20,445] INFO in _internal: 127.0.0.1 - - [13/Feb/2024 12:14:20] "GET /static/css/info.css HTTP/1.1" 200 -
[2024-02-13 12:14:20,447] INFO in _internal: 127.0.0.1 - - [13/Feb/2024 12:14:20] "[36mGET /static/img/logo.png HTTP/1.1[0m" 304 -
[2024-02-13 12:14:20,450] INFO in _internal: 127.0.0.1 - - [13/Feb/2024 12:14:20] "GET /static/js/info.js HTTP/1.1" 200 -
[2024-02-13 12:14:20,511] INFO in _internal: 127.0.0.1 - - [13/Feb/2024 12:14:20] "[36mGET /static/img/img-1.png HTTP/1.1[0m" 304 -
[2024-02-13 12:14:20,526] INFO in _internal: 127.0.0.1 - - [13/Feb/2024 12:14:20] "[36mGET /static/img/img-2.png HTTP/1.1[0m" 304 -
[2024-02-13 12:14:20,528] INFO in _internal: 127.0.0.1 - - [13/Feb/2024 12:14:20] "[36mGET /static/img/img-4.png HTTP/1.1[0m" 304 -
[2024-02-13 12:14:20,529] INFO in _internal: 127.0.0.1 - - [13/Feb/2024 12:14:20] "[36mGET /static/img/img-3.png HTTP/1.1[0m" 304 -
[2024-02-13 12:14:20,533] INFO in _internal: 127.0.0.1 - - [13/Feb/2024 12:14:20] "[36mGET /static/img/img-6.png HTTP/1.1[0m" 304 -
[2024-02-13 12:14:20,533] INFO in _internal: 127.0.0.1 - - [13/Feb/2024 12:14:20] "[36mGET /static/img/img-5.png HTTP/1.1[0m" 304 -
[2024-02-13 12:14:20,560] INFO in _internal: 127.0.0.1 - - [13/Feb/2024 12:14:20] "GET /static/img/img-49.png HTTP/1.1" 200 -
[2024-02-13 12:14:20,597] INFO in _internal: 127.0.0.1 - - [13/Feb/2024 12:14:20] "[36mGET /static/img/img-47.png HTTP/1.1[0m" 304 -
[2024-02-13 12:14:20,598] INFO in _internal: 127.0.0.1 - - [13/Feb/2024 12:14:20] "[36mGET /static/img/img-48.png HTTP/1.1[0m" 304 -
[2024-02-13 12:14:20,603] INFO in _internal: 127.0.0.1 - - [13/Feb/2024 12:14:20] "GET /static/img/img-50.png HTTP/1.1" 200 -
[2024-02-13 12:14:20,610] INFO in _internal: 127.0.0.1 - - [13/Feb/2024 12:14:20] "[36mGET /static/img/img-45.png HTTP/1.1[0m" 304 -
[2024-02-13 12:14:20,619] INFO in _internal: 127.0.0.1 - - [13/Feb/2024 12:14:20] "[36mGET /static/img/img-46.png HTTP/1.1[0m" 304 -
[2024-02-13 12:14:20,715] INFO in _internal: 127.0.0.1 - - [13/Feb/2024 12:14:20] "[36mGET /static/img/img-7.png HTTP/1.1[0m" 304 -
[2024-02-13 12:14:20,718] INFO in _internal: 127.0.0.1 - - [13/Feb/2024 12:14:20] "[36mGET /static/img/img-8.png HTTP/1.1[0m" 304 -
[2024-02-13 12:14:20,725] INFO in _internal: 127.0.0.1 - - [13/Feb/2024 12:14:20] "GET /static/img/img-51.png HTTP/1.1" 200 -
[2024-02-13 12:14:20,731] INFO in _internal: 127.0.0.1 - - [13/Feb/2024 12:14:20] "GET /static/img/img-52.png HTTP/1.1" 200 -
[2024-02-13 12:14:20,735] INFO in _internal: 127.0.0.1 - - [13/Feb/2024 12:14:20] "GET /static/img/img-88.png HTTP/1.1" 200 -
[2024-02-13 12:14:20,738] INFO in _internal: 127.0.0.1 - - [13/Feb/2024 12:14:20] "GET /static/img/img-89.png HTTP/1.1" 200 -
[2024-02-13 12:14:20,768] INFO in _internal: 127.0.0.1 - - [13/Feb/2024 12:14:20] "GET /static/img/img-90.png HTTP/1.1" 200 -
[2024-02-13 12:14:20,809] INFO in _internal: 127.0.0.1 - - [13/Feb/2024 12:14:20] "GET /static/img/img-91.png HTTP/1.1" 200 -
[2024-02-13 12:14:20,832] INFO in _internal: 127.0.0.1 - - [13/Feb/2024 12:14:20] "GET /static/img/img-92.png HTTP/1.1" 200 -
[2024-02-13 12:14:20,834] INFO in _internal: 127.0.0.1 - - [13/Feb/2024 12:14:20] "GET /static/img/img-93.png HTTP/1.1" 200 -
[2024-02-13 12:14:20,857] INFO in _internal: 127.0.0.1 - - [13/Feb/2024 12:14:20] "GET /static/img/img-94.png HTTP/1.1" 200 -
[2024-02-13 12:14:20,872] INFO in _internal: 127.0.0.1 - - [13/Feb/2024 12:14:20] "GET /static/img/img-95.png HTTP/1.1" 200 -
[2024-02-13 12:14:20,886] INFO in _internal: 127.0.0.1 - - [13/Feb/2024 12:14:20] "GET /static/img/img-131.png HTTP/1.1" 200 -
[2024-02-13 12:14:20,891] INFO in _internal: 127.0.0.1 - - [13/Feb/2024 12:14:20] "GET /static/img/img-132.png HTTP/1.1" 200 -
[2024-02-13 12:14:20,904] INFO in _internal: 127.0.0.1 - - [13/Feb/2024 12:14:20] "GET /static/img/img-133.png HTTP/1.1" 200 -
[2024-02-13 12:14:20,911] INFO in _internal: 127.0.0.1 - - [13/Feb/2024 12:14:20] "GET /static/img/img-134.png HTTP/1.1" 200 -
[2024-02-13 12:14:20,947] INFO in _internal: 127.0.0.1 - - [13/Feb/2024 12:14:20] "GET /static/img/img-135.png HTTP/1.1" 200 -
[2024-02-13 12:14:20,969] INFO in _internal: 127.0.0.1 - - [13/Feb/2024 12:14:20] "GET /static/img/img-136.png HTTP/1.1" 200 -
[2024-02-13 12:14:21,004] INFO in _internal: 127.0.0.1 - - [13/Feb/2024 12:14:21] "GET /static/img/img-137.png HTTP/1.1" 200 -
[2024-02-13 12:14:21,023] INFO in _internal: 127.0.0.1 - - [13/Feb/2024 12:14:21] "GET /static/img/img-138.png HTTP/1.1" 200 -
[2024-02-13 12:14:21,050] INFO in _internal: 127.0.0.1 - - [13/Feb/2024 12:14:21] "GET /static/img/img-158.png HTTP/1.1" 200 -
[2024-02-13 12:14:21,145] INFO in _internal: 127.0.0.1 - - [13/Feb/2024 12:14:21] "GET /static/img/img-159.png HTTP/1.1" 200 -
[2024-02-13 12:14:21,265] INFO in _internal: 127.0.0.1 - - [13/Feb/2024 12:14:21] "GET /static/img/img-160.png HTTP/1.1" 200 -
[2024-02-13 12:14:21,323] INFO in _internal: 127.0.0.1 - - [13/Feb/2024 12:14:21] "GET /static/img/img-161.png HTTP/1.1" 200 -
[2024-02-13 12:14:21,350] INFO in _internal: 127.0.0.1 - - [13/Feb/2024 12:14:21] "GET /static/img/img-162.png HTTP/1.1" 200 -
[2024-02-13 12:14:21,385] INFO in _internal: 127.0.0.1 - - [13/Feb/2024 12:14:21] "GET /static/img/img-163.png HTTP/1.1" 200 -
[2024-02-13 12:14:21,398] INFO in _internal: 127.0.0.1 - - [13/Feb/2024 12:14:21] "GET /static/img/img-164.png HTTP/1.1" 200 -
[2024-02-13 12:14:21,434] INFO in _internal: 127.0.0.1 - - [13/Feb/2024 12:14:21] "GET /static/img/img-165.png HTTP/1.1" 200 -
[2024-02-13 12:14:21,498] INFO in _internal: 127.0.0.1 - - [13/Feb/2024 12:14:21] "GET /static/img/img-171.png HTTP/1.1" 200 -
[2024-02-13 12:14:21,512] INFO in _internal: 127.0.0.1 - - [13/Feb/2024 12:14:21] "GET /static/img/img-172.png HTTP/1.1" 200 -
[2024-02-13 12:14:21,519] INFO in _internal: 127.0.0.1 - - [13/Feb/2024 12:14:21] "GET /static/img/img-173.png HTTP/1.1" 200 -
[2024-02-13 12:14:21,583] INFO in _internal: 127.0.0.1 - - [13/Feb/2024 12:14:21] "GET /static/img/img-174.png HTTP/1.1" 200 -
[2024-02-13 12:14:21,616] INFO in _internal: 127.0.0.1 - - [13/Feb/2024 12:14:21] "GET /static/img/img-175.png HTTP/1.1" 200 -
[2024-02-13 12:14:21,655] INFO in _internal: 127.0.0.1 - - [13/Feb/2024 12:14:21] "GET /index2 HTTP/1.1" 200 -
[2024-02-13 12:14:21,664] INFO in _internal: 127.0.0.1 - - [13/Feb/2024 12:14:21] "GET /static/img/img-176.png HTTP/1.1" 200 -
[2024-02-13 12:14:21,676] INFO in _internal: 127.0.0.1 - - [13/Feb/2024 12:14:21] "GET /static/img/img-177.png HTTP/1.1" 200 -
[2024-02-13 12:14:21,725] INFO in _internal: 127.0.0.1 - - [13/Feb/2024 12:14:21] "[36mGET /static/css/templatemo-style.css HTTP/1.1[0m" 304 -
[2024-02-13 12:14:21,739] INFO in _internal: 127.0.0.1 - - [13/Feb/2024 12:14:21] "[36mGET /static/css/index.css HTTP/1.1[0m" 304 -
[2024-02-13 12:14:21,739] INFO in _internal: 127.0.0.1 - - [13/Feb/2024 12:14:21] "[36mGET /static/img/logo.png HTTP/1.1[0m" 304 -
[2024-02-13 12:14:21,872] INFO in _internal: 127.0.0.1 - - [13/Feb/2024 12:14:21] "GET /sensing_data2 HTTP/1.1" 200 -
[2024-02-13 12:14:22,352] INFO in _internal: 127.0.0.1 - - [13/Feb/2024 12:14:22] "GET / HTTP/1.1" 200 -
[2024-02-13 12:14:22,378] INFO in _internal: 127.0.0.1 - - [13/Feb/2024 12:14:22] "[36mGET /static/css/templatemo-style.css HTTP/1.1[0m" 304 -
[2024-02-13 12:14:22,379] INFO in _internal: 127.0.0.1 - - [13/Feb/2024 12:14:22] "[36mGET /static/css/index.css HTTP/1.1[0m" 304 -
[2024-02-13 12:14:22,380] INFO in _internal: 127.0.0.1 - - [13/Feb/2024 12:14:22] "[36mGET /static/img/logo.png HTTP/1.1[0m" 304 -
[2024-02-13 12:14:22,578] INFO in _internal: 127.0.0.1 - - [13/Feb/2024 12:14:22] "GET /sensing_data HTTP/1.1" 200 -
[2024-02-13 12:14:36,139] INFO in _internal: 127.0.0.1 - - [13/Feb/2024 12:14:36] "GET / HTTP/1.1" 200 -
[2024-02-13 12:14:36,158] INFO in _internal: 127.0.0.1 - - [13/Feb/2024 12:14:36] "[36mGET /static/css/templatemo-style.css HTTP/1.1[0m" 304 -
[2024-02-13 12:14:36,159] INFO in _internal: 127.0.0.1 - - [13/Feb/2024 12:14:36] "[36mGET /static/css/index.css HTTP/1.1[0m" 304 -
[2024-02-13 12:14:36,161] INFO in _internal: 127.0.0.1 - - [13/Feb/2024 12:14:36] "[36mGET /static/img/logo.png HTTP/1.1[0m" 304 -
[2024-02-13 12:14:36,336] INFO in _internal: 127.0.0.1 - - [13/Feb/2024 12:14:36] "GET /sensing_data HTTP/1.1" 200 -
[2024-02-13 12:14:37,319] INFO in _internal: 127.0.0.1 - - [13/Feb/2024 12:14:37] "GET /escort HTTP/1.1" 200 -
[2024-02-13 12:14:37,342] INFO in _internal: 127.0.0.1 - - [13/Feb/2024 12:14:37] "[36mGET /static/css/escort.css HTTP/1.1[0m" 304 -
[2024-02-13 12:14:37,342] INFO in _internal: 127.0.0.1 - - [13/Feb/2024 12:14:37] "[36mGET /static/img/logo.png HTTP/1.1[0m" 304 -
[2024-02-13 12:14:37,344] INFO in _internal: 127.0.0.1 - - [13/Feb/2024 12:14:37] "[36mGET /static/img/area.png HTTP/1.1[0m" 304 -
[2024-02-13 12:14:37,352] INFO in _internal: 127.0.0.1 - - [13/Feb/2024 12:14:37] "[36mGET /static/js/escort.js HTTP/1.1[0m" 304 -
[2024-02-13 12:14:37,381] INFO in _internal: 127.0.0.1 - - [13/Feb/2024 12:14:37] "[36mGET /static/img/1.jpg HTTP/1.1[0m" 304 -
[2024-02-13 12:14:37,382] INFO in _internal: 127.0.0.1 - - [13/Feb/2024 12:14:37] "[36mGET /static/img/2.jpg HTTP/1.1[0m" 304 -
[2024-02-13 12:14:37,383] INFO in _internal: 127.0.0.1 - - [13/Feb/2024 12:14:37] "[36mGET /static/img/3.jpg HTTP/1.1[0m" 304 -
[2024-02-13 12:14:37,389] INFO in _internal: 127.0.0.1 - - [13/Feb/2024 12:14:37] "[36mGET /static/img/4.jpg HTTP/1.1[0m" 304 -
[2024-02-13 12:14:37,399] INFO in _internal: 127.0.0.1 - - [13/Feb/2024 12:14:37] "[36mGET /static/img/19.jpg HTTP/1.1[0m" 304 -
[2024-02-13 12:14:37,406] INFO in _internal: 127.0.0.1 - - [13/Feb/2024 12:14:37] "[36mGET /static/img/20.jpg HTTP/1.1[0m" 304 -
[2024-02-13 12:14:37,408] INFO in _internal: 127.0.0.1 - - [13/Feb/2024 12:14:37] "[36mGET /static/img/21.jpg HTTP/1.1[0m" 304 -
[2024-02-13 12:14:37,413] INFO in _internal: 127.0.0.1 - - [13/Feb/2024 12:14:37] "[36mGET /static/img/22.jpg HTTP/1.1[0m" 304 -
[2024-02-13 12:14:37,417] INFO in _internal: 127.0.0.1 - - [13/Feb/2024 12:14:37] "[36mGET /static/img/23.jpg HTTP/1.1[0m" 304 -
[2024-02-13 12:14:54,926] INFO in _internal: 127.0.0.1 - - [13/Feb/2024 12:14:54] "GET /escort HTTP/1.1" 200 -
[2024-02-13 12:14:54,948] INFO in _internal: 127.0.0.1 - - [13/Feb/2024 12:14:54] "GET /static/css/escort.css HTTP/1.1" 200 -
[2024-02-13 12:14:54,949] INFO in _internal: 127.0.0.1 - - [13/Feb/2024 12:14:54] "[36mGET /static/img/logo.png HTTP/1.1[0m" 304 -
[2024-02-13 12:14:54,950] INFO in _internal: 127.0.0.1 - - [13/Feb/2024 12:14:54] "[36mGET /static/img/area.png HTTP/1.1[0m" 304 -
[2024-02-13 12:14:54,965] INFO in _internal: 127.0.0.1 - - [13/Feb/2024 12:14:54] "[36mGET /static/js/escort.js HTTP/1.1[0m" 304 -
[2024-02-13 12:14:54,985] INFO in _internal: 127.0.0.1 - - [13/Feb/2024 12:14:54] "[36mGET /static/img/1.jpg HTTP/1.1[0m" 304 -
[2024-02-13 12:14:54,986] INFO in _internal: 127.0.0.1 - - [13/Feb/2024 12:14:54] "[36mGET /static/img/2.jpg HTTP/1.1[0m" 304 -
[2024-02-13 12:14:54,987] INFO in _internal: 127.0.0.1 - - [13/Feb/2024 12:14:54] "[36mGET /static/img/3.jpg HTTP/1.1[0m" 304 -
[2024-02-13 12:14:54,988] INFO in _internal: 127.0.0.1 - - [13/Feb/2024 12:14:54] "[36mGET /static/img/4.jpg HTTP/1.1[0m" 304 -
[2024-02-13 12:14:55,007] INFO in _internal: 127.0.0.1 - - [13/Feb/2024 12:14:55] "[36mGET /static/img/19.jpg HTTP/1.1[0m" 304 -
[2024-02-13 12:14:55,016] INFO in _internal: 127.0.0.1 - - [13/Feb/2024 12:14:55] "[36mGET /static/img/21.jpg HTTP/1.1[0m" 304 -
[2024-02-13 12:14:55,016] INFO in _internal: 127.0.0.1 - - [13/Feb/2024 12:14:55] "[36mGET /static/img/20.jpg HTTP/1.1[0m" 304 -
[2024-02-13 12:14:55,017] INFO in _internal: 127.0.0.1 - - [13/Feb/2024 12:14:55] "[36mGET /static/img/22.jpg HTTP/1.1[0m" 304 -
[2024-02-13 12:14:55,026] INFO in _internal: 127.0.0.1 - - [13/Feb/2024 12:14:55] "[36mGET /static/img/23.jpg HTTP/1.1[0m" 304 -
[2024-02-13 12:15:07,454] INFO in _internal: 127.0.0.1 - - [13/Feb/2024 12:15:07] "GET / HTTP/1.1" 200 -
[2024-02-13 12:15:07,470] INFO in _internal: 127.0.0.1 - - [13/Feb/2024 12:15:07] "[36mGET /static/css/templatemo-style.css HTTP/1.1[0m" 304 -
[2024-02-13 12:15:07,491] INFO in _internal: 127.0.0.1 - - [13/Feb/2024 12:15:07] "[36mGET /static/css/index.css HTTP/1.1[0m" 304 -
[2024-02-13 12:15:07,493] INFO in _internal: 127.0.0.1 - - [13/Feb/2024 12:15:07] "[36mGET /static/img/logo.png HTTP/1.1[0m" 304 -
[2024-02-13 12:15:07,662] INFO in _internal: 127.0.0.1 - - [13/Feb/2024 12:15:07] "GET /sensing_data HTTP/1.1" 200 -
[2024-02-13 12:15:08,607] INFO in _internal: 127.0.0.1 - - [13/Feb/2024 12:15:08] "[33mGET /escortv2 HTTP/1.1[0m" 404 -
[2024-02-13 12:15:09,055] INFO in _internal: 127.0.0.1 - - [13/Feb/2024 12:15:09] "[33mGET /escortv2 HTTP/1.1[0m" 404 -
[2024-02-13 12:15:33,577] INFO in _internal:  * Detected change in 'C:\\Users\\USER\\Desktop\\ssm_web\\app\\main.py', reloading
[2024-02-13 12:15:33,577] INFO in _internal:  * Detected change in 'C:\\Users\\USER\\Desktop\\ssm_web\\app\\main.py', reloading
[2024-02-13 12:15:33,578] INFO in _internal:  * Detected change in 'C:\\Users\\USER\\Desktop\\ssm_web\\app\\main.py', reloading
[2024-02-13 12:15:34,532] INFO in _internal:  * Restarting with watchdog (windowsapi)
[2024-02-13 12:15:35,265] WARNING in _internal:  * Debugger is active!
[2024-02-13 12:15:35,280] INFO in _internal:  * Debugger PIN: 123-293-346
[2024-02-13 12:15:42,159] INFO in _internal: [31m[1mWARNING: This is a development server. Do not use it in a production deployment. Use a production WSGI server instead.[0m
 * Running on http://127.0.0.1:5000
[2024-02-13 12:15:42,159] INFO in _internal: [33mPress CTRL+C to quit[0m
[2024-02-13 12:15:42,175] INFO in _internal:  * Restarting with watchdog (windowsapi)
[2024-02-13 12:15:42,852] WARNING in _internal:  * Debugger is active!
[2024-02-13 12:15:42,867] INFO in _internal:  * Debugger PIN: 123-293-346
[2024-02-13 12:15:43,972] INFO in _internal: 127.0.0.1 - - [13/Feb/2024 12:15:43] "GET /escortv2 HTTP/1.1" 200 -
[2024-02-13 12:15:44,551] INFO in _internal: 127.0.0.1 - - [13/Feb/2024 12:15:44] "[36mGET /static/img/area.png HTTP/1.1[0m" 304 -
[2024-02-13 12:15:44,558] INFO in _internal: 127.0.0.1 - - [13/Feb/2024 12:15:44] "GET /static/css/escort.css HTTP/1.1" 200 -
[2024-02-13 12:15:44,559] INFO in _internal: 127.0.0.1 - - [13/Feb/2024 12:15:44] "[36mGET /static/js/escort.js HTTP/1.1[0m" 304 -
[2024-02-13 12:15:44,607] INFO in _internal: 127.0.0.1 - - [13/Feb/2024 12:15:44] "[36mGET /static/img/logo.png HTTP/1.1[0m" 304 -
[2024-02-13 12:15:44,655] INFO in _internal: 127.0.0.1 - - [13/Feb/2024 12:15:44] "[36mGET /static/img/2.jpg HTTP/1.1[0m" 304 -
[2024-02-13 12:15:44,655] INFO in _internal: 127.0.0.1 - - [13/Feb/2024 12:15:44] "[36mGET /static/img/1.jpg HTTP/1.1[0m" 304 -
[2024-02-13 12:15:44,656] INFO in _internal: 127.0.0.1 - - [13/Feb/2024 12:15:44] "[36mGET /static/img/3.jpg HTTP/1.1[0m" 304 -
[2024-02-13 12:15:44,658] INFO in _internal: 127.0.0.1 - - [13/Feb/2024 12:15:44] "[36mGET /static/img/4.jpg HTTP/1.1[0m" 304 -
[2024-02-13 12:15:44,659] INFO in _internal: 127.0.0.1 - - [13/Feb/2024 12:15:44] "[36mGET /static/img/20.jpg HTTP/1.1[0m" 304 -
[2024-02-13 12:15:44,661] INFO in _internal: 127.0.0.1 - - [13/Feb/2024 12:15:44] "[36mGET /static/img/19.jpg HTTP/1.1[0m" 304 -
[2024-02-13 12:15:44,680] INFO in _internal: 127.0.0.1 - - [13/Feb/2024 12:15:44] "[36mGET /static/img/21.jpg HTTP/1.1[0m" 304 -
[2024-02-13 12:15:44,683] INFO in _internal: 127.0.0.1 - - [13/Feb/2024 12:15:44] "[36mGET /static/img/22.jpg HTTP/1.1[0m" 304 -
[2024-02-13 12:15:44,685] INFO in _internal: 127.0.0.1 - - [13/Feb/2024 12:15:44] "[36mGET /static/img/23.jpg HTTP/1.1[0m" 304 -
[2024-02-13 12:15:45,851] INFO in _internal: 127.0.0.1 - - [13/Feb/2024 12:15:45] "GET /index2 HTTP/1.1" 200 -
[2024-02-13 12:15:45,880] INFO in _internal: 127.0.0.1 - - [13/Feb/2024 12:15:45] "[36mGET /static/css/templatemo-style.css HTTP/1.1[0m" 304 -
[2024-02-13 12:15:45,886] INFO in _internal: 127.0.0.1 - - [13/Feb/2024 12:15:45] "[36mGET /static/css/index.css HTTP/1.1[0m" 304 -
[2024-02-13 12:15:45,887] INFO in _internal: 127.0.0.1 - - [13/Feb/2024 12:15:45] "[36mGET /static/img/logo.png HTTP/1.1[0m" 304 -
[2024-02-13 12:15:46,021] INFO in _internal: 127.0.0.1 - - [13/Feb/2024 12:15:46] "GET /sensing_data2 HTTP/1.1" 200 -
[2024-02-13 12:15:46,626] INFO in _internal: 127.0.0.1 - - [13/Feb/2024 12:15:46] "GET / HTTP/1.1" 200 -
[2024-02-13 12:15:46,655] INFO in _internal: 127.0.0.1 - - [13/Feb/2024 12:15:46] "[36mGET /static/css/index.css HTTP/1.1[0m" 304 -
[2024-02-13 12:15:46,655] INFO in _internal: 127.0.0.1 - - [13/Feb/2024 12:15:46] "[36mGET /static/css/templatemo-style.css HTTP/1.1[0m" 304 -
[2024-02-13 12:15:46,655] INFO in _internal: 127.0.0.1 - - [13/Feb/2024 12:15:46] "[36mGET /static/img/logo.png HTTP/1.1[0m" 304 -
[2024-02-13 12:15:46,845] INFO in _internal: 127.0.0.1 - - [13/Feb/2024 12:15:46] "GET /sensing_data HTTP/1.1" 200 -
[2024-02-13 12:15:47,578] INFO in _internal: 127.0.0.1 - - [13/Feb/2024 12:15:47] "GET /escort HTTP/1.1" 200 -
[2024-02-13 12:15:47,606] INFO in _internal: 127.0.0.1 - - [13/Feb/2024 12:15:47] "[36mGET /static/css/escort.css HTTP/1.1[0m" 304 -
[2024-02-13 12:15:47,608] INFO in _internal: 127.0.0.1 - - [13/Feb/2024 12:15:47] "[36mGET /static/img/logo.png HTTP/1.1[0m" 304 -
[2024-02-13 12:15:47,611] INFO in _internal: 127.0.0.1 - - [13/Feb/2024 12:15:47] "[36mGET /static/img/area.png HTTP/1.1[0m" 304 -
[2024-02-13 12:15:47,619] INFO in _internal: 127.0.0.1 - - [13/Feb/2024 12:15:47] "[36mGET /static/js/escort.js HTTP/1.1[0m" 304 -
[2024-02-13 12:15:47,638] INFO in _internal: 127.0.0.1 - - [13/Feb/2024 12:15:47] "[36mGET /static/img/2.jpg HTTP/1.1[0m" 304 -
[2024-02-13 12:15:47,640] INFO in _internal: 127.0.0.1 - - [13/Feb/2024 12:15:47] "[36mGET /static/img/1.jpg HTTP/1.1[0m" 304 -
[2024-02-13 12:15:47,640] INFO in _internal: 127.0.0.1 - - [13/Feb/2024 12:15:47] "[36mGET /static/img/3.jpg HTTP/1.1[0m" 304 -
[2024-02-13 12:15:47,641] INFO in _internal: 127.0.0.1 - - [13/Feb/2024 12:15:47] "[36mGET /static/img/4.jpg HTTP/1.1[0m" 304 -
[2024-02-13 12:15:47,653] INFO in _internal: 127.0.0.1 - - [13/Feb/2024 12:15:47] "[36mGET /static/img/19.jpg HTTP/1.1[0m" 304 -
[2024-02-13 12:15:47,655] INFO in _internal: 127.0.0.1 - - [13/Feb/2024 12:15:47] "[36mGET /static/img/20.jpg HTTP/1.1[0m" 304 -
[2024-02-13 12:15:47,656] INFO in _internal: 127.0.0.1 - - [13/Feb/2024 12:15:47] "[36mGET /static/img/21.jpg HTTP/1.1[0m" 304 -
[2024-02-13 12:15:47,664] INFO in _internal: 127.0.0.1 - - [13/Feb/2024 12:15:47] "[36mGET /static/img/22.jpg HTTP/1.1[0m" 304 -
[2024-02-13 12:15:47,668] INFO in _internal: 127.0.0.1 - - [13/Feb/2024 12:15:47] "[36mGET /static/img/23.jpg HTTP/1.1[0m" 304 -
[2024-02-13 12:15:51,236] INFO in _internal: 127.0.0.1 - - [13/Feb/2024 12:15:51] "GET /info HTTP/1.1" 200 -
[2024-02-13 12:15:51,261] INFO in _internal: 127.0.0.1 - - [13/Feb/2024 12:15:51] "[36mGET /static/css/info.css HTTP/1.1[0m" 304 -
[2024-02-13 12:15:51,262] INFO in _internal: 127.0.0.1 - - [13/Feb/2024 12:15:51] "[36mGET /static/img/logo.png HTTP/1.1[0m" 304 -
[2024-02-13 12:15:51,263] INFO in _internal: 127.0.0.1 - - [13/Feb/2024 12:15:51] "[36mGET /static/js/info.js HTTP/1.1[0m" 304 -
[2024-02-13 12:15:51,336] INFO in _internal: 127.0.0.1 - - [13/Feb/2024 12:15:51] "[36mGET /static/img/img-1.png HTTP/1.1[0m" 304 -
[2024-02-13 12:15:51,350] INFO in _internal: 127.0.0.1 - - [13/Feb/2024 12:15:51] "[36mGET /static/img/img-2.png HTTP/1.1[0m" 304 -
[2024-02-13 12:15:51,352] INFO in _internal: 127.0.0.1 - - [13/Feb/2024 12:15:51] "[36mGET /static/img/img-3.png HTTP/1.1[0m" 304 -
[2024-02-13 12:15:51,353] INFO in _internal: 127.0.0.1 - - [13/Feb/2024 12:15:51] "[36mGET /static/img/img-4.png HTTP/1.1[0m" 304 -
[2024-02-13 12:15:51,353] INFO in _internal: 127.0.0.1 - - [13/Feb/2024 12:15:51] "[36mGET /static/img/img-5.png HTTP/1.1[0m" 304 -
[2024-02-13 12:15:51,370] INFO in _internal: 127.0.0.1 - - [13/Feb/2024 12:15:51] "[36mGET /static/img/img-6.png HTTP/1.1[0m" 304 -
[2024-02-13 12:15:51,376] INFO in _internal: 127.0.0.1 - - [13/Feb/2024 12:15:51] "[36mGET /static/img/img-7.png HTTP/1.1[0m" 304 -
[2024-02-13 12:15:51,380] INFO in _internal: 127.0.0.1 - - [13/Feb/2024 12:15:51] "[36mGET /static/img/img-45.png HTTP/1.1[0m" 304 -
[2024-02-13 12:15:51,382] INFO in _internal: 127.0.0.1 - - [13/Feb/2024 12:15:51] "[36mGET /static/img/img-49.png HTTP/1.1[0m" 304 -
[2024-02-13 12:15:51,406] INFO in _internal: 127.0.0.1 - - [13/Feb/2024 12:15:51] "[36mGET /static/img/img-46.png HTTP/1.1[0m" 304 -
[2024-02-13 12:15:51,413] INFO in _internal: 127.0.0.1 - - [13/Feb/2024 12:15:51] "[36mGET /static/img/img-47.png HTTP/1.1[0m" 304 -
[2024-02-13 12:15:51,419] INFO in _internal: 127.0.0.1 - - [13/Feb/2024 12:15:51] "[36mGET /static/img/img-48.png HTTP/1.1[0m" 304 -
[2024-02-13 12:15:51,437] INFO in _internal: 127.0.0.1 - - [13/Feb/2024 12:15:51] "[36mGET /static/img/img-50.png HTTP/1.1[0m" 304 -
[2024-02-13 12:15:51,480] INFO in _internal: 127.0.0.1 - - [13/Feb/2024 12:15:51] "[36mGET /static/img/img-51.png HTTP/1.1[0m" 304 -
[2024-02-13 12:15:51,480] INFO in _internal: 127.0.0.1 - - [13/Feb/2024 12:15:51] "[36mGET /static/img/img-8.png HTTP/1.1[0m" 304 -
[2024-02-13 12:15:51,481] INFO in _internal: 127.0.0.1 - - [13/Feb/2024 12:15:51] "[36mGET /static/img/img-52.png HTTP/1.1[0m" 304 -
[2024-02-13 12:15:51,481] INFO in _internal: 127.0.0.1 - - [13/Feb/2024 12:15:51] "[36mGET /static/img/img-88.png HTTP/1.1[0m" 304 -
[2024-02-13 12:15:51,491] INFO in _internal: 127.0.0.1 - - [13/Feb/2024 12:15:51] "[36mGET /static/img/img-89.png HTTP/1.1[0m" 304 -
[2024-02-13 12:15:51,493] INFO in _internal: 127.0.0.1 - - [13/Feb/2024 12:15:51] "[36mGET /static/img/img-90.png HTTP/1.1[0m" 304 -
[2024-02-13 12:15:51,503] INFO in _internal: 127.0.0.1 - - [13/Feb/2024 12:15:51] "[36mGET /static/img/img-91.png HTTP/1.1[0m" 304 -
[2024-02-13 12:15:51,508] INFO in _internal: 127.0.0.1 - - [13/Feb/2024 12:15:51] "[36mGET /static/img/img-92.png HTTP/1.1[0m" 304 -
[2024-02-13 12:15:51,517] INFO in _internal: 127.0.0.1 - - [13/Feb/2024 12:15:51] "[36mGET /static/img/img-93.png HTTP/1.1[0m" 304 -
[2024-02-13 12:15:51,521] INFO in _internal: 127.0.0.1 - - [13/Feb/2024 12:15:51] "[36mGET /static/img/img-94.png HTTP/1.1[0m" 304 -
[2024-02-13 12:15:51,526] INFO in _internal: 127.0.0.1 - - [13/Feb/2024 12:15:51] "[36mGET /static/img/img-95.png HTTP/1.1[0m" 304 -
[2024-02-13 12:15:51,543] INFO in _internal: 127.0.0.1 - - [13/Feb/2024 12:15:51] "[36mGET /static/img/img-131.png HTTP/1.1[0m" 304 -
[2024-02-13 12:15:51,549] INFO in _internal: 127.0.0.1 - - [13/Feb/2024 12:15:51] "[36mGET /static/img/img-132.png HTTP/1.1[0m" 304 -
[2024-02-13 12:15:51,558] INFO in _internal: 127.0.0.1 - - [13/Feb/2024 12:15:51] "[36mGET /static/img/img-133.png HTTP/1.1[0m" 304 -
[2024-02-13 12:15:51,564] INFO in _internal: 127.0.0.1 - - [13/Feb/2024 12:15:51] "[36mGET /static/img/img-134.png HTTP/1.1[0m" 304 -
[2024-02-13 12:15:51,589] INFO in _internal: 127.0.0.1 - - [13/Feb/2024 12:15:51] "[36mGET /static/img/img-135.png HTTP/1.1[0m" 304 -
[2024-02-13 12:15:51,598] INFO in _internal: 127.0.0.1 - - [13/Feb/2024 12:15:51] "[36mGET /static/img/img-136.png HTTP/1.1[0m" 304 -
[2024-02-13 12:15:51,602] INFO in _internal: 127.0.0.1 - - [13/Feb/2024 12:15:51] "[36mGET /static/img/img-137.png HTTP/1.1[0m" 304 -
[2024-02-13 12:15:51,602] INFO in _internal: 127.0.0.1 - - [13/Feb/2024 12:15:51] "[36mGET /static/img/img-138.png HTTP/1.1[0m" 304 -
[2024-02-13 12:15:51,615] INFO in _internal: 127.0.0.1 - - [13/Feb/2024 12:15:51] "[36mGET /static/img/img-158.png HTTP/1.1[0m" 304 -
[2024-02-13 12:15:51,624] INFO in _internal: 127.0.0.1 - - [13/Feb/2024 12:15:51] "[36mGET /static/img/img-159.png HTTP/1.1[0m" 304 -
[2024-02-13 12:15:51,643] INFO in _internal: 127.0.0.1 - - [13/Feb/2024 12:15:51] "[36mGET /static/img/img-160.png HTTP/1.1[0m" 304 -
[2024-02-13 12:15:51,650] INFO in _internal: 127.0.0.1 - - [13/Feb/2024 12:15:51] "[36mGET /static/img/img-162.png HTTP/1.1[0m" 304 -
[2024-02-13 12:15:51,656] INFO in _internal: 127.0.0.1 - - [13/Feb/2024 12:15:51] "[36mGET /static/img/img-163.png HTTP/1.1[0m" 304 -
[2024-02-13 12:15:51,657] INFO in _internal: 127.0.0.1 - - [13/Feb/2024 12:15:51] "[36mGET /static/img/img-161.png HTTP/1.1[0m" 304 -
[2024-02-13 12:15:51,661] INFO in _internal: 127.0.0.1 - - [13/Feb/2024 12:15:51] "[36mGET /static/img/img-164.png HTTP/1.1[0m" 304 -
[2024-02-13 12:15:51,672] INFO in _internal: 127.0.0.1 - - [13/Feb/2024 12:15:51] "[36mGET /static/img/img-165.png HTTP/1.1[0m" 304 -
[2024-02-13 12:15:51,683] INFO in _internal: 127.0.0.1 - - [13/Feb/2024 12:15:51] "[36mGET /static/img/img-171.png HTTP/1.1[0m" 304 -
[2024-02-13 12:15:51,692] INFO in _internal: 127.0.0.1 - - [13/Feb/2024 12:15:51] "[36mGET /static/img/img-172.png HTTP/1.1[0m" 304 -
[2024-02-13 12:15:51,697] INFO in _internal: 127.0.0.1 - - [13/Feb/2024 12:15:51] "[36mGET /static/img/img-173.png HTTP/1.1[0m" 304 -
[2024-02-13 12:15:51,707] INFO in _internal: 127.0.0.1 - - [13/Feb/2024 12:15:51] "[36mGET /static/img/img-174.png HTTP/1.1[0m" 304 -
[2024-02-13 12:15:51,710] INFO in _internal: 127.0.0.1 - - [13/Feb/2024 12:15:51] "[35m[1mGET /static/img/img-175.png HTTP/1.1[0m" 206 -
[2024-02-13 12:15:51,717] INFO in _internal: 127.0.0.1 - - [13/Feb/2024 12:15:51] "[35m[1mGET /static/img/img-176.png HTTP/1.1[0m" 206 -
[2024-02-13 12:15:51,719] INFO in _internal: 127.0.0.1 - - [13/Feb/2024 12:15:51] "[35m[1mGET /static/img/img-177.png HTTP/1.1[0m" 206 -
[2024-02-13 12:15:51,734] INFO in _internal: 127.0.0.1 - - [13/Feb/2024 12:15:51] "[35m[1mGET /static/img/img-176.png HTTP/1.1[0m" 206 -
[2024-02-13 12:15:51,749] INFO in _internal: 127.0.0.1 - - [13/Feb/2024 12:15:51] "[35m[1mGET /static/img/img-175.png HTTP/1.1[0m" 206 -
[2024-02-13 12:15:51,752] INFO in _internal: 127.0.0.1 - - [13/Feb/2024 12:15:51] "[35m[1mGET /static/img/img-177.png HTTP/1.1[0m" 206 -
[2024-02-13 12:15:52,505] INFO in _internal: 127.0.0.1 - - [13/Feb/2024 12:15:52] "GET /escort HTTP/1.1" 200 -
[2024-02-13 12:15:52,529] INFO in _internal: 127.0.0.1 - - [13/Feb/2024 12:15:52] "[36mGET /static/css/escort.css HTTP/1.1[0m" 304 -
[2024-02-13 12:15:52,529] INFO in _internal: 127.0.0.1 - - [13/Feb/2024 12:15:52] "[36mGET /static/img/logo.png HTTP/1.1[0m" 304 -
[2024-02-13 12:15:52,530] INFO in _internal: 127.0.0.1 - - [13/Feb/2024 12:15:52] "[36mGET /static/img/area.png HTTP/1.1[0m" 304 -
[2024-02-13 12:15:52,547] INFO in _internal: 127.0.0.1 - - [13/Feb/2024 12:15:52] "[36mGET /static/js/escort.js HTTP/1.1[0m" 304 -
[2024-02-13 12:15:52,563] INFO in _internal: 127.0.0.1 - - [13/Feb/2024 12:15:52] "[36mGET /static/img/1.jpg HTTP/1.1[0m" 304 -
[2024-02-13 12:15:52,566] INFO in _internal: 127.0.0.1 - - [13/Feb/2024 12:15:52] "[36mGET /static/img/2.jpg HTTP/1.1[0m" 304 -
[2024-02-13 12:15:52,570] INFO in _internal: 127.0.0.1 - - [13/Feb/2024 12:15:52] "[36mGET /static/img/4.jpg HTTP/1.1[0m" 304 -
[2024-02-13 12:15:52,577] INFO in _internal: 127.0.0.1 - - [13/Feb/2024 12:15:52] "[36mGET /static/img/19.jpg HTTP/1.1[0m" 304 -
[2024-02-13 12:15:52,579] INFO in _internal: 127.0.0.1 - - [13/Feb/2024 12:15:52] "[36mGET /static/img/3.jpg HTTP/1.1[0m" 304 -
[2024-02-13 12:15:52,597] INFO in _internal: 127.0.0.1 - - [13/Feb/2024 12:15:52] "[36mGET /static/img/20.jpg HTTP/1.1[0m" 304 -
[2024-02-13 12:15:52,610] INFO in _internal: 127.0.0.1 - - [13/Feb/2024 12:15:52] "[36mGET /static/img/22.jpg HTTP/1.1[0m" 304 -
[2024-02-13 12:15:52,612] INFO in _internal: 127.0.0.1 - - [13/Feb/2024 12:15:52] "[36mGET /static/img/21.jpg HTTP/1.1[0m" 304 -
[2024-02-13 12:15:52,612] INFO in _internal: 127.0.0.1 - - [13/Feb/2024 12:15:52] "[36mGET /static/img/23.jpg HTTP/1.1[0m" 304 -
[2024-02-13 12:16:06,309] INFO in _internal: 127.0.0.1 - - [13/Feb/2024 12:16:06] "GET /escort HTTP/1.1" 200 -
[2024-02-13 12:16:06,327] INFO in _internal: 127.0.0.1 - - [13/Feb/2024 12:16:06] "[36mGET /static/css/escort.css HTTP/1.1[0m" 304 -
[2024-02-13 12:16:06,330] INFO in _internal: 127.0.0.1 - - [13/Feb/2024 12:16:06] "[36mGET /static/img/logo.png HTTP/1.1[0m" 304 -
[2024-02-13 12:16:06,331] INFO in _internal: 127.0.0.1 - - [13/Feb/2024 12:16:06] "[36mGET /static/img/area.png HTTP/1.1[0m" 304 -
[2024-02-13 12:16:06,340] INFO in _internal: 127.0.0.1 - - [13/Feb/2024 12:16:06] "[36mGET /static/js/escort.js HTTP/1.1[0m" 304 -
[2024-02-13 12:16:06,362] INFO in _internal: 127.0.0.1 - - [13/Feb/2024 12:16:06] "[36mGET /static/img/2.jpg HTTP/1.1[0m" 304 -
[2024-02-13 12:16:06,363] INFO in _internal: 127.0.0.1 - - [13/Feb/2024 12:16:06] "[36mGET /static/img/3.jpg HTTP/1.1[0m" 304 -
[2024-02-13 12:16:06,363] INFO in _internal: 127.0.0.1 - - [13/Feb/2024 12:16:06] "[36mGET /static/img/1.jpg HTTP/1.1[0m" 304 -
[2024-02-13 12:16:06,365] INFO in _internal: 127.0.0.1 - - [13/Feb/2024 12:16:06] "[36mGET /static/img/4.jpg HTTP/1.1[0m" 304 -
[2024-02-13 12:16:06,371] INFO in _internal: 127.0.0.1 - - [13/Feb/2024 12:16:06] "[36mGET /static/img/19.jpg HTTP/1.1[0m" 304 -
[2024-02-13 12:16:06,382] INFO in _internal: 127.0.0.1 - - [13/Feb/2024 12:16:06] "[36mGET /static/img/20.jpg HTTP/1.1[0m" 304 -
[2024-02-13 12:16:06,383] INFO in _internal: 127.0.0.1 - - [13/Feb/2024 12:16:06] "[36mGET /static/img/21.jpg HTTP/1.1[0m" 304 -
[2024-02-13 12:16:06,388] INFO in _internal: 127.0.0.1 - - [13/Feb/2024 12:16:06] "[36mGET /static/img/22.jpg HTTP/1.1[0m" 304 -
[2024-02-13 12:16:06,392] INFO in _internal: 127.0.0.1 - - [13/Feb/2024 12:16:06] "[36mGET /static/img/23.jpg HTTP/1.1[0m" 304 -
[2024-02-13 12:16:07,637] INFO in _internal: 127.0.0.1 - - [13/Feb/2024 12:16:07] "GET /escort HTTP/1.1" 200 -
[2024-02-13 12:16:07,656] INFO in _internal: 127.0.0.1 - - [13/Feb/2024 12:16:07] "[36mGET /static/css/escort.css HTTP/1.1[0m" 304 -
[2024-02-13 12:16:07,657] INFO in _internal: 127.0.0.1 - - [13/Feb/2024 12:16:07] "[36mGET /static/img/logo.png HTTP/1.1[0m" 304 -
[2024-02-13 12:16:07,657] INFO in _internal: 127.0.0.1 - - [13/Feb/2024 12:16:07] "[36mGET /static/img/area.png HTTP/1.1[0m" 304 -
[2024-02-13 12:16:07,670] INFO in _internal: 127.0.0.1 - - [13/Feb/2024 12:16:07] "[36mGET /static/js/escort.js HTTP/1.1[0m" 304 -
[2024-02-13 12:16:07,694] INFO in _internal: 127.0.0.1 - - [13/Feb/2024 12:16:07] "[36mGET /static/img/1.jpg HTTP/1.1[0m" 304 -
[2024-02-13 12:16:07,696] INFO in _internal: 127.0.0.1 - - [13/Feb/2024 12:16:07] "[36mGET /static/img/3.jpg HTTP/1.1[0m" 304 -
[2024-02-13 12:16:07,696] INFO in _internal: 127.0.0.1 - - [13/Feb/2024 12:16:07] "[36mGET /static/img/2.jpg HTTP/1.1[0m" 304 -
[2024-02-13 12:16:07,697] INFO in _internal: 127.0.0.1 - - [13/Feb/2024 12:16:07] "[36mGET /static/img/4.jpg HTTP/1.1[0m" 304 -
[2024-02-13 12:16:07,708] INFO in _internal: 127.0.0.1 - - [13/Feb/2024 12:16:07] "[36mGET /static/img/19.jpg HTTP/1.1[0m" 304 -
[2024-02-13 12:16:07,710] INFO in _internal: 127.0.0.1 - - [13/Feb/2024 12:16:07] "[36mGET /static/img/20.jpg HTTP/1.1[0m" 304 -
[2024-02-13 12:16:07,712] INFO in _internal: 127.0.0.1 - - [13/Feb/2024 12:16:07] "[36mGET /static/img/21.jpg HTTP/1.1[0m" 304 -
[2024-02-13 12:16:07,720] INFO in _internal: 127.0.0.1 - - [13/Feb/2024 12:16:07] "[36mGET /static/img/22.jpg HTTP/1.1[0m" 304 -
[2024-02-13 12:16:07,725] INFO in _internal: 127.0.0.1 - - [13/Feb/2024 12:16:07] "[36mGET /static/img/23.jpg HTTP/1.1[0m" 304 -
[2024-02-13 12:16:47,930] INFO in _internal: 127.0.0.1 - - [13/Feb/2024 12:16:47] "GET /escort HTTP/1.1" 200 -
[2024-02-13 12:16:47,955] INFO in _internal: 127.0.0.1 - - [13/Feb/2024 12:16:47] "[36mGET /static/css/escort.css HTTP/1.1[0m" 304 -
[2024-02-13 12:16:47,955] INFO in _internal: 127.0.0.1 - - [13/Feb/2024 12:16:47] "[36mGET /static/img/logo.png HTTP/1.1[0m" 304 -
[2024-02-13 12:16:47,956] INFO in _internal: 127.0.0.1 - - [13/Feb/2024 12:16:47] "[36mGET /static/img/area.png HTTP/1.1[0m" 304 -
[2024-02-13 12:16:47,970] INFO in _internal: 127.0.0.1 - - [13/Feb/2024 12:16:47] "[36mGET /static/js/escort.js HTTP/1.1[0m" 304 -
[2024-02-13 12:16:47,992] INFO in _internal: 127.0.0.1 - - [13/Feb/2024 12:16:47] "[36mGET /static/img/4.jpg HTTP/1.1[0m" 304 -
[2024-02-13 12:16:47,992] INFO in _internal: 127.0.0.1 - - [13/Feb/2024 12:16:47] "[36mGET /static/img/1.jpg HTTP/1.1[0m" 304 -
[2024-02-13 12:16:47,993] INFO in _internal: 127.0.0.1 - - [13/Feb/2024 12:16:47] "[36mGET /static/img/2.jpg HTTP/1.1[0m" 304 -
[2024-02-13 12:16:47,994] INFO in _internal: 127.0.0.1 - - [13/Feb/2024 12:16:47] "[36mGET /static/img/3.jpg HTTP/1.1[0m" 304 -
[2024-02-13 12:16:47,999] INFO in _internal: 127.0.0.1 - - [13/Feb/2024 12:16:47] "[36mGET /static/img/19.jpg HTTP/1.1[0m" 304 -
[2024-02-13 12:16:48,003] INFO in _internal: 127.0.0.1 - - [13/Feb/2024 12:16:48] "[36mGET /static/img/20.jpg HTTP/1.1[0m" 304 -
[2024-02-13 12:16:48,020] INFO in _internal: 127.0.0.1 - - [13/Feb/2024 12:16:48] "[36mGET /static/img/21.jpg HTTP/1.1[0m" 304 -
[2024-02-13 12:16:48,028] INFO in _internal: 127.0.0.1 - - [13/Feb/2024 12:16:48] "[36mGET /static/img/22.jpg HTTP/1.1[0m" 304 -
[2024-02-13 12:16:48,030] INFO in _internal: 127.0.0.1 - - [13/Feb/2024 12:16:48] "[36mGET /static/img/23.jpg HTTP/1.1[0m" 304 -
[2024-02-13 12:16:48,753] INFO in _internal: 127.0.0.1 - - [13/Feb/2024 12:16:48] "GET /escort HTTP/1.1" 200 -
[2024-02-13 12:16:48,773] INFO in _internal: 127.0.0.1 - - [13/Feb/2024 12:16:48] "[36mGET /static/css/escort.css HTTP/1.1[0m" 304 -
[2024-02-13 12:16:48,776] INFO in _internal: 127.0.0.1 - - [13/Feb/2024 12:16:48] "[36mGET /static/img/logo.png HTTP/1.1[0m" 304 -
[2024-02-13 12:16:48,778] INFO in _internal: 127.0.0.1 - - [13/Feb/2024 12:16:48] "[36mGET /static/img/area.png HTTP/1.1[0m" 304 -
[2024-02-13 12:16:48,788] INFO in _internal: 127.0.0.1 - - [13/Feb/2024 12:16:48] "[36mGET /static/js/escort.js HTTP/1.1[0m" 304 -
[2024-02-13 12:16:48,813] INFO in _internal: 127.0.0.1 - - [13/Feb/2024 12:16:48] "[36mGET /static/img/1.jpg HTTP/1.1[0m" 304 -
[2024-02-13 12:16:48,815] INFO in _internal: 127.0.0.1 - - [13/Feb/2024 12:16:48] "[36mGET /static/img/2.jpg HTTP/1.1[0m" 304 -
[2024-02-13 12:16:48,816] INFO in _internal: 127.0.0.1 - - [13/Feb/2024 12:16:48] "[36mGET /static/img/3.jpg HTTP/1.1[0m" 304 -
[2024-02-13 12:16:48,818] INFO in _internal: 127.0.0.1 - - [13/Feb/2024 12:16:48] "[36mGET /static/img/4.jpg HTTP/1.1[0m" 304 -
[2024-02-13 12:16:48,825] INFO in _internal: 127.0.0.1 - - [13/Feb/2024 12:16:48] "[36mGET /static/img/19.jpg HTTP/1.1[0m" 304 -
[2024-02-13 12:16:48,832] INFO in _internal: 127.0.0.1 - - [13/Feb/2024 12:16:48] "[36mGET /static/img/20.jpg HTTP/1.1[0m" 304 -
[2024-02-13 12:16:48,836] INFO in _internal: 127.0.0.1 - - [13/Feb/2024 12:16:48] "[36mGET /static/img/21.jpg HTTP/1.1[0m" 304 -
[2024-02-13 12:16:48,838] INFO in _internal: 127.0.0.1 - - [13/Feb/2024 12:16:48] "[36mGET /static/img/22.jpg HTTP/1.1[0m" 304 -
[2024-02-13 12:16:48,844] INFO in _internal: 127.0.0.1 - - [13/Feb/2024 12:16:48] "[36mGET /static/img/23.jpg HTTP/1.1[0m" 304 -
[2024-02-13 12:16:49,999] INFO in _internal: 127.0.0.1 - - [13/Feb/2024 12:16:49] "GET /info HTTP/1.1" 200 -
[2024-02-13 12:16:50,018] INFO in _internal: 127.0.0.1 - - [13/Feb/2024 12:16:50] "[36mGET /static/css/info.css HTTP/1.1[0m" 304 -
[2024-02-13 12:16:50,021] INFO in _internal: 127.0.0.1 - - [13/Feb/2024 12:16:50] "[36mGET /static/img/logo.png HTTP/1.1[0m" 304 -
[2024-02-13 12:16:50,022] INFO in _internal: 127.0.0.1 - - [13/Feb/2024 12:16:50] "[36mGET /static/js/info.js HTTP/1.1[0m" 304 -
[2024-02-13 12:16:50,081] INFO in _internal: 127.0.0.1 - - [13/Feb/2024 12:16:50] "[36mGET /static/img/img-1.png HTTP/1.1[0m" 304 -
[2024-02-13 12:16:50,098] INFO in _internal: 127.0.0.1 - - [13/Feb/2024 12:16:50] "[36mGET /static/img/img-2.png HTTP/1.1[0m" 304 -
[2024-02-13 12:16:50,098] INFO in _internal: 127.0.0.1 - - [13/Feb/2024 12:16:50] "[36mGET /static/img/img-3.png HTTP/1.1[0m" 304 -
[2024-02-13 12:16:50,099] INFO in _internal: 127.0.0.1 - - [13/Feb/2024 12:16:50] "[36mGET /static/img/img-5.png HTTP/1.1[0m" 304 -
[2024-02-13 12:16:50,100] INFO in _internal: 127.0.0.1 - - [13/Feb/2024 12:16:50] "[36mGET /static/img/img-6.png HTTP/1.1[0m" 304 -
[2024-02-13 12:16:50,100] INFO in _internal: 127.0.0.1 - - [13/Feb/2024 12:16:50] "[36mGET /static/img/img-4.png HTTP/1.1[0m" 304 -
[2024-02-13 12:16:50,104] INFO in _internal: 127.0.0.1 - - [13/Feb/2024 12:16:50] "[36mGET /static/img/img-7.png HTTP/1.1[0m" 304 -
[2024-02-13 12:16:50,130] INFO in _internal: 127.0.0.1 - - [13/Feb/2024 12:16:50] "[36mGET /static/img/img-46.png HTTP/1.1[0m" 304 -
[2024-02-13 12:16:50,133] INFO in _internal: 127.0.0.1 - - [13/Feb/2024 12:16:50] "[36mGET /static/img/img-45.png HTTP/1.1[0m" 304 -
[2024-02-13 12:16:50,135] INFO in _internal: 127.0.0.1 - - [13/Feb/2024 12:16:50] "[36mGET /static/img/img-47.png HTTP/1.1[0m" 304 -
[2024-02-13 12:16:50,143] INFO in _internal: 127.0.0.1 - - [13/Feb/2024 12:16:50] "[36mGET /static/img/img-48.png HTTP/1.1[0m" 304 -
[2024-02-13 12:16:50,152] INFO in _internal: 127.0.0.1 - - [13/Feb/2024 12:16:50] "[36mGET /static/img/img-50.png HTTP/1.1[0m" 304 -
[2024-02-13 12:16:50,154] INFO in _internal: 127.0.0.1 - - [13/Feb/2024 12:16:50] "[36mGET /static/img/img-49.png HTTP/1.1[0m" 304 -
[2024-02-13 12:16:50,228] INFO in _internal: 127.0.0.1 - - [13/Feb/2024 12:16:50] "[36mGET /static/img/img-8.png HTTP/1.1[0m" 304 -
[2024-02-13 12:16:50,237] INFO in _internal: 127.0.0.1 - - [13/Feb/2024 12:16:50] "[36mGET /static/img/img-88.png HTTP/1.1[0m" 304 -
[2024-02-13 12:16:50,239] INFO in _internal: 127.0.0.1 - - [13/Feb/2024 12:16:50] "[36mGET /static/img/img-51.png HTTP/1.1[0m" 304 -
[2024-02-13 12:16:50,239] INFO in _internal: 127.0.0.1 - - [13/Feb/2024 12:16:50] "[36mGET /static/img/img-52.png HTTP/1.1[0m" 304 -
[2024-02-13 12:16:50,241] INFO in _internal: 127.0.0.1 - - [13/Feb/2024 12:16:50] "[36mGET /static/img/img-89.png HTTP/1.1[0m" 304 -
[2024-02-13 12:16:50,244] INFO in _internal: 127.0.0.1 - - [13/Feb/2024 12:16:50] "[36mGET /static/img/img-90.png HTTP/1.1[0m" 304 -
[2024-02-13 12:16:50,246] INFO in _internal: 127.0.0.1 - - [13/Feb/2024 12:16:50] "[36mGET /static/img/img-91.png HTTP/1.1[0m" 304 -
[2024-02-13 12:16:50,250] INFO in _internal: 127.0.0.1 - - [13/Feb/2024 12:16:50] "[36mGET /static/img/img-92.png HTTP/1.1[0m" 304 -
[2024-02-13 12:16:50,282] INFO in _internal: 127.0.0.1 - - [13/Feb/2024 12:16:50] "[36mGET /static/img/img-93.png HTTP/1.1[0m" 304 -
[2024-02-13 12:16:50,285] INFO in _internal: 127.0.0.1 - - [13/Feb/2024 12:16:50] "[36mGET /static/img/img-94.png HTTP/1.1[0m" 304 -
[2024-02-13 12:16:50,300] INFO in _internal: 127.0.0.1 - - [13/Feb/2024 12:16:50] "[36mGET /static/img/img-95.png HTTP/1.1[0m" 304 -
[2024-02-13 12:16:50,304] INFO in _internal: 127.0.0.1 - - [13/Feb/2024 12:16:50] "[36mGET /static/img/img-131.png HTTP/1.1[0m" 304 -
[2024-02-13 12:16:50,311] INFO in _internal: 127.0.0.1 - - [13/Feb/2024 12:16:50] "[36mGET /static/img/img-132.png HTTP/1.1[0m" 304 -
[2024-02-13 12:16:50,312] INFO in _internal: 127.0.0.1 - - [13/Feb/2024 12:16:50] "[36mGET /static/img/img-133.png HTTP/1.1[0m" 304 -
[2024-02-13 12:16:50,327] INFO in _internal: 127.0.0.1 - - [13/Feb/2024 12:16:50] "[36mGET /static/img/img-134.png HTTP/1.1[0m" 304 -
[2024-02-13 12:16:50,340] INFO in _internal: 127.0.0.1 - - [13/Feb/2024 12:16:50] "[36mGET /static/img/img-135.png HTTP/1.1[0m" 304 -
[2024-02-13 12:16:50,361] INFO in _internal: 127.0.0.1 - - [13/Feb/2024 12:16:50] "[36mGET /static/img/img-136.png HTTP/1.1[0m" 304 -
[2024-02-13 12:16:50,382] INFO in _internal: 127.0.0.1 - - [13/Feb/2024 12:16:50] "[36mGET /static/img/img-137.png HTTP/1.1[0m" 304 -
[2024-02-13 12:16:50,395] INFO in _internal: 127.0.0.1 - - [13/Feb/2024 12:16:50] "[36mGET /static/img/img-138.png HTTP/1.1[0m" 304 -
[2024-02-13 12:16:50,398] INFO in _internal: 127.0.0.1 - - [13/Feb/2024 12:16:50] "[36mGET /static/img/img-158.png HTTP/1.1[0m" 304 -
[2024-02-13 12:16:50,400] INFO in _internal: 127.0.0.1 - - [13/Feb/2024 12:16:50] "[36mGET /static/img/img-159.png HTTP/1.1[0m" 304 -
[2024-02-13 12:16:50,409] INFO in _internal: 127.0.0.1 - - [13/Feb/2024 12:16:50] "[36mGET /static/img/img-160.png HTTP/1.1[0m" 304 -
[2024-02-13 12:16:50,410] INFO in _internal: 127.0.0.1 - - [13/Feb/2024 12:16:50] "[36mGET /static/img/img-161.png HTTP/1.1[0m" 304 -
[2024-02-13 12:16:50,420] INFO in _internal: 127.0.0.1 - - [13/Feb/2024 12:16:50] "[36mGET /static/img/img-162.png HTTP/1.1[0m" 304 -
[2024-02-13 12:16:50,433] INFO in _internal: 127.0.0.1 - - [13/Feb/2024 12:16:50] "[36mGET /static/img/img-163.png HTTP/1.1[0m" 304 -
[2024-02-13 12:16:50,438] INFO in _internal: 127.0.0.1 - - [13/Feb/2024 12:16:50] "[36mGET /static/img/img-164.png HTTP/1.1[0m" 304 -
[2024-02-13 12:16:50,443] INFO in _internal: 127.0.0.1 - - [13/Feb/2024 12:16:50] "[36mGET /static/img/img-165.png HTTP/1.1[0m" 304 -
[2024-02-13 12:16:50,448] INFO in _internal: 127.0.0.1 - - [13/Feb/2024 12:16:50] "[36mGET /static/img/img-171.png HTTP/1.1[0m" 304 -
[2024-02-13 12:16:50,449] INFO in _internal: 127.0.0.1 - - [13/Feb/2024 12:16:50] "[36mGET /static/img/img-172.png HTTP/1.1[0m" 304 -
[2024-02-13 12:16:50,450] INFO in _internal: 127.0.0.1 - - [13/Feb/2024 12:16:50] "[36mGET /static/img/img-173.png HTTP/1.1[0m" 304 -
[2024-02-13 12:16:50,463] INFO in _internal: 127.0.0.1 - - [13/Feb/2024 12:16:50] "[36mGET /static/img/img-174.png HTTP/1.1[0m" 304 -
[2024-02-13 12:16:50,490] INFO in _internal: 127.0.0.1 - - [13/Feb/2024 12:16:50] "[36mGET /static/img/img-175.png HTTP/1.1[0m" 304 -
[2024-02-13 12:16:50,491] INFO in _internal: 127.0.0.1 - - [13/Feb/2024 12:16:50] "[36mGET /static/img/img-176.png HTTP/1.1[0m" 304 -
[2024-02-13 12:16:50,492] INFO in _internal: 127.0.0.1 - - [13/Feb/2024 12:16:50] "[36mGET /static/img/img-177.png HTTP/1.1[0m" 304 -
[2024-02-13 12:16:50,839] INFO in _internal: 127.0.0.1 - - [13/Feb/2024 12:16:50] "GET /escort HTTP/1.1" 200 -
[2024-02-13 12:16:50,872] INFO in _internal: 127.0.0.1 - - [13/Feb/2024 12:16:50] "[36mGET /static/css/escort.css HTTP/1.1[0m" 304 -
[2024-02-13 12:16:50,872] INFO in _internal: 127.0.0.1 - - [13/Feb/2024 12:16:50] "[36mGET /static/img/logo.png HTTP/1.1[0m" 304 -
[2024-02-13 12:16:50,874] INFO in _internal: 127.0.0.1 - - [13/Feb/2024 12:16:50] "[36mGET /static/img/area.png HTTP/1.1[0m" 304 -
[2024-02-13 12:16:50,886] INFO in _internal: 127.0.0.1 - - [13/Feb/2024 12:16:50] "[36mGET /static/js/escort.js HTTP/1.1[0m" 304 -
[2024-02-13 12:16:50,917] INFO in _internal: 127.0.0.1 - - [13/Feb/2024 12:16:50] "[36mGET /static/img/4.jpg HTTP/1.1[0m" 304 -
[2024-02-13 12:16:50,918] INFO in _internal: 127.0.0.1 - - [13/Feb/2024 12:16:50] "[36mGET /static/img/1.jpg HTTP/1.1[0m" 304 -
[2024-02-13 12:16:50,919] INFO in _internal: 127.0.0.1 - - [13/Feb/2024 12:16:50] "[36mGET /static/img/3.jpg HTTP/1.1[0m" 304 -
[2024-02-13 12:16:50,922] INFO in _internal: 127.0.0.1 - - [13/Feb/2024 12:16:50] "[36mGET /static/img/2.jpg HTTP/1.1[0m" 304 -
[2024-02-13 12:16:50,924] INFO in _internal: 127.0.0.1 - - [13/Feb/2024 12:16:50] "[36mGET /static/img/20.jpg HTTP/1.1[0m" 304 -
[2024-02-13 12:16:50,927] INFO in _internal: 127.0.0.1 - - [13/Feb/2024 12:16:50] "[36mGET /static/img/19.jpg HTTP/1.1[0m" 304 -
[2024-02-13 12:16:50,937] INFO in _internal: 127.0.0.1 - - [13/Feb/2024 12:16:50] "[36mGET /static/img/21.jpg HTTP/1.1[0m" 304 -
[2024-02-13 12:16:50,960] INFO in _internal: 127.0.0.1 - - [13/Feb/2024 12:16:50] "[36mGET /static/img/22.jpg HTTP/1.1[0m" 304 -
[2024-02-13 12:16:50,964] INFO in _internal: 127.0.0.1 - - [13/Feb/2024 12:16:50] "[36mGET /static/img/23.jpg HTTP/1.1[0m" 304 -
[2024-02-13 12:16:52,268] INFO in _internal: 127.0.0.1 - - [13/Feb/2024 12:16:52] "GET /index2 HTTP/1.1" 200 -
[2024-02-13 12:16:52,293] INFO in _internal: 127.0.0.1 - - [13/Feb/2024 12:16:52] "[36mGET /static/css/templatemo-style.css HTTP/1.1[0m" 304 -
[2024-02-13 12:16:52,297] INFO in _internal: 127.0.0.1 - - [13/Feb/2024 12:16:52] "[36mGET /static/css/index.css HTTP/1.1[0m" 304 -
[2024-02-13 12:16:52,298] INFO in _internal: 127.0.0.1 - - [13/Feb/2024 12:16:52] "[36mGET /static/img/logo.png HTTP/1.1[0m" 304 -
[2024-02-13 12:16:52,402] INFO in _internal: 127.0.0.1 - - [13/Feb/2024 12:16:52] "GET /sensing_data2 HTTP/1.1" 200 -
[2024-02-13 12:16:52,815] INFO in _internal: 127.0.0.1 - - [13/Feb/2024 12:16:52] "GET / HTTP/1.1" 200 -
[2024-02-13 12:16:52,844] INFO in _internal: 127.0.0.1 - - [13/Feb/2024 12:16:52] "[36mGET /static/css/templatemo-style.css HTTP/1.1[0m" 304 -
[2024-02-13 12:16:52,844] INFO in _internal: 127.0.0.1 - - [13/Feb/2024 12:16:52] "[36mGET /static/css/index.css HTTP/1.1[0m" 304 -
[2024-02-13 12:16:52,846] INFO in _internal: 127.0.0.1 - - [13/Feb/2024 12:16:52] "[36mGET /static/img/logo.png HTTP/1.1[0m" 304 -
[2024-02-13 12:16:53,024] INFO in _internal: 127.0.0.1 - - [13/Feb/2024 12:16:53] "GET /sensing_data HTTP/1.1" 200 -
[2024-02-13 12:16:53,821] INFO in _internal: 127.0.0.1 - - [13/Feb/2024 12:16:53] "GET /escort HTTP/1.1" 200 -
[2024-02-13 12:16:53,845] INFO in _internal: 127.0.0.1 - - [13/Feb/2024 12:16:53] "[36mGET /static/css/escort.css HTTP/1.1[0m" 304 -
[2024-02-13 12:16:53,847] INFO in _internal: 127.0.0.1 - - [13/Feb/2024 12:16:53] "[36mGET /static/img/logo.png HTTP/1.1[0m" 304 -
[2024-02-13 12:16:53,849] INFO in _internal: 127.0.0.1 - - [13/Feb/2024 12:16:53] "[36mGET /static/img/area.png HTTP/1.1[0m" 304 -
[2024-02-13 12:16:53,860] INFO in _internal: 127.0.0.1 - - [13/Feb/2024 12:16:53] "[36mGET /static/js/escort.js HTTP/1.1[0m" 304 -
[2024-02-13 12:16:53,880] INFO in _internal: 127.0.0.1 - - [13/Feb/2024 12:16:53] "[36mGET /static/img/1.jpg HTTP/1.1[0m" 304 -
[2024-02-13 12:16:53,881] INFO in _internal: 127.0.0.1 - - [13/Feb/2024 12:16:53] "[36mGET /static/img/3.jpg HTTP/1.1[0m" 304 -
[2024-02-13 12:16:53,882] INFO in _internal: 127.0.0.1 - - [13/Feb/2024 12:16:53] "[36mGET /static/img/2.jpg HTTP/1.1[0m" 304 -
[2024-02-13 12:16:53,882] INFO in _internal: 127.0.0.1 - - [13/Feb/2024 12:16:53] "[36mGET /static/img/4.jpg HTTP/1.1[0m" 304 -
[2024-02-13 12:16:53,885] INFO in _internal: 127.0.0.1 - - [13/Feb/2024 12:16:53] "[36mGET /static/img/19.jpg HTTP/1.1[0m" 304 -
[2024-02-13 12:16:53,888] INFO in _internal: 127.0.0.1 - - [13/Feb/2024 12:16:53] "[36mGET /static/img/20.jpg HTTP/1.1[0m" 304 -
[2024-02-13 12:16:53,897] INFO in _internal: 127.0.0.1 - - [13/Feb/2024 12:16:53] "[36mGET /static/img/21.jpg HTTP/1.1[0m" 304 -
[2024-02-13 12:16:53,904] INFO in _internal: 127.0.0.1 - - [13/Feb/2024 12:16:53] "[36mGET /static/img/22.jpg HTTP/1.1[0m" 304 -
[2024-02-13 12:16:53,910] INFO in _internal: 127.0.0.1 - - [13/Feb/2024 12:16:53] "[36mGET /static/img/23.jpg HTTP/1.1[0m" 304 -
[2024-02-13 12:18:11,250] INFO in _internal: 127.0.0.1 - - [13/Feb/2024 12:18:11] "GET /escort HTTP/1.1" 200 -
[2024-02-13 12:18:11,272] INFO in _internal: 127.0.0.1 - - [13/Feb/2024 12:18:11] "GET /static/css/escort.css HTTP/1.1" 200 -
[2024-02-13 12:18:11,274] INFO in _internal: 127.0.0.1 - - [13/Feb/2024 12:18:11] "[36mGET /static/img/logo.png HTTP/1.1[0m" 304 -
[2024-02-13 12:18:11,276] INFO in _internal: 127.0.0.1 - - [13/Feb/2024 12:18:11] "[36mGET /static/img/area.png HTTP/1.1[0m" 304 -
[2024-02-13 12:18:11,292] INFO in _internal: 127.0.0.1 - - [13/Feb/2024 12:18:11] "[36mGET /static/js/escort.js HTTP/1.1[0m" 304 -
[2024-02-13 12:18:11,321] INFO in _internal: 127.0.0.1 - - [13/Feb/2024 12:18:11] "[36mGET /static/img/1.jpg HTTP/1.1[0m" 304 -
[2024-02-13 12:18:11,329] INFO in _internal: 127.0.0.1 - - [13/Feb/2024 12:18:11] "[36mGET /static/img/3.jpg HTTP/1.1[0m" 304 -
[2024-02-13 12:18:11,339] INFO in _internal: 127.0.0.1 - - [13/Feb/2024 12:18:11] "[36mGET /static/img/2.jpg HTTP/1.1[0m" 304 -
[2024-02-13 12:18:11,348] INFO in _internal: 127.0.0.1 - - [13/Feb/2024 12:18:11] "[36mGET /static/img/4.jpg HTTP/1.1[0m" 304 -
[2024-02-13 12:18:11,351] INFO in _internal: 127.0.0.1 - - [13/Feb/2024 12:18:11] "[36mGET /static/img/19.jpg HTTP/1.1[0m" 304 -
[2024-02-13 12:18:11,357] INFO in _internal: 127.0.0.1 - - [13/Feb/2024 12:18:11] "[36mGET /static/img/20.jpg HTTP/1.1[0m" 304 -
[2024-02-13 12:18:11,367] INFO in _internal: 127.0.0.1 - - [13/Feb/2024 12:18:11] "[36mGET /static/img/21.jpg HTTP/1.1[0m" 304 -
[2024-02-13 12:18:11,368] INFO in _internal: 127.0.0.1 - - [13/Feb/2024 12:18:11] "[36mGET /static/img/22.jpg HTTP/1.1[0m" 304 -
[2024-02-13 12:18:11,371] INFO in _internal: 127.0.0.1 - - [13/Feb/2024 12:18:11] "[36mGET /static/img/23.jpg HTTP/1.1[0m" 304 -
[2024-02-13 12:18:14,563] INFO in _internal: 127.0.0.1 - - [13/Feb/2024 12:18:14] "GET /escort HTTP/1.1" 200 -
[2024-02-13 12:18:14,580] INFO in _internal: 127.0.0.1 - - [13/Feb/2024 12:18:14] "[36mGET /static/css/escort.css HTTP/1.1[0m" 304 -
[2024-02-13 12:18:14,583] INFO in _internal: 127.0.0.1 - - [13/Feb/2024 12:18:14] "[36mGET /static/img/logo.png HTTP/1.1[0m" 304 -
[2024-02-13 12:18:14,583] INFO in _internal: 127.0.0.1 - - [13/Feb/2024 12:18:14] "[36mGET /static/img/area.png HTTP/1.1[0m" 304 -
[2024-02-13 12:18:14,595] INFO in _internal: 127.0.0.1 - - [13/Feb/2024 12:18:14] "[36mGET /static/js/escort.js HTTP/1.1[0m" 304 -
[2024-02-13 12:18:14,616] INFO in _internal: 127.0.0.1 - - [13/Feb/2024 12:18:14] "[36mGET /static/img/2.jpg HTTP/1.1[0m" 304 -
[2024-02-13 12:18:14,617] INFO in _internal: 127.0.0.1 - - [13/Feb/2024 12:18:14] "[36mGET /static/img/1.jpg HTTP/1.1[0m" 304 -
[2024-02-13 12:18:14,619] INFO in _internal: 127.0.0.1 - - [13/Feb/2024 12:18:14] "[36mGET /static/img/3.jpg HTTP/1.1[0m" 304 -
[2024-02-13 12:18:14,626] INFO in _internal: 127.0.0.1 - - [13/Feb/2024 12:18:14] "[36mGET /static/img/4.jpg HTTP/1.1[0m" 304 -
[2024-02-13 12:18:14,627] INFO in _internal: 127.0.0.1 - - [13/Feb/2024 12:18:14] "[36mGET /static/img/19.jpg HTTP/1.1[0m" 304 -
[2024-02-13 12:18:14,632] INFO in _internal: 127.0.0.1 - - [13/Feb/2024 12:18:14] "[36mGET /static/img/20.jpg HTTP/1.1[0m" 304 -
[2024-02-13 12:18:14,639] INFO in _internal: 127.0.0.1 - - [13/Feb/2024 12:18:14] "[36mGET /static/img/21.jpg HTTP/1.1[0m" 304 -
[2024-02-13 12:18:14,642] INFO in _internal: 127.0.0.1 - - [13/Feb/2024 12:18:14] "[36mGET /static/img/22.jpg HTTP/1.1[0m" 304 -
[2024-02-13 12:18:14,643] INFO in _internal: 127.0.0.1 - - [13/Feb/2024 12:18:14] "[36mGET /static/img/23.jpg HTTP/1.1[0m" 304 -
[2024-02-13 14:16:05,157] INFO in _internal: 127.0.0.1 - - [13/Feb/2024 14:16:05] "GET /escort HTTP/1.1" 200 -
[2024-02-13 14:16:05,175] INFO in _internal: 127.0.0.1 - - [13/Feb/2024 14:16:05] "GET /static/css/escort.css HTTP/1.1" 200 -
[2024-02-13 14:16:05,176] INFO in _internal: 127.0.0.1 - - [13/Feb/2024 14:16:05] "[36mGET /static/img/logo.png HTTP/1.1[0m" 304 -
[2024-02-13 14:16:05,178] INFO in _internal: 127.0.0.1 - - [13/Feb/2024 14:16:05] "[36mGET /static/img/area.png HTTP/1.1[0m" 304 -
[2024-02-13 14:16:05,189] INFO in _internal: 127.0.0.1 - - [13/Feb/2024 14:16:05] "[36mGET /static/js/escort.js HTTP/1.1[0m" 304 -
[2024-02-13 14:16:05,292] INFO in _internal: 127.0.0.1 - - [13/Feb/2024 14:16:05] "[36mGET /static/img/1.jpg HTTP/1.1[0m" 304 -
[2024-02-13 14:16:05,295] INFO in _internal: 127.0.0.1 - - [13/Feb/2024 14:16:05] "[36mGET /static/img/3.jpg HTTP/1.1[0m" 304 -
[2024-02-13 14:16:05,300] INFO in _internal: 127.0.0.1 - - [13/Feb/2024 14:16:05] "[36mGET /static/img/2.jpg HTTP/1.1[0m" 304 -
[2024-02-13 14:16:05,310] INFO in _internal: 127.0.0.1 - - [13/Feb/2024 14:16:05] "[36mGET /static/img/4.jpg HTTP/1.1[0m" 304 -
[2024-02-13 14:16:05,314] INFO in _internal: 127.0.0.1 - - [13/Feb/2024 14:16:05] "[36mGET /static/img/19.jpg HTTP/1.1[0m" 304 -
[2024-02-13 14:16:05,319] INFO in _internal: 127.0.0.1 - - [13/Feb/2024 14:16:05] "[36mGET /static/img/21.jpg HTTP/1.1[0m" 304 -
[2024-02-13 14:16:05,320] INFO in _internal: 127.0.0.1 - - [13/Feb/2024 14:16:05] "[36mGET /static/img/20.jpg HTTP/1.1[0m" 304 -
[2024-02-13 14:16:05,332] INFO in _internal: 127.0.0.1 - - [13/Feb/2024 14:16:05] "[36mGET /static/img/22.jpg HTTP/1.1[0m" 304 -
[2024-02-13 14:16:05,333] INFO in _internal: 127.0.0.1 - - [13/Feb/2024 14:16:05] "[36mGET /static/img/23.jpg HTTP/1.1[0m" 304 -
[2024-02-13 14:36:57,555] INFO in _internal: 127.0.0.1 - - [13/Feb/2024 14:36:57] "[36mGET /static/css/escort.css HTTP/1.1[0m" 304 -
[2024-02-13 14:42:59,000] INFO in _internal: 127.0.0.1 - - [13/Feb/2024 14:42:59] "GET /escort HTTP/1.1" 200 -
[2024-02-13 14:42:59,031] INFO in _internal: 127.0.0.1 - - [13/Feb/2024 14:42:59] "[36mGET /static/css/escort.css HTTP/1.1[0m" 304 -
[2024-02-13 14:42:59,032] INFO in _internal: 127.0.0.1 - - [13/Feb/2024 14:42:59] "[36mGET /static/img/logo.png HTTP/1.1[0m" 304 -
[2024-02-13 14:42:59,038] INFO in _internal: 127.0.0.1 - - [13/Feb/2024 14:42:59] "[36mGET /static/img/area.png HTTP/1.1[0m" 304 -
[2024-02-13 14:42:59,048] INFO in _internal: 127.0.0.1 - - [13/Feb/2024 14:42:59] "[36mGET /static/js/escort.js HTTP/1.1[0m" 304 -
[2024-02-13 14:42:59,120] INFO in _internal: 127.0.0.1 - - [13/Feb/2024 14:42:59] "[36mGET /static/img/1.jpg HTTP/1.1[0m" 304 -
[2024-02-13 14:42:59,135] INFO in _internal: 127.0.0.1 - - [13/Feb/2024 14:42:59] "[36mGET /static/img/2.jpg HTTP/1.1[0m" 304 -
[2024-02-13 14:42:59,143] INFO in _internal: 127.0.0.1 - - [13/Feb/2024 14:42:59] "[36mGET /static/img/3.jpg HTTP/1.1[0m" 304 -
[2024-02-13 14:42:59,150] INFO in _internal: 127.0.0.1 - - [13/Feb/2024 14:42:59] "[36mGET /static/img/4.jpg HTTP/1.1[0m" 304 -
[2024-02-13 14:42:59,156] INFO in _internal: 127.0.0.1 - - [13/Feb/2024 14:42:59] "[36mGET /static/img/19.jpg HTTP/1.1[0m" 304 -
[2024-02-13 14:42:59,158] INFO in _internal: 127.0.0.1 - - [13/Feb/2024 14:42:59] "[36mGET /static/img/20.jpg HTTP/1.1[0m" 304 -
[2024-02-13 14:42:59,180] INFO in _internal: 127.0.0.1 - - [13/Feb/2024 14:42:59] "[36mGET /static/img/21.jpg HTTP/1.1[0m" 304 -
[2024-02-13 14:42:59,183] INFO in _internal: 127.0.0.1 - - [13/Feb/2024 14:42:59] "[36mGET /static/img/22.jpg HTTP/1.1[0m" 304 -
[2024-02-13 14:42:59,186] INFO in _internal: 127.0.0.1 - - [13/Feb/2024 14:42:59] "[36mGET /static/img/23.jpg HTTP/1.1[0m" 304 -
[2024-02-13 14:43:39,857] INFO in _internal: 127.0.0.1 - - [13/Feb/2024 14:43:39] "GET /escort HTTP/1.1" 200 -
[2024-02-13 14:43:39,880] INFO in _internal: 127.0.0.1 - - [13/Feb/2024 14:43:39] "[36mGET /static/css/escort.css HTTP/1.1[0m" 304 -
[2024-02-13 14:43:39,888] INFO in _internal: 127.0.0.1 - - [13/Feb/2024 14:43:39] "[36mGET /static/img/logo.png HTTP/1.1[0m" 304 -
[2024-02-13 14:43:39,889] INFO in _internal: 127.0.0.1 - - [13/Feb/2024 14:43:39] "[36mGET /static/img/area.png HTTP/1.1[0m" 304 -
[2024-02-13 14:43:39,901] INFO in _internal: 127.0.0.1 - - [13/Feb/2024 14:43:39] "[36mGET /static/js/escort.js HTTP/1.1[0m" 304 -
[2024-02-13 14:43:39,944] INFO in _internal: 127.0.0.1 - - [13/Feb/2024 14:43:39] "[36mGET /static/img/1.jpg HTTP/1.1[0m" 304 -
[2024-02-13 14:43:39,947] INFO in _internal: 127.0.0.1 - - [13/Feb/2024 14:43:39] "[36mGET /static/img/2.jpg HTTP/1.1[0m" 304 -
[2024-02-13 14:43:39,950] INFO in _internal: 127.0.0.1 - - [13/Feb/2024 14:43:39] "[36mGET /static/img/3.jpg HTTP/1.1[0m" 304 -
[2024-02-13 14:43:39,976] INFO in _internal: 127.0.0.1 - - [13/Feb/2024 14:43:39] "[36mGET /static/img/4.jpg HTTP/1.1[0m" 304 -
[2024-02-13 14:43:39,990] INFO in _internal: 127.0.0.1 - - [13/Feb/2024 14:43:39] "[36mGET /static/img/19.jpg HTTP/1.1[0m" 304 -
[2024-02-13 14:43:39,997] INFO in _internal: 127.0.0.1 - - [13/Feb/2024 14:43:39] "[36mGET /static/img/21.jpg HTTP/1.1[0m" 304 -
[2024-02-13 14:43:40,003] INFO in _internal: 127.0.0.1 - - [13/Feb/2024 14:43:40] "[36mGET /static/img/20.jpg HTTP/1.1[0m" 304 -
[2024-02-13 14:43:40,008] INFO in _internal: 127.0.0.1 - - [13/Feb/2024 14:43:40] "[36mGET /static/img/22.jpg HTTP/1.1[0m" 304 -
[2024-02-13 14:43:40,011] INFO in _internal: 127.0.0.1 - - [13/Feb/2024 14:43:40] "[36mGET /static/img/23.jpg HTTP/1.1[0m" 304 -
[2024-02-13 14:48:02,052] INFO in _internal: 127.0.0.1 - - [13/Feb/2024 14:48:02] "GET /escort HTTP/1.1" 200 -
[2024-02-13 14:48:02,079] INFO in _internal: 127.0.0.1 - - [13/Feb/2024 14:48:02] "[36mGET /static/css/escort.css HTTP/1.1[0m" 304 -
[2024-02-13 14:48:02,080] INFO in _internal: 127.0.0.1 - - [13/Feb/2024 14:48:02] "[36mGET /static/img/logo.png HTTP/1.1[0m" 304 -
[2024-02-13 14:48:02,080] INFO in _internal: 127.0.0.1 - - [13/Feb/2024 14:48:02] "[36mGET /static/img/area.png HTTP/1.1[0m" 304 -
[2024-02-13 14:48:02,094] INFO in _internal: 127.0.0.1 - - [13/Feb/2024 14:48:02] "[36mGET /static/js/escort.js HTTP/1.1[0m" 304 -
[2024-02-13 14:48:02,143] INFO in _internal: 127.0.0.1 - - [13/Feb/2024 14:48:02] "[36mGET /static/img/1.jpg HTTP/1.1[0m" 304 -
[2024-02-13 14:48:02,149] INFO in _internal: 127.0.0.1 - - [13/Feb/2024 14:48:02] "[36mGET /static/img/3.jpg HTTP/1.1[0m" 304 -
[2024-02-13 14:48:02,177] INFO in _internal: 127.0.0.1 - - [13/Feb/2024 14:48:02] "[36mGET /static/img/2.jpg HTTP/1.1[0m" 304 -
[2024-02-13 14:48:02,192] INFO in _internal: 127.0.0.1 - - [13/Feb/2024 14:48:02] "[36mGET /static/img/4.jpg HTTP/1.1[0m" 304 -
[2024-02-13 14:48:02,198] INFO in _internal: 127.0.0.1 - - [13/Feb/2024 14:48:02] "[36mGET /static/img/19.jpg HTTP/1.1[0m" 304 -
[2024-02-13 14:48:02,205] INFO in _internal: 127.0.0.1 - - [13/Feb/2024 14:48:02] "[36mGET /static/img/20.jpg HTTP/1.1[0m" 304 -
[2024-02-13 14:48:02,213] INFO in _internal: 127.0.0.1 - - [13/Feb/2024 14:48:02] "[36mGET /static/img/21.jpg HTTP/1.1[0m" 304 -
[2024-02-13 14:48:02,225] INFO in _internal: 127.0.0.1 - - [13/Feb/2024 14:48:02] "[36mGET /static/img/22.jpg HTTP/1.1[0m" 304 -
[2024-02-13 14:48:02,226] INFO in _internal: 127.0.0.1 - - [13/Feb/2024 14:48:02] "[36mGET /static/img/23.jpg HTTP/1.1[0m" 304 -
[2024-02-13 14:52:34,237] INFO in _internal: 127.0.0.1 - - [13/Feb/2024 14:52:34] "GET /escort HTTP/1.1" 200 -
[2024-02-13 14:52:34,263] INFO in _internal: 127.0.0.1 - - [13/Feb/2024 14:52:34] "[36mGET /static/css/escort.css HTTP/1.1[0m" 304 -
[2024-02-13 14:52:34,265] INFO in _internal: 127.0.0.1 - - [13/Feb/2024 14:52:34] "[36mGET /static/img/logo.png HTTP/1.1[0m" 304 -
[2024-02-13 14:52:34,268] INFO in _internal: 127.0.0.1 - - [13/Feb/2024 14:52:34] "[36mGET /static/img/area.png HTTP/1.1[0m" 304 -
[2024-02-13 14:52:34,280] INFO in _internal: 127.0.0.1 - - [13/Feb/2024 14:52:34] "[36mGET /static/js/escort.js HTTP/1.1[0m" 304 -
[2024-02-13 14:52:34,341] INFO in _internal: 127.0.0.1 - - [13/Feb/2024 14:52:34] "[36mGET /static/img/1.jpg HTTP/1.1[0m" 304 -
[2024-02-13 14:52:34,344] INFO in _internal: 127.0.0.1 - - [13/Feb/2024 14:52:34] "[36mGET /static/img/2.jpg HTTP/1.1[0m" 304 -
[2024-02-13 14:52:34,364] INFO in _internal: 127.0.0.1 - - [13/Feb/2024 14:52:34] "[36mGET /static/img/3.jpg HTTP/1.1[0m" 304 -
[2024-02-13 14:52:34,375] INFO in _internal: 127.0.0.1 - - [13/Feb/2024 14:52:34] "[36mGET /static/img/4.jpg HTTP/1.1[0m" 304 -
[2024-02-13 14:52:34,381] INFO in _internal: 127.0.0.1 - - [13/Feb/2024 14:52:34] "[36mGET /static/img/19.jpg HTTP/1.1[0m" 304 -
[2024-02-13 14:52:34,388] INFO in _internal: 127.0.0.1 - - [13/Feb/2024 14:52:34] "[36mGET /static/img/20.jpg HTTP/1.1[0m" 304 -
[2024-02-13 14:52:34,402] INFO in _internal: 127.0.0.1 - - [13/Feb/2024 14:52:34] "[36mGET /static/img/21.jpg HTTP/1.1[0m" 304 -
[2024-02-13 14:52:34,404] INFO in _internal: 127.0.0.1 - - [13/Feb/2024 14:52:34] "[36mGET /static/img/22.jpg HTTP/1.1[0m" 304 -
[2024-02-13 14:52:34,407] INFO in _internal: 127.0.0.1 - - [13/Feb/2024 14:52:34] "[36mGET /static/img/23.jpg HTTP/1.1[0m" 304 -
[2024-02-13 14:53:42,207] INFO in _internal: 127.0.0.1 - - [13/Feb/2024 14:53:42] "GET /escort HTTP/1.1" 200 -
[2024-02-13 14:53:42,227] INFO in _internal: 127.0.0.1 - - [13/Feb/2024 14:53:42] "GET /static/css/escort.css HTTP/1.1" 200 -
[2024-02-13 14:53:42,229] INFO in _internal: 127.0.0.1 - - [13/Feb/2024 14:53:42] "GET /static/img/area.png HTTP/1.1" 200 -
[2024-02-13 14:53:42,230] INFO in _internal: 127.0.0.1 - - [13/Feb/2024 14:53:42] "GET /static/img/logo.png HTTP/1.1" 200 -
[2024-02-13 14:53:42,247] INFO in _internal: 127.0.0.1 - - [13/Feb/2024 14:53:42] "GET /static/js/escort.js HTTP/1.1" 200 -
[2024-02-13 14:53:42,385] INFO in _internal: 127.0.0.1 - - [13/Feb/2024 14:53:42] "GET /static/img/2.jpg HTTP/1.1" 200 -
[2024-02-13 14:53:42,386] INFO in _internal: 127.0.0.1 - - [13/Feb/2024 14:53:42] "GET /static/img/19.jpg HTTP/1.1" 200 -
[2024-02-13 14:53:42,387] INFO in _internal: 127.0.0.1 - - [13/Feb/2024 14:53:42] "GET /static/img/1.jpg HTTP/1.1" 200 -
[2024-02-13 14:53:42,388] INFO in _internal: 127.0.0.1 - - [13/Feb/2024 14:53:42] "GET /static/img/3.jpg HTTP/1.1" 200 -
[2024-02-13 14:53:42,388] INFO in _internal: 127.0.0.1 - - [13/Feb/2024 14:53:42] "GET /static/img/4.jpg HTTP/1.1" 200 -
[2024-02-13 14:53:42,390] INFO in _internal: 127.0.0.1 - - [13/Feb/2024 14:53:42] "GET /static/img/20.jpg HTTP/1.1" 200 -
[2024-02-13 14:53:42,416] INFO in _internal: 127.0.0.1 - - [13/Feb/2024 14:53:42] "GET /static/img/21.jpg HTTP/1.1" 200 -
[2024-02-13 14:53:42,424] INFO in _internal: 127.0.0.1 - - [13/Feb/2024 14:53:42] "GET /static/img/22.jpg HTTP/1.1" 200 -
[2024-02-13 14:53:42,428] INFO in _internal: 127.0.0.1 - - [13/Feb/2024 14:53:42] "GET /static/img/23.jpg HTTP/1.1" 200 -
[2024-02-13 14:55:31,499] INFO in _internal: 127.0.0.1 - - [13/Feb/2024 14:55:31] "GET /escort HTTP/1.1" 200 -
[2024-02-13 14:55:31,516] INFO in _internal: 127.0.0.1 - - [13/Feb/2024 14:55:31] "GET /static/css/escort.css HTTP/1.1" 200 -
[2024-02-13 14:55:31,518] INFO in _internal: 127.0.0.1 - - [13/Feb/2024 14:55:31] "GET /static/img/logo.png HTTP/1.1" 200 -
[2024-02-13 14:55:31,520] INFO in _internal: 127.0.0.1 - - [13/Feb/2024 14:55:31] "GET /static/img/area.png HTTP/1.1" 200 -
[2024-02-13 14:55:31,533] INFO in _internal: 127.0.0.1 - - [13/Feb/2024 14:55:31] "GET /static/js/escort.js HTTP/1.1" 200 -
[2024-02-13 14:55:31,659] INFO in _internal: 127.0.0.1 - - [13/Feb/2024 14:55:31] "GET /static/img/1.jpg HTTP/1.1" 200 -
[2024-02-13 14:55:31,661] INFO in _internal: 127.0.0.1 - - [13/Feb/2024 14:55:31] "GET /static/img/2.jpg HTTP/1.1" 200 -
[2024-02-13 14:55:31,661] INFO in _internal: 127.0.0.1 - - [13/Feb/2024 14:55:31] "GET /static/img/4.jpg HTTP/1.1" 200 -
[2024-02-13 14:55:31,662] INFO in _internal: 127.0.0.1 - - [13/Feb/2024 14:55:31] "GET /static/img/3.jpg HTTP/1.1" 200 -
[2024-02-13 14:55:31,662] INFO in _internal: 127.0.0.1 - - [13/Feb/2024 14:55:31] "GET /static/img/19.jpg HTTP/1.1" 200 -
[2024-02-13 14:55:31,663] INFO in _internal: 127.0.0.1 - - [13/Feb/2024 14:55:31] "GET /static/img/20.jpg HTTP/1.1" 200 -
[2024-02-13 14:55:31,697] INFO in _internal: 127.0.0.1 - - [13/Feb/2024 14:55:31] "GET /static/img/22.jpg HTTP/1.1" 200 -
[2024-02-13 14:55:31,701] INFO in _internal: 127.0.0.1 - - [13/Feb/2024 14:55:31] "GET /static/img/21.jpg HTTP/1.1" 200 -
[2024-02-13 14:55:31,719] INFO in _internal: 127.0.0.1 - - [13/Feb/2024 14:55:31] "GET /static/img/23.jpg HTTP/1.1" 200 -
[2024-02-13 14:57:14,068] INFO in _internal: 127.0.0.1 - - [13/Feb/2024 14:57:14] "GET /escort HTTP/1.1" 200 -
[2024-02-13 14:57:14,094] INFO in _internal: 127.0.0.1 - - [13/Feb/2024 14:57:14] "[36mGET /static/css/escort.css HTTP/1.1[0m" 304 -
[2024-02-13 14:57:14,096] INFO in _internal: 127.0.0.1 - - [13/Feb/2024 14:57:14] "[36mGET /static/img/logo.png HTTP/1.1[0m" 304 -
[2024-02-13 14:57:14,098] INFO in _internal: 127.0.0.1 - - [13/Feb/2024 14:57:14] "[36mGET /static/img/area.png HTTP/1.1[0m" 304 -
[2024-02-13 14:57:14,115] INFO in _internal: 127.0.0.1 - - [13/Feb/2024 14:57:14] "[36mGET /static/js/escort.js HTTP/1.1[0m" 304 -
[2024-02-13 14:57:14,155] INFO in _internal: 127.0.0.1 - - [13/Feb/2024 14:57:14] "[36mGET /static/img/1.jpg HTTP/1.1[0m" 304 -
[2024-02-13 14:57:14,157] INFO in _internal: 127.0.0.1 - - [13/Feb/2024 14:57:14] "[36mGET /static/img/2.jpg HTTP/1.1[0m" 304 -
[2024-02-13 14:57:14,181] INFO in _internal: 127.0.0.1 - - [13/Feb/2024 14:57:14] "[36mGET /static/img/3.jpg HTTP/1.1[0m" 304 -
[2024-02-13 14:57:14,185] INFO in _internal: 127.0.0.1 - - [13/Feb/2024 14:57:14] "[36mGET /static/img/19.jpg HTTP/1.1[0m" 304 -
[2024-02-13 14:57:14,189] INFO in _internal: 127.0.0.1 - - [13/Feb/2024 14:57:14] "[36mGET /static/img/4.jpg HTTP/1.1[0m" 304 -
[2024-02-13 14:57:14,193] INFO in _internal: 127.0.0.1 - - [13/Feb/2024 14:57:14] "[36mGET /static/img/20.jpg HTTP/1.1[0m" 304 -
[2024-02-13 14:57:14,201] INFO in _internal: 127.0.0.1 - - [13/Feb/2024 14:57:14] "[36mGET /static/img/21.jpg HTTP/1.1[0m" 304 -
[2024-02-13 14:57:14,204] INFO in _internal: 127.0.0.1 - - [13/Feb/2024 14:57:14] "[36mGET /static/img/22.jpg HTTP/1.1[0m" 304 -
[2024-02-13 14:57:14,218] INFO in _internal: 127.0.0.1 - - [13/Feb/2024 14:57:14] "[36mGET /static/img/23.jpg HTTP/1.1[0m" 304 -
[2024-02-13 14:59:17,723] INFO in _internal: 127.0.0.1 - - [13/Feb/2024 14:59:17] "GET /escort HTTP/1.1" 200 -
[2024-02-13 14:59:17,743] INFO in _internal: 127.0.0.1 - - [13/Feb/2024 14:59:17] "GET /static/css/escort.css HTTP/1.1" 200 -
[2024-02-13 14:59:17,746] INFO in _internal: 127.0.0.1 - - [13/Feb/2024 14:59:17] "GET /static/img/logo.png HTTP/1.1" 200 -
[2024-02-13 14:59:17,748] INFO in _internal: 127.0.0.1 - - [13/Feb/2024 14:59:17] "GET /static/img/area.png HTTP/1.1" 200 -
[2024-02-13 14:59:17,768] INFO in _internal: 127.0.0.1 - - [13/Feb/2024 14:59:17] "GET /static/js/escort.js HTTP/1.1" 200 -
[2024-02-13 14:59:17,969] INFO in _internal: 127.0.0.1 - - [13/Feb/2024 14:59:17] "GET /static/img/1.jpg HTTP/1.1" 200 -
[2024-02-13 14:59:17,980] INFO in _internal: 127.0.0.1 - - [13/Feb/2024 14:59:17] "GET /static/img/2.jpg HTTP/1.1" 200 -
[2024-02-13 14:59:17,980] INFO in _internal: 127.0.0.1 - - [13/Feb/2024 14:59:17] "GET /static/img/4.jpg HTTP/1.1" 200 -
[2024-02-13 14:59:17,981] INFO in _internal: 127.0.0.1 - - [13/Feb/2024 14:59:17] "GET /static/img/3.jpg HTTP/1.1" 200 -
[2024-02-13 14:59:17,984] INFO in _internal: 127.0.0.1 - - [13/Feb/2024 14:59:17] "GET /static/img/19.jpg HTTP/1.1" 200 -
[2024-02-13 14:59:17,990] INFO in _internal: 127.0.0.1 - - [13/Feb/2024 14:59:17] "GET /static/img/20.jpg HTTP/1.1" 200 -
[2024-02-13 14:59:18,019] INFO in _internal: 127.0.0.1 - - [13/Feb/2024 14:59:18] "GET /static/img/22.jpg HTTP/1.1" 200 -
[2024-02-13 14:59:18,023] INFO in _internal: 127.0.0.1 - - [13/Feb/2024 14:59:18] "GET /static/img/21.jpg HTTP/1.1" 200 -
[2024-02-13 14:59:18,030] INFO in _internal: 127.0.0.1 - - [13/Feb/2024 14:59:18] "GET /static/img/23.jpg HTTP/1.1" 200 -
[2024-02-13 15:03:06,552] INFO in _internal: 127.0.0.1 - - [13/Feb/2024 15:03:06] "GET /escort HTTP/1.1" 200 -
[2024-02-13 15:03:06,578] INFO in _internal: 127.0.0.1 - - [13/Feb/2024 15:03:06] "[36mGET /static/css/escort.css HTTP/1.1[0m" 304 -
[2024-02-13 15:03:06,579] INFO in _internal: 127.0.0.1 - - [13/Feb/2024 15:03:06] "[36mGET /static/img/logo.png HTTP/1.1[0m" 304 -
[2024-02-13 15:03:06,580] INFO in _internal: 127.0.0.1 - - [13/Feb/2024 15:03:06] "[36mGET /static/img/area.png HTTP/1.1[0m" 304 -
[2024-02-13 15:03:06,593] INFO in _internal: 127.0.0.1 - - [13/Feb/2024 15:03:06] "[36mGET /static/js/escort.js HTTP/1.1[0m" 304 -
[2024-02-13 15:03:06,637] INFO in _internal: 127.0.0.1 - - [13/Feb/2024 15:03:06] "[36mGET /static/img/2.jpg HTTP/1.1[0m" 304 -
[2024-02-13 15:03:06,643] INFO in _internal: 127.0.0.1 - - [13/Feb/2024 15:03:06] "[36mGET /static/img/1.jpg HTTP/1.1[0m" 304 -
[2024-02-13 15:03:06,668] INFO in _internal: 127.0.0.1 - - [13/Feb/2024 15:03:06] "[36mGET /static/img/19.jpg HTTP/1.1[0m" 304 -
[2024-02-13 15:03:06,670] INFO in _internal: 127.0.0.1 - - [13/Feb/2024 15:03:06] "[36mGET /static/img/3.jpg HTTP/1.1[0m" 304 -
[2024-02-13 15:03:06,672] INFO in _internal: 127.0.0.1 - - [13/Feb/2024 15:03:06] "[36mGET /static/img/4.jpg HTTP/1.1[0m" 304 -
[2024-02-13 15:03:06,675] INFO in _internal: 127.0.0.1 - - [13/Feb/2024 15:03:06] "[36mGET /static/img/20.jpg HTTP/1.1[0m" 304 -
[2024-02-13 15:03:06,696] INFO in _internal: 127.0.0.1 - - [13/Feb/2024 15:03:06] "[36mGET /static/img/21.jpg HTTP/1.1[0m" 304 -
[2024-02-13 15:03:06,698] INFO in _internal: 127.0.0.1 - - [13/Feb/2024 15:03:06] "[36mGET /static/img/22.jpg HTTP/1.1[0m" 304 -
[2024-02-13 15:03:06,704] INFO in _internal: 127.0.0.1 - - [13/Feb/2024 15:03:06] "[36mGET /static/img/23.jpg HTTP/1.1[0m" 304 -
[2024-02-13 15:04:58,043] INFO in _internal: 127.0.0.1 - - [13/Feb/2024 15:04:58] "GET /escort HTTP/1.1" 200 -
[2024-02-13 15:04:58,070] INFO in _internal: 127.0.0.1 - - [13/Feb/2024 15:04:58] "[36mGET /static/css/escort.css HTTP/1.1[0m" 304 -
[2024-02-13 15:04:58,071] INFO in _internal: 127.0.0.1 - - [13/Feb/2024 15:04:58] "[36mGET /static/img/logo.png HTTP/1.1[0m" 304 -
[2024-02-13 15:04:58,072] INFO in _internal: 127.0.0.1 - - [13/Feb/2024 15:04:58] "[36mGET /static/img/area.png HTTP/1.1[0m" 304 -
[2024-02-13 15:04:58,089] INFO in _internal: 127.0.0.1 - - [13/Feb/2024 15:04:58] "[36mGET /static/js/escort.js HTTP/1.1[0m" 304 -
[2024-02-13 15:04:58,126] INFO in _internal: 127.0.0.1 - - [13/Feb/2024 15:04:58] "[36mGET /static/img/1.jpg HTTP/1.1[0m" 304 -
[2024-02-13 15:04:58,126] INFO in _internal: 127.0.0.1 - - [13/Feb/2024 15:04:58] "[36mGET /static/img/2.jpg HTTP/1.1[0m" 304 -
[2024-02-13 15:04:58,162] INFO in _internal: 127.0.0.1 - - [13/Feb/2024 15:04:58] "[36mGET /static/img/4.jpg HTTP/1.1[0m" 304 -
[2024-02-13 15:04:58,166] INFO in _internal: 127.0.0.1 - - [13/Feb/2024 15:04:58] "[36mGET /static/img/3.jpg HTTP/1.1[0m" 304 -
[2024-02-13 15:04:58,166] INFO in _internal: 127.0.0.1 - - [13/Feb/2024 15:04:58] "[36mGET /static/img/19.jpg HTTP/1.1[0m" 304 -
[2024-02-13 15:04:58,168] INFO in _internal: 127.0.0.1 - - [13/Feb/2024 15:04:58] "[36mGET /static/img/20.jpg HTTP/1.1[0m" 304 -
[2024-02-13 15:04:58,173] INFO in _internal: 127.0.0.1 - - [13/Feb/2024 15:04:58] "[36mGET /static/img/21.jpg HTTP/1.1[0m" 304 -
[2024-02-13 15:04:58,178] INFO in _internal: 127.0.0.1 - - [13/Feb/2024 15:04:58] "[36mGET /static/img/22.jpg HTTP/1.1[0m" 304 -
[2024-02-13 15:04:58,184] INFO in _internal: 127.0.0.1 - - [13/Feb/2024 15:04:58] "[36mGET /static/img/23.jpg HTTP/1.1[0m" 304 -
[2024-02-13 15:05:22,957] INFO in _internal: 127.0.0.1 - - [13/Feb/2024 15:05:22] "GET /escort HTTP/1.1" 200 -
[2024-02-13 15:05:22,977] INFO in _internal: 127.0.0.1 - - [13/Feb/2024 15:05:22] "GET /static/css/escort.css HTTP/1.1" 200 -
[2024-02-13 15:05:22,979] INFO in _internal: 127.0.0.1 - - [13/Feb/2024 15:05:22] "GET /static/img/logo.png HTTP/1.1" 200 -
[2024-02-13 15:05:22,981] INFO in _internal: 127.0.0.1 - - [13/Feb/2024 15:05:22] "GET /static/img/area.png HTTP/1.1" 200 -
[2024-02-13 15:05:22,997] INFO in _internal: 127.0.0.1 - - [13/Feb/2024 15:05:22] "GET /static/js/escort.js HTTP/1.1" 200 -
[2024-02-13 15:05:23,865] INFO in _internal: 127.0.0.1 - - [13/Feb/2024 15:05:23] "GET /static/img/2.jpg HTTP/1.1" 200 -
[2024-02-13 15:05:23,866] INFO in _internal: 127.0.0.1 - - [13/Feb/2024 15:05:23] "GET /static/img/1.jpg HTTP/1.1" 200 -
[2024-02-13 15:05:23,872] INFO in _internal: 127.0.0.1 - - [13/Feb/2024 15:05:23] "GET /static/img/3.jpg HTTP/1.1" 200 -
[2024-02-13 15:05:23,881] INFO in _internal: 127.0.0.1 - - [13/Feb/2024 15:05:23] "GET /static/img/20.jpg HTTP/1.1" 200 -
[2024-02-13 15:05:23,882] INFO in _internal: 127.0.0.1 - - [13/Feb/2024 15:05:23] "GET /static/img/4.jpg HTTP/1.1" 200 -
[2024-02-13 15:05:23,884] INFO in _internal: 127.0.0.1 - - [13/Feb/2024 15:05:23] "GET /static/img/19.jpg HTTP/1.1" 200 -
[2024-02-13 15:05:23,902] INFO in _internal: 127.0.0.1 - - [13/Feb/2024 15:05:23] "GET /static/img/21.jpg HTTP/1.1" 200 -
[2024-02-13 15:05:23,913] INFO in _internal: 127.0.0.1 - - [13/Feb/2024 15:05:23] "GET /static/img/22.jpg HTTP/1.1" 200 -
[2024-02-13 15:05:23,921] INFO in _internal: 127.0.0.1 - - [13/Feb/2024 15:05:23] "GET /static/img/23.jpg HTTP/1.1" 200 -
[2024-02-13 15:06:03,875] INFO in _internal: 127.0.0.1 - - [13/Feb/2024 15:06:03] "GET /escort HTTP/1.1" 200 -
[2024-02-13 15:06:03,903] INFO in _internal: 127.0.0.1 - - [13/Feb/2024 15:06:03] "[36mGET /static/css/escort.css HTTP/1.1[0m" 304 -
[2024-02-13 15:06:03,906] INFO in _internal: 127.0.0.1 - - [13/Feb/2024 15:06:03] "[36mGET /static/img/logo.png HTTP/1.1[0m" 304 -
[2024-02-13 15:06:03,907] INFO in _internal: 127.0.0.1 - - [13/Feb/2024 15:06:03] "[36mGET /static/img/area.png HTTP/1.1[0m" 304 -
[2024-02-13 15:06:03,921] INFO in _internal: 127.0.0.1 - - [13/Feb/2024 15:06:03] "[36mGET /static/js/escort.js HTTP/1.1[0m" 304 -
[2024-02-13 15:06:03,969] INFO in _internal: 127.0.0.1 - - [13/Feb/2024 15:06:03] "[36mGET /static/img/1.jpg HTTP/1.1[0m" 304 -
[2024-02-13 15:06:03,971] INFO in _internal: 127.0.0.1 - - [13/Feb/2024 15:06:03] "[36mGET /static/img/2.jpg HTTP/1.1[0m" 304 -
[2024-02-13 15:06:03,979] INFO in _internal: 127.0.0.1 - - [13/Feb/2024 15:06:03] "[36mGET /static/img/3.jpg HTTP/1.1[0m" 304 -
[2024-02-13 15:06:03,996] INFO in _internal: 127.0.0.1 - - [13/Feb/2024 15:06:03] "[36mGET /static/img/4.jpg HTTP/1.1[0m" 304 -
[2024-02-13 15:06:04,010] INFO in _internal: 127.0.0.1 - - [13/Feb/2024 15:06:04] "[36mGET /static/img/20.jpg HTTP/1.1[0m" 304 -
[2024-02-13 15:06:04,014] INFO in _internal: 127.0.0.1 - - [13/Feb/2024 15:06:04] "[36mGET /static/img/19.jpg HTTP/1.1[0m" 304 -
[2024-02-13 15:06:04,020] INFO in _internal: 127.0.0.1 - - [13/Feb/2024 15:06:04] "[36mGET /static/img/22.jpg HTTP/1.1[0m" 304 -
[2024-02-13 15:06:04,022] INFO in _internal: 127.0.0.1 - - [13/Feb/2024 15:06:04] "[36mGET /static/img/21.jpg HTTP/1.1[0m" 304 -
[2024-02-13 15:06:04,025] INFO in _internal: 127.0.0.1 - - [13/Feb/2024 15:06:04] "[36mGET /static/img/23.jpg HTTP/1.1[0m" 304 -
[2024-02-13 15:12:46,890] INFO in _internal: 127.0.0.1 - - [13/Feb/2024 15:12:46] "GET /escort HTTP/1.1" 200 -
[2024-02-13 15:12:46,918] INFO in _internal: 127.0.0.1 - - [13/Feb/2024 15:12:46] "[36mGET /static/css/escort.css HTTP/1.1[0m" 304 -
[2024-02-13 15:12:46,918] INFO in _internal: 127.0.0.1 - - [13/Feb/2024 15:12:46] "[36mGET /static/img/logo.png HTTP/1.1[0m" 304 -
[2024-02-13 15:12:46,923] INFO in _internal: 127.0.0.1 - - [13/Feb/2024 15:12:46] "[36mGET /static/img/area.png HTTP/1.1[0m" 304 -
[2024-02-13 15:12:46,939] INFO in _internal: 127.0.0.1 - - [13/Feb/2024 15:12:46] "[36mGET /static/js/escort.js HTTP/1.1[0m" 304 -
[2024-02-13 15:12:47,022] INFO in _internal: 127.0.0.1 - - [13/Feb/2024 15:12:47] "[36mGET /static/img/1.jpg HTTP/1.1[0m" 304 -
[2024-02-13 15:12:47,022] INFO in _internal: 127.0.0.1 - - [13/Feb/2024 15:12:47] "[36mGET /static/img/2.jpg HTTP/1.1[0m" 304 -
[2024-02-13 15:12:47,026] INFO in _internal: 127.0.0.1 - - [13/Feb/2024 15:12:47] "[36mGET /static/img/3.jpg HTTP/1.1[0m" 304 -
[2024-02-13 15:12:47,053] INFO in _internal: 127.0.0.1 - - [13/Feb/2024 15:12:47] "[36mGET /static/img/4.jpg HTTP/1.1[0m" 304 -
[2024-02-13 15:12:47,055] INFO in _internal: 127.0.0.1 - - [13/Feb/2024 15:12:47] "[36mGET /static/img/19.jpg HTTP/1.1[0m" 304 -
[2024-02-13 15:12:47,061] INFO in _internal: 127.0.0.1 - - [13/Feb/2024 15:12:47] "[36mGET /static/img/20.jpg HTTP/1.1[0m" 304 -
[2024-02-13 15:12:47,073] INFO in _internal: 127.0.0.1 - - [13/Feb/2024 15:12:47] "[36mGET /static/img/21.jpg HTTP/1.1[0m" 304 -
[2024-02-13 15:12:47,091] INFO in _internal: 127.0.0.1 - - [13/Feb/2024 15:12:47] "[36mGET /static/img/22.jpg HTTP/1.1[0m" 304 -
[2024-02-13 15:12:47,092] INFO in _internal: 127.0.0.1 - - [13/Feb/2024 15:12:47] "[36mGET /static/img/23.jpg HTTP/1.1[0m" 304 -
[2024-02-13 15:13:43,174] INFO in _internal: 127.0.0.1 - - [13/Feb/2024 15:13:43] "GET /escort HTTP/1.1" 200 -
[2024-02-13 15:13:43,192] INFO in _internal: 127.0.0.1 - - [13/Feb/2024 15:13:43] "GET /static/css/escort.css HTTP/1.1" 200 -
[2024-02-13 15:13:43,194] INFO in _internal: 127.0.0.1 - - [13/Feb/2024 15:13:43] "GET /static/img/logo.png HTTP/1.1" 200 -
[2024-02-13 15:13:43,196] INFO in _internal: 127.0.0.1 - - [13/Feb/2024 15:13:43] "GET /static/img/area.png HTTP/1.1" 200 -
[2024-02-13 15:13:43,212] INFO in _internal: 127.0.0.1 - - [13/Feb/2024 15:13:43] "GET /static/js/escort.js HTTP/1.1" 200 -
[2024-02-13 15:13:43,876] INFO in _internal: 127.0.0.1 - - [13/Feb/2024 15:13:43] "GET /static/img/1.jpg HTTP/1.1" 200 -
[2024-02-13 15:13:43,878] INFO in _internal: 127.0.0.1 - - [13/Feb/2024 15:13:43] "GET /static/img/19.jpg HTTP/1.1" 200 -
[2024-02-13 15:13:43,879] INFO in _internal: 127.0.0.1 - - [13/Feb/2024 15:13:43] "GET /static/img/3.jpg HTTP/1.1" 200 -
[2024-02-13 15:13:43,879] INFO in _internal: 127.0.0.1 - - [13/Feb/2024 15:13:43] "GET /static/img/2.jpg HTTP/1.1" 200 -
[2024-02-13 15:13:43,880] INFO in _internal: 127.0.0.1 - - [13/Feb/2024 15:13:43] "GET /static/img/4.jpg HTTP/1.1" 200 -
[2024-02-13 15:13:43,881] INFO in _internal: 127.0.0.1 - - [13/Feb/2024 15:13:43] "GET /static/img/20.jpg HTTP/1.1" 200 -
[2024-02-13 15:13:43,908] INFO in _internal: 127.0.0.1 - - [13/Feb/2024 15:13:43] "GET /static/img/21.jpg HTTP/1.1" 200 -
[2024-02-13 15:13:43,921] INFO in _internal: 127.0.0.1 - - [13/Feb/2024 15:13:43] "GET /static/img/22.jpg HTTP/1.1" 200 -
[2024-02-13 15:13:43,926] INFO in _internal: 127.0.0.1 - - [13/Feb/2024 15:13:43] "GET /static/img/23.jpg HTTP/1.1" 200 -
[2024-02-13 15:15:28,661] INFO in _internal: 127.0.0.1 - - [13/Feb/2024 15:15:28] "GET /escort HTTP/1.1" 200 -
[2024-02-13 15:15:28,692] INFO in _internal: 127.0.0.1 - - [13/Feb/2024 15:15:28] "[36mGET /static/css/escort.css HTTP/1.1[0m" 304 -
[2024-02-13 15:15:28,695] INFO in _internal: 127.0.0.1 - - [13/Feb/2024 15:15:28] "[36mGET /static/img/area.png HTTP/1.1[0m" 304 -
[2024-02-13 15:15:28,696] INFO in _internal: 127.0.0.1 - - [13/Feb/2024 15:15:28] "[36mGET /static/img/logo.png HTTP/1.1[0m" 304 -
[2024-02-13 15:15:28,721] INFO in _internal: 127.0.0.1 - - [13/Feb/2024 15:15:28] "[36mGET /static/js/escort.js HTTP/1.1[0m" 304 -
[2024-02-13 15:15:28,883] INFO in _internal: 127.0.0.1 - - [13/Feb/2024 15:15:28] "[36mGET /static/img/1.jpg HTTP/1.1[0m" 304 -
[2024-02-13 15:15:28,884] INFO in _internal: 127.0.0.1 - - [13/Feb/2024 15:15:28] "[36mGET /static/img/2.jpg HTTP/1.1[0m" 304 -
[2024-02-13 15:15:28,884] INFO in _internal: 127.0.0.1 - - [13/Feb/2024 15:15:28] "[36mGET /static/img/3.jpg HTTP/1.1[0m" 304 -
[2024-02-13 15:15:28,902] INFO in _internal: 127.0.0.1 - - [13/Feb/2024 15:15:28] "[36mGET /static/img/4.jpg HTTP/1.1[0m" 304 -
[2024-02-13 15:15:28,912] INFO in _internal: 127.0.0.1 - - [13/Feb/2024 15:15:28] "[36mGET /static/img/19.jpg HTTP/1.1[0m" 304 -
[2024-02-13 15:15:28,916] INFO in _internal: 127.0.0.1 - - [13/Feb/2024 15:15:28] "[36mGET /static/img/20.jpg HTTP/1.1[0m" 304 -
[2024-02-13 15:15:28,928] INFO in _internal: 127.0.0.1 - - [13/Feb/2024 15:15:28] "[36mGET /static/img/21.jpg HTTP/1.1[0m" 304 -
[2024-02-13 15:15:28,932] INFO in _internal: 127.0.0.1 - - [13/Feb/2024 15:15:28] "[36mGET /static/img/22.jpg HTTP/1.1[0m" 304 -
[2024-02-13 15:15:28,940] INFO in _internal: 127.0.0.1 - - [13/Feb/2024 15:15:28] "[36mGET /static/img/23.jpg HTTP/1.1[0m" 304 -
[2024-02-13 15:17:07,809] INFO in _internal: 127.0.0.1 - - [13/Feb/2024 15:17:07] "GET /escort HTTP/1.1" 200 -
[2024-02-13 15:17:07,829] INFO in _internal: 127.0.0.1 - - [13/Feb/2024 15:17:07] "[36mGET /static/img/logo.png HTTP/1.1[0m" 304 -
[2024-02-13 15:17:07,829] INFO in _internal: 127.0.0.1 - - [13/Feb/2024 15:17:07] "[36mGET /static/css/escort.css HTTP/1.1[0m" 304 -
[2024-02-13 15:17:07,830] INFO in _internal: 127.0.0.1 - - [13/Feb/2024 15:17:07] "[36mGET /static/img/area.png HTTP/1.1[0m" 304 -
[2024-02-13 15:17:07,841] INFO in _internal: 127.0.0.1 - - [13/Feb/2024 15:17:07] "[36mGET /static/js/escort.js HTTP/1.1[0m" 304 -
[2024-02-13 15:17:08,014] INFO in _internal: 127.0.0.1 - - [13/Feb/2024 15:17:08] "[36mGET /static/img/1.jpg HTTP/1.1[0m" 304 -
[2024-02-13 15:17:08,015] INFO in _internal: 127.0.0.1 - - [13/Feb/2024 15:17:08] "[36mGET /static/img/2.jpg HTTP/1.1[0m" 304 -
[2024-02-13 15:17:08,020] INFO in _internal: 127.0.0.1 - - [13/Feb/2024 15:17:08] "[36mGET /static/img/3.jpg HTTP/1.1[0m" 304 -
[2024-02-13 15:17:08,021] INFO in _internal: 127.0.0.1 - - [13/Feb/2024 15:17:08] "[36mGET /static/img/4.jpg HTTP/1.1[0m" 304 -
[2024-02-13 15:17:08,024] INFO in _internal: 127.0.0.1 - - [13/Feb/2024 15:17:08] "[36mGET /static/img/19.jpg HTTP/1.1[0m" 304 -
[2024-02-13 15:17:08,033] INFO in _internal: 127.0.0.1 - - [13/Feb/2024 15:17:08] "[36mGET /static/img/20.jpg HTTP/1.1[0m" 304 -
[2024-02-13 15:17:08,060] INFO in _internal: 127.0.0.1 - - [13/Feb/2024 15:17:08] "[36mGET /static/img/21.jpg HTTP/1.1[0m" 304 -
[2024-02-13 15:17:08,062] INFO in _internal: 127.0.0.1 - - [13/Feb/2024 15:17:08] "[36mGET /static/img/22.jpg HTTP/1.1[0m" 304 -
[2024-02-13 15:17:08,064] INFO in _internal: 127.0.0.1 - - [13/Feb/2024 15:17:08] "[36mGET /static/img/23.jpg HTTP/1.1[0m" 304 -
[2024-02-13 15:17:14,760] INFO in _internal: 127.0.0.1 - - [13/Feb/2024 15:17:14] "GET /escort HTTP/1.1" 200 -
[2024-02-13 15:17:14,778] INFO in _internal: 127.0.0.1 - - [13/Feb/2024 15:17:14] "GET /static/img/logo.png HTTP/1.1" 200 -
[2024-02-13 15:17:14,779] INFO in _internal: 127.0.0.1 - - [13/Feb/2024 15:17:14] "GET /static/css/escort.css HTTP/1.1" 200 -
[2024-02-13 15:17:14,780] INFO in _internal: 127.0.0.1 - - [13/Feb/2024 15:17:14] "GET /static/img/area.png HTTP/1.1" 200 -
[2024-02-13 15:17:14,793] INFO in _internal: 127.0.0.1 - - [13/Feb/2024 15:17:14] "GET /static/js/escort.js HTTP/1.1" 200 -
[2024-02-13 15:17:15,780] INFO in _internal: 127.0.0.1 - - [13/Feb/2024 15:17:15] "GET /static/img/1.jpg HTTP/1.1" 200 -
[2024-02-13 15:17:15,780] INFO in _internal: 127.0.0.1 - - [13/Feb/2024 15:17:15] "GET /static/img/2.jpg HTTP/1.1" 200 -
[2024-02-13 15:17:15,782] INFO in _internal: 127.0.0.1 - - [13/Feb/2024 15:17:15] "GET /static/img/3.jpg HTTP/1.1" 200 -
[2024-02-13 15:17:15,783] INFO in _internal: 127.0.0.1 - - [13/Feb/2024 15:17:15] "GET /static/img/19.jpg HTTP/1.1" 200 -
[2024-02-13 15:17:15,783] INFO in _internal: 127.0.0.1 - - [13/Feb/2024 15:17:15] "GET /static/img/4.jpg HTTP/1.1" 200 -
[2024-02-13 15:17:15,783] INFO in _internal: 127.0.0.1 - - [13/Feb/2024 15:17:15] "GET /static/img/20.jpg HTTP/1.1" 200 -
[2024-02-13 15:17:15,817] INFO in _internal: 127.0.0.1 - - [13/Feb/2024 15:17:15] "GET /static/img/21.jpg HTTP/1.1" 200 -
[2024-02-13 15:17:15,824] INFO in _internal: 127.0.0.1 - - [13/Feb/2024 15:17:15] "GET /static/img/22.jpg HTTP/1.1" 200 -
[2024-02-13 15:17:15,836] INFO in _internal: 127.0.0.1 - - [13/Feb/2024 15:17:15] "GET /static/img/23.jpg HTTP/1.1" 200 -
[2024-02-13 15:21:33,079] INFO in _internal: 127.0.0.1 - - [13/Feb/2024 15:21:33] "GET /escort HTTP/1.1" 200 -
[2024-02-13 15:21:33,100] INFO in _internal: 127.0.0.1 - - [13/Feb/2024 15:21:33] "GET /static/css/escort.css HTTP/1.1" 200 -
[2024-02-13 15:21:33,101] INFO in _internal: 127.0.0.1 - - [13/Feb/2024 15:21:33] "GET /static/img/logo.png HTTP/1.1" 200 -
[2024-02-13 15:21:33,102] INFO in _internal: 127.0.0.1 - - [13/Feb/2024 15:21:33] "GET /static/img/area.png HTTP/1.1" 200 -
[2024-02-13 15:21:33,119] INFO in _internal: 127.0.0.1 - - [13/Feb/2024 15:21:33] "GET /static/js/escort.js HTTP/1.1" 200 -
[2024-02-13 15:21:33,260] INFO in _internal: 127.0.0.1 - - [13/Feb/2024 15:21:33] "GET /static/img/1.jpg HTTP/1.1" 200 -
[2024-02-13 15:21:33,264] INFO in _internal: 127.0.0.1 - - [13/Feb/2024 15:21:33] "GET /static/img/3.jpg HTTP/1.1" 200 -
[2024-02-13 15:21:33,265] INFO in _internal: 127.0.0.1 - - [13/Feb/2024 15:21:33] "GET /static/img/2.jpg HTTP/1.1" 200 -
[2024-02-13 15:21:33,267] INFO in _internal: 127.0.0.1 - - [13/Feb/2024 15:21:33] "GET /static/img/4.jpg HTTP/1.1" 200 -
[2024-02-13 15:21:33,267] INFO in _internal: 127.0.0.1 - - [13/Feb/2024 15:21:33] "GET /static/img/19.jpg HTTP/1.1" 200 -
[2024-02-13 15:21:33,269] INFO in _internal: 127.0.0.1 - - [13/Feb/2024 15:21:33] "GET /static/img/20.jpg HTTP/1.1" 200 -
[2024-02-13 15:21:33,306] INFO in _internal: 127.0.0.1 - - [13/Feb/2024 15:21:33] "GET /static/img/21.jpg HTTP/1.1" 200 -
[2024-02-13 15:21:33,309] INFO in _internal: 127.0.0.1 - - [13/Feb/2024 15:21:33] "GET /static/img/22.jpg HTTP/1.1" 200 -
[2024-02-13 15:21:33,318] INFO in _internal: 127.0.0.1 - - [13/Feb/2024 15:21:33] "GET /static/img/23.jpg HTTP/1.1" 200 -
[2024-02-13 15:21:50,527] INFO in _internal: 127.0.0.1 - - [13/Feb/2024 15:21:50] "GET /escort HTTP/1.1" 200 -
[2024-02-13 15:21:50,542] INFO in _internal: 127.0.0.1 - - [13/Feb/2024 15:21:50] "[36mGET /static/css/escort.css HTTP/1.1[0m" 304 -
[2024-02-13 15:21:50,553] INFO in _internal: 127.0.0.1 - - [13/Feb/2024 15:21:50] "[36mGET /static/img/logo.png HTTP/1.1[0m" 304 -
[2024-02-13 15:21:50,556] INFO in _internal: 127.0.0.1 - - [13/Feb/2024 15:21:50] "[36mGET /static/img/area.png HTTP/1.1[0m" 304 -
[2024-02-13 15:21:50,567] INFO in _internal: 127.0.0.1 - - [13/Feb/2024 15:21:50] "[36mGET /static/js/escort.js HTTP/1.1[0m" 304 -
[2024-02-13 15:21:50,610] INFO in _internal: 127.0.0.1 - - [13/Feb/2024 15:21:50] "[36mGET /static/img/1.jpg HTTP/1.1[0m" 304 -
[2024-02-13 15:21:50,612] INFO in _internal: 127.0.0.1 - - [13/Feb/2024 15:21:50] "[36mGET /static/img/2.jpg HTTP/1.1[0m" 304 -
[2024-02-13 15:21:50,618] INFO in _internal: 127.0.0.1 - - [13/Feb/2024 15:21:50] "[36mGET /static/img/3.jpg HTTP/1.1[0m" 304 -
[2024-02-13 15:21:50,621] INFO in _internal: 127.0.0.1 - - [13/Feb/2024 15:21:50] "[36mGET /static/img/4.jpg HTTP/1.1[0m" 304 -
[2024-02-13 15:21:50,638] INFO in _internal: 127.0.0.1 - - [13/Feb/2024 15:21:50] "[36mGET /static/img/19.jpg HTTP/1.1[0m" 304 -
[2024-02-13 15:21:50,653] INFO in _internal: 127.0.0.1 - - [13/Feb/2024 15:21:50] "[36mGET /static/img/20.jpg HTTP/1.1[0m" 304 -
[2024-02-13 15:21:50,656] INFO in _internal: 127.0.0.1 - - [13/Feb/2024 15:21:50] "[36mGET /static/img/21.jpg HTTP/1.1[0m" 304 -
[2024-02-13 15:21:50,667] INFO in _internal: 127.0.0.1 - - [13/Feb/2024 15:21:50] "[36mGET /static/img/22.jpg HTTP/1.1[0m" 304 -
[2024-02-13 15:21:50,672] INFO in _internal: 127.0.0.1 - - [13/Feb/2024 15:21:50] "[36mGET /static/img/23.jpg HTTP/1.1[0m" 304 -
[2024-02-13 15:23:04,876] INFO in _internal: 127.0.0.1 - - [13/Feb/2024 15:23:04] "GET /escort HTTP/1.1" 200 -
[2024-02-13 15:23:04,908] INFO in _internal: 127.0.0.1 - - [13/Feb/2024 15:23:04] "[36mGET /static/css/escort.css HTTP/1.1[0m" 304 -
[2024-02-13 15:23:04,911] INFO in _internal: 127.0.0.1 - - [13/Feb/2024 15:23:04] "[36mGET /static/img/logo.png HTTP/1.1[0m" 304 -
[2024-02-13 15:23:04,913] INFO in _internal: 127.0.0.1 - - [13/Feb/2024 15:23:04] "[36mGET /static/img/area.png HTTP/1.1[0m" 304 -
[2024-02-13 15:23:04,927] INFO in _internal: 127.0.0.1 - - [13/Feb/2024 15:23:04] "[36mGET /static/js/escort.js HTTP/1.1[0m" 304 -
[2024-02-13 15:23:04,965] INFO in _internal: 127.0.0.1 - - [13/Feb/2024 15:23:04] "[36mGET /static/img/1.jpg HTTP/1.1[0m" 304 -
[2024-02-13 15:23:04,980] INFO in _internal: 127.0.0.1 - - [13/Feb/2024 15:23:04] "[36mGET /static/img/2.jpg HTTP/1.1[0m" 304 -
[2024-02-13 15:23:05,021] INFO in _internal: 127.0.0.1 - - [13/Feb/2024 15:23:05] "[36mGET /static/img/3.jpg HTTP/1.1[0m" 304 -
[2024-02-13 15:23:05,025] INFO in _internal: 127.0.0.1 - - [13/Feb/2024 15:23:05] "[36mGET /static/img/4.jpg HTTP/1.1[0m" 304 -
[2024-02-13 15:23:05,030] INFO in _internal: 127.0.0.1 - - [13/Feb/2024 15:23:05] "[36mGET /static/img/19.jpg HTTP/1.1[0m" 304 -
[2024-02-13 15:23:05,042] INFO in _internal: 127.0.0.1 - - [13/Feb/2024 15:23:05] "[36mGET /static/img/20.jpg HTTP/1.1[0m" 304 -
[2024-02-13 15:23:05,046] INFO in _internal: 127.0.0.1 - - [13/Feb/2024 15:23:05] "[36mGET /static/img/21.jpg HTTP/1.1[0m" 304 -
[2024-02-13 15:23:05,055] INFO in _internal: 127.0.0.1 - - [13/Feb/2024 15:23:05] "[36mGET /static/img/22.jpg HTTP/1.1[0m" 304 -
[2024-02-13 15:23:05,059] INFO in _internal: 127.0.0.1 - - [13/Feb/2024 15:23:05] "[36mGET /static/img/23.jpg HTTP/1.1[0m" 304 -
[2024-02-13 15:33:06,369] INFO in _internal: 127.0.0.1 - - [13/Feb/2024 15:33:06] "GET /escort HTTP/1.1" 200 -
[2024-02-13 15:33:06,396] INFO in _internal: 127.0.0.1 - - [13/Feb/2024 15:33:06] "[36mGET /static/css/escort.css HTTP/1.1[0m" 304 -
[2024-02-13 15:33:06,397] INFO in _internal: 127.0.0.1 - - [13/Feb/2024 15:33:06] "[36mGET /static/img/logo.png HTTP/1.1[0m" 304 -
[2024-02-13 15:33:06,398] INFO in _internal: 127.0.0.1 - - [13/Feb/2024 15:33:06] "[36mGET /static/img/area.png HTTP/1.1[0m" 304 -
[2024-02-13 15:33:06,411] INFO in _internal: 127.0.0.1 - - [13/Feb/2024 15:33:06] "[36mGET /static/js/escort.js HTTP/1.1[0m" 304 -
[2024-02-13 15:33:06,580] INFO in _internal: 127.0.0.1 - - [13/Feb/2024 15:33:06] "[36mGET /static/img/3.jpg HTTP/1.1[0m" 304 -
[2024-02-13 15:33:06,580] INFO in _internal: 127.0.0.1 - - [13/Feb/2024 15:33:06] "[36mGET /static/img/2.jpg HTTP/1.1[0m" 304 -
[2024-02-13 15:33:06,582] INFO in _internal: 127.0.0.1 - - [13/Feb/2024 15:33:06] "[36mGET /static/img/1.jpg HTTP/1.1[0m" 304 -
[2024-02-13 15:33:06,590] INFO in _internal: 127.0.0.1 - - [13/Feb/2024 15:33:06] "[36mGET /static/img/20.jpg HTTP/1.1[0m" 304 -
[2024-02-13 15:33:06,585] INFO in _internal: 127.0.0.1 - - [13/Feb/2024 15:33:06] "[36mGET /static/img/4.jpg HTTP/1.1[0m" 304 -
[2024-02-13 15:33:06,584] INFO in _internal: 127.0.0.1 - - [13/Feb/2024 15:33:06] "[36mGET /static/img/19.jpg HTTP/1.1[0m" 304 -
[2024-02-13 15:33:06,620] INFO in _internal: 127.0.0.1 - - [13/Feb/2024 15:33:06] "[36mGET /static/img/21.jpg HTTP/1.1[0m" 304 -
[2024-02-13 15:33:06,621] INFO in _internal: 127.0.0.1 - - [13/Feb/2024 15:33:06] "[36mGET /static/img/22.jpg HTTP/1.1[0m" 304 -
[2024-02-13 15:33:06,628] INFO in _internal: 127.0.0.1 - - [13/Feb/2024 15:33:06] "[36mGET /static/img/23.jpg HTTP/1.1[0m" 304 -
[2024-02-13 15:33:12,494] INFO in _internal: 127.0.0.1 - - [13/Feb/2024 15:33:12] "GET /escortv2 HTTP/1.1" 200 -
[2024-02-13 15:33:12,518] INFO in _internal: 127.0.0.1 - - [13/Feb/2024 15:33:12] "GET /static/css/escortv2.css HTTP/1.1" 200 -
[2024-02-13 15:33:12,519] INFO in _internal: 127.0.0.1 - - [13/Feb/2024 15:33:12] "[36mGET /static/img/logo.png HTTP/1.1[0m" 304 -
[2024-02-13 15:33:12,521] INFO in _internal: 127.0.0.1 - - [13/Feb/2024 15:33:12] "[36mGET /static/img/area.png HTTP/1.1[0m" 304 -
[2024-02-13 15:33:12,538] INFO in _internal: 127.0.0.1 - - [13/Feb/2024 15:33:12] "GET /static/js/escortv2.js HTTP/1.1" 200 -
[2024-02-13 15:33:12,597] INFO in _internal: 127.0.0.1 - - [13/Feb/2024 15:33:12] "[36mGET /static/img/2.jpg HTTP/1.1[0m" 304 -
[2024-02-13 15:33:12,598] INFO in _internal: 127.0.0.1 - - [13/Feb/2024 15:33:12] "[36mGET /static/img/1.jpg HTTP/1.1[0m" 304 -
[2024-02-13 15:33:12,602] INFO in _internal: 127.0.0.1 - - [13/Feb/2024 15:33:12] "[36mGET /static/img/3.jpg HTTP/1.1[0m" 304 -
[2024-02-13 15:33:12,622] INFO in _internal: 127.0.0.1 - - [13/Feb/2024 15:33:12] "[36mGET /static/img/4.jpg HTTP/1.1[0m" 304 -
[2024-02-13 15:33:12,626] INFO in _internal: 127.0.0.1 - - [13/Feb/2024 15:33:12] "[36mGET /static/img/19.jpg HTTP/1.1[0m" 304 -
[2024-02-13 15:33:12,630] INFO in _internal: 127.0.0.1 - - [13/Feb/2024 15:33:12] "[36mGET /static/img/20.jpg HTTP/1.1[0m" 304 -
[2024-02-13 15:33:12,635] INFO in _internal: 127.0.0.1 - - [13/Feb/2024 15:33:12] "[36mGET /static/img/21.jpg HTTP/1.1[0m" 304 -
[2024-02-13 15:33:12,636] INFO in _internal: 127.0.0.1 - - [13/Feb/2024 15:33:12] "[36mGET /static/img/22.jpg HTTP/1.1[0m" 304 -
[2024-02-13 15:33:12,641] INFO in _internal: 127.0.0.1 - - [13/Feb/2024 15:33:12] "[36mGET /static/img/23.jpg HTTP/1.1[0m" 304 -
[2024-02-13 15:34:52,824] INFO in _internal: 127.0.0.1 - - [13/Feb/2024 15:34:52] "GET /escortv2 HTTP/1.1" 200 -
[2024-02-13 15:34:52,852] INFO in _internal: 127.0.0.1 - - [13/Feb/2024 15:34:52] "[36mGET /static/css/escortv2.css HTTP/1.1[0m" 304 -
[2024-02-13 15:34:52,853] INFO in _internal: 127.0.0.1 - - [13/Feb/2024 15:34:52] "[36mGET /static/img/logo.png HTTP/1.1[0m" 304 -
[2024-02-13 15:34:52,855] INFO in _internal: 127.0.0.1 - - [13/Feb/2024 15:34:52] "[36mGET /static/img/area.png HTTP/1.1[0m" 304 -
[2024-02-13 15:34:52,870] INFO in _internal: 127.0.0.1 - - [13/Feb/2024 15:34:52] "GET /static/js/escortv2.js HTTP/1.1" 200 -
[2024-02-13 15:34:52,907] INFO in _internal: 127.0.0.1 - - [13/Feb/2024 15:34:52] "[36mGET /static/img/2.jpg HTTP/1.1[0m" 304 -
[2024-02-13 15:34:52,908] INFO in _internal: 127.0.0.1 - - [13/Feb/2024 15:34:52] "[36mGET /static/img/1.jpg HTTP/1.1[0m" 304 -
[2024-02-13 15:34:52,917] INFO in _internal: 127.0.0.1 - - [13/Feb/2024 15:34:52] "[36mGET /static/img/3.jpg HTTP/1.1[0m" 304 -
[2024-02-13 15:34:52,930] INFO in _internal: 127.0.0.1 - - [13/Feb/2024 15:34:52] "[36mGET /static/img/4.jpg HTTP/1.1[0m" 304 -
[2024-02-13 15:34:52,944] INFO in _internal: 127.0.0.1 - - [13/Feb/2024 15:34:52] "[36mGET /static/img/19.jpg HTTP/1.1[0m" 304 -
[2024-02-13 15:34:52,951] INFO in _internal: 127.0.0.1 - - [13/Feb/2024 15:34:52] "[36mGET /static/img/20.jpg HTTP/1.1[0m" 304 -
[2024-02-13 15:34:52,955] INFO in _internal: 127.0.0.1 - - [13/Feb/2024 15:34:52] "[36mGET /static/img/21.jpg HTTP/1.1[0m" 304 -
[2024-02-13 15:34:52,962] INFO in _internal: 127.0.0.1 - - [13/Feb/2024 15:34:52] "[36mGET /static/img/22.jpg HTTP/1.1[0m" 304 -
[2024-02-13 15:34:52,964] INFO in _internal: 127.0.0.1 - - [13/Feb/2024 15:34:52] "[36mGET /static/img/23.jpg HTTP/1.1[0m" 304 -
[2024-02-13 15:37:41,599] INFO in _internal: 127.0.0.1 - - [13/Feb/2024 15:37:41] "GET /escortv2 HTTP/1.1" 200 -
[2024-02-13 15:37:41,624] INFO in _internal: 127.0.0.1 - - [13/Feb/2024 15:37:41] "[36mGET /static/css/escortv2.css HTTP/1.1[0m" 304 -
[2024-02-13 15:37:41,626] INFO in _internal: 127.0.0.1 - - [13/Feb/2024 15:37:41] "[36mGET /static/img/logo.png HTTP/1.1[0m" 304 -
[2024-02-13 15:37:41,629] INFO in _internal: 127.0.0.1 - - [13/Feb/2024 15:37:41] "[36mGET /static/img/area.png HTTP/1.1[0m" 304 -
[2024-02-13 15:37:41,652] INFO in _internal: 127.0.0.1 - - [13/Feb/2024 15:37:41] "GET /static/js/escortv2.js HTTP/1.1" 200 -
[2024-02-13 15:37:41,689] INFO in _internal: 127.0.0.1 - - [13/Feb/2024 15:37:41] "[36mGET /static/img/2.jpg HTTP/1.1[0m" 304 -
[2024-02-13 15:37:41,690] INFO in _internal: 127.0.0.1 - - [13/Feb/2024 15:37:41] "[36mGET /static/img/1.jpg HTTP/1.1[0m" 304 -
[2024-02-13 15:37:41,695] INFO in _internal: 127.0.0.1 - - [13/Feb/2024 15:37:41] "[36mGET /static/img/3.jpg HTTP/1.1[0m" 304 -
[2024-02-13 15:37:41,721] INFO in _internal: 127.0.0.1 - - [13/Feb/2024 15:37:41] "[36mGET /static/img/4.jpg HTTP/1.1[0m" 304 -
[2024-02-13 15:37:41,725] INFO in _internal: 127.0.0.1 - - [13/Feb/2024 15:37:41] "[36mGET /static/img/19.jpg HTTP/1.1[0m" 304 -
[2024-02-13 15:37:41,726] INFO in _internal: 127.0.0.1 - - [13/Feb/2024 15:37:41] "[36mGET /static/img/20.jpg HTTP/1.1[0m" 304 -
[2024-02-13 15:37:41,736] INFO in _internal: 127.0.0.1 - - [13/Feb/2024 15:37:41] "[36mGET /static/img/22.jpg HTTP/1.1[0m" 304 -
[2024-02-13 15:37:41,739] INFO in _internal: 127.0.0.1 - - [13/Feb/2024 15:37:41] "[36mGET /static/img/21.jpg HTTP/1.1[0m" 304 -
[2024-02-13 15:37:41,748] INFO in _internal: 127.0.0.1 - - [13/Feb/2024 15:37:41] "[36mGET /static/img/23.jpg HTTP/1.1[0m" 304 -
[2024-02-13 15:38:46,760] INFO in _internal: 127.0.0.1 - - [13/Feb/2024 15:38:46] "GET /escortv2 HTTP/1.1" 200 -
[2024-02-13 15:38:46,783] INFO in _internal: 127.0.0.1 - - [13/Feb/2024 15:38:46] "[36mGET /static/css/escortv2.css HTTP/1.1[0m" 304 -
[2024-02-13 15:38:46,786] INFO in _internal: 127.0.0.1 - - [13/Feb/2024 15:38:46] "[36mGET /static/img/logo.png HTTP/1.1[0m" 304 -
[2024-02-13 15:38:46,788] INFO in _internal: 127.0.0.1 - - [13/Feb/2024 15:38:46] "[36mGET /static/img/area.png HTTP/1.1[0m" 304 -
[2024-02-13 15:38:46,806] INFO in _internal: 127.0.0.1 - - [13/Feb/2024 15:38:46] "GET /static/js/escortv2.js HTTP/1.1" 200 -
[2024-02-13 15:38:46,843] INFO in _internal: 127.0.0.1 - - [13/Feb/2024 15:38:46] "[36mGET /static/img/1.jpg HTTP/1.1[0m" 304 -
[2024-02-13 15:38:46,844] INFO in _internal: 127.0.0.1 - - [13/Feb/2024 15:38:46] "[36mGET /static/img/3.jpg HTTP/1.1[0m" 304 -
[2024-02-13 15:38:46,844] INFO in _internal: 127.0.0.1 - - [13/Feb/2024 15:38:46] "[36mGET /static/img/2.jpg HTTP/1.1[0m" 304 -
[2024-02-13 15:38:46,874] INFO in _internal: 127.0.0.1 - - [13/Feb/2024 15:38:46] "[36mGET /static/img/4.jpg HTTP/1.1[0m" 304 -
[2024-02-13 15:38:46,879] INFO in _internal: 127.0.0.1 - - [13/Feb/2024 15:38:46] "[36mGET /static/img/20.jpg HTTP/1.1[0m" 304 -
[2024-02-13 15:38:46,880] INFO in _internal: 127.0.0.1 - - [13/Feb/2024 15:38:46] "[36mGET /static/img/19.jpg HTTP/1.1[0m" 304 -
[2024-02-13 15:38:46,883] INFO in _internal: 127.0.0.1 - - [13/Feb/2024 15:38:46] "[36mGET /static/img/21.jpg HTTP/1.1[0m" 304 -
[2024-02-13 15:38:46,889] INFO in _internal: 127.0.0.1 - - [13/Feb/2024 15:38:46] "[36mGET /static/img/22.jpg HTTP/1.1[0m" 304 -
[2024-02-13 15:38:46,893] INFO in _internal: 127.0.0.1 - - [13/Feb/2024 15:38:46] "[36mGET /static/img/23.jpg HTTP/1.1[0m" 304 -
[2024-02-13 15:39:16,335] INFO in _internal: 127.0.0.1 - - [13/Feb/2024 15:39:16] "GET /escortv2 HTTP/1.1" 200 -
[2024-02-13 15:39:16,363] INFO in _internal: 127.0.0.1 - - [13/Feb/2024 15:39:16] "[36mGET /static/css/escortv2.css HTTP/1.1[0m" 304 -
[2024-02-13 15:39:16,366] INFO in _internal: 127.0.0.1 - - [13/Feb/2024 15:39:16] "[36mGET /static/img/logo.png HTTP/1.1[0m" 304 -
[2024-02-13 15:39:16,368] INFO in _internal: 127.0.0.1 - - [13/Feb/2024 15:39:16] "[36mGET /static/img/area.png HTTP/1.1[0m" 304 -
[2024-02-13 15:39:16,382] INFO in _internal: 127.0.0.1 - - [13/Feb/2024 15:39:16] "[36mGET /static/js/escortv2.js HTTP/1.1[0m" 304 -
[2024-02-13 15:39:16,424] INFO in _internal: 127.0.0.1 - - [13/Feb/2024 15:39:16] "[36mGET /static/img/2.jpg HTTP/1.1[0m" 304 -
[2024-02-13 15:39:16,426] INFO in _internal: 127.0.0.1 - - [13/Feb/2024 15:39:16] "[36mGET /static/img/1.jpg HTTP/1.1[0m" 304 -
[2024-02-13 15:39:16,432] INFO in _internal: 127.0.0.1 - - [13/Feb/2024 15:39:16] "[36mGET /static/img/3.jpg HTTP/1.1[0m" 304 -
[2024-02-13 15:39:16,439] INFO in _internal: 127.0.0.1 - - [13/Feb/2024 15:39:16] "[36mGET /static/img/4.jpg HTTP/1.1[0m" 304 -
[2024-02-13 15:39:16,463] INFO in _internal: 127.0.0.1 - - [13/Feb/2024 15:39:16] "[36mGET /static/img/20.jpg HTTP/1.1[0m" 304 -
[2024-02-13 15:39:16,466] INFO in _internal: 127.0.0.1 - - [13/Feb/2024 15:39:16] "[36mGET /static/img/19.jpg HTTP/1.1[0m" 304 -
[2024-02-13 15:39:16,468] INFO in _internal: 127.0.0.1 - - [13/Feb/2024 15:39:16] "[36mGET /static/img/21.jpg HTTP/1.1[0m" 304 -
[2024-02-13 15:39:16,469] INFO in _internal: 127.0.0.1 - - [13/Feb/2024 15:39:16] "[36mGET /static/img/22.jpg HTTP/1.1[0m" 304 -
[2024-02-13 15:39:16,471] INFO in _internal: 127.0.0.1 - - [13/Feb/2024 15:39:16] "[36mGET /static/img/23.jpg HTTP/1.1[0m" 304 -
[2024-02-13 15:41:19,222] INFO in _internal: 127.0.0.1 - - [13/Feb/2024 15:41:19] "GET /escortv2 HTTP/1.1" 200 -
[2024-02-13 15:41:19,247] INFO in _internal: 127.0.0.1 - - [13/Feb/2024 15:41:19] "[36mGET /static/css/escortv2.css HTTP/1.1[0m" 304 -
[2024-02-13 15:41:19,248] INFO in _internal: 127.0.0.1 - - [13/Feb/2024 15:41:19] "[36mGET /static/img/logo.png HTTP/1.1[0m" 304 -
[2024-02-13 15:41:19,248] INFO in _internal: 127.0.0.1 - - [13/Feb/2024 15:41:19] "[36mGET /static/img/area.png HTTP/1.1[0m" 304 -
[2024-02-13 15:41:19,260] INFO in _internal: 127.0.0.1 - - [13/Feb/2024 15:41:19] "GET /static/js/escortv2.js HTTP/1.1" 200 -
[2024-02-13 15:41:19,318] INFO in _internal: 127.0.0.1 - - [13/Feb/2024 15:41:19] "[36mGET /static/img/1.jpg HTTP/1.1[0m" 304 -
[2024-02-13 15:41:19,319] INFO in _internal: 127.0.0.1 - - [13/Feb/2024 15:41:19] "[36mGET /static/img/2.jpg HTTP/1.1[0m" 304 -
[2024-02-13 15:41:19,320] INFO in _internal: 127.0.0.1 - - [13/Feb/2024 15:41:19] "[36mGET /static/img/3.jpg HTTP/1.1[0m" 304 -
[2024-02-13 15:41:19,332] INFO in _internal: 127.0.0.1 - - [13/Feb/2024 15:41:19] "[36mGET /static/img/4.jpg HTTP/1.1[0m" 304 -
[2024-02-13 15:41:19,360] INFO in _internal: 127.0.0.1 - - [13/Feb/2024 15:41:19] "[36mGET /static/img/19.jpg HTTP/1.1[0m" 304 -
[2024-02-13 15:41:19,370] INFO in _internal: 127.0.0.1 - - [13/Feb/2024 15:41:19] "[36mGET /static/img/20.jpg HTTP/1.1[0m" 304 -
[2024-02-13 15:41:19,376] INFO in _internal: 127.0.0.1 - - [13/Feb/2024 15:41:19] "[36mGET /static/img/21.jpg HTTP/1.1[0m" 304 -
[2024-02-13 15:41:19,380] INFO in _internal: 127.0.0.1 - - [13/Feb/2024 15:41:19] "[36mGET /static/img/22.jpg HTTP/1.1[0m" 304 -
[2024-02-13 15:41:19,384] INFO in _internal: 127.0.0.1 - - [13/Feb/2024 15:41:19] "[36mGET /static/img/23.jpg HTTP/1.1[0m" 304 -
[2024-02-13 15:42:22,386] INFO in _internal: 127.0.0.1 - - [13/Feb/2024 15:42:22] "GET /escortv2 HTTP/1.1" 200 -
[2024-02-13 15:42:22,413] INFO in _internal: 127.0.0.1 - - [13/Feb/2024 15:42:22] "[36mGET /static/css/escortv2.css HTTP/1.1[0m" 304 -
[2024-02-13 15:42:22,414] INFO in _internal: 127.0.0.1 - - [13/Feb/2024 15:42:22] "[36mGET /static/img/logo.png HTTP/1.1[0m" 304 -
[2024-02-13 15:42:22,414] INFO in _internal: 127.0.0.1 - - [13/Feb/2024 15:42:22] "[36mGET /static/img/area.png HTTP/1.1[0m" 304 -
[2024-02-13 15:42:22,430] INFO in _internal: 127.0.0.1 - - [13/Feb/2024 15:42:22] "GET /static/js/escortv2.js HTTP/1.1" 200 -
[2024-02-13 15:42:22,471] INFO in _internal: 127.0.0.1 - - [13/Feb/2024 15:42:22] "[36mGET /static/img/1.jpg HTTP/1.1[0m" 304 -
[2024-02-13 15:42:22,473] INFO in _internal: 127.0.0.1 - - [13/Feb/2024 15:42:22] "[36mGET /static/img/2.jpg HTTP/1.1[0m" 304 -
[2024-02-13 15:42:22,486] INFO in _internal: 127.0.0.1 - - [13/Feb/2024 15:42:22] "[36mGET /static/img/3.jpg HTTP/1.1[0m" 304 -
[2024-02-13 15:42:22,502] INFO in _internal: 127.0.0.1 - - [13/Feb/2024 15:42:22] "[36mGET /static/img/4.jpg HTTP/1.1[0m" 304 -
[2024-02-13 15:42:22,509] INFO in _internal: 127.0.0.1 - - [13/Feb/2024 15:42:22] "[36mGET /static/img/19.jpg HTTP/1.1[0m" 304 -
[2024-02-13 15:42:22,512] INFO in _internal: 127.0.0.1 - - [13/Feb/2024 15:42:22] "[36mGET /static/img/20.jpg HTTP/1.1[0m" 304 -
[2024-02-13 15:42:22,520] INFO in _internal: 127.0.0.1 - - [13/Feb/2024 15:42:22] "[36mGET /static/img/21.jpg HTTP/1.1[0m" 304 -
[2024-02-13 15:42:22,522] INFO in _internal: 127.0.0.1 - - [13/Feb/2024 15:42:22] "[36mGET /static/img/22.jpg HTTP/1.1[0m" 304 -
[2024-02-13 15:42:22,527] INFO in _internal: 127.0.0.1 - - [13/Feb/2024 15:42:22] "[36mGET /static/img/23.jpg HTTP/1.1[0m" 304 -
[2024-02-13 15:42:38,411] INFO in _internal: 127.0.0.1 - - [13/Feb/2024 15:42:38] "GET /escortv2 HTTP/1.1" 200 -
[2024-02-13 15:42:38,446] INFO in _internal: 127.0.0.1 - - [13/Feb/2024 15:42:38] "[36mGET /static/css/escortv2.css HTTP/1.1[0m" 304 -
[2024-02-13 15:42:38,448] INFO in _internal: 127.0.0.1 - - [13/Feb/2024 15:42:38] "[36mGET /static/img/logo.png HTTP/1.1[0m" 304 -
[2024-02-13 15:42:38,448] INFO in _internal: 127.0.0.1 - - [13/Feb/2024 15:42:38] "[36mGET /static/img/area.png HTTP/1.1[0m" 304 -
[2024-02-13 15:42:38,465] INFO in _internal: 127.0.0.1 - - [13/Feb/2024 15:42:38] "[36mGET /static/js/escortv2.js HTTP/1.1[0m" 304 -
[2024-02-13 15:42:38,495] INFO in _internal: 127.0.0.1 - - [13/Feb/2024 15:42:38] "[36mGET /static/img/1.jpg HTTP/1.1[0m" 304 -
[2024-02-13 15:42:38,500] INFO in _internal: 127.0.0.1 - - [13/Feb/2024 15:42:38] "[36mGET /static/img/2.jpg HTTP/1.1[0m" 304 -
[2024-02-13 15:42:38,519] INFO in _internal: 127.0.0.1 - - [13/Feb/2024 15:42:38] "[36mGET /static/img/3.jpg HTTP/1.1[0m" 304 -
[2024-02-13 15:42:38,529] INFO in _internal: 127.0.0.1 - - [13/Feb/2024 15:42:38] "[36mGET /static/img/20.jpg HTTP/1.1[0m" 304 -
[2024-02-13 15:42:38,535] INFO in _internal: 127.0.0.1 - - [13/Feb/2024 15:42:38] "[36mGET /static/img/4.jpg HTTP/1.1[0m" 304 -
[2024-02-13 15:42:38,536] INFO in _internal: 127.0.0.1 - - [13/Feb/2024 15:42:38] "[36mGET /static/img/19.jpg HTTP/1.1[0m" 304 -
[2024-02-13 15:42:38,546] INFO in _internal: 127.0.0.1 - - [13/Feb/2024 15:42:38] "[36mGET /static/img/21.jpg HTTP/1.1[0m" 304 -
[2024-02-13 15:42:38,553] INFO in _internal: 127.0.0.1 - - [13/Feb/2024 15:42:38] "[36mGET /static/img/23.jpg HTTP/1.1[0m" 304 -
[2024-02-13 15:42:38,554] INFO in _internal: 127.0.0.1 - - [13/Feb/2024 15:42:38] "[36mGET /static/img/22.jpg HTTP/1.1[0m" 304 -
[2024-02-13 15:45:17,037] INFO in _internal: 127.0.0.1 - - [13/Feb/2024 15:45:17] "GET /escortv2 HTTP/1.1" 200 -
[2024-02-13 15:45:17,060] INFO in _internal: 127.0.0.1 - - [13/Feb/2024 15:45:17] "[36mGET /static/css/escortv2.css HTTP/1.1[0m" 304 -
[2024-02-13 15:45:17,068] INFO in _internal: 127.0.0.1 - - [13/Feb/2024 15:45:17] "[36mGET /static/img/logo.png HTTP/1.1[0m" 304 -
[2024-02-13 15:45:17,072] INFO in _internal: 127.0.0.1 - - [13/Feb/2024 15:45:17] "[36mGET /static/img/area.png HTTP/1.1[0m" 304 -
[2024-02-13 15:45:17,095] INFO in _internal: 127.0.0.1 - - [13/Feb/2024 15:45:17] "GET /static/js/escortv2.js HTTP/1.1" 200 -
[2024-02-13 15:45:17,165] INFO in _internal: 127.0.0.1 - - [13/Feb/2024 15:45:17] "[36mGET /static/img/1.jpg HTTP/1.1[0m" 304 -
[2024-02-13 15:45:17,167] INFO in _internal: 127.0.0.1 - - [13/Feb/2024 15:45:17] "[36mGET /static/img/2.jpg HTTP/1.1[0m" 304 -
[2024-02-13 15:45:17,184] INFO in _internal: 127.0.0.1 - - [13/Feb/2024 15:45:17] "[36mGET /static/img/19.jpg HTTP/1.1[0m" 304 -
[2024-02-13 15:45:17,188] INFO in _internal: 127.0.0.1 - - [13/Feb/2024 15:45:17] "[36mGET /static/img/4.jpg HTTP/1.1[0m" 304 -
[2024-02-13 15:45:17,193] INFO in _internal: 127.0.0.1 - - [13/Feb/2024 15:45:17] "[36mGET /static/img/3.jpg HTTP/1.1[0m" 304 -
[2024-02-13 15:45:17,197] INFO in _internal: 127.0.0.1 - - [13/Feb/2024 15:45:17] "[36mGET /static/img/20.jpg HTTP/1.1[0m" 304 -
[2024-02-13 15:45:17,203] INFO in _internal: 127.0.0.1 - - [13/Feb/2024 15:45:17] "[36mGET /static/img/21.jpg HTTP/1.1[0m" 304 -
[2024-02-13 15:45:17,205] INFO in _internal: 127.0.0.1 - - [13/Feb/2024 15:45:17] "[36mGET /static/img/22.jpg HTTP/1.1[0m" 304 -
[2024-02-13 15:45:17,209] INFO in _internal: 127.0.0.1 - - [13/Feb/2024 15:45:17] "[36mGET /static/img/23.jpg HTTP/1.1[0m" 304 -
[2024-02-13 15:45:22,934] INFO in _internal: 127.0.0.1 - - [13/Feb/2024 15:45:22] "GET /escortv2 HTTP/1.1" 200 -
[2024-02-13 15:45:22,957] INFO in _internal: 127.0.0.1 - - [13/Feb/2024 15:45:22] "[36mGET /static/css/escortv2.css HTTP/1.1[0m" 304 -
[2024-02-13 15:45:22,958] INFO in _internal: 127.0.0.1 - - [13/Feb/2024 15:45:22] "[36mGET /static/img/logo.png HTTP/1.1[0m" 304 -
[2024-02-13 15:45:22,959] INFO in _internal: 127.0.0.1 - - [13/Feb/2024 15:45:22] "[36mGET /static/img/area.png HTTP/1.1[0m" 304 -
[2024-02-13 15:45:22,969] INFO in _internal: 127.0.0.1 - - [13/Feb/2024 15:45:22] "[36mGET /static/js/escortv2.js HTTP/1.1[0m" 304 -
[2024-02-13 15:45:23,029] INFO in _internal: 127.0.0.1 - - [13/Feb/2024 15:45:23] "[36mGET /static/img/1.jpg HTTP/1.1[0m" 304 -
[2024-02-13 15:45:23,033] INFO in _internal: 127.0.0.1 - - [13/Feb/2024 15:45:23] "[36mGET /static/img/3.jpg HTTP/1.1[0m" 304 -
[2024-02-13 15:45:23,034] INFO in _internal: 127.0.0.1 - - [13/Feb/2024 15:45:23] "[36mGET /static/img/2.jpg HTTP/1.1[0m" 304 -
[2024-02-13 15:45:23,043] INFO in _internal: 127.0.0.1 - - [13/Feb/2024 15:45:23] "[36mGET /static/img/4.jpg HTTP/1.1[0m" 304 -
[2024-02-13 15:45:23,049] INFO in _internal: 127.0.0.1 - - [13/Feb/2024 15:45:23] "[36mGET /static/img/19.jpg HTTP/1.1[0m" 304 -
[2024-02-13 15:45:23,055] INFO in _internal: 127.0.0.1 - - [13/Feb/2024 15:45:23] "[36mGET /static/img/21.jpg HTTP/1.1[0m" 304 -
[2024-02-13 15:45:23,060] INFO in _internal: 127.0.0.1 - - [13/Feb/2024 15:45:23] "[36mGET /static/img/20.jpg HTTP/1.1[0m" 304 -
[2024-02-13 15:45:23,067] INFO in _internal: 127.0.0.1 - - [13/Feb/2024 15:45:23] "[36mGET /static/img/22.jpg HTTP/1.1[0m" 304 -
[2024-02-13 15:45:23,069] INFO in _internal: 127.0.0.1 - - [13/Feb/2024 15:45:23] "[36mGET /static/img/23.jpg HTTP/1.1[0m" 304 -
[2024-02-13 15:45:34,105] INFO in _internal: 127.0.0.1 - - [13/Feb/2024 15:45:34] "GET /escortv2 HTTP/1.1" 200 -
[2024-02-13 15:45:34,125] INFO in _internal: 127.0.0.1 - - [13/Feb/2024 15:45:34] "[36mGET /static/img/area.png HTTP/1.1[0m" 304 -
[2024-02-13 15:45:34,126] INFO in _internal: 127.0.0.1 - - [13/Feb/2024 15:45:34] "[36mGET /static/img/logo.png HTTP/1.1[0m" 304 -
[2024-02-13 15:45:34,127] INFO in _internal: 127.0.0.1 - - [13/Feb/2024 15:45:34] "[36mGET /static/css/escortv2.css HTTP/1.1[0m" 304 -
[2024-02-13 15:45:34,139] INFO in _internal: 127.0.0.1 - - [13/Feb/2024 15:45:34] "GET /static/js/escortv2.js HTTP/1.1" 200 -
[2024-02-13 15:45:34,160] INFO in _internal: 127.0.0.1 - - [13/Feb/2024 15:45:34] "[36mGET /static/img/1.jpg HTTP/1.1[0m" 304 -
[2024-02-13 15:45:34,163] INFO in _internal: 127.0.0.1 - - [13/Feb/2024 15:45:34] "[36mGET /static/img/2.jpg HTTP/1.1[0m" 304 -
[2024-02-13 15:45:34,166] INFO in _internal: 127.0.0.1 - - [13/Feb/2024 15:45:34] "[36mGET /static/img/3.jpg HTTP/1.1[0m" 304 -
[2024-02-13 15:45:34,184] INFO in _internal: 127.0.0.1 - - [13/Feb/2024 15:45:34] "[36mGET /static/img/4.jpg HTTP/1.1[0m" 304 -
[2024-02-13 15:45:34,187] INFO in _internal: 127.0.0.1 - - [13/Feb/2024 15:45:34] "[36mGET /static/img/19.jpg HTTP/1.1[0m" 304 -
[2024-02-13 15:45:34,190] INFO in _internal: 127.0.0.1 - - [13/Feb/2024 15:45:34] "[36mGET /static/img/20.jpg HTTP/1.1[0m" 304 -
[2024-02-13 15:45:34,205] INFO in _internal: 127.0.0.1 - - [13/Feb/2024 15:45:34] "[36mGET /static/img/21.jpg HTTP/1.1[0m" 304 -
[2024-02-13 15:45:34,209] INFO in _internal: 127.0.0.1 - - [13/Feb/2024 15:45:34] "[36mGET /static/img/22.jpg HTTP/1.1[0m" 304 -
[2024-02-13 15:45:34,212] INFO in _internal: 127.0.0.1 - - [13/Feb/2024 15:45:34] "[36mGET /static/img/23.jpg HTTP/1.1[0m" 304 -
[2024-02-13 15:45:47,794] INFO in _internal: 127.0.0.1 - - [13/Feb/2024 15:45:47] "GET /escortv2 HTTP/1.1" 200 -
[2024-02-13 15:45:47,813] INFO in _internal: 127.0.0.1 - - [13/Feb/2024 15:45:47] "[36mGET /static/css/escortv2.css HTTP/1.1[0m" 304 -
[2024-02-13 15:45:47,814] INFO in _internal: 127.0.0.1 - - [13/Feb/2024 15:45:47] "[36mGET /static/img/logo.png HTTP/1.1[0m" 304 -
[2024-02-13 15:45:47,817] INFO in _internal: 127.0.0.1 - - [13/Feb/2024 15:45:47] "[36mGET /static/img/area.png HTTP/1.1[0m" 304 -
[2024-02-13 15:45:47,829] INFO in _internal: 127.0.0.1 - - [13/Feb/2024 15:45:47] "[36mGET /static/js/escortv2.js HTTP/1.1[0m" 304 -
[2024-02-13 15:45:47,863] INFO in _internal: 127.0.0.1 - - [13/Feb/2024 15:45:47] "[36mGET /static/img/2.jpg HTTP/1.1[0m" 304 -
[2024-02-13 15:45:47,863] INFO in _internal: 127.0.0.1 - - [13/Feb/2024 15:45:47] "[36mGET /static/img/1.jpg HTTP/1.1[0m" 304 -
[2024-02-13 15:45:47,868] INFO in _internal: 127.0.0.1 - - [13/Feb/2024 15:45:47] "[36mGET /static/img/3.jpg HTTP/1.1[0m" 304 -
[2024-02-13 15:45:47,876] INFO in _internal: 127.0.0.1 - - [13/Feb/2024 15:45:47] "[36mGET /static/img/20.jpg HTTP/1.1[0m" 304 -
[2024-02-13 15:45:47,869] INFO in _internal: 127.0.0.1 - - [13/Feb/2024 15:45:47] "[36mGET /static/img/19.jpg HTTP/1.1[0m" 304 -
[2024-02-13 15:45:47,891] INFO in _internal: 127.0.0.1 - - [13/Feb/2024 15:45:47] "[36mGET /static/img/4.jpg HTTP/1.1[0m" 304 -
[2024-02-13 15:45:47,897] INFO in _internal: 127.0.0.1 - - [13/Feb/2024 15:45:47] "[36mGET /static/img/21.jpg HTTP/1.1[0m" 304 -
[2024-02-13 15:45:47,905] INFO in _internal: 127.0.0.1 - - [13/Feb/2024 15:45:47] "[36mGET /static/img/22.jpg HTTP/1.1[0m" 304 -
[2024-02-13 15:45:47,907] INFO in _internal: 127.0.0.1 - - [13/Feb/2024 15:45:47] "[36mGET /static/img/23.jpg HTTP/1.1[0m" 304 -
[2024-02-13 15:46:37,005] INFO in _internal: 127.0.0.1 - - [13/Feb/2024 15:46:37] "GET /escortv2 HTTP/1.1" 200 -
[2024-02-13 15:46:37,030] INFO in _internal: 127.0.0.1 - - [13/Feb/2024 15:46:37] "[36mGET /static/css/escortv2.css HTTP/1.1[0m" 304 -
[2024-02-13 15:46:37,030] INFO in _internal: 127.0.0.1 - - [13/Feb/2024 15:46:37] "[36mGET /static/img/logo.png HTTP/1.1[0m" 304 -
[2024-02-13 15:46:37,032] INFO in _internal: 127.0.0.1 - - [13/Feb/2024 15:46:37] "[36mGET /static/img/area.png HTTP/1.1[0m" 304 -
[2024-02-13 15:46:37,049] INFO in _internal: 127.0.0.1 - - [13/Feb/2024 15:46:37] "GET /static/js/escortv2.js HTTP/1.1" 200 -
[2024-02-13 15:46:37,081] INFO in _internal: 127.0.0.1 - - [13/Feb/2024 15:46:37] "[36mGET /static/img/2.jpg HTTP/1.1[0m" 304 -
[2024-02-13 15:46:37,081] INFO in _internal: 127.0.0.1 - - [13/Feb/2024 15:46:37] "[36mGET /static/img/1.jpg HTTP/1.1[0m" 304 -
[2024-02-13 15:46:37,100] INFO in _internal: 127.0.0.1 - - [13/Feb/2024 15:46:37] "[36mGET /static/img/3.jpg HTTP/1.1[0m" 304 -
[2024-02-13 15:46:37,114] INFO in _internal: 127.0.0.1 - - [13/Feb/2024 15:46:37] "[36mGET /static/img/4.jpg HTTP/1.1[0m" 304 -
[2024-02-13 15:46:37,135] INFO in _internal: 127.0.0.1 - - [13/Feb/2024 15:46:37] "[36mGET /static/img/19.jpg HTTP/1.1[0m" 304 -
[2024-02-13 15:46:37,136] INFO in _internal: 127.0.0.1 - - [13/Feb/2024 15:46:37] "[36mGET /static/img/20.jpg HTTP/1.1[0m" 304 -
[2024-02-13 15:46:37,138] INFO in _internal: 127.0.0.1 - - [13/Feb/2024 15:46:37] "[36mGET /static/img/21.jpg HTTP/1.1[0m" 304 -
[2024-02-13 15:46:37,144] INFO in _internal: 127.0.0.1 - - [13/Feb/2024 15:46:37] "[36mGET /static/img/23.jpg HTTP/1.1[0m" 304 -
[2024-02-13 15:46:37,148] INFO in _internal: 127.0.0.1 - - [13/Feb/2024 15:46:37] "[36mGET /static/img/22.jpg HTTP/1.1[0m" 304 -
[2024-02-13 15:46:49,572] INFO in _internal: 127.0.0.1 - - [13/Feb/2024 15:46:49] "GET /escortv2 HTTP/1.1" 200 -
[2024-02-13 15:46:49,596] INFO in _internal: 127.0.0.1 - - [13/Feb/2024 15:46:49] "[36mGET /static/css/escortv2.css HTTP/1.1[0m" 304 -
[2024-02-13 15:46:49,596] INFO in _internal: 127.0.0.1 - - [13/Feb/2024 15:46:49] "[36mGET /static/img/logo.png HTTP/1.1[0m" 304 -
[2024-02-13 15:46:49,598] INFO in _internal: 127.0.0.1 - - [13/Feb/2024 15:46:49] "[36mGET /static/img/area.png HTTP/1.1[0m" 304 -
[2024-02-13 15:46:49,611] INFO in _internal: 127.0.0.1 - - [13/Feb/2024 15:46:49] "[36mGET /static/js/escortv2.js HTTP/1.1[0m" 304 -
[2024-02-13 15:46:49,656] INFO in _internal: 127.0.0.1 - - [13/Feb/2024 15:46:49] "[36mGET /static/img/1.jpg HTTP/1.1[0m" 304 -
[2024-02-13 15:46:49,658] INFO in _internal: 127.0.0.1 - - [13/Feb/2024 15:46:49] "[36mGET /static/img/2.jpg HTTP/1.1[0m" 304 -
[2024-02-13 15:46:49,660] INFO in _internal: 127.0.0.1 - - [13/Feb/2024 15:46:49] "[36mGET /static/img/3.jpg HTTP/1.1[0m" 304 -
[2024-02-13 15:46:49,667] INFO in _internal: 127.0.0.1 - - [13/Feb/2024 15:46:49] "[36mGET /static/img/4.jpg HTTP/1.1[0m" 304 -
[2024-02-13 15:46:49,683] INFO in _internal: 127.0.0.1 - - [13/Feb/2024 15:46:49] "[36mGET /static/img/19.jpg HTTP/1.1[0m" 304 -
[2024-02-13 15:46:49,683] INFO in _internal: 127.0.0.1 - - [13/Feb/2024 15:46:49] "[36mGET /static/img/20.jpg HTTP/1.1[0m" 304 -
[2024-02-13 15:46:49,692] INFO in _internal: 127.0.0.1 - - [13/Feb/2024 15:46:49] "[36mGET /static/img/21.jpg HTTP/1.1[0m" 304 -
[2024-02-13 15:46:49,695] INFO in _internal: 127.0.0.1 - - [13/Feb/2024 15:46:49] "[36mGET /static/img/22.jpg HTTP/1.1[0m" 304 -
[2024-02-13 15:46:49,698] INFO in _internal: 127.0.0.1 - - [13/Feb/2024 15:46:49] "[36mGET /static/img/23.jpg HTTP/1.1[0m" 304 -
[2024-02-13 16:06:24,639] INFO in _internal: 127.0.0.1 - - [13/Feb/2024 16:06:24] "GET /escortv2 HTTP/1.1" 200 -
[2024-02-13 16:06:24,663] INFO in _internal: 127.0.0.1 - - [13/Feb/2024 16:06:24] "[36mGET /static/css/escortv2.css HTTP/1.1[0m" 304 -
[2024-02-13 16:06:24,666] INFO in _internal: 127.0.0.1 - - [13/Feb/2024 16:06:24] "[36mGET /static/img/logo.png HTTP/1.1[0m" 304 -
[2024-02-13 16:06:24,669] INFO in _internal: 127.0.0.1 - - [13/Feb/2024 16:06:24] "[36mGET /static/img/area.png HTTP/1.1[0m" 304 -
[2024-02-13 16:06:24,683] INFO in _internal: 127.0.0.1 - - [13/Feb/2024 16:06:24] "GET /static/js/escortv2.js HTTP/1.1" 200 -
[2024-02-13 16:06:24,904] INFO in _internal: 127.0.0.1 - - [13/Feb/2024 16:06:24] "[36mGET /static/img/2.jpg HTTP/1.1[0m" 304 -
[2024-02-13 16:06:24,908] INFO in _internal: 127.0.0.1 - - [13/Feb/2024 16:06:24] "[36mGET /static/img/1.jpg HTTP/1.1[0m" 304 -
[2024-02-13 16:06:24,908] INFO in _internal: 127.0.0.1 - - [13/Feb/2024 16:06:24] "[36mGET /static/img/3.jpg HTTP/1.1[0m" 304 -
[2024-02-13 16:06:24,909] INFO in _internal: 127.0.0.1 - - [13/Feb/2024 16:06:24] "[36mGET /static/img/4.jpg HTTP/1.1[0m" 304 -
[2024-02-13 16:06:24,922] INFO in _internal: 127.0.0.1 - - [13/Feb/2024 16:06:24] "[36mGET /static/img/19.jpg HTTP/1.1[0m" 304 -
[2024-02-13 16:06:24,934] INFO in _internal: 127.0.0.1 - - [13/Feb/2024 16:06:24] "[36mGET /static/img/20.jpg HTTP/1.1[0m" 304 -
[2024-02-13 16:06:24,946] INFO in _internal: 127.0.0.1 - - [13/Feb/2024 16:06:24] "[36mGET /static/img/21.jpg HTTP/1.1[0m" 304 -
[2024-02-13 16:06:24,948] INFO in _internal: 127.0.0.1 - - [13/Feb/2024 16:06:24] "[36mGET /static/img/22.jpg HTTP/1.1[0m" 304 -
[2024-02-13 16:06:24,949] INFO in _internal: 127.0.0.1 - - [13/Feb/2024 16:06:24] "[36mGET /static/img/23.jpg HTTP/1.1[0m" 304 -
[2024-02-13 16:06:28,446] INFO in _internal: 127.0.0.1 - - [13/Feb/2024 16:06:28] "GET /escortv2 HTTP/1.1" 200 -
[2024-02-13 16:06:28,471] INFO in _internal: 127.0.0.1 - - [13/Feb/2024 16:06:28] "[36mGET /static/css/escortv2.css HTTP/1.1[0m" 304 -
[2024-02-13 16:06:28,474] INFO in _internal: 127.0.0.1 - - [13/Feb/2024 16:06:28] "[36mGET /static/img/logo.png HTTP/1.1[0m" 304 -
[2024-02-13 16:06:28,476] INFO in _internal: 127.0.0.1 - - [13/Feb/2024 16:06:28] "[36mGET /static/img/area.png HTTP/1.1[0m" 304 -
[2024-02-13 16:06:28,487] INFO in _internal: 127.0.0.1 - - [13/Feb/2024 16:06:28] "[36mGET /static/js/escortv2.js HTTP/1.1[0m" 304 -
[2024-02-13 16:06:28,512] INFO in _internal: 127.0.0.1 - - [13/Feb/2024 16:06:28] "[36mGET /static/img/1.jpg HTTP/1.1[0m" 304 -
[2024-02-13 16:06:28,513] INFO in _internal: 127.0.0.1 - - [13/Feb/2024 16:06:28] "[36mGET /static/img/2.jpg HTTP/1.1[0m" 304 -
[2024-02-13 16:06:28,519] INFO in _internal: 127.0.0.1 - - [13/Feb/2024 16:06:28] "[36mGET /static/img/3.jpg HTTP/1.1[0m" 304 -
[2024-02-13 16:06:28,523] INFO in _internal: 127.0.0.1 - - [13/Feb/2024 16:06:28] "[36mGET /static/img/4.jpg HTTP/1.1[0m" 304 -
[2024-02-13 16:06:28,536] INFO in _internal: 127.0.0.1 - - [13/Feb/2024 16:06:28] "[36mGET /static/img/19.jpg HTTP/1.1[0m" 304 -
[2024-02-13 16:06:28,546] INFO in _internal: 127.0.0.1 - - [13/Feb/2024 16:06:28] "[36mGET /static/img/20.jpg HTTP/1.1[0m" 304 -
[2024-02-13 16:06:28,557] INFO in _internal: 127.0.0.1 - - [13/Feb/2024 16:06:28] "[36mGET /static/img/21.jpg HTTP/1.1[0m" 304 -
[2024-02-13 16:06:28,559] INFO in _internal: 127.0.0.1 - - [13/Feb/2024 16:06:28] "[36mGET /static/img/22.jpg HTTP/1.1[0m" 304 -
[2024-02-13 16:06:28,566] INFO in _internal: 127.0.0.1 - - [13/Feb/2024 16:06:28] "[36mGET /static/img/23.jpg HTTP/1.1[0m" 304 -
[2024-02-13 16:06:39,720] INFO in _internal: 127.0.0.1 - - [13/Feb/2024 16:06:39] "GET /escortv2 HTTP/1.1" 200 -
[2024-02-13 16:06:39,745] INFO in _internal: 127.0.0.1 - - [13/Feb/2024 16:06:39] "[36mGET /static/css/escortv2.css HTTP/1.1[0m" 304 -
[2024-02-13 16:06:39,745] INFO in _internal: 127.0.0.1 - - [13/Feb/2024 16:06:39] "[36mGET /static/img/logo.png HTTP/1.1[0m" 304 -
[2024-02-13 16:06:39,747] INFO in _internal: 127.0.0.1 - - [13/Feb/2024 16:06:39] "[36mGET /static/img/area.png HTTP/1.1[0m" 304 -
[2024-02-13 16:06:39,758] INFO in _internal: 127.0.0.1 - - [13/Feb/2024 16:06:39] "GET /static/js/escortv2.js HTTP/1.1" 200 -
[2024-02-13 16:06:39,815] INFO in _internal: 127.0.0.1 - - [13/Feb/2024 16:06:39] "[36mGET /static/img/1.jpg HTTP/1.1[0m" 304 -
[2024-02-13 16:06:39,821] INFO in _internal: 127.0.0.1 - - [13/Feb/2024 16:06:39] "[36mGET /static/img/2.jpg HTTP/1.1[0m" 304 -
[2024-02-13 16:06:39,831] INFO in _internal: 127.0.0.1 - - [13/Feb/2024 16:06:39] "[36mGET /static/img/3.jpg HTTP/1.1[0m" 304 -
[2024-02-13 16:06:39,849] INFO in _internal: 127.0.0.1 - - [13/Feb/2024 16:06:39] "[36mGET /static/img/4.jpg HTTP/1.1[0m" 304 -
[2024-02-13 16:06:39,853] INFO in _internal: 127.0.0.1 - - [13/Feb/2024 16:06:39] "[36mGET /static/img/19.jpg HTTP/1.1[0m" 304 -
[2024-02-13 16:06:39,853] INFO in _internal: 127.0.0.1 - - [13/Feb/2024 16:06:39] "[36mGET /static/img/20.jpg HTTP/1.1[0m" 304 -
[2024-02-13 16:06:39,864] INFO in _internal: 127.0.0.1 - - [13/Feb/2024 16:06:39] "[36mGET /static/img/21.jpg HTTP/1.1[0m" 304 -
[2024-02-13 16:06:39,869] INFO in _internal: 127.0.0.1 - - [13/Feb/2024 16:06:39] "[36mGET /static/img/22.jpg HTTP/1.1[0m" 304 -
[2024-02-13 16:06:39,871] INFO in _internal: 127.0.0.1 - - [13/Feb/2024 16:06:39] "[36mGET /static/img/23.jpg HTTP/1.1[0m" 304 -
[2024-02-13 16:08:29,687] INFO in _internal: 127.0.0.1 - - [13/Feb/2024 16:08:29] "GET /info HTTP/1.1" 200 -
[2024-02-13 16:08:29,718] INFO in _internal: 127.0.0.1 - - [13/Feb/2024 16:08:29] "[36mGET /static/img/logo.png HTTP/1.1[0m" 304 -
[2024-02-13 16:08:29,723] INFO in _internal: 127.0.0.1 - - [13/Feb/2024 16:08:29] "[36mGET /static/css/info.css HTTP/1.1[0m" 304 -
[2024-02-13 16:08:29,724] INFO in _internal: 127.0.0.1 - - [13/Feb/2024 16:08:29] "[36mGET /static/js/info.js HTTP/1.1[0m" 304 -
[2024-02-13 16:08:29,834] INFO in _internal: 127.0.0.1 - - [13/Feb/2024 16:08:29] "[36mGET /static/img/img-1.png HTTP/1.1[0m" 304 -
[2024-02-13 16:08:29,837] INFO in _internal: 127.0.0.1 - - [13/Feb/2024 16:08:29] "[36mGET /static/img/img-2.png HTTP/1.1[0m" 304 -
[2024-02-13 16:08:29,839] INFO in _internal: 127.0.0.1 - - [13/Feb/2024 16:08:29] "[36mGET /static/img/img-3.png HTTP/1.1[0m" 304 -
[2024-02-13 16:08:29,845] INFO in _internal: 127.0.0.1 - - [13/Feb/2024 16:08:29] "[36mGET /static/img/img-4.png HTTP/1.1[0m" 304 -
[2024-02-13 16:08:29,849] INFO in _internal: 127.0.0.1 - - [13/Feb/2024 16:08:29] "[36mGET /static/img/img-45.png HTTP/1.1[0m" 304 -
[2024-02-13 16:08:29,868] INFO in _internal: 127.0.0.1 - - [13/Feb/2024 16:08:29] "[36mGET /static/img/img-5.png HTTP/1.1[0m" 304 -
[2024-02-13 16:08:29,913] INFO in _internal: 127.0.0.1 - - [13/Feb/2024 16:08:29] "[36mGET /static/img/img-46.png HTTP/1.1[0m" 304 -
[2024-02-13 16:08:29,923] INFO in _internal: 127.0.0.1 - - [13/Feb/2024 16:08:29] "[36mGET /static/img/img-48.png HTTP/1.1[0m" 304 -
[2024-02-13 16:08:29,928] INFO in _internal: 127.0.0.1 - - [13/Feb/2024 16:08:29] "[36mGET /static/img/img-47.png HTTP/1.1[0m" 304 -
[2024-02-13 16:08:29,993] INFO in _internal: 127.0.0.1 - - [13/Feb/2024 16:08:29] "[36mGET /static/img/img-49.png HTTP/1.1[0m" 304 -
[2024-02-13 16:08:30,012] INFO in _internal: 127.0.0.1 - - [13/Feb/2024 16:08:30] "[36mGET /static/img/img-89.png HTTP/1.1[0m" 304 -
[2024-02-13 16:08:30,027] INFO in _internal: 127.0.0.1 - - [13/Feb/2024 16:08:30] "[36mGET /static/img/img-88.png HTTP/1.1[0m" 304 -
[2024-02-13 16:08:30,028] INFO in _internal: 127.0.0.1 - - [13/Feb/2024 16:08:30] "[36mGET /static/img/img-90.png HTTP/1.1[0m" 304 -
[2024-02-13 16:08:30,032] INFO in _internal: 127.0.0.1 - - [13/Feb/2024 16:08:30] "[36mGET /static/img/img-92.png HTTP/1.1[0m" 304 -
[2024-02-13 16:08:30,034] INFO in _internal: 127.0.0.1 - - [13/Feb/2024 16:08:30] "[36mGET /static/img/img-91.png HTTP/1.1[0m" 304 -
[2024-02-13 16:08:30,043] INFO in _internal: 127.0.0.1 - - [13/Feb/2024 16:08:30] "[36mGET /static/img/img-132.png HTTP/1.1[0m" 304 -
[2024-02-13 16:08:30,056] INFO in _internal: 127.0.0.1 - - [13/Feb/2024 16:08:30] "[36mGET /static/img/img-131.png HTTP/1.1[0m" 304 -
[2024-02-13 16:08:30,110] INFO in _internal: 127.0.0.1 - - [13/Feb/2024 16:08:30] "[36mGET /static/img/img-133.png HTTP/1.1[0m" 304 -
[2024-02-13 16:08:30,124] INFO in _internal: 127.0.0.1 - - [13/Feb/2024 16:08:30] "[36mGET /static/img/img-134.png HTTP/1.1[0m" 304 -
[2024-02-13 16:08:30,126] INFO in _internal: 127.0.0.1 - - [13/Feb/2024 16:08:30] "[36mGET /static/img/img-135.png HTTP/1.1[0m" 304 -
[2024-02-13 16:08:30,132] INFO in _internal: 127.0.0.1 - - [13/Feb/2024 16:08:30] "[36mGET /static/img/img-159.png HTTP/1.1[0m" 304 -
[2024-02-13 16:08:30,133] INFO in _internal: 127.0.0.1 - - [13/Feb/2024 16:08:30] "[36mGET /static/img/img-158.png HTTP/1.1[0m" 304 -
[2024-02-13 16:08:30,152] INFO in _internal: 127.0.0.1 - - [13/Feb/2024 16:08:30] "[36mGET /static/img/img-160.png HTTP/1.1[0m" 304 -
[2024-02-13 16:08:30,176] INFO in _internal: 127.0.0.1 - - [13/Feb/2024 16:08:30] "[36mGET /static/img/img-161.png HTTP/1.1[0m" 304 -
[2024-02-13 16:08:30,177] INFO in _internal: 127.0.0.1 - - [13/Feb/2024 16:08:30] "[36mGET /static/img/img-162.png HTTP/1.1[0m" 304 -
[2024-02-13 16:08:30,187] INFO in _internal: 127.0.0.1 - - [13/Feb/2024 16:08:30] "[36mGET /static/img/img-171.png HTTP/1.1[0m" 304 -
[2024-02-13 16:08:30,198] INFO in _internal: 127.0.0.1 - - [13/Feb/2024 16:08:30] "[36mGET /static/img/img-172.png HTTP/1.1[0m" 304 -
[2024-02-13 16:08:30,203] INFO in _internal: 127.0.0.1 - - [13/Feb/2024 16:08:30] "[36mGET /static/img/img-173.png HTTP/1.1[0m" 304 -
[2024-02-13 16:08:30,211] INFO in _internal: 127.0.0.1 - - [13/Feb/2024 16:08:30] "[36mGET /static/img/img-174.png HTTP/1.1[0m" 304 -
[2024-02-13 16:08:30,225] INFO in _internal: 127.0.0.1 - - [13/Feb/2024 16:08:30] "[36mGET /static/img/img-175.png HTTP/1.1[0m" 304 -
[2024-02-13 16:08:34,195] INFO in _internal: 127.0.0.1 - - [13/Feb/2024 16:08:34] "GET /static/img/img-178.png HTTP/1.1" 200 -
[2024-02-13 16:08:34,195] INFO in _internal: 127.0.0.1 - - [13/Feb/2024 16:08:34] "GET /static/img/img-179.png HTTP/1.1" 200 -
[2024-02-13 16:08:34,196] INFO in _internal: 127.0.0.1 - - [13/Feb/2024 16:08:34] "GET /static/img/img-180.png HTTP/1.1" 200 -
[2024-02-13 16:08:34,200] INFO in _internal: 127.0.0.1 - - [13/Feb/2024 16:08:34] "GET /static/img/img-181.png HTTP/1.1" 200 -
[2024-02-13 16:08:34,201] INFO in _internal: 127.0.0.1 - - [13/Feb/2024 16:08:34] "GET /static/img/img-182.png HTTP/1.1" 200 -
[2024-02-13 16:08:34,506] INFO in _internal: 127.0.0.1 - - [13/Feb/2024 16:08:34] "GET /static/img/img-183.png HTTP/1.1" 200 -
[2024-02-13 16:08:34,507] INFO in _internal: 127.0.0.1 - - [13/Feb/2024 16:08:34] "GET /static/img/img-184.png HTTP/1.1" 200 -
[2024-02-13 16:08:34,508] INFO in _internal: 127.0.0.1 - - [13/Feb/2024 16:08:34] "GET /static/img/img-185.png HTTP/1.1" 200 -
[2024-02-13 16:08:34,594] INFO in _internal: 127.0.0.1 - - [13/Feb/2024 16:08:34] "GET /static/img/img-186.png HTTP/1.1" 200 -
[2024-02-13 16:08:34,594] INFO in _internal: 127.0.0.1 - - [13/Feb/2024 16:08:34] "GET /static/img/img-187.png HTTP/1.1" 200 -
[2024-02-13 16:08:34,595] INFO in _internal: 127.0.0.1 - - [13/Feb/2024 16:08:34] "GET /static/img/img-188.png HTTP/1.1" 200 -
[2024-02-13 16:08:34,598] INFO in _internal: 127.0.0.1 - - [13/Feb/2024 16:08:34] "GET /static/img/img-190.png HTTP/1.1" 200 -
[2024-02-13 16:08:34,599] INFO in _internal: 127.0.0.1 - - [13/Feb/2024 16:08:34] "GET /static/img/img-189.png HTTP/1.1" 200 -
[2024-02-13 16:13:04,139] INFO in _internal: 127.0.0.1 - - [13/Feb/2024 16:13:04] "GET /escort HTTP/1.1" 200 -
[2024-02-13 16:13:04,172] INFO in _internal: 127.0.0.1 - - [13/Feb/2024 16:13:04] "[36mGET /static/img/logo.png HTTP/1.1[0m" 304 -
[2024-02-13 16:13:04,173] INFO in _internal: 127.0.0.1 - - [13/Feb/2024 16:13:04] "[36mGET /static/css/escort.css HTTP/1.1[0m" 304 -
[2024-02-13 16:13:04,174] INFO in _internal: 127.0.0.1 - - [13/Feb/2024 16:13:04] "[36mGET /static/img/area.png HTTP/1.1[0m" 304 -
[2024-02-13 16:13:04,189] INFO in _internal: 127.0.0.1 - - [13/Feb/2024 16:13:04] "GET /static/js/escort.js HTTP/1.1" 200 -
[2024-02-13 16:13:04,254] INFO in _internal: 127.0.0.1 - - [13/Feb/2024 16:13:04] "[36mGET /static/img/1.jpg HTTP/1.1[0m" 304 -
[2024-02-13 16:13:04,260] INFO in _internal: 127.0.0.1 - - [13/Feb/2024 16:13:04] "[36mGET /static/img/2.jpg HTTP/1.1[0m" 304 -
[2024-02-13 16:13:04,280] INFO in _internal: 127.0.0.1 - - [13/Feb/2024 16:13:04] "[36mGET /static/img/3.jpg HTTP/1.1[0m" 304 -
[2024-02-13 16:13:04,287] INFO in _internal: 127.0.0.1 - - [13/Feb/2024 16:13:04] "[36mGET /static/img/4.jpg HTTP/1.1[0m" 304 -
[2024-02-13 16:13:04,289] INFO in _internal: 127.0.0.1 - - [13/Feb/2024 16:13:04] "[36mGET /static/img/19.jpg HTTP/1.1[0m" 304 -
[2024-02-13 16:13:04,299] INFO in _internal: 127.0.0.1 - - [13/Feb/2024 16:13:04] "[36mGET /static/img/21.jpg HTTP/1.1[0m" 304 -
[2024-02-13 16:13:04,302] INFO in _internal: 127.0.0.1 - - [13/Feb/2024 16:13:04] "[36mGET /static/img/20.jpg HTTP/1.1[0m" 304 -
[2024-02-13 16:13:04,305] INFO in _internal: 127.0.0.1 - - [13/Feb/2024 16:13:04] "[36mGET /static/img/22.jpg HTTP/1.1[0m" 304 -
[2024-02-13 16:13:04,315] INFO in _internal: 127.0.0.1 - - [13/Feb/2024 16:13:04] "[36mGET /static/img/23.jpg HTTP/1.1[0m" 304 -
[2024-02-13 16:13:15,234] INFO in _internal: 127.0.0.1 - - [13/Feb/2024 16:13:15] "GET /index2 HTTP/1.1" 200 -
[2024-02-13 16:13:15,264] INFO in _internal: 127.0.0.1 - - [13/Feb/2024 16:13:15] "[36mGET /static/css/templatemo-style.css HTTP/1.1[0m" 304 -
[2024-02-13 16:13:15,278] INFO in _internal: 127.0.0.1 - - [13/Feb/2024 16:13:15] "[36mGET /static/css/index.css HTTP/1.1[0m" 304 -
[2024-02-13 16:13:15,283] INFO in _internal: 127.0.0.1 - - [13/Feb/2024 16:13:15] "[36mGET /static/img/logo.png HTTP/1.1[0m" 304 -
[2024-02-13 16:13:15,439] INFO in _internal: 127.0.0.1 - - [13/Feb/2024 16:13:15] "GET /sensing_data2 HTTP/1.1" 200 -
[2024-02-13 16:13:16,665] INFO in _internal: 127.0.0.1 - - [13/Feb/2024 16:13:16] "GET /escort HTTP/1.1" 200 -
[2024-02-13 16:13:16,692] INFO in _internal: 127.0.0.1 - - [13/Feb/2024 16:13:16] "[36mGET /static/css/escort.css HTTP/1.1[0m" 304 -
[2024-02-13 16:13:16,711] INFO in _internal: 127.0.0.1 - - [13/Feb/2024 16:13:16] "[36mGET /static/img/logo.png HTTP/1.1[0m" 304 -
[2024-02-13 16:13:16,712] INFO in _internal: 127.0.0.1 - - [13/Feb/2024 16:13:16] "[36mGET /static/img/area.png HTTP/1.1[0m" 304 -
[2024-02-13 16:13:16,723] INFO in _internal: 127.0.0.1 - - [13/Feb/2024 16:13:16] "[36mGET /static/js/escort.js HTTP/1.1[0m" 304 -
[2024-02-13 16:13:16,774] INFO in _internal: 127.0.0.1 - - [13/Feb/2024 16:13:16] "[36mGET /static/img/1.jpg HTTP/1.1[0m" 304 -
[2024-02-13 16:13:16,844] INFO in _internal: 127.0.0.1 - - [13/Feb/2024 16:13:16] "[36mGET /static/img/2.jpg HTTP/1.1[0m" 304 -
[2024-02-13 16:13:16,849] INFO in _internal: 127.0.0.1 - - [13/Feb/2024 16:13:16] "[36mGET /static/img/4.jpg HTTP/1.1[0m" 304 -
[2024-02-13 16:13:16,854] INFO in _internal: 127.0.0.1 - - [13/Feb/2024 16:13:16] "[36mGET /static/img/3.jpg HTTP/1.1[0m" 304 -
[2024-02-13 16:13:16,857] INFO in _internal: 127.0.0.1 - - [13/Feb/2024 16:13:16] "[36mGET /static/img/19.jpg HTTP/1.1[0m" 304 -
[2024-02-13 16:13:16,867] INFO in _internal: 127.0.0.1 - - [13/Feb/2024 16:13:16] "[36mGET /static/img/20.jpg HTTP/1.1[0m" 304 -
[2024-02-13 16:13:16,871] INFO in _internal: 127.0.0.1 - - [13/Feb/2024 16:13:16] "[36mGET /static/img/21.jpg HTTP/1.1[0m" 304 -
[2024-02-13 16:13:16,874] INFO in _internal: 127.0.0.1 - - [13/Feb/2024 16:13:16] "[36mGET /static/img/22.jpg HTTP/1.1[0m" 304 -
[2024-02-13 16:13:16,881] INFO in _internal: 127.0.0.1 - - [13/Feb/2024 16:13:16] "[36mGET /static/img/23.jpg HTTP/1.1[0m" 304 -
[2024-02-13 16:19:20,857] INFO in _internal: 127.0.0.1 - - [13/Feb/2024 16:19:20] "GET /escort HTTP/1.1" 200 -
[2024-02-13 16:19:20,880] INFO in _internal: 127.0.0.1 - - [13/Feb/2024 16:19:20] "[36mGET /static/css/escort.css HTTP/1.1[0m" 304 -
[2024-02-13 16:19:20,882] INFO in _internal: 127.0.0.1 - - [13/Feb/2024 16:19:20] "[36mGET /static/img/logo.png HTTP/1.1[0m" 304 -
[2024-02-13 16:19:20,885] INFO in _internal: 127.0.0.1 - - [13/Feb/2024 16:19:20] "[36mGET /static/img/area.png HTTP/1.1[0m" 304 -
[2024-02-13 16:19:20,896] INFO in _internal: 127.0.0.1 - - [13/Feb/2024 16:19:20] "[36mGET /static/js/escort.js HTTP/1.1[0m" 304 -
[2024-02-13 16:19:20,947] INFO in _internal: 127.0.0.1 - - [13/Feb/2024 16:19:20] "[36mGET /static/img/2.jpg HTTP/1.1[0m" 304 -
[2024-02-13 16:19:20,948] INFO in _internal: 127.0.0.1 - - [13/Feb/2024 16:19:20] "[36mGET /static/img/1.jpg HTTP/1.1[0m" 304 -
[2024-02-13 16:19:20,952] INFO in _internal: 127.0.0.1 - - [13/Feb/2024 16:19:20] "[36mGET /static/img/3.jpg HTTP/1.1[0m" 304 -
[2024-02-13 16:19:20,953] INFO in _internal: 127.0.0.1 - - [13/Feb/2024 16:19:20] "[36mGET /static/img/4.jpg HTTP/1.1[0m" 304 -
[2024-02-13 16:19:20,967] INFO in _internal: 127.0.0.1 - - [13/Feb/2024 16:19:20] "[36mGET /static/img/19.jpg HTTP/1.1[0m" 304 -
[2024-02-13 16:19:20,982] INFO in _internal: 127.0.0.1 - - [13/Feb/2024 16:19:20] "[36mGET /static/img/20.jpg HTTP/1.1[0m" 304 -
[2024-02-13 16:19:20,994] INFO in _internal: 127.0.0.1 - - [13/Feb/2024 16:19:20] "[36mGET /static/img/21.jpg HTTP/1.1[0m" 304 -
[2024-02-13 16:19:20,998] INFO in _internal: 127.0.0.1 - - [13/Feb/2024 16:19:20] "[36mGET /static/img/22.jpg HTTP/1.1[0m" 304 -
[2024-02-13 16:19:21,000] INFO in _internal: 127.0.0.1 - - [13/Feb/2024 16:19:21] "[36mGET /static/img/23.jpg HTTP/1.1[0m" 304 -
[2024-02-13 16:20:34,653] INFO in _internal: 127.0.0.1 - - [13/Feb/2024 16:20:34] "GET /escort HTTP/1.1" 200 -
[2024-02-13 16:20:34,682] INFO in _internal: 127.0.0.1 - - [13/Feb/2024 16:20:34] "[36mGET /static/css/escort.css HTTP/1.1[0m" 304 -
[2024-02-13 16:20:34,684] INFO in _internal: 127.0.0.1 - - [13/Feb/2024 16:20:34] "[36mGET /static/img/logo.png HTTP/1.1[0m" 304 -
[2024-02-13 16:20:34,686] INFO in _internal: 127.0.0.1 - - [13/Feb/2024 16:20:34] "[36mGET /static/img/area.png HTTP/1.1[0m" 304 -
[2024-02-13 16:20:34,699] INFO in _internal: 127.0.0.1 - - [13/Feb/2024 16:20:34] "[36mGET /static/js/escort.js HTTP/1.1[0m" 304 -
[2024-02-13 16:20:34,731] INFO in _internal: 127.0.0.1 - - [13/Feb/2024 16:20:34] "[36mGET /static/img/3.jpg HTTP/1.1[0m" 304 -
[2024-02-13 16:20:34,734] INFO in _internal: 127.0.0.1 - - [13/Feb/2024 16:20:34] "[36mGET /static/img/1.jpg HTTP/1.1[0m" 304 -
[2024-02-13 16:20:34,739] INFO in _internal: 127.0.0.1 - - [13/Feb/2024 16:20:34] "[36mGET /static/img/2.jpg HTTP/1.1[0m" 304 -
[2024-02-13 16:20:34,765] INFO in _internal: 127.0.0.1 - - [13/Feb/2024 16:20:34] "[36mGET /static/img/19.jpg HTTP/1.1[0m" 304 -
[2024-02-13 16:20:34,768] INFO in _internal: 127.0.0.1 - - [13/Feb/2024 16:20:34] "[36mGET /static/img/20.jpg HTTP/1.1[0m" 304 -
[2024-02-13 16:20:34,769] INFO in _internal: 127.0.0.1 - - [13/Feb/2024 16:20:34] "[36mGET /static/img/4.jpg HTTP/1.1[0m" 304 -
[2024-02-13 16:20:34,772] INFO in _internal: 127.0.0.1 - - [13/Feb/2024 16:20:34] "[36mGET /static/img/21.jpg HTTP/1.1[0m" 304 -
[2024-02-13 16:20:34,777] INFO in _internal: 127.0.0.1 - - [13/Feb/2024 16:20:34] "[36mGET /static/img/22.jpg HTTP/1.1[0m" 304 -
[2024-02-13 16:20:34,782] INFO in _internal: 127.0.0.1 - - [13/Feb/2024 16:20:34] "[36mGET /static/img/23.jpg HTTP/1.1[0m" 304 -
[2024-02-13 16:22:31,425] INFO in _internal: 127.0.0.1 - - [13/Feb/2024 16:22:31] "GET /escort HTTP/1.1" 200 -
[2024-02-13 16:22:31,451] INFO in _internal: 127.0.0.1 - - [13/Feb/2024 16:22:31] "[36mGET /static/css/escort.css HTTP/1.1[0m" 304 -
[2024-02-13 16:22:31,452] INFO in _internal: 127.0.0.1 - - [13/Feb/2024 16:22:31] "[36mGET /static/img/logo.png HTTP/1.1[0m" 304 -
[2024-02-13 16:22:31,454] INFO in _internal: 127.0.0.1 - - [13/Feb/2024 16:22:31] "[36mGET /static/img/area.png HTTP/1.1[0m" 304 -
[2024-02-13 16:22:31,468] INFO in _internal: 127.0.0.1 - - [13/Feb/2024 16:22:31] "[36mGET /static/js/escort.js HTTP/1.1[0m" 304 -
[2024-02-13 16:22:31,529] INFO in _internal: 127.0.0.1 - - [13/Feb/2024 16:22:31] "[36mGET /static/img/1.jpg HTTP/1.1[0m" 304 -
[2024-02-13 16:22:31,536] INFO in _internal: 127.0.0.1 - - [13/Feb/2024 16:22:31] "[36mGET /static/img/2.jpg HTTP/1.1[0m" 304 -
[2024-02-13 16:22:31,550] INFO in _internal: 127.0.0.1 - - [13/Feb/2024 16:22:31] "[36mGET /static/img/3.jpg HTTP/1.1[0m" 304 -
[2024-02-13 16:22:31,552] INFO in _internal: 127.0.0.1 - - [13/Feb/2024 16:22:31] "[36mGET /static/img/4.jpg HTTP/1.1[0m" 304 -
[2024-02-13 16:22:31,559] INFO in _internal: 127.0.0.1 - - [13/Feb/2024 16:22:31] "[36mGET /static/img/19.jpg HTTP/1.1[0m" 304 -
[2024-02-13 16:22:31,559] INFO in _internal: 127.0.0.1 - - [13/Feb/2024 16:22:31] "[36mGET /static/img/20.jpg HTTP/1.1[0m" 304 -
[2024-02-13 16:22:31,566] INFO in _internal: 127.0.0.1 - - [13/Feb/2024 16:22:31] "[36mGET /static/img/21.jpg HTTP/1.1[0m" 304 -
[2024-02-13 16:22:31,569] INFO in _internal: 127.0.0.1 - - [13/Feb/2024 16:22:31] "[36mGET /static/img/22.jpg HTTP/1.1[0m" 304 -
[2024-02-13 16:22:31,572] INFO in _internal: 127.0.0.1 - - [13/Feb/2024 16:22:31] "[36mGET /static/img/23.jpg HTTP/1.1[0m" 304 -
[2024-02-13 16:23:10,293] INFO in _internal: 127.0.0.1 - - [13/Feb/2024 16:23:10] "GET /escort HTTP/1.1" 200 -
[2024-02-13 16:23:10,319] INFO in _internal: 127.0.0.1 - - [13/Feb/2024 16:23:10] "[36mGET /static/css/escort.css HTTP/1.1[0m" 304 -
[2024-02-13 16:23:10,320] INFO in _internal: 127.0.0.1 - - [13/Feb/2024 16:23:10] "[36mGET /static/img/logo.png HTTP/1.1[0m" 304 -
[2024-02-13 16:23:10,323] INFO in _internal: 127.0.0.1 - - [13/Feb/2024 16:23:10] "[36mGET /static/img/area.png HTTP/1.1[0m" 304 -
[2024-02-13 16:23:10,337] INFO in _internal: 127.0.0.1 - - [13/Feb/2024 16:23:10] "[36mGET /static/js/escort.js HTTP/1.1[0m" 304 -
[2024-02-13 16:23:10,369] INFO in _internal: 127.0.0.1 - - [13/Feb/2024 16:23:10] "[36mGET /static/img/1.jpg HTTP/1.1[0m" 304 -
[2024-02-13 16:23:10,370] INFO in _internal: 127.0.0.1 - - [13/Feb/2024 16:23:10] "[36mGET /static/img/3.jpg HTTP/1.1[0m" 304 -
[2024-02-13 16:23:10,372] INFO in _internal: 127.0.0.1 - - [13/Feb/2024 16:23:10] "[36mGET /static/img/2.jpg HTTP/1.1[0m" 304 -
[2024-02-13 16:23:10,393] INFO in _internal: 127.0.0.1 - - [13/Feb/2024 16:23:10] "[36mGET /static/img/4.jpg HTTP/1.1[0m" 304 -
[2024-02-13 16:23:10,396] INFO in _internal: 127.0.0.1 - - [13/Feb/2024 16:23:10] "[36mGET /static/img/19.jpg HTTP/1.1[0m" 304 -
[2024-02-13 16:23:10,401] INFO in _internal: 127.0.0.1 - - [13/Feb/2024 16:23:10] "[36mGET /static/img/20.jpg HTTP/1.1[0m" 304 -
[2024-02-13 16:23:10,403] INFO in _internal: 127.0.0.1 - - [13/Feb/2024 16:23:10] "[36mGET /static/img/21.jpg HTTP/1.1[0m" 304 -
[2024-02-13 16:23:10,423] INFO in _internal: 127.0.0.1 - - [13/Feb/2024 16:23:10] "[36mGET /static/img/22.jpg HTTP/1.1[0m" 304 -
[2024-02-13 16:23:10,424] INFO in _internal: 127.0.0.1 - - [13/Feb/2024 16:23:10] "[36mGET /static/img/23.jpg HTTP/1.1[0m" 304 -
[2024-02-13 16:26:05,219] INFO in _internal: 127.0.0.1 - - [13/Feb/2024 16:26:05] "GET /escort HTTP/1.1" 200 -
[2024-02-13 16:26:05,246] INFO in _internal: 127.0.0.1 - - [13/Feb/2024 16:26:05] "[36mGET /static/css/escort.css HTTP/1.1[0m" 304 -
[2024-02-13 16:26:05,247] INFO in _internal: 127.0.0.1 - - [13/Feb/2024 16:26:05] "[36mGET /static/img/logo.png HTTP/1.1[0m" 304 -
[2024-02-13 16:26:05,257] INFO in _internal: 127.0.0.1 - - [13/Feb/2024 16:26:05] "[36mGET /static/img/area.png HTTP/1.1[0m" 304 -
[2024-02-13 16:26:05,264] INFO in _internal: 127.0.0.1 - - [13/Feb/2024 16:26:05] "[36mGET /static/js/escort.js HTTP/1.1[0m" 304 -
[2024-02-13 16:26:05,291] INFO in _internal: 127.0.0.1 - - [13/Feb/2024 16:26:05] "[36mGET /static/img/1.jpg HTTP/1.1[0m" 304 -
[2024-02-13 16:26:05,295] INFO in _internal: 127.0.0.1 - - [13/Feb/2024 16:26:05] "[36mGET /static/img/2.jpg HTTP/1.1[0m" 304 -
[2024-02-13 16:26:05,295] INFO in _internal: 127.0.0.1 - - [13/Feb/2024 16:26:05] "[36mGET /static/img/3.jpg HTTP/1.1[0m" 304 -
[2024-02-13 16:26:05,328] INFO in _internal: 127.0.0.1 - - [13/Feb/2024 16:26:05] "[36mGET /static/img/4.jpg HTTP/1.1[0m" 304 -
[2024-02-13 16:26:05,330] INFO in _internal: 127.0.0.1 - - [13/Feb/2024 16:26:05] "[36mGET /static/img/19.jpg HTTP/1.1[0m" 304 -
[2024-02-13 16:26:05,339] INFO in _internal: 127.0.0.1 - - [13/Feb/2024 16:26:05] "[36mGET /static/img/20.jpg HTTP/1.1[0m" 304 -
[2024-02-13 16:26:05,340] INFO in _internal: 127.0.0.1 - - [13/Feb/2024 16:26:05] "[36mGET /static/img/21.jpg HTTP/1.1[0m" 304 -
[2024-02-13 16:26:05,344] INFO in _internal: 127.0.0.1 - - [13/Feb/2024 16:26:05] "[36mGET /static/img/22.jpg HTTP/1.1[0m" 304 -
[2024-02-13 16:26:05,346] INFO in _internal: 127.0.0.1 - - [13/Feb/2024 16:26:05] "[36mGET /static/img/23.jpg HTTP/1.1[0m" 304 -
[2024-02-13 16:27:33,513] INFO in _internal: 127.0.0.1 - - [13/Feb/2024 16:27:33] "GET /escort HTTP/1.1" 200 -
[2024-02-13 16:27:33,544] INFO in _internal: 127.0.0.1 - - [13/Feb/2024 16:27:33] "[36mGET /static/img/logo.png HTTP/1.1[0m" 304 -
[2024-02-13 16:27:33,544] INFO in _internal: 127.0.0.1 - - [13/Feb/2024 16:27:33] "[36mGET /static/css/escort.css HTTP/1.1[0m" 304 -
[2024-02-13 16:27:33,545] INFO in _internal: 127.0.0.1 - - [13/Feb/2024 16:27:33] "[36mGET /static/img/area.png HTTP/1.1[0m" 304 -
[2024-02-13 16:27:33,560] INFO in _internal: 127.0.0.1 - - [13/Feb/2024 16:27:33] "[36mGET /static/js/escort.js HTTP/1.1[0m" 304 -
[2024-02-13 16:27:33,618] INFO in _internal: 127.0.0.1 - - [13/Feb/2024 16:27:33] "[36mGET /static/img/3.jpg HTTP/1.1[0m" 304 -
[2024-02-13 16:27:33,622] INFO in _internal: 127.0.0.1 - - [13/Feb/2024 16:27:33] "[36mGET /static/img/2.jpg HTTP/1.1[0m" 304 -
[2024-02-13 16:27:33,622] INFO in _internal: 127.0.0.1 - - [13/Feb/2024 16:27:33] "[36mGET /static/img/1.jpg HTTP/1.1[0m" 304 -
[2024-02-13 16:27:33,647] INFO in _internal: 127.0.0.1 - - [13/Feb/2024 16:27:33] "[36mGET /static/img/4.jpg HTTP/1.1[0m" 304 -
[2024-02-13 16:27:33,661] INFO in _internal: 127.0.0.1 - - [13/Feb/2024 16:27:33] "[36mGET /static/img/19.jpg HTTP/1.1[0m" 304 -
[2024-02-13 16:27:33,667] INFO in _internal: 127.0.0.1 - - [13/Feb/2024 16:27:33] "[36mGET /static/img/20.jpg HTTP/1.1[0m" 304 -
[2024-02-13 16:27:33,672] INFO in _internal: 127.0.0.1 - - [13/Feb/2024 16:27:33] "[36mGET /static/img/21.jpg HTTP/1.1[0m" 304 -
[2024-02-13 16:27:33,676] INFO in _internal: 127.0.0.1 - - [13/Feb/2024 16:27:33] "[36mGET /static/img/22.jpg HTTP/1.1[0m" 304 -
[2024-02-13 16:27:33,686] INFO in _internal: 127.0.0.1 - - [13/Feb/2024 16:27:33] "[36mGET /static/img/23.jpg HTTP/1.1[0m" 304 -
[2024-02-13 16:27:46,809] INFO in _internal: 127.0.0.1 - - [13/Feb/2024 16:27:46] "GET /escortv2 HTTP/1.1" 200 -
[2024-02-13 16:27:46,834] INFO in _internal: 127.0.0.1 - - [13/Feb/2024 16:27:46] "[36mGET /static/img/logo.png HTTP/1.1[0m" 304 -
[2024-02-13 16:27:46,835] INFO in _internal: 127.0.0.1 - - [13/Feb/2024 16:27:46] "[36mGET /static/css/escortv2.css HTTP/1.1[0m" 304 -
[2024-02-13 16:27:46,836] INFO in _internal: 127.0.0.1 - - [13/Feb/2024 16:27:46] "[36mGET /static/img/area.png HTTP/1.1[0m" 304 -
[2024-02-13 16:27:46,847] INFO in _internal: 127.0.0.1 - - [13/Feb/2024 16:27:46] "GET /static/js/escortv2.js HTTP/1.1" 200 -
[2024-02-13 16:27:46,936] INFO in _internal: 127.0.0.1 - - [13/Feb/2024 16:27:46] "[36mGET /static/img/1.jpg HTTP/1.1[0m" 304 -
[2024-02-13 16:27:46,937] INFO in _internal: 127.0.0.1 - - [13/Feb/2024 16:27:46] "[36mGET /static/img/3.jpg HTTP/1.1[0m" 304 -
[2024-02-13 16:27:46,947] INFO in _internal: 127.0.0.1 - - [13/Feb/2024 16:27:46] "[36mGET /static/img/2.jpg HTTP/1.1[0m" 304 -
[2024-02-13 16:27:46,956] INFO in _internal: 127.0.0.1 - - [13/Feb/2024 16:27:46] "[36mGET /static/img/19.jpg HTTP/1.1[0m" 304 -
[2024-02-13 16:27:46,959] INFO in _internal: 127.0.0.1 - - [13/Feb/2024 16:27:46] "[36mGET /static/img/20.jpg HTTP/1.1[0m" 304 -
[2024-02-13 16:27:46,963] INFO in _internal: 127.0.0.1 - - [13/Feb/2024 16:27:46] "[36mGET /static/img/4.jpg HTTP/1.1[0m" 304 -
[2024-02-13 16:27:46,965] INFO in _internal: 127.0.0.1 - - [13/Feb/2024 16:27:46] "[36mGET /static/img/21.jpg HTTP/1.1[0m" 304 -
[2024-02-13 16:27:46,972] INFO in _internal: 127.0.0.1 - - [13/Feb/2024 16:27:46] "[36mGET /static/img/22.jpg HTTP/1.1[0m" 304 -
[2024-02-13 16:27:46,974] INFO in _internal: 127.0.0.1 - - [13/Feb/2024 16:27:46] "[36mGET /static/img/23.jpg HTTP/1.1[0m" 304 -
[2024-02-13 16:28:14,221] INFO in _internal: 127.0.0.1 - - [13/Feb/2024 16:28:14] "GET /escortv2 HTTP/1.1" 200 -
[2024-02-13 16:28:14,249] INFO in _internal: 127.0.0.1 - - [13/Feb/2024 16:28:14] "[36mGET /static/css/escortv2.css HTTP/1.1[0m" 304 -
[2024-02-13 16:28:14,249] INFO in _internal: 127.0.0.1 - - [13/Feb/2024 16:28:14] "[36mGET /static/img/area.png HTTP/1.1[0m" 304 -
[2024-02-13 16:28:14,249] INFO in _internal: 127.0.0.1 - - [13/Feb/2024 16:28:14] "[36mGET /static/img/logo.png HTTP/1.1[0m" 304 -
[2024-02-13 16:28:14,262] INFO in _internal: 127.0.0.1 - - [13/Feb/2024 16:28:14] "GET /static/js/escortv2.js HTTP/1.1" 200 -
[2024-02-13 16:28:14,290] INFO in _internal: 127.0.0.1 - - [13/Feb/2024 16:28:14] "[36mGET /static/img/1.jpg HTTP/1.1[0m" 304 -
[2024-02-13 16:28:14,290] INFO in _internal: 127.0.0.1 - - [13/Feb/2024 16:28:14] "[36mGET /static/img/2.jpg HTTP/1.1[0m" 304 -
[2024-02-13 16:28:14,327] INFO in _internal: 127.0.0.1 - - [13/Feb/2024 16:28:14] "[36mGET /static/img/4.jpg HTTP/1.1[0m" 304 -
[2024-02-13 16:28:14,333] INFO in _internal: 127.0.0.1 - - [13/Feb/2024 16:28:14] "[36mGET /static/img/3.jpg HTTP/1.1[0m" 304 -
[2024-02-13 16:28:14,339] INFO in _internal: 127.0.0.1 - - [13/Feb/2024 16:28:14] "[36mGET /static/img/19.jpg HTTP/1.1[0m" 304 -
[2024-02-13 16:28:14,348] INFO in _internal: 127.0.0.1 - - [13/Feb/2024 16:28:14] "[36mGET /static/img/20.jpg HTTP/1.1[0m" 304 -
[2024-02-13 16:28:14,358] INFO in _internal: 127.0.0.1 - - [13/Feb/2024 16:28:14] "[36mGET /static/img/21.jpg HTTP/1.1[0m" 304 -
[2024-02-13 16:28:14,366] INFO in _internal: 127.0.0.1 - - [13/Feb/2024 16:28:14] "[36mGET /static/img/22.jpg HTTP/1.1[0m" 304 -
[2024-02-13 16:28:14,372] INFO in _internal: 127.0.0.1 - - [13/Feb/2024 16:28:14] "[36mGET /static/img/23.jpg HTTP/1.1[0m" 304 -
[2024-02-13 16:29:14,630] INFO in _internal: 127.0.0.1 - - [13/Feb/2024 16:29:14] "GET /escortv2 HTTP/1.1" 200 -
[2024-02-13 16:29:14,654] INFO in _internal: 127.0.0.1 - - [13/Feb/2024 16:29:14] "[36mGET /static/img/logo.png HTTP/1.1[0m" 304 -
[2024-02-13 16:29:14,655] INFO in _internal: 127.0.0.1 - - [13/Feb/2024 16:29:14] "[36mGET /static/css/escortv2.css HTTP/1.1[0m" 304 -
[2024-02-13 16:29:14,657] INFO in _internal: 127.0.0.1 - - [13/Feb/2024 16:29:14] "[36mGET /static/img/area.png HTTP/1.1[0m" 304 -
[2024-02-13 16:29:14,667] INFO in _internal: 127.0.0.1 - - [13/Feb/2024 16:29:14] "GET /static/js/escortv2.js HTTP/1.1" 200 -
[2024-02-13 16:29:14,724] INFO in _internal: 127.0.0.1 - - [13/Feb/2024 16:29:14] "[36mGET /static/img/1.jpg HTTP/1.1[0m" 304 -
[2024-02-13 16:29:14,732] INFO in _internal: 127.0.0.1 - - [13/Feb/2024 16:29:14] "[36mGET /static/img/2.jpg HTTP/1.1[0m" 304 -
[2024-02-13 16:29:14,743] INFO in _internal: 127.0.0.1 - - [13/Feb/2024 16:29:14] "[36mGET /static/img/3.jpg HTTP/1.1[0m" 304 -
[2024-02-13 16:29:14,750] INFO in _internal: 127.0.0.1 - - [13/Feb/2024 16:29:14] "[36mGET /static/img/4.jpg HTTP/1.1[0m" 304 -
[2024-02-13 16:29:14,753] INFO in _internal: 127.0.0.1 - - [13/Feb/2024 16:29:14] "[36mGET /static/img/19.jpg HTTP/1.1[0m" 304 -
[2024-02-13 16:29:14,759] INFO in _internal: 127.0.0.1 - - [13/Feb/2024 16:29:14] "[36mGET /static/img/20.jpg HTTP/1.1[0m" 304 -
[2024-02-13 16:29:14,771] INFO in _internal: 127.0.0.1 - - [13/Feb/2024 16:29:14] "[36mGET /static/img/21.jpg HTTP/1.1[0m" 304 -
[2024-02-13 16:29:14,783] INFO in _internal: 127.0.0.1 - - [13/Feb/2024 16:29:14] "[36mGET /static/img/22.jpg HTTP/1.1[0m" 304 -
[2024-02-13 16:29:14,789] INFO in _internal: 127.0.0.1 - - [13/Feb/2024 16:29:14] "[36mGET /static/img/23.jpg HTTP/1.1[0m" 304 -
[2024-02-13 16:29:29,892] INFO in _internal: 127.0.0.1 - - [13/Feb/2024 16:29:29] "GET /escortv2 HTTP/1.1" 200 -
[2024-02-13 16:29:29,918] INFO in _internal: 127.0.0.1 - - [13/Feb/2024 16:29:29] "[36mGET /static/css/escortv2.css HTTP/1.1[0m" 304 -
[2024-02-13 16:29:29,920] INFO in _internal: 127.0.0.1 - - [13/Feb/2024 16:29:29] "[36mGET /static/img/logo.png HTTP/1.1[0m" 304 -
[2024-02-13 16:29:29,922] INFO in _internal: 127.0.0.1 - - [13/Feb/2024 16:29:29] "[36mGET /static/img/area.png HTTP/1.1[0m" 304 -
[2024-02-13 16:29:29,937] INFO in _internal: 127.0.0.1 - - [13/Feb/2024 16:29:29] "GET /static/js/escortv2.js HTTP/1.1" 200 -
[2024-02-13 16:29:29,987] INFO in _internal: 127.0.0.1 - - [13/Feb/2024 16:29:29] "[36mGET /static/img/1.jpg HTTP/1.1[0m" 304 -
[2024-02-13 16:29:30,002] INFO in _internal: 127.0.0.1 - - [13/Feb/2024 16:29:30] "[36mGET /static/img/2.jpg HTTP/1.1[0m" 304 -
[2024-02-13 16:29:30,002] INFO in _internal: 127.0.0.1 - - [13/Feb/2024 16:29:30] "[36mGET /static/img/4.jpg HTTP/1.1[0m" 304 -
[2024-02-13 16:29:30,004] INFO in _internal: 127.0.0.1 - - [13/Feb/2024 16:29:30] "[36mGET /static/img/3.jpg HTTP/1.1[0m" 304 -
[2024-02-13 16:29:30,004] INFO in _internal: 127.0.0.1 - - [13/Feb/2024 16:29:30] "[36mGET /static/img/19.jpg HTTP/1.1[0m" 304 -
[2024-02-13 16:29:30,007] INFO in _internal: 127.0.0.1 - - [13/Feb/2024 16:29:30] "[36mGET /static/img/20.jpg HTTP/1.1[0m" 304 -
[2024-02-13 16:29:30,013] INFO in _internal: 127.0.0.1 - - [13/Feb/2024 16:29:30] "[36mGET /static/img/21.jpg HTTP/1.1[0m" 304 -
[2024-02-13 16:29:30,026] INFO in _internal: 127.0.0.1 - - [13/Feb/2024 16:29:30] "[36mGET /static/img/22.jpg HTTP/1.1[0m" 304 -
[2024-02-13 16:29:30,033] INFO in _internal: 127.0.0.1 - - [13/Feb/2024 16:29:30] "[36mGET /static/img/23.jpg HTTP/1.1[0m" 304 -
[2024-02-13 16:31:08,538] INFO in _internal: 127.0.0.1 - - [13/Feb/2024 16:31:08] "GET /escortv2 HTTP/1.1" 200 -
[2024-02-13 16:31:08,562] INFO in _internal: 127.0.0.1 - - [13/Feb/2024 16:31:08] "[36mGET /static/css/escortv2.css HTTP/1.1[0m" 304 -
[2024-02-13 16:31:08,564] INFO in _internal: 127.0.0.1 - - [13/Feb/2024 16:31:08] "[36mGET /static/img/logo.png HTTP/1.1[0m" 304 -
[2024-02-13 16:31:08,567] INFO in _internal: 127.0.0.1 - - [13/Feb/2024 16:31:08] "[36mGET /static/img/area.png HTTP/1.1[0m" 304 -
[2024-02-13 16:31:08,581] INFO in _internal: 127.0.0.1 - - [13/Feb/2024 16:31:08] "GET /static/js/escortv2.js HTTP/1.1" 200 -
[2024-02-13 16:31:08,627] INFO in _internal: 127.0.0.1 - - [13/Feb/2024 16:31:08] "[36mGET /static/img/1.jpg HTTP/1.1[0m" 304 -
[2024-02-13 16:31:08,633] INFO in _internal: 127.0.0.1 - - [13/Feb/2024 16:31:08] "[36mGET /static/img/2.jpg HTTP/1.1[0m" 304 -
[2024-02-13 16:31:08,642] INFO in _internal: 127.0.0.1 - - [13/Feb/2024 16:31:08] "[36mGET /static/img/3.jpg HTTP/1.1[0m" 304 -
[2024-02-13 16:31:08,655] INFO in _internal: 127.0.0.1 - - [13/Feb/2024 16:31:08] "[36mGET /static/img/4.jpg HTTP/1.1[0m" 304 -
[2024-02-13 16:31:08,658] INFO in _internal: 127.0.0.1 - - [13/Feb/2024 16:31:08] "[36mGET /static/img/19.jpg HTTP/1.1[0m" 304 -
[2024-02-13 16:31:08,663] INFO in _internal: 127.0.0.1 - - [13/Feb/2024 16:31:08] "[36mGET /static/img/20.jpg HTTP/1.1[0m" 304 -
[2024-02-13 16:31:08,676] INFO in _internal: 127.0.0.1 - - [13/Feb/2024 16:31:08] "[36mGET /static/img/21.jpg HTTP/1.1[0m" 304 -
[2024-02-13 16:31:08,677] INFO in _internal: 127.0.0.1 - - [13/Feb/2024 16:31:08] "[36mGET /static/img/22.jpg HTTP/1.1[0m" 304 -
[2024-02-13 16:31:08,679] INFO in _internal: 127.0.0.1 - - [13/Feb/2024 16:31:08] "[36mGET /static/img/23.jpg HTTP/1.1[0m" 304 -
[2024-02-13 16:32:46,494] INFO in _internal: 127.0.0.1 - - [13/Feb/2024 16:32:46] "GET /escortv2 HTTP/1.1" 200 -
[2024-02-13 16:32:46,520] INFO in _internal: 127.0.0.1 - - [13/Feb/2024 16:32:46] "[36mGET /static/css/escortv2.css HTTP/1.1[0m" 304 -
[2024-02-13 16:32:46,521] INFO in _internal: 127.0.0.1 - - [13/Feb/2024 16:32:46] "[36mGET /static/img/logo.png HTTP/1.1[0m" 304 -
[2024-02-13 16:32:46,523] INFO in _internal: 127.0.0.1 - - [13/Feb/2024 16:32:46] "[36mGET /static/img/area.png HTTP/1.1[0m" 304 -
[2024-02-13 16:32:46,538] INFO in _internal: 127.0.0.1 - - [13/Feb/2024 16:32:46] "GET /static/js/escortv2.js HTTP/1.1" 200 -
[2024-02-13 16:32:46,579] INFO in _internal: 127.0.0.1 - - [13/Feb/2024 16:32:46] "[36mGET /static/img/3.jpg HTTP/1.1[0m" 304 -
[2024-02-13 16:32:46,581] INFO in _internal: 127.0.0.1 - - [13/Feb/2024 16:32:46] "[36mGET /static/img/2.jpg HTTP/1.1[0m" 304 -
[2024-02-13 16:32:46,584] INFO in _internal: 127.0.0.1 - - [13/Feb/2024 16:32:46] "[36mGET /static/img/1.jpg HTTP/1.1[0m" 304 -
[2024-02-13 16:32:46,613] INFO in _internal: 127.0.0.1 - - [13/Feb/2024 16:32:46] "[36mGET /static/img/19.jpg HTTP/1.1[0m" 304 -
[2024-02-13 16:32:46,615] INFO in _internal: 127.0.0.1 - - [13/Feb/2024 16:32:46] "[36mGET /static/img/4.jpg HTTP/1.1[0m" 304 -
[2024-02-13 16:32:46,621] INFO in _internal: 127.0.0.1 - - [13/Feb/2024 16:32:46] "[36mGET /static/img/20.jpg HTTP/1.1[0m" 304 -
[2024-02-13 16:32:46,629] INFO in _internal: 127.0.0.1 - - [13/Feb/2024 16:32:46] "[36mGET /static/img/21.jpg HTTP/1.1[0m" 304 -
[2024-02-13 16:32:46,634] INFO in _internal: 127.0.0.1 - - [13/Feb/2024 16:32:46] "[36mGET /static/img/22.jpg HTTP/1.1[0m" 304 -
[2024-02-13 16:32:46,638] INFO in _internal: 127.0.0.1 - - [13/Feb/2024 16:32:46] "[36mGET /static/img/23.jpg HTTP/1.1[0m" 304 -
[2024-02-13 16:33:05,925] INFO in _internal: 127.0.0.1 - - [13/Feb/2024 16:33:05] "GET /escortv2 HTTP/1.1" 200 -
[2024-02-13 16:33:05,942] INFO in _internal: 127.0.0.1 - - [13/Feb/2024 16:33:05] "[36mGET /static/css/escortv2.css HTTP/1.1[0m" 304 -
[2024-02-13 16:33:05,955] INFO in _internal: 127.0.0.1 - - [13/Feb/2024 16:33:05] "[36mGET /static/img/area.png HTTP/1.1[0m" 304 -
[2024-02-13 16:33:05,956] INFO in _internal: 127.0.0.1 - - [13/Feb/2024 16:33:05] "[36mGET /static/img/logo.png HTTP/1.1[0m" 304 -
[2024-02-13 16:33:05,965] INFO in _internal: 127.0.0.1 - - [13/Feb/2024 16:33:05] "[36mGET /static/js/escortv2.js HTTP/1.1[0m" 304 -
[2024-02-13 16:33:06,002] INFO in _internal: 127.0.0.1 - - [13/Feb/2024 16:33:06] "[36mGET /static/img/1.jpg HTTP/1.1[0m" 304 -
[2024-02-13 16:33:06,009] INFO in _internal: 127.0.0.1 - - [13/Feb/2024 16:33:06] "[36mGET /static/img/2.jpg HTTP/1.1[0m" 304 -
[2024-02-13 16:33:06,013] INFO in _internal: 127.0.0.1 - - [13/Feb/2024 16:33:06] "[36mGET /static/img/4.jpg HTTP/1.1[0m" 304 -
[2024-02-13 16:33:06,013] INFO in _internal: 127.0.0.1 - - [13/Feb/2024 16:33:06] "[36mGET /static/img/3.jpg HTTP/1.1[0m" 304 -
[2024-02-13 16:33:06,021] INFO in _internal: 127.0.0.1 - - [13/Feb/2024 16:33:06] "[36mGET /static/img/19.jpg HTTP/1.1[0m" 304 -
[2024-02-13 16:33:06,032] INFO in _internal: 127.0.0.1 - - [13/Feb/2024 16:33:06] "[36mGET /static/img/20.jpg HTTP/1.1[0m" 304 -
[2024-02-13 16:33:06,039] INFO in _internal: 127.0.0.1 - - [13/Feb/2024 16:33:06] "[36mGET /static/img/21.jpg HTTP/1.1[0m" 304 -
[2024-02-13 16:33:06,044] INFO in _internal: 127.0.0.1 - - [13/Feb/2024 16:33:06] "[36mGET /static/img/22.jpg HTTP/1.1[0m" 304 -
[2024-02-13 16:33:06,047] INFO in _internal: 127.0.0.1 - - [13/Feb/2024 16:33:06] "[36mGET /static/img/23.jpg HTTP/1.1[0m" 304 -
[2024-02-13 16:33:12,237] INFO in _internal: 127.0.0.1 - - [13/Feb/2024 16:33:12] "GET /escortv2 HTTP/1.1" 200 -
[2024-02-13 16:33:12,255] INFO in _internal: 127.0.0.1 - - [13/Feb/2024 16:33:12] "GET /static/css/escortv2.css HTTP/1.1" 200 -
[2024-02-13 16:33:12,257] INFO in _internal: 127.0.0.1 - - [13/Feb/2024 16:33:12] "GET /static/img/logo.png HTTP/1.1" 200 -
[2024-02-13 16:33:12,259] INFO in _internal: 127.0.0.1 - - [13/Feb/2024 16:33:12] "GET /static/img/area.png HTTP/1.1" 200 -
[2024-02-13 16:33:12,274] INFO in _internal: 127.0.0.1 - - [13/Feb/2024 16:33:12] "GET /static/js/escortv2.js HTTP/1.1" 200 -
[2024-02-13 16:33:12,400] INFO in _internal: 127.0.0.1 - - [13/Feb/2024 16:33:12] "GET /static/img/4.jpg HTTP/1.1" 200 -
[2024-02-13 16:33:12,402] INFO in _internal: 127.0.0.1 - - [13/Feb/2024 16:33:12] "GET /static/img/2.jpg HTTP/1.1" 200 -
[2024-02-13 16:33:12,402] INFO in _internal: 127.0.0.1 - - [13/Feb/2024 16:33:12] "GET /static/img/3.jpg HTTP/1.1" 200 -
[2024-02-13 16:33:12,402] INFO in _internal: 127.0.0.1 - - [13/Feb/2024 16:33:12] "GET /static/img/1.jpg HTTP/1.1" 200 -
[2024-02-13 16:33:12,403] INFO in _internal: 127.0.0.1 - - [13/Feb/2024 16:33:12] "GET /static/img/19.jpg HTTP/1.1" 200 -
[2024-02-13 16:33:12,406] INFO in _internal: 127.0.0.1 - - [13/Feb/2024 16:33:12] "GET /static/img/20.jpg HTTP/1.1" 200 -
[2024-02-13 16:33:12,446] INFO in _internal: 127.0.0.1 - - [13/Feb/2024 16:33:12] "GET /static/img/21.jpg HTTP/1.1" 200 -
[2024-02-13 16:33:12,450] INFO in _internal: 127.0.0.1 - - [13/Feb/2024 16:33:12] "GET /static/img/22.jpg HTTP/1.1" 200 -
[2024-02-13 16:33:12,462] INFO in _internal: 127.0.0.1 - - [13/Feb/2024 16:33:12] "GET /static/img/23.jpg HTTP/1.1" 200 -
[2024-02-13 16:33:42,861] INFO in _internal: 127.0.0.1 - - [13/Feb/2024 16:33:42] "GET /escortv2 HTTP/1.1" 200 -
[2024-02-13 16:33:42,894] INFO in _internal: 127.0.0.1 - - [13/Feb/2024 16:33:42] "[36mGET /static/css/escortv2.css HTTP/1.1[0m" 304 -
[2024-02-13 16:33:42,895] INFO in _internal: 127.0.0.1 - - [13/Feb/2024 16:33:42] "[36mGET /static/img/logo.png HTTP/1.1[0m" 304 -
[2024-02-13 16:33:42,896] INFO in _internal: 127.0.0.1 - - [13/Feb/2024 16:33:42] "[36mGET /static/img/area.png HTTP/1.1[0m" 304 -
[2024-02-13 16:33:42,912] INFO in _internal: 127.0.0.1 - - [13/Feb/2024 16:33:42] "[36mGET /static/js/escortv2.js HTTP/1.1[0m" 304 -
[2024-02-13 16:33:42,962] INFO in _internal: 127.0.0.1 - - [13/Feb/2024 16:33:42] "[36mGET /static/img/1.jpg HTTP/1.1[0m" 304 -
[2024-02-13 16:33:42,984] INFO in _internal: 127.0.0.1 - - [13/Feb/2024 16:33:42] "[36mGET /static/img/2.jpg HTTP/1.1[0m" 304 -
[2024-02-13 16:33:42,988] INFO in _internal: 127.0.0.1 - - [13/Feb/2024 16:33:42] "[36mGET /static/img/4.jpg HTTP/1.1[0m" 304 -
[2024-02-13 16:33:42,988] INFO in _internal: 127.0.0.1 - - [13/Feb/2024 16:33:42] "[36mGET /static/img/3.jpg HTTP/1.1[0m" 304 -
[2024-02-13 16:33:42,992] INFO in _internal: 127.0.0.1 - - [13/Feb/2024 16:33:42] "[36mGET /static/img/20.jpg HTTP/1.1[0m" 304 -
[2024-02-13 16:33:42,998] INFO in _internal: 127.0.0.1 - - [13/Feb/2024 16:33:42] "[36mGET /static/img/19.jpg HTTP/1.1[0m" 304 -
[2024-02-13 16:33:43,001] INFO in _internal: 127.0.0.1 - - [13/Feb/2024 16:33:43] "[36mGET /static/img/21.jpg HTTP/1.1[0m" 304 -
[2024-02-13 16:33:43,019] INFO in _internal: 127.0.0.1 - - [13/Feb/2024 16:33:43] "[36mGET /static/img/22.jpg HTTP/1.1[0m" 304 -
[2024-02-13 16:33:43,022] INFO in _internal: 127.0.0.1 - - [13/Feb/2024 16:33:43] "[36mGET /static/img/23.jpg HTTP/1.1[0m" 304 -
[2024-02-13 16:34:19,672] INFO in _internal: 127.0.0.1 - - [13/Feb/2024 16:34:19] "GET /escortv2 HTTP/1.1" 200 -
[2024-02-13 16:34:19,702] INFO in _internal: 127.0.0.1 - - [13/Feb/2024 16:34:19] "[36mGET /static/css/escortv2.css HTTP/1.1[0m" 304 -
[2024-02-13 16:34:19,707] INFO in _internal: 127.0.0.1 - - [13/Feb/2024 16:34:19] "[36mGET /static/img/logo.png HTTP/1.1[0m" 304 -
[2024-02-13 16:34:19,710] INFO in _internal: 127.0.0.1 - - [13/Feb/2024 16:34:19] "[36mGET /static/img/area.png HTTP/1.1[0m" 304 -
[2024-02-13 16:34:19,721] INFO in _internal: 127.0.0.1 - - [13/Feb/2024 16:34:19] "GET /static/js/escortv2.js HTTP/1.1" 200 -
[2024-02-13 16:34:19,765] INFO in _internal: 127.0.0.1 - - [13/Feb/2024 16:34:19] "[36mGET /static/img/1.jpg HTTP/1.1[0m" 304 -
[2024-02-13 16:34:19,770] INFO in _internal: 127.0.0.1 - - [13/Feb/2024 16:34:19] "[36mGET /static/img/2.jpg HTTP/1.1[0m" 304 -
[2024-02-13 16:34:19,797] INFO in _internal: 127.0.0.1 - - [13/Feb/2024 16:34:19] "[36mGET /static/img/3.jpg HTTP/1.1[0m" 304 -
[2024-02-13 16:34:19,812] INFO in _internal: 127.0.0.1 - - [13/Feb/2024 16:34:19] "[36mGET /static/img/4.jpg HTTP/1.1[0m" 304 -
[2024-02-13 16:34:19,817] INFO in _internal: 127.0.0.1 - - [13/Feb/2024 16:34:19] "[36mGET /static/img/19.jpg HTTP/1.1[0m" 304 -
[2024-02-13 16:34:19,822] INFO in _internal: 127.0.0.1 - - [13/Feb/2024 16:34:19] "[36mGET /static/img/20.jpg HTTP/1.1[0m" 304 -
[2024-02-13 16:34:19,832] INFO in _internal: 127.0.0.1 - - [13/Feb/2024 16:34:19] "[36mGET /static/img/21.jpg HTTP/1.1[0m" 304 -
[2024-02-13 16:34:19,844] INFO in _internal: 127.0.0.1 - - [13/Feb/2024 16:34:19] "[36mGET /static/img/22.jpg HTTP/1.1[0m" 304 -
[2024-02-13 16:34:19,866] INFO in _internal: 127.0.0.1 - - [13/Feb/2024 16:34:19] "[36mGET /static/img/23.jpg HTTP/1.1[0m" 304 -
[2024-02-13 16:34:20,537] INFO in _internal: 127.0.0.1 - - [13/Feb/2024 16:34:20] "GET /escortv2 HTTP/1.1" 200 -
[2024-02-13 16:34:20,555] INFO in _internal: 127.0.0.1 - - [13/Feb/2024 16:34:20] "[36mGET /static/css/escortv2.css HTTP/1.1[0m" 304 -
[2024-02-13 16:34:20,557] INFO in _internal: 127.0.0.1 - - [13/Feb/2024 16:34:20] "[36mGET /static/img/logo.png HTTP/1.1[0m" 304 -
[2024-02-13 16:34:20,559] INFO in _internal: 127.0.0.1 - - [13/Feb/2024 16:34:20] "[36mGET /static/img/area.png HTTP/1.1[0m" 304 -
[2024-02-13 16:34:20,570] INFO in _internal: 127.0.0.1 - - [13/Feb/2024 16:34:20] "[36mGET /static/js/escortv2.js HTTP/1.1[0m" 304 -
[2024-02-13 16:34:20,612] INFO in _internal: 127.0.0.1 - - [13/Feb/2024 16:34:20] "[36mGET /static/img/1.jpg HTTP/1.1[0m" 304 -
[2024-02-13 16:34:20,621] INFO in _internal: 127.0.0.1 - - [13/Feb/2024 16:34:20] "[36mGET /static/img/2.jpg HTTP/1.1[0m" 304 -
[2024-02-13 16:34:20,625] INFO in _internal: 127.0.0.1 - - [13/Feb/2024 16:34:20] "[36mGET /static/img/3.jpg HTTP/1.1[0m" 304 -
[2024-02-13 16:34:20,641] INFO in _internal: 127.0.0.1 - - [13/Feb/2024 16:34:20] "[36mGET /static/img/4.jpg HTTP/1.1[0m" 304 -
[2024-02-13 16:34:20,653] INFO in _internal: 127.0.0.1 - - [13/Feb/2024 16:34:20] "[36mGET /static/img/19.jpg HTTP/1.1[0m" 304 -
[2024-02-13 16:34:20,654] INFO in _internal: 127.0.0.1 - - [13/Feb/2024 16:34:20] "[36mGET /static/img/20.jpg HTTP/1.1[0m" 304 -
[2024-02-13 16:34:20,658] INFO in _internal: 127.0.0.1 - - [13/Feb/2024 16:34:20] "[36mGET /static/img/21.jpg HTTP/1.1[0m" 304 -
[2024-02-13 16:34:20,659] INFO in _internal: 127.0.0.1 - - [13/Feb/2024 16:34:20] "[36mGET /static/img/22.jpg HTTP/1.1[0m" 304 -
[2024-02-13 16:34:20,661] INFO in _internal: 127.0.0.1 - - [13/Feb/2024 16:34:20] "[36mGET /static/img/23.jpg HTTP/1.1[0m" 304 -
[2024-02-13 16:34:52,080] INFO in _internal: 127.0.0.1 - - [13/Feb/2024 16:34:52] "GET /escortv2 HTTP/1.1" 200 -
[2024-02-13 16:34:52,110] INFO in _internal: 127.0.0.1 - - [13/Feb/2024 16:34:52] "[36mGET /static/css/escortv2.css HTTP/1.1[0m" 304 -
[2024-02-13 16:34:52,111] INFO in _internal: 127.0.0.1 - - [13/Feb/2024 16:34:52] "[36mGET /static/img/logo.png HTTP/1.1[0m" 304 -
[2024-02-13 16:34:52,112] INFO in _internal: 127.0.0.1 - - [13/Feb/2024 16:34:52] "[36mGET /static/img/area.png HTTP/1.1[0m" 304 -
[2024-02-13 16:34:52,128] INFO in _internal: 127.0.0.1 - - [13/Feb/2024 16:34:52] "GET /static/js/escortv2.js HTTP/1.1" 200 -
[2024-02-13 16:34:52,164] INFO in _internal: 127.0.0.1 - - [13/Feb/2024 16:34:52] "[36mGET /static/img/1.jpg HTTP/1.1[0m" 304 -
[2024-02-13 16:34:52,184] INFO in _internal: 127.0.0.1 - - [13/Feb/2024 16:34:52] "[36mGET /static/img/3.jpg HTTP/1.1[0m" 304 -
[2024-02-13 16:34:52,186] INFO in _internal: 127.0.0.1 - - [13/Feb/2024 16:34:52] "[36mGET /static/img/4.jpg HTTP/1.1[0m" 304 -
[2024-02-13 16:34:52,192] INFO in _internal: 127.0.0.1 - - [13/Feb/2024 16:34:52] "[36mGET /static/img/2.jpg HTTP/1.1[0m" 304 -
[2024-02-13 16:34:52,196] INFO in _internal: 127.0.0.1 - - [13/Feb/2024 16:34:52] "[36mGET /static/img/20.jpg HTTP/1.1[0m" 304 -
[2024-02-13 16:34:52,196] INFO in _internal: 127.0.0.1 - - [13/Feb/2024 16:34:52] "[36mGET /static/img/19.jpg HTTP/1.1[0m" 304 -
[2024-02-13 16:34:52,202] INFO in _internal: 127.0.0.1 - - [13/Feb/2024 16:34:52] "[36mGET /static/img/21.jpg HTTP/1.1[0m" 304 -
[2024-02-13 16:34:52,208] INFO in _internal: 127.0.0.1 - - [13/Feb/2024 16:34:52] "[36mGET /static/img/22.jpg HTTP/1.1[0m" 304 -
[2024-02-13 16:34:52,217] INFO in _internal: 127.0.0.1 - - [13/Feb/2024 16:34:52] "[36mGET /static/img/23.jpg HTTP/1.1[0m" 304 -
[2024-02-13 16:35:49,923] INFO in _internal: 127.0.0.1 - - [13/Feb/2024 16:35:49] "GET /escortv2 HTTP/1.1" 200 -
[2024-02-13 16:35:49,960] INFO in _internal: 127.0.0.1 - - [13/Feb/2024 16:35:49] "[36mGET /static/css/escortv2.css HTTP/1.1[0m" 304 -
[2024-02-13 16:35:49,962] INFO in _internal: 127.0.0.1 - - [13/Feb/2024 16:35:49] "[36mGET /static/img/logo.png HTTP/1.1[0m" 304 -
[2024-02-13 16:35:49,964] INFO in _internal: 127.0.0.1 - - [13/Feb/2024 16:35:49] "[36mGET /static/img/area.png HTTP/1.1[0m" 304 -
[2024-02-13 16:35:49,978] INFO in _internal: 127.0.0.1 - - [13/Feb/2024 16:35:49] "GET /static/js/escortv2.js HTTP/1.1" 200 -
[2024-02-13 16:35:50,018] INFO in _internal: 127.0.0.1 - - [13/Feb/2024 16:35:50] "[36mGET /static/img/1.jpg HTTP/1.1[0m" 304 -
[2024-02-13 16:35:50,019] INFO in _internal: 127.0.0.1 - - [13/Feb/2024 16:35:50] "[36mGET /static/img/2.jpg HTTP/1.1[0m" 304 -
[2024-02-13 16:35:50,027] INFO in _internal: 127.0.0.1 - - [13/Feb/2024 16:35:50] "[36mGET /static/img/3.jpg HTTP/1.1[0m" 304 -
[2024-02-13 16:35:50,040] INFO in _internal: 127.0.0.1 - - [13/Feb/2024 16:35:50] "[36mGET /static/img/4.jpg HTTP/1.1[0m" 304 -
[2024-02-13 16:35:50,056] INFO in _internal: 127.0.0.1 - - [13/Feb/2024 16:35:50] "[36mGET /static/img/19.jpg HTTP/1.1[0m" 304 -
[2024-02-13 16:35:50,064] INFO in _internal: 127.0.0.1 - - [13/Feb/2024 16:35:50] "[36mGET /static/img/20.jpg HTTP/1.1[0m" 304 -
[2024-02-13 16:35:50,069] INFO in _internal: 127.0.0.1 - - [13/Feb/2024 16:35:50] "[36mGET /static/img/21.jpg HTTP/1.1[0m" 304 -
[2024-02-13 16:35:50,077] INFO in _internal: 127.0.0.1 - - [13/Feb/2024 16:35:50] "[36mGET /static/img/22.jpg HTTP/1.1[0m" 304 -
[2024-02-13 16:35:50,078] INFO in _internal: 127.0.0.1 - - [13/Feb/2024 16:35:50] "[36mGET /static/img/23.jpg HTTP/1.1[0m" 304 -
[2024-02-13 16:36:16,777] INFO in _internal: 127.0.0.1 - - [13/Feb/2024 16:36:16] "GET /escortv2 HTTP/1.1" 200 -
[2024-02-13 16:36:16,802] INFO in _internal: 127.0.0.1 - - [13/Feb/2024 16:36:16] "[36mGET /static/css/escortv2.css HTTP/1.1[0m" 304 -
[2024-02-13 16:36:16,803] INFO in _internal: 127.0.0.1 - - [13/Feb/2024 16:36:16] "[36mGET /static/img/logo.png HTTP/1.1[0m" 304 -
[2024-02-13 16:36:16,804] INFO in _internal: 127.0.0.1 - - [13/Feb/2024 16:36:16] "[36mGET /static/img/area.png HTTP/1.1[0m" 304 -
[2024-02-13 16:36:16,819] INFO in _internal: 127.0.0.1 - - [13/Feb/2024 16:36:16] "GET /static/js/escortv2.js HTTP/1.1" 200 -
[2024-02-13 16:36:16,851] INFO in _internal: 127.0.0.1 - - [13/Feb/2024 16:36:16] "[36mGET /static/img/2.jpg HTTP/1.1[0m" 304 -
[2024-02-13 16:36:16,851] INFO in _internal: 127.0.0.1 - - [13/Feb/2024 16:36:16] "[36mGET /static/img/3.jpg HTTP/1.1[0m" 304 -
[2024-02-13 16:36:16,851] INFO in _internal: 127.0.0.1 - - [13/Feb/2024 16:36:16] "[36mGET /static/img/1.jpg HTTP/1.1[0m" 304 -
[2024-02-13 16:36:16,881] INFO in _internal: 127.0.0.1 - - [13/Feb/2024 16:36:16] "[36mGET /static/img/4.jpg HTTP/1.1[0m" 304 -
[2024-02-13 16:36:16,889] INFO in _internal: 127.0.0.1 - - [13/Feb/2024 16:36:16] "[36mGET /static/img/19.jpg HTTP/1.1[0m" 304 -
[2024-02-13 16:36:16,891] INFO in _internal: 127.0.0.1 - - [13/Feb/2024 16:36:16] "[36mGET /static/img/20.jpg HTTP/1.1[0m" 304 -
[2024-02-13 16:36:16,896] INFO in _internal: 127.0.0.1 - - [13/Feb/2024 16:36:16] "[36mGET /static/img/21.jpg HTTP/1.1[0m" 304 -
[2024-02-13 16:36:16,900] INFO in _internal: 127.0.0.1 - - [13/Feb/2024 16:36:16] "[36mGET /static/img/22.jpg HTTP/1.1[0m" 304 -
[2024-02-13 16:36:16,906] INFO in _internal: 127.0.0.1 - - [13/Feb/2024 16:36:16] "[36mGET /static/img/23.jpg HTTP/1.1[0m" 304 -
[2024-02-13 16:36:33,217] INFO in _internal: 127.0.0.1 - - [13/Feb/2024 16:36:33] "GET /escortv2 HTTP/1.1" 200 -
[2024-02-13 16:36:33,247] INFO in _internal: 127.0.0.1 - - [13/Feb/2024 16:36:33] "[36mGET /static/css/escortv2.css HTTP/1.1[0m" 304 -
[2024-02-13 16:36:33,249] INFO in _internal: 127.0.0.1 - - [13/Feb/2024 16:36:33] "[36mGET /static/img/logo.png HTTP/1.1[0m" 304 -
[2024-02-13 16:36:33,252] INFO in _internal: 127.0.0.1 - - [13/Feb/2024 16:36:33] "[36mGET /static/img/area.png HTTP/1.1[0m" 304 -
[2024-02-13 16:36:33,262] INFO in _internal: 127.0.0.1 - - [13/Feb/2024 16:36:33] "[36mGET /static/js/escortv2.js HTTP/1.1[0m" 304 -
[2024-02-13 16:36:33,329] INFO in _internal: 127.0.0.1 - - [13/Feb/2024 16:36:33] "[36mGET /static/img/1.jpg HTTP/1.1[0m" 304 -
[2024-02-13 16:36:33,341] INFO in _internal: 127.0.0.1 - - [13/Feb/2024 16:36:33] "[36mGET /static/img/3.jpg HTTP/1.1[0m" 304 -
[2024-02-13 16:36:33,345] INFO in _internal: 127.0.0.1 - - [13/Feb/2024 16:36:33] "[36mGET /static/img/2.jpg HTTP/1.1[0m" 304 -
[2024-02-13 16:36:33,359] INFO in _internal: 127.0.0.1 - - [13/Feb/2024 16:36:33] "[36mGET /static/img/4.jpg HTTP/1.1[0m" 304 -
[2024-02-13 16:36:33,362] INFO in _internal: 127.0.0.1 - - [13/Feb/2024 16:36:33] "[36mGET /static/img/19.jpg HTTP/1.1[0m" 304 -
[2024-02-13 16:36:33,378] INFO in _internal: 127.0.0.1 - - [13/Feb/2024 16:36:33] "[36mGET /static/img/21.jpg HTTP/1.1[0m" 304 -
[2024-02-13 16:36:33,379] INFO in _internal: 127.0.0.1 - - [13/Feb/2024 16:36:33] "[36mGET /static/img/20.jpg HTTP/1.1[0m" 304 -
[2024-02-13 16:36:33,380] INFO in _internal: 127.0.0.1 - - [13/Feb/2024 16:36:33] "[36mGET /static/img/23.jpg HTTP/1.1[0m" 304 -
[2024-02-13 16:36:33,382] INFO in _internal: 127.0.0.1 - - [13/Feb/2024 16:36:33] "[36mGET /static/img/22.jpg HTTP/1.1[0m" 304 -
[2024-02-13 16:37:39,013] INFO in _internal: 127.0.0.1 - - [13/Feb/2024 16:37:39] "GET /escortv2 HTTP/1.1" 200 -
[2024-02-13 16:37:39,039] INFO in _internal: 127.0.0.1 - - [13/Feb/2024 16:37:39] "[36mGET /static/img/logo.png HTTP/1.1[0m" 304 -
[2024-02-13 16:37:39,040] INFO in _internal: 127.0.0.1 - - [13/Feb/2024 16:37:39] "[36mGET /static/css/escortv2.css HTTP/1.1[0m" 304 -
[2024-02-13 16:37:39,040] INFO in _internal: 127.0.0.1 - - [13/Feb/2024 16:37:39] "[36mGET /static/img/area.png HTTP/1.1[0m" 304 -
[2024-02-13 16:37:39,055] INFO in _internal: 127.0.0.1 - - [13/Feb/2024 16:37:39] "GET /static/js/escortv2.js HTTP/1.1" 200 -
[2024-02-13 16:37:39,133] INFO in _internal: 127.0.0.1 - - [13/Feb/2024 16:37:39] "[36mGET /static/img/1.jpg HTTP/1.1[0m" 304 -
[2024-02-13 16:37:39,139] INFO in _internal: 127.0.0.1 - - [13/Feb/2024 16:37:39] "[36mGET /static/img/3.jpg HTTP/1.1[0m" 304 -
[2024-02-13 16:37:39,144] INFO in _internal: 127.0.0.1 - - [13/Feb/2024 16:37:39] "[36mGET /static/img/2.jpg HTTP/1.1[0m" 304 -
[2024-02-13 16:37:39,149] INFO in _internal: 127.0.0.1 - - [13/Feb/2024 16:37:39] "[36mGET /static/img/4.jpg HTTP/1.1[0m" 304 -
[2024-02-13 16:37:39,155] INFO in _internal: 127.0.0.1 - - [13/Feb/2024 16:37:39] "[36mGET /static/img/19.jpg HTTP/1.1[0m" 304 -
[2024-02-13 16:37:39,160] INFO in _internal: 127.0.0.1 - - [13/Feb/2024 16:37:39] "[36mGET /static/img/21.jpg HTTP/1.1[0m" 304 -
[2024-02-13 16:37:39,163] INFO in _internal: 127.0.0.1 - - [13/Feb/2024 16:37:39] "[36mGET /static/img/20.jpg HTTP/1.1[0m" 304 -
[2024-02-13 16:37:39,170] INFO in _internal: 127.0.0.1 - - [13/Feb/2024 16:37:39] "[36mGET /static/img/22.jpg HTTP/1.1[0m" 304 -
[2024-02-13 16:37:39,172] INFO in _internal: 127.0.0.1 - - [13/Feb/2024 16:37:39] "[36mGET /static/img/23.jpg HTTP/1.1[0m" 304 -
[2024-02-13 16:39:46,154] INFO in _internal: 127.0.0.1 - - [13/Feb/2024 16:39:46] "GET /escortv2 HTTP/1.1" 200 -
[2024-02-13 16:39:46,178] INFO in _internal: 127.0.0.1 - - [13/Feb/2024 16:39:46] "[36mGET /static/css/escortv2.css HTTP/1.1[0m" 304 -
[2024-02-13 16:39:46,181] INFO in _internal: 127.0.0.1 - - [13/Feb/2024 16:39:46] "[36mGET /static/img/logo.png HTTP/1.1[0m" 304 -
[2024-02-13 16:39:46,182] INFO in _internal: 127.0.0.1 - - [13/Feb/2024 16:39:46] "[36mGET /static/img/area.png HTTP/1.1[0m" 304 -
[2024-02-13 16:39:46,199] INFO in _internal: 127.0.0.1 - - [13/Feb/2024 16:39:46] "GET /static/js/escortv2.js HTTP/1.1" 200 -
[2024-02-13 16:39:46,269] INFO in _internal: 127.0.0.1 - - [13/Feb/2024 16:39:46] "[36mGET /static/img/1.jpg HTTP/1.1[0m" 304 -
[2024-02-13 16:39:46,272] INFO in _internal: 127.0.0.1 - - [13/Feb/2024 16:39:46] "[36mGET /static/img/2.jpg HTTP/1.1[0m" 304 -
[2024-02-13 16:39:46,275] INFO in _internal: 127.0.0.1 - - [13/Feb/2024 16:39:46] "[36mGET /static/img/3.jpg HTTP/1.1[0m" 304 -
[2024-02-13 16:39:46,281] INFO in _internal: 127.0.0.1 - - [13/Feb/2024 16:39:46] "[36mGET /static/img/4.jpg HTTP/1.1[0m" 304 -
[2024-02-13 16:39:46,285] INFO in _internal: 127.0.0.1 - - [13/Feb/2024 16:39:46] "[36mGET /static/img/19.jpg HTTP/1.1[0m" 304 -
[2024-02-13 16:39:46,288] INFO in _internal: 127.0.0.1 - - [13/Feb/2024 16:39:46] "[36mGET /static/img/20.jpg HTTP/1.1[0m" 304 -
[2024-02-13 16:39:46,291] INFO in _internal: 127.0.0.1 - - [13/Feb/2024 16:39:46] "[36mGET /static/img/21.jpg HTTP/1.1[0m" 304 -
[2024-02-13 16:39:46,305] INFO in _internal: 127.0.0.1 - - [13/Feb/2024 16:39:46] "[36mGET /static/img/22.jpg HTTP/1.1[0m" 304 -
[2024-02-13 16:39:46,314] INFO in _internal: 127.0.0.1 - - [13/Feb/2024 16:39:46] "[36mGET /static/img/23.jpg HTTP/1.1[0m" 304 -
[2024-02-13 16:39:56,914] INFO in _internal: 127.0.0.1 - - [13/Feb/2024 16:39:56] "GET /escortv2 HTTP/1.1" 200 -
[2024-02-13 16:39:56,934] INFO in _internal: 127.0.0.1 - - [13/Feb/2024 16:39:56] "[36mGET /static/css/escortv2.css HTTP/1.1[0m" 304 -
[2024-02-13 16:39:56,937] INFO in _internal: 127.0.0.1 - - [13/Feb/2024 16:39:56] "[36mGET /static/img/logo.png HTTP/1.1[0m" 304 -
[2024-02-13 16:39:56,939] INFO in _internal: 127.0.0.1 - - [13/Feb/2024 16:39:56] "[36mGET /static/img/area.png HTTP/1.1[0m" 304 -
[2024-02-13 16:39:56,948] INFO in _internal: 127.0.0.1 - - [13/Feb/2024 16:39:56] "GET /static/js/escortv2.js HTTP/1.1" 200 -
[2024-02-13 16:39:56,975] INFO in _internal: 127.0.0.1 - - [13/Feb/2024 16:39:56] "[36mGET /static/img/3.jpg HTTP/1.1[0m" 304 -
[2024-02-13 16:39:56,976] INFO in _internal: 127.0.0.1 - - [13/Feb/2024 16:39:56] "[36mGET /static/img/1.jpg HTTP/1.1[0m" 304 -
[2024-02-13 16:39:56,976] INFO in _internal: 127.0.0.1 - - [13/Feb/2024 16:39:56] "[36mGET /static/img/2.jpg HTTP/1.1[0m" 304 -
[2024-02-13 16:39:56,988] INFO in _internal: 127.0.0.1 - - [13/Feb/2024 16:39:56] "[36mGET /static/img/4.jpg HTTP/1.1[0m" 304 -
[2024-02-13 16:39:57,009] INFO in _internal: 127.0.0.1 - - [13/Feb/2024 16:39:57] "[36mGET /static/img/19.jpg HTTP/1.1[0m" 304 -
[2024-02-13 16:39:57,011] INFO in _internal: 127.0.0.1 - - [13/Feb/2024 16:39:57] "[36mGET /static/img/20.jpg HTTP/1.1[0m" 304 -
[2024-02-13 16:39:57,017] INFO in _internal: 127.0.0.1 - - [13/Feb/2024 16:39:57] "[36mGET /static/img/21.jpg HTTP/1.1[0m" 304 -
[2024-02-13 16:39:57,022] INFO in _internal: 127.0.0.1 - - [13/Feb/2024 16:39:57] "[36mGET /static/img/22.jpg HTTP/1.1[0m" 304 -
[2024-02-13 16:39:57,022] INFO in _internal: 127.0.0.1 - - [13/Feb/2024 16:39:57] "[36mGET /static/img/23.jpg HTTP/1.1[0m" 304 -
[2024-02-13 16:40:06,755] INFO in _internal: 127.0.0.1 - - [13/Feb/2024 16:40:06] "GET /escortv2 HTTP/1.1" 200 -
[2024-02-13 16:40:06,774] INFO in _internal: 127.0.0.1 - - [13/Feb/2024 16:40:06] "[36mGET /static/img/logo.png HTTP/1.1[0m" 304 -
[2024-02-13 16:40:06,774] INFO in _internal: 127.0.0.1 - - [13/Feb/2024 16:40:06] "[36mGET /static/css/escortv2.css HTTP/1.1[0m" 304 -
[2024-02-13 16:40:06,777] INFO in _internal: 127.0.0.1 - - [13/Feb/2024 16:40:06] "[36mGET /static/img/area.png HTTP/1.1[0m" 304 -
[2024-02-13 16:40:06,787] INFO in _internal: 127.0.0.1 - - [13/Feb/2024 16:40:06] "GET /static/js/escortv2.js HTTP/1.1" 200 -
[2024-02-13 16:40:06,813] INFO in _internal: 127.0.0.1 - - [13/Feb/2024 16:40:06] "[36mGET /static/img/1.jpg HTTP/1.1[0m" 304 -
[2024-02-13 16:40:06,814] INFO in _internal: 127.0.0.1 - - [13/Feb/2024 16:40:06] "[36mGET /static/img/2.jpg HTTP/1.1[0m" 304 -
[2024-02-13 16:40:06,817] INFO in _internal: 127.0.0.1 - - [13/Feb/2024 16:40:06] "[36mGET /static/img/3.jpg HTTP/1.1[0m" 304 -
[2024-02-13 16:40:06,837] INFO in _internal: 127.0.0.1 - - [13/Feb/2024 16:40:06] "[36mGET /static/img/4.jpg HTTP/1.1[0m" 304 -
[2024-02-13 16:40:06,850] INFO in _internal: 127.0.0.1 - - [13/Feb/2024 16:40:06] "[36mGET /static/img/19.jpg HTTP/1.1[0m" 304 -
[2024-02-13 16:40:06,857] INFO in _internal: 127.0.0.1 - - [13/Feb/2024 16:40:06] "[36mGET /static/img/20.jpg HTTP/1.1[0m" 304 -
[2024-02-13 16:40:06,859] INFO in _internal: 127.0.0.1 - - [13/Feb/2024 16:40:06] "[36mGET /static/img/21.jpg HTTP/1.1[0m" 304 -
[2024-02-13 16:40:06,863] INFO in _internal: 127.0.0.1 - - [13/Feb/2024 16:40:06] "[36mGET /static/img/22.jpg HTTP/1.1[0m" 304 -
[2024-02-13 16:40:06,865] INFO in _internal: 127.0.0.1 - - [13/Feb/2024 16:40:06] "[36mGET /static/img/23.jpg HTTP/1.1[0m" 304 -
[2024-02-13 16:40:22,208] INFO in _internal: 127.0.0.1 - - [13/Feb/2024 16:40:22] "GET /escortv2 HTTP/1.1" 200 -
[2024-02-13 16:40:22,234] INFO in _internal: 127.0.0.1 - - [13/Feb/2024 16:40:22] "[36mGET /static/img/logo.png HTTP/1.1[0m" 304 -
[2024-02-13 16:40:22,235] INFO in _internal: 127.0.0.1 - - [13/Feb/2024 16:40:22] "[36mGET /static/css/escortv2.css HTTP/1.1[0m" 304 -
[2024-02-13 16:40:22,237] INFO in _internal: 127.0.0.1 - - [13/Feb/2024 16:40:22] "[36mGET /static/img/area.png HTTP/1.1[0m" 304 -
[2024-02-13 16:40:22,250] INFO in _internal: 127.0.0.1 - - [13/Feb/2024 16:40:22] "GET /static/js/escortv2.js HTTP/1.1" 200 -
[2024-02-13 16:40:22,275] INFO in _internal: 127.0.0.1 - - [13/Feb/2024 16:40:22] "[36mGET /static/img/1.jpg HTTP/1.1[0m" 304 -
[2024-02-13 16:40:22,279] INFO in _internal: 127.0.0.1 - - [13/Feb/2024 16:40:22] "[36mGET /static/img/2.jpg HTTP/1.1[0m" 304 -
[2024-02-13 16:40:22,305] INFO in _internal: 127.0.0.1 - - [13/Feb/2024 16:40:22] "[36mGET /static/img/3.jpg HTTP/1.1[0m" 304 -
[2024-02-13 16:40:22,321] INFO in _internal: 127.0.0.1 - - [13/Feb/2024 16:40:22] "[36mGET /static/img/4.jpg HTTP/1.1[0m" 304 -
[2024-02-13 16:40:22,322] INFO in _internal: 127.0.0.1 - - [13/Feb/2024 16:40:22] "[36mGET /static/img/19.jpg HTTP/1.1[0m" 304 -
[2024-02-13 16:40:22,323] INFO in _internal: 127.0.0.1 - - [13/Feb/2024 16:40:22] "[36mGET /static/img/20.jpg HTTP/1.1[0m" 304 -
[2024-02-13 16:40:22,324] INFO in _internal: 127.0.0.1 - - [13/Feb/2024 16:40:22] "[36mGET /static/img/21.jpg HTTP/1.1[0m" 304 -
[2024-02-13 16:40:22,330] INFO in _internal: 127.0.0.1 - - [13/Feb/2024 16:40:22] "[36mGET /static/img/22.jpg HTTP/1.1[0m" 304 -
[2024-02-13 16:40:22,339] INFO in _internal: 127.0.0.1 - - [13/Feb/2024 16:40:22] "[36mGET /static/img/23.jpg HTTP/1.1[0m" 304 -
[2024-02-13 16:40:39,675] INFO in _internal: 127.0.0.1 - - [13/Feb/2024 16:40:39] "GET /escortv2 HTTP/1.1" 200 -
[2024-02-13 16:40:39,699] INFO in _internal: 127.0.0.1 - - [13/Feb/2024 16:40:39] "[36mGET /static/css/escortv2.css HTTP/1.1[0m" 304 -
[2024-02-13 16:40:39,699] INFO in _internal: 127.0.0.1 - - [13/Feb/2024 16:40:39] "[36mGET /static/img/logo.png HTTP/1.1[0m" 304 -
[2024-02-13 16:40:39,700] INFO in _internal: 127.0.0.1 - - [13/Feb/2024 16:40:39] "[36mGET /static/img/area.png HTTP/1.1[0m" 304 -
[2024-02-13 16:40:39,713] INFO in _internal: 127.0.0.1 - - [13/Feb/2024 16:40:39] "GET /static/js/escortv2.js HTTP/1.1" 200 -
[2024-02-13 16:40:39,782] INFO in _internal: 127.0.0.1 - - [13/Feb/2024 16:40:39] "[36mGET /static/img/1.jpg HTTP/1.1[0m" 304 -
[2024-02-13 16:40:39,784] INFO in _internal: 127.0.0.1 - - [13/Feb/2024 16:40:39] "[36mGET /static/img/2.jpg HTTP/1.1[0m" 304 -
[2024-02-13 16:40:39,785] INFO in _internal: 127.0.0.1 - - [13/Feb/2024 16:40:39] "[36mGET /static/img/3.jpg HTTP/1.1[0m" 304 -
[2024-02-13 16:40:39,815] INFO in _internal: 127.0.0.1 - - [13/Feb/2024 16:40:39] "[36mGET /static/img/4.jpg HTTP/1.1[0m" 304 -
[2024-02-13 16:40:39,816] INFO in _internal: 127.0.0.1 - - [13/Feb/2024 16:40:39] "[36mGET /static/img/19.jpg HTTP/1.1[0m" 304 -
[2024-02-13 16:40:39,819] INFO in _internal: 127.0.0.1 - - [13/Feb/2024 16:40:39] "[36mGET /static/img/20.jpg HTTP/1.1[0m" 304 -
[2024-02-13 16:40:39,829] INFO in _internal: 127.0.0.1 - - [13/Feb/2024 16:40:39] "[36mGET /static/img/23.jpg HTTP/1.1[0m" 304 -
[2024-02-13 16:40:39,827] INFO in _internal: 127.0.0.1 - - [13/Feb/2024 16:40:39] "[36mGET /static/img/22.jpg HTTP/1.1[0m" 304 -
[2024-02-13 16:40:39,822] INFO in _internal: 127.0.0.1 - - [13/Feb/2024 16:40:39] "[36mGET /static/img/21.jpg HTTP/1.1[0m" 304 -
[2024-02-13 16:40:55,136] INFO in _internal: 127.0.0.1 - - [13/Feb/2024 16:40:55] "GET /escortv2 HTTP/1.1" 200 -
[2024-02-13 16:40:55,163] INFO in _internal: 127.0.0.1 - - [13/Feb/2024 16:40:55] "[36mGET /static/css/escortv2.css HTTP/1.1[0m" 304 -
[2024-02-13 16:40:55,164] INFO in _internal: 127.0.0.1 - - [13/Feb/2024 16:40:55] "[36mGET /static/img/logo.png HTTP/1.1[0m" 304 -
[2024-02-13 16:40:55,165] INFO in _internal: 127.0.0.1 - - [13/Feb/2024 16:40:55] "[36mGET /static/img/area.png HTTP/1.1[0m" 304 -
[2024-02-13 16:40:55,179] INFO in _internal: 127.0.0.1 - - [13/Feb/2024 16:40:55] "GET /static/js/escortv2.js HTTP/1.1" 200 -
[2024-02-13 16:40:55,222] INFO in _internal: 127.0.0.1 - - [13/Feb/2024 16:40:55] "[36mGET /static/img/2.jpg HTTP/1.1[0m" 304 -
[2024-02-13 16:40:55,223] INFO in _internal: 127.0.0.1 - - [13/Feb/2024 16:40:55] "[36mGET /static/img/1.jpg HTTP/1.1[0m" 304 -
[2024-02-13 16:40:55,236] INFO in _internal: 127.0.0.1 - - [13/Feb/2024 16:40:55] "[36mGET /static/img/3.jpg HTTP/1.1[0m" 304 -
[2024-02-13 16:40:55,252] INFO in _internal: 127.0.0.1 - - [13/Feb/2024 16:40:55] "[36mGET /static/img/4.jpg HTTP/1.1[0m" 304 -
[2024-02-13 16:40:55,257] INFO in _internal: 127.0.0.1 - - [13/Feb/2024 16:40:55] "[36mGET /static/img/19.jpg HTTP/1.1[0m" 304 -
[2024-02-13 16:40:55,264] INFO in _internal: 127.0.0.1 - - [13/Feb/2024 16:40:55] "[36mGET /static/img/20.jpg HTTP/1.1[0m" 304 -
[2024-02-13 16:40:55,269] INFO in _internal: 127.0.0.1 - - [13/Feb/2024 16:40:55] "[36mGET /static/img/23.jpg HTTP/1.1[0m" 304 -
[2024-02-13 16:40:55,277] INFO in _internal: 127.0.0.1 - - [13/Feb/2024 16:40:55] "[36mGET /static/img/22.jpg HTTP/1.1[0m" 304 -
[2024-02-13 16:40:55,278] INFO in _internal: 127.0.0.1 - - [13/Feb/2024 16:40:55] "[36mGET /static/img/21.jpg HTTP/1.1[0m" 304 -
[2024-02-13 16:41:10,673] INFO in _internal: 127.0.0.1 - - [13/Feb/2024 16:41:10] "GET /escortv2 HTTP/1.1" 200 -
[2024-02-13 16:41:10,702] INFO in _internal: 127.0.0.1 - - [13/Feb/2024 16:41:10] "[36mGET /static/css/escortv2.css HTTP/1.1[0m" 304 -
[2024-02-13 16:41:10,703] INFO in _internal: 127.0.0.1 - - [13/Feb/2024 16:41:10] "[36mGET /static/img/logo.png HTTP/1.1[0m" 304 -
[2024-02-13 16:41:10,704] INFO in _internal: 127.0.0.1 - - [13/Feb/2024 16:41:10] "[36mGET /static/img/area.png HTTP/1.1[0m" 304 -
[2024-02-13 16:41:10,718] INFO in _internal: 127.0.0.1 - - [13/Feb/2024 16:41:10] "GET /static/js/escortv2.js HTTP/1.1" 200 -
[2024-02-13 16:41:11,189] INFO in _internal: 127.0.0.1 - - [13/Feb/2024 16:41:11] "[36mGET /static/img/1.jpg HTTP/1.1[0m" 304 -
[2024-02-13 16:41:11,197] INFO in _internal: 127.0.0.1 - - [13/Feb/2024 16:41:11] "[36mGET /static/img/2.jpg HTTP/1.1[0m" 304 -
[2024-02-13 16:41:11,198] INFO in _internal: 127.0.0.1 - - [13/Feb/2024 16:41:11] "[36mGET /static/img/3.jpg HTTP/1.1[0m" 304 -
[2024-02-13 16:41:11,223] INFO in _internal: 127.0.0.1 - - [13/Feb/2024 16:41:11] "[36mGET /static/img/4.jpg HTTP/1.1[0m" 304 -
[2024-02-13 16:41:11,228] INFO in _internal: 127.0.0.1 - - [13/Feb/2024 16:41:11] "[36mGET /static/img/19.jpg HTTP/1.1[0m" 304 -
[2024-02-13 16:41:11,231] INFO in _internal: 127.0.0.1 - - [13/Feb/2024 16:41:11] "[36mGET /static/img/20.jpg HTTP/1.1[0m" 304 -
[2024-02-13 16:41:11,235] INFO in _internal: 127.0.0.1 - - [13/Feb/2024 16:41:11] "[36mGET /static/img/21.jpg HTTP/1.1[0m" 304 -
[2024-02-13 16:41:11,243] INFO in _internal: 127.0.0.1 - - [13/Feb/2024 16:41:11] "[36mGET /static/img/22.jpg HTTP/1.1[0m" 304 -
[2024-02-13 16:41:11,247] INFO in _internal: 127.0.0.1 - - [13/Feb/2024 16:41:11] "[36mGET /static/img/23.jpg HTTP/1.1[0m" 304 -
[2024-02-13 16:52:22,904] INFO in _internal: 127.0.0.1 - - [13/Feb/2024 16:52:22] "GET /escortv2 HTTP/1.1" 200 -
[2024-02-13 16:52:22,930] INFO in _internal: 127.0.0.1 - - [13/Feb/2024 16:52:22] "[36mGET /static/css/escortv2.css HTTP/1.1[0m" 304 -
[2024-02-13 16:52:22,930] INFO in _internal: 127.0.0.1 - - [13/Feb/2024 16:52:22] "[36mGET /static/img/logo.png HTTP/1.1[0m" 304 -
[2024-02-13 16:52:22,932] INFO in _internal: 127.0.0.1 - - [13/Feb/2024 16:52:22] "[36mGET /static/img/area.png HTTP/1.1[0m" 304 -
[2024-02-13 16:52:22,945] INFO in _internal: 127.0.0.1 - - [13/Feb/2024 16:52:22] "GET /static/js/escortv2.js HTTP/1.1" 200 -
[2024-02-13 16:52:23,103] INFO in _internal: 127.0.0.1 - - [13/Feb/2024 16:52:23] "[36mGET /static/img/3.jpg HTTP/1.1[0m" 304 -
[2024-02-13 16:52:23,103] INFO in _internal: 127.0.0.1 - - [13/Feb/2024 16:52:23] "[36mGET /static/img/2.jpg HTTP/1.1[0m" 304 -
[2024-02-13 16:52:23,104] INFO in _internal: 127.0.0.1 - - [13/Feb/2024 16:52:23] "[36mGET /static/img/1.jpg HTTP/1.1[0m" 304 -
[2024-02-13 16:52:23,134] INFO in _internal: 127.0.0.1 - - [13/Feb/2024 16:52:23] "[36mGET /static/img/4.jpg HTTP/1.1[0m" 304 -
[2024-02-13 16:52:23,138] INFO in _internal: 127.0.0.1 - - [13/Feb/2024 16:52:23] "[36mGET /static/img/20.jpg HTTP/1.1[0m" 304 -
[2024-02-13 16:52:23,141] INFO in _internal: 127.0.0.1 - - [13/Feb/2024 16:52:23] "[36mGET /static/img/19.jpg HTTP/1.1[0m" 304 -
[2024-02-13 16:52:23,142] INFO in _internal: 127.0.0.1 - - [13/Feb/2024 16:52:23] "[36mGET /static/img/21.jpg HTTP/1.1[0m" 304 -
[2024-02-13 16:52:23,148] INFO in _internal: 127.0.0.1 - - [13/Feb/2024 16:52:23] "[36mGET /static/img/22.jpg HTTP/1.1[0m" 304 -
[2024-02-13 16:52:23,153] INFO in _internal: 127.0.0.1 - - [13/Feb/2024 16:52:23] "[36mGET /static/img/23.jpg HTTP/1.1[0m" 304 -
[2024-02-13 16:52:29,635] INFO in _internal: 127.0.0.1 - - [13/Feb/2024 16:52:29] "GET / HTTP/1.1" 200 -
[2024-02-13 16:52:29,658] INFO in _internal: 127.0.0.1 - - [13/Feb/2024 16:52:29] "GET /static/css/templatemo-style.css HTTP/1.1" 200 -
[2024-02-13 16:52:29,676] INFO in _internal: 127.0.0.1 - - [13/Feb/2024 16:52:29] "[36mGET /static/img/logo.png HTTP/1.1[0m" 304 -
[2024-02-13 16:52:29,679] INFO in _internal: 127.0.0.1 - - [13/Feb/2024 16:52:29] "GET /static/css/index.css HTTP/1.1" 200 -
[2024-02-13 16:52:29,946] INFO in _internal: 127.0.0.1 - - [13/Feb/2024 16:52:29] "GET /sensing_data HTTP/1.1" 200 -
[2024-02-13 16:52:32,392] INFO in _internal: 127.0.0.1 - - [13/Feb/2024 16:52:32] "GET /index2 HTTP/1.1" 200 -
[2024-02-13 16:52:32,422] INFO in _internal: 127.0.0.1 - - [13/Feb/2024 16:52:32] "[36mGET /static/css/index.css HTTP/1.1[0m" 304 -
[2024-02-13 16:52:32,423] INFO in _internal: 127.0.0.1 - - [13/Feb/2024 16:52:32] "[36mGET /static/css/templatemo-style.css HTTP/1.1[0m" 304 -
[2024-02-13 16:52:32,424] INFO in _internal: 127.0.0.1 - - [13/Feb/2024 16:52:32] "[36mGET /static/img/logo.png HTTP/1.1[0m" 304 -
[2024-02-13 16:52:32,582] INFO in _internal: 127.0.0.1 - - [13/Feb/2024 16:52:32] "GET /sensing_data2 HTTP/1.1" 200 -
[2024-02-13 16:52:57,221] INFO in _internal: 127.0.0.1 - - [13/Feb/2024 16:52:57] "GET /escort HTTP/1.1" 200 -
[2024-02-13 16:52:57,253] INFO in _internal: 127.0.0.1 - - [13/Feb/2024 16:52:57] "GET /static/css/escort.css HTTP/1.1" 200 -
[2024-02-13 16:52:57,254] INFO in _internal: 127.0.0.1 - - [13/Feb/2024 16:52:57] "[36mGET /static/img/logo.png HTTP/1.1[0m" 304 -
[2024-02-13 16:52:57,254] INFO in _internal: 127.0.0.1 - - [13/Feb/2024 16:52:57] "[36mGET /static/img/area.png HTTP/1.1[0m" 304 -
[2024-02-13 16:52:57,270] INFO in _internal: 127.0.0.1 - - [13/Feb/2024 16:52:57] "GET /static/js/escort.js HTTP/1.1" 200 -
[2024-02-13 16:52:57,328] INFO in _internal: 127.0.0.1 - - [13/Feb/2024 16:52:57] "[36mGET /static/img/2.jpg HTTP/1.1[0m" 304 -
[2024-02-13 16:52:57,330] INFO in _internal: 127.0.0.1 - - [13/Feb/2024 16:52:57] "[36mGET /static/img/1.jpg HTTP/1.1[0m" 304 -
[2024-02-13 16:52:57,335] INFO in _internal: 127.0.0.1 - - [13/Feb/2024 16:52:57] "[36mGET /static/img/4.jpg HTTP/1.1[0m" 304 -
[2024-02-13 16:52:57,339] INFO in _internal: 127.0.0.1 - - [13/Feb/2024 16:52:57] "[36mGET /static/img/3.jpg HTTP/1.1[0m" 304 -
[2024-02-13 16:52:57,348] INFO in _internal: 127.0.0.1 - - [13/Feb/2024 16:52:57] "[36mGET /static/img/19.jpg HTTP/1.1[0m" 304 -
[2024-02-13 16:52:57,356] INFO in _internal: 127.0.0.1 - - [13/Feb/2024 16:52:57] "[36mGET /static/img/20.jpg HTTP/1.1[0m" 304 -
[2024-02-13 16:52:57,373] INFO in _internal: 127.0.0.1 - - [13/Feb/2024 16:52:57] "[36mGET /static/img/21.jpg HTTP/1.1[0m" 304 -
[2024-02-13 16:52:57,377] INFO in _internal: 127.0.0.1 - - [13/Feb/2024 16:52:57] "[36mGET /static/img/22.jpg HTTP/1.1[0m" 304 -
[2024-02-13 16:52:57,383] INFO in _internal: 127.0.0.1 - - [13/Feb/2024 16:52:57] "[36mGET /static/img/23.jpg HTTP/1.1[0m" 304 -
[2024-02-13 16:52:59,921] INFO in _internal: 127.0.0.1 - - [13/Feb/2024 16:52:59] "GET / HTTP/1.1" 200 -
[2024-02-13 16:52:59,945] INFO in _internal: 127.0.0.1 - - [13/Feb/2024 16:52:59] "[36mGET /static/css/templatemo-style.css HTTP/1.1[0m" 304 -
[2024-02-13 16:52:59,947] INFO in _internal: 127.0.0.1 - - [13/Feb/2024 16:52:59] "[36mGET /static/css/index.css HTTP/1.1[0m" 304 -
[2024-02-13 16:52:59,948] INFO in _internal: 127.0.0.1 - - [13/Feb/2024 16:52:59] "[36mGET /static/img/logo.png HTTP/1.1[0m" 304 -
[2024-02-13 16:53:00,140] INFO in _internal: 127.0.0.1 - - [13/Feb/2024 16:53:00] "GET /sensing_data HTTP/1.1" 200 -
[2024-02-13 16:53:07,863] INFO in _internal: 127.0.0.1 - - [13/Feb/2024 16:53:07] "GET / HTTP/1.1" 200 -
[2024-02-13 16:53:07,886] INFO in _internal: 127.0.0.1 - - [13/Feb/2024 16:53:07] "GET /static/css/templatemo-style.css HTTP/1.1" 200 -
[2024-02-13 16:53:07,887] INFO in _internal: 127.0.0.1 - - [13/Feb/2024 16:53:07] "GET /static/css/index.css HTTP/1.1" 200 -
[2024-02-13 16:53:07,887] INFO in _internal: 127.0.0.1 - - [13/Feb/2024 16:53:07] "GET /static/img/logo.png HTTP/1.1" 200 -
[2024-02-13 16:53:08,257] INFO in _internal: 127.0.0.1 - - [13/Feb/2024 16:53:08] "GET /sensing_data HTTP/1.1" 200 -
[2024-02-13 16:53:09,312] INFO in _internal: 127.0.0.1 - - [13/Feb/2024 16:53:09] "GET /index2 HTTP/1.1" 200 -
[2024-02-13 16:53:09,333] INFO in _internal: 127.0.0.1 - - [13/Feb/2024 16:53:09] "[36mGET /static/css/templatemo-style.css HTTP/1.1[0m" 304 -
[2024-02-13 16:53:09,343] INFO in _internal: 127.0.0.1 - - [13/Feb/2024 16:53:09] "[36mGET /static/css/index.css HTTP/1.1[0m" 304 -
[2024-02-13 16:53:09,344] INFO in _internal: 127.0.0.1 - - [13/Feb/2024 16:53:09] "[36mGET /static/img/logo.png HTTP/1.1[0m" 304 -
[2024-02-13 16:53:09,510] INFO in _internal: 127.0.0.1 - - [13/Feb/2024 16:53:09] "GET /sensing_data2 HTTP/1.1" 200 -
[2024-02-13 16:53:10,680] INFO in _internal: 127.0.0.1 - - [13/Feb/2024 16:53:10] "GET / HTTP/1.1" 200 -
[2024-02-13 16:53:10,708] INFO in _internal: 127.0.0.1 - - [13/Feb/2024 16:53:10] "[36mGET /static/css/templatemo-style.css HTTP/1.1[0m" 304 -
[2024-02-13 16:53:10,709] INFO in _internal: 127.0.0.1 - - [13/Feb/2024 16:53:10] "[36mGET /static/css/index.css HTTP/1.1[0m" 304 -
[2024-02-13 16:53:10,710] INFO in _internal: 127.0.0.1 - - [13/Feb/2024 16:53:10] "[36mGET /static/img/logo.png HTTP/1.1[0m" 304 -
[2024-02-13 16:53:10,890] INFO in _internal: 127.0.0.1 - - [13/Feb/2024 16:53:10] "GET /sensing_data HTTP/1.1" 200 -
[2024-02-13 16:55:21,573] INFO in _internal: 127.0.0.1 - - [13/Feb/2024 16:55:21] "GET / HTTP/1.1" 200 -
[2024-02-13 16:55:21,604] INFO in _internal: 127.0.0.1 - - [13/Feb/2024 16:55:21] "[36mGET /static/css/index.css HTTP/1.1[0m" 304 -
[2024-02-13 16:55:21,604] INFO in _internal: 127.0.0.1 - - [13/Feb/2024 16:55:21] "[36mGET /static/css/templatemo-style.css HTTP/1.1[0m" 304 -
[2024-02-13 16:55:21,606] INFO in _internal: 127.0.0.1 - - [13/Feb/2024 16:55:21] "[36mGET /static/img/logo.png HTTP/1.1[0m" 304 -
[2024-02-13 16:55:21,812] INFO in _internal: 127.0.0.1 - - [13/Feb/2024 16:55:21] "GET /sensing_data HTTP/1.1" 200 -
[2024-02-13 16:55:22,569] INFO in _internal: 127.0.0.1 - - [13/Feb/2024 16:55:22] "GET /index2 HTTP/1.1" 200 -
[2024-02-13 16:55:22,592] INFO in _internal: 127.0.0.1 - - [13/Feb/2024 16:55:22] "[36mGET /static/css/templatemo-style.css HTTP/1.1[0m" 304 -
[2024-02-13 16:55:22,594] INFO in _internal: 127.0.0.1 - - [13/Feb/2024 16:55:22] "[36mGET /static/css/index.css HTTP/1.1[0m" 304 -
[2024-02-13 16:55:22,596] INFO in _internal: 127.0.0.1 - - [13/Feb/2024 16:55:22] "[36mGET /static/img/logo.png HTTP/1.1[0m" 304 -
[2024-02-13 16:55:22,735] INFO in _internal: 127.0.0.1 - - [13/Feb/2024 16:55:22] "GET /sensing_data2 HTTP/1.1" 200 -
[2024-02-13 16:55:24,181] INFO in _internal: 127.0.0.1 - - [13/Feb/2024 16:55:24] "GET / HTTP/1.1" 200 -
[2024-02-13 16:55:24,207] INFO in _internal: 127.0.0.1 - - [13/Feb/2024 16:55:24] "[36mGET /static/css/index.css HTTP/1.1[0m" 304 -
[2024-02-13 16:55:24,208] INFO in _internal: 127.0.0.1 - - [13/Feb/2024 16:55:24] "[36mGET /static/css/templatemo-style.css HTTP/1.1[0m" 304 -
[2024-02-13 16:55:24,209] INFO in _internal: 127.0.0.1 - - [13/Feb/2024 16:55:24] "[36mGET /static/img/logo.png HTTP/1.1[0m" 304 -
[2024-02-13 16:55:24,460] INFO in _internal: 127.0.0.1 - - [13/Feb/2024 16:55:24] "GET /sensing_data HTTP/1.1" 200 -
[2024-02-13 16:55:26,258] INFO in _internal: 127.0.0.1 - - [13/Feb/2024 16:55:26] "GET /escort HTTP/1.1" 200 -
[2024-02-13 16:55:26,295] INFO in _internal: 127.0.0.1 - - [13/Feb/2024 16:55:26] "GET /static/css/escort.css HTTP/1.1" 200 -
[2024-02-13 16:55:26,296] INFO in _internal: 127.0.0.1 - - [13/Feb/2024 16:55:26] "GET /static/img/area.png HTTP/1.1" 200 -
[2024-02-13 16:55:26,299] INFO in _internal: 127.0.0.1 - - [13/Feb/2024 16:55:26] "[36mGET /static/img/logo.png HTTP/1.1[0m" 304 -
[2024-02-13 16:55:26,316] INFO in _internal: 127.0.0.1 - - [13/Feb/2024 16:55:26] "GET /static/js/escort.js HTTP/1.1" 200 -
[2024-02-13 16:55:26,377] INFO in _internal: 127.0.0.1 - - [13/Feb/2024 16:55:26] "GET /static/img/3.jpg HTTP/1.1" 200 -
[2024-02-13 16:55:26,377] INFO in _internal: 127.0.0.1 - - [13/Feb/2024 16:55:26] "GET /static/img/1.jpg HTTP/1.1" 200 -
[2024-02-13 16:55:26,379] INFO in _internal: 127.0.0.1 - - [13/Feb/2024 16:55:26] "GET /static/img/2.jpg HTTP/1.1" 200 -
[2024-02-13 16:55:26,390] INFO in _internal: 127.0.0.1 - - [13/Feb/2024 16:55:26] "GET /static/img/4.jpg HTTP/1.1" 200 -
[2024-02-13 16:55:26,393] INFO in _internal: 127.0.0.1 - - [13/Feb/2024 16:55:26] "GET /static/img/19.jpg HTTP/1.1" 200 -
[2024-02-13 16:55:26,396] INFO in _internal: 127.0.0.1 - - [13/Feb/2024 16:55:26] "GET /static/img/20.jpg HTTP/1.1" 200 -
[2024-02-13 16:55:26,422] INFO in _internal: 127.0.0.1 - - [13/Feb/2024 16:55:26] "GET /static/img/21.jpg HTTP/1.1" 200 -
[2024-02-13 16:55:26,426] INFO in _internal: 127.0.0.1 - - [13/Feb/2024 16:55:26] "GET /static/img/22.jpg HTTP/1.1" 200 -
[2024-02-13 16:55:26,448] INFO in _internal: 127.0.0.1 - - [13/Feb/2024 16:55:26] "GET /static/img/23.jpg HTTP/1.1" 200 -
[2024-02-13 16:55:27,874] INFO in _internal: 127.0.0.1 - - [13/Feb/2024 16:55:27] "GET /info HTTP/1.1" 200 -
[2024-02-13 16:55:27,895] INFO in _internal: 127.0.0.1 - - [13/Feb/2024 16:55:27] "GET /static/css/info.css HTTP/1.1" 200 -
[2024-02-13 16:55:27,895] INFO in _internal: 127.0.0.1 - - [13/Feb/2024 16:55:27] "GET /static/js/info.js HTTP/1.1" 200 -
[2024-02-13 16:55:27,897] INFO in _internal: 127.0.0.1 - - [13/Feb/2024 16:55:27] "[36mGET /static/img/logo.png HTTP/1.1[0m" 304 -
[2024-02-13 16:55:28,007] INFO in _internal: 127.0.0.1 - - [13/Feb/2024 16:55:28] "GET /static/img/img-2.png HTTP/1.1" 200 -
[2024-02-13 16:55:28,010] INFO in _internal: 127.0.0.1 - - [13/Feb/2024 16:55:28] "GET /static/img/img-1.png HTTP/1.1" 200 -
[2024-02-13 16:55:28,020] INFO in _internal: 127.0.0.1 - - [13/Feb/2024 16:55:28] "GET /static/img/img-3.png HTTP/1.1" 200 -
[2024-02-13 16:55:28,024] INFO in _internal: 127.0.0.1 - - [13/Feb/2024 16:55:28] "GET /static/img/img-4.png HTTP/1.1" 200 -
[2024-02-13 16:55:28,026] INFO in _internal: 127.0.0.1 - - [13/Feb/2024 16:55:28] "GET /static/img/img-45.png HTTP/1.1" 200 -
[2024-02-13 16:55:28,033] INFO in _internal: 127.0.0.1 - - [13/Feb/2024 16:55:28] "GET /static/img/img-5.png HTTP/1.1" 200 -
[2024-02-13 16:55:28,124] INFO in _internal: 127.0.0.1 - - [13/Feb/2024 16:55:28] "GET /static/img/img-46.png HTTP/1.1" 200 -
[2024-02-13 16:55:28,125] INFO in _internal: 127.0.0.1 - - [13/Feb/2024 16:55:28] "GET /static/img/img-47.png HTTP/1.1" 200 -
[2024-02-13 16:55:28,134] INFO in _internal: 127.0.0.1 - - [13/Feb/2024 16:55:28] "GET /static/img/img-48.png HTTP/1.1" 200 -
[2024-02-13 16:55:28,150] INFO in _internal: 127.0.0.1 - - [13/Feb/2024 16:55:28] "GET /static/img/img-49.png HTTP/1.1" 200 -
[2024-02-13 16:55:28,173] INFO in _internal: 127.0.0.1 - - [13/Feb/2024 16:55:28] "GET /static/img/img-88.png HTTP/1.1" 200 -
[2024-02-13 16:55:28,176] INFO in _internal: 127.0.0.1 - - [13/Feb/2024 16:55:28] "GET /static/img/img-89.png HTTP/1.1" 200 -
[2024-02-13 16:55:28,212] INFO in _internal: 127.0.0.1 - - [13/Feb/2024 16:55:28] "GET /static/img/img-90.png HTTP/1.1" 200 -
[2024-02-13 16:55:28,241] INFO in _internal: 127.0.0.1 - - [13/Feb/2024 16:55:28] "GET /static/img/img-91.png HTTP/1.1" 200 -
[2024-02-13 16:55:28,255] INFO in _internal: 127.0.0.1 - - [13/Feb/2024 16:55:28] "GET /static/img/img-92.png HTTP/1.1" 200 -
[2024-02-13 16:55:28,277] INFO in _internal: 127.0.0.1 - - [13/Feb/2024 16:55:28] "GET /static/img/img-131.png HTTP/1.1" 200 -
[2024-02-13 16:55:28,299] INFO in _internal: 127.0.0.1 - - [13/Feb/2024 16:55:28] "GET /static/img/img-132.png HTTP/1.1" 200 -
[2024-02-13 16:55:28,326] INFO in _internal: 127.0.0.1 - - [13/Feb/2024 16:55:28] "GET /static/img/img-133.png HTTP/1.1" 200 -
[2024-02-13 16:55:28,348] INFO in _internal: 127.0.0.1 - - [13/Feb/2024 16:55:28] "GET /static/img/img-134.png HTTP/1.1" 200 -
[2024-02-13 16:55:28,362] INFO in _internal: 127.0.0.1 - - [13/Feb/2024 16:55:28] "GET /static/img/img-135.png HTTP/1.1" 200 -
[2024-02-13 16:55:28,370] INFO in _internal: 127.0.0.1 - - [13/Feb/2024 16:55:28] "GET /static/img/img-158.png HTTP/1.1" 200 -
[2024-02-13 16:55:28,376] INFO in _internal: 127.0.0.1 - - [13/Feb/2024 16:55:28] "GET /static/img/img-159.png HTTP/1.1" 200 -
[2024-02-13 16:55:28,402] INFO in _internal: 127.0.0.1 - - [13/Feb/2024 16:55:28] "GET /static/img/img-160.png HTTP/1.1" 200 -
[2024-02-13 16:55:28,420] INFO in _internal: 127.0.0.1 - - [13/Feb/2024 16:55:28] "GET /static/img/img-161.png HTTP/1.1" 200 -
[2024-02-13 16:55:28,436] INFO in _internal: 127.0.0.1 - - [13/Feb/2024 16:55:28] "GET /static/img/img-162.png HTTP/1.1" 200 -
[2024-02-13 16:55:28,452] INFO in _internal: 127.0.0.1 - - [13/Feb/2024 16:55:28] "GET /static/img/img-171.png HTTP/1.1" 200 -
[2024-02-13 16:55:28,460] INFO in _internal: 127.0.0.1 - - [13/Feb/2024 16:55:28] "GET /static/img/img-172.png HTTP/1.1" 200 -
[2024-02-13 16:55:28,467] INFO in _internal: 127.0.0.1 - - [13/Feb/2024 16:55:28] "GET /static/img/img-173.png HTTP/1.1" 200 -
[2024-02-13 16:55:28,475] INFO in _internal: 127.0.0.1 - - [13/Feb/2024 16:55:28] "GET /static/img/img-174.png HTTP/1.1" 200 -
[2024-02-13 16:55:28,490] INFO in _internal: 127.0.0.1 - - [13/Feb/2024 16:55:28] "GET /static/img/img-175.png HTTP/1.1" 200 -
[2024-02-13 16:55:29,464] INFO in _internal: 127.0.0.1 - - [13/Feb/2024 16:55:29] "GET /index2 HTTP/1.1" 200 -
[2024-02-13 16:55:29,494] INFO in _internal: 127.0.0.1 - - [13/Feb/2024 16:55:29] "[36mGET /static/css/templatemo-style.css HTTP/1.1[0m" 304 -
[2024-02-13 16:55:29,495] INFO in _internal: 127.0.0.1 - - [13/Feb/2024 16:55:29] "[36mGET /static/css/index.css HTTP/1.1[0m" 304 -
[2024-02-13 16:55:29,501] INFO in _internal: 127.0.0.1 - - [13/Feb/2024 16:55:29] "[36mGET /static/img/logo.png HTTP/1.1[0m" 304 -
[2024-02-13 16:55:29,657] INFO in _internal: 127.0.0.1 - - [13/Feb/2024 16:55:29] "GET /sensing_data2 HTTP/1.1" 200 -
[2024-02-13 16:55:30,347] INFO in _internal: 127.0.0.1 - - [13/Feb/2024 16:55:30] "GET / HTTP/1.1" 200 -
[2024-02-13 16:55:30,382] INFO in _internal: 127.0.0.1 - - [13/Feb/2024 16:55:30] "[36mGET /static/css/templatemo-style.css HTTP/1.1[0m" 304 -
[2024-02-13 16:55:30,383] INFO in _internal: 127.0.0.1 - - [13/Feb/2024 16:55:30] "[36mGET /static/css/index.css HTTP/1.1[0m" 304 -
[2024-02-13 16:55:30,386] INFO in _internal: 127.0.0.1 - - [13/Feb/2024 16:55:30] "[36mGET /static/img/logo.png HTTP/1.1[0m" 304 -
[2024-02-13 16:55:30,621] INFO in _internal: 127.0.0.1 - - [13/Feb/2024 16:55:30] "GET /sensing_data HTTP/1.1" 200 -
[2024-02-13 16:57:40,741] INFO in _internal: [31m[1mWARNING: This is a development server. Do not use it in a production deployment. Use a production WSGI server instead.[0m
 * Running on http://127.0.0.1:5000
[2024-02-13 16:57:40,741] INFO in _internal: [33mPress CTRL+C to quit[0m
[2024-02-13 16:57:40,763] INFO in _internal:  * Restarting with watchdog (windowsapi)
[2024-02-13 16:57:41,452] WARNING in _internal:  * Debugger is active!
[2024-02-13 16:57:41,468] INFO in _internal:  * Debugger PIN: 123-293-346
[2024-02-13 16:57:44,204] INFO in _internal: 127.0.0.1 - - [13/Feb/2024 16:57:44] "GET / HTTP/1.1" 200 -
[2024-02-13 16:57:44,721] INFO in _internal: 127.0.0.1 - - [13/Feb/2024 16:57:44] "[36mGET /static/css/templatemo-style.css HTTP/1.1[0m" 304 -
[2024-02-13 16:57:44,745] INFO in _internal: 127.0.0.1 - - [13/Feb/2024 16:57:44] "[36mGET /static/css/index.css HTTP/1.1[0m" 304 -
[2024-02-13 16:57:44,846] INFO in _internal: 127.0.0.1 - - [13/Feb/2024 16:57:44] "[36mGET /static/img/logo.png HTTP/1.1[0m" 304 -
[2024-02-13 16:57:44,937] INFO in _internal: 127.0.0.1 - - [13/Feb/2024 16:57:44] "GET /sensing_data HTTP/1.1" 200 -
[2024-02-13 16:57:45,775] INFO in _internal: 127.0.0.1 - - [13/Feb/2024 16:57:45] "GET /escortv2 HTTP/1.1" 200 -
[2024-02-13 16:57:45,794] INFO in _internal: 127.0.0.1 - - [13/Feb/2024 16:57:45] "GET /static/css/escortv2.css HTTP/1.1" 200 -
[2024-02-13 16:57:45,805] INFO in _internal: 127.0.0.1 - - [13/Feb/2024 16:57:45] "[36mGET /static/img/logo.png HTTP/1.1[0m" 304 -
[2024-02-13 16:57:45,806] INFO in _internal: 127.0.0.1 - - [13/Feb/2024 16:57:45] "[36mGET /static/img/area.png HTTP/1.1[0m" 304 -
[2024-02-13 16:57:45,816] INFO in _internal: 127.0.0.1 - - [13/Feb/2024 16:57:45] "GET /static/js/escortv2.js HTTP/1.1" 200 -
[2024-02-13 16:57:45,844] INFO in _internal: 127.0.0.1 - - [13/Feb/2024 16:57:45] "[36mGET /static/img/2.jpg HTTP/1.1[0m" 304 -
[2024-02-13 16:57:45,845] INFO in _internal: 127.0.0.1 - - [13/Feb/2024 16:57:45] "[36mGET /static/img/1.jpg HTTP/1.1[0m" 304 -
[2024-02-13 16:57:45,846] INFO in _internal: 127.0.0.1 - - [13/Feb/2024 16:57:45] "[36mGET /static/img/3.jpg HTTP/1.1[0m" 304 -
[2024-02-13 16:57:45,861] INFO in _internal: 127.0.0.1 - - [13/Feb/2024 16:57:45] "[36mGET /static/img/4.jpg HTTP/1.1[0m" 304 -
[2024-02-13 16:57:45,862] INFO in _internal: 127.0.0.1 - - [13/Feb/2024 16:57:45] "[36mGET /static/img/19.jpg HTTP/1.1[0m" 304 -
[2024-02-13 16:57:45,871] INFO in _internal: 127.0.0.1 - - [13/Feb/2024 16:57:45] "[36mGET /static/img/20.jpg HTTP/1.1[0m" 304 -
[2024-02-13 16:57:45,893] INFO in _internal: 127.0.0.1 - - [13/Feb/2024 16:57:45] "[36mGET /static/img/22.jpg HTTP/1.1[0m" 304 -
[2024-02-13 16:57:45,894] INFO in _internal: 127.0.0.1 - - [13/Feb/2024 16:57:45] "[36mGET /static/img/21.jpg HTTP/1.1[0m" 304 -
[2024-02-13 16:57:45,894] INFO in _internal: 127.0.0.1 - - [13/Feb/2024 16:57:45] "[36mGET /static/img/23.jpg HTTP/1.1[0m" 304 -
[2024-02-13 16:57:53,775] INFO in _internal: 127.0.0.1 - - [13/Feb/2024 16:57:53] "[36mGET /static/css/escortv2.css HTTP/1.1[0m" 304 -
[2024-02-13 17:00:42,058] INFO in _internal: 127.0.0.1 - - [13/Feb/2024 17:00:42] "GET /escortv2 HTTP/1.1" 200 -
[2024-02-13 17:00:42,085] INFO in _internal: 127.0.0.1 - - [13/Feb/2024 17:00:42] "[36mGET /static/img/logo.png HTTP/1.1[0m" 304 -
[2024-02-13 17:00:42,086] INFO in _internal: 127.0.0.1 - - [13/Feb/2024 17:00:42] "[36mGET /static/css/escortv2.css HTTP/1.1[0m" 304 -
[2024-02-13 17:00:42,086] INFO in _internal: 127.0.0.1 - - [13/Feb/2024 17:00:42] "[36mGET /static/img/area.png HTTP/1.1[0m" 304 -
[2024-02-13 17:00:42,101] INFO in _internal: 127.0.0.1 - - [13/Feb/2024 17:00:42] "GET /static/js/escortv2.js HTTP/1.1" 200 -
[2024-02-13 17:00:42,161] INFO in _internal: 127.0.0.1 - - [13/Feb/2024 17:00:42] "[36mGET /static/img/1.jpg HTTP/1.1[0m" 304 -
[2024-02-13 17:00:42,162] INFO in _internal: 127.0.0.1 - - [13/Feb/2024 17:00:42] "[36mGET /static/img/2.jpg HTTP/1.1[0m" 304 -
[2024-02-13 17:00:42,168] INFO in _internal: 127.0.0.1 - - [13/Feb/2024 17:00:42] "[36mGET /static/img/3.jpg HTTP/1.1[0m" 304 -
[2024-02-13 17:00:42,182] INFO in _internal: 127.0.0.1 - - [13/Feb/2024 17:00:42] "[36mGET /static/img/19.jpg HTTP/1.1[0m" 304 -
[2024-02-13 17:00:42,188] INFO in _internal: 127.0.0.1 - - [13/Feb/2024 17:00:42] "[36mGET /static/img/4.jpg HTTP/1.1[0m" 304 -
[2024-02-13 17:00:42,190] INFO in _internal: 127.0.0.1 - - [13/Feb/2024 17:00:42] "[36mGET /static/img/20.jpg HTTP/1.1[0m" 304 -
[2024-02-13 17:00:42,199] INFO in _internal: 127.0.0.1 - - [13/Feb/2024 17:00:42] "[36mGET /static/img/21.jpg HTTP/1.1[0m" 304 -
[2024-02-13 17:00:42,206] INFO in _internal: 127.0.0.1 - - [13/Feb/2024 17:00:42] "[36mGET /static/img/22.jpg HTTP/1.1[0m" 304 -
[2024-02-13 17:00:42,215] INFO in _internal: 127.0.0.1 - - [13/Feb/2024 17:00:42] "[36mGET /static/img/23.jpg HTTP/1.1[0m" 304 -
[2024-02-13 17:01:32,319] INFO in _internal: 127.0.0.1 - - [13/Feb/2024 17:01:32] "GET /escortv2 HTTP/1.1" 200 -
[2024-02-13 17:01:32,343] INFO in _internal: 127.0.0.1 - - [13/Feb/2024 17:01:32] "[36mGET /static/css/escortv2.css HTTP/1.1[0m" 304 -
[2024-02-13 17:01:32,346] INFO in _internal: 127.0.0.1 - - [13/Feb/2024 17:01:32] "[36mGET /static/img/area.png HTTP/1.1[0m" 304 -
[2024-02-13 17:01:32,347] INFO in _internal: 127.0.0.1 - - [13/Feb/2024 17:01:32] "[36mGET /static/img/logo.png HTTP/1.1[0m" 304 -
[2024-02-13 17:01:32,363] INFO in _internal: 127.0.0.1 - - [13/Feb/2024 17:01:32] "GET /static/js/escortv2.js HTTP/1.1" 200 -
[2024-02-13 17:01:32,395] INFO in _internal: 127.0.0.1 - - [13/Feb/2024 17:01:32] "[36mGET /static/img/1.jpg HTTP/1.1[0m" 304 -
[2024-02-13 17:01:32,396] INFO in _internal: 127.0.0.1 - - [13/Feb/2024 17:01:32] "[36mGET /static/img/2.jpg HTTP/1.1[0m" 304 -
[2024-02-13 17:01:32,405] INFO in _internal: 127.0.0.1 - - [13/Feb/2024 17:01:32] "[36mGET /static/img/3.jpg HTTP/1.1[0m" 304 -
[2024-02-13 17:01:32,436] INFO in _internal: 127.0.0.1 - - [13/Feb/2024 17:01:32] "[36mGET /static/img/4.jpg HTTP/1.1[0m" 304 -
[2024-02-13 17:01:32,437] INFO in _internal: 127.0.0.1 - - [13/Feb/2024 17:01:32] "[36mGET /static/img/20.jpg HTTP/1.1[0m" 304 -
[2024-02-13 17:01:32,441] INFO in _internal: 127.0.0.1 - - [13/Feb/2024 17:01:32] "[36mGET /static/img/19.jpg HTTP/1.1[0m" 304 -
[2024-02-13 17:01:32,444] INFO in _internal: 127.0.0.1 - - [13/Feb/2024 17:01:32] "[36mGET /static/img/21.jpg HTTP/1.1[0m" 304 -
[2024-02-13 17:01:32,447] INFO in _internal: 127.0.0.1 - - [13/Feb/2024 17:01:32] "[36mGET /static/img/22.jpg HTTP/1.1[0m" 304 -
[2024-02-13 17:01:32,449] INFO in _internal: 127.0.0.1 - - [13/Feb/2024 17:01:32] "[36mGET /static/img/23.jpg HTTP/1.1[0m" 304 -
[2024-02-13 17:01:55,295] INFO in _internal: 127.0.0.1 - - [13/Feb/2024 17:01:55] "GET /escortv2 HTTP/1.1" 200 -
[2024-02-13 17:01:55,320] INFO in _internal: 127.0.0.1 - - [13/Feb/2024 17:01:55] "[36mGET /static/css/escortv2.css HTTP/1.1[0m" 304 -
[2024-02-13 17:01:55,321] INFO in _internal: 127.0.0.1 - - [13/Feb/2024 17:01:55] "[36mGET /static/img/logo.png HTTP/1.1[0m" 304 -
[2024-02-13 17:01:55,322] INFO in _internal: 127.0.0.1 - - [13/Feb/2024 17:01:55] "[36mGET /static/img/area.png HTTP/1.1[0m" 304 -
[2024-02-13 17:01:55,331] INFO in _internal: 127.0.0.1 - - [13/Feb/2024 17:01:55] "GET /static/js/escortv2.js HTTP/1.1" 200 -
[2024-02-13 17:01:55,370] INFO in _internal: 127.0.0.1 - - [13/Feb/2024 17:01:55] "[36mGET /static/img/1.jpg HTTP/1.1[0m" 304 -
[2024-02-13 17:01:55,377] INFO in _internal: 127.0.0.1 - - [13/Feb/2024 17:01:55] "[36mGET /static/img/2.jpg HTTP/1.1[0m" 304 -
[2024-02-13 17:01:55,380] INFO in _internal: 127.0.0.1 - - [13/Feb/2024 17:01:55] "[36mGET /static/img/3.jpg HTTP/1.1[0m" 304 -
[2024-02-13 17:01:55,389] INFO in _internal: 127.0.0.1 - - [13/Feb/2024 17:01:55] "[36mGET /static/img/4.jpg HTTP/1.1[0m" 304 -
[2024-02-13 17:01:55,409] INFO in _internal: 127.0.0.1 - - [13/Feb/2024 17:01:55] "[36mGET /static/img/19.jpg HTTP/1.1[0m" 304 -
[2024-02-13 17:01:55,411] INFO in _internal: 127.0.0.1 - - [13/Feb/2024 17:01:55] "[36mGET /static/img/20.jpg HTTP/1.1[0m" 304 -
[2024-02-13 17:01:55,417] INFO in _internal: 127.0.0.1 - - [13/Feb/2024 17:01:55] "[36mGET /static/img/21.jpg HTTP/1.1[0m" 304 -
[2024-02-13 17:01:55,420] INFO in _internal: 127.0.0.1 - - [13/Feb/2024 17:01:55] "[36mGET /static/img/22.jpg HTTP/1.1[0m" 304 -
[2024-02-13 17:01:55,422] INFO in _internal: 127.0.0.1 - - [13/Feb/2024 17:01:55] "[36mGET /static/img/23.jpg HTTP/1.1[0m" 304 -
[2024-02-13 17:02:35,611] INFO in _internal: 127.0.0.1 - - [13/Feb/2024 17:02:35] "GET /escortv2 HTTP/1.1" 200 -
[2024-02-13 17:02:35,634] INFO in _internal: 127.0.0.1 - - [13/Feb/2024 17:02:35] "[36mGET /static/css/escortv2.css HTTP/1.1[0m" 304 -
[2024-02-13 17:02:35,636] INFO in _internal: 127.0.0.1 - - [13/Feb/2024 17:02:35] "[36mGET /static/img/logo.png HTTP/1.1[0m" 304 -
[2024-02-13 17:02:35,636] INFO in _internal: 127.0.0.1 - - [13/Feb/2024 17:02:35] "[36mGET /static/img/area.png HTTP/1.1[0m" 304 -
[2024-02-13 17:02:35,651] INFO in _internal: 127.0.0.1 - - [13/Feb/2024 17:02:35] "GET /static/js/escortv2.js HTTP/1.1" 200 -
[2024-02-13 17:02:35,731] INFO in _internal: 127.0.0.1 - - [13/Feb/2024 17:02:35] "[36mGET /static/img/2.jpg HTTP/1.1[0m" 304 -
[2024-02-13 17:02:35,733] INFO in _internal: 127.0.0.1 - - [13/Feb/2024 17:02:35] "[36mGET /static/img/1.jpg HTTP/1.1[0m" 304 -
[2024-02-13 17:02:35,739] INFO in _internal: 127.0.0.1 - - [13/Feb/2024 17:02:35] "[36mGET /static/img/3.jpg HTTP/1.1[0m" 304 -
[2024-02-13 17:02:35,763] INFO in _internal: 127.0.0.1 - - [13/Feb/2024 17:02:35] "[36mGET /static/img/19.jpg HTTP/1.1[0m" 304 -
[2024-02-13 17:02:35,764] INFO in _internal: 127.0.0.1 - - [13/Feb/2024 17:02:35] "[36mGET /static/img/4.jpg HTTP/1.1[0m" 304 -
[2024-02-13 17:02:35,767] INFO in _internal: 127.0.0.1 - - [13/Feb/2024 17:02:35] "[36mGET /static/img/20.jpg HTTP/1.1[0m" 304 -
[2024-02-13 17:02:35,770] INFO in _internal: 127.0.0.1 - - [13/Feb/2024 17:02:35] "[36mGET /static/img/21.jpg HTTP/1.1[0m" 304 -
[2024-02-13 17:02:35,783] INFO in _internal: 127.0.0.1 - - [13/Feb/2024 17:02:35] "[36mGET /static/img/22.jpg HTTP/1.1[0m" 304 -
[2024-02-13 17:02:35,783] INFO in _internal: 127.0.0.1 - - [13/Feb/2024 17:02:35] "[36mGET /static/img/23.jpg HTTP/1.1[0m" 304 -
[2024-02-13 17:03:07,537] INFO in _internal: 127.0.0.1 - - [13/Feb/2024 17:03:07] "GET /escortv2 HTTP/1.1" 200 -
[2024-02-13 17:03:07,562] INFO in _internal: 127.0.0.1 - - [13/Feb/2024 17:03:07] "[36mGET /static/css/escortv2.css HTTP/1.1[0m" 304 -
[2024-02-13 17:03:07,563] INFO in _internal: 127.0.0.1 - - [13/Feb/2024 17:03:07] "[36mGET /static/img/logo.png HTTP/1.1[0m" 304 -
[2024-02-13 17:03:07,564] INFO in _internal: 127.0.0.1 - - [13/Feb/2024 17:03:07] "[36mGET /static/img/area.png HTTP/1.1[0m" 304 -
[2024-02-13 17:03:07,581] INFO in _internal: 127.0.0.1 - - [13/Feb/2024 17:03:07] "GET /static/js/escortv2.js HTTP/1.1" 200 -
[2024-02-13 17:03:07,632] INFO in _internal: 127.0.0.1 - - [13/Feb/2024 17:03:07] "[36mGET /static/img/1.jpg HTTP/1.1[0m" 304 -
[2024-02-13 17:03:07,633] INFO in _internal: 127.0.0.1 - - [13/Feb/2024 17:03:07] "[36mGET /static/img/2.jpg HTTP/1.1[0m" 304 -
[2024-02-13 17:03:07,641] INFO in _internal: 127.0.0.1 - - [13/Feb/2024 17:03:07] "[36mGET /static/img/3.jpg HTTP/1.1[0m" 304 -
[2024-02-13 17:03:07,662] INFO in _internal: 127.0.0.1 - - [13/Feb/2024 17:03:07] "[36mGET /static/img/4.jpg HTTP/1.1[0m" 304 -
[2024-02-13 17:03:07,667] INFO in _internal: 127.0.0.1 - - [13/Feb/2024 17:03:07] "[36mGET /static/img/19.jpg HTTP/1.1[0m" 304 -
[2024-02-13 17:03:07,669] INFO in _internal: 127.0.0.1 - - [13/Feb/2024 17:03:07] "[36mGET /static/img/20.jpg HTTP/1.1[0m" 304 -
[2024-02-13 17:03:07,676] INFO in _internal: 127.0.0.1 - - [13/Feb/2024 17:03:07] "[36mGET /static/img/21.jpg HTTP/1.1[0m" 304 -
[2024-02-13 17:03:07,678] INFO in _internal: 127.0.0.1 - - [13/Feb/2024 17:03:07] "[36mGET /static/img/22.jpg HTTP/1.1[0m" 304 -
[2024-02-13 17:03:07,680] INFO in _internal: 127.0.0.1 - - [13/Feb/2024 17:03:07] "[36mGET /static/img/23.jpg HTTP/1.1[0m" 304 -
[2024-02-13 17:04:58,350] INFO in _internal: 127.0.0.1 - - [13/Feb/2024 17:04:58] "GET /escortv2 HTTP/1.1" 200 -
[2024-02-13 17:04:58,377] INFO in _internal: 127.0.0.1 - - [13/Feb/2024 17:04:58] "[36mGET /static/css/escortv2.css HTTP/1.1[0m" 304 -
[2024-02-13 17:04:58,379] INFO in _internal: 127.0.0.1 - - [13/Feb/2024 17:04:58] "[36mGET /static/img/logo.png HTTP/1.1[0m" 304 -
[2024-02-13 17:04:58,381] INFO in _internal: 127.0.0.1 - - [13/Feb/2024 17:04:58] "[36mGET /static/img/area.png HTTP/1.1[0m" 304 -
[2024-02-13 17:04:58,396] INFO in _internal: 127.0.0.1 - - [13/Feb/2024 17:04:58] "GET /static/js/escortv2.js HTTP/1.1" 200 -
[2024-02-13 17:04:58,452] INFO in _internal: 127.0.0.1 - - [13/Feb/2024 17:04:58] "[36mGET /static/img/3.jpg HTTP/1.1[0m" 304 -
[2024-02-13 17:04:58,454] INFO in _internal: 127.0.0.1 - - [13/Feb/2024 17:04:58] "[36mGET /static/img/1.jpg HTTP/1.1[0m" 304 -
[2024-02-13 17:04:58,456] INFO in _internal: 127.0.0.1 - - [13/Feb/2024 17:04:58] "[36mGET /static/img/2.jpg HTTP/1.1[0m" 304 -
[2024-02-13 17:04:58,465] INFO in _internal: 127.0.0.1 - - [13/Feb/2024 17:04:58] "[36mGET /static/img/4.jpg HTTP/1.1[0m" 304 -
[2024-02-13 17:04:58,490] INFO in _internal: 127.0.0.1 - - [13/Feb/2024 17:04:58] "[36mGET /static/img/19.jpg HTTP/1.1[0m" 304 -
[2024-02-13 17:04:58,493] INFO in _internal: 127.0.0.1 - - [13/Feb/2024 17:04:58] "[36mGET /static/img/20.jpg HTTP/1.1[0m" 304 -
[2024-02-13 17:04:58,511] INFO in _internal: 127.0.0.1 - - [13/Feb/2024 17:04:58] "[36mGET /static/img/22.jpg HTTP/1.1[0m" 304 -
[2024-02-13 17:04:58,533] INFO in _internal: 127.0.0.1 - - [13/Feb/2024 17:04:58] "[36mGET /static/img/21.jpg HTTP/1.1[0m" 304 -
[2024-02-13 17:04:58,533] INFO in _internal: 127.0.0.1 - - [13/Feb/2024 17:04:58] "[36mGET /static/img/23.jpg HTTP/1.1[0m" 304 -
[2024-02-13 17:05:10,631] INFO in _internal: 127.0.0.1 - - [13/Feb/2024 17:05:10] "GET /escortv2 HTTP/1.1" 200 -
[2024-02-13 17:05:10,652] INFO in _internal: 127.0.0.1 - - [13/Feb/2024 17:05:10] "[36mGET /static/css/escortv2.css HTTP/1.1[0m" 304 -
[2024-02-13 17:05:10,655] INFO in _internal: 127.0.0.1 - - [13/Feb/2024 17:05:10] "[36mGET /static/img/area.png HTTP/1.1[0m" 304 -
[2024-02-13 17:05:10,655] INFO in _internal: 127.0.0.1 - - [13/Feb/2024 17:05:10] "[36mGET /static/img/logo.png HTTP/1.1[0m" 304 -
[2024-02-13 17:05:10,666] INFO in _internal: 127.0.0.1 - - [13/Feb/2024 17:05:10] "GET /static/js/escortv2.js HTTP/1.1" 200 -
[2024-02-13 17:05:10,735] INFO in _internal: 127.0.0.1 - - [13/Feb/2024 17:05:10] "[36mGET /static/img/1.jpg HTTP/1.1[0m" 304 -
[2024-02-13 17:05:10,736] INFO in _internal: 127.0.0.1 - - [13/Feb/2024 17:05:10] "[36mGET /static/img/3.jpg HTTP/1.1[0m" 304 -
[2024-02-13 17:05:10,744] INFO in _internal: 127.0.0.1 - - [13/Feb/2024 17:05:10] "[36mGET /static/img/2.jpg HTTP/1.1[0m" 304 -
[2024-02-13 17:05:10,753] INFO in _internal: 127.0.0.1 - - [13/Feb/2024 17:05:10] "[36mGET /static/img/4.jpg HTTP/1.1[0m" 304 -
[2024-02-13 17:05:10,758] INFO in _internal: 127.0.0.1 - - [13/Feb/2024 17:05:10] "[36mGET /static/img/19.jpg HTTP/1.1[0m" 304 -
[2024-02-13 17:05:10,761] INFO in _internal: 127.0.0.1 - - [13/Feb/2024 17:05:10] "[36mGET /static/img/20.jpg HTTP/1.1[0m" 304 -
[2024-02-13 17:05:10,769] INFO in _internal: 127.0.0.1 - - [13/Feb/2024 17:05:10] "[36mGET /static/img/21.jpg HTTP/1.1[0m" 304 -
[2024-02-13 17:05:10,772] INFO in _internal: 127.0.0.1 - - [13/Feb/2024 17:05:10] "[36mGET /static/img/22.jpg HTTP/1.1[0m" 304 -
[2024-02-13 17:05:10,774] INFO in _internal: 127.0.0.1 - - [13/Feb/2024 17:05:10] "[36mGET /static/img/23.jpg HTTP/1.1[0m" 304 -
[2024-02-13 17:07:15,797] INFO in _internal: 127.0.0.1 - - [13/Feb/2024 17:07:15] "GET /escortv2 HTTP/1.1" 200 -
[2024-02-13 17:07:15,824] INFO in _internal: 127.0.0.1 - - [13/Feb/2024 17:07:15] "[36mGET /static/css/escortv2.css HTTP/1.1[0m" 304 -
[2024-02-13 17:07:15,825] INFO in _internal: 127.0.0.1 - - [13/Feb/2024 17:07:15] "[36mGET /static/img/logo.png HTTP/1.1[0m" 304 -
[2024-02-13 17:07:15,827] INFO in _internal: 127.0.0.1 - - [13/Feb/2024 17:07:15] "[36mGET /static/img/area.png HTTP/1.1[0m" 304 -
[2024-02-13 17:07:15,845] INFO in _internal: 127.0.0.1 - - [13/Feb/2024 17:07:15] "GET /static/js/escortv2.js HTTP/1.1" 200 -
[2024-02-13 17:07:15,950] INFO in _internal: 127.0.0.1 - - [13/Feb/2024 17:07:15] "[36mGET /static/img/1.jpg HTTP/1.1[0m" 304 -
[2024-02-13 17:07:15,950] INFO in _internal: 127.0.0.1 - - [13/Feb/2024 17:07:15] "[36mGET /static/img/2.jpg HTTP/1.1[0m" 304 -
[2024-02-13 17:07:15,951] INFO in _internal: 127.0.0.1 - - [13/Feb/2024 17:07:15] "[36mGET /static/img/3.jpg HTTP/1.1[0m" 304 -
[2024-02-13 17:07:15,956] INFO in _internal: 127.0.0.1 - - [13/Feb/2024 17:07:15] "[36mGET /static/img/4.jpg HTTP/1.1[0m" 304 -
[2024-02-13 17:07:15,975] INFO in _internal: 127.0.0.1 - - [13/Feb/2024 17:07:15] "[36mGET /static/img/19.jpg HTTP/1.1[0m" 304 -
[2024-02-13 17:07:15,985] INFO in _internal: 127.0.0.1 - - [13/Feb/2024 17:07:15] "[36mGET /static/img/20.jpg HTTP/1.1[0m" 304 -
[2024-02-13 17:07:15,993] INFO in _internal: 127.0.0.1 - - [13/Feb/2024 17:07:15] "[36mGET /static/img/21.jpg HTTP/1.1[0m" 304 -
[2024-02-13 17:07:16,013] INFO in _internal: 127.0.0.1 - - [13/Feb/2024 17:07:16] "[36mGET /static/img/22.jpg HTTP/1.1[0m" 304 -
[2024-02-13 17:07:16,017] INFO in _internal: 127.0.0.1 - - [13/Feb/2024 17:07:16] "[36mGET /static/img/23.jpg HTTP/1.1[0m" 304 -
[2024-02-13 17:07:39,714] INFO in _internal: 127.0.0.1 - - [13/Feb/2024 17:07:39] "GET /escortv2 HTTP/1.1" 200 -
[2024-02-13 17:07:39,742] INFO in _internal: 127.0.0.1 - - [13/Feb/2024 17:07:39] "[36mGET /static/css/escortv2.css HTTP/1.1[0m" 304 -
[2024-02-13 17:07:39,745] INFO in _internal: 127.0.0.1 - - [13/Feb/2024 17:07:39] "[36mGET /static/img/logo.png HTTP/1.1[0m" 304 -
[2024-02-13 17:07:39,746] INFO in _internal: 127.0.0.1 - - [13/Feb/2024 17:07:39] "[36mGET /static/img/area.png HTTP/1.1[0m" 304 -
[2024-02-13 17:07:39,764] INFO in _internal: 127.0.0.1 - - [13/Feb/2024 17:07:39] "GET /static/js/escortv2.js HTTP/1.1" 200 -
[2024-02-13 17:07:39,801] INFO in _internal: 127.0.0.1 - - [13/Feb/2024 17:07:39] "[36mGET /static/img/1.jpg HTTP/1.1[0m" 304 -
[2024-02-13 17:07:39,809] INFO in _internal: 127.0.0.1 - - [13/Feb/2024 17:07:39] "[36mGET /static/img/3.jpg HTTP/1.1[0m" 304 -
[2024-02-13 17:07:39,815] INFO in _internal: 127.0.0.1 - - [13/Feb/2024 17:07:39] "[36mGET /static/img/2.jpg HTTP/1.1[0m" 304 -
[2024-02-13 17:07:39,829] INFO in _internal: 127.0.0.1 - - [13/Feb/2024 17:07:39] "[36mGET /static/img/4.jpg HTTP/1.1[0m" 304 -
[2024-02-13 17:07:39,836] INFO in _internal: 127.0.0.1 - - [13/Feb/2024 17:07:39] "[36mGET /static/img/19.jpg HTTP/1.1[0m" 304 -
[2024-02-13 17:07:39,856] INFO in _internal: 127.0.0.1 - - [13/Feb/2024 17:07:39] "[36mGET /static/img/20.jpg HTTP/1.1[0m" 304 -
[2024-02-13 17:07:39,858] INFO in _internal: 127.0.0.1 - - [13/Feb/2024 17:07:39] "[36mGET /static/img/21.jpg HTTP/1.1[0m" 304 -
[2024-02-13 17:07:39,859] INFO in _internal: 127.0.0.1 - - [13/Feb/2024 17:07:39] "[36mGET /static/img/22.jpg HTTP/1.1[0m" 304 -
[2024-02-13 17:07:39,861] INFO in _internal: 127.0.0.1 - - [13/Feb/2024 17:07:39] "[36mGET /static/img/23.jpg HTTP/1.1[0m" 304 -
[2024-02-13 17:07:48,617] INFO in _internal: 127.0.0.1 - - [13/Feb/2024 17:07:48] "GET /escortv2 HTTP/1.1" 200 -
[2024-02-13 17:07:48,641] INFO in _internal: 127.0.0.1 - - [13/Feb/2024 17:07:48] "[36mGET /static/css/escortv2.css HTTP/1.1[0m" 304 -
[2024-02-13 17:07:48,642] INFO in _internal: 127.0.0.1 - - [13/Feb/2024 17:07:48] "[36mGET /static/img/logo.png HTTP/1.1[0m" 304 -
[2024-02-13 17:07:48,642] INFO in _internal: 127.0.0.1 - - [13/Feb/2024 17:07:48] "[36mGET /static/img/area.png HTTP/1.1[0m" 304 -
[2024-02-13 17:07:48,655] INFO in _internal: 127.0.0.1 - - [13/Feb/2024 17:07:48] "[36mGET /static/js/escortv2.js HTTP/1.1[0m" 304 -
[2024-02-13 17:07:48,715] INFO in _internal: 127.0.0.1 - - [13/Feb/2024 17:07:48] "[36mGET /static/img/1.jpg HTTP/1.1[0m" 304 -
[2024-02-13 17:07:48,716] INFO in _internal: 127.0.0.1 - - [13/Feb/2024 17:07:48] "[36mGET /static/img/3.jpg HTTP/1.1[0m" 304 -
[2024-02-13 17:07:48,717] INFO in _internal: 127.0.0.1 - - [13/Feb/2024 17:07:48] "[36mGET /static/img/2.jpg HTTP/1.1[0m" 304 -
[2024-02-13 17:07:48,723] INFO in _internal: 127.0.0.1 - - [13/Feb/2024 17:07:48] "[36mGET /static/img/4.jpg HTTP/1.1[0m" 304 -
[2024-02-13 17:07:48,727] INFO in _internal: 127.0.0.1 - - [13/Feb/2024 17:07:48] "[36mGET /static/img/19.jpg HTTP/1.1[0m" 304 -
[2024-02-13 17:07:48,741] INFO in _internal: 127.0.0.1 - - [13/Feb/2024 17:07:48] "[36mGET /static/img/20.jpg HTTP/1.1[0m" 304 -
[2024-02-13 17:07:48,748] INFO in _internal: 127.0.0.1 - - [13/Feb/2024 17:07:48] "[36mGET /static/img/21.jpg HTTP/1.1[0m" 304 -
[2024-02-13 17:07:48,754] INFO in _internal: 127.0.0.1 - - [13/Feb/2024 17:07:48] "[36mGET /static/img/22.jpg HTTP/1.1[0m" 304 -
[2024-02-13 17:07:48,756] INFO in _internal: 127.0.0.1 - - [13/Feb/2024 17:07:48] "[36mGET /static/img/23.jpg HTTP/1.1[0m" 304 -
[2024-02-13 17:08:42,852] INFO in _internal: 127.0.0.1 - - [13/Feb/2024 17:08:42] "GET /escortv2 HTTP/1.1" 200 -
[2024-02-13 17:08:42,877] INFO in _internal: 127.0.0.1 - - [13/Feb/2024 17:08:42] "[36mGET /static/css/escortv2.css HTTP/1.1[0m" 304 -
[2024-02-13 17:08:42,879] INFO in _internal: 127.0.0.1 - - [13/Feb/2024 17:08:42] "[36mGET /static/img/logo.png HTTP/1.1[0m" 304 -
[2024-02-13 17:08:42,880] INFO in _internal: 127.0.0.1 - - [13/Feb/2024 17:08:42] "[36mGET /static/img/area.png HTTP/1.1[0m" 304 -
[2024-02-13 17:08:42,896] INFO in _internal: 127.0.0.1 - - [13/Feb/2024 17:08:42] "GET /static/js/escortv2.js HTTP/1.1" 200 -
[2024-02-13 17:08:42,940] INFO in _internal: 127.0.0.1 - - [13/Feb/2024 17:08:42] "[36mGET /static/img/1.jpg HTTP/1.1[0m" 304 -
[2024-02-13 17:08:42,940] INFO in _internal: 127.0.0.1 - - [13/Feb/2024 17:08:42] "[36mGET /static/img/2.jpg HTTP/1.1[0m" 304 -
[2024-02-13 17:08:42,953] INFO in _internal: 127.0.0.1 - - [13/Feb/2024 17:08:42] "[36mGET /static/img/3.jpg HTTP/1.1[0m" 304 -
[2024-02-13 17:08:42,963] INFO in _internal: 127.0.0.1 - - [13/Feb/2024 17:08:42] "[36mGET /static/img/4.jpg HTTP/1.1[0m" 304 -
[2024-02-13 17:08:42,973] INFO in _internal: 127.0.0.1 - - [13/Feb/2024 17:08:42] "[36mGET /static/img/19.jpg HTTP/1.1[0m" 304 -
[2024-02-13 17:08:42,973] INFO in _internal: 127.0.0.1 - - [13/Feb/2024 17:08:42] "[36mGET /static/img/20.jpg HTTP/1.1[0m" 304 -
[2024-02-13 17:08:42,983] INFO in _internal: 127.0.0.1 - - [13/Feb/2024 17:08:42] "[36mGET /static/img/22.jpg HTTP/1.1[0m" 304 -
[2024-02-13 17:08:42,984] INFO in _internal: 127.0.0.1 - - [13/Feb/2024 17:08:42] "[36mGET /static/img/21.jpg HTTP/1.1[0m" 304 -
[2024-02-13 17:08:42,994] INFO in _internal: 127.0.0.1 - - [13/Feb/2024 17:08:42] "[36mGET /static/img/23.jpg HTTP/1.1[0m" 304 -
[2024-02-13 17:09:15,132] INFO in _internal: 127.0.0.1 - - [13/Feb/2024 17:09:15] "GET /escortv2 HTTP/1.1" 200 -
[2024-02-13 17:09:15,159] INFO in _internal: 127.0.0.1 - - [13/Feb/2024 17:09:15] "[36mGET /static/css/escortv2.css HTTP/1.1[0m" 304 -
[2024-02-13 17:09:15,163] INFO in _internal: 127.0.0.1 - - [13/Feb/2024 17:09:15] "[36mGET /static/img/logo.png HTTP/1.1[0m" 304 -
[2024-02-13 17:09:15,165] INFO in _internal: 127.0.0.1 - - [13/Feb/2024 17:09:15] "[36mGET /static/img/area.png HTTP/1.1[0m" 304 -
[2024-02-13 17:09:15,178] INFO in _internal: 127.0.0.1 - - [13/Feb/2024 17:09:15] "GET /static/js/escortv2.js HTTP/1.1" 200 -
[2024-02-13 17:09:15,236] INFO in _internal: 127.0.0.1 - - [13/Feb/2024 17:09:15] "[36mGET /static/img/1.jpg HTTP/1.1[0m" 304 -
[2024-02-13 17:09:15,243] INFO in _internal: 127.0.0.1 - - [13/Feb/2024 17:09:15] "[36mGET /static/img/2.jpg HTTP/1.1[0m" 304 -
[2024-02-13 17:09:15,248] INFO in _internal: 127.0.0.1 - - [13/Feb/2024 17:09:15] "[36mGET /static/img/3.jpg HTTP/1.1[0m" 304 -
[2024-02-13 17:09:15,250] INFO in _internal: 127.0.0.1 - - [13/Feb/2024 17:09:15] "[36mGET /static/img/4.jpg HTTP/1.1[0m" 304 -
[2024-02-13 17:09:15,254] INFO in _internal: 127.0.0.1 - - [13/Feb/2024 17:09:15] "[36mGET /static/img/20.jpg HTTP/1.1[0m" 304 -
[2024-02-13 17:09:15,256] INFO in _internal: 127.0.0.1 - - [13/Feb/2024 17:09:15] "[36mGET /static/img/19.jpg HTTP/1.1[0m" 304 -
[2024-02-13 17:09:15,266] INFO in _internal: 127.0.0.1 - - [13/Feb/2024 17:09:15] "[36mGET /static/img/21.jpg HTTP/1.1[0m" 304 -
[2024-02-13 17:09:15,274] INFO in _internal: 127.0.0.1 - - [13/Feb/2024 17:09:15] "[36mGET /static/img/22.jpg HTTP/1.1[0m" 304 -
[2024-02-13 17:09:15,280] INFO in _internal: 127.0.0.1 - - [13/Feb/2024 17:09:15] "[36mGET /static/img/23.jpg HTTP/1.1[0m" 304 -
[2024-02-13 17:10:28,775] INFO in _internal: 127.0.0.1 - - [13/Feb/2024 17:10:28] "GET /escortv2 HTTP/1.1" 200 -
[2024-02-13 17:10:28,798] INFO in _internal: 127.0.0.1 - - [13/Feb/2024 17:10:28] "[36mGET /static/css/escortv2.css HTTP/1.1[0m" 304 -
[2024-02-13 17:10:28,799] INFO in _internal: 127.0.0.1 - - [13/Feb/2024 17:10:28] "[36mGET /static/img/logo.png HTTP/1.1[0m" 304 -
[2024-02-13 17:10:28,800] INFO in _internal: 127.0.0.1 - - [13/Feb/2024 17:10:28] "[36mGET /static/img/area.png HTTP/1.1[0m" 304 -
[2024-02-13 17:10:28,813] INFO in _internal: 127.0.0.1 - - [13/Feb/2024 17:10:28] "GET /static/js/escortv2.js HTTP/1.1" 200 -
[2024-02-13 17:10:28,861] INFO in _internal: 127.0.0.1 - - [13/Feb/2024 17:10:28] "[36mGET /static/img/1.jpg HTTP/1.1[0m" 304 -
[2024-02-13 17:10:28,862] INFO in _internal: 127.0.0.1 - - [13/Feb/2024 17:10:28] "[36mGET /static/img/2.jpg HTTP/1.1[0m" 304 -
[2024-02-13 17:10:28,864] INFO in _internal: 127.0.0.1 - - [13/Feb/2024 17:10:28] "[36mGET /static/img/3.jpg HTTP/1.1[0m" 304 -
[2024-02-13 17:10:28,887] INFO in _internal: 127.0.0.1 - - [13/Feb/2024 17:10:28] "[36mGET /static/img/4.jpg HTTP/1.1[0m" 304 -
[2024-02-13 17:10:28,898] INFO in _internal: 127.0.0.1 - - [13/Feb/2024 17:10:28] "[36mGET /static/img/19.jpg HTTP/1.1[0m" 304 -
[2024-02-13 17:10:28,901] INFO in _internal: 127.0.0.1 - - [13/Feb/2024 17:10:28] "[36mGET /static/img/20.jpg HTTP/1.1[0m" 304 -
[2024-02-13 17:10:28,907] INFO in _internal: 127.0.0.1 - - [13/Feb/2024 17:10:28] "[36mGET /static/img/21.jpg HTTP/1.1[0m" 304 -
[2024-02-13 17:10:28,908] INFO in _internal: 127.0.0.1 - - [13/Feb/2024 17:10:28] "[36mGET /static/img/22.jpg HTTP/1.1[0m" 304 -
[2024-02-13 17:10:28,914] INFO in _internal: 127.0.0.1 - - [13/Feb/2024 17:10:28] "[36mGET /static/img/23.jpg HTTP/1.1[0m" 304 -
[2024-02-13 17:10:50,437] INFO in _internal: 127.0.0.1 - - [13/Feb/2024 17:10:50] "GET /escortv2 HTTP/1.1" 200 -
[2024-02-13 17:10:50,465] INFO in _internal: 127.0.0.1 - - [13/Feb/2024 17:10:50] "[36mGET /static/css/escortv2.css HTTP/1.1[0m" 304 -
[2024-02-13 17:10:50,468] INFO in _internal: 127.0.0.1 - - [13/Feb/2024 17:10:50] "[36mGET /static/img/logo.png HTTP/1.1[0m" 304 -
[2024-02-13 17:10:50,469] INFO in _internal: 127.0.0.1 - - [13/Feb/2024 17:10:50] "[36mGET /static/img/area.png HTTP/1.1[0m" 304 -
[2024-02-13 17:10:50,484] INFO in _internal: 127.0.0.1 - - [13/Feb/2024 17:10:50] "GET /static/js/escortv2.js HTTP/1.1" 200 -
[2024-02-13 17:10:50,544] INFO in _internal: 127.0.0.1 - - [13/Feb/2024 17:10:50] "[36mGET /static/img/2.jpg HTTP/1.1[0m" 304 -
[2024-02-13 17:10:50,544] INFO in _internal: 127.0.0.1 - - [13/Feb/2024 17:10:50] "[36mGET /static/img/1.jpg HTTP/1.1[0m" 304 -
[2024-02-13 17:10:50,545] INFO in _internal: 127.0.0.1 - - [13/Feb/2024 17:10:50] "[36mGET /static/img/3.jpg HTTP/1.1[0m" 304 -
[2024-02-13 17:10:50,555] INFO in _internal: 127.0.0.1 - - [13/Feb/2024 17:10:50] "[36mGET /static/img/4.jpg HTTP/1.1[0m" 304 -
[2024-02-13 17:10:50,567] INFO in _internal: 127.0.0.1 - - [13/Feb/2024 17:10:50] "[36mGET /static/img/19.jpg HTTP/1.1[0m" 304 -
[2024-02-13 17:10:50,570] INFO in _internal: 127.0.0.1 - - [13/Feb/2024 17:10:50] "[36mGET /static/img/20.jpg HTTP/1.1[0m" 304 -
[2024-02-13 17:10:50,572] INFO in _internal: 127.0.0.1 - - [13/Feb/2024 17:10:50] "[36mGET /static/img/21.jpg HTTP/1.1[0m" 304 -
[2024-02-13 17:10:50,578] INFO in _internal: 127.0.0.1 - - [13/Feb/2024 17:10:50] "[36mGET /static/img/22.jpg HTTP/1.1[0m" 304 -
[2024-02-13 17:10:50,579] INFO in _internal: 127.0.0.1 - - [13/Feb/2024 17:10:50] "[36mGET /static/img/23.jpg HTTP/1.1[0m" 304 -
[2024-02-13 17:11:08,941] INFO in _internal: 127.0.0.1 - - [13/Feb/2024 17:11:08] "GET /escortv2 HTTP/1.1" 200 -
[2024-02-13 17:11:08,966] INFO in _internal: 127.0.0.1 - - [13/Feb/2024 17:11:08] "[36mGET /static/css/escortv2.css HTTP/1.1[0m" 304 -
[2024-02-13 17:11:08,968] INFO in _internal: 127.0.0.1 - - [13/Feb/2024 17:11:08] "[36mGET /static/img/logo.png HTTP/1.1[0m" 304 -
[2024-02-13 17:11:08,969] INFO in _internal: 127.0.0.1 - - [13/Feb/2024 17:11:08] "[36mGET /static/img/area.png HTTP/1.1[0m" 304 -
[2024-02-13 17:11:08,983] INFO in _internal: 127.0.0.1 - - [13/Feb/2024 17:11:08] "GET /static/js/escortv2.js HTTP/1.1" 200 -
[2024-02-13 17:11:09,028] INFO in _internal: 127.0.0.1 - - [13/Feb/2024 17:11:09] "[36mGET /static/img/1.jpg HTTP/1.1[0m" 304 -
[2024-02-13 17:11:09,034] INFO in _internal: 127.0.0.1 - - [13/Feb/2024 17:11:09] "[36mGET /static/img/2.jpg HTTP/1.1[0m" 304 -
[2024-02-13 17:11:09,035] INFO in _internal: 127.0.0.1 - - [13/Feb/2024 17:11:09] "[36mGET /static/img/3.jpg HTTP/1.1[0m" 304 -
[2024-02-13 17:11:09,069] INFO in _internal: 127.0.0.1 - - [13/Feb/2024 17:11:09] "[36mGET /static/img/4.jpg HTTP/1.1[0m" 304 -
[2024-02-13 17:11:09,079] INFO in _internal: 127.0.0.1 - - [13/Feb/2024 17:11:09] "[36mGET /static/img/19.jpg HTTP/1.1[0m" 304 -
[2024-02-13 17:11:09,086] INFO in _internal: 127.0.0.1 - - [13/Feb/2024 17:11:09] "[36mGET /static/img/20.jpg HTTP/1.1[0m" 304 -
[2024-02-13 17:11:09,086] INFO in _internal: 127.0.0.1 - - [13/Feb/2024 17:11:09] "[36mGET /static/img/21.jpg HTTP/1.1[0m" 304 -
[2024-02-13 17:11:09,096] INFO in _internal: 127.0.0.1 - - [13/Feb/2024 17:11:09] "[36mGET /static/img/22.jpg HTTP/1.1[0m" 304 -
[2024-02-13 17:11:09,112] INFO in _internal: 127.0.0.1 - - [13/Feb/2024 17:11:09] "[36mGET /static/img/23.jpg HTTP/1.1[0m" 304 -
[2024-02-13 17:11:40,506] INFO in _internal: 127.0.0.1 - - [13/Feb/2024 17:11:40] "GET /escortv2 HTTP/1.1" 200 -
[2024-02-13 17:11:40,531] INFO in _internal: 127.0.0.1 - - [13/Feb/2024 17:11:40] "[36mGET /static/css/escortv2.css HTTP/1.1[0m" 304 -
[2024-02-13 17:11:40,533] INFO in _internal: 127.0.0.1 - - [13/Feb/2024 17:11:40] "[36mGET /static/img/logo.png HTTP/1.1[0m" 304 -
[2024-02-13 17:11:40,536] INFO in _internal: 127.0.0.1 - - [13/Feb/2024 17:11:40] "[36mGET /static/img/area.png HTTP/1.1[0m" 304 -
[2024-02-13 17:11:40,550] INFO in _internal: 127.0.0.1 - - [13/Feb/2024 17:11:40] "GET /static/js/escortv2.js HTTP/1.1" 200 -
[2024-02-13 17:11:40,582] INFO in _internal: 127.0.0.1 - - [13/Feb/2024 17:11:40] "[36mGET /static/img/1.jpg HTTP/1.1[0m" 304 -
[2024-02-13 17:11:40,584] INFO in _internal: 127.0.0.1 - - [13/Feb/2024 17:11:40] "[36mGET /static/img/2.jpg HTTP/1.1[0m" 304 -
[2024-02-13 17:11:40,601] INFO in _internal: 127.0.0.1 - - [13/Feb/2024 17:11:40] "[36mGET /static/img/3.jpg HTTP/1.1[0m" 304 -
[2024-02-13 17:11:40,605] INFO in _internal: 127.0.0.1 - - [13/Feb/2024 17:11:40] "[36mGET /static/img/4.jpg HTTP/1.1[0m" 304 -
[2024-02-13 17:11:40,610] INFO in _internal: 127.0.0.1 - - [13/Feb/2024 17:11:40] "[36mGET /static/img/19.jpg HTTP/1.1[0m" 304 -
[2024-02-13 17:11:40,614] INFO in _internal: 127.0.0.1 - - [13/Feb/2024 17:11:40] "[36mGET /static/img/20.jpg HTTP/1.1[0m" 304 -
[2024-02-13 17:11:40,623] INFO in _internal: 127.0.0.1 - - [13/Feb/2024 17:11:40] "[36mGET /static/img/21.jpg HTTP/1.1[0m" 304 -
[2024-02-13 17:11:40,650] INFO in _internal: 127.0.0.1 - - [13/Feb/2024 17:11:40] "[36mGET /static/img/22.jpg HTTP/1.1[0m" 304 -
[2024-02-13 17:11:40,654] INFO in _internal: 127.0.0.1 - - [13/Feb/2024 17:11:40] "[36mGET /static/img/23.jpg HTTP/1.1[0m" 304 -
[2024-02-13 17:13:19,691] INFO in _internal: 127.0.0.1 - - [13/Feb/2024 17:13:19] "GET /escortv2 HTTP/1.1" 200 -
[2024-02-13 17:13:19,725] INFO in _internal: 127.0.0.1 - - [13/Feb/2024 17:13:19] "[36mGET /static/css/escortv2.css HTTP/1.1[0m" 304 -
[2024-02-13 17:13:19,726] INFO in _internal: 127.0.0.1 - - [13/Feb/2024 17:13:19] "[36mGET /static/img/logo.png HTTP/1.1[0m" 304 -
[2024-02-13 17:13:19,727] INFO in _internal: 127.0.0.1 - - [13/Feb/2024 17:13:19] "[36mGET /static/img/area.png HTTP/1.1[0m" 304 -
[2024-02-13 17:13:19,750] INFO in _internal: 127.0.0.1 - - [13/Feb/2024 17:13:19] "GET /static/js/escortv2.js HTTP/1.1" 200 -
[2024-02-13 17:13:19,841] INFO in _internal: 127.0.0.1 - - [13/Feb/2024 17:13:19] "[36mGET /static/img/1.jpg HTTP/1.1[0m" 304 -
[2024-02-13 17:13:19,849] INFO in _internal: 127.0.0.1 - - [13/Feb/2024 17:13:19] "[36mGET /static/img/3.jpg HTTP/1.1[0m" 304 -
[2024-02-13 17:13:19,852] INFO in _internal: 127.0.0.1 - - [13/Feb/2024 17:13:19] "[36mGET /static/img/2.jpg HTTP/1.1[0m" 304 -
[2024-02-13 17:13:19,855] INFO in _internal: 127.0.0.1 - - [13/Feb/2024 17:13:19] "[36mGET /static/img/20.jpg HTTP/1.1[0m" 304 -
[2024-02-13 17:13:19,860] INFO in _internal: 127.0.0.1 - - [13/Feb/2024 17:13:19] "[36mGET /static/img/19.jpg HTTP/1.1[0m" 304 -
[2024-02-13 17:13:19,871] INFO in _internal: 127.0.0.1 - - [13/Feb/2024 17:13:19] "[36mGET /static/img/4.jpg HTTP/1.1[0m" 304 -
[2024-02-13 17:13:19,877] INFO in _internal: 127.0.0.1 - - [13/Feb/2024 17:13:19] "[36mGET /static/img/21.jpg HTTP/1.1[0m" 304 -
[2024-02-13 17:13:19,879] INFO in _internal: 127.0.0.1 - - [13/Feb/2024 17:13:19] "[36mGET /static/img/22.jpg HTTP/1.1[0m" 304 -
[2024-02-13 17:13:19,888] INFO in _internal: 127.0.0.1 - - [13/Feb/2024 17:13:19] "[36mGET /static/img/23.jpg HTTP/1.1[0m" 304 -
[2024-02-13 17:15:09,356] INFO in _internal: 127.0.0.1 - - [13/Feb/2024 17:15:09] "[36mGET /static/css/escortv2.css HTTP/1.1[0m" 304 -
[2024-02-13 17:19:17,391] INFO in _internal: 127.0.0.1 - - [13/Feb/2024 17:19:17] "GET / HTTP/1.1" 200 -
[2024-02-13 17:19:17,419] INFO in _internal: 127.0.0.1 - - [13/Feb/2024 17:19:17] "[36mGET /static/css/templatemo-style.css HTTP/1.1[0m" 304 -
[2024-02-13 17:19:17,420] INFO in _internal: 127.0.0.1 - - [13/Feb/2024 17:19:17] "[36mGET /static/css/index.css HTTP/1.1[0m" 304 -
[2024-02-13 17:19:17,425] INFO in _internal: 127.0.0.1 - - [13/Feb/2024 17:19:17] "[36mGET /static/img/logo.png HTTP/1.1[0m" 304 -
[2024-02-13 17:19:17,649] INFO in _internal: 127.0.0.1 - - [13/Feb/2024 17:19:17] "GET /sensing_data HTTP/1.1" 200 -
[2024-02-13 17:19:28,365] INFO in _internal: 127.0.0.1 - - [13/Feb/2024 17:19:28] "GET / HTTP/1.1" 200 -
[2024-02-13 17:19:28,388] INFO in _internal: 127.0.0.1 - - [13/Feb/2024 17:19:28] "[36mGET /static/img/logo.png HTTP/1.1[0m" 304 -
[2024-02-13 17:19:28,389] INFO in _internal: 127.0.0.1 - - [13/Feb/2024 17:19:28] "[36mGET /static/css/index.css HTTP/1.1[0m" 304 -
[2024-02-13 17:19:28,390] INFO in _internal: 127.0.0.1 - - [13/Feb/2024 17:19:28] "[36mGET /static/css/templatemo-style.css HTTP/1.1[0m" 304 -
[2024-02-13 17:19:28,595] INFO in _internal: 127.0.0.1 - - [13/Feb/2024 17:19:28] "GET /sensing_data HTTP/1.1" 200 -
[2024-02-13 17:21:54,169] INFO in _internal: [31m[1mWARNING: This is a development server. Do not use it in a production deployment. Use a production WSGI server instead.[0m
 * Running on http://127.0.0.1:5000
[2024-02-13 17:21:54,170] INFO in _internal: [33mPress CTRL+C to quit[0m
[2024-02-13 17:21:54,188] INFO in _internal:  * Restarting with watchdog (windowsapi)
[2024-02-13 17:21:54,873] WARNING in _internal:  * Debugger is active!
[2024-02-13 17:21:54,888] INFO in _internal:  * Debugger PIN: 123-293-346
[2024-02-13 17:21:55,078] INFO in _internal: 127.0.0.1 - - [13/Feb/2024 17:21:55] "GET /sensing_data HTTP/1.1" 200 -
[2024-02-13 17:21:56,890] INFO in _internal: 127.0.0.1 - - [13/Feb/2024 17:21:56] "GET / HTTP/1.1" 200 -
[2024-02-13 17:21:57,401] INFO in _internal: 127.0.0.1 - - [13/Feb/2024 17:21:57] "[36mGET /static/css/index.css HTTP/1.1[0m" 304 -
[2024-02-13 17:21:57,519] INFO in _internal: 127.0.0.1 - - [13/Feb/2024 17:21:57] "[36mGET /static/img/logo.png HTTP/1.1[0m" 304 -
[2024-02-13 17:21:57,532] INFO in _internal: 127.0.0.1 - - [13/Feb/2024 17:21:57] "[36mGET /static/css/templatemo-style.css HTTP/1.1[0m" 304 -
[2024-02-13 17:21:57,714] INFO in _internal: 127.0.0.1 - - [13/Feb/2024 17:21:57] "GET /sensing_data HTTP/1.1" 200 -
[2024-02-13 17:21:58,786] INFO in _internal: 127.0.0.1 - - [13/Feb/2024 17:21:58] "GET / HTTP/1.1" 200 -
[2024-02-13 17:21:58,812] INFO in _internal: 127.0.0.1 - - [13/Feb/2024 17:21:58] "[36mGET /static/css/templatemo-style.css HTTP/1.1[0m" 304 -
[2024-02-13 17:21:58,814] INFO in _internal: 127.0.0.1 - - [13/Feb/2024 17:21:58] "[36mGET /static/css/index.css HTTP/1.1[0m" 304 -
[2024-02-13 17:21:58,816] INFO in _internal: 127.0.0.1 - - [13/Feb/2024 17:21:58] "[36mGET /static/img/logo.png HTTP/1.1[0m" 304 -
[2024-02-13 17:21:59,017] INFO in _internal: 127.0.0.1 - - [13/Feb/2024 17:21:59] "GET /sensing_data HTTP/1.1" 200 -
[2024-02-13 17:22:32,405] INFO in _internal: 127.0.0.1 - - [13/Feb/2024 17:22:32] "GET /escort HTTP/1.1" 200 -
[2024-02-13 17:22:32,441] INFO in _internal: 127.0.0.1 - - [13/Feb/2024 17:22:32] "[36mGET /static/css/escort.css HTTP/1.1[0m" 304 -
[2024-02-13 17:22:32,441] INFO in _internal: 127.0.0.1 - - [13/Feb/2024 17:22:32] "[36mGET /static/img/logo.png HTTP/1.1[0m" 304 -
[2024-02-13 17:22:32,442] INFO in _internal: 127.0.0.1 - - [13/Feb/2024 17:22:32] "[36mGET /static/img/area.png HTTP/1.1[0m" 304 -
[2024-02-13 17:22:32,459] INFO in _internal: 127.0.0.1 - - [13/Feb/2024 17:22:32] "GET /static/js/escort.js HTTP/1.1" 200 -
[2024-02-13 17:22:32,504] INFO in _internal: 127.0.0.1 - - [13/Feb/2024 17:22:32] "[36mGET /static/img/1.jpg HTTP/1.1[0m" 304 -
[2024-02-13 17:22:32,511] INFO in _internal: 127.0.0.1 - - [13/Feb/2024 17:22:32] "[36mGET /static/img/2.jpg HTTP/1.1[0m" 304 -
[2024-02-13 17:22:32,523] INFO in _internal: 127.0.0.1 - - [13/Feb/2024 17:22:32] "[36mGET /static/img/3.jpg HTTP/1.1[0m" 304 -
[2024-02-13 17:22:32,530] INFO in _internal: 127.0.0.1 - - [13/Feb/2024 17:22:32] "[36mGET /static/img/4.jpg HTTP/1.1[0m" 304 -
[2024-02-13 17:22:32,534] INFO in _internal: 127.0.0.1 - - [13/Feb/2024 17:22:32] "[36mGET /static/img/19.jpg HTTP/1.1[0m" 304 -
[2024-02-13 17:22:32,543] INFO in _internal: 127.0.0.1 - - [13/Feb/2024 17:22:32] "[36mGET /static/img/20.jpg HTTP/1.1[0m" 304 -
[2024-02-13 17:22:32,545] INFO in _internal: 127.0.0.1 - - [13/Feb/2024 17:22:32] "[36mGET /static/img/21.jpg HTTP/1.1[0m" 304 -
[2024-02-13 17:22:32,551] INFO in _internal: 127.0.0.1 - - [13/Feb/2024 17:22:32] "[36mGET /static/img/22.jpg HTTP/1.1[0m" 304 -
[2024-02-13 17:22:32,559] INFO in _internal: 127.0.0.1 - - [13/Feb/2024 17:22:32] "[36mGET /static/img/23.jpg HTTP/1.1[0m" 304 -
[2024-02-13 17:24:06,150] INFO in _internal: 127.0.0.1 - - [13/Feb/2024 17:24:06] "GET /escort HTTP/1.1" 200 -
[2024-02-13 17:24:06,182] INFO in _internal: 127.0.0.1 - - [13/Feb/2024 17:24:06] "[36mGET /static/css/escort.css HTTP/1.1[0m" 304 -
[2024-02-13 17:24:06,184] INFO in _internal: 127.0.0.1 - - [13/Feb/2024 17:24:06] "[36mGET /static/img/logo.png HTTP/1.1[0m" 304 -
[2024-02-13 17:24:06,187] INFO in _internal: 127.0.0.1 - - [13/Feb/2024 17:24:06] "[36mGET /static/img/area.png HTTP/1.1[0m" 304 -
[2024-02-13 17:24:06,201] INFO in _internal: 127.0.0.1 - - [13/Feb/2024 17:24:06] "[36mGET /static/js/escort.js HTTP/1.1[0m" 304 -
[2024-02-13 17:24:06,222] INFO in _internal: 127.0.0.1 - - [13/Feb/2024 17:24:06] "[36mGET /static/img/1.jpg HTTP/1.1[0m" 304 -
[2024-02-13 17:24:06,229] INFO in _internal: 127.0.0.1 - - [13/Feb/2024 17:24:06] "[36mGET /static/img/3.jpg HTTP/1.1[0m" 304 -
[2024-02-13 17:24:06,233] INFO in _internal: 127.0.0.1 - - [13/Feb/2024 17:24:06] "[36mGET /static/img/2.jpg HTTP/1.1[0m" 304 -
[2024-02-13 17:24:06,235] INFO in _internal: 127.0.0.1 - - [13/Feb/2024 17:24:06] "[36mGET /static/img/4.jpg HTTP/1.1[0m" 304 -
[2024-02-13 17:24:06,245] INFO in _internal: 127.0.0.1 - - [13/Feb/2024 17:24:06] "[36mGET /static/img/19.jpg HTTP/1.1[0m" 304 -
[2024-02-13 17:24:06,257] INFO in _internal: 127.0.0.1 - - [13/Feb/2024 17:24:06] "[36mGET /static/img/20.jpg HTTP/1.1[0m" 304 -
[2024-02-13 17:24:06,270] INFO in _internal: 127.0.0.1 - - [13/Feb/2024 17:24:06] "[36mGET /static/img/21.jpg HTTP/1.1[0m" 304 -
[2024-02-13 17:24:06,279] INFO in _internal: 127.0.0.1 - - [13/Feb/2024 17:24:06] "[36mGET /static/img/22.jpg HTTP/1.1[0m" 304 -
[2024-02-13 17:24:06,302] INFO in _internal: 127.0.0.1 - - [13/Feb/2024 17:24:06] "[36mGET /static/img/23.jpg HTTP/1.1[0m" 304 -
[2024-02-13 17:24:22,255] INFO in _internal: 127.0.0.1 - - [13/Feb/2024 17:24:22] "GET /escortv2 HTTP/1.1" 200 -
[2024-02-13 17:24:22,286] INFO in _internal: 127.0.0.1 - - [13/Feb/2024 17:24:22] "[36mGET /static/css/escortv2.css HTTP/1.1[0m" 304 -
[2024-02-13 17:24:22,288] INFO in _internal: 127.0.0.1 - - [13/Feb/2024 17:24:22] "[36mGET /static/img/logo.png HTTP/1.1[0m" 304 -
[2024-02-13 17:24:22,289] INFO in _internal: 127.0.0.1 - - [13/Feb/2024 17:24:22] "[36mGET /static/img/area.png HTTP/1.1[0m" 304 -
[2024-02-13 17:24:22,308] INFO in _internal: 127.0.0.1 - - [13/Feb/2024 17:24:22] "GET /static/js/escortv2.js HTTP/1.1" 200 -
[2024-02-13 17:24:22,374] INFO in _internal: 127.0.0.1 - - [13/Feb/2024 17:24:22] "[36mGET /static/img/1.jpg HTTP/1.1[0m" 304 -
[2024-02-13 17:24:22,377] INFO in _internal: 127.0.0.1 - - [13/Feb/2024 17:24:22] "[36mGET /static/img/2.jpg HTTP/1.1[0m" 304 -
[2024-02-13 17:24:22,389] INFO in _internal: 127.0.0.1 - - [13/Feb/2024 17:24:22] "[36mGET /static/img/3.jpg HTTP/1.1[0m" 304 -
[2024-02-13 17:24:22,408] INFO in _internal: 127.0.0.1 - - [13/Feb/2024 17:24:22] "[36mGET /static/img/4.jpg HTTP/1.1[0m" 304 -
[2024-02-13 17:24:22,411] INFO in _internal: 127.0.0.1 - - [13/Feb/2024 17:24:22] "[36mGET /static/img/19.jpg HTTP/1.1[0m" 304 -
[2024-02-13 17:24:22,418] INFO in _internal: 127.0.0.1 - - [13/Feb/2024 17:24:22] "[36mGET /static/img/20.jpg HTTP/1.1[0m" 304 -
[2024-02-13 17:24:22,428] INFO in _internal: 127.0.0.1 - - [13/Feb/2024 17:24:22] "[36mGET /static/img/21.jpg HTTP/1.1[0m" 304 -
[2024-02-13 17:24:22,428] INFO in _internal: 127.0.0.1 - - [13/Feb/2024 17:24:22] "[36mGET /static/img/22.jpg HTTP/1.1[0m" 304 -
[2024-02-13 17:24:22,432] INFO in _internal: 127.0.0.1 - - [13/Feb/2024 17:24:22] "[36mGET /static/img/23.jpg HTTP/1.1[0m" 304 -
[2024-02-13 17:24:24,092] INFO in _internal: 127.0.0.1 - - [13/Feb/2024 17:24:24] "GET /escort HTTP/1.1" 200 -
[2024-02-13 17:24:24,117] INFO in _internal: 127.0.0.1 - - [13/Feb/2024 17:24:24] "[36mGET /static/css/escort.css HTTP/1.1[0m" 304 -
[2024-02-13 17:24:24,119] INFO in _internal: 127.0.0.1 - - [13/Feb/2024 17:24:24] "[36mGET /static/img/logo.png HTTP/1.1[0m" 304 -
[2024-02-13 17:24:24,119] INFO in _internal: 127.0.0.1 - - [13/Feb/2024 17:24:24] "[36mGET /static/img/area.png HTTP/1.1[0m" 304 -
[2024-02-13 17:24:24,133] INFO in _internal: 127.0.0.1 - - [13/Feb/2024 17:24:24] "[36mGET /static/js/escort.js HTTP/1.1[0m" 304 -
[2024-02-13 17:24:24,174] INFO in _internal: 127.0.0.1 - - [13/Feb/2024 17:24:24] "[36mGET /static/img/1.jpg HTTP/1.1[0m" 304 -
[2024-02-13 17:24:24,176] INFO in _internal: 127.0.0.1 - - [13/Feb/2024 17:24:24] "[36mGET /static/img/2.jpg HTTP/1.1[0m" 304 -
[2024-02-13 17:24:24,182] INFO in _internal: 127.0.0.1 - - [13/Feb/2024 17:24:24] "[36mGET /static/img/4.jpg HTTP/1.1[0m" 304 -
[2024-02-13 17:24:24,188] INFO in _internal: 127.0.0.1 - - [13/Feb/2024 17:24:24] "[36mGET /static/img/3.jpg HTTP/1.1[0m" 304 -
[2024-02-13 17:24:24,199] INFO in _internal: 127.0.0.1 - - [13/Feb/2024 17:24:24] "[36mGET /static/img/20.jpg HTTP/1.1[0m" 304 -
[2024-02-13 17:24:24,220] INFO in _internal: 127.0.0.1 - - [13/Feb/2024 17:24:24] "[36mGET /static/img/19.jpg HTTP/1.1[0m" 304 -
[2024-02-13 17:24:24,222] INFO in _internal: 127.0.0.1 - - [13/Feb/2024 17:24:24] "[36mGET /static/img/21.jpg HTTP/1.1[0m" 304 -
[2024-02-13 17:24:24,227] INFO in _internal: 127.0.0.1 - - [13/Feb/2024 17:24:24] "[36mGET /static/img/22.jpg HTTP/1.1[0m" 304 -
[2024-02-13 17:24:24,234] INFO in _internal: 127.0.0.1 - - [13/Feb/2024 17:24:24] "[36mGET /static/img/23.jpg HTTP/1.1[0m" 304 -
[2024-02-13 17:45:34,181] INFO in _internal: 127.0.0.1 - - [13/Feb/2024 17:45:34] "GET /escortv2 HTTP/1.1" 200 -
[2024-02-13 17:45:34,232] INFO in _internal: 127.0.0.1 - - [13/Feb/2024 17:45:34] "[36mGET /static/css/escortv2.css HTTP/1.1[0m" 304 -
[2024-02-13 17:45:34,236] INFO in _internal: 127.0.0.1 - - [13/Feb/2024 17:45:34] "[36mGET /static/img/logo.png HTTP/1.1[0m" 304 -
[2024-02-13 17:45:34,241] INFO in _internal: 127.0.0.1 - - [13/Feb/2024 17:45:34] "[36mGET /static/img/area.png HTTP/1.1[0m" 304 -
[2024-02-13 17:45:34,253] INFO in _internal: 127.0.0.1 - - [13/Feb/2024 17:45:34] "[36mGET /static/js/escortv2.js HTTP/1.1[0m" 304 -
[2024-02-13 17:45:34,338] INFO in _internal: 127.0.0.1 - - [13/Feb/2024 17:45:34] "[36mGET /static/img/1.jpg HTTP/1.1[0m" 304 -
[2024-02-13 17:45:34,339] INFO in _internal: 127.0.0.1 - - [13/Feb/2024 17:45:34] "[36mGET /static/img/2.jpg HTTP/1.1[0m" 304 -
[2024-02-13 17:45:34,340] INFO in _internal: 127.0.0.1 - - [13/Feb/2024 17:45:34] "[36mGET /static/img/3.jpg HTTP/1.1[0m" 304 -
[2024-02-13 17:45:34,340] INFO in _internal: 127.0.0.1 - - [13/Feb/2024 17:45:34] "[36mGET /static/img/19.jpg HTTP/1.1[0m" 304 -
[2024-02-13 17:45:34,342] INFO in _internal: 127.0.0.1 - - [13/Feb/2024 17:45:34] "[36mGET /static/img/4.jpg HTTP/1.1[0m" 304 -
[2024-02-13 17:45:34,342] INFO in _internal: 127.0.0.1 - - [13/Feb/2024 17:45:34] "[36mGET /static/img/20.jpg HTTP/1.1[0m" 304 -
[2024-02-13 17:45:34,361] INFO in _internal: 127.0.0.1 - - [13/Feb/2024 17:45:34] "[36mGET /static/img/21.jpg HTTP/1.1[0m" 304 -
[2024-02-13 17:45:34,364] INFO in _internal: 127.0.0.1 - - [13/Feb/2024 17:45:34] "[36mGET /static/img/22.jpg HTTP/1.1[0m" 304 -
[2024-02-13 17:45:34,365] INFO in _internal: 127.0.0.1 - - [13/Feb/2024 17:45:34] "[36mGET /static/img/23.jpg HTTP/1.1[0m" 304 -
[2024-02-13 17:45:34,459] INFO in _internal: 127.0.0.1 - - [13/Feb/2024 17:45:34] "[33mGET /favicon.ico HTTP/1.1[0m" 404 -
[2024-02-14 09:39:04,206] INFO in _internal: [31m[1mWARNING: This is a development server. Do not use it in a production deployment. Use a production WSGI server instead.[0m
 * Running on http://127.0.0.1:5000
[2024-02-14 09:39:04,207] INFO in _internal: [33mPress CTRL+C to quit[0m
[2024-02-14 09:39:04,231] INFO in _internal:  * Restarting with watchdog (windowsapi)
[2024-02-14 09:39:04,974] WARNING in _internal:  * Debugger is active!
[2024-02-14 09:39:04,992] INFO in _internal:  * Debugger PIN: 123-293-346
[2024-02-14 09:39:11,791] INFO in _internal: 127.0.0.1 - - [14/Feb/2024 09:39:11] "GET /escortv2 HTTP/1.1" 200 -
[2024-02-14 09:39:12,510] INFO in _internal: 127.0.0.1 - - [14/Feb/2024 09:39:12] "[36mGET /static/css/escortv2.css HTTP/1.1[0m" 304 -
[2024-02-14 09:39:12,521] INFO in _internal: 127.0.0.1 - - [14/Feb/2024 09:39:12] "GET /static/js/escortv2.js HTTP/1.1" 200 -
[2024-02-14 09:39:12,540] INFO in _internal: 127.0.0.1 - - [14/Feb/2024 09:39:12] "[36mGET /static/img/logo.png HTTP/1.1[0m" 304 -
[2024-02-14 09:39:12,571] INFO in _internal: 127.0.0.1 - - [14/Feb/2024 09:39:12] "[36mGET /static/img/area.png HTTP/1.1[0m" 304 -
[2024-02-14 09:39:12,628] INFO in _internal: 127.0.0.1 - - [14/Feb/2024 09:39:12] "[36mGET /static/img/1.jpg HTTP/1.1[0m" 304 -
[2024-02-14 09:39:12,629] INFO in _internal: 127.0.0.1 - - [14/Feb/2024 09:39:12] "[36mGET /static/img/3.jpg HTTP/1.1[0m" 304 -
[2024-02-14 09:39:12,629] INFO in _internal: 127.0.0.1 - - [14/Feb/2024 09:39:12] "[36mGET /static/img/2.jpg HTTP/1.1[0m" 304 -
[2024-02-14 09:39:12,631] INFO in _internal: 127.0.0.1 - - [14/Feb/2024 09:39:12] "[36mGET /static/img/19.jpg HTTP/1.1[0m" 304 -
[2024-02-14 09:39:12,639] INFO in _internal: 127.0.0.1 - - [14/Feb/2024 09:39:12] "[36mGET /static/img/20.jpg HTTP/1.1[0m" 304 -
[2024-02-14 09:39:12,651] INFO in _internal: 127.0.0.1 - - [14/Feb/2024 09:39:12] "[36mGET /static/img/21.jpg HTTP/1.1[0m" 304 -
[2024-02-14 09:39:12,655] INFO in _internal: 127.0.0.1 - - [14/Feb/2024 09:39:12] "[36mGET /static/img/4.jpg HTTP/1.1[0m" 304 -
[2024-02-14 09:39:12,666] INFO in _internal: 127.0.0.1 - - [14/Feb/2024 09:39:12] "[36mGET /static/img/23.jpg HTTP/1.1[0m" 304 -
[2024-02-14 09:39:12,666] INFO in _internal: 127.0.0.1 - - [14/Feb/2024 09:39:12] "[36mGET /static/img/22.jpg HTTP/1.1[0m" 304 -
[2024-02-14 09:39:12,724] INFO in _internal: 127.0.0.1 - - [14/Feb/2024 09:39:12] "[33mGET /favicon.ico HTTP/1.1[0m" 404 -
[2024-02-14 09:39:25,537] INFO in _internal: 127.0.0.1 - - [14/Feb/2024 09:39:25] "[36mGET /static/css/escortv2.css HTTP/1.1[0m" 304 -
[2024-02-14 09:51:08,833] INFO in _internal: 127.0.0.1 - - [14/Feb/2024 09:51:08] "GET /escort HTTP/1.1" 200 -
[2024-02-14 09:51:08,868] INFO in _internal: 127.0.0.1 - - [14/Feb/2024 09:51:08] "[36mGET /static/css/escort.css HTTP/1.1[0m" 304 -
[2024-02-14 09:51:08,874] INFO in _internal: 127.0.0.1 - - [14/Feb/2024 09:51:08] "[36mGET /static/img/logo.png HTTP/1.1[0m" 304 -
[2024-02-14 09:51:08,877] INFO in _internal: 127.0.0.1 - - [14/Feb/2024 09:51:08] "[36mGET /static/img/area.png HTTP/1.1[0m" 304 -
[2024-02-14 09:51:08,894] INFO in _internal: 127.0.0.1 - - [14/Feb/2024 09:51:08] "[36mGET /static/js/escort.js HTTP/1.1[0m" 304 -
[2024-02-14 09:51:09,100] INFO in _internal: 127.0.0.1 - - [14/Feb/2024 09:51:09] "[36mGET /static/img/1.jpg HTTP/1.1[0m" 304 -
[2024-02-14 09:51:09,117] INFO in _internal: 127.0.0.1 - - [14/Feb/2024 09:51:09] "[36mGET /static/img/2.jpg HTTP/1.1[0m" 304 -
[2024-02-14 09:51:09,119] INFO in _internal: 127.0.0.1 - - [14/Feb/2024 09:51:09] "[36mGET /static/img/3.jpg HTTP/1.1[0m" 304 -
[2024-02-14 09:51:09,125] INFO in _internal: 127.0.0.1 - - [14/Feb/2024 09:51:09] "[36mGET /static/img/4.jpg HTTP/1.1[0m" 304 -
[2024-02-14 09:51:09,126] INFO in _internal: 127.0.0.1 - - [14/Feb/2024 09:51:09] "[36mGET /static/img/19.jpg HTTP/1.1[0m" 304 -
[2024-02-14 09:51:09,138] INFO in _internal: 127.0.0.1 - - [14/Feb/2024 09:51:09] "[36mGET /static/img/20.jpg HTTP/1.1[0m" 304 -
[2024-02-14 09:51:09,148] INFO in _internal: 127.0.0.1 - - [14/Feb/2024 09:51:09] "[36mGET /static/img/21.jpg HTTP/1.1[0m" 304 -
[2024-02-14 09:51:09,154] INFO in _internal: 127.0.0.1 - - [14/Feb/2024 09:51:09] "[36mGET /static/img/23.jpg HTTP/1.1[0m" 304 -
[2024-02-14 09:51:09,160] INFO in _internal: 127.0.0.1 - - [14/Feb/2024 09:51:09] "[36mGET /static/img/22.jpg HTTP/1.1[0m" 304 -
[2024-02-14 09:51:14,393] INFO in _internal: 127.0.0.1 - - [14/Feb/2024 09:51:14] "GET / HTTP/1.1" 200 -
[2024-02-14 09:51:14,430] INFO in _internal: 127.0.0.1 - - [14/Feb/2024 09:51:14] "[36mGET /static/css/index.css HTTP/1.1[0m" 304 -
[2024-02-14 09:51:14,440] INFO in _internal: 127.0.0.1 - - [14/Feb/2024 09:51:14] "[36mGET /static/img/logo.png HTTP/1.1[0m" 304 -
[2024-02-14 09:51:14,442] INFO in _internal: 127.0.0.1 - - [14/Feb/2024 09:51:14] "[36mGET /static/css/templatemo-style.css HTTP/1.1[0m" 304 -
[2024-02-14 09:51:14,700] INFO in _internal: 127.0.0.1 - - [14/Feb/2024 09:51:14] "GET /sensing_data HTTP/1.1" 200 -
[2024-02-14 09:51:16,396] INFO in _internal: 127.0.0.1 - - [14/Feb/2024 09:51:16] "GET /index2 HTTP/1.1" 200 -
[2024-02-14 09:51:16,425] INFO in _internal: 127.0.0.1 - - [14/Feb/2024 09:51:16] "[36mGET /static/css/templatemo-style.css HTTP/1.1[0m" 304 -
[2024-02-14 09:51:16,426] INFO in _internal: 127.0.0.1 - - [14/Feb/2024 09:51:16] "[36mGET /static/css/index.css HTTP/1.1[0m" 304 -
[2024-02-14 09:51:16,429] INFO in _internal: 127.0.0.1 - - [14/Feb/2024 09:51:16] "[36mGET /static/img/logo.png HTTP/1.1[0m" 304 -
[2024-02-14 09:51:16,607] INFO in _internal: 127.0.0.1 - - [14/Feb/2024 09:51:16] "GET /sensing_data2 HTTP/1.1" 200 -
[2024-02-14 09:51:18,530] INFO in _internal: 127.0.0.1 - - [14/Feb/2024 09:51:18] "GET / HTTP/1.1" 200 -
[2024-02-14 09:51:18,563] INFO in _internal: 127.0.0.1 - - [14/Feb/2024 09:51:18] "[36mGET /static/css/index.css HTTP/1.1[0m" 304 -
[2024-02-14 09:51:18,567] INFO in _internal: 127.0.0.1 - - [14/Feb/2024 09:51:18] "[36mGET /static/css/templatemo-style.css HTTP/1.1[0m" 304 -
[2024-02-14 09:51:18,572] INFO in _internal: 127.0.0.1 - - [14/Feb/2024 09:51:18] "[36mGET /static/img/logo.png HTTP/1.1[0m" 304 -
[2024-02-14 09:51:18,845] INFO in _internal: 127.0.0.1 - - [14/Feb/2024 09:51:18] "GET /sensing_data HTTP/1.1" 200 -
[2024-02-14 09:51:20,188] INFO in _internal: 127.0.0.1 - - [14/Feb/2024 09:51:20] "GET /index2 HTTP/1.1" 200 -
[2024-02-14 09:51:20,215] INFO in _internal: 127.0.0.1 - - [14/Feb/2024 09:51:20] "[36mGET /static/css/templatemo-style.css HTTP/1.1[0m" 304 -
[2024-02-14 09:51:20,215] INFO in _internal: 127.0.0.1 - - [14/Feb/2024 09:51:20] "[36mGET /static/css/index.css HTTP/1.1[0m" 304 -
[2024-02-14 09:51:20,220] INFO in _internal: 127.0.0.1 - - [14/Feb/2024 09:51:20] "[36mGET /static/img/logo.png HTTP/1.1[0m" 304 -
[2024-02-14 09:51:20,413] INFO in _internal: 127.0.0.1 - - [14/Feb/2024 09:51:20] "GET /sensing_data2 HTTP/1.1" 200 -
[2024-02-14 09:51:23,515] INFO in _internal: 127.0.0.1 - - [14/Feb/2024 09:51:23] "GET / HTTP/1.1" 200 -
[2024-02-14 09:51:23,539] INFO in _internal: 127.0.0.1 - - [14/Feb/2024 09:51:23] "[36mGET /static/css/templatemo-style.css HTTP/1.1[0m" 304 -
[2024-02-14 09:51:23,540] INFO in _internal: 127.0.0.1 - - [14/Feb/2024 09:51:23] "[36mGET /static/css/index.css HTTP/1.1[0m" 304 -
[2024-02-14 09:51:23,541] INFO in _internal: 127.0.0.1 - - [14/Feb/2024 09:51:23] "[36mGET /static/img/logo.png HTTP/1.1[0m" 304 -
[2024-02-14 09:51:23,817] INFO in _internal: 127.0.0.1 - - [14/Feb/2024 09:51:23] "GET /sensing_data HTTP/1.1" 200 -
[2024-02-14 09:51:27,462] INFO in _internal: 127.0.0.1 - - [14/Feb/2024 09:51:27] "GET /index2 HTTP/1.1" 200 -
[2024-02-14 09:51:27,491] INFO in _internal: 127.0.0.1 - - [14/Feb/2024 09:51:27] "[36mGET /static/css/templatemo-style.css HTTP/1.1[0m" 304 -
[2024-02-14 09:51:27,512] INFO in _internal: 127.0.0.1 - - [14/Feb/2024 09:51:27] "[36mGET /static/css/index.css HTTP/1.1[0m" 304 -
[2024-02-14 09:51:27,516] INFO in _internal: 127.0.0.1 - - [14/Feb/2024 09:51:27] "[36mGET /static/img/logo.png HTTP/1.1[0m" 304 -
[2024-02-14 09:51:27,725] INFO in _internal: 127.0.0.1 - - [14/Feb/2024 09:51:27] "GET /sensing_data2 HTTP/1.1" 200 -
[2024-02-14 09:51:30,015] INFO in _internal: 127.0.0.1 - - [14/Feb/2024 09:51:30] "GET /info HTTP/1.1" 200 -
[2024-02-14 09:51:30,037] INFO in _internal: 127.0.0.1 - - [14/Feb/2024 09:51:30] "GET /static/css/info.css HTTP/1.1" 200 -
[2024-02-14 09:51:30,038] INFO in _internal: 127.0.0.1 - - [14/Feb/2024 09:51:30] "[36mGET /static/img/logo.png HTTP/1.1[0m" 304 -
[2024-02-14 09:51:30,041] INFO in _internal: 127.0.0.1 - - [14/Feb/2024 09:51:30] "GET /static/js/info.js HTTP/1.1" 200 -
[2024-02-14 09:51:30,159] INFO in _internal: 127.0.0.1 - - [14/Feb/2024 09:51:30] "GET /static/img/img-1.png HTTP/1.1" 200 -
[2024-02-14 09:51:30,168] INFO in _internal: 127.0.0.1 - - [14/Feb/2024 09:51:30] "GET /static/img/img-2.png HTTP/1.1" 200 -
[2024-02-14 09:51:30,170] INFO in _internal: 127.0.0.1 - - [14/Feb/2024 09:51:30] "GET /static/img/img-3.png HTTP/1.1" 200 -
[2024-02-14 09:51:30,174] INFO in _internal: 127.0.0.1 - - [14/Feb/2024 09:51:30] "GET /static/img/img-4.png HTTP/1.1" 200 -
[2024-02-14 09:51:30,176] INFO in _internal: 127.0.0.1 - - [14/Feb/2024 09:51:30] "GET /static/img/img-5.png HTTP/1.1" 200 -
[2024-02-14 09:51:30,177] INFO in _internal: 127.0.0.1 - - [14/Feb/2024 09:51:30] "GET /static/img/img-45.png HTTP/1.1" 200 -
[2024-02-14 09:51:30,264] INFO in _internal: 127.0.0.1 - - [14/Feb/2024 09:51:30] "GET /static/img/img-46.png HTTP/1.1" 200 -
[2024-02-14 09:51:30,271] INFO in _internal: 127.0.0.1 - - [14/Feb/2024 09:51:30] "GET /static/img/img-47.png HTTP/1.1" 200 -
[2024-02-14 09:51:30,278] INFO in _internal: 127.0.0.1 - - [14/Feb/2024 09:51:30] "GET /static/img/img-48.png HTTP/1.1" 200 -
[2024-02-14 09:51:30,299] INFO in _internal: 127.0.0.1 - - [14/Feb/2024 09:51:30] "GET /static/img/img-49.png HTTP/1.1" 200 -
[2024-02-14 09:51:30,362] INFO in _internal: 127.0.0.1 - - [14/Feb/2024 09:51:30] "GET /static/img/img-88.png HTTP/1.1" 200 -
[2024-02-14 09:51:30,384] INFO in _internal: 127.0.0.1 - - [14/Feb/2024 09:51:30] "GET /static/img/img-89.png HTTP/1.1" 200 -
[2024-02-14 09:51:30,460] INFO in _internal: 127.0.0.1 - - [14/Feb/2024 09:51:30] "GET /static/img/img-90.png HTTP/1.1" 200 -
[2024-02-14 09:51:30,502] INFO in _internal: 127.0.0.1 - - [14/Feb/2024 09:51:30] "GET /static/img/img-91.png HTTP/1.1" 200 -
[2024-02-14 09:51:30,508] INFO in _internal: 127.0.0.1 - - [14/Feb/2024 09:51:30] "GET /static/img/img-92.png HTTP/1.1" 200 -
[2024-02-14 09:51:30,522] INFO in _internal: 127.0.0.1 - - [14/Feb/2024 09:51:30] "GET /static/img/img-131.png HTTP/1.1" 200 -
[2024-02-14 09:51:30,554] INFO in _internal: 127.0.0.1 - - [14/Feb/2024 09:51:30] "GET /static/img/img-132.png HTTP/1.1" 200 -
[2024-02-14 09:51:30,574] INFO in _internal: 127.0.0.1 - - [14/Feb/2024 09:51:30] "GET /static/img/img-133.png HTTP/1.1" 200 -
[2024-02-14 09:51:30,656] INFO in _internal: 127.0.0.1 - - [14/Feb/2024 09:51:30] "GET /static/img/img-134.png HTTP/1.1" 200 -
[2024-02-14 09:51:30,665] INFO in _internal: 127.0.0.1 - - [14/Feb/2024 09:51:30] "GET /static/img/img-135.png HTTP/1.1" 200 -
[2024-02-14 09:51:30,698] INFO in _internal: 127.0.0.1 - - [14/Feb/2024 09:51:30] "GET /static/img/img-158.png HTTP/1.1" 200 -
[2024-02-14 09:51:30,720] INFO in _internal: 127.0.0.1 - - [14/Feb/2024 09:51:30] "GET /static/img/img-159.png HTTP/1.1" 200 -
[2024-02-14 09:51:30,751] INFO in _internal: 127.0.0.1 - - [14/Feb/2024 09:51:30] "GET /static/img/img-160.png HTTP/1.1" 200 -
[2024-02-14 09:51:30,795] INFO in _internal: 127.0.0.1 - - [14/Feb/2024 09:51:30] "GET /static/img/img-161.png HTTP/1.1" 200 -
[2024-02-14 09:51:30,856] INFO in _internal: 127.0.0.1 - - [14/Feb/2024 09:51:30] "GET /static/img/img-162.png HTTP/1.1" 200 -
[2024-02-14 09:51:30,909] INFO in _internal: 127.0.0.1 - - [14/Feb/2024 09:51:30] "GET /static/img/img-171.png HTTP/1.1" 200 -
[2024-02-14 09:51:30,959] INFO in _internal: 127.0.0.1 - - [14/Feb/2024 09:51:30] "GET /static/img/img-172.png HTTP/1.1" 200 -
[2024-02-14 09:51:31,053] INFO in _internal: 127.0.0.1 - - [14/Feb/2024 09:51:31] "GET /static/img/img-173.png HTTP/1.1" 200 -
[2024-02-14 09:51:31,125] INFO in _internal: 127.0.0.1 - - [14/Feb/2024 09:51:31] "GET /static/img/img-174.png HTTP/1.1" 200 -
[2024-02-14 09:51:31,193] INFO in _internal: 127.0.0.1 - - [14/Feb/2024 09:51:31] "GET /static/img/img-175.png HTTP/1.1" 200 -
[2024-02-14 09:51:31,743] INFO in _internal: 127.0.0.1 - - [14/Feb/2024 09:51:31] "GET /static/img/img-178.png HTTP/1.1" 200 -
[2024-02-14 09:51:31,744] INFO in _internal: 127.0.0.1 - - [14/Feb/2024 09:51:31] "GET /static/img/img-180.png HTTP/1.1" 200 -
[2024-02-14 09:51:31,745] INFO in _internal: 127.0.0.1 - - [14/Feb/2024 09:51:31] "GET /static/img/img-181.png HTTP/1.1" 200 -
[2024-02-14 09:51:31,754] INFO in _internal: 127.0.0.1 - - [14/Feb/2024 09:51:31] "GET /static/img/img-179.png HTTP/1.1" 200 -
[2024-02-14 09:51:31,762] INFO in _internal: 127.0.0.1 - - [14/Feb/2024 09:51:31] "GET /static/img/img-182.png HTTP/1.1" 200 -
[2024-02-14 09:51:31,801] INFO in _internal: 127.0.0.1 - - [14/Feb/2024 09:51:31] "GET /static/img/img-183.png HTTP/1.1" 200 -
[2024-02-14 09:51:31,815] INFO in _internal: 127.0.0.1 - - [14/Feb/2024 09:51:31] "GET /static/img/img-184.png HTTP/1.1" 200 -
[2024-02-14 09:51:31,830] INFO in _internal: 127.0.0.1 - - [14/Feb/2024 09:51:31] "GET /static/img/img-185.png HTTP/1.1" 200 -
[2024-02-14 09:51:32,240] INFO in _internal: 127.0.0.1 - - [14/Feb/2024 09:51:32] "GET /static/img/img-186.png HTTP/1.1" 200 -
[2024-02-14 09:51:32,292] INFO in _internal: 127.0.0.1 - - [14/Feb/2024 09:51:32] "GET /static/img/img-188.png HTTP/1.1" 200 -
[2024-02-14 09:51:32,293] INFO in _internal: 127.0.0.1 - - [14/Feb/2024 09:51:32] "GET /static/img/img-187.png HTTP/1.1" 200 -
[2024-02-14 09:51:32,798] INFO in _internal: 127.0.0.1 - - [14/Feb/2024 09:51:32] "GET /static/img/img-189.png HTTP/1.1" 200 -
[2024-02-14 09:51:32,829] INFO in _internal: 127.0.0.1 - - [14/Feb/2024 09:51:32] "GET /static/img/img-190.png HTTP/1.1" 200 -
[2024-02-14 09:51:38,293] INFO in _internal: 127.0.0.1 - - [14/Feb/2024 09:51:38] "GET / HTTP/1.1" 200 -
[2024-02-14 09:51:38,326] INFO in _internal: 127.0.0.1 - - [14/Feb/2024 09:51:38] "[36mGET /static/css/templatemo-style.css HTTP/1.1[0m" 304 -
[2024-02-14 09:51:38,329] INFO in _internal: 127.0.0.1 - - [14/Feb/2024 09:51:38] "[36mGET /static/css/index.css HTTP/1.1[0m" 304 -
[2024-02-14 09:51:38,333] INFO in _internal: 127.0.0.1 - - [14/Feb/2024 09:51:38] "[36mGET /static/img/logo.png HTTP/1.1[0m" 304 -
[2024-02-14 09:51:38,604] INFO in _internal: 127.0.0.1 - - [14/Feb/2024 09:51:38] "GET /sensing_data HTTP/1.1" 200 -
[2024-02-14 09:51:49,300] INFO in _internal: 127.0.0.1 - - [14/Feb/2024 09:51:49] "GET /escort HTTP/1.1" 200 -
[2024-02-14 09:51:49,330] INFO in _internal: 127.0.0.1 - - [14/Feb/2024 09:51:49] "[36mGET /static/css/escort.css HTTP/1.1[0m" 304 -
[2024-02-14 09:51:49,332] INFO in _internal: 127.0.0.1 - - [14/Feb/2024 09:51:49] "[36mGET /static/img/logo.png HTTP/1.1[0m" 304 -
[2024-02-14 09:51:49,334] INFO in _internal: 127.0.0.1 - - [14/Feb/2024 09:51:49] "[36mGET /static/img/area.png HTTP/1.1[0m" 304 -
[2024-02-14 09:51:49,351] INFO in _internal: 127.0.0.1 - - [14/Feb/2024 09:51:49] "[36mGET /static/js/escort.js HTTP/1.1[0m" 304 -
[2024-02-14 09:51:49,424] INFO in _internal: 127.0.0.1 - - [14/Feb/2024 09:51:49] "[36mGET /static/img/1.jpg HTTP/1.1[0m" 304 -
[2024-02-14 09:51:49,436] INFO in _internal: 127.0.0.1 - - [14/Feb/2024 09:51:49] "[36mGET /static/img/3.jpg HTTP/1.1[0m" 304 -
[2024-02-14 09:51:49,436] INFO in _internal: 127.0.0.1 - - [14/Feb/2024 09:51:49] "[36mGET /static/img/2.jpg HTTP/1.1[0m" 304 -
[2024-02-14 09:51:49,440] INFO in _internal: 127.0.0.1 - - [14/Feb/2024 09:51:49] "[36mGET /static/img/4.jpg HTTP/1.1[0m" 304 -
[2024-02-14 09:51:49,444] INFO in _internal: 127.0.0.1 - - [14/Feb/2024 09:51:49] "[36mGET /static/img/19.jpg HTTP/1.1[0m" 304 -
[2024-02-14 09:51:49,456] INFO in _internal: 127.0.0.1 - - [14/Feb/2024 09:51:49] "[36mGET /static/img/21.jpg HTTP/1.1[0m" 304 -
[2024-02-14 09:51:49,456] INFO in _internal: 127.0.0.1 - - [14/Feb/2024 09:51:49] "[36mGET /static/img/20.jpg HTTP/1.1[0m" 304 -
[2024-02-14 09:51:49,463] INFO in _internal: 127.0.0.1 - - [14/Feb/2024 09:51:49] "[36mGET /static/img/22.jpg HTTP/1.1[0m" 304 -
[2024-02-14 09:51:49,481] INFO in _internal: 127.0.0.1 - - [14/Feb/2024 09:51:49] "[36mGET /static/img/23.jpg HTTP/1.1[0m" 304 -
[2024-02-14 09:51:51,026] INFO in _internal: 127.0.0.1 - - [14/Feb/2024 09:51:51] "GET / HTTP/1.1" 200 -
[2024-02-14 09:51:51,051] INFO in _internal: 127.0.0.1 - - [14/Feb/2024 09:51:51] "[36mGET /static/css/templatemo-style.css HTTP/1.1[0m" 304 -
[2024-02-14 09:51:51,055] INFO in _internal: 127.0.0.1 - - [14/Feb/2024 09:51:51] "[36mGET /static/css/index.css HTTP/1.1[0m" 304 -
[2024-02-14 09:51:51,056] INFO in _internal: 127.0.0.1 - - [14/Feb/2024 09:51:51] "[36mGET /static/img/logo.png HTTP/1.1[0m" 304 -
[2024-02-14 09:51:51,309] INFO in _internal: 127.0.0.1 - - [14/Feb/2024 09:51:51] "GET /sensing_data HTTP/1.1" 200 -
[2024-02-14 09:51:57,802] INFO in _internal: 127.0.0.1 - - [14/Feb/2024 09:51:57] "GET /escort HTTP/1.1" 200 -
[2024-02-14 09:51:57,828] INFO in _internal: 127.0.0.1 - - [14/Feb/2024 09:51:57] "[36mGET /static/img/logo.png HTTP/1.1[0m" 304 -
[2024-02-14 09:51:57,829] INFO in _internal: 127.0.0.1 - - [14/Feb/2024 09:51:57] "[36mGET /static/css/escort.css HTTP/1.1[0m" 304 -
[2024-02-14 09:51:57,831] INFO in _internal: 127.0.0.1 - - [14/Feb/2024 09:51:57] "[36mGET /static/img/area.png HTTP/1.1[0m" 304 -
[2024-02-14 09:51:57,844] INFO in _internal: 127.0.0.1 - - [14/Feb/2024 09:51:57] "[36mGET /static/js/escort.js HTTP/1.1[0m" 304 -
[2024-02-14 09:51:57,897] INFO in _internal: 127.0.0.1 - - [14/Feb/2024 09:51:57] "[36mGET /static/img/1.jpg HTTP/1.1[0m" 304 -
[2024-02-14 09:51:57,914] INFO in _internal: 127.0.0.1 - - [14/Feb/2024 09:51:57] "[36mGET /static/img/2.jpg HTTP/1.1[0m" 304 -
[2024-02-14 09:51:57,942] INFO in _internal: 127.0.0.1 - - [14/Feb/2024 09:51:57] "[36mGET /static/img/4.jpg HTTP/1.1[0m" 304 -
[2024-02-14 09:51:57,946] INFO in _internal: 127.0.0.1 - - [14/Feb/2024 09:51:57] "[36mGET /static/img/3.jpg HTTP/1.1[0m" 304 -
[2024-02-14 09:51:57,949] INFO in _internal: 127.0.0.1 - - [14/Feb/2024 09:51:57] "[36mGET /static/img/19.jpg HTTP/1.1[0m" 304 -
[2024-02-14 09:51:57,957] INFO in _internal: 127.0.0.1 - - [14/Feb/2024 09:51:57] "[36mGET /static/img/20.jpg HTTP/1.1[0m" 304 -
[2024-02-14 09:51:57,959] INFO in _internal: 127.0.0.1 - - [14/Feb/2024 09:51:57] "[36mGET /static/img/22.jpg HTTP/1.1[0m" 304 -
[2024-02-14 09:51:57,963] INFO in _internal: 127.0.0.1 - - [14/Feb/2024 09:51:57] "[36mGET /static/img/21.jpg HTTP/1.1[0m" 304 -
[2024-02-14 09:51:57,988] INFO in _internal: 127.0.0.1 - - [14/Feb/2024 09:51:57] "[36mGET /static/img/23.jpg HTTP/1.1[0m" 304 -
[2024-02-14 09:52:02,523] INFO in _internal: 127.0.0.1 - - [14/Feb/2024 09:52:02] "GET / HTTP/1.1" 200 -
[2024-02-14 09:52:02,551] INFO in _internal: 127.0.0.1 - - [14/Feb/2024 09:52:02] "[36mGET /static/css/templatemo-style.css HTTP/1.1[0m" 304 -
[2024-02-14 09:52:02,554] INFO in _internal: 127.0.0.1 - - [14/Feb/2024 09:52:02] "[36mGET /static/css/index.css HTTP/1.1[0m" 304 -
[2024-02-14 09:52:02,555] INFO in _internal: 127.0.0.1 - - [14/Feb/2024 09:52:02] "[36mGET /static/img/logo.png HTTP/1.1[0m" 304 -
[2024-02-14 09:52:02,804] INFO in _internal: 127.0.0.1 - - [14/Feb/2024 09:52:02] "GET /sensing_data HTTP/1.1" 200 -
[2024-02-14 09:52:04,100] INFO in _internal: 127.0.0.1 - - [14/Feb/2024 09:52:04] "GET /index2 HTTP/1.1" 200 -
[2024-02-14 09:52:04,121] INFO in _internal: 127.0.0.1 - - [14/Feb/2024 09:52:04] "[36mGET /static/css/templatemo-style.css HTTP/1.1[0m" 304 -
[2024-02-14 09:52:04,134] INFO in _internal: 127.0.0.1 - - [14/Feb/2024 09:52:04] "[36mGET /static/css/index.css HTTP/1.1[0m" 304 -
[2024-02-14 09:52:04,135] INFO in _internal: 127.0.0.1 - - [14/Feb/2024 09:52:04] "[36mGET /static/img/logo.png HTTP/1.1[0m" 304 -
[2024-02-14 09:52:04,334] INFO in _internal: 127.0.0.1 - - [14/Feb/2024 09:52:04] "GET /sensing_data2 HTTP/1.1" 200 -
[2024-02-14 09:52:04,948] INFO in _internal: 127.0.0.1 - - [14/Feb/2024 09:52:04] "GET /escort HTTP/1.1" 200 -
[2024-02-14 09:52:04,974] INFO in _internal: 127.0.0.1 - - [14/Feb/2024 09:52:04] "[36mGET /static/css/escort.css HTTP/1.1[0m" 304 -
[2024-02-14 09:52:04,980] INFO in _internal: 127.0.0.1 - - [14/Feb/2024 09:52:04] "[36mGET /static/img/logo.png HTTP/1.1[0m" 304 -
[2024-02-14 09:52:04,981] INFO in _internal: 127.0.0.1 - - [14/Feb/2024 09:52:04] "[36mGET /static/img/area.png HTTP/1.1[0m" 304 -
[2024-02-14 09:52:04,997] INFO in _internal: 127.0.0.1 - - [14/Feb/2024 09:52:04] "[36mGET /static/js/escort.js HTTP/1.1[0m" 304 -
[2024-02-14 09:52:05,057] INFO in _internal: 127.0.0.1 - - [14/Feb/2024 09:52:05] "[36mGET /static/img/1.jpg HTTP/1.1[0m" 304 -
[2024-02-14 09:52:05,076] INFO in _internal: 127.0.0.1 - - [14/Feb/2024 09:52:05] "[36mGET /static/img/2.jpg HTTP/1.1[0m" 304 -
[2024-02-14 09:52:05,083] INFO in _internal: 127.0.0.1 - - [14/Feb/2024 09:52:05] "[36mGET /static/img/3.jpg HTTP/1.1[0m" 304 -
[2024-02-14 09:52:05,110] INFO in _internal: 127.0.0.1 - - [14/Feb/2024 09:52:05] "[36mGET /static/img/4.jpg HTTP/1.1[0m" 304 -
[2024-02-14 09:52:05,113] INFO in _internal: 127.0.0.1 - - [14/Feb/2024 09:52:05] "[36mGET /static/img/19.jpg HTTP/1.1[0m" 304 -
[2024-02-14 09:52:05,117] INFO in _internal: 127.0.0.1 - - [14/Feb/2024 09:52:05] "[36mGET /static/img/20.jpg HTTP/1.1[0m" 304 -
[2024-02-14 09:52:05,127] INFO in _internal: 127.0.0.1 - - [14/Feb/2024 09:52:05] "[36mGET /static/img/21.jpg HTTP/1.1[0m" 304 -
[2024-02-14 09:52:05,134] INFO in _internal: 127.0.0.1 - - [14/Feb/2024 09:52:05] "[36mGET /static/img/22.jpg HTTP/1.1[0m" 304 -
[2024-02-14 09:52:05,137] INFO in _internal: 127.0.0.1 - - [14/Feb/2024 09:52:05] "[36mGET /static/img/23.jpg HTTP/1.1[0m" 304 -
[2024-02-14 09:52:10,075] INFO in _internal: 127.0.0.1 - - [14/Feb/2024 09:52:10] "GET /index2 HTTP/1.1" 200 -
[2024-02-14 09:52:10,103] INFO in _internal: 127.0.0.1 - - [14/Feb/2024 09:52:10] "[36mGET /static/css/index.css HTTP/1.1[0m" 304 -
[2024-02-14 09:52:10,104] INFO in _internal: 127.0.0.1 - - [14/Feb/2024 09:52:10] "[36mGET /static/css/templatemo-style.css HTTP/1.1[0m" 304 -
[2024-02-14 09:52:10,106] INFO in _internal: 127.0.0.1 - - [14/Feb/2024 09:52:10] "[36mGET /static/img/logo.png HTTP/1.1[0m" 304 -
[2024-02-14 09:52:10,282] INFO in _internal: 127.0.0.1 - - [14/Feb/2024 09:52:10] "GET /sensing_data2 HTTP/1.1" 200 -
[2024-02-14 09:52:12,501] INFO in _internal: 127.0.0.1 - - [14/Feb/2024 09:52:12] "GET /escort HTTP/1.1" 200 -
[2024-02-14 09:52:12,529] INFO in _internal: 127.0.0.1 - - [14/Feb/2024 09:52:12] "[36mGET /static/img/logo.png HTTP/1.1[0m" 304 -
[2024-02-14 09:52:12,530] INFO in _internal: 127.0.0.1 - - [14/Feb/2024 09:52:12] "[36mGET /static/css/escort.css HTTP/1.1[0m" 304 -
[2024-02-14 09:52:12,531] INFO in _internal: 127.0.0.1 - - [14/Feb/2024 09:52:12] "[36mGET /static/img/area.png HTTP/1.1[0m" 304 -
[2024-02-14 09:52:12,547] INFO in _internal: 127.0.0.1 - - [14/Feb/2024 09:52:12] "[36mGET /static/js/escort.js HTTP/1.1[0m" 304 -
[2024-02-14 09:52:12,662] INFO in _internal: 127.0.0.1 - - [14/Feb/2024 09:52:12] "[36mGET /static/img/2.jpg HTTP/1.1[0m" 304 -
[2024-02-14 09:52:12,666] INFO in _internal: 127.0.0.1 - - [14/Feb/2024 09:52:12] "[36mGET /static/img/1.jpg HTTP/1.1[0m" 304 -
[2024-02-14 09:52:12,681] INFO in _internal: 127.0.0.1 - - [14/Feb/2024 09:52:12] "[36mGET /static/img/3.jpg HTTP/1.1[0m" 304 -
[2024-02-14 09:52:12,687] INFO in _internal: 127.0.0.1 - - [14/Feb/2024 09:52:12] "[36mGET /static/img/19.jpg HTTP/1.1[0m" 304 -
[2024-02-14 09:52:12,689] INFO in _internal: 127.0.0.1 - - [14/Feb/2024 09:52:12] "[36mGET /static/img/4.jpg HTTP/1.1[0m" 304 -
[2024-02-14 09:52:12,692] INFO in _internal: 127.0.0.1 - - [14/Feb/2024 09:52:12] "[36mGET /static/img/20.jpg HTTP/1.1[0m" 304 -
[2024-02-14 09:52:12,699] INFO in _internal: 127.0.0.1 - - [14/Feb/2024 09:52:12] "[36mGET /static/img/21.jpg HTTP/1.1[0m" 304 -
[2024-02-14 09:52:12,709] INFO in _internal: 127.0.0.1 - - [14/Feb/2024 09:52:12] "[36mGET /static/img/22.jpg HTTP/1.1[0m" 304 -
[2024-02-14 09:52:12,709] INFO in _internal: 127.0.0.1 - - [14/Feb/2024 09:52:12] "[36mGET /static/img/23.jpg HTTP/1.1[0m" 304 -
[2024-02-14 09:52:16,861] INFO in _internal: 127.0.0.1 - - [14/Feb/2024 09:52:16] "GET /info HTTP/1.1" 200 -
[2024-02-14 09:52:16,889] INFO in _internal: 127.0.0.1 - - [14/Feb/2024 09:52:16] "[36mGET /static/js/info.js HTTP/1.1[0m" 304 -
[2024-02-14 09:52:16,889] INFO in _internal: 127.0.0.1 - - [14/Feb/2024 09:52:16] "[36mGET /static/img/logo.png HTTP/1.1[0m" 304 -
[2024-02-14 09:52:16,891] INFO in _internal: 127.0.0.1 - - [14/Feb/2024 09:52:16] "[36mGET /static/css/info.css HTTP/1.1[0m" 304 -
[2024-02-14 09:52:17,005] INFO in _internal: 127.0.0.1 - - [14/Feb/2024 09:52:17] "[36mGET /static/img/img-1.png HTTP/1.1[0m" 304 -
[2024-02-14 09:52:17,014] INFO in _internal: 127.0.0.1 - - [14/Feb/2024 09:52:17] "[36mGET /static/img/img-2.png HTTP/1.1[0m" 304 -
[2024-02-14 09:52:17,024] INFO in _internal: 127.0.0.1 - - [14/Feb/2024 09:52:17] "[36mGET /static/img/img-3.png HTTP/1.1[0m" 304 -
[2024-02-14 09:52:17,039] INFO in _internal: 127.0.0.1 - - [14/Feb/2024 09:52:17] "[36mGET /static/img/img-4.png HTTP/1.1[0m" 304 -
[2024-02-14 09:52:17,043] INFO in _internal: 127.0.0.1 - - [14/Feb/2024 09:52:17] "[36mGET /static/img/img-5.png HTTP/1.1[0m" 304 -
[2024-02-14 09:52:17,045] INFO in _internal: 127.0.0.1 - - [14/Feb/2024 09:52:17] "[36mGET /static/img/img-45.png HTTP/1.1[0m" 304 -
[2024-02-14 09:52:17,062] INFO in _internal: 127.0.0.1 - - [14/Feb/2024 09:52:17] "[36mGET /static/img/img-46.png HTTP/1.1[0m" 304 -
[2024-02-14 09:52:17,073] INFO in _internal: 127.0.0.1 - - [14/Feb/2024 09:52:17] "[36mGET /static/img/img-48.png HTTP/1.1[0m" 304 -
[2024-02-14 09:52:17,080] INFO in _internal: 127.0.0.1 - - [14/Feb/2024 09:52:17] "[36mGET /static/img/img-47.png HTTP/1.1[0m" 304 -
[2024-02-14 09:52:17,094] INFO in _internal: 127.0.0.1 - - [14/Feb/2024 09:52:17] "[36mGET /static/img/img-49.png HTTP/1.1[0m" 304 -
[2024-02-14 09:52:17,095] INFO in _internal: 127.0.0.1 - - [14/Feb/2024 09:52:17] "[36mGET /static/img/img-88.png HTTP/1.1[0m" 304 -
[2024-02-14 09:52:17,107] INFO in _internal: 127.0.0.1 - - [14/Feb/2024 09:52:17] "[36mGET /static/img/img-89.png HTTP/1.1[0m" 304 -
[2024-02-14 09:52:17,141] INFO in _internal: 127.0.0.1 - - [14/Feb/2024 09:52:17] "[36mGET /static/img/img-91.png HTTP/1.1[0m" 304 -
[2024-02-14 09:52:17,162] INFO in _internal: 127.0.0.1 - - [14/Feb/2024 09:52:17] "[36mGET /static/img/img-92.png HTTP/1.1[0m" 304 -
[2024-02-14 09:52:17,168] INFO in _internal: 127.0.0.1 - - [14/Feb/2024 09:52:17] "[36mGET /static/img/img-90.png HTTP/1.1[0m" 304 -
[2024-02-14 09:52:17,169] INFO in _internal: 127.0.0.1 - - [14/Feb/2024 09:52:17] "[36mGET /static/img/img-131.png HTTP/1.1[0m" 304 -
[2024-02-14 09:52:17,190] INFO in _internal: 127.0.0.1 - - [14/Feb/2024 09:52:17] "[36mGET /static/img/img-132.png HTTP/1.1[0m" 304 -
[2024-02-14 09:52:17,192] INFO in _internal: 127.0.0.1 - - [14/Feb/2024 09:52:17] "[36mGET /static/img/img-133.png HTTP/1.1[0m" 304 -
[2024-02-14 09:52:17,201] INFO in _internal: 127.0.0.1 - - [14/Feb/2024 09:52:17] "[36mGET /static/img/img-134.png HTTP/1.1[0m" 304 -
[2024-02-14 09:52:17,207] INFO in _internal: 127.0.0.1 - - [14/Feb/2024 09:52:17] "[36mGET /static/img/img-135.png HTTP/1.1[0m" 304 -
[2024-02-14 09:52:17,239] INFO in _internal: 127.0.0.1 - - [14/Feb/2024 09:52:17] "[36mGET /static/img/img-158.png HTTP/1.1[0m" 304 -
[2024-02-14 09:52:17,242] INFO in _internal: 127.0.0.1 - - [14/Feb/2024 09:52:17] "[36mGET /static/img/img-159.png HTTP/1.1[0m" 304 -
[2024-02-14 09:52:17,244] INFO in _internal: 127.0.0.1 - - [14/Feb/2024 09:52:17] "[36mGET /static/img/img-160.png HTTP/1.1[0m" 304 -
[2024-02-14 09:52:17,252] INFO in _internal: 127.0.0.1 - - [14/Feb/2024 09:52:17] "[36mGET /static/img/img-161.png HTTP/1.1[0m" 304 -
[2024-02-14 09:52:17,270] INFO in _internal: 127.0.0.1 - - [14/Feb/2024 09:52:17] "[36mGET /static/img/img-162.png HTTP/1.1[0m" 304 -
[2024-02-14 09:52:17,276] INFO in _internal: 127.0.0.1 - - [14/Feb/2024 09:52:17] "[36mGET /static/img/img-171.png HTTP/1.1[0m" 304 -
[2024-02-14 09:52:17,293] INFO in _internal: 127.0.0.1 - - [14/Feb/2024 09:52:17] "[36mGET /static/img/img-172.png HTTP/1.1[0m" 304 -
[2024-02-14 09:52:17,306] INFO in _internal: 127.0.0.1 - - [14/Feb/2024 09:52:17] "[36mGET /static/img/img-173.png HTTP/1.1[0m" 304 -
[2024-02-14 09:52:17,316] INFO in _internal: 127.0.0.1 - - [14/Feb/2024 09:52:17] "[36mGET /static/img/img-174.png HTTP/1.1[0m" 304 -
[2024-02-14 09:52:17,325] INFO in _internal: 127.0.0.1 - - [14/Feb/2024 09:52:17] "[36mGET /static/img/img-175.png HTTP/1.1[0m" 304 -
[2024-02-14 09:52:19,298] INFO in _internal: 127.0.0.1 - - [14/Feb/2024 09:52:19] "GET /escort HTTP/1.1" 200 -
[2024-02-14 09:52:19,326] INFO in _internal: 127.0.0.1 - - [14/Feb/2024 09:52:19] "[36mGET /static/css/escort.css HTTP/1.1[0m" 304 -
[2024-02-14 09:52:19,328] INFO in _internal: 127.0.0.1 - - [14/Feb/2024 09:52:19] "[36mGET /static/img/logo.png HTTP/1.1[0m" 304 -
[2024-02-14 09:52:19,332] INFO in _internal: 127.0.0.1 - - [14/Feb/2024 09:52:19] "[36mGET /static/img/area.png HTTP/1.1[0m" 304 -
[2024-02-14 09:52:19,346] INFO in _internal: 127.0.0.1 - - [14/Feb/2024 09:52:19] "[36mGET /static/js/escort.js HTTP/1.1[0m" 304 -
[2024-02-14 09:52:19,399] INFO in _internal: 127.0.0.1 - - [14/Feb/2024 09:52:19] "[36mGET /static/img/1.jpg HTTP/1.1[0m" 304 -
[2024-02-14 09:52:19,400] INFO in _internal: 127.0.0.1 - - [14/Feb/2024 09:52:19] "[36mGET /static/img/2.jpg HTTP/1.1[0m" 304 -
[2024-02-14 09:52:19,409] INFO in _internal: 127.0.0.1 - - [14/Feb/2024 09:52:19] "[36mGET /static/img/3.jpg HTTP/1.1[0m" 304 -
[2024-02-14 09:52:19,411] INFO in _internal: 127.0.0.1 - - [14/Feb/2024 09:52:19] "[36mGET /static/img/4.jpg HTTP/1.1[0m" 304 -
[2024-02-14 09:52:19,421] INFO in _internal: 127.0.0.1 - - [14/Feb/2024 09:52:19] "[36mGET /static/img/19.jpg HTTP/1.1[0m" 304 -
[2024-02-14 09:52:19,431] INFO in _internal: 127.0.0.1 - - [14/Feb/2024 09:52:19] "[36mGET /static/img/20.jpg HTTP/1.1[0m" 304 -
[2024-02-14 09:52:19,468] INFO in _internal: 127.0.0.1 - - [14/Feb/2024 09:52:19] "[36mGET /static/img/21.jpg HTTP/1.1[0m" 304 -
[2024-02-14 09:52:19,486] INFO in _internal: 127.0.0.1 - - [14/Feb/2024 09:52:19] "[36mGET /static/img/22.jpg HTTP/1.1[0m" 304 -
[2024-02-14 09:52:19,491] INFO in _internal: 127.0.0.1 - - [14/Feb/2024 09:52:19] "[36mGET /static/img/23.jpg HTTP/1.1[0m" 304 -
[2024-02-14 14:25:26,400] INFO in _internal: 127.0.0.1 - - [14/Feb/2024 14:25:26] "GET /escortv2 HTTP/1.1" 200 -
[2024-02-14 14:25:26,437] INFO in _internal: 127.0.0.1 - - [14/Feb/2024 14:25:26] "[36mGET /static/img/logo.png HTTP/1.1[0m" 304 -
[2024-02-14 14:25:26,437] INFO in _internal: 127.0.0.1 - - [14/Feb/2024 14:25:26] "[36mGET /static/img/area.png HTTP/1.1[0m" 304 -
[2024-02-14 14:25:26,450] INFO in _internal: 127.0.0.1 - - [14/Feb/2024 14:25:26] "[36mGET /static/js/escortv2.js HTTP/1.1[0m" 304 -
[2024-02-14 14:25:26,459] INFO in _internal: 127.0.0.1 - - [14/Feb/2024 14:25:26] "[36mGET /static/css/escortv2.css HTTP/1.1[0m" 304 -
[2024-02-14 14:25:26,702] INFO in _internal: 127.0.0.1 - - [14/Feb/2024 14:25:26] "[36mGET /static/img/1.jpg HTTP/1.1[0m" 304 -
[2024-02-14 14:25:26,704] INFO in _internal: 127.0.0.1 - - [14/Feb/2024 14:25:26] "[36mGET /static/img/2.jpg HTTP/1.1[0m" 304 -
[2024-02-14 14:25:26,705] INFO in _internal: 127.0.0.1 - - [14/Feb/2024 14:25:26] "[36mGET /static/img/3.jpg HTTP/1.1[0m" 304 -
[2024-02-14 14:25:26,713] INFO in _internal: 127.0.0.1 - - [14/Feb/2024 14:25:26] "[36mGET /static/img/4.jpg HTTP/1.1[0m" 304 -
[2024-02-14 14:25:26,727] INFO in _internal: 127.0.0.1 - - [14/Feb/2024 14:25:26] "[36mGET /static/img/19.jpg HTTP/1.1[0m" 304 -
[2024-02-14 14:25:26,728] INFO in _internal: 127.0.0.1 - - [14/Feb/2024 14:25:26] "[36mGET /static/img/20.jpg HTTP/1.1[0m" 304 -
[2024-02-14 14:25:26,732] INFO in _internal: 127.0.0.1 - - [14/Feb/2024 14:25:26] "[36mGET /static/img/21.jpg HTTP/1.1[0m" 304 -
[2024-02-14 14:25:26,734] INFO in _internal: 127.0.0.1 - - [14/Feb/2024 14:25:26] "[36mGET /static/img/22.jpg HTTP/1.1[0m" 304 -
[2024-02-14 14:25:26,741] INFO in _internal: 127.0.0.1 - - [14/Feb/2024 14:25:26] "[36mGET /static/img/23.jpg HTTP/1.1[0m" 304 -
[2024-02-14 14:25:56,027] INFO in _internal: 127.0.0.1 - - [14/Feb/2024 14:25:56] "GET /escortv2 HTTP/1.1" 200 -
[2024-02-14 14:25:56,052] INFO in _internal: 127.0.0.1 - - [14/Feb/2024 14:25:56] "[36mGET /static/css/escortv2.css HTTP/1.1[0m" 304 -
[2024-02-14 14:25:56,054] INFO in _internal: 127.0.0.1 - - [14/Feb/2024 14:25:56] "[36mGET /static/img/logo.png HTTP/1.1[0m" 304 -
[2024-02-14 14:25:56,055] INFO in _internal: 127.0.0.1 - - [14/Feb/2024 14:25:56] "[36mGET /static/img/area.png HTTP/1.1[0m" 304 -
[2024-02-14 14:25:56,078] INFO in _internal: 127.0.0.1 - - [14/Feb/2024 14:25:56] "GET /static/js/escortv2.js HTTP/1.1" 200 -
[2024-02-14 14:25:56,132] INFO in _internal: 127.0.0.1 - - [14/Feb/2024 14:25:56] "[36mGET /static/img/3.jpg HTTP/1.1[0m" 304 -
[2024-02-14 14:25:56,135] INFO in _internal: 127.0.0.1 - - [14/Feb/2024 14:25:56] "[36mGET /static/img/1.jpg HTTP/1.1[0m" 304 -
[2024-02-14 14:25:56,137] INFO in _internal: 127.0.0.1 - - [14/Feb/2024 14:25:56] "[36mGET /static/img/2.jpg HTTP/1.1[0m" 304 -
[2024-02-14 14:25:56,145] INFO in _internal: 127.0.0.1 - - [14/Feb/2024 14:25:56] "[36mGET /static/img/4.jpg HTTP/1.1[0m" 304 -
[2024-02-14 14:25:56,147] INFO in _internal: 127.0.0.1 - - [14/Feb/2024 14:25:56] "[36mGET /static/img/20.jpg HTTP/1.1[0m" 304 -
[2024-02-14 14:25:56,147] INFO in _internal: 127.0.0.1 - - [14/Feb/2024 14:25:56] "[36mGET /static/img/19.jpg HTTP/1.1[0m" 304 -
[2024-02-14 14:25:56,175] INFO in _internal: 127.0.0.1 - - [14/Feb/2024 14:25:56] "[36mGET /static/img/21.jpg HTTP/1.1[0m" 304 -
[2024-02-14 14:25:56,177] INFO in _internal: 127.0.0.1 - - [14/Feb/2024 14:25:56] "[36mGET /static/img/22.jpg HTTP/1.1[0m" 304 -
[2024-02-14 14:25:56,179] INFO in _internal: 127.0.0.1 - - [14/Feb/2024 14:25:56] "[36mGET /static/img/23.jpg HTTP/1.1[0m" 304 -
[2024-02-14 14:26:08,248] INFO in _internal: 127.0.0.1 - - [14/Feb/2024 14:26:08] "GET /escortv2 HTTP/1.1" 200 -
[2024-02-14 14:26:08,270] INFO in _internal: 127.0.0.1 - - [14/Feb/2024 14:26:08] "[36mGET /static/css/escortv2.css HTTP/1.1[0m" 304 -
[2024-02-14 14:26:08,271] INFO in _internal: 127.0.0.1 - - [14/Feb/2024 14:26:08] "[36mGET /static/img/logo.png HTTP/1.1[0m" 304 -
[2024-02-14 14:26:08,275] INFO in _internal: 127.0.0.1 - - [14/Feb/2024 14:26:08] "[36mGET /static/img/area.png HTTP/1.1[0m" 304 -
[2024-02-14 14:26:08,289] INFO in _internal: 127.0.0.1 - - [14/Feb/2024 14:26:08] "GET /static/js/escortv2.js HTTP/1.1" 200 -
[2024-02-14 14:26:08,333] INFO in _internal: 127.0.0.1 - - [14/Feb/2024 14:26:08] "[36mGET /static/img/1.jpg HTTP/1.1[0m" 304 -
[2024-02-14 14:26:08,337] INFO in _internal: 127.0.0.1 - - [14/Feb/2024 14:26:08] "[36mGET /static/img/3.jpg HTTP/1.1[0m" 304 -
[2024-02-14 14:26:08,339] INFO in _internal: 127.0.0.1 - - [14/Feb/2024 14:26:08] "[36mGET /static/img/2.jpg HTTP/1.1[0m" 304 -
[2024-02-14 14:26:08,353] INFO in _internal: 127.0.0.1 - - [14/Feb/2024 14:26:08] "[36mGET /static/img/19.jpg HTTP/1.1[0m" 304 -
[2024-02-14 14:26:08,354] INFO in _internal: 127.0.0.1 - - [14/Feb/2024 14:26:08] "[36mGET /static/img/4.jpg HTTP/1.1[0m" 304 -
[2024-02-14 14:26:08,360] INFO in _internal: 127.0.0.1 - - [14/Feb/2024 14:26:08] "[36mGET /static/img/20.jpg HTTP/1.1[0m" 304 -
[2024-02-14 14:26:08,361] INFO in _internal: 127.0.0.1 - - [14/Feb/2024 14:26:08] "[36mGET /static/img/21.jpg HTTP/1.1[0m" 304 -
[2024-02-14 14:26:08,364] INFO in _internal: 127.0.0.1 - - [14/Feb/2024 14:26:08] "[36mGET /static/img/22.jpg HTTP/1.1[0m" 304 -
[2024-02-14 14:26:08,374] INFO in _internal: 127.0.0.1 - - [14/Feb/2024 14:26:08] "[36mGET /static/img/23.jpg HTTP/1.1[0m" 304 -
[2024-02-14 14:26:18,663] INFO in _internal: 127.0.0.1 - - [14/Feb/2024 14:26:18] "GET /escortv2 HTTP/1.1" 200 -
[2024-02-14 14:26:18,687] INFO in _internal: 127.0.0.1 - - [14/Feb/2024 14:26:18] "[36mGET /static/css/escortv2.css HTTP/1.1[0m" 304 -
[2024-02-14 14:26:18,689] INFO in _internal: 127.0.0.1 - - [14/Feb/2024 14:26:18] "[36mGET /static/img/logo.png HTTP/1.1[0m" 304 -
[2024-02-14 14:26:18,691] INFO in _internal: 127.0.0.1 - - [14/Feb/2024 14:26:18] "[36mGET /static/img/area.png HTTP/1.1[0m" 304 -
[2024-02-14 14:26:18,707] INFO in _internal: 127.0.0.1 - - [14/Feb/2024 14:26:18] "GET /static/js/escortv2.js HTTP/1.1" 200 -
[2024-02-14 14:26:18,747] INFO in _internal: 127.0.0.1 - - [14/Feb/2024 14:26:18] "[36mGET /static/img/1.jpg HTTP/1.1[0m" 304 -
[2024-02-14 14:26:18,752] INFO in _internal: 127.0.0.1 - - [14/Feb/2024 14:26:18] "[36mGET /static/img/2.jpg HTTP/1.1[0m" 304 -
[2024-02-14 14:26:18,757] INFO in _internal: 127.0.0.1 - - [14/Feb/2024 14:26:18] "[36mGET /static/img/3.jpg HTTP/1.1[0m" 304 -
[2024-02-14 14:26:18,763] INFO in _internal: 127.0.0.1 - - [14/Feb/2024 14:26:18] "[36mGET /static/img/4.jpg HTTP/1.1[0m" 304 -
[2024-02-14 14:26:18,767] INFO in _internal: 127.0.0.1 - - [14/Feb/2024 14:26:18] "[36mGET /static/img/19.jpg HTTP/1.1[0m" 304 -
[2024-02-14 14:26:18,772] INFO in _internal: 127.0.0.1 - - [14/Feb/2024 14:26:18] "[36mGET /static/img/20.jpg HTTP/1.1[0m" 304 -
[2024-02-14 14:26:18,779] INFO in _internal: 127.0.0.1 - - [14/Feb/2024 14:26:18] "[36mGET /static/img/21.jpg HTTP/1.1[0m" 304 -
[2024-02-14 14:26:18,785] INFO in _internal: 127.0.0.1 - - [14/Feb/2024 14:26:18] "[36mGET /static/img/22.jpg HTTP/1.1[0m" 304 -
[2024-02-14 14:26:18,789] INFO in _internal: 127.0.0.1 - - [14/Feb/2024 14:26:18] "[36mGET /static/img/23.jpg HTTP/1.1[0m" 304 -
[2024-02-14 14:26:34,294] INFO in _internal: 127.0.0.1 - - [14/Feb/2024 14:26:34] "GET /escortv2 HTTP/1.1" 200 -
[2024-02-14 14:26:34,318] INFO in _internal: 127.0.0.1 - - [14/Feb/2024 14:26:34] "[36mGET /static/css/escortv2.css HTTP/1.1[0m" 304 -
[2024-02-14 14:26:34,319] INFO in _internal: 127.0.0.1 - - [14/Feb/2024 14:26:34] "[36mGET /static/img/logo.png HTTP/1.1[0m" 304 -
[2024-02-14 14:26:34,320] INFO in _internal: 127.0.0.1 - - [14/Feb/2024 14:26:34] "[36mGET /static/img/area.png HTTP/1.1[0m" 304 -
[2024-02-14 14:26:34,336] INFO in _internal: 127.0.0.1 - - [14/Feb/2024 14:26:34] "GET /static/js/escortv2.js HTTP/1.1" 200 -
[2024-02-14 14:26:34,374] INFO in _internal: 127.0.0.1 - - [14/Feb/2024 14:26:34] "[36mGET /static/img/1.jpg HTTP/1.1[0m" 304 -
[2024-02-14 14:26:34,390] INFO in _internal: 127.0.0.1 - - [14/Feb/2024 14:26:34] "[36mGET /static/img/2.jpg HTTP/1.1[0m" 304 -
[2024-02-14 14:26:34,396] INFO in _internal: 127.0.0.1 - - [14/Feb/2024 14:26:34] "[36mGET /static/img/3.jpg HTTP/1.1[0m" 304 -
[2024-02-14 14:26:34,403] INFO in _internal: 127.0.0.1 - - [14/Feb/2024 14:26:34] "[36mGET /static/img/4.jpg HTTP/1.1[0m" 304 -
[2024-02-14 14:26:34,419] INFO in _internal: 127.0.0.1 - - [14/Feb/2024 14:26:34] "[36mGET /static/img/19.jpg HTTP/1.1[0m" 304 -
[2024-02-14 14:26:34,421] INFO in _internal: 127.0.0.1 - - [14/Feb/2024 14:26:34] "[36mGET /static/img/21.jpg HTTP/1.1[0m" 304 -
[2024-02-14 14:26:34,423] INFO in _internal: 127.0.0.1 - - [14/Feb/2024 14:26:34] "[36mGET /static/img/20.jpg HTTP/1.1[0m" 304 -
[2024-02-14 14:26:34,425] INFO in _internal: 127.0.0.1 - - [14/Feb/2024 14:26:34] "[36mGET /static/img/22.jpg HTTP/1.1[0m" 304 -
[2024-02-14 14:26:34,427] INFO in _internal: 127.0.0.1 - - [14/Feb/2024 14:26:34] "[36mGET /static/img/23.jpg HTTP/1.1[0m" 304 -
[2024-02-14 14:26:44,703] INFO in _internal: 127.0.0.1 - - [14/Feb/2024 14:26:44] "GET /escortv2 HTTP/1.1" 200 -
[2024-02-14 14:26:44,722] INFO in _internal: 127.0.0.1 - - [14/Feb/2024 14:26:44] "[36mGET /static/css/escortv2.css HTTP/1.1[0m" 304 -
[2024-02-14 14:26:44,723] INFO in _internal: 127.0.0.1 - - [14/Feb/2024 14:26:44] "[36mGET /static/img/logo.png HTTP/1.1[0m" 304 -
[2024-02-14 14:26:44,726] INFO in _internal: 127.0.0.1 - - [14/Feb/2024 14:26:44] "[36mGET /static/img/area.png HTTP/1.1[0m" 304 -
[2024-02-14 14:26:44,737] INFO in _internal: 127.0.0.1 - - [14/Feb/2024 14:26:44] "GET /static/js/escortv2.js HTTP/1.1" 200 -
[2024-02-14 14:26:44,763] INFO in _internal: 127.0.0.1 - - [14/Feb/2024 14:26:44] "[36mGET /static/img/1.jpg HTTP/1.1[0m" 304 -
[2024-02-14 14:26:44,765] INFO in _internal: 127.0.0.1 - - [14/Feb/2024 14:26:44] "[36mGET /static/img/2.jpg HTTP/1.1[0m" 304 -
[2024-02-14 14:26:44,765] INFO in _internal: 127.0.0.1 - - [14/Feb/2024 14:26:44] "[36mGET /static/img/3.jpg HTTP/1.1[0m" 304 -
[2024-02-14 14:26:44,788] INFO in _internal: 127.0.0.1 - - [14/Feb/2024 14:26:44] "[36mGET /static/img/4.jpg HTTP/1.1[0m" 304 -
[2024-02-14 14:26:44,797] INFO in _internal: 127.0.0.1 - - [14/Feb/2024 14:26:44] "[36mGET /static/img/19.jpg HTTP/1.1[0m" 304 -
[2024-02-14 14:26:44,797] INFO in _internal: 127.0.0.1 - - [14/Feb/2024 14:26:44] "[36mGET /static/img/20.jpg HTTP/1.1[0m" 304 -
[2024-02-14 14:26:44,802] INFO in _internal: 127.0.0.1 - - [14/Feb/2024 14:26:44] "[36mGET /static/img/21.jpg HTTP/1.1[0m" 304 -
[2024-02-14 14:26:44,806] INFO in _internal: 127.0.0.1 - - [14/Feb/2024 14:26:44] "[36mGET /static/img/22.jpg HTTP/1.1[0m" 304 -
[2024-02-14 14:26:44,808] INFO in _internal: 127.0.0.1 - - [14/Feb/2024 14:26:44] "[36mGET /static/img/23.jpg HTTP/1.1[0m" 304 -
[2024-02-14 14:27:03,448] INFO in _internal: 127.0.0.1 - - [14/Feb/2024 14:27:03] "GET /escortv2 HTTP/1.1" 200 -
[2024-02-14 14:27:03,477] INFO in _internal: 127.0.0.1 - - [14/Feb/2024 14:27:03] "[36mGET /static/img/logo.png HTTP/1.1[0m" 304 -
[2024-02-14 14:27:03,478] INFO in _internal: 127.0.0.1 - - [14/Feb/2024 14:27:03] "[36mGET /static/css/escortv2.css HTTP/1.1[0m" 304 -
[2024-02-14 14:27:03,480] INFO in _internal: 127.0.0.1 - - [14/Feb/2024 14:27:03] "[36mGET /static/img/area.png HTTP/1.1[0m" 304 -
[2024-02-14 14:27:03,493] INFO in _internal: 127.0.0.1 - - [14/Feb/2024 14:27:03] "GET /static/js/escortv2.js HTTP/1.1" 200 -
[2024-02-14 14:27:03,525] INFO in _internal: 127.0.0.1 - - [14/Feb/2024 14:27:03] "[36mGET /static/img/1.jpg HTTP/1.1[0m" 304 -
[2024-02-14 14:27:03,526] INFO in _internal: 127.0.0.1 - - [14/Feb/2024 14:27:03] "[36mGET /static/img/2.jpg HTTP/1.1[0m" 304 -
[2024-02-14 14:27:03,534] INFO in _internal: 127.0.0.1 - - [14/Feb/2024 14:27:03] "[36mGET /static/img/3.jpg HTTP/1.1[0m" 304 -
[2024-02-14 14:27:03,539] INFO in _internal: 127.0.0.1 - - [14/Feb/2024 14:27:03] "[36mGET /static/img/4.jpg HTTP/1.1[0m" 304 -
[2024-02-14 14:27:03,548] INFO in _internal: 127.0.0.1 - - [14/Feb/2024 14:27:03] "[36mGET /static/img/19.jpg HTTP/1.1[0m" 304 -
[2024-02-14 14:27:03,571] INFO in _internal: 127.0.0.1 - - [14/Feb/2024 14:27:03] "[36mGET /static/img/20.jpg HTTP/1.1[0m" 304 -
[2024-02-14 14:27:03,578] INFO in _internal: 127.0.0.1 - - [14/Feb/2024 14:27:03] "[36mGET /static/img/21.jpg HTTP/1.1[0m" 304 -
[2024-02-14 14:27:03,586] INFO in _internal: 127.0.0.1 - - [14/Feb/2024 14:27:03] "[36mGET /static/img/22.jpg HTTP/1.1[0m" 304 -
[2024-02-14 14:27:03,592] INFO in _internal: 127.0.0.1 - - [14/Feb/2024 14:27:03] "[36mGET /static/img/23.jpg HTTP/1.1[0m" 304 -
[2024-02-14 14:27:15,709] INFO in _internal: 127.0.0.1 - - [14/Feb/2024 14:27:15] "GET /escortv2 HTTP/1.1" 200 -
[2024-02-14 14:27:15,732] INFO in _internal: 127.0.0.1 - - [14/Feb/2024 14:27:15] "[36mGET /static/css/escortv2.css HTTP/1.1[0m" 304 -
[2024-02-14 14:27:15,732] INFO in _internal: 127.0.0.1 - - [14/Feb/2024 14:27:15] "[36mGET /static/img/logo.png HTTP/1.1[0m" 304 -
[2024-02-14 14:27:15,733] INFO in _internal: 127.0.0.1 - - [14/Feb/2024 14:27:15] "[36mGET /static/img/area.png HTTP/1.1[0m" 304 -
[2024-02-14 14:27:15,744] INFO in _internal: 127.0.0.1 - - [14/Feb/2024 14:27:15] "GET /static/js/escortv2.js HTTP/1.1" 200 -
[2024-02-14 14:27:15,798] INFO in _internal: 127.0.0.1 - - [14/Feb/2024 14:27:15] "[36mGET /static/img/1.jpg HTTP/1.1[0m" 304 -
[2024-02-14 14:27:15,813] INFO in _internal: 127.0.0.1 - - [14/Feb/2024 14:27:15] "[36mGET /static/img/3.jpg HTTP/1.1[0m" 304 -
[2024-02-14 14:27:15,823] INFO in _internal: 127.0.0.1 - - [14/Feb/2024 14:27:15] "[36mGET /static/img/20.jpg HTTP/1.1[0m" 304 -
[2024-02-14 14:27:15,827] INFO in _internal: 127.0.0.1 - - [14/Feb/2024 14:27:15] "[36mGET /static/img/19.jpg HTTP/1.1[0m" 304 -
[2024-02-14 14:27:15,831] INFO in _internal: 127.0.0.1 - - [14/Feb/2024 14:27:15] "[36mGET /static/img/4.jpg HTTP/1.1[0m" 304 -
[2024-02-14 14:27:15,836] INFO in _internal: 127.0.0.1 - - [14/Feb/2024 14:27:15] "[36mGET /static/img/2.jpg HTTP/1.1[0m" 304 -
[2024-02-14 14:27:15,842] INFO in _internal: 127.0.0.1 - - [14/Feb/2024 14:27:15] "[36mGET /static/img/21.jpg HTTP/1.1[0m" 304 -
[2024-02-14 14:27:15,847] INFO in _internal: 127.0.0.1 - - [14/Feb/2024 14:27:15] "[36mGET /static/img/22.jpg HTTP/1.1[0m" 304 -
[2024-02-14 14:27:15,849] INFO in _internal: 127.0.0.1 - - [14/Feb/2024 14:27:15] "[36mGET /static/img/23.jpg HTTP/1.1[0m" 304 -
[2024-02-14 14:27:25,529] INFO in _internal: 127.0.0.1 - - [14/Feb/2024 14:27:25] "GET /escortv2 HTTP/1.1" 200 -
[2024-02-14 14:27:25,551] INFO in _internal: 127.0.0.1 - - [14/Feb/2024 14:27:25] "[36mGET /static/css/escortv2.css HTTP/1.1[0m" 304 -
[2024-02-14 14:27:25,555] INFO in _internal: 127.0.0.1 - - [14/Feb/2024 14:27:25] "[36mGET /static/img/logo.png HTTP/1.1[0m" 304 -
[2024-02-14 14:27:25,556] INFO in _internal: 127.0.0.1 - - [14/Feb/2024 14:27:25] "[36mGET /static/img/area.png HTTP/1.1[0m" 304 -
[2024-02-14 14:27:25,567] INFO in _internal: 127.0.0.1 - - [14/Feb/2024 14:27:25] "GET /static/js/escortv2.js HTTP/1.1" 200 -
[2024-02-14 14:27:25,605] INFO in _internal: 127.0.0.1 - - [14/Feb/2024 14:27:25] "[36mGET /static/img/1.jpg HTTP/1.1[0m" 304 -
[2024-02-14 14:27:25,610] INFO in _internal: 127.0.0.1 - - [14/Feb/2024 14:27:25] "[36mGET /static/img/2.jpg HTTP/1.1[0m" 304 -
[2024-02-14 14:27:25,618] INFO in _internal: 127.0.0.1 - - [14/Feb/2024 14:27:25] "[36mGET /static/img/3.jpg HTTP/1.1[0m" 304 -
[2024-02-14 14:27:25,619] INFO in _internal: 127.0.0.1 - - [14/Feb/2024 14:27:25] "[36mGET /static/img/4.jpg HTTP/1.1[0m" 304 -
[2024-02-14 14:27:25,630] INFO in _internal: 127.0.0.1 - - [14/Feb/2024 14:27:25] "[36mGET /static/img/19.jpg HTTP/1.1[0m" 304 -
[2024-02-14 14:27:25,631] INFO in _internal: 127.0.0.1 - - [14/Feb/2024 14:27:25] "[36mGET /static/img/20.jpg HTTP/1.1[0m" 304 -
[2024-02-14 14:27:25,640] INFO in _internal: 127.0.0.1 - - [14/Feb/2024 14:27:25] "[36mGET /static/img/22.jpg HTTP/1.1[0m" 304 -
[2024-02-14 14:27:25,640] INFO in _internal: 127.0.0.1 - - [14/Feb/2024 14:27:25] "[36mGET /static/img/21.jpg HTTP/1.1[0m" 304 -
[2024-02-14 14:27:25,654] INFO in _internal: 127.0.0.1 - - [14/Feb/2024 14:27:25] "[36mGET /static/img/23.jpg HTTP/1.1[0m" 304 -
[2024-02-14 14:30:19,753] INFO in _internal: 127.0.0.1 - - [14/Feb/2024 14:30:19] "GET /escortv2 HTTP/1.1" 200 -
[2024-02-14 14:30:19,781] INFO in _internal: 127.0.0.1 - - [14/Feb/2024 14:30:19] "[36mGET /static/css/escortv2.css HTTP/1.1[0m" 304 -
[2024-02-14 14:30:19,782] INFO in _internal: 127.0.0.1 - - [14/Feb/2024 14:30:19] "[36mGET /static/img/logo.png HTTP/1.1[0m" 304 -
[2024-02-14 14:30:19,783] INFO in _internal: 127.0.0.1 - - [14/Feb/2024 14:30:19] "[36mGET /static/img/area.png HTTP/1.1[0m" 304 -
[2024-02-14 14:30:19,802] INFO in _internal: 127.0.0.1 - - [14/Feb/2024 14:30:19] "GET /static/js/escortv2.js HTTP/1.1" 200 -
[2024-02-14 14:30:19,875] INFO in _internal: 127.0.0.1 - - [14/Feb/2024 14:30:19] "[36mGET /static/img/1.jpg HTTP/1.1[0m" 304 -
[2024-02-14 14:30:19,889] INFO in _internal: 127.0.0.1 - - [14/Feb/2024 14:30:19] "[36mGET /static/img/2.jpg HTTP/1.1[0m" 304 -
[2024-02-14 14:30:19,908] INFO in _internal: 127.0.0.1 - - [14/Feb/2024 14:30:19] "[36mGET /static/img/3.jpg HTTP/1.1[0m" 304 -
[2024-02-14 14:30:19,921] INFO in _internal: 127.0.0.1 - - [14/Feb/2024 14:30:19] "[36mGET /static/img/20.jpg HTTP/1.1[0m" 304 -
[2024-02-14 14:30:19,923] INFO in _internal: 127.0.0.1 - - [14/Feb/2024 14:30:19] "[36mGET /static/img/4.jpg HTTP/1.1[0m" 304 -
[2024-02-14 14:30:19,924] INFO in _internal: 127.0.0.1 - - [14/Feb/2024 14:30:19] "[36mGET /static/img/19.jpg HTTP/1.1[0m" 304 -
[2024-02-14 14:30:19,929] INFO in _internal: 127.0.0.1 - - [14/Feb/2024 14:30:19] "[36mGET /static/img/21.jpg HTTP/1.1[0m" 304 -
[2024-02-14 14:30:19,943] INFO in _internal: 127.0.0.1 - - [14/Feb/2024 14:30:19] "[36mGET /static/img/22.jpg HTTP/1.1[0m" 304 -
[2024-02-14 14:30:19,948] INFO in _internal: 127.0.0.1 - - [14/Feb/2024 14:30:19] "[36mGET /static/img/23.jpg HTTP/1.1[0m" 304 -
[2024-02-14 14:32:19,323] INFO in _internal:  * Detected change in 'C:\\Users\\USER\\Desktop\\ssm_web\\app\\main.py', reloading
[2024-02-14 14:32:19,324] INFO in _internal:  * Detected change in 'C:\\Users\\USER\\Desktop\\ssm_web\\app\\main.py', reloading
[2024-02-14 14:32:19,325] INFO in _internal:  * Detected change in 'C:\\Users\\USER\\Desktop\\ssm_web\\app\\main.py', reloading
[2024-02-14 14:32:20,281] INFO in _internal:  * Restarting with watchdog (windowsapi)
[2024-02-14 14:32:21,427] WARNING in _internal:  * Debugger is active!
[2024-02-14 14:32:21,443] INFO in _internal:  * Debugger PIN: 123-293-346
[2024-02-14 14:32:34,117] INFO in _internal: [31m[1mWARNING: This is a development server. Do not use it in a production deployment. Use a production WSGI server instead.[0m
 * Running on http://127.0.0.1:5000
[2024-02-14 14:32:34,118] INFO in _internal: [33mPress CTRL+C to quit[0m
[2024-02-14 14:32:34,134] INFO in _internal:  * Restarting with watchdog (windowsapi)
[2024-02-14 14:32:34,814] WARNING in _internal:  * Debugger is active!
[2024-02-14 14:32:34,829] INFO in _internal:  * Debugger PIN: 123-293-346
[2024-02-14 14:32:36,919] INFO in _internal: 127.0.0.1 - - [14/Feb/2024 14:32:36] "GET /escortv2 HTTP/1.1" 200 -
[2024-02-14 14:32:37,439] INFO in _internal: 127.0.0.1 - - [14/Feb/2024 14:32:37] "[36mGET /static/css/escortv2.css HTTP/1.1[0m" 304 -
[2024-02-14 14:32:37,448] INFO in _internal: 127.0.0.1 - - [14/Feb/2024 14:32:37] "[36mGET /static/js/escortv2.js HTTP/1.1[0m" 304 -
[2024-02-14 14:32:37,470] INFO in _internal: 127.0.0.1 - - [14/Feb/2024 14:32:37] "[36mGET /static/img/1.jpg HTTP/1.1[0m" 304 -
[2024-02-14 14:32:37,505] INFO in _internal: 127.0.0.1 - - [14/Feb/2024 14:32:37] "[36mGET /static/img/2.jpg HTTP/1.1[0m" 304 -
[2024-02-14 14:32:37,516] INFO in _internal: 127.0.0.1 - - [14/Feb/2024 14:32:37] "[36mGET /static/img/3.jpg HTTP/1.1[0m" 304 -
[2024-02-14 14:32:37,563] INFO in _internal: 127.0.0.1 - - [14/Feb/2024 14:32:37] "[36mGET /static/img/4.jpg HTTP/1.1[0m" 304 -
[2024-02-14 14:32:37,563] INFO in _internal: 127.0.0.1 - - [14/Feb/2024 14:32:37] "[36mGET /static/img/logo.png HTTP/1.1[0m" 304 -
[2024-02-14 14:32:37,572] INFO in _internal: 127.0.0.1 - - [14/Feb/2024 14:32:37] "[36mGET /static/img/area.png HTTP/1.1[0m" 304 -
[2024-02-14 14:32:37,573] INFO in _internal: 127.0.0.1 - - [14/Feb/2024 14:32:37] "[36mGET /static/img/19.jpg HTTP/1.1[0m" 304 -
[2024-02-14 14:32:37,583] INFO in _internal: 127.0.0.1 - - [14/Feb/2024 14:32:37] "[36mGET /static/img/20.jpg HTTP/1.1[0m" 304 -
[2024-02-14 14:32:37,584] INFO in _internal: 127.0.0.1 - - [14/Feb/2024 14:32:37] "[36mGET /static/img/21.jpg HTTP/1.1[0m" 304 -
[2024-02-14 14:32:37,594] INFO in _internal: 127.0.0.1 - - [14/Feb/2024 14:32:37] "[36mGET /static/img/22.jpg HTTP/1.1[0m" 304 -
[2024-02-14 14:32:37,597] INFO in _internal: 127.0.0.1 - - [14/Feb/2024 14:32:37] "[36mGET /static/img/23.jpg HTTP/1.1[0m" 304 -
[2024-02-14 14:32:38,858] INFO in _internal: 127.0.0.1 - - [14/Feb/2024 14:32:38] "GET /test HTTP/1.1" 200 -
[2024-02-14 14:32:38,872] INFO in _internal: 127.0.0.1 - - [14/Feb/2024 14:32:38] "[36mGET /static/img/1.jpg HTTP/1.1[0m" 304 -
[2024-02-14 14:32:38,873] INFO in _internal: 127.0.0.1 - - [14/Feb/2024 14:32:38] "[36mGET /static/img/2.jpg HTTP/1.1[0m" 304 -
[2024-02-14 14:32:38,886] INFO in _internal: 127.0.0.1 - - [14/Feb/2024 14:32:38] "[36mGET /static/img/3.jpg HTTP/1.1[0m" 304 -
[2024-02-14 14:32:38,887] INFO in _internal: 127.0.0.1 - - [14/Feb/2024 14:32:38] "GET /static/js/test.js HTTP/1.1" 200 -
[2024-02-14 14:32:38,889] INFO in _internal: 127.0.0.1 - - [14/Feb/2024 14:32:38] "[36mGET /static/img/4.jpg HTTP/1.1[0m" 304 -
[2024-02-14 14:32:38,903] INFO in _internal: 127.0.0.1 - - [14/Feb/2024 14:32:38] "[36mGET /static/img/19.jpg HTTP/1.1[0m" 304 -
[2024-02-14 14:32:38,907] INFO in _internal: 127.0.0.1 - - [14/Feb/2024 14:32:38] "[36mGET /static/img/20.jpg HTTP/1.1[0m" 304 -
[2024-02-14 14:32:38,914] INFO in _internal: 127.0.0.1 - - [14/Feb/2024 14:32:38] "[36mGET /static/img/21.jpg HTTP/1.1[0m" 304 -
[2024-02-14 14:32:38,915] INFO in _internal: 127.0.0.1 - - [14/Feb/2024 14:32:38] "[36mGET /static/img/22.jpg HTTP/1.1[0m" 304 -
[2024-02-14 14:33:21,694] INFO in _internal: 127.0.0.1 - - [14/Feb/2024 14:33:21] "GET /escortv2 HTTP/1.1" 200 -
[2024-02-14 14:33:21,715] INFO in _internal: 127.0.0.1 - - [14/Feb/2024 14:33:21] "[36mGET /static/css/escortv2.css HTTP/1.1[0m" 304 -
[2024-02-14 14:33:21,725] INFO in _internal: 127.0.0.1 - - [14/Feb/2024 14:33:21] "[36mGET /static/img/logo.png HTTP/1.1[0m" 304 -
[2024-02-14 14:33:21,726] INFO in _internal: 127.0.0.1 - - [14/Feb/2024 14:33:21] "[36mGET /static/img/area.png HTTP/1.1[0m" 304 -
[2024-02-14 14:33:21,735] INFO in _internal: 127.0.0.1 - - [14/Feb/2024 14:33:21] "GET /static/js/escortv2.js HTTP/1.1" 200 -
[2024-02-14 14:33:21,758] INFO in _internal: 127.0.0.1 - - [14/Feb/2024 14:33:21] "[36mGET /static/img/1.jpg HTTP/1.1[0m" 304 -
[2024-02-14 14:33:21,759] INFO in _internal: 127.0.0.1 - - [14/Feb/2024 14:33:21] "[36mGET /static/img/2.jpg HTTP/1.1[0m" 304 -
[2024-02-14 14:33:21,759] INFO in _internal: 127.0.0.1 - - [14/Feb/2024 14:33:21] "[36mGET /static/img/3.jpg HTTP/1.1[0m" 304 -
[2024-02-14 14:33:21,776] INFO in _internal: 127.0.0.1 - - [14/Feb/2024 14:33:21] "[36mGET /static/img/4.jpg HTTP/1.1[0m" 304 -
[2024-02-14 14:33:21,777] INFO in _internal: 127.0.0.1 - - [14/Feb/2024 14:33:21] "[36mGET /static/img/19.jpg HTTP/1.1[0m" 304 -
[2024-02-14 14:33:21,784] INFO in _internal: 127.0.0.1 - - [14/Feb/2024 14:33:21] "[36mGET /static/img/20.jpg HTTP/1.1[0m" 304 -
[2024-02-14 14:33:21,807] INFO in _internal: 127.0.0.1 - - [14/Feb/2024 14:33:21] "[36mGET /static/img/21.jpg HTTP/1.1[0m" 304 -
[2024-02-14 14:33:21,809] INFO in _internal: 127.0.0.1 - - [14/Feb/2024 14:33:21] "[36mGET /static/img/22.jpg HTTP/1.1[0m" 304 -
[2024-02-14 14:33:21,810] INFO in _internal: 127.0.0.1 - - [14/Feb/2024 14:33:21] "[36mGET /static/img/23.jpg HTTP/1.1[0m" 304 -
[2024-02-14 14:33:25,483] INFO in _internal: 127.0.0.1 - - [14/Feb/2024 14:33:25] "[36mGET /static/css/escortv2.css HTTP/1.1[0m" 304 -
[2024-02-14 14:34:14,217] INFO in _internal: 127.0.0.1 - - [14/Feb/2024 14:34:14] "GET /escortv2 HTTP/1.1" 200 -
[2024-02-14 14:34:14,247] INFO in _internal: 127.0.0.1 - - [14/Feb/2024 14:34:14] "[36mGET /static/css/escortv2.css HTTP/1.1[0m" 304 -
[2024-02-14 14:34:14,249] INFO in _internal: 127.0.0.1 - - [14/Feb/2024 14:34:14] "[36mGET /static/img/logo.png HTTP/1.1[0m" 304 -
[2024-02-14 14:34:14,250] INFO in _internal: 127.0.0.1 - - [14/Feb/2024 14:34:14] "[36mGET /static/img/area.png HTTP/1.1[0m" 304 -
[2024-02-14 14:34:14,269] INFO in _internal: 127.0.0.1 - - [14/Feb/2024 14:34:14] "GET /static/js/escortv2.js HTTP/1.1" 200 -
[2024-02-14 14:34:14,317] INFO in _internal: 127.0.0.1 - - [14/Feb/2024 14:34:14] "[36mGET /static/img/1.jpg HTTP/1.1[0m" 304 -
[2024-02-14 14:34:14,318] INFO in _internal: 127.0.0.1 - - [14/Feb/2024 14:34:14] "[36mGET /static/img/3.jpg HTTP/1.1[0m" 304 -
[2024-02-14 14:34:14,319] INFO in _internal: 127.0.0.1 - - [14/Feb/2024 14:34:14] "[36mGET /static/img/2.jpg HTTP/1.1[0m" 304 -
[2024-02-14 14:34:14,334] INFO in _internal: 127.0.0.1 - - [14/Feb/2024 14:34:14] "[36mGET /static/img/4.jpg HTTP/1.1[0m" 304 -
[2024-02-14 14:34:14,339] INFO in _internal: 127.0.0.1 - - [14/Feb/2024 14:34:14] "[36mGET /static/img/19.jpg HTTP/1.1[0m" 304 -
[2024-02-14 14:34:14,347] INFO in _internal: 127.0.0.1 - - [14/Feb/2024 14:34:14] "[36mGET /static/img/20.jpg HTTP/1.1[0m" 304 -
[2024-02-14 14:34:14,361] INFO in _internal: 127.0.0.1 - - [14/Feb/2024 14:34:14] "[36mGET /static/img/21.jpg HTTP/1.1[0m" 304 -
[2024-02-14 14:34:14,369] INFO in _internal: 127.0.0.1 - - [14/Feb/2024 14:34:14] "[36mGET /static/img/22.jpg HTTP/1.1[0m" 304 -
[2024-02-14 14:34:14,373] INFO in _internal: 127.0.0.1 - - [14/Feb/2024 14:34:14] "[36mGET /static/img/23.jpg HTTP/1.1[0m" 304 -
[2024-02-14 14:35:05,674] INFO in _internal: 127.0.0.1 - - [14/Feb/2024 14:35:05] "GET /escortv2 HTTP/1.1" 200 -
[2024-02-14 14:35:05,699] INFO in _internal: 127.0.0.1 - - [14/Feb/2024 14:35:05] "[36mGET /static/css/escortv2.css HTTP/1.1[0m" 304 -
[2024-02-14 14:35:05,702] INFO in _internal: 127.0.0.1 - - [14/Feb/2024 14:35:05] "[36mGET /static/img/logo.png HTTP/1.1[0m" 304 -
[2024-02-14 14:35:05,704] INFO in _internal: 127.0.0.1 - - [14/Feb/2024 14:35:05] "[36mGET /static/img/area.png HTTP/1.1[0m" 304 -
[2024-02-14 14:35:05,745] INFO in _internal: 127.0.0.1 - - [14/Feb/2024 14:35:05] "GET /static/js/escortv2.js HTTP/1.1" 200 -
[2024-02-14 14:35:05,761] INFO in _internal: 127.0.0.1 - - [14/Feb/2024 14:35:05] "[36mGET /static/img/1.jpg HTTP/1.1[0m" 304 -
[2024-02-14 14:35:05,776] INFO in _internal: 127.0.0.1 - - [14/Feb/2024 14:35:05] "[36mGET /static/img/2.jpg HTTP/1.1[0m" 304 -
[2024-02-14 14:35:05,786] INFO in _internal: 127.0.0.1 - - [14/Feb/2024 14:35:05] "[36mGET /static/img/3.jpg HTTP/1.1[0m" 304 -
[2024-02-14 14:35:05,788] INFO in _internal: 127.0.0.1 - - [14/Feb/2024 14:35:05] "[36mGET /static/img/4.jpg HTTP/1.1[0m" 304 -
[2024-02-14 14:35:05,790] INFO in _internal: 127.0.0.1 - - [14/Feb/2024 14:35:05] "[36mGET /static/img/19.jpg HTTP/1.1[0m" 304 -
[2024-02-14 14:35:05,799] INFO in _internal: 127.0.0.1 - - [14/Feb/2024 14:35:05] "[36mGET /static/img/20.jpg HTTP/1.1[0m" 304 -
[2024-02-14 14:35:05,806] INFO in _internal: 127.0.0.1 - - [14/Feb/2024 14:35:05] "[36mGET /static/img/22.jpg HTTP/1.1[0m" 304 -
[2024-02-14 14:35:05,811] INFO in _internal: 127.0.0.1 - - [14/Feb/2024 14:35:05] "[36mGET /static/img/21.jpg HTTP/1.1[0m" 304 -
[2024-02-14 14:35:05,815] INFO in _internal: 127.0.0.1 - - [14/Feb/2024 14:35:05] "[36mGET /static/img/23.jpg HTTP/1.1[0m" 304 -
[2024-02-14 14:40:59,415] INFO in _internal: 127.0.0.1 - - [14/Feb/2024 14:40:59] "GET /escortv2 HTTP/1.1" 200 -
[2024-02-14 14:40:59,434] INFO in _internal: 127.0.0.1 - - [14/Feb/2024 14:40:59] "[36mGET /static/css/escortv2.css HTTP/1.1[0m" 304 -
[2024-02-14 14:40:59,438] INFO in _internal: 127.0.0.1 - - [14/Feb/2024 14:40:59] "[36mGET /static/img/logo.png HTTP/1.1[0m" 304 -
[2024-02-14 14:40:59,440] INFO in _internal: 127.0.0.1 - - [14/Feb/2024 14:40:59] "[36mGET /static/img/area.png HTTP/1.1[0m" 304 -
[2024-02-14 14:40:59,465] INFO in _internal: 127.0.0.1 - - [14/Feb/2024 14:40:59] "GET /static/js/escortv2.js HTTP/1.1" 200 -
[2024-02-14 14:40:59,496] INFO in _internal: 127.0.0.1 - - [14/Feb/2024 14:40:59] "[36mGET /static/img/1.jpg HTTP/1.1[0m" 304 -
[2024-02-14 14:40:59,500] INFO in _internal: 127.0.0.1 - - [14/Feb/2024 14:40:59] "[36mGET /static/img/2.jpg HTTP/1.1[0m" 304 -
[2024-02-14 14:40:59,511] INFO in _internal: 127.0.0.1 - - [14/Feb/2024 14:40:59] "[36mGET /static/img/3.jpg HTTP/1.1[0m" 304 -
[2024-02-14 14:40:59,518] INFO in _internal: 127.0.0.1 - - [14/Feb/2024 14:40:59] "[36mGET /static/img/4.jpg HTTP/1.1[0m" 304 -
[2024-02-14 14:40:59,522] INFO in _internal: 127.0.0.1 - - [14/Feb/2024 14:40:59] "[36mGET /static/img/19.jpg HTTP/1.1[0m" 304 -
[2024-02-14 14:40:59,527] INFO in _internal: 127.0.0.1 - - [14/Feb/2024 14:40:59] "[36mGET /static/img/20.jpg HTTP/1.1[0m" 304 -
[2024-02-14 14:40:59,533] INFO in _internal: 127.0.0.1 - - [14/Feb/2024 14:40:59] "[36mGET /static/img/21.jpg HTTP/1.1[0m" 304 -
[2024-02-14 14:40:59,536] INFO in _internal: 127.0.0.1 - - [14/Feb/2024 14:40:59] "[36mGET /static/img/22.jpg HTTP/1.1[0m" 304 -
[2024-02-14 14:40:59,544] INFO in _internal: 127.0.0.1 - - [14/Feb/2024 14:40:59] "[36mGET /static/img/23.jpg HTTP/1.1[0m" 304 -
[2024-02-14 15:17:31,938] INFO in _internal: 127.0.0.1 - - [14/Feb/2024 15:17:31] "GET /escortv2 HTTP/1.1" 200 -
[2024-02-14 15:17:31,968] INFO in _internal: 127.0.0.1 - - [14/Feb/2024 15:17:31] "GET /static/css/escortv2.css HTTP/1.1" 200 -
[2024-02-14 15:17:31,969] INFO in _internal: 127.0.0.1 - - [14/Feb/2024 15:17:31] "[36mGET /static/img/logo.png HTTP/1.1[0m" 304 -
[2024-02-14 15:17:31,970] INFO in _internal: 127.0.0.1 - - [14/Feb/2024 15:17:31] "[36mGET /static/img/area.png HTTP/1.1[0m" 304 -
[2024-02-14 15:17:32,100] INFO in _internal: 127.0.0.1 - - [14/Feb/2024 15:17:32] "GET /static/js/escortv2.js HTTP/1.1" 200 -
[2024-02-14 15:17:32,133] INFO in _internal: 127.0.0.1 - - [14/Feb/2024 15:17:32] "[36mGET /static/img/1.jpg HTTP/1.1[0m" 304 -
[2024-02-14 15:17:32,150] INFO in _internal: 127.0.0.1 - - [14/Feb/2024 15:17:32] "[36mGET /static/img/2.jpg HTTP/1.1[0m" 304 -
[2024-02-14 15:17:32,156] INFO in _internal: 127.0.0.1 - - [14/Feb/2024 15:17:32] "[36mGET /static/img/3.jpg HTTP/1.1[0m" 304 -
[2024-02-14 15:17:32,160] INFO in _internal: 127.0.0.1 - - [14/Feb/2024 15:17:32] "[36mGET /static/img/21.jpg HTTP/1.1[0m" 304 -
[2024-02-14 15:17:32,164] INFO in _internal: 127.0.0.1 - - [14/Feb/2024 15:17:32] "[36mGET /static/img/4.jpg HTTP/1.1[0m" 304 -
[2024-02-14 15:17:32,167] INFO in _internal: 127.0.0.1 - - [14/Feb/2024 15:17:32] "[36mGET /static/img/19.jpg HTTP/1.1[0m" 304 -
[2024-02-14 15:17:32,170] INFO in _internal: 127.0.0.1 - - [14/Feb/2024 15:17:32] "[36mGET /static/img/22.jpg HTTP/1.1[0m" 304 -
[2024-02-14 15:17:32,176] INFO in _internal: 127.0.0.1 - - [14/Feb/2024 15:17:32] "[36mGET /static/img/20.jpg HTTP/1.1[0m" 304 -
[2024-02-14 15:17:32,181] INFO in _internal: 127.0.0.1 - - [14/Feb/2024 15:17:32] "[36mGET /static/img/23.jpg HTTP/1.1[0m" 304 -
[2024-02-14 15:17:33,026] INFO in _internal: 127.0.0.1 - - [14/Feb/2024 15:17:33] "GET /info HTTP/1.1" 200 -
[2024-02-14 15:17:33,050] INFO in _internal: 127.0.0.1 - - [14/Feb/2024 15:17:33] "GET /static/js/info.js HTTP/1.1" 200 -
[2024-02-14 15:17:33,051] INFO in _internal: 127.0.0.1 - - [14/Feb/2024 15:17:33] "[36mGET /static/img/logo.png HTTP/1.1[0m" 304 -
[2024-02-14 15:17:33,131] INFO in _internal: 127.0.0.1 - - [14/Feb/2024 15:17:33] "GET /static/css/info.css HTTP/1.1" 200 -
[2024-02-14 15:17:33,267] INFO in _internal: 127.0.0.1 - - [14/Feb/2024 15:17:33] "GET /static/img/img-4.png HTTP/1.1" 200 -
[2024-02-14 15:17:33,278] INFO in _internal: 127.0.0.1 - - [14/Feb/2024 15:17:33] "GET /static/img/img-2.png HTTP/1.1" 200 -
[2024-02-14 15:17:33,290] INFO in _internal: 127.0.0.1 - - [14/Feb/2024 15:17:33] "GET /static/img/img-3.png HTTP/1.1" 200 -
[2024-02-14 15:17:33,322] INFO in _internal: 127.0.0.1 - - [14/Feb/2024 15:17:33] "GET /static/img/img-45.png HTTP/1.1" 200 -
[2024-02-14 15:17:33,346] INFO in _internal: 127.0.0.1 - - [14/Feb/2024 15:17:33] "GET /static/img/img-48.png HTTP/1.1" 200 -
[2024-02-14 15:17:33,527] INFO in _internal: 127.0.0.1 - - [14/Feb/2024 15:17:33] "[36mGET /static/img/img-47.png HTTP/1.1[0m" 304 -
[2024-02-14 15:17:33,658] INFO in _internal: 127.0.0.1 - - [14/Feb/2024 15:17:33] "GET /static/img/img-1.png HTTP/1.1" 200 -
[2024-02-14 15:17:33,689] INFO in _internal: 127.0.0.1 - - [14/Feb/2024 15:17:33] "[36mGET /static/img/img-46.png HTTP/1.1[0m" 304 -
[2024-02-14 15:17:44,735] INFO in _internal: 127.0.0.1 - - [14/Feb/2024 15:17:44] "[36mGET /static/img/img-88.png HTTP/1.1[0m" 304 -
[2024-02-14 15:17:44,755] INFO in _internal: 127.0.0.1 - - [14/Feb/2024 15:17:44] "[36mGET /static/img/img-89.png HTTP/1.1[0m" 304 -
[2024-02-14 15:17:44,844] INFO in _internal: 127.0.0.1 - - [14/Feb/2024 15:17:44] "[36mGET /static/img/img-90.png HTTP/1.1[0m" 304 -
[2024-02-14 15:17:44,906] INFO in _internal: 127.0.0.1 - - [14/Feb/2024 15:17:44] "[36mGET /static/img/img-132.png HTTP/1.1[0m" 304 -
[2024-02-14 15:17:44,922] INFO in _internal: 127.0.0.1 - - [14/Feb/2024 15:17:44] "[36mGET /static/img/img-133.png HTTP/1.1[0m" 304 -
[2024-02-14 15:17:44,924] INFO in _internal: 127.0.0.1 - - [14/Feb/2024 15:17:44] "[36mGET /static/img/img-131.png HTTP/1.1[0m" 304 -
[2024-02-14 15:17:46,261] INFO in _internal: 127.0.0.1 - - [14/Feb/2024 15:17:46] "[36mGET /static/img/img-159.png HTTP/1.1[0m" 304 -
[2024-02-14 15:17:46,300] INFO in _internal: 127.0.0.1 - - [14/Feb/2024 15:17:46] "[36mGET /static/img/img-160.png HTTP/1.1[0m" 304 -
[2024-02-14 15:17:46,302] INFO in _internal: 127.0.0.1 - - [14/Feb/2024 15:17:46] "[36mGET /static/img/img-158.png HTTP/1.1[0m" 304 -
[2024-02-14 15:17:46,459] INFO in _internal: 127.0.0.1 - - [14/Feb/2024 15:17:46] "[36mGET /static/img/img-173.png HTTP/1.1[0m" 304 -
[2024-02-14 15:17:46,491] INFO in _internal: 127.0.0.1 - - [14/Feb/2024 15:17:46] "[36mGET /static/img/img-171.png HTTP/1.1[0m" 304 -
[2024-02-14 15:17:46,598] INFO in _internal: 127.0.0.1 - - [14/Feb/2024 15:17:46] "[36mGET /static/img/img-172.png HTTP/1.1[0m" 304 -
[2024-02-14 15:17:47,470] INFO in _internal: 127.0.0.1 - - [14/Feb/2024 15:17:47] "GET /static/img/img-178.png HTTP/1.1" 200 -
[2024-02-14 15:17:47,472] INFO in _internal: 127.0.0.1 - - [14/Feb/2024 15:17:47] "GET /static/img/img-180.png HTTP/1.1" 200 -
[2024-02-14 15:17:47,501] INFO in _internal: 127.0.0.1 - - [14/Feb/2024 15:17:47] "GET /static/img/img-179.png HTTP/1.1" 200 -
[2024-02-14 15:17:47,710] INFO in _internal: 127.0.0.1 - - [14/Feb/2024 15:17:47] "GET /static/img/img-184.png HTTP/1.1" 200 -
[2024-02-14 15:17:47,730] INFO in _internal: 127.0.0.1 - - [14/Feb/2024 15:17:47] "GET /static/img/img-185.png HTTP/1.1" 200 -
[2024-02-14 15:17:47,751] INFO in _internal: 127.0.0.1 - - [14/Feb/2024 15:17:47] "GET /static/img/img-183.png HTTP/1.1" 200 -
[2024-02-14 15:17:48,273] INFO in _internal: 127.0.0.1 - - [14/Feb/2024 15:17:48] "GET /static/img/img-188.png HTTP/1.1" 200 -
[2024-02-14 15:17:48,311] INFO in _internal: 127.0.0.1 - - [14/Feb/2024 15:17:48] "GET /static/img/img-187.png HTTP/1.1" 200 -
[2024-02-14 15:17:48,382] INFO in _internal: 127.0.0.1 - - [14/Feb/2024 15:17:48] "GET /static/img/img-186.png HTTP/1.1" 200 -
[2024-02-14 15:17:51,647] INFO in _internal: 127.0.0.1 - - [14/Feb/2024 15:17:51] "GET /info HTTP/1.1" 200 -
[2024-02-14 15:17:51,678] INFO in _internal: 127.0.0.1 - - [14/Feb/2024 15:17:51] "[36mGET /static/css/info.css HTTP/1.1[0m" 304 -
[2024-02-14 15:17:51,682] INFO in _internal: 127.0.0.1 - - [14/Feb/2024 15:17:51] "[36mGET /static/img/logo.png HTTP/1.1[0m" 304 -
[2024-02-14 15:17:51,684] INFO in _internal: 127.0.0.1 - - [14/Feb/2024 15:17:51] "[36mGET /static/js/info.js HTTP/1.1[0m" 304 -
[2024-02-14 15:17:51,784] INFO in _internal: 127.0.0.1 - - [14/Feb/2024 15:17:51] "[36mGET /static/img/img-1.png HTTP/1.1[0m" 304 -
[2024-02-14 15:17:51,784] INFO in _internal: 127.0.0.1 - - [14/Feb/2024 15:17:51] "[36mGET /static/img/img-2.png HTTP/1.1[0m" 304 -
[2024-02-14 15:17:51,786] INFO in _internal: 127.0.0.1 - - [14/Feb/2024 15:17:51] "[36mGET /static/img/img-3.png HTTP/1.1[0m" 304 -
[2024-02-14 15:17:51,791] INFO in _internal: 127.0.0.1 - - [14/Feb/2024 15:17:51] "[36mGET /static/img/img-45.png HTTP/1.1[0m" 304 -
[2024-02-14 15:17:51,794] INFO in _internal: 127.0.0.1 - - [14/Feb/2024 15:17:51] "[36mGET /static/img/img-46.png HTTP/1.1[0m" 304 -
[2024-02-14 15:17:51,795] INFO in _internal: 127.0.0.1 - - [14/Feb/2024 15:17:51] "[36mGET /static/img/img-47.png HTTP/1.1[0m" 304 -
[2024-02-14 15:18:06,671] INFO in _internal: 127.0.0.1 - - [14/Feb/2024 15:18:06] "[36mGET /static/img/img-89.png HTTP/1.1[0m" 304 -
[2024-02-14 15:18:06,672] INFO in _internal: 127.0.0.1 - - [14/Feb/2024 15:18:06] "[36mGET /static/img/img-88.png HTTP/1.1[0m" 304 -
[2024-02-14 15:18:06,672] INFO in _internal: 127.0.0.1 - - [14/Feb/2024 15:18:06] "[36mGET /static/img/img-90.png HTTP/1.1[0m" 304 -
[2024-02-14 15:18:06,867] INFO in _internal: 127.0.0.1 - - [14/Feb/2024 15:18:06] "[36mGET /static/img/img-131.png HTTP/1.1[0m" 304 -
[2024-02-14 15:18:06,871] INFO in _internal: 127.0.0.1 - - [14/Feb/2024 15:18:06] "[36mGET /static/img/img-132.png HTTP/1.1[0m" 304 -
[2024-02-14 15:18:06,872] INFO in _internal: 127.0.0.1 - - [14/Feb/2024 15:18:06] "[36mGET /static/img/img-133.png HTTP/1.1[0m" 304 -
[2024-02-14 15:18:08,272] INFO in _internal: 127.0.0.1 - - [14/Feb/2024 15:18:08] "[36mGET /static/img/img-158.png HTTP/1.1[0m" 304 -
[2024-02-14 15:18:08,272] INFO in _internal: 127.0.0.1 - - [14/Feb/2024 15:18:08] "[36mGET /static/img/img-159.png HTTP/1.1[0m" 304 -
[2024-02-14 15:18:08,273] INFO in _internal: 127.0.0.1 - - [14/Feb/2024 15:18:08] "[36mGET /static/img/img-160.png HTTP/1.1[0m" 304 -
[2024-02-14 15:18:08,466] INFO in _internal: 127.0.0.1 - - [14/Feb/2024 15:18:08] "[36mGET /static/img/img-171.png HTTP/1.1[0m" 304 -
[2024-02-14 15:18:08,467] INFO in _internal: 127.0.0.1 - - [14/Feb/2024 15:18:08] "[36mGET /static/img/img-172.png HTTP/1.1[0m" 304 -
[2024-02-14 15:18:08,467] INFO in _internal: 127.0.0.1 - - [14/Feb/2024 15:18:08] "[36mGET /static/img/img-173.png HTTP/1.1[0m" 304 -
[2024-02-14 15:18:08,952] INFO in _internal: 127.0.0.1 - - [14/Feb/2024 15:18:08] "[36mGET /static/img/img-178.png HTTP/1.1[0m" 304 -
[2024-02-14 15:18:08,953] INFO in _internal: 127.0.0.1 - - [14/Feb/2024 15:18:08] "[36mGET /static/img/img-179.png HTTP/1.1[0m" 304 -
[2024-02-14 15:18:08,954] INFO in _internal: 127.0.0.1 - - [14/Feb/2024 15:18:08] "[36mGET /static/img/img-180.png HTTP/1.1[0m" 304 -
[2024-02-14 15:18:09,280] INFO in _internal: 127.0.0.1 - - [14/Feb/2024 15:18:09] "[36mGET /static/img/img-183.png HTTP/1.1[0m" 304 -
[2024-02-14 15:18:09,282] INFO in _internal: 127.0.0.1 - - [14/Feb/2024 15:18:09] "[36mGET /static/img/img-184.png HTTP/1.1[0m" 304 -
[2024-02-14 15:18:09,285] INFO in _internal: 127.0.0.1 - - [14/Feb/2024 15:18:09] "[36mGET /static/img/img-185.png HTTP/1.1[0m" 304 -
[2024-02-14 15:18:09,450] INFO in _internal: 127.0.0.1 - - [14/Feb/2024 15:18:09] "[36mGET /static/img/img-186.png HTTP/1.1[0m" 304 -
[2024-02-14 15:18:09,457] INFO in _internal: 127.0.0.1 - - [14/Feb/2024 15:18:09] "[36mGET /static/img/img-188.png HTTP/1.1[0m" 304 -
[2024-02-14 15:18:09,457] INFO in _internal: 127.0.0.1 - - [14/Feb/2024 15:18:09] "[36mGET /static/img/img-187.png HTTP/1.1[0m" 304 -
[2024-02-14 15:18:42,972] INFO in _internal: 127.0.0.1 - - [14/Feb/2024 15:18:42] "GET /info HTTP/1.1" 200 -
[2024-02-14 15:18:43,001] INFO in _internal: 127.0.0.1 - - [14/Feb/2024 15:18:43] "[36mGET /static/css/info.css HTTP/1.1[0m" 304 -
[2024-02-14 15:18:43,002] INFO in _internal: 127.0.0.1 - - [14/Feb/2024 15:18:43] "[36mGET /static/img/logo.png HTTP/1.1[0m" 304 -
[2024-02-14 15:18:43,003] INFO in _internal: 127.0.0.1 - - [14/Feb/2024 15:18:43] "GET /static/js/info.js HTTP/1.1" 200 -
[2024-02-14 15:18:43,162] INFO in _internal: 127.0.0.1 - - [14/Feb/2024 15:18:43] "[36mGET /static/img/img-1.png HTTP/1.1[0m" 304 -
[2024-02-14 15:18:43,175] INFO in _internal: 127.0.0.1 - - [14/Feb/2024 15:18:43] "[36mGET /static/img/img-2.png HTTP/1.1[0m" 304 -
[2024-02-14 15:18:43,212] INFO in _internal: 127.0.0.1 - - [14/Feb/2024 15:18:43] "[36mGET /static/img/img-3.png HTTP/1.1[0m" 304 -
[2024-02-14 15:18:43,214] INFO in _internal: 127.0.0.1 - - [14/Feb/2024 15:18:43] "[36mGET /static/img/img-45.png HTTP/1.1[0m" 304 -
[2024-02-14 15:18:43,217] INFO in _internal: 127.0.0.1 - - [14/Feb/2024 15:18:43] "[36mGET /static/img/img-4.png HTTP/1.1[0m" 304 -
[2024-02-14 15:18:43,234] INFO in _internal: 127.0.0.1 - - [14/Feb/2024 15:18:43] "[36mGET /static/img/img-46.png HTTP/1.1[0m" 304 -
[2024-02-14 15:18:43,236] INFO in _internal: 127.0.0.1 - - [14/Feb/2024 15:18:43] "[36mGET /static/img/img-47.png HTTP/1.1[0m" 304 -
[2024-02-14 15:18:43,241] INFO in _internal: 127.0.0.1 - - [14/Feb/2024 15:18:43] "[36mGET /static/img/img-48.png HTTP/1.1[0m" 304 -
[2024-02-14 15:18:43,244] INFO in _internal: 127.0.0.1 - - [14/Feb/2024 15:18:43] "[36mGET /static/img/img-88.png HTTP/1.1[0m" 304 -
[2024-02-14 15:18:43,257] INFO in _internal: 127.0.0.1 - - [14/Feb/2024 15:18:43] "[36mGET /static/img/img-90.png HTTP/1.1[0m" 304 -
[2024-02-14 15:18:43,262] INFO in _internal: 127.0.0.1 - - [14/Feb/2024 15:18:43] "[36mGET /static/img/img-89.png HTTP/1.1[0m" 304 -
[2024-02-14 15:18:43,262] INFO in _internal: 127.0.0.1 - - [14/Feb/2024 15:18:43] "[36mGET /static/img/img-131.png HTTP/1.1[0m" 304 -
[2024-02-14 15:18:43,268] INFO in _internal: 127.0.0.1 - - [14/Feb/2024 15:18:43] "[36mGET /static/img/img-132.png HTTP/1.1[0m" 304 -
[2024-02-14 15:18:43,273] INFO in _internal: 127.0.0.1 - - [14/Feb/2024 15:18:43] "[36mGET /static/img/img-133.png HTTP/1.1[0m" 304 -
[2024-02-14 15:18:43,275] INFO in _internal: 127.0.0.1 - - [14/Feb/2024 15:18:43] "[36mGET /static/img/img-158.png HTTP/1.1[0m" 304 -
[2024-02-14 15:18:43,277] INFO in _internal: 127.0.0.1 - - [14/Feb/2024 15:18:43] "[36mGET /static/img/img-159.png HTTP/1.1[0m" 304 -
[2024-02-14 15:18:43,292] INFO in _internal: 127.0.0.1 - - [14/Feb/2024 15:18:43] "[36mGET /static/img/img-160.png HTTP/1.1[0m" 304 -
[2024-02-14 15:18:43,293] INFO in _internal: 127.0.0.1 - - [14/Feb/2024 15:18:43] "[36mGET /static/img/img-171.png HTTP/1.1[0m" 304 -
[2024-02-14 15:18:43,295] INFO in _internal: 127.0.0.1 - - [14/Feb/2024 15:18:43] "[36mGET /static/img/img-172.png HTTP/1.1[0m" 304 -
[2024-02-14 15:18:43,303] INFO in _internal: 127.0.0.1 - - [14/Feb/2024 15:18:43] "[36mGET /static/img/img-173.png HTTP/1.1[0m" 304 -
[2024-02-14 15:18:43,317] INFO in _internal: 127.0.0.1 - - [14/Feb/2024 15:18:43] "[36mGET /static/img/img-49.png HTTP/1.1[0m" 304 -
[2024-02-14 15:18:43,320] INFO in _internal: 127.0.0.1 - - [14/Feb/2024 15:18:43] "[36mGET /static/img/img-92.png HTTP/1.1[0m" 304 -
[2024-02-14 15:18:43,326] INFO in _internal: 127.0.0.1 - - [14/Feb/2024 15:18:43] "GET /static/img/img-5.png HTTP/1.1" 200 -
[2024-02-14 15:18:43,352] INFO in _internal: 127.0.0.1 - - [14/Feb/2024 15:18:43] "[36mGET /static/img/img-162.png HTTP/1.1[0m" 304 -
[2024-02-14 15:18:43,357] INFO in _internal: 127.0.0.1 - - [14/Feb/2024 15:18:43] "[36mGET /static/img/img-134.png HTTP/1.1[0m" 304 -
[2024-02-14 15:18:43,364] INFO in _internal: 127.0.0.1 - - [14/Feb/2024 15:18:43] "[36mGET /static/img/img-161.png HTTP/1.1[0m" 304 -
[2024-02-14 15:18:43,386] INFO in _internal: 127.0.0.1 - - [14/Feb/2024 15:18:43] "[36mGET /static/img/img-174.png HTTP/1.1[0m" 304 -
[2024-02-14 15:18:43,528] INFO in _internal: 127.0.0.1 - - [14/Feb/2024 15:18:43] "[36mGET /static/img/img-175.png HTTP/1.1[0m" 304 -
[2024-02-14 15:18:43,879] INFO in _internal: 127.0.0.1 - - [14/Feb/2024 15:18:43] "[36mGET /static/img/img-91.png HTTP/1.1[0m" 304 -
[2024-02-14 15:18:43,948] INFO in _internal: 127.0.0.1 - - [14/Feb/2024 15:18:43] "[36mGET /static/img/img-135.png HTTP/1.1[0m" 304 -
[2024-02-14 15:18:46,585] INFO in _internal: 127.0.0.1 - - [14/Feb/2024 15:18:46] "GET /static/img/img-6.png HTTP/1.1" 200 -
[2024-02-14 15:18:46,602] INFO in _internal: 127.0.0.1 - - [14/Feb/2024 15:18:46] "GET /static/img/img-7.png HTTP/1.1" 200 -
[2024-02-14 15:18:46,704] INFO in _internal: 127.0.0.1 - - [14/Feb/2024 15:18:46] "GET /static/img/img-8.png HTTP/1.1" 200 -
[2024-02-14 15:18:47,583] INFO in _internal: 127.0.0.1 - - [14/Feb/2024 15:18:47] "GET /static/img/img-9.png HTTP/1.1" 200 -
[2024-02-14 15:18:47,824] INFO in _internal: 127.0.0.1 - - [14/Feb/2024 15:18:47] "GET /static/img/img-10.png HTTP/1.1" 200 -
[2024-02-14 15:18:47,940] INFO in _internal: 127.0.0.1 - - [14/Feb/2024 15:18:47] "GET /static/img/img-11.png HTTP/1.1" 200 -
[2024-02-14 15:18:49,123] INFO in _internal: 127.0.0.1 - - [14/Feb/2024 15:18:49] "GET /static/img/img-12.png HTTP/1.1" 200 -
[2024-02-14 15:18:49,361] INFO in _internal: 127.0.0.1 - - [14/Feb/2024 15:18:49] "GET /static/img/img-14.png HTTP/1.1" 200 -
[2024-02-14 15:18:49,391] INFO in _internal: 127.0.0.1 - - [14/Feb/2024 15:18:49] "GET /static/img/img-13.png HTTP/1.1" 200 -
[2024-02-14 15:22:48,165] INFO in _internal: 127.0.0.1 - - [14/Feb/2024 15:22:48] "GET /info HTTP/1.1" 200 -
[2024-02-14 15:22:48,186] INFO in _internal: 127.0.0.1 - - [14/Feb/2024 15:22:48] "[36mGET /static/css/info.css HTTP/1.1[0m" 304 -
[2024-02-14 15:22:48,189] INFO in _internal: 127.0.0.1 - - [14/Feb/2024 15:22:48] "[36mGET /static/img/logo.png HTTP/1.1[0m" 304 -
[2024-02-14 15:22:48,190] INFO in _internal: 127.0.0.1 - - [14/Feb/2024 15:22:48] "GET /static/js/info.js HTTP/1.1" 200 -
[2024-02-14 15:22:58,160] INFO in _internal: 127.0.0.1 - - [14/Feb/2024 15:22:58] "GET /info HTTP/1.1" 200 -
[2024-02-14 15:22:58,181] INFO in _internal: 127.0.0.1 - - [14/Feb/2024 15:22:58] "[36mGET /static/css/info.css HTTP/1.1[0m" 304 -
[2024-02-14 15:22:58,182] INFO in _internal: 127.0.0.1 - - [14/Feb/2024 15:22:58] "[36mGET /static/img/logo.png HTTP/1.1[0m" 304 -
[2024-02-14 15:22:58,183] INFO in _internal: 127.0.0.1 - - [14/Feb/2024 15:22:58] "GET /static/js/info.js HTTP/1.1" 200 -
[2024-02-14 15:23:21,585] INFO in _internal: 127.0.0.1 - - [14/Feb/2024 15:23:21] "GET /info HTTP/1.1" 200 -
[2024-02-14 15:23:21,613] INFO in _internal: 127.0.0.1 - - [14/Feb/2024 15:23:21] "[36mGET /static/css/info.css HTTP/1.1[0m" 304 -
[2024-02-14 15:23:21,615] INFO in _internal: 127.0.0.1 - - [14/Feb/2024 15:23:21] "[36mGET /static/img/logo.png HTTP/1.1[0m" 304 -
[2024-02-14 15:23:21,619] INFO in _internal: 127.0.0.1 - - [14/Feb/2024 15:23:21] "GET /static/js/info.js HTTP/1.1" 200 -
[2024-02-14 15:23:21,709] INFO in _internal: 127.0.0.1 - - [14/Feb/2024 15:23:21] "[36mGET /static/img/img-1.png HTTP/1.1[0m" 304 -
[2024-02-14 15:23:21,715] INFO in _internal: 127.0.0.1 - - [14/Feb/2024 15:23:21] "[36mGET /static/img/img-2.png HTTP/1.1[0m" 304 -
[2024-02-14 15:23:21,721] INFO in _internal: 127.0.0.1 - - [14/Feb/2024 15:23:21] "[36mGET /static/img/img-3.png HTTP/1.1[0m" 304 -
[2024-02-14 15:23:21,734] INFO in _internal: 127.0.0.1 - - [14/Feb/2024 15:23:21] "[36mGET /static/img/img-4.png HTTP/1.1[0m" 304 -
[2024-02-14 15:23:21,743] INFO in _internal: 127.0.0.1 - - [14/Feb/2024 15:23:21] "[36mGET /static/img/img-45.png HTTP/1.1[0m" 304 -
[2024-02-14 15:23:21,752] INFO in _internal: 127.0.0.1 - - [14/Feb/2024 15:23:21] "[36mGET /static/img/img-46.png HTTP/1.1[0m" 304 -
[2024-02-14 15:23:21,759] INFO in _internal: 127.0.0.1 - - [14/Feb/2024 15:23:21] "[36mGET /static/img/img-47.png HTTP/1.1[0m" 304 -
[2024-02-14 15:23:21,779] INFO in _internal: 127.0.0.1 - - [14/Feb/2024 15:23:21] "[36mGET /static/img/img-48.png HTTP/1.1[0m" 304 -
[2024-02-14 15:23:21,800] INFO in _internal: 127.0.0.1 - - [14/Feb/2024 15:23:21] "[36mGET /static/img/img-88.png HTTP/1.1[0m" 304 -
[2024-02-14 15:23:21,822] INFO in _internal: 127.0.0.1 - - [14/Feb/2024 15:23:21] "[36mGET /static/img/img-89.png HTTP/1.1[0m" 304 -
[2024-02-14 15:23:21,826] INFO in _internal: 127.0.0.1 - - [14/Feb/2024 15:23:21] "[36mGET /static/img/img-90.png HTTP/1.1[0m" 304 -
[2024-02-14 15:23:21,847] INFO in _internal: 127.0.0.1 - - [14/Feb/2024 15:23:21] "[36mGET /static/img/img-132.png HTTP/1.1[0m" 304 -
[2024-02-14 15:23:21,848] INFO in _internal: 127.0.0.1 - - [14/Feb/2024 15:23:21] "[36mGET /static/img/img-131.png HTTP/1.1[0m" 304 -
[2024-02-14 15:23:21,849] INFO in _internal: 127.0.0.1 - - [14/Feb/2024 15:23:21] "[36mGET /static/img/img-133.png HTTP/1.1[0m" 304 -
[2024-02-14 15:23:21,850] INFO in _internal: 127.0.0.1 - - [14/Feb/2024 15:23:21] "[36mGET /static/img/img-158.png HTTP/1.1[0m" 304 -
[2024-02-14 15:23:21,852] INFO in _internal: 127.0.0.1 - - [14/Feb/2024 15:23:21] "[36mGET /static/img/img-159.png HTTP/1.1[0m" 304 -
[2024-02-14 15:23:21,858] INFO in _internal: 127.0.0.1 - - [14/Feb/2024 15:23:21] "[36mGET /static/img/img-160.png HTTP/1.1[0m" 304 -
[2024-02-14 15:23:21,860] INFO in _internal: 127.0.0.1 - - [14/Feb/2024 15:23:21] "[36mGET /static/img/img-171.png HTTP/1.1[0m" 304 -
[2024-02-14 15:23:21,862] INFO in _internal: 127.0.0.1 - - [14/Feb/2024 15:23:21] "[36mGET /static/img/img-172.png HTTP/1.1[0m" 304 -
[2024-02-14 15:23:21,871] INFO in _internal: 127.0.0.1 - - [14/Feb/2024 15:23:21] "[36mGET /static/img/img-173.png HTTP/1.1[0m" 304 -
[2024-02-14 15:23:21,873] INFO in _internal: 127.0.0.1 - - [14/Feb/2024 15:23:21] "[36mGET /static/img/img-5.png HTTP/1.1[0m" 304 -
[2024-02-14 15:23:21,877] INFO in _internal: 127.0.0.1 - - [14/Feb/2024 15:23:21] "[36mGET /static/img/img-49.png HTTP/1.1[0m" 304 -
[2024-02-14 15:23:21,883] INFO in _internal: 127.0.0.1 - - [14/Feb/2024 15:23:21] "[36mGET /static/img/img-91.png HTTP/1.1[0m" 304 -
[2024-02-14 15:23:21,891] INFO in _internal: 127.0.0.1 - - [14/Feb/2024 15:23:21] "[36mGET /static/img/img-92.png HTTP/1.1[0m" 304 -
[2024-02-14 15:23:21,893] INFO in _internal: 127.0.0.1 - - [14/Feb/2024 15:23:21] "[36mGET /static/img/img-134.png HTTP/1.1[0m" 304 -
[2024-02-14 15:23:21,896] INFO in _internal: 127.0.0.1 - - [14/Feb/2024 15:23:21] "[36mGET /static/img/img-135.png HTTP/1.1[0m" 304 -
[2024-02-14 15:23:21,910] INFO in _internal: 127.0.0.1 - - [14/Feb/2024 15:23:21] "[36mGET /static/img/img-161.png HTTP/1.1[0m" 304 -
[2024-02-14 15:23:21,911] INFO in _internal: 127.0.0.1 - - [14/Feb/2024 15:23:21] "[36mGET /static/img/img-162.png HTTP/1.1[0m" 304 -
[2024-02-14 15:23:21,918] INFO in _internal: 127.0.0.1 - - [14/Feb/2024 15:23:21] "[36mGET /static/img/img-174.png HTTP/1.1[0m" 304 -
[2024-02-14 15:23:21,922] INFO in _internal: 127.0.0.1 - - [14/Feb/2024 15:23:21] "[36mGET /static/img/img-175.png HTTP/1.1[0m" 304 -
[2024-02-14 15:25:04,291] INFO in _internal: 127.0.0.1 - - [14/Feb/2024 15:25:04] "GET /info HTTP/1.1" 200 -
[2024-02-14 15:25:04,327] INFO in _internal: 127.0.0.1 - - [14/Feb/2024 15:25:04] "[36mGET /static/css/info.css HTTP/1.1[0m" 304 -
[2024-02-14 15:25:04,328] INFO in _internal: 127.0.0.1 - - [14/Feb/2024 15:25:04] "[36mGET /static/img/logo.png HTTP/1.1[0m" 304 -
[2024-02-14 15:25:04,331] INFO in _internal: 127.0.0.1 - - [14/Feb/2024 15:25:04] "GET /static/js/info.js HTTP/1.1" 200 -
[2024-02-14 15:25:04,484] INFO in _internal: 127.0.0.1 - - [14/Feb/2024 15:25:04] "[36mGET /static/img/img-1.png HTTP/1.1[0m" 304 -
[2024-02-14 15:25:04,514] INFO in _internal: 127.0.0.1 - - [14/Feb/2024 15:25:04] "[36mGET /static/img/img-3.png HTTP/1.1[0m" 304 -
[2024-02-14 15:25:04,518] INFO in _internal: 127.0.0.1 - - [14/Feb/2024 15:25:04] "[36mGET /static/img/img-45.png HTTP/1.1[0m" 304 -
[2024-02-14 15:25:04,517] INFO in _internal: 127.0.0.1 - - [14/Feb/2024 15:25:04] "[36mGET /static/img/img-2.png HTTP/1.1[0m" 304 -
[2024-02-14 15:25:04,528] INFO in _internal: 127.0.0.1 - - [14/Feb/2024 15:25:04] "[36mGET /static/img/img-46.png HTTP/1.1[0m" 304 -
[2024-02-14 15:25:04,543] INFO in _internal: 127.0.0.1 - - [14/Feb/2024 15:25:04] "[36mGET /static/img/img-47.png HTTP/1.1[0m" 304 -
[2024-02-14 15:25:07,038] INFO in _internal: 127.0.0.1 - - [14/Feb/2024 15:25:07] "[36mGET /static/img/img-4.png HTTP/1.1[0m" 304 -
[2024-02-14 15:25:07,190] INFO in _internal: 127.0.0.1 - - [14/Feb/2024 15:25:07] "[36mGET /static/img/img-5.png HTTP/1.1[0m" 304 -
[2024-02-14 15:25:07,289] INFO in _internal: 127.0.0.1 - - [14/Feb/2024 15:25:07] "[36mGET /static/img/img-6.png HTTP/1.1[0m" 304 -
[2024-02-14 15:25:08,422] INFO in _internal: 127.0.0.1 - - [14/Feb/2024 15:25:08] "[36mGET /static/img/img-7.png HTTP/1.1[0m" 304 -
[2024-02-14 15:25:08,571] INFO in _internal: 127.0.0.1 - - [14/Feb/2024 15:25:08] "[36mGET /static/img/img-8.png HTTP/1.1[0m" 304 -
[2024-02-14 15:25:08,671] INFO in _internal: 127.0.0.1 - - [14/Feb/2024 15:25:08] "[36mGET /static/img/img-9.png HTTP/1.1[0m" 304 -
[2024-02-14 15:25:11,285] INFO in _internal: 127.0.0.1 - - [14/Feb/2024 15:25:11] "[36mGET /static/img/img-10.png HTTP/1.1[0m" 304 -
[2024-02-14 15:25:11,436] INFO in _internal: 127.0.0.1 - - [14/Feb/2024 15:25:11] "[36mGET /static/img/img-11.png HTTP/1.1[0m" 304 -
[2024-02-14 15:25:11,536] INFO in _internal: 127.0.0.1 - - [14/Feb/2024 15:25:11] "[36mGET /static/img/img-12.png HTTP/1.1[0m" 304 -
[2024-02-14 15:25:12,391] INFO in _internal: 127.0.0.1 - - [14/Feb/2024 15:25:12] "[36mGET /static/img/img-89.png HTTP/1.1[0m" 304 -
[2024-02-14 15:25:12,392] INFO in _internal: 127.0.0.1 - - [14/Feb/2024 15:25:12] "[36mGET /static/img/img-88.png HTTP/1.1[0m" 304 -
[2024-02-14 15:25:12,392] INFO in _internal: 127.0.0.1 - - [14/Feb/2024 15:25:12] "[36mGET /static/img/img-90.png HTTP/1.1[0m" 304 -
[2024-02-14 15:25:13,238] INFO in _internal: 127.0.0.1 - - [14/Feb/2024 15:25:13] "[36mGET /static/img/img-131.png HTTP/1.1[0m" 304 -
[2024-02-14 15:25:13,240] INFO in _internal: 127.0.0.1 - - [14/Feb/2024 15:25:13] "[36mGET /static/img/img-132.png HTTP/1.1[0m" 304 -
[2024-02-14 15:25:13,240] INFO in _internal: 127.0.0.1 - - [14/Feb/2024 15:25:13] "[36mGET /static/img/img-133.png HTTP/1.1[0m" 304 -
[2024-02-14 15:25:13,841] INFO in _internal: 127.0.0.1 - - [14/Feb/2024 15:25:13] "[36mGET /static/img/img-159.png HTTP/1.1[0m" 304 -
[2024-02-14 15:25:13,841] INFO in _internal: 127.0.0.1 - - [14/Feb/2024 15:25:13] "[36mGET /static/img/img-158.png HTTP/1.1[0m" 304 -
[2024-02-14 15:25:13,843] INFO in _internal: 127.0.0.1 - - [14/Feb/2024 15:25:13] "[36mGET /static/img/img-160.png HTTP/1.1[0m" 304 -
[2024-02-14 15:25:14,521] INFO in _internal: 127.0.0.1 - - [14/Feb/2024 15:25:14] "[36mGET /static/img/img-172.png HTTP/1.1[0m" 304 -
[2024-02-14 15:25:14,521] INFO in _internal: 127.0.0.1 - - [14/Feb/2024 15:25:14] "[36mGET /static/img/img-171.png HTTP/1.1[0m" 304 -
[2024-02-14 15:25:14,522] INFO in _internal: 127.0.0.1 - - [14/Feb/2024 15:25:14] "[36mGET /static/img/img-173.png HTTP/1.1[0m" 304 -
[2024-02-14 15:25:15,398] INFO in _internal: 127.0.0.1 - - [14/Feb/2024 15:25:15] "[36mGET /static/img/img-161.png HTTP/1.1[0m" 304 -
[2024-02-14 15:25:15,550] INFO in _internal: 127.0.0.1 - - [14/Feb/2024 15:25:15] "[36mGET /static/img/img-162.png HTTP/1.1[0m" 304 -
[2024-02-14 15:25:15,675] INFO in _internal: 127.0.0.1 - - [14/Feb/2024 15:25:15] "GET /static/img/img-163.png HTTP/1.1" 200 -
[2024-02-14 15:25:16,607] INFO in _internal: 127.0.0.1 - - [14/Feb/2024 15:25:16] "GET /static/img/img-164.png HTTP/1.1" 200 -
[2024-02-14 15:25:16,775] INFO in _internal: 127.0.0.1 - - [14/Feb/2024 15:25:16] "GET /static/img/img-165.png HTTP/1.1" 200 -
[2024-02-14 15:25:16,933] INFO in _internal: 127.0.0.1 - - [14/Feb/2024 15:25:16] "GET /static/img/img-166.png HTTP/1.1" 200 -
[2024-02-14 15:27:14,844] INFO in _internal: 127.0.0.1 - - [14/Feb/2024 15:27:14] "GET /info HTTP/1.1" 200 -
[2024-02-14 15:27:14,878] INFO in _internal: 127.0.0.1 - - [14/Feb/2024 15:27:14] "[36mGET /static/css/info.css HTTP/1.1[0m" 304 -
[2024-02-14 15:27:14,880] INFO in _internal: 127.0.0.1 - - [14/Feb/2024 15:27:14] "[36mGET /static/img/logo.png HTTP/1.1[0m" 304 -
[2024-02-14 15:27:14,880] INFO in _internal: 127.0.0.1 - - [14/Feb/2024 15:27:14] "GET /static/js/info.js HTTP/1.1" 200 -
[2024-02-14 15:27:14,996] INFO in _internal: 127.0.0.1 - - [14/Feb/2024 15:27:14] "[36mGET /static/img/img-131.png HTTP/1.1[0m" 304 -
[2024-02-14 15:27:15,013] INFO in _internal: 127.0.0.1 - - [14/Feb/2024 15:27:15] "[36mGET /static/img/img-133.png HTTP/1.1[0m" 304 -
[2024-02-14 15:27:15,038] INFO in _internal: 127.0.0.1 - - [14/Feb/2024 15:27:15] "[36mGET /static/img/img-132.png HTTP/1.1[0m" 304 -
[2024-02-14 15:27:15,054] INFO in _internal: 127.0.0.1 - - [14/Feb/2024 15:27:15] "[36mGET /static/img/img-160.png HTTP/1.1[0m" 304 -
[2024-02-14 15:27:15,064] INFO in _internal: 127.0.0.1 - - [14/Feb/2024 15:27:15] "[36mGET /static/img/img-159.png HTTP/1.1[0m" 304 -
[2024-02-14 15:27:15,103] INFO in _internal: 127.0.0.1 - - [14/Feb/2024 15:27:15] "[36mGET /static/img/img-158.png HTTP/1.1[0m" 304 -
[2024-02-14 15:27:15,117] INFO in _internal: 127.0.0.1 - - [14/Feb/2024 15:27:15] "[36mGET /static/img/img-171.png HTTP/1.1[0m" 304 -
[2024-02-14 15:27:15,125] INFO in _internal: 127.0.0.1 - - [14/Feb/2024 15:27:15] "[36mGET /static/img/img-172.png HTTP/1.1[0m" 304 -
[2024-02-14 15:27:15,126] INFO in _internal: 127.0.0.1 - - [14/Feb/2024 15:27:15] "[36mGET /static/img/img-173.png HTTP/1.1[0m" 304 -
[2024-02-14 15:27:18,608] INFO in _internal: 127.0.0.1 - - [14/Feb/2024 15:27:18] "[36mGET /static/img/img-179.png HTTP/1.1[0m" 304 -
[2024-02-14 15:27:18,609] INFO in _internal: 127.0.0.1 - - [14/Feb/2024 15:27:18] "[36mGET /static/img/img-178.png HTTP/1.1[0m" 304 -
[2024-02-14 15:27:18,613] INFO in _internal: 127.0.0.1 - - [14/Feb/2024 15:27:18] "[36mGET /static/img/img-180.png HTTP/1.1[0m" 304 -
[2024-02-14 15:27:18,985] INFO in _internal: 127.0.0.1 - - [14/Feb/2024 15:27:18] "[36mGET /static/img/img-183.png HTTP/1.1[0m" 304 -
[2024-02-14 15:27:18,986] INFO in _internal: 127.0.0.1 - - [14/Feb/2024 15:27:18] "[36mGET /static/img/img-184.png HTTP/1.1[0m" 304 -
[2024-02-14 15:27:18,988] INFO in _internal: 127.0.0.1 - - [14/Feb/2024 15:27:18] "[36mGET /static/img/img-185.png HTTP/1.1[0m" 304 -
[2024-02-14 15:27:19,105] INFO in _internal: 127.0.0.1 - - [14/Feb/2024 15:27:19] "[36mGET /static/img/img-186.png HTTP/1.1[0m" 304 -
[2024-02-14 15:27:19,109] INFO in _internal: 127.0.0.1 - - [14/Feb/2024 15:27:19] "[36mGET /static/img/img-187.png HTTP/1.1[0m" 304 -
[2024-02-14 15:27:19,115] INFO in _internal: 127.0.0.1 - - [14/Feb/2024 15:27:19] "[36mGET /static/img/img-188.png HTTP/1.1[0m" 304 -
[2024-02-14 15:27:20,632] INFO in _internal: 127.0.0.1 - - [14/Feb/2024 15:27:20] "[36mGET /static/img/img-88.png HTTP/1.1[0m" 304 -
[2024-02-14 15:27:20,634] INFO in _internal: 127.0.0.1 - - [14/Feb/2024 15:27:20] "[36mGET /static/img/img-89.png HTTP/1.1[0m" 304 -
[2024-02-14 15:27:20,635] INFO in _internal: 127.0.0.1 - - [14/Feb/2024 15:27:20] "[36mGET /static/img/img-90.png HTTP/1.1[0m" 304 -
[2024-02-14 15:27:20,716] INFO in _internal: 127.0.0.1 - - [14/Feb/2024 15:27:20] "[36mGET /static/img/img-46.png HTTP/1.1[0m" 304 -
[2024-02-14 15:27:20,717] INFO in _internal: 127.0.0.1 - - [14/Feb/2024 15:27:20] "[36mGET /static/img/img-45.png HTTP/1.1[0m" 304 -
[2024-02-14 15:27:20,717] INFO in _internal: 127.0.0.1 - - [14/Feb/2024 15:27:20] "[36mGET /static/img/img-47.png HTTP/1.1[0m" 304 -
[2024-02-14 15:27:20,836] INFO in _internal: 127.0.0.1 - - [14/Feb/2024 15:27:20] "[36mGET /static/img/img-1.png HTTP/1.1[0m" 304 -
[2024-02-14 15:27:20,837] INFO in _internal: 127.0.0.1 - - [14/Feb/2024 15:27:20] "[36mGET /static/img/img-2.png HTTP/1.1[0m" 304 -
[2024-02-14 15:27:20,837] INFO in _internal: 127.0.0.1 - - [14/Feb/2024 15:27:20] "[36mGET /static/img/img-3.png HTTP/1.1[0m" 304 -
[2024-02-14 15:27:22,362] INFO in _internal: 127.0.0.1 - - [14/Feb/2024 15:27:22] "[36mGET /static/img/img-4.png HTTP/1.1[0m" 304 -
[2024-02-14 15:27:22,512] INFO in _internal: 127.0.0.1 - - [14/Feb/2024 15:27:22] "[36mGET /static/img/img-5.png HTTP/1.1[0m" 304 -
[2024-02-14 15:27:22,612] INFO in _internal: 127.0.0.1 - - [14/Feb/2024 15:27:22] "[36mGET /static/img/img-6.png HTTP/1.1[0m" 304 -
[2024-02-14 15:27:30,821] INFO in _internal: 127.0.0.1 - - [14/Feb/2024 15:27:30] "[36mGET /static/img/img-7.png HTTP/1.1[0m" 304 -
[2024-02-14 15:27:30,971] INFO in _internal: 127.0.0.1 - - [14/Feb/2024 15:27:30] "[36mGET /static/img/img-8.png HTTP/1.1[0m" 304 -
[2024-02-14 15:27:31,071] INFO in _internal: 127.0.0.1 - - [14/Feb/2024 15:27:31] "[36mGET /static/img/img-9.png HTTP/1.1[0m" 304 -
[2024-02-14 15:27:32,553] INFO in _internal: 127.0.0.1 - - [14/Feb/2024 15:27:32] "[36mGET /static/img/img-10.png HTTP/1.1[0m" 304 -
[2024-02-14 15:27:32,703] INFO in _internal: 127.0.0.1 - - [14/Feb/2024 15:27:32] "[36mGET /static/img/img-11.png HTTP/1.1[0m" 304 -
[2024-02-14 15:27:32,803] INFO in _internal: 127.0.0.1 - - [14/Feb/2024 15:27:32] "[36mGET /static/img/img-12.png HTTP/1.1[0m" 304 -
[2024-02-14 15:28:32,023] INFO in _internal: 127.0.0.1 - - [14/Feb/2024 15:28:32] "GET /info HTTP/1.1" 200 -
[2024-02-14 15:28:32,054] INFO in _internal: 127.0.0.1 - - [14/Feb/2024 15:28:32] "[36mGET /static/css/info.css HTTP/1.1[0m" 304 -
[2024-02-14 15:28:32,057] INFO in _internal: 127.0.0.1 - - [14/Feb/2024 15:28:32] "[36mGET /static/img/logo.png HTTP/1.1[0m" 304 -
[2024-02-14 15:28:32,072] INFO in _internal: 127.0.0.1 - - [14/Feb/2024 15:28:32] "GET /static/js/info.js HTTP/1.1" 200 -
[2024-02-14 15:28:32,215] INFO in _internal: 127.0.0.1 - - [14/Feb/2024 15:28:32] "[36mGET /static/img/img-1.png HTTP/1.1[0m" 304 -
[2024-02-14 15:28:32,221] INFO in _internal: 127.0.0.1 - - [14/Feb/2024 15:28:32] "[36mGET /static/img/img-2.png HTTP/1.1[0m" 304 -
[2024-02-14 15:28:32,229] INFO in _internal: 127.0.0.1 - - [14/Feb/2024 15:28:32] "[36mGET /static/img/img-3.png HTTP/1.1[0m" 304 -
[2024-02-14 15:28:32,234] INFO in _internal: 127.0.0.1 - - [14/Feb/2024 15:28:32] "[36mGET /static/img/img-45.png HTTP/1.1[0m" 304 -
[2024-02-14 15:28:32,245] INFO in _internal: 127.0.0.1 - - [14/Feb/2024 15:28:32] "[36mGET /static/img/img-46.png HTTP/1.1[0m" 304 -
[2024-02-14 15:28:32,247] INFO in _internal: 127.0.0.1 - - [14/Feb/2024 15:28:32] "[36mGET /static/img/img-47.png HTTP/1.1[0m" 304 -
[2024-02-14 15:28:34,851] INFO in _internal: 127.0.0.1 - - [14/Feb/2024 15:28:34] "[36mGET /static/img/img-4.png HTTP/1.1[0m" 304 -
[2024-02-14 15:28:35,002] INFO in _internal: 127.0.0.1 - - [14/Feb/2024 15:28:35] "[36mGET /static/img/img-5.png HTTP/1.1[0m" 304 -
[2024-02-14 15:28:35,101] INFO in _internal: 127.0.0.1 - - [14/Feb/2024 15:28:35] "[36mGET /static/img/img-6.png HTTP/1.1[0m" 304 -
[2024-02-14 15:28:40,950] INFO in _internal: 127.0.0.1 - - [14/Feb/2024 15:28:40] "[36mGET /static/img/img-7.png HTTP/1.1[0m" 304 -
[2024-02-14 15:28:41,097] INFO in _internal: 127.0.0.1 - - [14/Feb/2024 15:28:41] "[36mGET /static/img/img-8.png HTTP/1.1[0m" 304 -
[2024-02-14 15:28:41,197] INFO in _internal: 127.0.0.1 - - [14/Feb/2024 15:28:41] "[36mGET /static/img/img-9.png HTTP/1.1[0m" 304 -
[2024-02-14 15:28:42,110] INFO in _internal: 127.0.0.1 - - [14/Feb/2024 15:28:42] "[36mGET /static/img/img-88.png HTTP/1.1[0m" 304 -
[2024-02-14 15:28:42,113] INFO in _internal: 127.0.0.1 - - [14/Feb/2024 15:28:42] "[36mGET /static/img/img-89.png HTTP/1.1[0m" 304 -
[2024-02-14 15:28:42,120] INFO in _internal: 127.0.0.1 - - [14/Feb/2024 15:28:42] "[36mGET /static/img/img-90.png HTTP/1.1[0m" 304 -
[2024-02-14 15:28:42,343] INFO in _internal: 127.0.0.1 - - [14/Feb/2024 15:28:42] "[36mGET /static/img/img-131.png HTTP/1.1[0m" 304 -
[2024-02-14 15:28:42,343] INFO in _internal: 127.0.0.1 - - [14/Feb/2024 15:28:42] "[36mGET /static/img/img-132.png HTTP/1.1[0m" 304 -
[2024-02-14 15:28:42,344] INFO in _internal: 127.0.0.1 - - [14/Feb/2024 15:28:42] "[36mGET /static/img/img-133.png HTTP/1.1[0m" 304 -
[2024-02-14 15:28:44,602] INFO in _internal: 127.0.0.1 - - [14/Feb/2024 15:28:44] "[36mGET /static/img/img-158.png HTTP/1.1[0m" 304 -
[2024-02-14 15:28:44,602] INFO in _internal: 127.0.0.1 - - [14/Feb/2024 15:28:44] "[36mGET /static/img/img-159.png HTTP/1.1[0m" 304 -
[2024-02-14 15:28:44,603] INFO in _internal: 127.0.0.1 - - [14/Feb/2024 15:28:44] "[36mGET /static/img/img-160.png HTTP/1.1[0m" 304 -
[2024-02-14 15:28:45,347] INFO in _internal: 127.0.0.1 - - [14/Feb/2024 15:28:45] "[36mGET /static/img/img-171.png HTTP/1.1[0m" 304 -
[2024-02-14 15:28:45,348] INFO in _internal: 127.0.0.1 - - [14/Feb/2024 15:28:45] "[36mGET /static/img/img-172.png HTTP/1.1[0m" 304 -
[2024-02-14 15:28:45,349] INFO in _internal: 127.0.0.1 - - [14/Feb/2024 15:28:45] "[36mGET /static/img/img-173.png HTTP/1.1[0m" 304 -
[2024-02-14 15:28:46,613] INFO in _internal: 127.0.0.1 - - [14/Feb/2024 15:28:46] "[36mGET /static/img/img-178.png HTTP/1.1[0m" 304 -
[2024-02-14 15:28:46,613] INFO in _internal: 127.0.0.1 - - [14/Feb/2024 15:28:46] "[36mGET /static/img/img-179.png HTTP/1.1[0m" 304 -
[2024-02-14 15:28:46,614] INFO in _internal: 127.0.0.1 - - [14/Feb/2024 15:28:46] "[36mGET /static/img/img-180.png HTTP/1.1[0m" 304 -
[2024-02-14 15:31:57,788] INFO in _internal: 127.0.0.1 - - [14/Feb/2024 15:31:57] "GET /info HTTP/1.1" 200 -
[2024-02-14 15:31:57,819] INFO in _internal: 127.0.0.1 - - [14/Feb/2024 15:31:57] "[36mGET /static/css/info.css HTTP/1.1[0m" 304 -
[2024-02-14 15:31:57,823] INFO in _internal: 127.0.0.1 - - [14/Feb/2024 15:31:57] "[36mGET /static/img/logo.png HTTP/1.1[0m" 304 -
[2024-02-14 15:31:57,827] INFO in _internal: 127.0.0.1 - - [14/Feb/2024 15:31:57] "GET /static/js/info.js HTTP/1.1" 200 -
[2024-02-14 15:31:57,974] INFO in _internal: 127.0.0.1 - - [14/Feb/2024 15:31:57] "[36mGET /static/img/img-172.png HTTP/1.1[0m" 304 -
[2024-02-14 15:31:57,974] INFO in _internal: 127.0.0.1 - - [14/Feb/2024 15:31:57] "[36mGET /static/img/img-173.png HTTP/1.1[0m" 304 -
[2024-02-14 15:31:57,983] INFO in _internal: 127.0.0.1 - - [14/Feb/2024 15:31:57] "[36mGET /static/img/img-171.png HTTP/1.1[0m" 304 -
[2024-02-14 15:31:57,985] INFO in _internal: 127.0.0.1 - - [14/Feb/2024 15:31:57] "[36mGET /static/img/img-160.png HTTP/1.1[0m" 304 -
[2024-02-14 15:31:57,997] INFO in _internal: 127.0.0.1 - - [14/Feb/2024 15:31:57] "[36mGET /static/img/img-159.png HTTP/1.1[0m" 304 -
[2024-02-14 15:31:58,032] INFO in _internal: 127.0.0.1 - - [14/Feb/2024 15:31:58] "[36mGET /static/img/img-158.png HTTP/1.1[0m" 304 -
[2024-02-14 15:31:58,034] INFO in _internal: 127.0.0.1 - - [14/Feb/2024 15:31:58] "[36mGET /static/img/img-178.png HTTP/1.1[0m" 304 -
[2024-02-14 15:31:58,059] INFO in _internal: 127.0.0.1 - - [14/Feb/2024 15:31:58] "[36mGET /static/img/img-180.png HTTP/1.1[0m" 304 -
[2024-02-14 15:31:58,060] INFO in _internal: 127.0.0.1 - - [14/Feb/2024 15:31:58] "[36mGET /static/img/img-179.png HTTP/1.1[0m" 304 -
[2024-02-14 15:31:59,171] INFO in _internal: 127.0.0.1 - - [14/Feb/2024 15:31:59] "[36mGET /static/img/img-132.png HTTP/1.1[0m" 304 -
[2024-02-14 15:31:59,172] INFO in _internal: 127.0.0.1 - - [14/Feb/2024 15:31:59] "[36mGET /static/img/img-131.png HTTP/1.1[0m" 304 -
[2024-02-14 15:31:59,172] INFO in _internal: 127.0.0.1 - - [14/Feb/2024 15:31:59] "[36mGET /static/img/img-133.png HTTP/1.1[0m" 304 -
[2024-02-14 15:31:59,383] INFO in _internal: 127.0.0.1 - - [14/Feb/2024 15:31:59] "[36mGET /static/img/img-45.png HTTP/1.1[0m" 304 -
[2024-02-14 15:31:59,383] INFO in _internal: 127.0.0.1 - - [14/Feb/2024 15:31:59] "[36mGET /static/img/img-46.png HTTP/1.1[0m" 304 -
[2024-02-14 15:31:59,384] INFO in _internal: 127.0.0.1 - - [14/Feb/2024 15:31:59] "[36mGET /static/img/img-88.png HTTP/1.1[0m" 304 -
[2024-02-14 15:31:59,384] INFO in _internal: 127.0.0.1 - - [14/Feb/2024 15:31:59] "[36mGET /static/img/img-47.png HTTP/1.1[0m" 304 -
[2024-02-14 15:31:59,386] INFO in _internal: 127.0.0.1 - - [14/Feb/2024 15:31:59] "[36mGET /static/img/img-89.png HTTP/1.1[0m" 304 -
[2024-02-14 15:31:59,388] INFO in _internal: 127.0.0.1 - - [14/Feb/2024 15:31:59] "[36mGET /static/img/img-90.png HTTP/1.1[0m" 304 -
[2024-02-14 15:31:59,524] INFO in _internal: 127.0.0.1 - - [14/Feb/2024 15:31:59] "[36mGET /static/img/img-2.png HTTP/1.1[0m" 304 -
[2024-02-14 15:31:59,524] INFO in _internal: 127.0.0.1 - - [14/Feb/2024 15:31:59] "[36mGET /static/img/img-1.png HTTP/1.1[0m" 304 -
[2024-02-14 15:31:59,528] INFO in _internal: 127.0.0.1 - - [14/Feb/2024 15:31:59] "[36mGET /static/img/img-3.png HTTP/1.1[0m" 304 -
[2024-02-14 15:32:10,292] INFO in _internal: 127.0.0.1 - - [14/Feb/2024 15:32:10] "GET /info HTTP/1.1" 200 -
[2024-02-14 15:32:10,313] INFO in _internal: 127.0.0.1 - - [14/Feb/2024 15:32:10] "[36mGET /static/css/info.css HTTP/1.1[0m" 304 -
[2024-02-14 15:32:10,314] INFO in _internal: 127.0.0.1 - - [14/Feb/2024 15:32:10] "[36mGET /static/img/logo.png HTTP/1.1[0m" 304 -
[2024-02-14 15:32:10,315] INFO in _internal: 127.0.0.1 - - [14/Feb/2024 15:32:10] "GET /static/js/info.js HTTP/1.1" 200 -
[2024-02-14 15:32:10,410] INFO in _internal: 127.0.0.1 - - [14/Feb/2024 15:32:10] "[36mGET /static/img/img-1.png HTTP/1.1[0m" 304 -
[2024-02-14 15:32:10,415] INFO in _internal: 127.0.0.1 - - [14/Feb/2024 15:32:10] "[36mGET /static/img/img-2.png HTTP/1.1[0m" 304 -
[2024-02-14 15:32:10,421] INFO in _internal: 127.0.0.1 - - [14/Feb/2024 15:32:10] "[36mGET /static/img/img-3.png HTTP/1.1[0m" 304 -
[2024-02-14 15:32:10,423] INFO in _internal: 127.0.0.1 - - [14/Feb/2024 15:32:10] "[36mGET /static/img/img-45.png HTTP/1.1[0m" 304 -
[2024-02-14 15:32:10,431] INFO in _internal: 127.0.0.1 - - [14/Feb/2024 15:32:10] "[36mGET /static/img/img-46.png HTTP/1.1[0m" 304 -
[2024-02-14 15:32:10,433] INFO in _internal: 127.0.0.1 - - [14/Feb/2024 15:32:10] "[36mGET /static/img/img-47.png HTTP/1.1[0m" 304 -
[2024-02-14 15:50:42,903] INFO in _internal: 127.0.0.1 - - [14/Feb/2024 15:50:42] "[36mGET /static/img/img-88.png HTTP/1.1[0m" 304 -
[2024-02-14 15:50:42,903] INFO in _internal: 127.0.0.1 - - [14/Feb/2024 15:50:42] "[36mGET /static/img/img-89.png HTTP/1.1[0m" 304 -
[2024-02-14 15:50:42,904] INFO in _internal: 127.0.0.1 - - [14/Feb/2024 15:50:42] "[36mGET /static/img/img-90.png HTTP/1.1[0m" 304 -
[2024-02-14 15:50:43,535] INFO in _internal: 127.0.0.1 - - [14/Feb/2024 15:50:43] "[36mGET /static/img/img-133.png HTTP/1.1[0m" 304 -
[2024-02-14 15:50:43,535] INFO in _internal: 127.0.0.1 - - [14/Feb/2024 15:50:43] "[36mGET /static/img/img-131.png HTTP/1.1[0m" 304 -
[2024-02-14 15:50:43,536] INFO in _internal: 127.0.0.1 - - [14/Feb/2024 15:50:43] "[36mGET /static/img/img-132.png HTTP/1.1[0m" 304 -
[2024-02-14 15:50:46,284] INFO in _internal: 127.0.0.1 - - [14/Feb/2024 15:50:46] "[36mGET /static/img/img-159.png HTTP/1.1[0m" 304 -
[2024-02-14 15:50:46,285] INFO in _internal: 127.0.0.1 - - [14/Feb/2024 15:50:46] "[36mGET /static/img/img-160.png HTTP/1.1[0m" 304 -
[2024-02-14 15:50:46,287] INFO in _internal: 127.0.0.1 - - [14/Feb/2024 15:50:46] "[36mGET /static/img/img-158.png HTTP/1.1[0m" 304 -
[2024-02-14 15:50:47,681] INFO in _internal: 127.0.0.1 - - [14/Feb/2024 15:50:47] "[36mGET /static/img/img-171.png HTTP/1.1[0m" 304 -
[2024-02-14 15:50:47,682] INFO in _internal: 127.0.0.1 - - [14/Feb/2024 15:50:47] "[36mGET /static/img/img-172.png HTTP/1.1[0m" 304 -
[2024-02-14 15:50:47,682] INFO in _internal: 127.0.0.1 - - [14/Feb/2024 15:50:47] "[36mGET /static/img/img-173.png HTTP/1.1[0m" 304 -
[2024-02-14 15:50:47,834] INFO in _internal: 127.0.0.1 - - [14/Feb/2024 15:50:47] "[36mGET /static/img/img-178.png HTTP/1.1[0m" 304 -
[2024-02-14 15:50:47,835] INFO in _internal: 127.0.0.1 - - [14/Feb/2024 15:50:47] "[36mGET /static/img/img-180.png HTTP/1.1[0m" 304 -
[2024-02-14 15:50:47,837] INFO in _internal: 127.0.0.1 - - [14/Feb/2024 15:50:47] "[36mGET /static/img/img-179.png HTTP/1.1[0m" 304 -
[2024-02-14 15:56:12,696] INFO in _internal: 127.0.0.1 - - [14/Feb/2024 15:56:12] "GET /info HTTP/1.1" 200 -
[2024-02-14 15:56:12,730] INFO in _internal: 127.0.0.1 - - [14/Feb/2024 15:56:12] "[36mGET /static/css/info.css HTTP/1.1[0m" 304 -
[2024-02-14 15:56:12,732] INFO in _internal: 127.0.0.1 - - [14/Feb/2024 15:56:12] "[36mGET /static/img/logo.png HTTP/1.1[0m" 304 -
[2024-02-14 15:56:12,733] INFO in _internal: 127.0.0.1 - - [14/Feb/2024 15:56:12] "GET /static/js/info.js HTTP/1.1" 200 -
[2024-02-14 15:56:12,975] INFO in _internal: 127.0.0.1 - - [14/Feb/2024 15:56:12] "[36mGET /static/img/img-160.png HTTP/1.1[0m" 304 -
[2024-02-14 15:56:12,982] INFO in _internal: 127.0.0.1 - - [14/Feb/2024 15:56:12] "[36mGET /static/img/img-158.png HTTP/1.1[0m" 304 -
[2024-02-14 15:56:12,983] INFO in _internal: 127.0.0.1 - - [14/Feb/2024 15:56:12] "[36mGET /static/img/img-159.png HTTP/1.1[0m" 304 -
[2024-02-14 15:56:12,996] INFO in _internal: 127.0.0.1 - - [14/Feb/2024 15:56:12] "[36mGET /static/img/img-173.png HTTP/1.1[0m" 304 -
[2024-02-14 15:56:13,002] INFO in _internal: 127.0.0.1 - - [14/Feb/2024 15:56:13] "[36mGET /static/img/img-172.png HTTP/1.1[0m" 304 -
[2024-02-14 15:56:13,005] INFO in _internal: 127.0.0.1 - - [14/Feb/2024 15:56:13] "[36mGET /static/img/img-171.png HTTP/1.1[0m" 304 -
[2024-02-14 15:56:13,010] INFO in _internal: 127.0.0.1 - - [14/Feb/2024 15:56:13] "[36mGET /static/img/img-178.png HTTP/1.1[0m" 304 -
[2024-02-14 15:56:13,015] INFO in _internal: 127.0.0.1 - - [14/Feb/2024 15:56:13] "[36mGET /static/img/img-179.png HTTP/1.1[0m" 304 -
[2024-02-14 15:56:13,017] INFO in _internal: 127.0.0.1 - - [14/Feb/2024 15:56:13] "[36mGET /static/img/img-180.png HTTP/1.1[0m" 304 -
[2024-02-14 15:56:14,093] INFO in _internal: 127.0.0.1 - - [14/Feb/2024 15:56:14] "[36mGET /static/img/img-131.png HTTP/1.1[0m" 304 -
[2024-02-14 15:56:14,093] INFO in _internal: 127.0.0.1 - - [14/Feb/2024 15:56:14] "[36mGET /static/img/img-132.png HTTP/1.1[0m" 304 -
[2024-02-14 15:56:14,094] INFO in _internal: 127.0.0.1 - - [14/Feb/2024 15:56:14] "[36mGET /static/img/img-133.png HTTP/1.1[0m" 304 -
[2024-02-14 15:56:14,302] INFO in _internal: 127.0.0.1 - - [14/Feb/2024 15:56:14] "[36mGET /static/img/img-88.png HTTP/1.1[0m" 304 -
[2024-02-14 15:56:14,303] INFO in _internal: 127.0.0.1 - - [14/Feb/2024 15:56:14] "[36mGET /static/img/img-89.png HTTP/1.1[0m" 304 -
[2024-02-14 15:56:14,304] INFO in _internal: 127.0.0.1 - - [14/Feb/2024 15:56:14] "[36mGET /static/img/img-90.png HTTP/1.1[0m" 304 -
[2024-02-14 15:56:14,445] INFO in _internal: 127.0.0.1 - - [14/Feb/2024 15:56:14] "[36mGET /static/img/img-45.png HTTP/1.1[0m" 304 -
[2024-02-14 15:56:14,446] INFO in _internal: 127.0.0.1 - - [14/Feb/2024 15:56:14] "[36mGET /static/img/img-46.png HTTP/1.1[0m" 304 -
[2024-02-14 15:56:14,447] INFO in _internal: 127.0.0.1 - - [14/Feb/2024 15:56:14] "[36mGET /static/img/img-47.png HTTP/1.1[0m" 304 -
[2024-02-14 15:56:14,547] INFO in _internal: 127.0.0.1 - - [14/Feb/2024 15:56:14] "[36mGET /static/img/img-1.png HTTP/1.1[0m" 304 -
[2024-02-14 15:56:14,548] INFO in _internal: 127.0.0.1 - - [14/Feb/2024 15:56:14] "[36mGET /static/img/img-3.png HTTP/1.1[0m" 304 -
[2024-02-14 15:56:14,549] INFO in _internal: 127.0.0.1 - - [14/Feb/2024 15:56:14] "[36mGET /static/img/img-2.png HTTP/1.1[0m" 304 -
[2024-02-14 15:56:29,395] INFO in _internal: 127.0.0.1 - - [14/Feb/2024 15:56:29] "[36mGET /static/img/img-4.png HTTP/1.1[0m" 304 -
[2024-02-14 15:56:29,546] INFO in _internal: 127.0.0.1 - - [14/Feb/2024 15:56:29] "[36mGET /static/img/img-5.png HTTP/1.1[0m" 304 -
[2024-02-14 15:56:29,647] INFO in _internal: 127.0.0.1 - - [14/Feb/2024 15:56:29] "[36mGET /static/img/img-6.png HTTP/1.1[0m" 304 -
[2024-02-14 15:56:39,178] INFO in _internal: 127.0.0.1 - - [14/Feb/2024 15:56:39] "[36mGET /static/img/img-184.png HTTP/1.1[0m" 304 -
[2024-02-14 15:56:39,182] INFO in _internal: 127.0.0.1 - - [14/Feb/2024 15:56:39] "[36mGET /static/img/img-183.png HTTP/1.1[0m" 304 -
[2024-02-14 15:56:39,185] INFO in _internal: 127.0.0.1 - - [14/Feb/2024 15:56:39] "[36mGET /static/img/img-185.png HTTP/1.1[0m" 304 -
[2024-02-14 15:56:39,476] INFO in _internal: 127.0.0.1 - - [14/Feb/2024 15:56:39] "[36mGET /static/img/img-187.png HTTP/1.1[0m" 304 -
[2024-02-14 15:56:39,477] INFO in _internal: 127.0.0.1 - - [14/Feb/2024 15:56:39] "[36mGET /static/img/img-186.png HTTP/1.1[0m" 304 -
[2024-02-14 15:56:39,478] INFO in _internal: 127.0.0.1 - - [14/Feb/2024 15:56:39] "[36mGET /static/img/img-188.png HTTP/1.1[0m" 304 -
[2024-02-14 15:56:42,302] INFO in _internal: 127.0.0.1 - - [14/Feb/2024 15:56:42] "[36mGET /static/img/img-7.png HTTP/1.1[0m" 304 -
[2024-02-14 15:56:42,452] INFO in _internal: 127.0.0.1 - - [14/Feb/2024 15:56:42] "[36mGET /static/img/img-8.png HTTP/1.1[0m" 304 -
[2024-02-14 15:56:42,551] INFO in _internal: 127.0.0.1 - - [14/Feb/2024 15:56:42] "[36mGET /static/img/img-9.png HTTP/1.1[0m" 304 -
[2024-02-14 15:56:43,319] INFO in _internal: 127.0.0.1 - - [14/Feb/2024 15:56:43] "[36mGET /static/img/img-10.png HTTP/1.1[0m" 304 -
[2024-02-14 15:56:43,467] INFO in _internal: 127.0.0.1 - - [14/Feb/2024 15:56:43] "[36mGET /static/img/img-11.png HTTP/1.1[0m" 304 -
[2024-02-14 15:56:43,572] INFO in _internal: 127.0.0.1 - - [14/Feb/2024 15:56:43] "[36mGET /static/img/img-12.png HTTP/1.1[0m" 304 -
[2024-02-14 15:57:18,002] INFO in _internal: 127.0.0.1 - - [14/Feb/2024 15:57:18] "GET /info HTTP/1.1" 200 -
[2024-02-14 15:57:18,028] INFO in _internal: 127.0.0.1 - - [14/Feb/2024 15:57:18] "[36mGET /static/css/info.css HTTP/1.1[0m" 304 -
[2024-02-14 15:57:18,029] INFO in _internal: 127.0.0.1 - - [14/Feb/2024 15:57:18] "[36mGET /static/img/logo.png HTTP/1.1[0m" 304 -
[2024-02-14 15:57:18,030] INFO in _internal: 127.0.0.1 - - [14/Feb/2024 15:57:18] "GET /static/js/info.js HTTP/1.1" 200 -
[2024-02-14 15:57:18,158] INFO in _internal: 127.0.0.1 - - [14/Feb/2024 15:57:18] "[36mGET /static/img/img-1.png HTTP/1.1[0m" 304 -
[2024-02-14 15:57:18,171] INFO in _internal: 127.0.0.1 - - [14/Feb/2024 15:57:18] "[36mGET /static/img/img-2.png HTTP/1.1[0m" 304 -
[2024-02-14 15:57:18,173] INFO in _internal: 127.0.0.1 - - [14/Feb/2024 15:57:18] "[36mGET /static/img/img-3.png HTTP/1.1[0m" 304 -
[2024-02-14 15:57:18,177] INFO in _internal: 127.0.0.1 - - [14/Feb/2024 15:57:18] "[36mGET /static/img/img-45.png HTTP/1.1[0m" 304 -
[2024-02-14 15:57:18,180] INFO in _internal: 127.0.0.1 - - [14/Feb/2024 15:57:18] "[36mGET /static/img/img-46.png HTTP/1.1[0m" 304 -
[2024-02-14 15:57:18,202] INFO in _internal: 127.0.0.1 - - [14/Feb/2024 15:57:18] "[36mGET /static/img/img-47.png HTTP/1.1[0m" 304 -
[2024-02-14 15:57:21,916] INFO in _internal: 127.0.0.1 - - [14/Feb/2024 15:57:21] "[36mGET /static/img/img-4.png HTTP/1.1[0m" 304 -
[2024-02-14 15:57:22,067] INFO in _internal: 127.0.0.1 - - [14/Feb/2024 15:57:22] "[36mGET /static/img/img-5.png HTTP/1.1[0m" 304 -
[2024-02-14 15:57:22,167] INFO in _internal: 127.0.0.1 - - [14/Feb/2024 15:57:22] "[36mGET /static/img/img-6.png HTTP/1.1[0m" 304 -
[2024-02-14 15:57:23,103] INFO in _internal: 127.0.0.1 - - [14/Feb/2024 15:57:23] "[36mGET /static/img/img-88.png HTTP/1.1[0m" 304 -
[2024-02-14 15:57:23,104] INFO in _internal: 127.0.0.1 - - [14/Feb/2024 15:57:23] "[36mGET /static/img/img-89.png HTTP/1.1[0m" 304 -
[2024-02-14 15:57:23,104] INFO in _internal: 127.0.0.1 - - [14/Feb/2024 15:57:23] "[36mGET /static/img/img-90.png HTTP/1.1[0m" 304 -
[2024-02-14 15:57:23,204] INFO in _internal: 127.0.0.1 - - [14/Feb/2024 15:57:23] "[36mGET /static/img/img-131.png HTTP/1.1[0m" 304 -
[2024-02-14 15:57:23,205] INFO in _internal: 127.0.0.1 - - [14/Feb/2024 15:57:23] "[36mGET /static/img/img-132.png HTTP/1.1[0m" 304 -
[2024-02-14 15:57:23,206] INFO in _internal: 127.0.0.1 - - [14/Feb/2024 15:57:23] "[36mGET /static/img/img-133.png HTTP/1.1[0m" 304 -
[2024-02-14 15:57:24,069] INFO in _internal: 127.0.0.1 - - [14/Feb/2024 15:57:24] "[36mGET /static/img/img-158.png HTTP/1.1[0m" 304 -
[2024-02-14 15:57:24,070] INFO in _internal: 127.0.0.1 - - [14/Feb/2024 15:57:24] "[36mGET /static/img/img-159.png HTTP/1.1[0m" 304 -
[2024-02-14 15:57:24,070] INFO in _internal: 127.0.0.1 - - [14/Feb/2024 15:57:24] "[36mGET /static/img/img-160.png HTTP/1.1[0m" 304 -
[2024-02-14 16:01:28,094] INFO in _internal: 127.0.0.1 - - [14/Feb/2024 16:01:28] "GET /info HTTP/1.1" 200 -
[2024-02-14 16:01:28,121] INFO in _internal: 127.0.0.1 - - [14/Feb/2024 16:01:28] "[36mGET /static/img/logo.png HTTP/1.1[0m" 304 -
[2024-02-14 16:01:28,121] INFO in _internal: 127.0.0.1 - - [14/Feb/2024 16:01:28] "[36mGET /static/css/info.css HTTP/1.1[0m" 304 -
[2024-02-14 16:01:28,125] INFO in _internal: 127.0.0.1 - - [14/Feb/2024 16:01:28] "GET /static/js/info.js HTTP/1.1" 200 -
[2024-02-14 16:01:28,344] INFO in _internal: 127.0.0.1 - - [14/Feb/2024 16:01:28] "[36mGET /static/img/img-1.png HTTP/1.1[0m" 304 -
[2024-02-14 16:01:28,357] INFO in _internal: 127.0.0.1 - - [14/Feb/2024 16:01:28] "[36mGET /static/img/img-2.png HTTP/1.1[0m" 304 -
[2024-02-14 16:01:28,363] INFO in _internal: 127.0.0.1 - - [14/Feb/2024 16:01:28] "[36mGET /static/img/img-3.png HTTP/1.1[0m" 304 -
[2024-02-14 16:01:28,365] INFO in _internal: 127.0.0.1 - - [14/Feb/2024 16:01:28] "[36mGET /static/img/img-45.png HTTP/1.1[0m" 304 -
[2024-02-14 16:01:28,371] INFO in _internal: 127.0.0.1 - - [14/Feb/2024 16:01:28] "[36mGET /static/img/img-46.png HTTP/1.1[0m" 304 -
[2024-02-14 16:01:28,373] INFO in _internal: 127.0.0.1 - - [14/Feb/2024 16:01:28] "[36mGET /static/img/img-47.png HTTP/1.1[0m" 304 -
[2024-02-14 16:01:33,014] INFO in _internal: 127.0.0.1 - - [14/Feb/2024 16:01:33] "[36mGET /static/img/img-88.png HTTP/1.1[0m" 304 -
[2024-02-14 16:01:33,015] INFO in _internal: 127.0.0.1 - - [14/Feb/2024 16:01:33] "[36mGET /static/img/img-89.png HTTP/1.1[0m" 304 -
[2024-02-14 16:01:33,015] INFO in _internal: 127.0.0.1 - - [14/Feb/2024 16:01:33] "[36mGET /static/img/img-90.png HTTP/1.1[0m" 304 -
[2024-02-14 16:01:33,153] INFO in _internal: 127.0.0.1 - - [14/Feb/2024 16:01:33] "[36mGET /static/img/img-133.png HTTP/1.1[0m" 304 -
[2024-02-14 16:01:33,154] INFO in _internal: 127.0.0.1 - - [14/Feb/2024 16:01:33] "[36mGET /static/img/img-131.png HTTP/1.1[0m" 304 -
[2024-02-14 16:01:33,154] INFO in _internal: 127.0.0.1 - - [14/Feb/2024 16:01:33] "[36mGET /static/img/img-132.png HTTP/1.1[0m" 304 -
[2024-02-14 16:01:39,006] INFO in _internal: 127.0.0.1 - - [14/Feb/2024 16:01:39] "[36mGET /static/img/img-4.png HTTP/1.1[0m" 304 -
[2024-02-14 16:01:39,156] INFO in _internal: 127.0.0.1 - - [14/Feb/2024 16:01:39] "[36mGET /static/img/img-5.png HTTP/1.1[0m" 304 -
[2024-02-14 16:01:39,256] INFO in _internal: 127.0.0.1 - - [14/Feb/2024 16:01:39] "[36mGET /static/img/img-6.png HTTP/1.1[0m" 304 -
[2024-02-14 16:01:56,890] INFO in _internal: 127.0.0.1 - - [14/Feb/2024 16:01:56] "GET /info HTTP/1.1" 200 -
[2024-02-14 16:01:56,918] INFO in _internal: 127.0.0.1 - - [14/Feb/2024 16:01:56] "[36mGET /static/css/info.css HTTP/1.1[0m" 304 -
[2024-02-14 16:01:56,920] INFO in _internal: 127.0.0.1 - - [14/Feb/2024 16:01:56] "[36mGET /static/img/logo.png HTTP/1.1[0m" 304 -
[2024-02-14 16:01:56,921] INFO in _internal: 127.0.0.1 - - [14/Feb/2024 16:01:56] "GET /static/js/info.js HTTP/1.1" 200 -
[2024-02-14 16:01:57,060] INFO in _internal: 127.0.0.1 - - [14/Feb/2024 16:01:57] "[36mGET /static/img/img-1.png HTTP/1.1[0m" 304 -
[2024-02-14 16:01:57,063] INFO in _internal: 127.0.0.1 - - [14/Feb/2024 16:01:57] "[36mGET /static/img/img-2.png HTTP/1.1[0m" 304 -
[2024-02-14 16:01:57,103] INFO in _internal: 127.0.0.1 - - [14/Feb/2024 16:01:57] "[36mGET /static/img/img-3.png HTTP/1.1[0m" 304 -
[2024-02-14 16:01:57,116] INFO in _internal: 127.0.0.1 - - [14/Feb/2024 16:01:57] "[36mGET /static/img/img-4.png HTTP/1.1[0m" 304 -
[2024-02-14 16:01:57,123] INFO in _internal: 127.0.0.1 - - [14/Feb/2024 16:01:57] "[36mGET /static/img/img-5.png HTTP/1.1[0m" 304 -
[2024-02-14 16:01:57,141] INFO in _internal: 127.0.0.1 - - [14/Feb/2024 16:01:57] "[36mGET /static/img/img-45.png HTTP/1.1[0m" 304 -
[2024-02-14 16:01:57,149] INFO in _internal: 127.0.0.1 - - [14/Feb/2024 16:01:57] "[36mGET /static/img/img-46.png HTTP/1.1[0m" 304 -
[2024-02-14 16:01:57,149] INFO in _internal: 127.0.0.1 - - [14/Feb/2024 16:01:57] "[36mGET /static/img/img-47.png HTTP/1.1[0m" 304 -
[2024-02-14 16:01:57,172] INFO in _internal: 127.0.0.1 - - [14/Feb/2024 16:01:57] "[36mGET /static/img/img-48.png HTTP/1.1[0m" 304 -
[2024-02-14 16:01:57,175] INFO in _internal: 127.0.0.1 - - [14/Feb/2024 16:01:57] "[36mGET /static/img/img-89.png HTTP/1.1[0m" 304 -
[2024-02-14 16:01:57,176] INFO in _internal: 127.0.0.1 - - [14/Feb/2024 16:01:57] "[36mGET /static/img/img-88.png HTTP/1.1[0m" 304 -
[2024-02-14 16:01:57,177] INFO in _internal: 127.0.0.1 - - [14/Feb/2024 16:01:57] "[36mGET /static/img/img-90.png HTTP/1.1[0m" 304 -
[2024-02-14 16:01:57,193] INFO in _internal: 127.0.0.1 - - [14/Feb/2024 16:01:57] "[36mGET /static/img/img-131.png HTTP/1.1[0m" 304 -
[2024-02-14 16:01:57,213] INFO in _internal: 127.0.0.1 - - [14/Feb/2024 16:01:57] "[36mGET /static/img/img-132.png HTTP/1.1[0m" 304 -
[2024-02-14 16:01:57,213] INFO in _internal: 127.0.0.1 - - [14/Feb/2024 16:01:57] "[36mGET /static/img/img-133.png HTTP/1.1[0m" 304 -
[2024-02-14 16:01:57,215] INFO in _internal: 127.0.0.1 - - [14/Feb/2024 16:01:57] "[36mGET /static/img/img-158.png HTTP/1.1[0m" 304 -
[2024-02-14 16:01:57,220] INFO in _internal: 127.0.0.1 - - [14/Feb/2024 16:01:57] "[36mGET /static/img/img-159.png HTTP/1.1[0m" 304 -
[2024-02-14 16:01:57,222] INFO in _internal: 127.0.0.1 - - [14/Feb/2024 16:01:57] "[36mGET /static/img/img-160.png HTTP/1.1[0m" 304 -
[2024-02-14 16:01:57,228] INFO in _internal: 127.0.0.1 - - [14/Feb/2024 16:01:57] "[36mGET /static/img/img-161.png HTTP/1.1[0m" 304 -
[2024-02-14 16:01:57,230] INFO in _internal: 127.0.0.1 - - [14/Feb/2024 16:01:57] "[36mGET /static/img/img-162.png HTTP/1.1[0m" 304 -
[2024-02-14 16:01:57,232] INFO in _internal: 127.0.0.1 - - [14/Feb/2024 16:01:57] "[36mGET /static/img/img-171.png HTTP/1.1[0m" 304 -
[2024-02-14 16:01:57,238] INFO in _internal: 127.0.0.1 - - [14/Feb/2024 16:01:57] "[36mGET /static/img/img-172.png HTTP/1.1[0m" 304 -
[2024-02-14 16:01:57,242] INFO in _internal: 127.0.0.1 - - [14/Feb/2024 16:01:57] "[36mGET /static/img/img-173.png HTTP/1.1[0m" 304 -
[2024-02-14 16:01:57,249] INFO in _internal: 127.0.0.1 - - [14/Feb/2024 16:01:57] "[36mGET /static/img/img-49.png HTTP/1.1[0m" 304 -
[2024-02-14 16:01:57,253] INFO in _internal: 127.0.0.1 - - [14/Feb/2024 16:01:57] "[36mGET /static/img/img-91.png HTTP/1.1[0m" 304 -
[2024-02-14 16:01:57,256] INFO in _internal: 127.0.0.1 - - [14/Feb/2024 16:01:57] "[36mGET /static/img/img-92.png HTTP/1.1[0m" 304 -
[2024-02-14 16:01:57,269] INFO in _internal: 127.0.0.1 - - [14/Feb/2024 16:01:57] "[36mGET /static/img/img-134.png HTTP/1.1[0m" 304 -
[2024-02-14 16:01:57,270] INFO in _internal: 127.0.0.1 - - [14/Feb/2024 16:01:57] "[36mGET /static/img/img-135.png HTTP/1.1[0m" 304 -
[2024-02-14 16:01:57,274] INFO in _internal: 127.0.0.1 - - [14/Feb/2024 16:01:57] "[36mGET /static/img/img-174.png HTTP/1.1[0m" 304 -
[2024-02-14 16:01:57,281] INFO in _internal: 127.0.0.1 - - [14/Feb/2024 16:01:57] "[36mGET /static/img/img-175.png HTTP/1.1[0m" 304 -
[2024-02-14 16:04:32,063] INFO in _internal: 127.0.0.1 - - [14/Feb/2024 16:04:32] "GET /info HTTP/1.1" 200 -
[2024-02-14 16:04:32,092] INFO in _internal: 127.0.0.1 - - [14/Feb/2024 16:04:32] "[36mGET /static/css/info.css HTTP/1.1[0m" 304 -
[2024-02-14 16:04:32,093] INFO in _internal: 127.0.0.1 - - [14/Feb/2024 16:04:32] "[36mGET /static/img/logo.png HTTP/1.1[0m" 304 -
[2024-02-14 16:04:32,096] INFO in _internal: 127.0.0.1 - - [14/Feb/2024 16:04:32] "GET /static/js/info.js HTTP/1.1" 200 -
[2024-02-14 16:04:32,273] INFO in _internal: 127.0.0.1 - - [14/Feb/2024 16:04:32] "[36mGET /static/img/img-2.png HTTP/1.1[0m" 304 -
[2024-02-14 16:04:32,299] INFO in _internal: 127.0.0.1 - - [14/Feb/2024 16:04:32] "[36mGET /static/img/img-1.png HTTP/1.1[0m" 304 -
[2024-02-14 16:04:32,311] INFO in _internal: 127.0.0.1 - - [14/Feb/2024 16:04:32] "[36mGET /static/img/img-3.png HTTP/1.1[0m" 304 -
[2024-02-14 16:04:32,339] INFO in _internal: 127.0.0.1 - - [14/Feb/2024 16:04:32] "[36mGET /static/img/img-45.png HTTP/1.1[0m" 304 -
[2024-02-14 16:04:32,343] INFO in _internal: 127.0.0.1 - - [14/Feb/2024 16:04:32] "[36mGET /static/img/img-46.png HTTP/1.1[0m" 304 -
[2024-02-14 16:04:32,346] INFO in _internal: 127.0.0.1 - - [14/Feb/2024 16:04:32] "[36mGET /static/img/img-47.png HTTP/1.1[0m" 304 -
[2024-02-14 16:04:32,349] INFO in _internal: 127.0.0.1 - - [14/Feb/2024 16:04:32] "[36mGET /static/img/img-88.png HTTP/1.1[0m" 304 -
[2024-02-14 16:04:32,353] INFO in _internal: 127.0.0.1 - - [14/Feb/2024 16:04:32] "[36mGET /static/img/img-89.png HTTP/1.1[0m" 304 -
[2024-02-14 16:04:32,355] INFO in _internal: 127.0.0.1 - - [14/Feb/2024 16:04:32] "[36mGET /static/img/img-90.png HTTP/1.1[0m" 304 -
[2024-02-14 16:04:37,512] INFO in _internal: 127.0.0.1 - - [14/Feb/2024 16:04:37] "[36mGET /static/img/img-131.png HTTP/1.1[0m" 304 -
[2024-02-14 16:04:37,513] INFO in _internal: 127.0.0.1 - - [14/Feb/2024 16:04:37] "[36mGET /static/img/img-132.png HTTP/1.1[0m" 304 -
[2024-02-14 16:04:37,514] INFO in _internal: 127.0.0.1 - - [14/Feb/2024 16:04:37] "[36mGET /static/img/img-133.png HTTP/1.1[0m" 304 -
[2024-02-14 16:04:37,726] INFO in _internal: 127.0.0.1 - - [14/Feb/2024 16:04:37] "[36mGET /static/img/img-158.png HTTP/1.1[0m" 304 -
[2024-02-14 16:04:37,729] INFO in _internal: 127.0.0.1 - - [14/Feb/2024 16:04:37] "[36mGET /static/img/img-159.png HTTP/1.1[0m" 304 -
[2024-02-14 16:04:37,730] INFO in _internal: 127.0.0.1 - - [14/Feb/2024 16:04:37] "[36mGET /static/img/img-160.png HTTP/1.1[0m" 304 -
[2024-02-14 16:04:38,907] INFO in _internal: 127.0.0.1 - - [14/Feb/2024 16:04:38] "[36mGET /static/img/img-91.png HTTP/1.1[0m" 304 -
[2024-02-14 16:04:39,058] INFO in _internal: 127.0.0.1 - - [14/Feb/2024 16:04:39] "[36mGET /static/img/img-92.png HTTP/1.1[0m" 304 -
[2024-02-14 16:04:39,186] INFO in _internal: 127.0.0.1 - - [14/Feb/2024 16:04:39] "GET /static/img/img-93.png HTTP/1.1" 200 -
[2024-02-14 16:10:17,681] INFO in _internal: 127.0.0.1 - - [14/Feb/2024 16:10:17] "GET /info HTTP/1.1" 200 -
[2024-02-14 16:10:17,705] INFO in _internal: 127.0.0.1 - - [14/Feb/2024 16:10:17] "[36mGET /static/css/info.css HTTP/1.1[0m" 304 -
[2024-02-14 16:10:17,707] INFO in _internal: 127.0.0.1 - - [14/Feb/2024 16:10:17] "[36mGET /static/img/logo.png HTTP/1.1[0m" 304 -
[2024-02-14 16:10:17,709] INFO in _internal: 127.0.0.1 - - [14/Feb/2024 16:10:17] "[36mGET /static/js/info.js HTTP/1.1[0m" 304 -
[2024-02-14 16:10:17,815] INFO in _internal: 127.0.0.1 - - [14/Feb/2024 16:10:17] "[36mGET /static/img/img-88.png HTTP/1.1[0m" 304 -
[2024-02-14 16:10:17,835] INFO in _internal: 127.0.0.1 - - [14/Feb/2024 16:10:17] "[36mGET /static/img/img-89.png HTTP/1.1[0m" 304 -
[2024-02-14 16:10:17,839] INFO in _internal: 127.0.0.1 - - [14/Feb/2024 16:10:17] "[36mGET /static/img/img-90.png HTTP/1.1[0m" 304 -
[2024-02-14 16:10:17,842] INFO in _internal: 127.0.0.1 - - [14/Feb/2024 16:10:17] "[36mGET /static/img/img-131.png HTTP/1.1[0m" 304 -
[2024-02-14 16:10:17,844] INFO in _internal: 127.0.0.1 - - [14/Feb/2024 16:10:17] "[36mGET /static/img/img-132.png HTTP/1.1[0m" 304 -
[2024-02-14 16:10:17,853] INFO in _internal: 127.0.0.1 - - [14/Feb/2024 16:10:17] "[36mGET /static/img/img-133.png HTTP/1.1[0m" 304 -
[2024-02-14 16:10:17,871] INFO in _internal: 127.0.0.1 - - [14/Feb/2024 16:10:17] "[36mGET /static/img/img-158.png HTTP/1.1[0m" 304 -
[2024-02-14 16:10:17,882] INFO in _internal: 127.0.0.1 - - [14/Feb/2024 16:10:17] "[36mGET /static/img/img-159.png HTTP/1.1[0m" 304 -
[2024-02-14 16:10:17,883] INFO in _internal: 127.0.0.1 - - [14/Feb/2024 16:10:17] "[36mGET /static/img/img-160.png HTTP/1.1[0m" 304 -
[2024-02-14 16:11:10,580] INFO in _internal: 127.0.0.1 - - [14/Feb/2024 16:11:10] "GET /info HTTP/1.1" 200 -
[2024-02-14 16:11:10,605] INFO in _internal: 127.0.0.1 - - [14/Feb/2024 16:11:10] "[36mGET /static/css/info.css HTTP/1.1[0m" 304 -
[2024-02-14 16:11:10,606] INFO in _internal: 127.0.0.1 - - [14/Feb/2024 16:11:10] "[36mGET /static/img/logo.png HTTP/1.1[0m" 304 -
[2024-02-14 16:11:10,608] INFO in _internal: 127.0.0.1 - - [14/Feb/2024 16:11:10] "GET /static/js/info.js HTTP/1.1" 200 -
[2024-02-14 16:11:10,711] INFO in _internal: 127.0.0.1 - - [14/Feb/2024 16:11:10] "[36mGET /static/img/img-89.png HTTP/1.1[0m" 304 -
[2024-02-14 16:11:10,712] INFO in _internal: 127.0.0.1 - - [14/Feb/2024 16:11:10] "[36mGET /static/img/img-88.png HTTP/1.1[0m" 304 -
[2024-02-14 16:11:10,718] INFO in _internal: 127.0.0.1 - - [14/Feb/2024 16:11:10] "[36mGET /static/img/img-131.png HTTP/1.1[0m" 304 -
[2024-02-14 16:11:10,720] INFO in _internal: 127.0.0.1 - - [14/Feb/2024 16:11:10] "[36mGET /static/img/img-90.png HTTP/1.1[0m" 304 -
[2024-02-14 16:11:10,722] INFO in _internal: 127.0.0.1 - - [14/Feb/2024 16:11:10] "[36mGET /static/img/img-132.png HTTP/1.1[0m" 304 -
[2024-02-14 16:11:10,730] INFO in _internal: 127.0.0.1 - - [14/Feb/2024 16:11:10] "[36mGET /static/img/img-133.png HTTP/1.1[0m" 304 -
[2024-02-14 16:11:10,769] INFO in _internal: 127.0.0.1 - - [14/Feb/2024 16:11:10] "[36mGET /static/img/img-158.png HTTP/1.1[0m" 304 -
[2024-02-14 16:11:10,786] INFO in _internal: 127.0.0.1 - - [14/Feb/2024 16:11:10] "[36mGET /static/img/img-159.png HTTP/1.1[0m" 304 -
[2024-02-14 16:11:10,825] INFO in _internal: 127.0.0.1 - - [14/Feb/2024 16:11:10] "[36mGET /static/img/img-160.png HTTP/1.1[0m" 304 -
[2024-02-14 16:11:11,891] INFO in _internal: 127.0.0.1 - - [14/Feb/2024 16:11:11] "[36mGET /static/img/img-45.png HTTP/1.1[0m" 304 -
[2024-02-14 16:11:11,892] INFO in _internal: 127.0.0.1 - - [14/Feb/2024 16:11:11] "[36mGET /static/img/img-47.png HTTP/1.1[0m" 304 -
[2024-02-14 16:11:11,892] INFO in _internal: 127.0.0.1 - - [14/Feb/2024 16:11:11] "[36mGET /static/img/img-46.png HTTP/1.1[0m" 304 -
[2024-02-14 16:11:12,009] INFO in _internal: 127.0.0.1 - - [14/Feb/2024 16:11:12] "[36mGET /static/img/img-1.png HTTP/1.1[0m" 304 -
[2024-02-14 16:11:12,011] INFO in _internal: 127.0.0.1 - - [14/Feb/2024 16:11:12] "[36mGET /static/img/img-2.png HTTP/1.1[0m" 304 -
[2024-02-14 16:11:12,013] INFO in _internal: 127.0.0.1 - - [14/Feb/2024 16:11:12] "[36mGET /static/img/img-3.png HTTP/1.1[0m" 304 -
[2024-02-14 16:11:13,817] INFO in _internal: 127.0.0.1 - - [14/Feb/2024 16:11:13] "[36mGET /static/img/img-4.png HTTP/1.1[0m" 304 -
[2024-02-14 16:11:13,967] INFO in _internal: 127.0.0.1 - - [14/Feb/2024 16:11:13] "[36mGET /static/img/img-5.png HTTP/1.1[0m" 304 -
[2024-02-14 16:11:14,068] INFO in _internal: 127.0.0.1 - - [14/Feb/2024 16:11:14] "[36mGET /static/img/img-6.png HTTP/1.1[0m" 304 -
[2024-02-14 16:11:41,966] INFO in _internal: 127.0.0.1 - - [14/Feb/2024 16:11:41] "GET /info HTTP/1.1" 200 -
[2024-02-14 16:11:41,991] INFO in _internal: 127.0.0.1 - - [14/Feb/2024 16:11:41] "[36mGET /static/css/info.css HTTP/1.1[0m" 304 -
[2024-02-14 16:11:41,992] INFO in _internal: 127.0.0.1 - - [14/Feb/2024 16:11:41] "[36mGET /static/img/logo.png HTTP/1.1[0m" 304 -
[2024-02-14 16:11:41,995] INFO in _internal: 127.0.0.1 - - [14/Feb/2024 16:11:41] "GET /static/js/info.js HTTP/1.1" 200 -
[2024-02-14 16:11:42,140] INFO in _internal: 127.0.0.1 - - [14/Feb/2024 16:11:42] "[36mGET /static/img/img-1.png HTTP/1.1[0m" 304 -
[2024-02-14 16:11:42,161] INFO in _internal: 127.0.0.1 - - [14/Feb/2024 16:11:42] "[36mGET /static/img/img-2.png HTTP/1.1[0m" 304 -
[2024-02-14 16:11:42,167] INFO in _internal: 127.0.0.1 - - [14/Feb/2024 16:11:42] "[36mGET /static/img/img-3.png HTTP/1.1[0m" 304 -
[2024-02-14 16:11:42,181] INFO in _internal: 127.0.0.1 - - [14/Feb/2024 16:11:42] "[36mGET /static/img/img-4.png HTTP/1.1[0m" 304 -
[2024-02-14 16:11:42,202] INFO in _internal: 127.0.0.1 - - [14/Feb/2024 16:11:42] "[36mGET /static/img/img-5.png HTTP/1.1[0m" 304 -
[2024-02-14 16:11:42,212] INFO in _internal: 127.0.0.1 - - [14/Feb/2024 16:11:42] "[36mGET /static/img/img-45.png HTTP/1.1[0m" 304 -
[2024-02-14 16:11:42,214] INFO in _internal: 127.0.0.1 - - [14/Feb/2024 16:11:42] "[36mGET /static/img/img-46.png HTTP/1.1[0m" 304 -
[2024-02-14 16:11:42,220] INFO in _internal: 127.0.0.1 - - [14/Feb/2024 16:11:42] "[36mGET /static/img/img-47.png HTTP/1.1[0m" 304 -
[2024-02-14 16:11:42,224] INFO in _internal: 127.0.0.1 - - [14/Feb/2024 16:11:42] "[36mGET /static/img/img-48.png HTTP/1.1[0m" 304 -
[2024-02-14 16:11:42,229] INFO in _internal: 127.0.0.1 - - [14/Feb/2024 16:11:42] "[36mGET /static/img/img-88.png HTTP/1.1[0m" 304 -
[2024-02-14 16:11:42,238] INFO in _internal: 127.0.0.1 - - [14/Feb/2024 16:11:42] "[36mGET /static/img/img-89.png HTTP/1.1[0m" 304 -
[2024-02-14 16:11:42,243] INFO in _internal: 127.0.0.1 - - [14/Feb/2024 16:11:42] "[36mGET /static/img/img-90.png HTTP/1.1[0m" 304 -
[2024-02-14 16:11:42,247] INFO in _internal: 127.0.0.1 - - [14/Feb/2024 16:11:42] "[36mGET /static/img/img-91.png HTTP/1.1[0m" 304 -
[2024-02-14 16:11:42,248] INFO in _internal: 127.0.0.1 - - [14/Feb/2024 16:11:42] "[36mGET /static/img/img-92.png HTTP/1.1[0m" 304 -
[2024-02-14 16:11:42,251] INFO in _internal: 127.0.0.1 - - [14/Feb/2024 16:11:42] "[36mGET /static/img/img-131.png HTTP/1.1[0m" 304 -
[2024-02-14 16:11:42,258] INFO in _internal: 127.0.0.1 - - [14/Feb/2024 16:11:42] "[36mGET /static/img/img-132.png HTTP/1.1[0m" 304 -
[2024-02-14 16:11:42,262] INFO in _internal: 127.0.0.1 - - [14/Feb/2024 16:11:42] "[36mGET /static/img/img-133.png HTTP/1.1[0m" 304 -
[2024-02-14 16:11:42,266] INFO in _internal: 127.0.0.1 - - [14/Feb/2024 16:11:42] "[36mGET /static/img/img-158.png HTTP/1.1[0m" 304 -
[2024-02-14 16:11:42,271] INFO in _internal: 127.0.0.1 - - [14/Feb/2024 16:11:42] "[36mGET /static/img/img-159.png HTTP/1.1[0m" 304 -
[2024-02-14 16:11:42,273] INFO in _internal: 127.0.0.1 - - [14/Feb/2024 16:11:42] "[36mGET /static/img/img-160.png HTTP/1.1[0m" 304 -
[2024-02-14 16:11:42,280] INFO in _internal: 127.0.0.1 - - [14/Feb/2024 16:11:42] "[36mGET /static/img/img-161.png HTTP/1.1[0m" 304 -
[2024-02-14 16:11:42,282] INFO in _internal: 127.0.0.1 - - [14/Feb/2024 16:11:42] "[36mGET /static/img/img-162.png HTTP/1.1[0m" 304 -
[2024-02-14 16:11:42,290] INFO in _internal: 127.0.0.1 - - [14/Feb/2024 16:11:42] "[36mGET /static/img/img-171.png HTTP/1.1[0m" 304 -
[2024-02-14 16:11:42,298] INFO in _internal: 127.0.0.1 - - [14/Feb/2024 16:11:42] "[36mGET /static/img/img-172.png HTTP/1.1[0m" 304 -
[2024-02-14 16:11:42,299] INFO in _internal: 127.0.0.1 - - [14/Feb/2024 16:11:42] "[36mGET /static/img/img-173.png HTTP/1.1[0m" 304 -
[2024-02-14 16:11:42,302] INFO in _internal: 127.0.0.1 - - [14/Feb/2024 16:11:42] "[36mGET /static/img/img-49.png HTTP/1.1[0m" 304 -
[2024-02-14 16:11:42,309] INFO in _internal: 127.0.0.1 - - [14/Feb/2024 16:11:42] "[36mGET /static/img/img-134.png HTTP/1.1[0m" 304 -
[2024-02-14 16:11:42,311] INFO in _internal: 127.0.0.1 - - [14/Feb/2024 16:11:42] "[36mGET /static/img/img-135.png HTTP/1.1[0m" 304 -
[2024-02-14 16:11:42,313] INFO in _internal: 127.0.0.1 - - [14/Feb/2024 16:11:42] "[36mGET /static/img/img-174.png HTTP/1.1[0m" 304 -
[2024-02-14 16:11:42,321] INFO in _internal: 127.0.0.1 - - [14/Feb/2024 16:11:42] "[36mGET /static/img/img-175.png HTTP/1.1[0m" 304 -
[2024-02-14 16:14:02,397] INFO in _internal: 127.0.0.1 - - [14/Feb/2024 16:14:02] "GET /info HTTP/1.1" 200 -
[2024-02-14 16:14:02,427] INFO in _internal: 127.0.0.1 - - [14/Feb/2024 16:14:02] "[36mGET /static/css/info.css HTTP/1.1[0m" 304 -
[2024-02-14 16:14:02,428] INFO in _internal: 127.0.0.1 - - [14/Feb/2024 16:14:02] "GET /static/js/info.js HTTP/1.1" 200 -
[2024-02-14 16:14:02,428] INFO in _internal: 127.0.0.1 - - [14/Feb/2024 16:14:02] "[36mGET /static/img/logo.png HTTP/1.1[0m" 304 -
[2024-02-14 16:14:17,609] INFO in _internal: 127.0.0.1 - - [14/Feb/2024 16:14:17] "GET /info HTTP/1.1" 200 -
[2024-02-14 16:14:17,628] INFO in _internal: 127.0.0.1 - - [14/Feb/2024 16:14:17] "[36mGET /static/css/info.css HTTP/1.1[0m" 304 -
[2024-02-14 16:14:17,631] INFO in _internal: 127.0.0.1 - - [14/Feb/2024 16:14:17] "[36mGET /static/img/logo.png HTTP/1.1[0m" 304 -
[2024-02-14 16:14:17,635] INFO in _internal: 127.0.0.1 - - [14/Feb/2024 16:14:17] "GET /static/js/info.js HTTP/1.1" 200 -
[2024-02-14 16:14:23,114] INFO in _internal: 127.0.0.1 - - [14/Feb/2024 16:14:23] "GET /info HTTP/1.1" 200 -
[2024-02-14 16:14:23,132] INFO in _internal: 127.0.0.1 - - [14/Feb/2024 16:14:23] "[36mGET /static/css/info.css HTTP/1.1[0m" 304 -
[2024-02-14 16:14:23,134] INFO in _internal: 127.0.0.1 - - [14/Feb/2024 16:14:23] "[36mGET /static/img/logo.png HTTP/1.1[0m" 304 -
[2024-02-14 16:14:23,136] INFO in _internal: 127.0.0.1 - - [14/Feb/2024 16:14:23] "GET /static/js/info.js HTTP/1.1" 200 -
[2024-02-14 16:14:23,248] INFO in _internal: 127.0.0.1 - - [14/Feb/2024 16:14:23] "[36mGET /static/img/img-1.png HTTP/1.1[0m" 304 -
[2024-02-14 16:14:23,251] INFO in _internal: 127.0.0.1 - - [14/Feb/2024 16:14:23] "[36mGET /static/img/img-3.png HTTP/1.1[0m" 304 -
[2024-02-14 16:14:23,252] INFO in _internal: 127.0.0.1 - - [14/Feb/2024 16:14:23] "[36mGET /static/img/img-2.png HTTP/1.1[0m" 304 -
[2024-02-14 16:14:23,260] INFO in _internal: 127.0.0.1 - - [14/Feb/2024 16:14:23] "[36mGET /static/img/img-4.png HTTP/1.1[0m" 304 -
[2024-02-14 16:14:23,278] INFO in _internal: 127.0.0.1 - - [14/Feb/2024 16:14:23] "[36mGET /static/img/img-5.png HTTP/1.1[0m" 304 -
[2024-02-14 16:14:23,292] INFO in _internal: 127.0.0.1 - - [14/Feb/2024 16:14:23] "[36mGET /static/img/img-45.png HTTP/1.1[0m" 304 -
[2024-02-14 16:14:23,294] INFO in _internal: 127.0.0.1 - - [14/Feb/2024 16:14:23] "[36mGET /static/img/img-46.png HTTP/1.1[0m" 304 -
[2024-02-14 16:14:23,295] INFO in _internal: 127.0.0.1 - - [14/Feb/2024 16:14:23] "[36mGET /static/img/img-47.png HTTP/1.1[0m" 304 -
[2024-02-14 16:14:23,296] INFO in _internal: 127.0.0.1 - - [14/Feb/2024 16:14:23] "[36mGET /static/img/img-48.png HTTP/1.1[0m" 304 -
[2024-02-14 16:14:23,303] INFO in _internal: 127.0.0.1 - - [14/Feb/2024 16:14:23] "[36mGET /static/img/img-49.png HTTP/1.1[0m" 304 -
[2024-02-14 16:14:23,305] INFO in _internal: 127.0.0.1 - - [14/Feb/2024 16:14:23] "[36mGET /static/img/img-88.png HTTP/1.1[0m" 304 -
[2024-02-14 16:14:23,313] INFO in _internal: 127.0.0.1 - - [14/Feb/2024 16:14:23] "[36mGET /static/img/img-89.png HTTP/1.1[0m" 304 -
[2024-02-14 16:14:23,321] INFO in _internal: 127.0.0.1 - - [14/Feb/2024 16:14:23] "[36mGET /static/img/img-90.png HTTP/1.1[0m" 304 -
[2024-02-14 16:14:23,337] INFO in _internal: 127.0.0.1 - - [14/Feb/2024 16:14:23] "[36mGET /static/img/img-91.png HTTP/1.1[0m" 304 -
[2024-02-14 16:14:23,338] INFO in _internal: 127.0.0.1 - - [14/Feb/2024 16:14:23] "[36mGET /static/img/img-92.png HTTP/1.1[0m" 304 -
[2024-02-14 16:14:23,342] INFO in _internal: 127.0.0.1 - - [14/Feb/2024 16:14:23] "[36mGET /static/img/img-131.png HTTP/1.1[0m" 304 -
[2024-02-14 16:14:23,346] INFO in _internal: 127.0.0.1 - - [14/Feb/2024 16:14:23] "[36mGET /static/img/img-132.png HTTP/1.1[0m" 304 -
[2024-02-14 16:14:23,348] INFO in _internal: 127.0.0.1 - - [14/Feb/2024 16:14:23] "[36mGET /static/img/img-133.png HTTP/1.1[0m" 304 -
[2024-02-14 16:14:23,353] INFO in _internal: 127.0.0.1 - - [14/Feb/2024 16:14:23] "[36mGET /static/img/img-134.png HTTP/1.1[0m" 304 -
[2024-02-14 16:14:23,359] INFO in _internal: 127.0.0.1 - - [14/Feb/2024 16:14:23] "[36mGET /static/img/img-135.png HTTP/1.1[0m" 304 -
[2024-02-14 16:14:23,361] INFO in _internal: 127.0.0.1 - - [14/Feb/2024 16:14:23] "[36mGET /static/img/img-159.png HTTP/1.1[0m" 304 -
[2024-02-14 16:14:23,361] INFO in _internal: 127.0.0.1 - - [14/Feb/2024 16:14:23] "[36mGET /static/img/img-158.png HTTP/1.1[0m" 304 -
[2024-02-14 16:14:23,395] INFO in _internal: 127.0.0.1 - - [14/Feb/2024 16:14:23] "[36mGET /static/img/img-160.png HTTP/1.1[0m" 304 -
[2024-02-14 16:14:23,401] INFO in _internal: 127.0.0.1 - - [14/Feb/2024 16:14:23] "[36mGET /static/img/img-162.png HTTP/1.1[0m" 304 -
[2024-02-14 16:14:23,406] INFO in _internal: 127.0.0.1 - - [14/Feb/2024 16:14:23] "[36mGET /static/img/img-171.png HTTP/1.1[0m" 304 -
[2024-02-14 16:14:23,407] INFO in _internal: 127.0.0.1 - - [14/Feb/2024 16:14:23] "[36mGET /static/img/img-161.png HTTP/1.1[0m" 304 -
[2024-02-14 16:14:23,415] INFO in _internal: 127.0.0.1 - - [14/Feb/2024 16:14:23] "[36mGET /static/img/img-172.png HTTP/1.1[0m" 304 -
[2024-02-14 16:14:23,423] INFO in _internal: 127.0.0.1 - - [14/Feb/2024 16:14:23] "[36mGET /static/img/img-173.png HTTP/1.1[0m" 304 -
[2024-02-14 16:14:23,424] INFO in _internal: 127.0.0.1 - - [14/Feb/2024 16:14:23] "[36mGET /static/img/img-174.png HTTP/1.1[0m" 304 -
[2024-02-14 16:14:23,425] INFO in _internal: 127.0.0.1 - - [14/Feb/2024 16:14:23] "[36mGET /static/img/img-175.png HTTP/1.1[0m" 304 -
[2024-02-14 16:14:25,293] INFO in _internal: 127.0.0.1 - - [14/Feb/2024 16:14:25] "[36mGET /static/img/img-6.png HTTP/1.1[0m" 304 -
[2024-02-14 16:14:25,426] INFO in _internal: 127.0.0.1 - - [14/Feb/2024 16:14:25] "[36mGET /static/img/img-7.png HTTP/1.1[0m" 304 -
[2024-02-14 16:14:25,528] INFO in _internal: 127.0.0.1 - - [14/Feb/2024 16:14:25] "[36mGET /static/img/img-8.png HTTP/1.1[0m" 304 -
[2024-02-14 16:24:55,144] INFO in _internal: 127.0.0.1 - - [14/Feb/2024 16:24:55] "GET /info HTTP/1.1" 200 -
[2024-02-14 16:24:55,174] INFO in _internal: 127.0.0.1 - - [14/Feb/2024 16:24:55] "[36mGET /static/css/info.css HTTP/1.1[0m" 304 -
[2024-02-14 16:24:55,176] INFO in _internal: 127.0.0.1 - - [14/Feb/2024 16:24:55] "GET /static/js/info.js HTTP/1.1" 200 -
[2024-02-14 16:24:55,177] INFO in _internal: 127.0.0.1 - - [14/Feb/2024 16:24:55] "[36mGET /static/img/logo.png HTTP/1.1[0m" 304 -
[2024-02-14 16:24:55,385] INFO in _internal: 127.0.0.1 - - [14/Feb/2024 16:24:55] "[36mGET /static/img/img-3.png HTTP/1.1[0m" 304 -
[2024-02-14 16:24:55,386] INFO in _internal: 127.0.0.1 - - [14/Feb/2024 16:24:55] "[36mGET /static/img/img-1.png HTTP/1.1[0m" 304 -
[2024-02-14 16:24:55,389] INFO in _internal: 127.0.0.1 - - [14/Feb/2024 16:24:55] "[36mGET /static/img/img-2.png HTTP/1.1[0m" 304 -
[2024-02-14 16:24:55,389] INFO in _internal: 127.0.0.1 - - [14/Feb/2024 16:24:55] "[36mGET /static/img/img-45.png HTTP/1.1[0m" 304 -
[2024-02-14 16:24:55,394] INFO in _internal: 127.0.0.1 - - [14/Feb/2024 16:24:55] "[36mGET /static/img/img-46.png HTTP/1.1[0m" 304 -
[2024-02-14 16:24:55,409] INFO in _internal: 127.0.0.1 - - [14/Feb/2024 16:24:55] "[36mGET /static/img/img-47.png HTTP/1.1[0m" 304 -
[2024-02-14 16:24:56,862] INFO in _internal: 127.0.0.1 - - [14/Feb/2024 16:24:56] "[36mGET /static/img/img-88.png HTTP/1.1[0m" 304 -
[2024-02-14 16:24:56,862] INFO in _internal: 127.0.0.1 - - [14/Feb/2024 16:24:56] "[36mGET /static/img/img-89.png HTTP/1.1[0m" 304 -
[2024-02-14 16:24:56,862] INFO in _internal: 127.0.0.1 - - [14/Feb/2024 16:24:56] "[36mGET /static/img/img-90.png HTTP/1.1[0m" 304 -
[2024-02-14 16:24:56,972] INFO in _internal: 127.0.0.1 - - [14/Feb/2024 16:24:56] "[36mGET /static/img/img-132.png HTTP/1.1[0m" 304 -
[2024-02-14 16:24:56,974] INFO in _internal: 127.0.0.1 - - [14/Feb/2024 16:24:56] "[36mGET /static/img/img-131.png HTTP/1.1[0m" 304 -
[2024-02-14 16:24:56,975] INFO in _internal: 127.0.0.1 - - [14/Feb/2024 16:24:56] "[36mGET /static/img/img-133.png HTTP/1.1[0m" 304 -
[2024-02-14 16:24:59,488] INFO in _internal: 127.0.0.1 - - [14/Feb/2024 16:24:59] "[36mGET /static/img/img-4.png HTTP/1.1[0m" 304 -
[2024-02-14 16:24:59,639] INFO in _internal: 127.0.0.1 - - [14/Feb/2024 16:24:59] "[36mGET /static/img/img-5.png HTTP/1.1[0m" 304 -
[2024-02-14 16:24:59,739] INFO in _internal: 127.0.0.1 - - [14/Feb/2024 16:24:59] "[36mGET /static/img/img-6.png HTTP/1.1[0m" 304 -
[2024-02-14 16:26:08,830] INFO in _internal: 127.0.0.1 - - [14/Feb/2024 16:26:08] "GET /info HTTP/1.1" 200 -
[2024-02-14 16:26:08,855] INFO in _internal: 127.0.0.1 - - [14/Feb/2024 16:26:08] "[36mGET /static/css/info.css HTTP/1.1[0m" 304 -
[2024-02-14 16:26:08,858] INFO in _internal: 127.0.0.1 - - [14/Feb/2024 16:26:08] "[36mGET /static/img/logo.png HTTP/1.1[0m" 304 -
[2024-02-14 16:26:08,859] INFO in _internal: 127.0.0.1 - - [14/Feb/2024 16:26:08] "GET /static/js/info.js HTTP/1.1" 200 -
[2024-02-14 16:26:08,966] INFO in _internal: 127.0.0.1 - - [14/Feb/2024 16:26:08] "[36mGET /static/img/img-1.png HTTP/1.1[0m" 304 -
[2024-02-14 16:26:08,967] INFO in _internal: 127.0.0.1 - - [14/Feb/2024 16:26:08] "[36mGET /static/img/img-2.png HTTP/1.1[0m" 304 -
[2024-02-14 16:26:08,971] INFO in _internal: 127.0.0.1 - - [14/Feb/2024 16:26:08] "[36mGET /static/img/img-47.png HTTP/1.1[0m" 304 -
[2024-02-14 16:26:08,986] INFO in _internal: 127.0.0.1 - - [14/Feb/2024 16:26:08] "[36mGET /static/img/img-46.png HTTP/1.1[0m" 304 -
[2024-02-14 16:26:08,999] INFO in _internal: 127.0.0.1 - - [14/Feb/2024 16:26:08] "[36mGET /static/img/img-45.png HTTP/1.1[0m" 304 -
[2024-02-14 16:26:09,002] INFO in _internal: 127.0.0.1 - - [14/Feb/2024 16:26:09] "[36mGET /static/img/img-3.png HTTP/1.1[0m" 304 -
[2024-02-14 16:26:09,023] INFO in _internal: 127.0.0.1 - - [14/Feb/2024 16:26:09] "[36mGET /static/img/img-88.png HTTP/1.1[0m" 304 -
[2024-02-14 16:26:09,029] INFO in _internal: 127.0.0.1 - - [14/Feb/2024 16:26:09] "[36mGET /static/img/img-89.png HTTP/1.1[0m" 304 -
[2024-02-14 16:26:09,037] INFO in _internal: 127.0.0.1 - - [14/Feb/2024 16:26:09] "[36mGET /static/img/img-90.png HTTP/1.1[0m" 304 -
[2024-02-14 16:26:15,763] INFO in _internal: 127.0.0.1 - - [14/Feb/2024 16:26:15] "[36mGET /static/img/img-131.png HTTP/1.1[0m" 304 -
[2024-02-14 16:26:15,764] INFO in _internal: 127.0.0.1 - - [14/Feb/2024 16:26:15] "[36mGET /static/img/img-132.png HTTP/1.1[0m" 304 -
[2024-02-14 16:26:15,764] INFO in _internal: 127.0.0.1 - - [14/Feb/2024 16:26:15] "[36mGET /static/img/img-133.png HTTP/1.1[0m" 304 -
[2024-02-14 16:26:16,262] INFO in _internal: 127.0.0.1 - - [14/Feb/2024 16:26:16] "[36mGET /static/img/img-158.png HTTP/1.1[0m" 304 -
[2024-02-14 16:26:16,264] INFO in _internal: 127.0.0.1 - - [14/Feb/2024 16:26:16] "[36mGET /static/img/img-159.png HTTP/1.1[0m" 304 -
[2024-02-14 16:26:16,265] INFO in _internal: 127.0.0.1 - - [14/Feb/2024 16:26:16] "[36mGET /static/img/img-160.png HTTP/1.1[0m" 304 -
[2024-02-14 16:26:17,975] INFO in _internal: 127.0.0.1 - - [14/Feb/2024 16:26:17] "[36mGET /static/img/img-134.png HTTP/1.1[0m" 304 -
[2024-02-14 16:26:18,125] INFO in _internal: 127.0.0.1 - - [14/Feb/2024 16:26:18] "[36mGET /static/img/img-135.png HTTP/1.1[0m" 304 -
[2024-02-14 16:26:18,264] INFO in _internal: 127.0.0.1 - - [14/Feb/2024 16:26:18] "GET /static/img/img-136.png HTTP/1.1" 200 -
[2024-02-14 16:28:38,865] INFO in _internal: 127.0.0.1 - - [14/Feb/2024 16:28:38] "GET /info HTTP/1.1" 200 -
[2024-02-14 16:28:38,894] INFO in _internal: 127.0.0.1 - - [14/Feb/2024 16:28:38] "[36mGET /static/css/info.css HTTP/1.1[0m" 304 -
[2024-02-14 16:28:38,897] INFO in _internal: 127.0.0.1 - - [14/Feb/2024 16:28:38] "[36mGET /static/img/logo.png HTTP/1.1[0m" 304 -
[2024-02-14 16:28:38,900] INFO in _internal: 127.0.0.1 - - [14/Feb/2024 16:28:38] "GET /static/js/info.js HTTP/1.1" 200 -
[2024-02-14 16:28:39,012] INFO in _internal: 127.0.0.1 - - [14/Feb/2024 16:28:39] "[36mGET /static/img/img-88.png HTTP/1.1[0m" 304 -
[2024-02-14 16:28:39,027] INFO in _internal: 127.0.0.1 - - [14/Feb/2024 16:28:39] "[36mGET /static/img/img-89.png HTTP/1.1[0m" 304 -
[2024-02-14 16:28:39,028] INFO in _internal: 127.0.0.1 - - [14/Feb/2024 16:28:39] "[36mGET /static/img/img-90.png HTTP/1.1[0m" 304 -
[2024-02-14 16:28:39,036] INFO in _internal: 127.0.0.1 - - [14/Feb/2024 16:28:39] "[36mGET /static/img/img-131.png HTTP/1.1[0m" 304 -
[2024-02-14 16:28:39,038] INFO in _internal: 127.0.0.1 - - [14/Feb/2024 16:28:39] "[36mGET /static/img/img-132.png HTTP/1.1[0m" 304 -
[2024-02-14 16:28:39,126] INFO in _internal: 127.0.0.1 - - [14/Feb/2024 16:28:39] "[36mGET /static/img/img-133.png HTTP/1.1[0m" 304 -
[2024-02-14 16:28:39,160] INFO in _internal: 127.0.0.1 - - [14/Feb/2024 16:28:39] "[36mGET /static/img/img-158.png HTTP/1.1[0m" 304 -
[2024-02-14 16:28:39,162] INFO in _internal: 127.0.0.1 - - [14/Feb/2024 16:28:39] "[36mGET /static/img/img-159.png HTTP/1.1[0m" 304 -
[2024-02-14 16:28:39,164] INFO in _internal: 127.0.0.1 - - [14/Feb/2024 16:28:39] "[36mGET /static/img/img-160.png HTTP/1.1[0m" 304 -
[2024-02-14 16:28:40,361] INFO in _internal: 127.0.0.1 - - [14/Feb/2024 16:28:40] "[36mGET /static/img/img-45.png HTTP/1.1[0m" 304 -
[2024-02-14 16:28:40,361] INFO in _internal: 127.0.0.1 - - [14/Feb/2024 16:28:40] "[36mGET /static/img/img-46.png HTTP/1.1[0m" 304 -
[2024-02-14 16:28:40,361] INFO in _internal: 127.0.0.1 - - [14/Feb/2024 16:28:40] "[36mGET /static/img/img-47.png HTTP/1.1[0m" 304 -
[2024-02-14 16:28:40,482] INFO in _internal: 127.0.0.1 - - [14/Feb/2024 16:28:40] "[36mGET /static/img/img-1.png HTTP/1.1[0m" 304 -
[2024-02-14 16:28:40,483] INFO in _internal: 127.0.0.1 - - [14/Feb/2024 16:28:40] "[36mGET /static/img/img-2.png HTTP/1.1[0m" 304 -
[2024-02-14 16:28:40,484] INFO in _internal: 127.0.0.1 - - [14/Feb/2024 16:28:40] "[36mGET /static/img/img-3.png HTTP/1.1[0m" 304 -
[2024-02-14 16:30:07,034] INFO in _internal: 127.0.0.1 - - [14/Feb/2024 16:30:07] "GET /info HTTP/1.1" 200 -
[2024-02-14 16:30:07,064] INFO in _internal: 127.0.0.1 - - [14/Feb/2024 16:30:07] "[36mGET /static/css/info.css HTTP/1.1[0m" 304 -
[2024-02-14 16:30:07,065] INFO in _internal: 127.0.0.1 - - [14/Feb/2024 16:30:07] "[36mGET /static/img/logo.png HTTP/1.1[0m" 304 -
[2024-02-14 16:30:07,069] INFO in _internal: 127.0.0.1 - - [14/Feb/2024 16:30:07] "GET /static/js/info.js HTTP/1.1" 200 -
[2024-02-14 16:30:22,189] INFO in _internal: 127.0.0.1 - - [14/Feb/2024 16:30:22] "GET /info HTTP/1.1" 200 -
[2024-02-14 16:30:22,209] INFO in _internal: 127.0.0.1 - - [14/Feb/2024 16:30:22] "[36mGET /static/css/info.css HTTP/1.1[0m" 304 -
[2024-02-14 16:30:22,211] INFO in _internal: 127.0.0.1 - - [14/Feb/2024 16:30:22] "[36mGET /static/img/logo.png HTTP/1.1[0m" 304 -
[2024-02-14 16:30:22,212] INFO in _internal: 127.0.0.1 - - [14/Feb/2024 16:30:22] "GET /static/js/info.js HTTP/1.1" 200 -
[2024-02-14 16:30:22,339] INFO in _internal: 127.0.0.1 - - [14/Feb/2024 16:30:22] "[36mGET /static/img/img-1.png HTTP/1.1[0m" 304 -
[2024-02-14 16:30:22,343] INFO in _internal: 127.0.0.1 - - [14/Feb/2024 16:30:22] "[36mGET /static/img/img-3.png HTTP/1.1[0m" 304 -
[2024-02-14 16:30:22,345] INFO in _internal: 127.0.0.1 - - [14/Feb/2024 16:30:22] "[36mGET /static/img/img-2.png HTTP/1.1[0m" 304 -
[2024-02-14 16:30:22,364] INFO in _internal: 127.0.0.1 - - [14/Feb/2024 16:30:22] "[36mGET /static/img/img-45.png HTTP/1.1[0m" 304 -
[2024-02-14 16:30:22,378] INFO in _internal: 127.0.0.1 - - [14/Feb/2024 16:30:22] "[36mGET /static/img/img-46.png HTTP/1.1[0m" 304 -
[2024-02-14 16:30:22,379] INFO in _internal: 127.0.0.1 - - [14/Feb/2024 16:30:22] "[36mGET /static/img/img-47.png HTTP/1.1[0m" 304 -
[2024-02-14 16:30:27,802] INFO in _internal: 127.0.0.1 - - [14/Feb/2024 16:30:27] "[36mGET /static/img/img-4.png HTTP/1.1[0m" 304 -
[2024-02-14 16:30:27,953] INFO in _internal: 127.0.0.1 - - [14/Feb/2024 16:30:27] "[36mGET /static/img/img-5.png HTTP/1.1[0m" 304 -
[2024-02-14 16:30:28,053] INFO in _internal: 127.0.0.1 - - [14/Feb/2024 16:30:28] "[36mGET /static/img/img-6.png HTTP/1.1[0m" 304 -
[2024-02-14 16:33:09,834] INFO in _internal: 127.0.0.1 - - [14/Feb/2024 16:33:09] "GET /info HTTP/1.1" 200 -
[2024-02-14 16:33:09,862] INFO in _internal: 127.0.0.1 - - [14/Feb/2024 16:33:09] "[36mGET /static/img/logo.png HTTP/1.1[0m" 304 -
[2024-02-14 16:33:09,864] INFO in _internal: 127.0.0.1 - - [14/Feb/2024 16:33:09] "[36mGET /static/css/info.css HTTP/1.1[0m" 304 -
[2024-02-14 16:33:09,867] INFO in _internal: 127.0.0.1 - - [14/Feb/2024 16:33:09] "GET /static/js/info.js HTTP/1.1" 200 -
[2024-02-14 16:33:09,977] INFO in _internal: 127.0.0.1 - - [14/Feb/2024 16:33:09] "[36mGET /static/img/img-1.png HTTP/1.1[0m" 304 -
[2024-02-14 16:33:09,981] INFO in _internal: 127.0.0.1 - - [14/Feb/2024 16:33:09] "[36mGET /static/img/img-2.png HTTP/1.1[0m" 304 -
[2024-02-14 16:33:09,983] INFO in _internal: 127.0.0.1 - - [14/Feb/2024 16:33:09] "[36mGET /static/img/img-3.png HTTP/1.1[0m" 304 -
[2024-02-14 16:33:09,989] INFO in _internal: 127.0.0.1 - - [14/Feb/2024 16:33:09] "[36mGET /static/img/img-45.png HTTP/1.1[0m" 304 -
[2024-02-14 16:33:09,993] INFO in _internal: 127.0.0.1 - - [14/Feb/2024 16:33:09] "[36mGET /static/img/img-46.png HTTP/1.1[0m" 304 -
[2024-02-14 16:33:09,996] INFO in _internal: 127.0.0.1 - - [14/Feb/2024 16:33:09] "[36mGET /static/img/img-47.png HTTP/1.1[0m" 304 -
[2024-02-14 16:33:11,288] INFO in _internal: 127.0.0.1 - - [14/Feb/2024 16:33:11] "[36mGET /static/img/img-88.png HTTP/1.1[0m" 304 -
[2024-02-14 16:33:11,288] INFO in _internal: 127.0.0.1 - - [14/Feb/2024 16:33:11] "[36mGET /static/img/img-89.png HTTP/1.1[0m" 304 -
[2024-02-14 16:33:11,289] INFO in _internal: 127.0.0.1 - - [14/Feb/2024 16:33:11] "[36mGET /static/img/img-90.png HTTP/1.1[0m" 304 -
[2024-02-14 16:33:33,698] INFO in _internal: 127.0.0.1 - - [14/Feb/2024 16:33:33] "GET /info HTTP/1.1" 200 -
[2024-02-14 16:33:33,726] INFO in _internal: 127.0.0.1 - - [14/Feb/2024 16:33:33] "[36mGET /static/css/info.css HTTP/1.1[0m" 304 -
[2024-02-14 16:33:33,726] INFO in _internal: 127.0.0.1 - - [14/Feb/2024 16:33:33] "[36mGET /static/img/logo.png HTTP/1.1[0m" 304 -
[2024-02-14 16:33:33,727] INFO in _internal: 127.0.0.1 - - [14/Feb/2024 16:33:33] "GET /static/js/info.js HTTP/1.1" 200 -
[2024-02-14 16:33:33,839] INFO in _internal: 127.0.0.1 - - [14/Feb/2024 16:33:33] "[36mGET /static/img/img-1.png HTTP/1.1[0m" 304 -
[2024-02-14 16:33:33,855] INFO in _internal: 127.0.0.1 - - [14/Feb/2024 16:33:33] "[36mGET /static/img/img-2.png HTTP/1.1[0m" 304 -
[2024-02-14 16:33:33,870] INFO in _internal: 127.0.0.1 - - [14/Feb/2024 16:33:33] "[36mGET /static/img/img-3.png HTTP/1.1[0m" 304 -
[2024-02-14 16:33:33,894] INFO in _internal: 127.0.0.1 - - [14/Feb/2024 16:33:33] "[36mGET /static/img/img-4.png HTTP/1.1[0m" 304 -
[2024-02-14 16:33:33,899] INFO in _internal: 127.0.0.1 - - [14/Feb/2024 16:33:33] "[36mGET /static/img/img-5.png HTTP/1.1[0m" 304 -
[2024-02-14 16:33:33,908] INFO in _internal: 127.0.0.1 - - [14/Feb/2024 16:33:33] "[36mGET /static/img/img-46.png HTTP/1.1[0m" 304 -
[2024-02-14 16:33:33,910] INFO in _internal: 127.0.0.1 - - [14/Feb/2024 16:33:33] "[36mGET /static/img/img-45.png HTTP/1.1[0m" 304 -
[2024-02-14 16:33:33,951] INFO in _internal: 127.0.0.1 - - [14/Feb/2024 16:33:33] "[36mGET /static/img/img-48.png HTTP/1.1[0m" 304 -
[2024-02-14 16:33:33,953] INFO in _internal: 127.0.0.1 - - [14/Feb/2024 16:33:33] "[36mGET /static/img/img-47.png HTTP/1.1[0m" 304 -
[2024-02-14 16:33:33,959] INFO in _internal: 127.0.0.1 - - [14/Feb/2024 16:33:33] "[36mGET /static/img/img-88.png HTTP/1.1[0m" 304 -
[2024-02-14 16:33:33,970] INFO in _internal: 127.0.0.1 - - [14/Feb/2024 16:33:33] "[36mGET /static/img/img-90.png HTTP/1.1[0m" 304 -
[2024-02-14 16:33:33,971] INFO in _internal: 127.0.0.1 - - [14/Feb/2024 16:33:33] "[36mGET /static/img/img-89.png HTTP/1.1[0m" 304 -
[2024-02-14 16:33:33,977] INFO in _internal: 127.0.0.1 - - [14/Feb/2024 16:33:33] "[36mGET /static/img/img-91.png HTTP/1.1[0m" 304 -
[2024-02-14 16:33:33,982] INFO in _internal: 127.0.0.1 - - [14/Feb/2024 16:33:33] "[36mGET /static/img/img-92.png HTTP/1.1[0m" 304 -
[2024-02-14 16:33:33,985] INFO in _internal: 127.0.0.1 - - [14/Feb/2024 16:33:33] "[36mGET /static/img/img-131.png HTTP/1.1[0m" 304 -
[2024-02-14 16:33:33,992] INFO in _internal: 127.0.0.1 - - [14/Feb/2024 16:33:33] "[36mGET /static/img/img-132.png HTTP/1.1[0m" 304 -
[2024-02-14 16:33:33,994] INFO in _internal: 127.0.0.1 - - [14/Feb/2024 16:33:33] "[36mGET /static/img/img-133.png HTTP/1.1[0m" 304 -
[2024-02-14 16:33:33,996] INFO in _internal: 127.0.0.1 - - [14/Feb/2024 16:33:33] "[36mGET /static/img/img-134.png HTTP/1.1[0m" 304 -
[2024-02-14 16:33:34,003] INFO in _internal: 127.0.0.1 - - [14/Feb/2024 16:33:34] "[36mGET /static/img/img-135.png HTTP/1.1[0m" 304 -
[2024-02-14 16:33:34,007] INFO in _internal: 127.0.0.1 - - [14/Feb/2024 16:33:34] "[36mGET /static/img/img-158.png HTTP/1.1[0m" 304 -
[2024-02-14 16:33:34,009] INFO in _internal: 127.0.0.1 - - [14/Feb/2024 16:33:34] "[36mGET /static/img/img-159.png HTTP/1.1[0m" 304 -
[2024-02-14 16:33:34,018] INFO in _internal: 127.0.0.1 - - [14/Feb/2024 16:33:34] "[36mGET /static/img/img-160.png HTTP/1.1[0m" 304 -
[2024-02-14 16:33:34,023] INFO in _internal: 127.0.0.1 - - [14/Feb/2024 16:33:34] "[36mGET /static/img/img-161.png HTTP/1.1[0m" 304 -
[2024-02-14 16:33:34,025] INFO in _internal: 127.0.0.1 - - [14/Feb/2024 16:33:34] "[36mGET /static/img/img-162.png HTTP/1.1[0m" 304 -
[2024-02-14 16:33:34,033] INFO in _internal: 127.0.0.1 - - [14/Feb/2024 16:33:34] "[36mGET /static/img/img-171.png HTTP/1.1[0m" 304 -
[2024-02-14 16:33:34,035] INFO in _internal: 127.0.0.1 - - [14/Feb/2024 16:33:34] "[36mGET /static/img/img-172.png HTTP/1.1[0m" 304 -
[2024-02-14 16:33:34,041] INFO in _internal: 127.0.0.1 - - [14/Feb/2024 16:33:34] "[36mGET /static/img/img-173.png HTTP/1.1[0m" 304 -
[2024-02-14 16:33:34,051] INFO in _internal: 127.0.0.1 - - [14/Feb/2024 16:33:34] "[36mGET /static/img/img-49.png HTTP/1.1[0m" 304 -
[2024-02-14 16:33:34,053] INFO in _internal: 127.0.0.1 - - [14/Feb/2024 16:33:34] "[36mGET /static/img/img-174.png HTTP/1.1[0m" 304 -
[2024-02-14 16:33:34,055] INFO in _internal: 127.0.0.1 - - [14/Feb/2024 16:33:34] "[36mGET /static/img/img-175.png HTTP/1.1[0m" 304 -
[2024-02-14 16:33:40,174] INFO in _internal: 127.0.0.1 - - [14/Feb/2024 16:33:40] "GET /info HTTP/1.1" 200 -
[2024-02-14 16:33:40,196] INFO in _internal: 127.0.0.1 - - [14/Feb/2024 16:33:40] "[36mGET /static/img/logo.png HTTP/1.1[0m" 304 -
[2024-02-14 16:33:40,197] INFO in _internal: 127.0.0.1 - - [14/Feb/2024 16:33:40] "[36mGET /static/css/info.css HTTP/1.1[0m" 304 -
[2024-02-14 16:33:40,198] INFO in _internal: 127.0.0.1 - - [14/Feb/2024 16:33:40] "[36mGET /static/js/info.js HTTP/1.1[0m" 304 -
[2024-02-14 16:33:40,313] INFO in _internal: 127.0.0.1 - - [14/Feb/2024 16:33:40] "[36mGET /static/img/img-1.png HTTP/1.1[0m" 304 -
[2024-02-14 16:33:40,329] INFO in _internal: 127.0.0.1 - - [14/Feb/2024 16:33:40] "[36mGET /static/img/img-2.png HTTP/1.1[0m" 304 -
[2024-02-14 16:33:40,332] INFO in _internal: 127.0.0.1 - - [14/Feb/2024 16:33:40] "[36mGET /static/img/img-3.png HTTP/1.1[0m" 304 -
[2024-02-14 16:33:40,335] INFO in _internal: 127.0.0.1 - - [14/Feb/2024 16:33:40] "[36mGET /static/img/img-4.png HTTP/1.1[0m" 304 -
[2024-02-14 16:33:40,357] INFO in _internal: 127.0.0.1 - - [14/Feb/2024 16:33:40] "[36mGET /static/img/img-5.png HTTP/1.1[0m" 304 -
[2024-02-14 16:33:40,361] INFO in _internal: 127.0.0.1 - - [14/Feb/2024 16:33:40] "[36mGET /static/img/img-45.png HTTP/1.1[0m" 304 -
[2024-02-14 16:33:40,368] INFO in _internal: 127.0.0.1 - - [14/Feb/2024 16:33:40] "[36mGET /static/img/img-46.png HTTP/1.1[0m" 304 -
[2024-02-14 16:33:40,373] INFO in _internal: 127.0.0.1 - - [14/Feb/2024 16:33:40] "[36mGET /static/img/img-47.png HTTP/1.1[0m" 304 -
[2024-02-14 16:33:40,379] INFO in _internal: 127.0.0.1 - - [14/Feb/2024 16:33:40] "[36mGET /static/img/img-48.png HTTP/1.1[0m" 304 -
[2024-02-14 16:33:40,383] INFO in _internal: 127.0.0.1 - - [14/Feb/2024 16:33:40] "[36mGET /static/img/img-88.png HTTP/1.1[0m" 304 -
[2024-02-14 16:33:40,384] INFO in _internal: 127.0.0.1 - - [14/Feb/2024 16:33:40] "[36mGET /static/img/img-89.png HTTP/1.1[0m" 304 -
[2024-02-14 16:33:40,387] INFO in _internal: 127.0.0.1 - - [14/Feb/2024 16:33:40] "[36mGET /static/img/img-90.png HTTP/1.1[0m" 304 -
[2024-02-14 16:33:40,403] INFO in _internal: 127.0.0.1 - - [14/Feb/2024 16:33:40] "[36mGET /static/img/img-91.png HTTP/1.1[0m" 304 -
[2024-02-14 16:33:40,405] INFO in _internal: 127.0.0.1 - - [14/Feb/2024 16:33:40] "[36mGET /static/img/img-92.png HTTP/1.1[0m" 304 -
[2024-02-14 16:33:40,409] INFO in _internal: 127.0.0.1 - - [14/Feb/2024 16:33:40] "[36mGET /static/img/img-131.png HTTP/1.1[0m" 304 -
[2024-02-14 16:33:40,413] INFO in _internal: 127.0.0.1 - - [14/Feb/2024 16:33:40] "[36mGET /static/img/img-132.png HTTP/1.1[0m" 304 -
[2024-02-14 16:33:40,420] INFO in _internal: 127.0.0.1 - - [14/Feb/2024 16:33:40] "[36mGET /static/img/img-134.png HTTP/1.1[0m" 304 -
[2024-02-14 16:33:40,429] INFO in _internal: 127.0.0.1 - - [14/Feb/2024 16:33:40] "[36mGET /static/img/img-133.png HTTP/1.1[0m" 304 -
[2024-02-14 16:33:40,431] INFO in _internal: 127.0.0.1 - - [14/Feb/2024 16:33:40] "[36mGET /static/img/img-135.png HTTP/1.1[0m" 304 -
[2024-02-14 16:33:40,433] INFO in _internal: 127.0.0.1 - - [14/Feb/2024 16:33:40] "[36mGET /static/img/img-158.png HTTP/1.1[0m" 304 -
[2024-02-14 16:33:40,444] INFO in _internal: 127.0.0.1 - - [14/Feb/2024 16:33:40] "[36mGET /static/img/img-159.png HTTP/1.1[0m" 304 -
[2024-02-14 16:33:40,450] INFO in _internal: 127.0.0.1 - - [14/Feb/2024 16:33:40] "[36mGET /static/img/img-160.png HTTP/1.1[0m" 304 -
[2024-02-14 16:33:40,454] INFO in _internal: 127.0.0.1 - - [14/Feb/2024 16:33:40] "[36mGET /static/img/img-161.png HTTP/1.1[0m" 304 -
[2024-02-14 16:33:40,457] INFO in _internal: 127.0.0.1 - - [14/Feb/2024 16:33:40] "[36mGET /static/img/img-162.png HTTP/1.1[0m" 304 -
[2024-02-14 16:33:40,461] INFO in _internal: 127.0.0.1 - - [14/Feb/2024 16:33:40] "[36mGET /static/img/img-171.png HTTP/1.1[0m" 304 -
[2024-02-14 16:33:40,466] INFO in _internal: 127.0.0.1 - - [14/Feb/2024 16:33:40] "[36mGET /static/img/img-172.png HTTP/1.1[0m" 304 -
[2024-02-14 16:33:40,470] INFO in _internal: 127.0.0.1 - - [14/Feb/2024 16:33:40] "[36mGET /static/img/img-173.png HTTP/1.1[0m" 304 -
[2024-02-14 16:33:40,473] INFO in _internal: 127.0.0.1 - - [14/Feb/2024 16:33:40] "[36mGET /static/img/img-49.png HTTP/1.1[0m" 304 -
[2024-02-14 16:33:40,478] INFO in _internal: 127.0.0.1 - - [14/Feb/2024 16:33:40] "[36mGET /static/img/img-174.png HTTP/1.1[0m" 304 -
[2024-02-14 16:33:40,479] INFO in _internal: 127.0.0.1 - - [14/Feb/2024 16:33:40] "[36mGET /static/img/img-175.png HTTP/1.1[0m" 304 -
[2024-02-14 16:45:04,578] INFO in _internal: 127.0.0.1 - - [14/Feb/2024 16:45:04] "GET /info HTTP/1.1" 200 -
[2024-02-14 16:45:04,613] INFO in _internal: 127.0.0.1 - - [14/Feb/2024 16:45:04] "[36mGET /static/css/info.css HTTP/1.1[0m" 304 -
[2024-02-14 16:45:04,614] INFO in _internal: 127.0.0.1 - - [14/Feb/2024 16:45:04] "[36mGET /static/img/logo.png HTTP/1.1[0m" 304 -
[2024-02-14 16:45:04,615] INFO in _internal: 127.0.0.1 - - [14/Feb/2024 16:45:04] "GET /static/js/info.js HTTP/1.1" 200 -
[2024-02-14 16:45:04,772] INFO in _internal: 127.0.0.1 - - [14/Feb/2024 16:45:04] "[36mGET /static/img/img-4.png HTTP/1.1[0m" 304 -
[2024-02-14 16:45:04,776] INFO in _internal: 127.0.0.1 - - [14/Feb/2024 16:45:04] "[36mGET /static/img/img-1.png HTTP/1.1[0m" 304 -
[2024-02-14 16:45:04,782] INFO in _internal: 127.0.0.1 - - [14/Feb/2024 16:45:04] "[36mGET /static/img/img-2.png HTTP/1.1[0m" 304 -
[2024-02-14 16:45:04,786] INFO in _internal: 127.0.0.1 - - [14/Feb/2024 16:45:04] "[36mGET /static/img/img-3.png HTTP/1.1[0m" 304 -
[2024-02-14 16:45:04,820] INFO in _internal: 127.0.0.1 - - [14/Feb/2024 16:45:04] "[36mGET /static/img/img-5.png HTTP/1.1[0m" 304 -
[2024-02-14 16:45:04,825] INFO in _internal: 127.0.0.1 - - [14/Feb/2024 16:45:04] "[36mGET /static/img/img-46.png HTTP/1.1[0m" 304 -
[2024-02-14 16:45:04,826] INFO in _internal: 127.0.0.1 - - [14/Feb/2024 16:45:04] "[36mGET /static/img/img-45.png HTTP/1.1[0m" 304 -
[2024-02-14 16:45:04,830] INFO in _internal: 127.0.0.1 - - [14/Feb/2024 16:45:04] "[36mGET /static/img/img-47.png HTTP/1.1[0m" 304 -
[2024-02-14 16:45:04,837] INFO in _internal: 127.0.0.1 - - [14/Feb/2024 16:45:04] "[36mGET /static/img/img-49.png HTTP/1.1[0m" 304 -
[2024-02-14 16:45:04,839] INFO in _internal: 127.0.0.1 - - [14/Feb/2024 16:45:04] "[36mGET /static/img/img-48.png HTTP/1.1[0m" 304 -
[2024-02-14 16:45:04,854] INFO in _internal: 127.0.0.1 - - [14/Feb/2024 16:45:04] "[36mGET /static/img/img-88.png HTTP/1.1[0m" 304 -
[2024-02-14 16:45:04,861] INFO in _internal: 127.0.0.1 - - [14/Feb/2024 16:45:04] "[36mGET /static/img/img-89.png HTTP/1.1[0m" 304 -
[2024-02-14 16:45:04,865] INFO in _internal: 127.0.0.1 - - [14/Feb/2024 16:45:04] "[36mGET /static/img/img-90.png HTTP/1.1[0m" 304 -
[2024-02-14 16:45:04,869] INFO in _internal: 127.0.0.1 - - [14/Feb/2024 16:45:04] "[36mGET /static/img/img-91.png HTTP/1.1[0m" 304 -
[2024-02-14 16:45:04,871] INFO in _internal: 127.0.0.1 - - [14/Feb/2024 16:45:04] "[36mGET /static/img/img-92.png HTTP/1.1[0m" 304 -
[2024-02-14 16:45:04,881] INFO in _internal: 127.0.0.1 - - [14/Feb/2024 16:45:04] "[36mGET /static/img/img-131.png HTTP/1.1[0m" 304 -
[2024-02-14 16:45:04,882] INFO in _internal: 127.0.0.1 - - [14/Feb/2024 16:45:04] "[36mGET /static/img/img-132.png HTTP/1.1[0m" 304 -
[2024-02-14 16:45:04,886] INFO in _internal: 127.0.0.1 - - [14/Feb/2024 16:45:04] "[36mGET /static/img/img-133.png HTTP/1.1[0m" 304 -
[2024-02-14 16:45:04,888] INFO in _internal: 127.0.0.1 - - [14/Feb/2024 16:45:04] "[36mGET /static/img/img-134.png HTTP/1.1[0m" 304 -
[2024-02-14 16:45:04,894] INFO in _internal: 127.0.0.1 - - [14/Feb/2024 16:45:04] "[36mGET /static/img/img-135.png HTTP/1.1[0m" 304 -
[2024-02-14 16:45:04,898] INFO in _internal: 127.0.0.1 - - [14/Feb/2024 16:45:04] "[36mGET /static/img/img-158.png HTTP/1.1[0m" 304 -
[2024-02-14 16:45:04,901] INFO in _internal: 127.0.0.1 - - [14/Feb/2024 16:45:04] "[36mGET /static/img/img-159.png HTTP/1.1[0m" 304 -
[2024-02-14 16:45:04,907] INFO in _internal: 127.0.0.1 - - [14/Feb/2024 16:45:04] "[36mGET /static/img/img-160.png HTTP/1.1[0m" 304 -
[2024-02-14 16:45:04,911] INFO in _internal: 127.0.0.1 - - [14/Feb/2024 16:45:04] "[36mGET /static/img/img-161.png HTTP/1.1[0m" 304 -
[2024-02-14 16:45:04,913] INFO in _internal: 127.0.0.1 - - [14/Feb/2024 16:45:04] "[36mGET /static/img/img-162.png HTTP/1.1[0m" 304 -
[2024-02-14 16:45:04,924] INFO in _internal: 127.0.0.1 - - [14/Feb/2024 16:45:04] "[36mGET /static/img/img-171.png HTTP/1.1[0m" 304 -
[2024-02-14 16:45:04,926] INFO in _internal: 127.0.0.1 - - [14/Feb/2024 16:45:04] "[36mGET /static/img/img-172.png HTTP/1.1[0m" 304 -
[2024-02-14 16:45:04,932] INFO in _internal: 127.0.0.1 - - [14/Feb/2024 16:45:04] "[36mGET /static/img/img-173.png HTTP/1.1[0m" 304 -
[2024-02-14 16:45:04,947] INFO in _internal: 127.0.0.1 - - [14/Feb/2024 16:45:04] "[36mGET /static/img/img-174.png HTTP/1.1[0m" 304 -
[2024-02-14 16:45:05,373] INFO in _internal: 127.0.0.1 - - [14/Feb/2024 16:45:05] "[36mGET /static/img/img-175.png HTTP/1.1[0m" 304 -
[2024-02-14 16:45:06,653] INFO in _internal: 127.0.0.1 - - [14/Feb/2024 16:45:06] "[36mGET /static/img/img-6.png HTTP/1.1[0m" 304 -
[2024-02-14 16:45:06,784] INFO in _internal: 127.0.0.1 - - [14/Feb/2024 16:45:06] "[36mGET /static/img/img-7.png HTTP/1.1[0m" 304 -
[2024-02-14 16:45:06,888] INFO in _internal: 127.0.0.1 - - [14/Feb/2024 16:45:06] "[36mGET /static/img/img-8.png HTTP/1.1[0m" 304 -
[2024-02-14 16:45:23,609] INFO in _internal: 127.0.0.1 - - [14/Feb/2024 16:45:23] "GET /static/img/img-181.png HTTP/1.1" 200 -
[2024-02-14 16:45:23,609] INFO in _internal: 127.0.0.1 - - [14/Feb/2024 16:45:23] "GET /static/img/img-182.png HTTP/1.1" 200 -
[2024-02-14 16:45:23,610] INFO in _internal: 127.0.0.1 - - [14/Feb/2024 16:45:23] "[36mGET /static/img/img-178.png HTTP/1.1[0m" 304 -
[2024-02-14 16:45:23,617] INFO in _internal: 127.0.0.1 - - [14/Feb/2024 16:45:23] "[36mGET /static/img/img-179.png HTTP/1.1[0m" 304 -
[2024-02-14 16:45:23,619] INFO in _internal: 127.0.0.1 - - [14/Feb/2024 16:45:23] "[36mGET /static/img/img-180.png HTTP/1.1[0m" 304 -
[2024-02-14 16:45:23,640] INFO in _internal: 127.0.0.1 - - [14/Feb/2024 16:45:23] "[36mGET /static/img/img-183.png HTTP/1.1[0m" 304 -
[2024-02-14 16:45:23,644] INFO in _internal: 127.0.0.1 - - [14/Feb/2024 16:45:23] "[36mGET /static/img/img-184.png HTTP/1.1[0m" 304 -
[2024-02-14 16:45:23,650] INFO in _internal: 127.0.0.1 - - [14/Feb/2024 16:45:23] "[36mGET /static/img/img-185.png HTTP/1.1[0m" 304 -
[2024-02-14 16:45:23,720] INFO in _internal: 127.0.0.1 - - [14/Feb/2024 16:45:23] "[36mGET /static/img/img-186.png HTTP/1.1[0m" 304 -
[2024-02-14 16:45:23,722] INFO in _internal: 127.0.0.1 - - [14/Feb/2024 16:45:23] "[36mGET /static/img/img-187.png HTTP/1.1[0m" 304 -
[2024-02-14 16:45:23,723] INFO in _internal: 127.0.0.1 - - [14/Feb/2024 16:45:23] "[36mGET /static/img/img-188.png HTTP/1.1[0m" 304 -
[2024-02-14 16:45:23,739] INFO in _internal: 127.0.0.1 - - [14/Feb/2024 16:45:23] "GET /static/img/img-189.png HTTP/1.1" 200 -
[2024-02-14 16:45:23,752] INFO in _internal: 127.0.0.1 - - [14/Feb/2024 16:45:23] "GET /static/img/img-190.png HTTP/1.1" 200 -
[2024-02-14 16:45:30,262] INFO in _internal: 127.0.0.1 - - [14/Feb/2024 16:45:30] "GET /info HTTP/1.1" 200 -
[2024-02-14 16:45:30,289] INFO in _internal: 127.0.0.1 - - [14/Feb/2024 16:45:30] "[36mGET /static/img/logo.png HTTP/1.1[0m" 304 -
[2024-02-14 16:45:30,289] INFO in _internal: 127.0.0.1 - - [14/Feb/2024 16:45:30] "[36mGET /static/css/info.css HTTP/1.1[0m" 304 -
[2024-02-14 16:45:30,290] INFO in _internal: 127.0.0.1 - - [14/Feb/2024 16:45:30] "[36mGET /static/js/info.js HTTP/1.1[0m" 304 -
[2024-02-14 16:45:30,399] INFO in _internal: 127.0.0.1 - - [14/Feb/2024 16:45:30] "[36mGET /static/img/img-1.png HTTP/1.1[0m" 304 -
[2024-02-14 16:45:30,411] INFO in _internal: 127.0.0.1 - - [14/Feb/2024 16:45:30] "[36mGET /static/img/img-2.png HTTP/1.1[0m" 304 -
[2024-02-14 16:45:30,415] INFO in _internal: 127.0.0.1 - - [14/Feb/2024 16:45:30] "[36mGET /static/img/img-3.png HTTP/1.1[0m" 304 -
[2024-02-14 16:45:30,419] INFO in _internal: 127.0.0.1 - - [14/Feb/2024 16:45:30] "[36mGET /static/img/img-4.png HTTP/1.1[0m" 304 -
[2024-02-14 16:45:30,420] INFO in _internal: 127.0.0.1 - - [14/Feb/2024 16:45:30] "[36mGET /static/img/img-5.png HTTP/1.1[0m" 304 -
[2024-02-14 16:45:30,452] INFO in _internal: 127.0.0.1 - - [14/Feb/2024 16:45:30] "[36mGET /static/img/img-45.png HTTP/1.1[0m" 304 -
[2024-02-14 16:45:30,471] INFO in _internal: 127.0.0.1 - - [14/Feb/2024 16:45:30] "[36mGET /static/img/img-46.png HTTP/1.1[0m" 304 -
[2024-02-14 16:45:30,517] INFO in _internal: 127.0.0.1 - - [14/Feb/2024 16:45:30] "[36mGET /static/img/img-47.png HTTP/1.1[0m" 304 -
[2024-02-14 16:45:30,519] INFO in _internal: 127.0.0.1 - - [14/Feb/2024 16:45:30] "[36mGET /static/img/img-48.png HTTP/1.1[0m" 304 -
[2024-02-14 16:45:30,522] INFO in _internal: 127.0.0.1 - - [14/Feb/2024 16:45:30] "[36mGET /static/img/img-49.png HTTP/1.1[0m" 304 -
[2024-02-14 16:45:30,525] INFO in _internal: 127.0.0.1 - - [14/Feb/2024 16:45:30] "[36mGET /static/img/img-88.png HTTP/1.1[0m" 304 -
[2024-02-14 16:45:30,527] INFO in _internal: 127.0.0.1 - - [14/Feb/2024 16:45:30] "[36mGET /static/img/img-89.png HTTP/1.1[0m" 304 -
[2024-02-14 16:45:30,532] INFO in _internal: 127.0.0.1 - - [14/Feb/2024 16:45:30] "[36mGET /static/img/img-90.png HTTP/1.1[0m" 304 -
[2024-02-14 16:45:30,538] INFO in _internal: 127.0.0.1 - - [14/Feb/2024 16:45:30] "[36mGET /static/img/img-91.png HTTP/1.1[0m" 304 -
[2024-02-14 16:45:30,542] INFO in _internal: 127.0.0.1 - - [14/Feb/2024 16:45:30] "[36mGET /static/img/img-92.png HTTP/1.1[0m" 304 -
[2024-02-14 16:45:30,548] INFO in _internal: 127.0.0.1 - - [14/Feb/2024 16:45:30] "[36mGET /static/img/img-131.png HTTP/1.1[0m" 304 -
[2024-02-14 16:45:30,550] INFO in _internal: 127.0.0.1 - - [14/Feb/2024 16:45:30] "[36mGET /static/img/img-132.png HTTP/1.1[0m" 304 -
[2024-02-14 16:45:30,553] INFO in _internal: 127.0.0.1 - - [14/Feb/2024 16:45:30] "[36mGET /static/img/img-133.png HTTP/1.1[0m" 304 -
[2024-02-14 16:45:30,563] INFO in _internal: 127.0.0.1 - - [14/Feb/2024 16:45:30] "[36mGET /static/img/img-134.png HTTP/1.1[0m" 304 -
[2024-02-14 16:45:30,571] INFO in _internal: 127.0.0.1 - - [14/Feb/2024 16:45:30] "[36mGET /static/img/img-135.png HTTP/1.1[0m" 304 -
[2024-02-14 16:45:30,574] INFO in _internal: 127.0.0.1 - - [14/Feb/2024 16:45:30] "[36mGET /static/img/img-158.png HTTP/1.1[0m" 304 -
[2024-02-14 16:45:30,584] INFO in _internal: 127.0.0.1 - - [14/Feb/2024 16:45:30] "[36mGET /static/img/img-159.png HTTP/1.1[0m" 304 -
[2024-02-14 16:45:30,587] INFO in _internal: 127.0.0.1 - - [14/Feb/2024 16:45:30] "[36mGET /static/img/img-160.png HTTP/1.1[0m" 304 -
[2024-02-14 16:45:30,596] INFO in _internal: 127.0.0.1 - - [14/Feb/2024 16:45:30] "[36mGET /static/img/img-161.png HTTP/1.1[0m" 304 -
[2024-02-14 16:45:30,598] INFO in _internal: 127.0.0.1 - - [14/Feb/2024 16:45:30] "[36mGET /static/img/img-162.png HTTP/1.1[0m" 304 -
[2024-02-14 16:45:30,599] INFO in _internal: 127.0.0.1 - - [14/Feb/2024 16:45:30] "[36mGET /static/img/img-171.png HTTP/1.1[0m" 304 -
[2024-02-14 16:45:30,609] INFO in _internal: 127.0.0.1 - - [14/Feb/2024 16:45:30] "[36mGET /static/img/img-172.png HTTP/1.1[0m" 304 -
[2024-02-14 16:45:30,614] INFO in _internal: 127.0.0.1 - - [14/Feb/2024 16:45:30] "[36mGET /static/img/img-173.png HTTP/1.1[0m" 304 -
[2024-02-14 16:45:30,616] INFO in _internal: 127.0.0.1 - - [14/Feb/2024 16:45:30] "[36mGET /static/img/img-174.png HTTP/1.1[0m" 304 -
[2024-02-14 16:45:30,624] INFO in _internal: 127.0.0.1 - - [14/Feb/2024 16:45:30] "[36mGET /static/img/img-175.png HTTP/1.1[0m" 304 -
[2024-02-14 16:45:35,325] INFO in _internal: 127.0.0.1 - - [14/Feb/2024 16:45:35] "[36mGET /static/img/img-6.png HTTP/1.1[0m" 304 -
[2024-02-14 16:45:35,458] INFO in _internal: 127.0.0.1 - - [14/Feb/2024 16:45:35] "[36mGET /static/img/img-7.png HTTP/1.1[0m" 304 -
[2024-02-14 16:45:35,559] INFO in _internal: 127.0.0.1 - - [14/Feb/2024 16:45:35] "[36mGET /static/img/img-8.png HTTP/1.1[0m" 304 -
[2024-02-14 16:47:54,927] INFO in _internal: 127.0.0.1 - - [14/Feb/2024 16:47:54] "GET /info HTTP/1.1" 200 -
[2024-02-14 16:47:54,956] INFO in _internal: 127.0.0.1 - - [14/Feb/2024 16:47:54] "[36mGET /static/css/info.css HTTP/1.1[0m" 304 -
[2024-02-14 16:47:54,959] INFO in _internal: 127.0.0.1 - - [14/Feb/2024 16:47:54] "[36mGET /static/img/logo.png HTTP/1.1[0m" 304 -
[2024-02-14 16:47:54,961] INFO in _internal: 127.0.0.1 - - [14/Feb/2024 16:47:54] "GET /static/js/info.js HTTP/1.1" 200 -
[2024-02-14 16:48:05,488] INFO in _internal: 127.0.0.1 - - [14/Feb/2024 16:48:05] "GET /info HTTP/1.1" 200 -
[2024-02-14 16:48:05,512] INFO in _internal: 127.0.0.1 - - [14/Feb/2024 16:48:05] "[36mGET /static/css/info.css HTTP/1.1[0m" 304 -
[2024-02-14 16:48:05,513] INFO in _internal: 127.0.0.1 - - [14/Feb/2024 16:48:05] "[36mGET /static/img/logo.png HTTP/1.1[0m" 304 -
[2024-02-14 16:48:05,516] INFO in _internal: 127.0.0.1 - - [14/Feb/2024 16:48:05] "GET /static/js/info.js HTTP/1.1" 200 -
[2024-02-14 16:48:05,633] INFO in _internal: 127.0.0.1 - - [14/Feb/2024 16:48:05] "[36mGET /static/img/img-1.png HTTP/1.1[0m" 304 -
[2024-02-14 16:48:05,635] INFO in _internal: 127.0.0.1 - - [14/Feb/2024 16:48:05] "[36mGET /static/img/img-2.png HTTP/1.1[0m" 304 -
[2024-02-14 16:48:05,638] INFO in _internal: 127.0.0.1 - - [14/Feb/2024 16:48:05] "[36mGET /static/img/img-3.png HTTP/1.1[0m" 304 -
[2024-02-14 16:48:05,639] INFO in _internal: 127.0.0.1 - - [14/Feb/2024 16:48:05] "[36mGET /static/img/img-4.png HTTP/1.1[0m" 304 -
[2024-02-14 16:48:05,652] INFO in _internal: 127.0.0.1 - - [14/Feb/2024 16:48:05] "[36mGET /static/img/img-5.png HTTP/1.1[0m" 304 -
[2024-02-14 16:48:05,668] INFO in _internal: 127.0.0.1 - - [14/Feb/2024 16:48:05] "[36mGET /static/img/img-45.png HTTP/1.1[0m" 304 -
[2024-02-14 16:48:05,672] INFO in _internal: 127.0.0.1 - - [14/Feb/2024 16:48:05] "[36mGET /static/img/img-46.png HTTP/1.1[0m" 304 -
[2024-02-14 16:48:05,675] INFO in _internal: 127.0.0.1 - - [14/Feb/2024 16:48:05] "[36mGET /static/img/img-47.png HTTP/1.1[0m" 304 -
[2024-02-14 16:48:05,684] INFO in _internal: 127.0.0.1 - - [14/Feb/2024 16:48:05] "[36mGET /static/img/img-48.png HTTP/1.1[0m" 304 -
[2024-02-14 16:48:05,685] INFO in _internal: 127.0.0.1 - - [14/Feb/2024 16:48:05] "[36mGET /static/img/img-49.png HTTP/1.1[0m" 304 -
[2024-02-14 16:48:05,702] INFO in _internal: 127.0.0.1 - - [14/Feb/2024 16:48:05] "[36mGET /static/img/img-88.png HTTP/1.1[0m" 304 -
[2024-02-14 16:48:05,704] INFO in _internal: 127.0.0.1 - - [14/Feb/2024 16:48:05] "[36mGET /static/img/img-89.png HTTP/1.1[0m" 304 -
[2024-02-14 16:48:05,707] INFO in _internal: 127.0.0.1 - - [14/Feb/2024 16:48:05] "[36mGET /static/img/img-90.png HTTP/1.1[0m" 304 -
[2024-02-14 16:48:05,710] INFO in _internal: 127.0.0.1 - - [14/Feb/2024 16:48:05] "[36mGET /static/img/img-91.png HTTP/1.1[0m" 304 -
[2024-02-14 16:48:05,719] INFO in _internal: 127.0.0.1 - - [14/Feb/2024 16:48:05] "[36mGET /static/img/img-131.png HTTP/1.1[0m" 304 -
[2024-02-14 16:48:05,720] INFO in _internal: 127.0.0.1 - - [14/Feb/2024 16:48:05] "[36mGET /static/img/img-92.png HTTP/1.1[0m" 304 -
[2024-02-14 16:48:05,730] INFO in _internal: 127.0.0.1 - - [14/Feb/2024 16:48:05] "[36mGET /static/img/img-132.png HTTP/1.1[0m" 304 -
[2024-02-14 16:48:05,734] INFO in _internal: 127.0.0.1 - - [14/Feb/2024 16:48:05] "[36mGET /static/img/img-133.png HTTP/1.1[0m" 304 -
[2024-02-14 16:48:05,735] INFO in _internal: 127.0.0.1 - - [14/Feb/2024 16:48:05] "[36mGET /static/img/img-134.png HTTP/1.1[0m" 304 -
[2024-02-14 16:48:05,738] INFO in _internal: 127.0.0.1 - - [14/Feb/2024 16:48:05] "[36mGET /static/img/img-135.png HTTP/1.1[0m" 304 -
[2024-02-14 16:48:05,743] INFO in _internal: 127.0.0.1 - - [14/Feb/2024 16:48:05] "[36mGET /static/img/img-158.png HTTP/1.1[0m" 304 -
[2024-02-14 16:48:05,750] INFO in _internal: 127.0.0.1 - - [14/Feb/2024 16:48:05] "[36mGET /static/img/img-160.png HTTP/1.1[0m" 304 -
[2024-02-14 16:48:05,750] INFO in _internal: 127.0.0.1 - - [14/Feb/2024 16:48:05] "[36mGET /static/img/img-159.png HTTP/1.1[0m" 304 -
[2024-02-14 16:48:05,751] INFO in _internal: 127.0.0.1 - - [14/Feb/2024 16:48:05] "[36mGET /static/img/img-161.png HTTP/1.1[0m" 304 -
[2024-02-14 16:48:05,759] INFO in _internal: 127.0.0.1 - - [14/Feb/2024 16:48:05] "[36mGET /static/img/img-162.png HTTP/1.1[0m" 304 -
[2024-02-14 16:48:05,763] INFO in _internal: 127.0.0.1 - - [14/Feb/2024 16:48:05] "[36mGET /static/img/img-171.png HTTP/1.1[0m" 304 -
[2024-02-14 16:48:05,766] INFO in _internal: 127.0.0.1 - - [14/Feb/2024 16:48:05] "[36mGET /static/img/img-172.png HTTP/1.1[0m" 304 -
[2024-02-14 16:48:05,769] INFO in _internal: 127.0.0.1 - - [14/Feb/2024 16:48:05] "[36mGET /static/img/img-173.png HTTP/1.1[0m" 304 -
[2024-02-14 16:48:05,777] INFO in _internal: 127.0.0.1 - - [14/Feb/2024 16:48:05] "[36mGET /static/img/img-174.png HTTP/1.1[0m" 304 -
[2024-02-14 16:48:05,780] INFO in _internal: 127.0.0.1 - - [14/Feb/2024 16:48:05] "[36mGET /static/img/img-175.png HTTP/1.1[0m" 304 -
[2024-02-14 16:48:07,533] INFO in _internal: 127.0.0.1 - - [14/Feb/2024 16:48:07] "[36mGET /static/img/img-6.png HTTP/1.1[0m" 304 -
[2024-02-14 16:48:07,667] INFO in _internal: 127.0.0.1 - - [14/Feb/2024 16:48:07] "[36mGET /static/img/img-7.png HTTP/1.1[0m" 304 -
[2024-02-14 16:48:07,767] INFO in _internal: 127.0.0.1 - - [14/Feb/2024 16:48:07] "[36mGET /static/img/img-8.png HTTP/1.1[0m" 304 -
[2024-02-14 16:48:18,445] INFO in _internal: 127.0.0.1 - - [14/Feb/2024 16:48:18] "GET /info HTTP/1.1" 200 -
[2024-02-14 16:48:18,466] INFO in _internal: 127.0.0.1 - - [14/Feb/2024 16:48:18] "[36mGET /static/css/info.css HTTP/1.1[0m" 304 -
[2024-02-14 16:48:18,466] INFO in _internal: 127.0.0.1 - - [14/Feb/2024 16:48:18] "[36mGET /static/img/logo.png HTTP/1.1[0m" 304 -
[2024-02-14 16:48:18,467] INFO in _internal: 127.0.0.1 - - [14/Feb/2024 16:48:18] "[36mGET /static/js/info.js HTTP/1.1[0m" 304 -
[2024-02-14 16:48:18,569] INFO in _internal: 127.0.0.1 - - [14/Feb/2024 16:48:18] "[36mGET /static/img/img-1.png HTTP/1.1[0m" 304 -
[2024-02-14 16:48:18,569] INFO in _internal: 127.0.0.1 - - [14/Feb/2024 16:48:18] "[36mGET /static/img/img-2.png HTTP/1.1[0m" 304 -
[2024-02-14 16:48:18,574] INFO in _internal: 127.0.0.1 - - [14/Feb/2024 16:48:18] "[36mGET /static/img/img-3.png HTTP/1.1[0m" 304 -
[2024-02-14 16:48:18,580] INFO in _internal: 127.0.0.1 - - [14/Feb/2024 16:48:18] "[36mGET /static/img/img-4.png HTTP/1.1[0m" 304 -
[2024-02-14 16:48:18,587] INFO in _internal: 127.0.0.1 - - [14/Feb/2024 16:48:18] "[36mGET /static/img/img-5.png HTTP/1.1[0m" 304 -
[2024-02-14 16:48:18,594] INFO in _internal: 127.0.0.1 - - [14/Feb/2024 16:48:18] "[36mGET /static/img/img-45.png HTTP/1.1[0m" 304 -
[2024-02-14 16:48:18,617] INFO in _internal: 127.0.0.1 - - [14/Feb/2024 16:48:18] "[36mGET /static/img/img-46.png HTTP/1.1[0m" 304 -
[2024-02-14 16:48:18,618] INFO in _internal: 127.0.0.1 - - [14/Feb/2024 16:48:18] "[36mGET /static/img/img-47.png HTTP/1.1[0m" 304 -
[2024-02-14 16:48:18,621] INFO in _internal: 127.0.0.1 - - [14/Feb/2024 16:48:18] "[36mGET /static/img/img-48.png HTTP/1.1[0m" 304 -
[2024-02-14 16:48:18,626] INFO in _internal: 127.0.0.1 - - [14/Feb/2024 16:48:18] "[36mGET /static/img/img-49.png HTTP/1.1[0m" 304 -
[2024-02-14 16:48:18,628] INFO in _internal: 127.0.0.1 - - [14/Feb/2024 16:48:18] "[36mGET /static/img/img-88.png HTTP/1.1[0m" 304 -
[2024-02-14 16:48:18,639] INFO in _internal: 127.0.0.1 - - [14/Feb/2024 16:48:18] "[36mGET /static/img/img-89.png HTTP/1.1[0m" 304 -
[2024-02-14 16:48:18,654] INFO in _internal: 127.0.0.1 - - [14/Feb/2024 16:48:18] "[36mGET /static/img/img-90.png HTTP/1.1[0m" 304 -
[2024-02-14 16:48:18,695] INFO in _internal: 127.0.0.1 - - [14/Feb/2024 16:48:18] "[36mGET /static/img/img-91.png HTTP/1.1[0m" 304 -
[2024-02-14 16:48:18,697] INFO in _internal: 127.0.0.1 - - [14/Feb/2024 16:48:18] "[36mGET /static/img/img-92.png HTTP/1.1[0m" 304 -
[2024-02-14 16:48:18,700] INFO in _internal: 127.0.0.1 - - [14/Feb/2024 16:48:18] "[36mGET /static/img/img-131.png HTTP/1.1[0m" 304 -
[2024-02-14 16:48:18,708] INFO in _internal: 127.0.0.1 - - [14/Feb/2024 16:48:18] "[36mGET /static/img/img-132.png HTTP/1.1[0m" 304 -
[2024-02-14 16:48:18,713] INFO in _internal: 127.0.0.1 - - [14/Feb/2024 16:48:18] "[36mGET /static/img/img-133.png HTTP/1.1[0m" 304 -
[2024-02-14 16:48:18,715] INFO in _internal: 127.0.0.1 - - [14/Feb/2024 16:48:18] "[36mGET /static/img/img-134.png HTTP/1.1[0m" 304 -
[2024-02-14 16:48:18,722] INFO in _internal: 127.0.0.1 - - [14/Feb/2024 16:48:18] "[36mGET /static/img/img-135.png HTTP/1.1[0m" 304 -
[2024-02-14 16:48:18,729] INFO in _internal: 127.0.0.1 - - [14/Feb/2024 16:48:18] "[36mGET /static/img/img-158.png HTTP/1.1[0m" 304 -
[2024-02-14 16:48:18,737] INFO in _internal: 127.0.0.1 - - [14/Feb/2024 16:48:18] "[36mGET /static/img/img-159.png HTTP/1.1[0m" 304 -
[2024-02-14 16:48:18,755] INFO in _internal: 127.0.0.1 - - [14/Feb/2024 16:48:18] "[36mGET /static/img/img-160.png HTTP/1.1[0m" 304 -
[2024-02-14 16:48:18,757] INFO in _internal: 127.0.0.1 - - [14/Feb/2024 16:48:18] "[36mGET /static/img/img-161.png HTTP/1.1[0m" 304 -
[2024-02-14 16:48:18,759] INFO in _internal: 127.0.0.1 - - [14/Feb/2024 16:48:18] "[36mGET /static/img/img-162.png HTTP/1.1[0m" 304 -
[2024-02-14 16:48:18,768] INFO in _internal: 127.0.0.1 - - [14/Feb/2024 16:48:18] "[36mGET /static/img/img-171.png HTTP/1.1[0m" 304 -
[2024-02-14 16:48:18,779] INFO in _internal: 127.0.0.1 - - [14/Feb/2024 16:48:18] "[36mGET /static/img/img-172.png HTTP/1.1[0m" 304 -
[2024-02-14 16:48:18,780] INFO in _internal: 127.0.0.1 - - [14/Feb/2024 16:48:18] "[36mGET /static/img/img-173.png HTTP/1.1[0m" 304 -
[2024-02-14 16:48:18,784] INFO in _internal: 127.0.0.1 - - [14/Feb/2024 16:48:18] "[36mGET /static/img/img-174.png HTTP/1.1[0m" 304 -
[2024-02-14 16:48:18,786] INFO in _internal: 127.0.0.1 - - [14/Feb/2024 16:48:18] "[36mGET /static/img/img-175.png HTTP/1.1[0m" 304 -
[2024-02-14 16:48:27,126] INFO in _internal: 127.0.0.1 - - [14/Feb/2024 16:48:27] "[36mGET /static/img/img-178.png HTTP/1.1[0m" 304 -
[2024-02-14 16:48:27,126] INFO in _internal: 127.0.0.1 - - [14/Feb/2024 16:48:27] "[36mGET /static/img/img-180.png HTTP/1.1[0m" 304 -
[2024-02-14 16:48:27,128] INFO in _internal: 127.0.0.1 - - [14/Feb/2024 16:48:27] "[36mGET /static/img/img-179.png HTTP/1.1[0m" 304 -
[2024-02-14 16:48:27,128] INFO in _internal: 127.0.0.1 - - [14/Feb/2024 16:48:27] "[36mGET /static/img/img-181.png HTTP/1.1[0m" 304 -
[2024-02-14 16:48:27,130] INFO in _internal: 127.0.0.1 - - [14/Feb/2024 16:48:27] "[36mGET /static/img/img-182.png HTTP/1.1[0m" 304 -
[2024-02-14 16:48:27,818] INFO in _internal: 127.0.0.1 - - [14/Feb/2024 16:48:27] "[36mGET /static/img/img-183.png HTTP/1.1[0m" 304 -
[2024-02-14 16:48:27,818] INFO in _internal: 127.0.0.1 - - [14/Feb/2024 16:48:27] "[36mGET /static/img/img-184.png HTTP/1.1[0m" 304 -
[2024-02-14 16:48:27,819] INFO in _internal: 127.0.0.1 - - [14/Feb/2024 16:48:27] "[36mGET /static/img/img-185.png HTTP/1.1[0m" 304 -
[2024-02-14 16:48:28,370] INFO in _internal: 127.0.0.1 - - [14/Feb/2024 16:48:28] "[36mGET /static/img/img-186.png HTTP/1.1[0m" 304 -
[2024-02-14 16:48:28,370] INFO in _internal: 127.0.0.1 - - [14/Feb/2024 16:48:28] "[36mGET /static/img/img-187.png HTTP/1.1[0m" 304 -
[2024-02-14 16:48:28,372] INFO in _internal: 127.0.0.1 - - [14/Feb/2024 16:48:28] "[36mGET /static/img/img-188.png HTTP/1.1[0m" 304 -
[2024-02-14 16:48:28,374] INFO in _internal: 127.0.0.1 - - [14/Feb/2024 16:48:28] "[36mGET /static/img/img-189.png HTTP/1.1[0m" 304 -
[2024-02-14 16:48:28,375] INFO in _internal: 127.0.0.1 - - [14/Feb/2024 16:48:28] "[36mGET /static/img/img-190.png HTTP/1.1[0m" 304 -
[2024-02-14 16:48:42,676] INFO in _internal: 127.0.0.1 - - [14/Feb/2024 16:48:42] "GET /info HTTP/1.1" 200 -
[2024-02-14 16:48:42,703] INFO in _internal: 127.0.0.1 - - [14/Feb/2024 16:48:42] "[36mGET /static/css/info.css HTTP/1.1[0m" 304 -
[2024-02-14 16:48:42,705] INFO in _internal: 127.0.0.1 - - [14/Feb/2024 16:48:42] "[36mGET /static/img/logo.png HTTP/1.1[0m" 304 -
[2024-02-14 16:48:42,707] INFO in _internal: 127.0.0.1 - - [14/Feb/2024 16:48:42] "[36mGET /static/js/info.js HTTP/1.1[0m" 304 -
[2024-02-14 16:48:42,825] INFO in _internal: 127.0.0.1 - - [14/Feb/2024 16:48:42] "[36mGET /static/img/img-1.png HTTP/1.1[0m" 304 -
[2024-02-14 16:48:42,826] INFO in _internal: 127.0.0.1 - - [14/Feb/2024 16:48:42] "[36mGET /static/img/img-2.png HTTP/1.1[0m" 304 -
[2024-02-14 16:48:42,834] INFO in _internal: 127.0.0.1 - - [14/Feb/2024 16:48:42] "[36mGET /static/img/img-5.png HTTP/1.1[0m" 304 -
[2024-02-14 16:48:42,839] INFO in _internal: 127.0.0.1 - - [14/Feb/2024 16:48:42] "[36mGET /static/img/img-3.png HTTP/1.1[0m" 304 -
[2024-02-14 16:48:42,840] INFO in _internal: 127.0.0.1 - - [14/Feb/2024 16:48:42] "[36mGET /static/img/img-4.png HTTP/1.1[0m" 304 -
[2024-02-14 16:48:42,859] INFO in _internal: 127.0.0.1 - - [14/Feb/2024 16:48:42] "[36mGET /static/img/img-45.png HTTP/1.1[0m" 304 -
[2024-02-14 16:48:42,889] INFO in _internal: 127.0.0.1 - - [14/Feb/2024 16:48:42] "[36mGET /static/img/img-46.png HTTP/1.1[0m" 304 -
[2024-02-14 16:48:42,916] INFO in _internal: 127.0.0.1 - - [14/Feb/2024 16:48:42] "[36mGET /static/img/img-48.png HTTP/1.1[0m" 304 -
[2024-02-14 16:48:42,918] INFO in _internal: 127.0.0.1 - - [14/Feb/2024 16:48:42] "[36mGET /static/img/img-47.png HTTP/1.1[0m" 304 -
[2024-02-14 16:48:42,928] INFO in _internal: 127.0.0.1 - - [14/Feb/2024 16:48:42] "[36mGET /static/img/img-49.png HTTP/1.1[0m" 304 -
[2024-02-14 16:48:42,931] INFO in _internal: 127.0.0.1 - - [14/Feb/2024 16:48:42] "[36mGET /static/img/img-88.png HTTP/1.1[0m" 304 -
[2024-02-14 16:48:42,933] INFO in _internal: 127.0.0.1 - - [14/Feb/2024 16:48:42] "[36mGET /static/img/img-89.png HTTP/1.1[0m" 304 -
[2024-02-14 16:48:42,937] INFO in _internal: 127.0.0.1 - - [14/Feb/2024 16:48:42] "[36mGET /static/img/img-90.png HTTP/1.1[0m" 304 -
[2024-02-14 16:48:42,939] INFO in _internal: 127.0.0.1 - - [14/Feb/2024 16:48:42] "[36mGET /static/img/img-91.png HTTP/1.1[0m" 304 -
[2024-02-14 16:48:42,948] INFO in _internal: 127.0.0.1 - - [14/Feb/2024 16:48:42] "[36mGET /static/img/img-92.png HTTP/1.1[0m" 304 -
[2024-02-14 16:48:42,951] INFO in _internal: 127.0.0.1 - - [14/Feb/2024 16:48:42] "[36mGET /static/img/img-131.png HTTP/1.1[0m" 304 -
[2024-02-14 16:48:42,951] INFO in _internal: 127.0.0.1 - - [14/Feb/2024 16:48:42] "[36mGET /static/img/img-132.png HTTP/1.1[0m" 304 -
[2024-02-14 16:48:42,953] INFO in _internal: 127.0.0.1 - - [14/Feb/2024 16:48:42] "[36mGET /static/img/img-133.png HTTP/1.1[0m" 304 -
[2024-02-14 16:48:42,959] INFO in _internal: 127.0.0.1 - - [14/Feb/2024 16:48:42] "[36mGET /static/img/img-134.png HTTP/1.1[0m" 304 -
[2024-02-14 16:48:42,966] INFO in _internal: 127.0.0.1 - - [14/Feb/2024 16:48:42] "[36mGET /static/img/img-135.png HTTP/1.1[0m" 304 -
[2024-02-14 16:48:42,972] INFO in _internal: 127.0.0.1 - - [14/Feb/2024 16:48:42] "[36mGET /static/img/img-158.png HTTP/1.1[0m" 304 -
[2024-02-14 16:48:42,977] INFO in _internal: 127.0.0.1 - - [14/Feb/2024 16:48:42] "[36mGET /static/img/img-159.png HTTP/1.1[0m" 304 -
[2024-02-14 16:48:42,981] INFO in _internal: 127.0.0.1 - - [14/Feb/2024 16:48:42] "[36mGET /static/img/img-160.png HTTP/1.1[0m" 304 -
[2024-02-14 16:48:42,985] INFO in _internal: 127.0.0.1 - - [14/Feb/2024 16:48:42] "[36mGET /static/img/img-161.png HTTP/1.1[0m" 304 -
[2024-02-14 16:48:42,987] INFO in _internal: 127.0.0.1 - - [14/Feb/2024 16:48:42] "[36mGET /static/img/img-162.png HTTP/1.1[0m" 304 -
[2024-02-14 16:48:42,998] INFO in _internal: 127.0.0.1 - - [14/Feb/2024 16:48:42] "[36mGET /static/img/img-171.png HTTP/1.1[0m" 304 -
[2024-02-14 16:48:42,998] INFO in _internal: 127.0.0.1 - - [14/Feb/2024 16:48:42] "[36mGET /static/img/img-172.png HTTP/1.1[0m" 304 -
[2024-02-14 16:48:43,005] INFO in _internal: 127.0.0.1 - - [14/Feb/2024 16:48:43] "[36mGET /static/img/img-173.png HTTP/1.1[0m" 304 -
[2024-02-14 16:48:43,011] INFO in _internal: 127.0.0.1 - - [14/Feb/2024 16:48:43] "[36mGET /static/img/img-174.png HTTP/1.1[0m" 304 -
[2024-02-14 16:48:43,016] INFO in _internal: 127.0.0.1 - - [14/Feb/2024 16:48:43] "[36mGET /static/img/img-175.png HTTP/1.1[0m" 304 -
[2024-02-14 16:48:45,055] INFO in _internal: 127.0.0.1 - - [14/Feb/2024 16:48:45] "[36mGET /static/img/img-178.png HTTP/1.1[0m" 304 -
[2024-02-14 16:48:45,056] INFO in _internal: 127.0.0.1 - - [14/Feb/2024 16:48:45] "[36mGET /static/img/img-179.png HTTP/1.1[0m" 304 -
[2024-02-14 16:48:45,057] INFO in _internal: 127.0.0.1 - - [14/Feb/2024 16:48:45] "[36mGET /static/img/img-180.png HTTP/1.1[0m" 304 -
[2024-02-14 16:48:45,062] INFO in _internal: 127.0.0.1 - - [14/Feb/2024 16:48:45] "[36mGET /static/img/img-181.png HTTP/1.1[0m" 304 -
[2024-02-14 16:48:45,064] INFO in _internal: 127.0.0.1 - - [14/Feb/2024 16:48:45] "[36mGET /static/img/img-182.png HTTP/1.1[0m" 304 -
[2024-02-14 16:48:45,553] INFO in _internal: 127.0.0.1 - - [14/Feb/2024 16:48:45] "[36mGET /static/img/img-183.png HTTP/1.1[0m" 304 -
[2024-02-14 16:48:45,555] INFO in _internal: 127.0.0.1 - - [14/Feb/2024 16:48:45] "[36mGET /static/img/img-184.png HTTP/1.1[0m" 304 -
[2024-02-14 16:48:45,556] INFO in _internal: 127.0.0.1 - - [14/Feb/2024 16:48:45] "[36mGET /static/img/img-185.png HTTP/1.1[0m" 304 -
[2024-02-14 16:48:53,882] INFO in _internal: 127.0.0.1 - - [14/Feb/2024 16:48:53] "GET /info HTTP/1.1" 200 -
[2024-02-14 16:48:53,911] INFO in _internal: 127.0.0.1 - - [14/Feb/2024 16:48:53] "[36mGET /static/css/info.css HTTP/1.1[0m" 304 -
[2024-02-14 16:48:53,915] INFO in _internal: 127.0.0.1 - - [14/Feb/2024 16:48:53] "[36mGET /static/img/logo.png HTTP/1.1[0m" 304 -
[2024-02-14 16:48:53,917] INFO in _internal: 127.0.0.1 - - [14/Feb/2024 16:48:53] "[36mGET /static/js/info.js HTTP/1.1[0m" 304 -
[2024-02-14 16:48:54,077] INFO in _internal: 127.0.0.1 - - [14/Feb/2024 16:48:54] "[36mGET /static/img/img-1.png HTTP/1.1[0m" 304 -
[2024-02-14 16:48:54,082] INFO in _internal: 127.0.0.1 - - [14/Feb/2024 16:48:54] "[36mGET /static/img/img-2.png HTTP/1.1[0m" 304 -
[2024-02-14 16:48:54,087] INFO in _internal: 127.0.0.1 - - [14/Feb/2024 16:48:54] "[36mGET /static/img/img-3.png HTTP/1.1[0m" 304 -
[2024-02-14 16:48:54,092] INFO in _internal: 127.0.0.1 - - [14/Feb/2024 16:48:54] "[36mGET /static/img/img-4.png HTTP/1.1[0m" 304 -
[2024-02-14 16:48:54,102] INFO in _internal: 127.0.0.1 - - [14/Feb/2024 16:48:54] "[36mGET /static/img/img-5.png HTTP/1.1[0m" 304 -
[2024-02-14 16:48:54,107] INFO in _internal: 127.0.0.1 - - [14/Feb/2024 16:48:54] "[36mGET /static/img/img-45.png HTTP/1.1[0m" 304 -
[2024-02-14 16:48:54,111] INFO in _internal: 127.0.0.1 - - [14/Feb/2024 16:48:54] "[36mGET /static/img/img-46.png HTTP/1.1[0m" 304 -
[2024-02-14 16:48:54,118] INFO in _internal: 127.0.0.1 - - [14/Feb/2024 16:48:54] "[36mGET /static/img/img-47.png HTTP/1.1[0m" 304 -
[2024-02-14 16:48:54,127] INFO in _internal: 127.0.0.1 - - [14/Feb/2024 16:48:54] "[36mGET /static/img/img-48.png HTTP/1.1[0m" 304 -
[2024-02-14 16:48:54,132] INFO in _internal: 127.0.0.1 - - [14/Feb/2024 16:48:54] "[36mGET /static/img/img-49.png HTTP/1.1[0m" 304 -
[2024-02-14 16:48:54,135] INFO in _internal: 127.0.0.1 - - [14/Feb/2024 16:48:54] "[36mGET /static/img/img-88.png HTTP/1.1[0m" 304 -
[2024-02-14 16:48:54,142] INFO in _internal: 127.0.0.1 - - [14/Feb/2024 16:48:54] "[36mGET /static/img/img-89.png HTTP/1.1[0m" 304 -
[2024-02-14 16:48:54,146] INFO in _internal: 127.0.0.1 - - [14/Feb/2024 16:48:54] "[36mGET /static/img/img-90.png HTTP/1.1[0m" 304 -
[2024-02-14 16:48:54,146] INFO in _internal: 127.0.0.1 - - [14/Feb/2024 16:48:54] "[36mGET /static/img/img-91.png HTTP/1.1[0m" 304 -
[2024-02-14 16:48:54,148] INFO in _internal: 127.0.0.1 - - [14/Feb/2024 16:48:54] "[36mGET /static/img/img-92.png HTTP/1.1[0m" 304 -
[2024-02-14 16:48:54,153] INFO in _internal: 127.0.0.1 - - [14/Feb/2024 16:48:54] "[36mGET /static/img/img-131.png HTTP/1.1[0m" 304 -
[2024-02-14 16:48:54,164] INFO in _internal: 127.0.0.1 - - [14/Feb/2024 16:48:54] "[36mGET /static/img/img-133.png HTTP/1.1[0m" 304 -
[2024-02-14 16:48:54,165] INFO in _internal: 127.0.0.1 - - [14/Feb/2024 16:48:54] "[36mGET /static/img/img-132.png HTTP/1.1[0m" 304 -
[2024-02-14 16:48:54,167] INFO in _internal: 127.0.0.1 - - [14/Feb/2024 16:48:54] "[36mGET /static/img/img-134.png HTTP/1.1[0m" 304 -
[2024-02-14 16:48:54,170] INFO in _internal: 127.0.0.1 - - [14/Feb/2024 16:48:54] "[36mGET /static/img/img-135.png HTTP/1.1[0m" 304 -
[2024-02-14 16:48:54,175] INFO in _internal: 127.0.0.1 - - [14/Feb/2024 16:48:54] "[36mGET /static/img/img-158.png HTTP/1.1[0m" 304 -
[2024-02-14 16:48:54,178] INFO in _internal: 127.0.0.1 - - [14/Feb/2024 16:48:54] "[36mGET /static/img/img-159.png HTTP/1.1[0m" 304 -
[2024-02-14 16:48:54,188] INFO in _internal: 127.0.0.1 - - [14/Feb/2024 16:48:54] "[36mGET /static/img/img-160.png HTTP/1.1[0m" 304 -
[2024-02-14 16:48:54,193] INFO in _internal: 127.0.0.1 - - [14/Feb/2024 16:48:54] "[36mGET /static/img/img-161.png HTTP/1.1[0m" 304 -
[2024-02-14 16:48:54,198] INFO in _internal: 127.0.0.1 - - [14/Feb/2024 16:48:54] "[36mGET /static/img/img-162.png HTTP/1.1[0m" 304 -
[2024-02-14 16:48:54,202] INFO in _internal: 127.0.0.1 - - [14/Feb/2024 16:48:54] "[36mGET /static/img/img-171.png HTTP/1.1[0m" 304 -
[2024-02-14 16:48:54,204] INFO in _internal: 127.0.0.1 - - [14/Feb/2024 16:48:54] "[36mGET /static/img/img-172.png HTTP/1.1[0m" 304 -
[2024-02-14 16:48:54,210] INFO in _internal: 127.0.0.1 - - [14/Feb/2024 16:48:54] "[36mGET /static/img/img-173.png HTTP/1.1[0m" 304 -
[2024-02-14 16:48:54,213] INFO in _internal: 127.0.0.1 - - [14/Feb/2024 16:48:54] "[36mGET /static/img/img-174.png HTTP/1.1[0m" 304 -
[2024-02-14 16:48:54,219] INFO in _internal: 127.0.0.1 - - [14/Feb/2024 16:48:54] "[36mGET /static/img/img-175.png HTTP/1.1[0m" 304 -
[2024-02-14 16:49:00,756] INFO in _internal: 127.0.0.1 - - [14/Feb/2024 16:49:00] "[36mGET /static/img/img-6.png HTTP/1.1[0m" 304 -
[2024-02-14 16:49:00,889] INFO in _internal: 127.0.0.1 - - [14/Feb/2024 16:49:00] "[36mGET /static/img/img-7.png HTTP/1.1[0m" 304 -
[2024-02-14 16:49:00,992] INFO in _internal: 127.0.0.1 - - [14/Feb/2024 16:49:00] "[36mGET /static/img/img-8.png HTTP/1.1[0m" 304 -
[2024-02-14 16:49:03,956] INFO in _internal: 127.0.0.1 - - [14/Feb/2024 16:49:03] "[36mGET /static/img/img-9.png HTTP/1.1[0m" 304 -
[2024-02-14 16:49:04,090] INFO in _internal: 127.0.0.1 - - [14/Feb/2024 16:49:04] "[36mGET /static/img/img-10.png HTTP/1.1[0m" 304 -
[2024-02-14 16:49:04,190] INFO in _internal: 127.0.0.1 - - [14/Feb/2024 16:49:04] "[36mGET /static/img/img-11.png HTTP/1.1[0m" 304 -
[2024-02-14 16:49:05,454] INFO in _internal: 127.0.0.1 - - [14/Feb/2024 16:49:05] "[36mGET /static/img/img-12.png HTTP/1.1[0m" 304 -
[2024-02-14 16:49:05,589] INFO in _internal: 127.0.0.1 - - [14/Feb/2024 16:49:05] "GET /static/img/img-13.png HTTP/1.1" 200 -
[2024-02-14 16:49:05,699] INFO in _internal: 127.0.0.1 - - [14/Feb/2024 16:49:05] "[36mGET /static/img/img-14.png HTTP/1.1[0m" 304 -
[2024-02-14 16:49:06,673] INFO in _internal: 127.0.0.1 - - [14/Feb/2024 16:49:06] "[36mGET /static/img/img-178.png HTTP/1.1[0m" 304 -
[2024-02-14 16:49:06,675] INFO in _internal: 127.0.0.1 - - [14/Feb/2024 16:49:06] "[36mGET /static/img/img-179.png HTTP/1.1[0m" 304 -
[2024-02-14 16:49:06,675] INFO in _internal: 127.0.0.1 - - [14/Feb/2024 16:49:06] "[36mGET /static/img/img-180.png HTTP/1.1[0m" 304 -
[2024-02-14 16:49:06,676] INFO in _internal: 127.0.0.1 - - [14/Feb/2024 16:49:06] "[36mGET /static/img/img-181.png HTTP/1.1[0m" 304 -
[2024-02-14 16:49:06,677] INFO in _internal: 127.0.0.1 - - [14/Feb/2024 16:49:06] "[36mGET /static/img/img-182.png HTTP/1.1[0m" 304 -
[2024-02-14 16:49:07,469] INFO in _internal: 127.0.0.1 - - [14/Feb/2024 16:49:07] "[36mGET /static/img/img-183.png HTTP/1.1[0m" 304 -
[2024-02-14 16:49:07,470] INFO in _internal: 127.0.0.1 - - [14/Feb/2024 16:49:07] "[36mGET /static/img/img-184.png HTTP/1.1[0m" 304 -
[2024-02-14 16:49:07,471] INFO in _internal: 127.0.0.1 - - [14/Feb/2024 16:49:07] "[36mGET /static/img/img-185.png HTTP/1.1[0m" 304 -
[2024-02-14 16:49:07,753] INFO in _internal: 127.0.0.1 - - [14/Feb/2024 16:49:07] "[36mGET /static/img/img-186.png HTTP/1.1[0m" 304 -
[2024-02-14 16:49:07,754] INFO in _internal: 127.0.0.1 - - [14/Feb/2024 16:49:07] "[36mGET /static/img/img-187.png HTTP/1.1[0m" 304 -
[2024-02-14 16:49:07,755] INFO in _internal: 127.0.0.1 - - [14/Feb/2024 16:49:07] "[36mGET /static/img/img-188.png HTTP/1.1[0m" 304 -
[2024-02-14 16:49:07,758] INFO in _internal: 127.0.0.1 - - [14/Feb/2024 16:49:07] "[36mGET /static/img/img-189.png HTTP/1.1[0m" 304 -
[2024-02-14 16:49:07,762] INFO in _internal: 127.0.0.1 - - [14/Feb/2024 16:49:07] "[36mGET /static/img/img-190.png HTTP/1.1[0m" 304 -
[2024-02-14 16:49:10,029] INFO in _internal: 127.0.0.1 - - [14/Feb/2024 16:49:10] "GET /static/img/img-176.png HTTP/1.1" 200 -
[2024-02-14 16:49:10,160] INFO in _internal: 127.0.0.1 - - [14/Feb/2024 16:49:10] "GET /static/img/img-177.png HTTP/1.1" 200 -
[2024-02-14 16:49:16,678] INFO in _internal: 127.0.0.1 - - [14/Feb/2024 16:49:16] "GET /info HTTP/1.1" 200 -
[2024-02-14 16:49:16,728] INFO in _internal: 127.0.0.1 - - [14/Feb/2024 16:49:16] "[36mGET /static/img/logo.png HTTP/1.1[0m" 304 -
[2024-02-14 16:49:16,728] INFO in _internal: 127.0.0.1 - - [14/Feb/2024 16:49:16] "[36mGET /static/css/info.css HTTP/1.1[0m" 304 -
[2024-02-14 16:49:16,729] INFO in _internal: 127.0.0.1 - - [14/Feb/2024 16:49:16] "[36mGET /static/js/info.js HTTP/1.1[0m" 304 -
[2024-02-14 16:49:16,863] INFO in _internal: 127.0.0.1 - - [14/Feb/2024 16:49:16] "[36mGET /static/img/img-1.png HTTP/1.1[0m" 304 -
[2024-02-14 16:49:16,863] INFO in _internal: 127.0.0.1 - - [14/Feb/2024 16:49:16] "[36mGET /static/img/img-2.png HTTP/1.1[0m" 304 -
[2024-02-14 16:49:16,871] INFO in _internal: 127.0.0.1 - - [14/Feb/2024 16:49:16] "[36mGET /static/img/img-3.png HTTP/1.1[0m" 304 -
[2024-02-14 16:49:16,886] INFO in _internal: 127.0.0.1 - - [14/Feb/2024 16:49:16] "[36mGET /static/img/img-4.png HTTP/1.1[0m" 304 -
[2024-02-14 16:49:16,896] INFO in _internal: 127.0.0.1 - - [14/Feb/2024 16:49:16] "[36mGET /static/img/img-5.png HTTP/1.1[0m" 304 -
[2024-02-14 16:49:16,908] INFO in _internal: 127.0.0.1 - - [14/Feb/2024 16:49:16] "[36mGET /static/img/img-45.png HTTP/1.1[0m" 304 -
[2024-02-14 16:49:16,918] INFO in _internal: 127.0.0.1 - - [14/Feb/2024 16:49:16] "[36mGET /static/img/img-46.png HTTP/1.1[0m" 304 -
[2024-02-14 16:49:16,923] INFO in _internal: 127.0.0.1 - - [14/Feb/2024 16:49:16] "[36mGET /static/img/img-48.png HTTP/1.1[0m" 304 -
[2024-02-14 16:49:16,923] INFO in _internal: 127.0.0.1 - - [14/Feb/2024 16:49:16] "[36mGET /static/img/img-47.png HTTP/1.1[0m" 304 -
[2024-02-14 16:49:16,933] INFO in _internal: 127.0.0.1 - - [14/Feb/2024 16:49:16] "[36mGET /static/img/img-49.png HTTP/1.1[0m" 304 -
[2024-02-14 16:49:16,945] INFO in _internal: 127.0.0.1 - - [14/Feb/2024 16:49:16] "[36mGET /static/img/img-88.png HTTP/1.1[0m" 304 -
[2024-02-14 16:49:16,955] INFO in _internal: 127.0.0.1 - - [14/Feb/2024 16:49:16] "[36mGET /static/img/img-89.png HTTP/1.1[0m" 304 -
[2024-02-14 16:49:16,958] INFO in _internal: 127.0.0.1 - - [14/Feb/2024 16:49:16] "[36mGET /static/img/img-90.png HTTP/1.1[0m" 304 -
[2024-02-14 16:49:16,962] INFO in _internal: 127.0.0.1 - - [14/Feb/2024 16:49:16] "[36mGET /static/img/img-91.png HTTP/1.1[0m" 304 -
[2024-02-14 16:49:16,964] INFO in _internal: 127.0.0.1 - - [14/Feb/2024 16:49:16] "[36mGET /static/img/img-92.png HTTP/1.1[0m" 304 -
[2024-02-14 16:49:16,966] INFO in _internal: 127.0.0.1 - - [14/Feb/2024 16:49:16] "[36mGET /static/img/img-131.png HTTP/1.1[0m" 304 -
[2024-02-14 16:49:16,971] INFO in _internal: 127.0.0.1 - - [14/Feb/2024 16:49:16] "[36mGET /static/img/img-132.png HTTP/1.1[0m" 304 -
[2024-02-14 16:49:16,975] INFO in _internal: 127.0.0.1 - - [14/Feb/2024 16:49:16] "[36mGET /static/img/img-133.png HTTP/1.1[0m" 304 -
[2024-02-14 16:49:16,977] INFO in _internal: 127.0.0.1 - - [14/Feb/2024 16:49:16] "[36mGET /static/img/img-134.png HTTP/1.1[0m" 304 -
[2024-02-14 16:49:16,985] INFO in _internal: 127.0.0.1 - - [14/Feb/2024 16:49:16] "[36mGET /static/img/img-135.png HTTP/1.1[0m" 304 -
[2024-02-14 16:49:16,988] INFO in _internal: 127.0.0.1 - - [14/Feb/2024 16:49:16] "[36mGET /static/img/img-158.png HTTP/1.1[0m" 304 -
[2024-02-14 16:49:16,991] INFO in _internal: 127.0.0.1 - - [14/Feb/2024 16:49:16] "[36mGET /static/img/img-159.png HTTP/1.1[0m" 304 -
[2024-02-14 16:49:16,998] INFO in _internal: 127.0.0.1 - - [14/Feb/2024 16:49:16] "[36mGET /static/img/img-160.png HTTP/1.1[0m" 304 -
[2024-02-14 16:49:17,001] INFO in _internal: 127.0.0.1 - - [14/Feb/2024 16:49:17] "[36mGET /static/img/img-161.png HTTP/1.1[0m" 304 -
[2024-02-14 16:49:17,005] INFO in _internal: 127.0.0.1 - - [14/Feb/2024 16:49:17] "[36mGET /static/img/img-162.png HTTP/1.1[0m" 304 -
[2024-02-14 16:49:17,008] INFO in _internal: 127.0.0.1 - - [14/Feb/2024 16:49:17] "[36mGET /static/img/img-171.png HTTP/1.1[0m" 304 -
[2024-02-14 16:49:17,012] INFO in _internal: 127.0.0.1 - - [14/Feb/2024 16:49:17] "[36mGET /static/img/img-172.png HTTP/1.1[0m" 304 -
[2024-02-14 16:49:17,013] INFO in _internal: 127.0.0.1 - - [14/Feb/2024 16:49:17] "[36mGET /static/img/img-173.png HTTP/1.1[0m" 304 -
[2024-02-14 16:49:17,023] INFO in _internal: 127.0.0.1 - - [14/Feb/2024 16:49:17] "[36mGET /static/img/img-174.png HTTP/1.1[0m" 304 -
[2024-02-14 16:49:17,026] INFO in _internal: 127.0.0.1 - - [14/Feb/2024 16:49:17] "[36mGET /static/img/img-175.png HTTP/1.1[0m" 304 -
[2024-02-14 16:49:23,974] INFO in _internal: 127.0.0.1 - - [14/Feb/2024 16:49:23] "[36mGET /static/img/img-179.png HTTP/1.1[0m" 304 -
[2024-02-14 16:49:23,975] INFO in _internal: 127.0.0.1 - - [14/Feb/2024 16:49:23] "[36mGET /static/img/img-180.png HTTP/1.1[0m" 304 -
[2024-02-14 16:49:23,975] INFO in _internal: 127.0.0.1 - - [14/Feb/2024 16:49:23] "[36mGET /static/img/img-178.png HTTP/1.1[0m" 304 -
[2024-02-14 16:49:23,978] INFO in _internal: 127.0.0.1 - - [14/Feb/2024 16:49:23] "[36mGET /static/img/img-181.png HTTP/1.1[0m" 304 -
[2024-02-14 16:49:23,979] INFO in _internal: 127.0.0.1 - - [14/Feb/2024 16:49:23] "[36mGET /static/img/img-182.png HTTP/1.1[0m" 304 -
[2024-02-14 16:49:26,783] INFO in _internal: 127.0.0.1 - - [14/Feb/2024 16:49:26] "GET /info HTTP/1.1" 200 -
[2024-02-14 16:49:26,807] INFO in _internal: 127.0.0.1 - - [14/Feb/2024 16:49:26] "[36mGET /static/img/logo.png HTTP/1.1[0m" 304 -
[2024-02-14 16:49:26,808] INFO in _internal: 127.0.0.1 - - [14/Feb/2024 16:49:26] "[36mGET /static/css/info.css HTTP/1.1[0m" 304 -
[2024-02-14 16:49:26,810] INFO in _internal: 127.0.0.1 - - [14/Feb/2024 16:49:26] "[36mGET /static/js/info.js HTTP/1.1[0m" 304 -
[2024-02-14 16:49:26,923] INFO in _internal: 127.0.0.1 - - [14/Feb/2024 16:49:26] "[36mGET /static/img/img-1.png HTTP/1.1[0m" 304 -
[2024-02-14 16:49:26,925] INFO in _internal: 127.0.0.1 - - [14/Feb/2024 16:49:26] "[36mGET /static/img/img-2.png HTTP/1.1[0m" 304 -
[2024-02-14 16:49:26,932] INFO in _internal: 127.0.0.1 - - [14/Feb/2024 16:49:26] "[36mGET /static/img/img-3.png HTTP/1.1[0m" 304 -
[2024-02-14 16:49:26,943] INFO in _internal: 127.0.0.1 - - [14/Feb/2024 16:49:26] "[36mGET /static/img/img-4.png HTTP/1.1[0m" 304 -
[2024-02-14 16:49:26,948] INFO in _internal: 127.0.0.1 - - [14/Feb/2024 16:49:26] "[36mGET /static/img/img-5.png HTTP/1.1[0m" 304 -
[2024-02-14 16:49:26,948] INFO in _internal: 127.0.0.1 - - [14/Feb/2024 16:49:26] "[36mGET /static/img/img-45.png HTTP/1.1[0m" 304 -
[2024-02-14 16:49:26,952] INFO in _internal: 127.0.0.1 - - [14/Feb/2024 16:49:26] "[36mGET /static/img/img-46.png HTTP/1.1[0m" 304 -
[2024-02-14 16:49:26,962] INFO in _internal: 127.0.0.1 - - [14/Feb/2024 16:49:26] "[36mGET /static/img/img-47.png HTTP/1.1[0m" 304 -
[2024-02-14 16:49:26,975] INFO in _internal: 127.0.0.1 - - [14/Feb/2024 16:49:26] "[36mGET /static/img/img-48.png HTTP/1.1[0m" 304 -
[2024-02-14 16:49:26,978] INFO in _internal: 127.0.0.1 - - [14/Feb/2024 16:49:26] "[36mGET /static/img/img-49.png HTTP/1.1[0m" 304 -
[2024-02-14 16:49:26,982] INFO in _internal: 127.0.0.1 - - [14/Feb/2024 16:49:26] "[36mGET /static/img/img-88.png HTTP/1.1[0m" 304 -
[2024-02-14 16:49:26,995] INFO in _internal: 127.0.0.1 - - [14/Feb/2024 16:49:26] "[36mGET /static/img/img-89.png HTTP/1.1[0m" 304 -
[2024-02-14 16:49:26,997] INFO in _internal: 127.0.0.1 - - [14/Feb/2024 16:49:26] "[36mGET /static/img/img-90.png HTTP/1.1[0m" 304 -
[2024-02-14 16:49:26,998] INFO in _internal: 127.0.0.1 - - [14/Feb/2024 16:49:26] "[36mGET /static/img/img-91.png HTTP/1.1[0m" 304 -
[2024-02-14 16:49:27,003] INFO in _internal: 127.0.0.1 - - [14/Feb/2024 16:49:27] "[36mGET /static/img/img-92.png HTTP/1.1[0m" 304 -
[2024-02-14 16:49:27,011] INFO in _internal: 127.0.0.1 - - [14/Feb/2024 16:49:27] "[36mGET /static/img/img-131.png HTTP/1.1[0m" 304 -
[2024-02-14 16:49:27,016] INFO in _internal: 127.0.0.1 - - [14/Feb/2024 16:49:27] "[36mGET /static/img/img-132.png HTTP/1.1[0m" 304 -
[2024-02-14 16:49:27,019] INFO in _internal: 127.0.0.1 - - [14/Feb/2024 16:49:27] "[36mGET /static/img/img-133.png HTTP/1.1[0m" 304 -
[2024-02-14 16:49:27,025] INFO in _internal: 127.0.0.1 - - [14/Feb/2024 16:49:27] "[36mGET /static/img/img-134.png HTTP/1.1[0m" 304 -
[2024-02-14 16:49:27,027] INFO in _internal: 127.0.0.1 - - [14/Feb/2024 16:49:27] "[36mGET /static/img/img-135.png HTTP/1.1[0m" 304 -
[2024-02-14 16:49:27,032] INFO in _internal: 127.0.0.1 - - [14/Feb/2024 16:49:27] "[36mGET /static/img/img-158.png HTTP/1.1[0m" 304 -
[2024-02-14 16:49:27,034] INFO in _internal: 127.0.0.1 - - [14/Feb/2024 16:49:27] "[36mGET /static/img/img-159.png HTTP/1.1[0m" 304 -
[2024-02-14 16:49:27,038] INFO in _internal: 127.0.0.1 - - [14/Feb/2024 16:49:27] "[36mGET /static/img/img-160.png HTTP/1.1[0m" 304 -
[2024-02-14 16:49:27,047] INFO in _internal: 127.0.0.1 - - [14/Feb/2024 16:49:27] "[36mGET /static/img/img-161.png HTTP/1.1[0m" 304 -
[2024-02-14 16:49:27,050] INFO in _internal: 127.0.0.1 - - [14/Feb/2024 16:49:27] "[36mGET /static/img/img-162.png HTTP/1.1[0m" 304 -
[2024-02-14 16:49:27,058] INFO in _internal: 127.0.0.1 - - [14/Feb/2024 16:49:27] "[36mGET /static/img/img-171.png HTTP/1.1[0m" 304 -
[2024-02-14 16:49:27,060] INFO in _internal: 127.0.0.1 - - [14/Feb/2024 16:49:27] "[36mGET /static/img/img-172.png HTTP/1.1[0m" 304 -
[2024-02-14 16:49:27,065] INFO in _internal: 127.0.0.1 - - [14/Feb/2024 16:49:27] "[36mGET /static/img/img-173.png HTTP/1.1[0m" 304 -
[2024-02-14 16:49:27,066] INFO in _internal: 127.0.0.1 - - [14/Feb/2024 16:49:27] "[36mGET /static/img/img-174.png HTTP/1.1[0m" 304 -
[2024-02-14 16:49:27,073] INFO in _internal: 127.0.0.1 - - [14/Feb/2024 16:49:27] "[36mGET /static/img/img-175.png HTTP/1.1[0m" 304 -
[2024-02-14 16:49:50,273] INFO in _internal: 127.0.0.1 - - [14/Feb/2024 16:49:50] "[36mGET /static/img/img-178.png HTTP/1.1[0m" 304 -
[2024-02-14 16:49:50,275] INFO in _internal: 127.0.0.1 - - [14/Feb/2024 16:49:50] "[36mGET /static/img/img-179.png HTTP/1.1[0m" 304 -
[2024-02-14 16:49:50,277] INFO in _internal: 127.0.0.1 - - [14/Feb/2024 16:49:50] "[36mGET /static/img/img-180.png HTTP/1.1[0m" 304 -
[2024-02-14 16:49:50,282] INFO in _internal: 127.0.0.1 - - [14/Feb/2024 16:49:50] "[36mGET /static/img/img-181.png HTTP/1.1[0m" 304 -
[2024-02-14 16:49:50,286] INFO in _internal: 127.0.0.1 - - [14/Feb/2024 16:49:50] "[36mGET /static/img/img-182.png HTTP/1.1[0m" 304 -
[2024-02-14 16:49:50,353] INFO in _internal: 127.0.0.1 - - [14/Feb/2024 16:49:50] "[36mGET /static/img/img-183.png HTTP/1.1[0m" 304 -
[2024-02-14 16:49:50,356] INFO in _internal: 127.0.0.1 - - [14/Feb/2024 16:49:50] "[36mGET /static/img/img-184.png HTTP/1.1[0m" 304 -
[2024-02-14 16:49:50,356] INFO in _internal: 127.0.0.1 - - [14/Feb/2024 16:49:50] "[36mGET /static/img/img-185.png HTTP/1.1[0m" 304 -
[2024-02-14 16:49:50,757] INFO in _internal: 127.0.0.1 - - [14/Feb/2024 16:49:50] "[36mGET /static/img/img-186.png HTTP/1.1[0m" 304 -
[2024-02-14 16:49:50,759] INFO in _internal: 127.0.0.1 - - [14/Feb/2024 16:49:50] "[36mGET /static/img/img-188.png HTTP/1.1[0m" 304 -
[2024-02-14 16:49:50,759] INFO in _internal: 127.0.0.1 - - [14/Feb/2024 16:49:50] "[36mGET /static/img/img-187.png HTTP/1.1[0m" 304 -
[2024-02-14 16:49:50,762] INFO in _internal: 127.0.0.1 - - [14/Feb/2024 16:49:50] "[36mGET /static/img/img-189.png HTTP/1.1[0m" 304 -
[2024-02-14 16:49:50,764] INFO in _internal: 127.0.0.1 - - [14/Feb/2024 16:49:50] "[36mGET /static/img/img-190.png HTTP/1.1[0m" 304 -
[2024-02-14 16:50:08,262] INFO in _internal: 127.0.0.1 - - [14/Feb/2024 16:50:08] "GET /info HTTP/1.1" 200 -
[2024-02-14 16:50:08,296] INFO in _internal: 127.0.0.1 - - [14/Feb/2024 16:50:08] "[36mGET /static/css/info.css HTTP/1.1[0m" 304 -
[2024-02-14 16:50:08,301] INFO in _internal: 127.0.0.1 - - [14/Feb/2024 16:50:08] "[36mGET /static/js/info.js HTTP/1.1[0m" 304 -
[2024-02-14 16:50:08,301] INFO in _internal: 127.0.0.1 - - [14/Feb/2024 16:50:08] "[36mGET /static/img/logo.png HTTP/1.1[0m" 304 -
[2024-02-14 16:50:08,422] INFO in _internal: 127.0.0.1 - - [14/Feb/2024 16:50:08] "[36mGET /static/img/img-2.png HTTP/1.1[0m" 304 -
[2024-02-14 16:50:08,424] INFO in _internal: 127.0.0.1 - - [14/Feb/2024 16:50:08] "[36mGET /static/img/img-1.png HTTP/1.1[0m" 304 -
[2024-02-14 16:50:08,436] INFO in _internal: 127.0.0.1 - - [14/Feb/2024 16:50:08] "[36mGET /static/img/img-3.png HTTP/1.1[0m" 304 -
[2024-02-14 16:50:08,441] INFO in _internal: 127.0.0.1 - - [14/Feb/2024 16:50:08] "[36mGET /static/img/img-4.png HTTP/1.1[0m" 304 -
[2024-02-14 16:50:08,448] INFO in _internal: 127.0.0.1 - - [14/Feb/2024 16:50:08] "[36mGET /static/img/img-5.png HTTP/1.1[0m" 304 -
[2024-02-14 16:50:08,470] INFO in _internal: 127.0.0.1 - - [14/Feb/2024 16:50:08] "[36mGET /static/img/img-45.png HTTP/1.1[0m" 304 -
[2024-02-14 16:50:08,473] INFO in _internal: 127.0.0.1 - - [14/Feb/2024 16:50:08] "[36mGET /static/img/img-46.png HTTP/1.1[0m" 304 -
[2024-02-14 16:50:08,479] INFO in _internal: 127.0.0.1 - - [14/Feb/2024 16:50:08] "[36mGET /static/img/img-47.png HTTP/1.1[0m" 304 -
[2024-02-14 16:50:08,485] INFO in _internal: 127.0.0.1 - - [14/Feb/2024 16:50:08] "[36mGET /static/img/img-48.png HTTP/1.1[0m" 304 -
[2024-02-14 16:50:08,499] INFO in _internal: 127.0.0.1 - - [14/Feb/2024 16:50:08] "[36mGET /static/img/img-49.png HTTP/1.1[0m" 304 -
[2024-02-14 16:50:08,500] INFO in _internal: 127.0.0.1 - - [14/Feb/2024 16:50:08] "[36mGET /static/img/img-88.png HTTP/1.1[0m" 304 -
[2024-02-14 16:50:08,501] INFO in _internal: 127.0.0.1 - - [14/Feb/2024 16:50:08] "[36mGET /static/img/img-89.png HTTP/1.1[0m" 304 -
[2024-02-14 16:50:08,513] INFO in _internal: 127.0.0.1 - - [14/Feb/2024 16:50:08] "[36mGET /static/img/img-91.png HTTP/1.1[0m" 304 -
[2024-02-14 16:50:08,513] INFO in _internal: 127.0.0.1 - - [14/Feb/2024 16:50:08] "[36mGET /static/img/img-90.png HTTP/1.1[0m" 304 -
[2024-02-14 16:50:08,527] INFO in _internal: 127.0.0.1 - - [14/Feb/2024 16:50:08] "[36mGET /static/img/img-92.png HTTP/1.1[0m" 304 -
[2024-02-14 16:50:08,530] INFO in _internal: 127.0.0.1 - - [14/Feb/2024 16:50:08] "[36mGET /static/img/img-131.png HTTP/1.1[0m" 304 -
[2024-02-14 16:50:08,534] INFO in _internal: 127.0.0.1 - - [14/Feb/2024 16:50:08] "[36mGET /static/img/img-132.png HTTP/1.1[0m" 304 -
[2024-02-14 16:50:08,535] INFO in _internal: 127.0.0.1 - - [14/Feb/2024 16:50:08] "[36mGET /static/img/img-133.png HTTP/1.1[0m" 304 -
[2024-02-14 16:50:08,550] INFO in _internal: 127.0.0.1 - - [14/Feb/2024 16:50:08] "[36mGET /static/img/img-134.png HTTP/1.1[0m" 304 -
[2024-02-14 16:50:08,553] INFO in _internal: 127.0.0.1 - - [14/Feb/2024 16:50:08] "[36mGET /static/img/img-135.png HTTP/1.1[0m" 304 -
[2024-02-14 16:50:08,553] INFO in _internal: 127.0.0.1 - - [14/Feb/2024 16:50:08] "[36mGET /static/img/img-158.png HTTP/1.1[0m" 304 -
[2024-02-14 16:50:08,558] INFO in _internal: 127.0.0.1 - - [14/Feb/2024 16:50:08] "[36mGET /static/img/img-159.png HTTP/1.1[0m" 304 -
[2024-02-14 16:50:08,564] INFO in _internal: 127.0.0.1 - - [14/Feb/2024 16:50:08] "[36mGET /static/img/img-160.png HTTP/1.1[0m" 304 -
[2024-02-14 16:50:08,568] INFO in _internal: 127.0.0.1 - - [14/Feb/2024 16:50:08] "[36mGET /static/img/img-161.png HTTP/1.1[0m" 304 -
[2024-02-14 16:50:08,572] INFO in _internal: 127.0.0.1 - - [14/Feb/2024 16:50:08] "[36mGET /static/img/img-162.png HTTP/1.1[0m" 304 -
[2024-02-14 16:50:08,579] INFO in _internal: 127.0.0.1 - - [14/Feb/2024 16:50:08] "[36mGET /static/img/img-171.png HTTP/1.1[0m" 304 -
[2024-02-14 16:50:08,581] INFO in _internal: 127.0.0.1 - - [14/Feb/2024 16:50:08] "[36mGET /static/img/img-172.png HTTP/1.1[0m" 304 -
[2024-02-14 16:50:08,583] INFO in _internal: 127.0.0.1 - - [14/Feb/2024 16:50:08] "[36mGET /static/img/img-173.png HTTP/1.1[0m" 304 -
[2024-02-14 16:50:08,591] INFO in _internal: 127.0.0.1 - - [14/Feb/2024 16:50:08] "[36mGET /static/img/img-174.png HTTP/1.1[0m" 304 -
[2024-02-14 16:50:08,594] INFO in _internal: 127.0.0.1 - - [14/Feb/2024 16:50:08] "[36mGET /static/img/img-175.png HTTP/1.1[0m" 304 -
[2024-02-14 16:50:17,301] INFO in _internal: 127.0.0.1 - - [14/Feb/2024 16:50:17] "[36mGET /static/img/img-178.png HTTP/1.1[0m" 304 -
[2024-02-14 16:50:17,301] INFO in _internal: 127.0.0.1 - - [14/Feb/2024 16:50:17] "[36mGET /static/img/img-179.png HTTP/1.1[0m" 304 -
[2024-02-14 16:50:17,301] INFO in _internal: 127.0.0.1 - - [14/Feb/2024 16:50:17] "[36mGET /static/img/img-180.png HTTP/1.1[0m" 304 -
[2024-02-14 16:50:17,302] INFO in _internal: 127.0.0.1 - - [14/Feb/2024 16:50:17] "[36mGET /static/img/img-181.png HTTP/1.1[0m" 304 -
[2024-02-14 16:50:17,304] INFO in _internal: 127.0.0.1 - - [14/Feb/2024 16:50:17] "[36mGET /static/img/img-182.png HTTP/1.1[0m" 304 -
[2024-02-14 16:50:17,811] INFO in _internal: 127.0.0.1 - - [14/Feb/2024 16:50:17] "[36mGET /static/img/img-183.png HTTP/1.1[0m" 304 -
[2024-02-14 16:50:17,811] INFO in _internal: 127.0.0.1 - - [14/Feb/2024 16:50:17] "[36mGET /static/img/img-184.png HTTP/1.1[0m" 304 -
[2024-02-14 16:50:17,812] INFO in _internal: 127.0.0.1 - - [14/Feb/2024 16:50:17] "[36mGET /static/img/img-185.png HTTP/1.1[0m" 304 -
[2024-02-14 16:50:17,905] INFO in _internal: 127.0.0.1 - - [14/Feb/2024 16:50:17] "[36mGET /static/img/img-186.png HTTP/1.1[0m" 304 -
[2024-02-14 16:50:17,907] INFO in _internal: 127.0.0.1 - - [14/Feb/2024 16:50:17] "[36mGET /static/img/img-189.png HTTP/1.1[0m" 304 -
[2024-02-14 16:50:17,907] INFO in _internal: 127.0.0.1 - - [14/Feb/2024 16:50:17] "[36mGET /static/img/img-187.png HTTP/1.1[0m" 304 -
[2024-02-14 16:50:17,908] INFO in _internal: 127.0.0.1 - - [14/Feb/2024 16:50:17] "[36mGET /static/img/img-188.png HTTP/1.1[0m" 304 -
[2024-02-14 16:50:17,908] INFO in _internal: 127.0.0.1 - - [14/Feb/2024 16:50:17] "[36mGET /static/img/img-190.png HTTP/1.1[0m" 304 -
[2024-02-14 16:50:25,290] INFO in _internal: 127.0.0.1 - - [14/Feb/2024 16:50:25] "GET /info HTTP/1.1" 200 -
[2024-02-14 16:50:25,320] INFO in _internal: 127.0.0.1 - - [14/Feb/2024 16:50:25] "[36mGET /static/css/info.css HTTP/1.1[0m" 304 -
[2024-02-14 16:50:25,326] INFO in _internal: 127.0.0.1 - - [14/Feb/2024 16:50:25] "[36mGET /static/img/logo.png HTTP/1.1[0m" 304 -
[2024-02-14 16:50:25,327] INFO in _internal: 127.0.0.1 - - [14/Feb/2024 16:50:25] "[36mGET /static/js/info.js HTTP/1.1[0m" 304 -
[2024-02-14 16:50:25,460] INFO in _internal: 127.0.0.1 - - [14/Feb/2024 16:50:25] "[36mGET /static/img/img-1.png HTTP/1.1[0m" 304 -
[2024-02-14 16:50:25,467] INFO in _internal: 127.0.0.1 - - [14/Feb/2024 16:50:25] "[36mGET /static/img/img-2.png HTTP/1.1[0m" 304 -
[2024-02-14 16:50:25,470] INFO in _internal: 127.0.0.1 - - [14/Feb/2024 16:50:25] "[36mGET /static/img/img-3.png HTTP/1.1[0m" 304 -
[2024-02-14 16:50:25,504] INFO in _internal: 127.0.0.1 - - [14/Feb/2024 16:50:25] "[36mGET /static/img/img-4.png HTTP/1.1[0m" 304 -
[2024-02-14 16:50:25,523] INFO in _internal: 127.0.0.1 - - [14/Feb/2024 16:50:25] "[36mGET /static/img/img-45.png HTTP/1.1[0m" 304 -
[2024-02-14 16:50:25,526] INFO in _internal: 127.0.0.1 - - [14/Feb/2024 16:50:25] "[36mGET /static/img/img-5.png HTTP/1.1[0m" 304 -
[2024-02-14 16:50:25,528] INFO in _internal: 127.0.0.1 - - [14/Feb/2024 16:50:25] "[36mGET /static/img/img-46.png HTTP/1.1[0m" 304 -
[2024-02-14 16:50:25,532] INFO in _internal: 127.0.0.1 - - [14/Feb/2024 16:50:25] "[36mGET /static/img/img-47.png HTTP/1.1[0m" 304 -
[2024-02-14 16:50:25,538] INFO in _internal: 127.0.0.1 - - [14/Feb/2024 16:50:25] "[36mGET /static/img/img-48.png HTTP/1.1[0m" 304 -
[2024-02-14 16:50:25,543] INFO in _internal: 127.0.0.1 - - [14/Feb/2024 16:50:25] "[36mGET /static/img/img-49.png HTTP/1.1[0m" 304 -
[2024-02-14 16:50:25,547] INFO in _internal: 127.0.0.1 - - [14/Feb/2024 16:50:25] "[36mGET /static/img/img-88.png HTTP/1.1[0m" 304 -
[2024-02-14 16:50:25,549] INFO in _internal: 127.0.0.1 - - [14/Feb/2024 16:50:25] "[36mGET /static/img/img-89.png HTTP/1.1[0m" 304 -
[2024-02-14 16:50:25,552] INFO in _internal: 127.0.0.1 - - [14/Feb/2024 16:50:25] "[36mGET /static/img/img-90.png HTTP/1.1[0m" 304 -
[2024-02-14 16:50:25,554] INFO in _internal: 127.0.0.1 - - [14/Feb/2024 16:50:25] "[36mGET /static/img/img-91.png HTTP/1.1[0m" 304 -
[2024-02-14 16:50:25,571] INFO in _internal: 127.0.0.1 - - [14/Feb/2024 16:50:25] "[36mGET /static/img/img-92.png HTTP/1.1[0m" 304 -
[2024-02-14 16:50:25,573] INFO in _internal: 127.0.0.1 - - [14/Feb/2024 16:50:25] "[36mGET /static/img/img-131.png HTTP/1.1[0m" 304 -
[2024-02-14 16:50:25,574] INFO in _internal: 127.0.0.1 - - [14/Feb/2024 16:50:25] "[36mGET /static/img/img-132.png HTTP/1.1[0m" 304 -
[2024-02-14 16:50:25,576] INFO in _internal: 127.0.0.1 - - [14/Feb/2024 16:50:25] "[36mGET /static/img/img-133.png HTTP/1.1[0m" 304 -
[2024-02-14 16:50:25,579] INFO in _internal: 127.0.0.1 - - [14/Feb/2024 16:50:25] "[36mGET /static/img/img-134.png HTTP/1.1[0m" 304 -
[2024-02-14 16:50:25,585] INFO in _internal: 127.0.0.1 - - [14/Feb/2024 16:50:25] "[36mGET /static/img/img-135.png HTTP/1.1[0m" 304 -
[2024-02-14 16:50:25,589] INFO in _internal: 127.0.0.1 - - [14/Feb/2024 16:50:25] "[36mGET /static/img/img-158.png HTTP/1.1[0m" 304 -
[2024-02-14 16:50:25,591] INFO in _internal: 127.0.0.1 - - [14/Feb/2024 16:50:25] "[36mGET /static/img/img-159.png HTTP/1.1[0m" 304 -
[2024-02-14 16:50:25,595] INFO in _internal: 127.0.0.1 - - [14/Feb/2024 16:50:25] "[36mGET /static/img/img-160.png HTTP/1.1[0m" 304 -
[2024-02-14 16:50:25,598] INFO in _internal: 127.0.0.1 - - [14/Feb/2024 16:50:25] "[36mGET /static/img/img-161.png HTTP/1.1[0m" 304 -
[2024-02-14 16:50:25,600] INFO in _internal: 127.0.0.1 - - [14/Feb/2024 16:50:25] "[36mGET /static/img/img-162.png HTTP/1.1[0m" 304 -
[2024-02-14 16:50:25,606] INFO in _internal: 127.0.0.1 - - [14/Feb/2024 16:50:25] "[36mGET /static/img/img-171.png HTTP/1.1[0m" 304 -
[2024-02-14 16:50:25,609] INFO in _internal: 127.0.0.1 - - [14/Feb/2024 16:50:25] "[36mGET /static/img/img-172.png HTTP/1.1[0m" 304 -
[2024-02-14 16:50:25,611] INFO in _internal: 127.0.0.1 - - [14/Feb/2024 16:50:25] "[36mGET /static/img/img-173.png HTTP/1.1[0m" 304 -
[2024-02-14 16:50:25,618] INFO in _internal: 127.0.0.1 - - [14/Feb/2024 16:50:25] "[36mGET /static/img/img-174.png HTTP/1.1[0m" 304 -
[2024-02-14 16:50:25,619] INFO in _internal: 127.0.0.1 - - [14/Feb/2024 16:50:25] "[36mGET /static/img/img-175.png HTTP/1.1[0m" 304 -
[2024-02-14 16:50:46,225] INFO in _internal: 127.0.0.1 - - [14/Feb/2024 16:50:46] "[36mGET /static/img/img-178.png HTTP/1.1[0m" 304 -
[2024-02-14 16:50:46,227] INFO in _internal: 127.0.0.1 - - [14/Feb/2024 16:50:46] "[36mGET /static/img/img-179.png HTTP/1.1[0m" 304 -
[2024-02-14 16:50:46,228] INFO in _internal: 127.0.0.1 - - [14/Feb/2024 16:50:46] "[36mGET /static/img/img-180.png HTTP/1.1[0m" 304 -
[2024-02-14 16:50:46,230] INFO in _internal: 127.0.0.1 - - [14/Feb/2024 16:50:46] "[36mGET /static/img/img-182.png HTTP/1.1[0m" 304 -
[2024-02-14 16:50:46,230] INFO in _internal: 127.0.0.1 - - [14/Feb/2024 16:50:46] "[36mGET /static/img/img-181.png HTTP/1.1[0m" 304 -
[2024-02-14 16:50:56,247] INFO in _internal: 127.0.0.1 - - [14/Feb/2024 16:50:56] "[36mGET /static/img/img-183.png HTTP/1.1[0m" 304 -
[2024-02-14 16:50:56,247] INFO in _internal: 127.0.0.1 - - [14/Feb/2024 16:50:56] "[36mGET /static/img/img-184.png HTTP/1.1[0m" 304 -
[2024-02-14 16:50:56,248] INFO in _internal: 127.0.0.1 - - [14/Feb/2024 16:50:56] "[36mGET /static/img/img-185.png HTTP/1.1[0m" 304 -
[2024-02-14 16:51:01,527] INFO in _internal: 127.0.0.1 - - [14/Feb/2024 16:51:01] "[36mGET /static/img/img-186.png HTTP/1.1[0m" 304 -
[2024-02-14 16:51:01,528] INFO in _internal: 127.0.0.1 - - [14/Feb/2024 16:51:01] "[36mGET /static/img/img-188.png HTTP/1.1[0m" 304 -
[2024-02-14 16:51:01,530] INFO in _internal: 127.0.0.1 - - [14/Feb/2024 16:51:01] "[36mGET /static/img/img-189.png HTTP/1.1[0m" 304 -
[2024-02-14 16:51:01,530] INFO in _internal: 127.0.0.1 - - [14/Feb/2024 16:51:01] "[36mGET /static/img/img-187.png HTTP/1.1[0m" 304 -
[2024-02-14 16:51:01,530] INFO in _internal: 127.0.0.1 - - [14/Feb/2024 16:51:01] "[36mGET /static/img/img-190.png HTTP/1.1[0m" 304 -
[2024-02-14 16:51:39,708] INFO in _internal: 127.0.0.1 - - [14/Feb/2024 16:51:39] "GET /static/img/img-191.png HTTP/1.1" 200 -
[2024-02-14 16:51:39,844] INFO in _internal: 127.0.0.1 - - [14/Feb/2024 16:51:39] "GET /static/img/img-192.png HTTP/1.1" 200 -
[2024-02-14 16:52:13,031] INFO in _internal: 127.0.0.1 - - [14/Feb/2024 16:52:13] "[36mGET /static/img/img-6.png HTTP/1.1[0m" 304 -
[2024-02-14 16:52:13,164] INFO in _internal: 127.0.0.1 - - [14/Feb/2024 16:52:13] "[36mGET /static/img/img-7.png HTTP/1.1[0m" 304 -
[2024-02-14 16:52:13,267] INFO in _internal: 127.0.0.1 - - [14/Feb/2024 16:52:13] "[36mGET /static/img/img-8.png HTTP/1.1[0m" 304 -
[2024-02-14 16:52:15,396] INFO in _internal: 127.0.0.1 - - [14/Feb/2024 16:52:15] "[36mGET /static/img/img-9.png HTTP/1.1[0m" 304 -
[2024-02-14 16:52:15,530] INFO in _internal: 127.0.0.1 - - [14/Feb/2024 16:52:15] "[36mGET /static/img/img-10.png HTTP/1.1[0m" 304 -
[2024-02-14 16:52:15,629] INFO in _internal: 127.0.0.1 - - [14/Feb/2024 16:52:15] "[36mGET /static/img/img-11.png HTTP/1.1[0m" 304 -
[2024-02-14 16:52:21,025] INFO in _internal: 127.0.0.1 - - [14/Feb/2024 16:52:21] "[36mGET /static/img/img-12.png HTTP/1.1[0m" 304 -
[2024-02-14 16:52:21,157] INFO in _internal: 127.0.0.1 - - [14/Feb/2024 16:52:21] "[36mGET /static/img/img-13.png HTTP/1.1[0m" 304 -
[2024-02-14 16:52:21,260] INFO in _internal: 127.0.0.1 - - [14/Feb/2024 16:52:21] "[36mGET /static/img/img-14.png HTTP/1.1[0m" 304 -
[2024-02-14 16:52:22,724] INFO in _internal: 127.0.0.1 - - [14/Feb/2024 16:52:22] "GET /static/img/img-15.png HTTP/1.1" 200 -
[2024-02-14 16:52:22,874] INFO in _internal: 127.0.0.1 - - [14/Feb/2024 16:52:22] "GET /static/img/img-16.png HTTP/1.1" 200 -
[2024-02-14 16:52:22,980] INFO in _internal: 127.0.0.1 - - [14/Feb/2024 16:52:22] "GET /static/img/img-17.png HTTP/1.1" 200 -
[2024-02-14 16:52:24,140] INFO in _internal: 127.0.0.1 - - [14/Feb/2024 16:52:24] "GET /static/img/img-18.png HTTP/1.1" 200 -
[2024-02-14 16:52:24,384] INFO in _internal: 127.0.0.1 - - [14/Feb/2024 16:52:24] "GET /static/img/img-19.png HTTP/1.1" 200 -
[2024-02-14 16:52:24,389] INFO in _internal: 127.0.0.1 - - [14/Feb/2024 16:52:24] "GET /static/img/img-20.png HTTP/1.1" 200 -
[2024-02-14 16:52:31,778] INFO in _internal: 127.0.0.1 - - [14/Feb/2024 16:52:31] "GET /info HTTP/1.1" 200 -
[2024-02-14 16:52:31,813] INFO in _internal: 127.0.0.1 - - [14/Feb/2024 16:52:31] "[36mGET /static/css/info.css HTTP/1.1[0m" 304 -
[2024-02-14 16:52:31,814] INFO in _internal: 127.0.0.1 - - [14/Feb/2024 16:52:31] "[36mGET /static/img/logo.png HTTP/1.1[0m" 304 -
[2024-02-14 16:52:31,816] INFO in _internal: 127.0.0.1 - - [14/Feb/2024 16:52:31] "[36mGET /static/js/info.js HTTP/1.1[0m" 304 -
[2024-02-14 16:52:32,211] INFO in _internal: 127.0.0.1 - - [14/Feb/2024 16:52:32] "[36mGET /static/img/img-1.png HTTP/1.1[0m" 304 -
[2024-02-14 16:52:32,214] INFO in _internal: 127.0.0.1 - - [14/Feb/2024 16:52:32] "[36mGET /static/img/img-3.png HTTP/1.1[0m" 304 -
[2024-02-14 16:52:32,214] INFO in _internal: 127.0.0.1 - - [14/Feb/2024 16:52:32] "[36mGET /static/img/img-2.png HTTP/1.1[0m" 304 -
[2024-02-14 16:52:32,218] INFO in _internal: 127.0.0.1 - - [14/Feb/2024 16:52:32] "[36mGET /static/img/img-4.png HTTP/1.1[0m" 304 -
[2024-02-14 16:52:32,222] INFO in _internal: 127.0.0.1 - - [14/Feb/2024 16:52:32] "[36mGET /static/img/img-5.png HTTP/1.1[0m" 304 -
[2024-02-14 16:52:32,228] INFO in _internal: 127.0.0.1 - - [14/Feb/2024 16:52:32] "[36mGET /static/img/img-45.png HTTP/1.1[0m" 304 -
[2024-02-14 16:52:32,236] INFO in _internal: 127.0.0.1 - - [14/Feb/2024 16:52:32] "[36mGET /static/img/img-46.png HTTP/1.1[0m" 304 -
[2024-02-14 16:52:32,255] INFO in _internal: 127.0.0.1 - - [14/Feb/2024 16:52:32] "[36mGET /static/img/img-47.png HTTP/1.1[0m" 304 -
[2024-02-14 16:52:32,257] INFO in _internal: 127.0.0.1 - - [14/Feb/2024 16:52:32] "[36mGET /static/img/img-48.png HTTP/1.1[0m" 304 -
[2024-02-14 16:52:32,262] INFO in _internal: 127.0.0.1 - - [14/Feb/2024 16:52:32] "[36mGET /static/img/img-49.png HTTP/1.1[0m" 304 -
[2024-02-14 16:52:32,264] INFO in _internal: 127.0.0.1 - - [14/Feb/2024 16:52:32] "[36mGET /static/img/img-88.png HTTP/1.1[0m" 304 -
[2024-02-14 16:52:32,266] INFO in _internal: 127.0.0.1 - - [14/Feb/2024 16:52:32] "[36mGET /static/img/img-89.png HTTP/1.1[0m" 304 -
[2024-02-14 16:52:32,275] INFO in _internal: 127.0.0.1 - - [14/Feb/2024 16:52:32] "[36mGET /static/img/img-90.png HTTP/1.1[0m" 304 -
[2024-02-14 16:52:32,288] INFO in _internal: 127.0.0.1 - - [14/Feb/2024 16:52:32] "[36mGET /static/img/img-91.png HTTP/1.1[0m" 304 -
[2024-02-14 16:52:32,301] INFO in _internal: 127.0.0.1 - - [14/Feb/2024 16:52:32] "[36mGET /static/img/img-92.png HTTP/1.1[0m" 304 -
[2024-02-14 16:52:32,305] INFO in _internal: 127.0.0.1 - - [14/Feb/2024 16:52:32] "[36mGET /static/img/img-131.png HTTP/1.1[0m" 304 -
[2024-02-14 16:52:32,308] INFO in _internal: 127.0.0.1 - - [14/Feb/2024 16:52:32] "[36mGET /static/img/img-132.png HTTP/1.1[0m" 304 -
[2024-02-14 16:52:32,313] INFO in _internal: 127.0.0.1 - - [14/Feb/2024 16:52:32] "[36mGET /static/img/img-133.png HTTP/1.1[0m" 304 -
[2024-02-14 16:52:32,313] INFO in _internal: 127.0.0.1 - - [14/Feb/2024 16:52:32] "[36mGET /static/img/img-134.png HTTP/1.1[0m" 304 -
[2024-02-14 16:52:32,320] INFO in _internal: 127.0.0.1 - - [14/Feb/2024 16:52:32] "[36mGET /static/img/img-135.png HTTP/1.1[0m" 304 -
[2024-02-14 16:52:32,325] INFO in _internal: 127.0.0.1 - - [14/Feb/2024 16:52:32] "[36mGET /static/img/img-158.png HTTP/1.1[0m" 304 -
[2024-02-14 16:52:32,329] INFO in _internal: 127.0.0.1 - - [14/Feb/2024 16:52:32] "[36mGET /static/img/img-159.png HTTP/1.1[0m" 304 -
[2024-02-14 16:52:32,334] INFO in _internal: 127.0.0.1 - - [14/Feb/2024 16:52:32] "[36mGET /static/img/img-161.png HTTP/1.1[0m" 304 -
[2024-02-14 16:52:32,334] INFO in _internal: 127.0.0.1 - - [14/Feb/2024 16:52:32] "[36mGET /static/img/img-160.png HTTP/1.1[0m" 304 -
[2024-02-14 16:52:32,336] INFO in _internal: 127.0.0.1 - - [14/Feb/2024 16:52:32] "[36mGET /static/img/img-162.png HTTP/1.1[0m" 304 -
[2024-02-14 16:52:32,345] INFO in _internal: 127.0.0.1 - - [14/Feb/2024 16:52:32] "[36mGET /static/img/img-171.png HTTP/1.1[0m" 304 -
[2024-02-14 16:52:32,347] INFO in _internal: 127.0.0.1 - - [14/Feb/2024 16:52:32] "[36mGET /static/img/img-172.png HTTP/1.1[0m" 304 -
[2024-02-14 16:52:32,351] INFO in _internal: 127.0.0.1 - - [14/Feb/2024 16:52:32] "[36mGET /static/img/img-173.png HTTP/1.1[0m" 304 -
[2024-02-14 16:52:32,354] INFO in _internal: 127.0.0.1 - - [14/Feb/2024 16:52:32] "[36mGET /static/img/img-174.png HTTP/1.1[0m" 304 -
[2024-02-14 16:52:32,361] INFO in _internal: 127.0.0.1 - - [14/Feb/2024 16:52:32] "[36mGET /static/img/img-175.png HTTP/1.1[0m" 304 -
[2024-02-14 16:53:23,171] INFO in _internal: 127.0.0.1 - - [14/Feb/2024 16:53:23] "GET /info HTTP/1.1" 200 -
[2024-02-14 16:53:23,198] INFO in _internal: 127.0.0.1 - - [14/Feb/2024 16:53:23] "[36mGET /static/img/logo.png HTTP/1.1[0m" 304 -
[2024-02-14 16:53:23,199] INFO in _internal: 127.0.0.1 - - [14/Feb/2024 16:53:23] "[36mGET /static/css/info.css HTTP/1.1[0m" 304 -
[2024-02-14 16:53:23,201] INFO in _internal: 127.0.0.1 - - [14/Feb/2024 16:53:23] "GET /static/js/info.js HTTP/1.1" 200 -
[2024-02-14 16:53:23,376] INFO in _internal: 127.0.0.1 - - [14/Feb/2024 16:53:23] "[36mGET /static/img/img-1.png HTTP/1.1[0m" 304 -
[2024-02-14 16:53:23,376] INFO in _internal: 127.0.0.1 - - [14/Feb/2024 16:53:23] "[36mGET /static/img/img-2.png HTTP/1.1[0m" 304 -
[2024-02-14 16:53:23,379] INFO in _internal: 127.0.0.1 - - [14/Feb/2024 16:53:23] "[36mGET /static/img/img-3.png HTTP/1.1[0m" 304 -
[2024-02-14 16:53:23,402] INFO in _internal: 127.0.0.1 - - [14/Feb/2024 16:53:23] "[36mGET /static/img/img-45.png HTTP/1.1[0m" 304 -
[2024-02-14 16:53:23,414] INFO in _internal: 127.0.0.1 - - [14/Feb/2024 16:53:23] "[36mGET /static/img/img-5.png HTTP/1.1[0m" 304 -
[2024-02-14 16:53:23,414] INFO in _internal: 127.0.0.1 - - [14/Feb/2024 16:53:23] "[36mGET /static/img/img-4.png HTTP/1.1[0m" 304 -
[2024-02-14 16:53:23,418] INFO in _internal: 127.0.0.1 - - [14/Feb/2024 16:53:23] "[36mGET /static/img/img-46.png HTTP/1.1[0m" 304 -
[2024-02-14 16:53:23,432] INFO in _internal: 127.0.0.1 - - [14/Feb/2024 16:53:23] "[36mGET /static/img/img-48.png HTTP/1.1[0m" 304 -
[2024-02-14 16:53:23,420] INFO in _internal: 127.0.0.1 - - [14/Feb/2024 16:53:23] "[36mGET /static/img/img-47.png HTTP/1.1[0m" 304 -
[2024-02-14 16:53:23,472] INFO in _internal: 127.0.0.1 - - [14/Feb/2024 16:53:23] "[36mGET /static/img/img-49.png HTTP/1.1[0m" 304 -
[2024-02-14 16:53:23,473] INFO in _internal: 127.0.0.1 - - [14/Feb/2024 16:53:23] "[36mGET /static/img/img-88.png HTTP/1.1[0m" 304 -
[2024-02-14 16:53:23,474] INFO in _internal: 127.0.0.1 - - [14/Feb/2024 16:53:23] "[36mGET /static/img/img-89.png HTTP/1.1[0m" 304 -
[2024-02-14 16:53:23,483] INFO in _internal: 127.0.0.1 - - [14/Feb/2024 16:53:23] "[36mGET /static/img/img-91.png HTTP/1.1[0m" 304 -
[2024-02-14 16:53:23,486] INFO in _internal: 127.0.0.1 - - [14/Feb/2024 16:53:23] "[36mGET /static/img/img-90.png HTTP/1.1[0m" 304 -
[2024-02-14 16:53:23,494] INFO in _internal: 127.0.0.1 - - [14/Feb/2024 16:53:23] "[36mGET /static/img/img-92.png HTTP/1.1[0m" 304 -
[2024-02-14 16:53:23,496] INFO in _internal: 127.0.0.1 - - [14/Feb/2024 16:53:23] "[36mGET /static/img/img-131.png HTTP/1.1[0m" 304 -
[2024-02-14 16:53:23,497] INFO in _internal: 127.0.0.1 - - [14/Feb/2024 16:53:23] "[36mGET /static/img/img-132.png HTTP/1.1[0m" 304 -
[2024-02-14 16:53:23,499] INFO in _internal: 127.0.0.1 - - [14/Feb/2024 16:53:23] "[36mGET /static/img/img-133.png HTTP/1.1[0m" 304 -
[2024-02-14 16:53:23,501] INFO in _internal: 127.0.0.1 - - [14/Feb/2024 16:53:23] "[36mGET /static/img/img-134.png HTTP/1.1[0m" 304 -
[2024-02-14 16:53:23,514] INFO in _internal: 127.0.0.1 - - [14/Feb/2024 16:53:23] "[36mGET /static/img/img-135.png HTTP/1.1[0m" 304 -
[2024-02-14 16:53:23,519] INFO in _internal: 127.0.0.1 - - [14/Feb/2024 16:53:23] "[36mGET /static/img/img-159.png HTTP/1.1[0m" 304 -
[2024-02-14 16:53:23,521] INFO in _internal: 127.0.0.1 - - [14/Feb/2024 16:53:23] "[36mGET /static/img/img-158.png HTTP/1.1[0m" 304 -
[2024-02-14 16:53:23,526] INFO in _internal: 127.0.0.1 - - [14/Feb/2024 16:53:23] "[36mGET /static/img/img-160.png HTTP/1.1[0m" 304 -
[2024-02-14 16:53:23,532] INFO in _internal: 127.0.0.1 - - [14/Feb/2024 16:53:23] "[36mGET /static/img/img-162.png HTTP/1.1[0m" 304 -
[2024-02-14 16:53:23,533] INFO in _internal: 127.0.0.1 - - [14/Feb/2024 16:53:23] "[36mGET /static/img/img-161.png HTTP/1.1[0m" 304 -
[2024-02-14 16:53:23,541] INFO in _internal: 127.0.0.1 - - [14/Feb/2024 16:53:23] "[36mGET /static/img/img-171.png HTTP/1.1[0m" 304 -
[2024-02-14 16:53:23,544] INFO in _internal: 127.0.0.1 - - [14/Feb/2024 16:53:23] "[36mGET /static/img/img-172.png HTTP/1.1[0m" 304 -
[2024-02-14 16:53:23,548] INFO in _internal: 127.0.0.1 - - [14/Feb/2024 16:53:23] "[36mGET /static/img/img-173.png HTTP/1.1[0m" 304 -
[2024-02-14 16:53:23,553] INFO in _internal: 127.0.0.1 - - [14/Feb/2024 16:53:23] "[36mGET /static/img/img-174.png HTTP/1.1[0m" 304 -
[2024-02-14 16:53:23,554] INFO in _internal: 127.0.0.1 - - [14/Feb/2024 16:53:23] "[36mGET /static/img/img-175.png HTTP/1.1[0m" 304 -
[2024-02-14 16:53:34,501] INFO in _internal: 127.0.0.1 - - [14/Feb/2024 16:53:34] "[36mGET /static/img/img-6.png HTTP/1.1[0m" 304 -
[2024-02-14 16:53:34,504] INFO in _internal: 127.0.0.1 - - [14/Feb/2024 16:53:34] "[36mGET /static/img/img-7.png HTTP/1.1[0m" 304 -
[2024-02-14 16:53:34,510] INFO in _internal: 127.0.0.1 - - [14/Feb/2024 16:53:34] "GET /static/img/img-51.png HTTP/1.1" 200 -
[2024-02-14 16:53:34,513] INFO in _internal: 127.0.0.1 - - [14/Feb/2024 16:53:34] "[36mGET /static/img/img-8.png HTTP/1.1[0m" 304 -
[2024-02-14 16:53:34,519] INFO in _internal: 127.0.0.1 - - [14/Feb/2024 16:53:34] "[36mGET /static/img/img-93.png HTTP/1.1[0m" 304 -
[2024-02-14 16:53:34,524] INFO in _internal: 127.0.0.1 - - [14/Feb/2024 16:53:34] "GET /static/img/img-94.png HTTP/1.1" 200 -
[2024-02-14 16:53:34,526] INFO in _internal: 127.0.0.1 - - [14/Feb/2024 16:53:34] "GET /static/img/img-50.png HTTP/1.1" 200 -
[2024-02-14 16:53:34,531] INFO in _internal: 127.0.0.1 - - [14/Feb/2024 16:53:34] "GET /static/img/img-95.png HTTP/1.1" 200 -
[2024-02-14 16:53:34,533] INFO in _internal: 127.0.0.1 - - [14/Feb/2024 16:53:34] "[36mGET /static/img/img-136.png HTTP/1.1[0m" 304 -
[2024-02-14 16:53:34,551] INFO in _internal: 127.0.0.1 - - [14/Feb/2024 16:53:34] "GET /static/img/img-137.png HTTP/1.1" 200 -
[2024-02-14 16:53:34,569] INFO in _internal: 127.0.0.1 - - [14/Feb/2024 16:53:34] "GET /static/img/img-138.png HTTP/1.1" 200 -
[2024-02-14 16:53:34,575] INFO in _internal: 127.0.0.1 - - [14/Feb/2024 16:53:34] "[36mGET /static/img/img-163.png HTTP/1.1[0m" 304 -
[2024-02-14 16:53:34,590] INFO in _internal: 127.0.0.1 - - [14/Feb/2024 16:53:34] "[36mGET /static/img/img-164.png HTTP/1.1[0m" 304 -
[2024-02-14 16:53:34,610] INFO in _internal: 127.0.0.1 - - [14/Feb/2024 16:53:34] "[36mGET /static/img/img-176.png HTTP/1.1[0m" 304 -
[2024-02-14 16:53:34,610] INFO in _internal: 127.0.0.1 - - [14/Feb/2024 16:53:34] "[36mGET /static/img/img-165.png HTTP/1.1[0m" 304 -
[2024-02-14 16:53:34,611] INFO in _internal: 127.0.0.1 - - [14/Feb/2024 16:53:34] "[36mGET /static/img/img-177.png HTTP/1.1[0m" 304 -
[2024-02-14 16:53:34,684] INFO in _internal: 127.0.0.1 - - [14/Feb/2024 16:53:34] "GET /static/img/img-52.png HTTP/1.1" 200 -
[2024-02-14 16:53:50,307] INFO in _internal: 127.0.0.1 - - [14/Feb/2024 16:53:50] "[36mGET /static/img/img-178.png HTTP/1.1[0m" 304 -
[2024-02-14 16:53:50,308] INFO in _internal: 127.0.0.1 - - [14/Feb/2024 16:53:50] "[36mGET /static/img/img-179.png HTTP/1.1[0m" 304 -
[2024-02-14 16:53:50,308] INFO in _internal: 127.0.0.1 - - [14/Feb/2024 16:53:50] "[36mGET /static/img/img-181.png HTTP/1.1[0m" 304 -
[2024-02-14 16:53:50,309] INFO in _internal: 127.0.0.1 - - [14/Feb/2024 16:53:50] "[36mGET /static/img/img-180.png HTTP/1.1[0m" 304 -
[2024-02-14 16:53:50,309] INFO in _internal: 127.0.0.1 - - [14/Feb/2024 16:53:50] "[36mGET /static/img/img-182.png HTTP/1.1[0m" 304 -
[2024-02-14 16:53:50,423] INFO in _internal: 127.0.0.1 - - [14/Feb/2024 16:53:50] "[36mGET /static/img/img-183.png HTTP/1.1[0m" 304 -
[2024-02-14 16:53:50,427] INFO in _internal: 127.0.0.1 - - [14/Feb/2024 16:53:50] "[36mGET /static/img/img-184.png HTTP/1.1[0m" 304 -
[2024-02-14 16:53:50,428] INFO in _internal: 127.0.0.1 - - [14/Feb/2024 16:53:50] "[36mGET /static/img/img-185.png HTTP/1.1[0m" 304 -
[2024-02-14 16:53:50,559] INFO in _internal: 127.0.0.1 - - [14/Feb/2024 16:53:50] "[36mGET /static/img/img-186.png HTTP/1.1[0m" 304 -
[2024-02-14 16:53:50,560] INFO in _internal: 127.0.0.1 - - [14/Feb/2024 16:53:50] "[36mGET /static/img/img-187.png HTTP/1.1[0m" 304 -
[2024-02-14 16:53:50,564] INFO in _internal: 127.0.0.1 - - [14/Feb/2024 16:53:50] "[36mGET /static/img/img-188.png HTTP/1.1[0m" 304 -
[2024-02-14 16:53:50,567] INFO in _internal: 127.0.0.1 - - [14/Feb/2024 16:53:50] "[36mGET /static/img/img-190.png HTTP/1.1[0m" 304 -
[2024-02-14 16:53:50,567] INFO in _internal: 127.0.0.1 - - [14/Feb/2024 16:53:50] "[36mGET /static/img/img-189.png HTTP/1.1[0m" 304 -
[2024-02-14 16:53:50,568] INFO in _internal: 127.0.0.1 - - [14/Feb/2024 16:53:50] "[36mGET /static/img/img-191.png HTTP/1.1[0m" 304 -
[2024-02-14 16:53:50,575] INFO in _internal: 127.0.0.1 - - [14/Feb/2024 16:53:50] "[36mGET /static/img/img-192.png HTTP/1.1[0m" 304 -
[2024-02-14 16:53:58,318] INFO in _internal: 127.0.0.1 - - [14/Feb/2024 16:53:58] "[36mGET /static/css/info.css HTTP/1.1[0m" 304 -
[2024-02-14 16:54:15,398] INFO in _internal: 127.0.0.1 - - [14/Feb/2024 16:54:15] "GET /info HTTP/1.1" 200 -
[2024-02-14 16:54:15,427] INFO in _internal: 127.0.0.1 - - [14/Feb/2024 16:54:15] "[36mGET /static/css/info.css HTTP/1.1[0m" 304 -
[2024-02-14 16:54:15,432] INFO in _internal: 127.0.0.1 - - [14/Feb/2024 16:54:15] "[36mGET /static/img/logo.png HTTP/1.1[0m" 304 -
[2024-02-14 16:54:15,436] INFO in _internal: 127.0.0.1 - - [14/Feb/2024 16:54:15] "[36mGET /static/js/info.js HTTP/1.1[0m" 304 -
[2024-02-14 16:54:15,519] INFO in _internal: 127.0.0.1 - - [14/Feb/2024 16:54:15] "[36mGET /static/img/img-1.png HTTP/1.1[0m" 304 -
[2024-02-14 16:54:15,526] INFO in _internal: 127.0.0.1 - - [14/Feb/2024 16:54:15] "[36mGET /static/img/img-3.png HTTP/1.1[0m" 304 -
[2024-02-14 16:54:15,528] INFO in _internal: 127.0.0.1 - - [14/Feb/2024 16:54:15] "[36mGET /static/img/img-2.png HTTP/1.1[0m" 304 -
[2024-02-14 16:54:15,533] INFO in _internal: 127.0.0.1 - - [14/Feb/2024 16:54:15] "[36mGET /static/img/img-4.png HTTP/1.1[0m" 304 -
[2024-02-14 16:54:15,535] INFO in _internal: 127.0.0.1 - - [14/Feb/2024 16:54:15] "[36mGET /static/img/img-5.png HTTP/1.1[0m" 304 -
[2024-02-14 16:54:15,546] INFO in _internal: 127.0.0.1 - - [14/Feb/2024 16:54:15] "[36mGET /static/img/img-45.png HTTP/1.1[0m" 304 -
[2024-02-14 16:54:15,557] INFO in _internal: 127.0.0.1 - - [14/Feb/2024 16:54:15] "[36mGET /static/img/img-46.png HTTP/1.1[0m" 304 -
[2024-02-14 16:54:15,564] INFO in _internal: 127.0.0.1 - - [14/Feb/2024 16:54:15] "[36mGET /static/img/img-47.png HTTP/1.1[0m" 304 -
[2024-02-14 16:54:15,574] INFO in _internal: 127.0.0.1 - - [14/Feb/2024 16:54:15] "[36mGET /static/img/img-48.png HTTP/1.1[0m" 304 -
[2024-02-14 16:54:15,578] INFO in _internal: 127.0.0.1 - - [14/Feb/2024 16:54:15] "[36mGET /static/img/img-49.png HTTP/1.1[0m" 304 -
[2024-02-14 16:54:15,583] INFO in _internal: 127.0.0.1 - - [14/Feb/2024 16:54:15] "[36mGET /static/img/img-88.png HTTP/1.1[0m" 304 -
[2024-02-14 16:54:15,590] INFO in _internal: 127.0.0.1 - - [14/Feb/2024 16:54:15] "[36mGET /static/img/img-89.png HTTP/1.1[0m" 304 -
[2024-02-14 16:54:15,604] INFO in _internal: 127.0.0.1 - - [14/Feb/2024 16:54:15] "[36mGET /static/img/img-90.png HTTP/1.1[0m" 304 -
[2024-02-14 16:54:15,607] INFO in _internal: 127.0.0.1 - - [14/Feb/2024 16:54:15] "[36mGET /static/img/img-91.png HTTP/1.1[0m" 304 -
[2024-02-14 16:54:15,609] INFO in _internal: 127.0.0.1 - - [14/Feb/2024 16:54:15] "[36mGET /static/img/img-92.png HTTP/1.1[0m" 304 -
[2024-02-14 16:54:15,615] INFO in _internal: 127.0.0.1 - - [14/Feb/2024 16:54:15] "[36mGET /static/img/img-131.png HTTP/1.1[0m" 304 -
[2024-02-14 16:54:15,619] INFO in _internal: 127.0.0.1 - - [14/Feb/2024 16:54:15] "[36mGET /static/img/img-132.png HTTP/1.1[0m" 304 -
[2024-02-14 16:54:15,622] INFO in _internal: 127.0.0.1 - - [14/Feb/2024 16:54:15] "[36mGET /static/img/img-133.png HTTP/1.1[0m" 304 -
[2024-02-14 16:54:15,626] INFO in _internal: 127.0.0.1 - - [14/Feb/2024 16:54:15] "[36mGET /static/img/img-134.png HTTP/1.1[0m" 304 -
[2024-02-14 16:54:15,630] INFO in _internal: 127.0.0.1 - - [14/Feb/2024 16:54:15] "[36mGET /static/img/img-135.png HTTP/1.1[0m" 304 -
[2024-02-14 16:54:15,632] INFO in _internal: 127.0.0.1 - - [14/Feb/2024 16:54:15] "[36mGET /static/img/img-158.png HTTP/1.1[0m" 304 -
[2024-02-14 16:54:15,635] INFO in _internal: 127.0.0.1 - - [14/Feb/2024 16:54:15] "[36mGET /static/img/img-159.png HTTP/1.1[0m" 304 -
[2024-02-14 16:54:15,640] INFO in _internal: 127.0.0.1 - - [14/Feb/2024 16:54:15] "[36mGET /static/img/img-160.png HTTP/1.1[0m" 304 -
[2024-02-14 16:54:15,644] INFO in _internal: 127.0.0.1 - - [14/Feb/2024 16:54:15] "[36mGET /static/img/img-161.png HTTP/1.1[0m" 304 -
[2024-02-14 16:54:15,651] INFO in _internal: 127.0.0.1 - - [14/Feb/2024 16:54:15] "[36mGET /static/img/img-162.png HTTP/1.1[0m" 304 -
[2024-02-14 16:54:15,653] INFO in _internal: 127.0.0.1 - - [14/Feb/2024 16:54:15] "[36mGET /static/img/img-171.png HTTP/1.1[0m" 304 -
[2024-02-14 16:54:15,654] INFO in _internal: 127.0.0.1 - - [14/Feb/2024 16:54:15] "[36mGET /static/img/img-172.png HTTP/1.1[0m" 304 -
[2024-02-14 16:54:15,664] INFO in _internal: 127.0.0.1 - - [14/Feb/2024 16:54:15] "[36mGET /static/img/img-173.png HTTP/1.1[0m" 304 -
[2024-02-14 16:54:15,668] INFO in _internal: 127.0.0.1 - - [14/Feb/2024 16:54:15] "[36mGET /static/img/img-174.png HTTP/1.1[0m" 304 -
[2024-02-14 16:54:15,669] INFO in _internal: 127.0.0.1 - - [14/Feb/2024 16:54:15] "[36mGET /static/img/img-175.png HTTP/1.1[0m" 304 -
[2024-02-14 16:54:22,485] INFO in _internal: 127.0.0.1 - - [14/Feb/2024 16:54:22] "[36mGET /static/css/info.css HTTP/1.1[0m" 304 -
[2024-02-14 16:54:29,127] INFO in _internal: 127.0.0.1 - - [14/Feb/2024 16:54:29] "GET /info HTTP/1.1" 200 -
[2024-02-14 16:54:29,153] INFO in _internal: 127.0.0.1 - - [14/Feb/2024 16:54:29] "[36mGET /static/css/info.css HTTP/1.1[0m" 304 -
[2024-02-14 16:54:29,157] INFO in _internal: 127.0.0.1 - - [14/Feb/2024 16:54:29] "[36mGET /static/js/info.js HTTP/1.1[0m" 304 -
[2024-02-14 16:54:29,158] INFO in _internal: 127.0.0.1 - - [14/Feb/2024 16:54:29] "[36mGET /static/img/logo.png HTTP/1.1[0m" 304 -
[2024-02-14 16:54:29,241] INFO in _internal: 127.0.0.1 - - [14/Feb/2024 16:54:29] "[36mGET /static/img/img-1.png HTTP/1.1[0m" 304 -
[2024-02-14 16:54:29,242] INFO in _internal: 127.0.0.1 - - [14/Feb/2024 16:54:29] "[36mGET /static/img/img-2.png HTTP/1.1[0m" 304 -
[2024-02-14 16:54:29,244] INFO in _internal: 127.0.0.1 - - [14/Feb/2024 16:54:29] "[36mGET /static/img/img-3.png HTTP/1.1[0m" 304 -
[2024-02-14 16:54:29,246] INFO in _internal: 127.0.0.1 - - [14/Feb/2024 16:54:29] "[36mGET /static/img/img-45.png HTTP/1.1[0m" 304 -
[2024-02-14 16:54:29,247] INFO in _internal: 127.0.0.1 - - [14/Feb/2024 16:54:29] "[36mGET /static/img/img-46.png HTTP/1.1[0m" 304 -
[2024-02-14 16:54:29,252] INFO in _internal: 127.0.0.1 - - [14/Feb/2024 16:54:29] "[36mGET /static/img/img-47.png HTTP/1.1[0m" 304 -
[2024-02-14 16:54:29,275] INFO in _internal: 127.0.0.1 - - [14/Feb/2024 16:54:29] "[36mGET /static/img/img-88.png HTTP/1.1[0m" 304 -
[2024-02-14 16:54:29,277] INFO in _internal: 127.0.0.1 - - [14/Feb/2024 16:54:29] "[36mGET /static/img/img-89.png HTTP/1.1[0m" 304 -
[2024-02-14 16:54:29,280] INFO in _internal: 127.0.0.1 - - [14/Feb/2024 16:54:29] "[36mGET /static/img/img-90.png HTTP/1.1[0m" 304 -
[2024-02-14 16:54:29,286] INFO in _internal: 127.0.0.1 - - [14/Feb/2024 16:54:29] "[36mGET /static/img/img-131.png HTTP/1.1[0m" 304 -
[2024-02-14 16:54:29,287] INFO in _internal: 127.0.0.1 - - [14/Feb/2024 16:54:29] "[36mGET /static/img/img-132.png HTTP/1.1[0m" 304 -
[2024-02-14 16:54:29,292] INFO in _internal: 127.0.0.1 - - [14/Feb/2024 16:54:29] "[36mGET /static/img/img-133.png HTTP/1.1[0m" 304 -
[2024-02-14 16:54:29,303] INFO in _internal: 127.0.0.1 - - [14/Feb/2024 16:54:29] "[36mGET /static/img/img-158.png HTTP/1.1[0m" 304 -
[2024-02-14 16:54:29,308] INFO in _internal: 127.0.0.1 - - [14/Feb/2024 16:54:29] "[36mGET /static/img/img-159.png HTTP/1.1[0m" 304 -
[2024-02-14 16:54:29,310] INFO in _internal: 127.0.0.1 - - [14/Feb/2024 16:54:29] "[36mGET /static/img/img-160.png HTTP/1.1[0m" 304 -
[2024-02-14 16:54:37,995] INFO in _internal: 127.0.0.1 - - [14/Feb/2024 16:54:37] "[36mGET /static/img/img-4.png HTTP/1.1[0m" 304 -
[2024-02-14 16:54:37,999] INFO in _internal: 127.0.0.1 - - [14/Feb/2024 16:54:37] "[36mGET /static/img/img-5.png HTTP/1.1[0m" 304 -
[2024-02-14 16:54:38,004] INFO in _internal: 127.0.0.1 - - [14/Feb/2024 16:54:38] "[36mGET /static/img/img-48.png HTTP/1.1[0m" 304 -
[2024-02-14 16:54:38,006] INFO in _internal: 127.0.0.1 - - [14/Feb/2024 16:54:38] "[36mGET /static/img/img-49.png HTTP/1.1[0m" 304 -
[2024-02-14 16:54:38,013] INFO in _internal: 127.0.0.1 - - [14/Feb/2024 16:54:38] "[36mGET /static/img/img-91.png HTTP/1.1[0m" 304 -
[2024-02-14 16:54:38,016] INFO in _internal: 127.0.0.1 - - [14/Feb/2024 16:54:38] "[36mGET /static/img/img-134.png HTTP/1.1[0m" 304 -
[2024-02-14 16:54:38,016] INFO in _internal: 127.0.0.1 - - [14/Feb/2024 16:54:38] "[36mGET /static/img/img-92.png HTTP/1.1[0m" 304 -
[2024-02-14 16:54:38,025] INFO in _internal: 127.0.0.1 - - [14/Feb/2024 16:54:38] "[36mGET /static/img/img-135.png HTTP/1.1[0m" 304 -
[2024-02-14 16:54:38,027] INFO in _internal: 127.0.0.1 - - [14/Feb/2024 16:54:38] "[36mGET /static/img/img-161.png HTTP/1.1[0m" 304 -
[2024-02-14 16:54:38,029] INFO in _internal: 127.0.0.1 - - [14/Feb/2024 16:54:38] "[36mGET /static/img/img-162.png HTTP/1.1[0m" 304 -
[2024-02-14 16:54:38,038] INFO in _internal: 127.0.0.1 - - [14/Feb/2024 16:54:38] "[36mGET /static/img/img-171.png HTTP/1.1[0m" 304 -
[2024-02-14 16:54:38,041] INFO in _internal: 127.0.0.1 - - [14/Feb/2024 16:54:38] "[36mGET /static/img/img-172.png HTTP/1.1[0m" 304 -
[2024-02-14 16:54:38,045] INFO in _internal: 127.0.0.1 - - [14/Feb/2024 16:54:38] "[36mGET /static/img/img-173.png HTTP/1.1[0m" 304 -
[2024-02-14 16:54:38,052] INFO in _internal: 127.0.0.1 - - [14/Feb/2024 16:54:38] "[36mGET /static/img/img-174.png HTTP/1.1[0m" 304 -
[2024-02-14 16:54:38,055] INFO in _internal: 127.0.0.1 - - [14/Feb/2024 16:54:38] "[36mGET /static/img/img-175.png HTTP/1.1[0m" 304 -
[2024-02-14 16:55:02,935] INFO in _internal: 127.0.0.1 - - [14/Feb/2024 16:55:02] "[36mGET /static/img/img-7.png HTTP/1.1[0m" 304 -
[2024-02-14 16:55:02,937] INFO in _internal: 127.0.0.1 - - [14/Feb/2024 16:55:02] "[36mGET /static/img/img-51.png HTTP/1.1[0m" 304 -
[2024-02-14 16:55:02,938] INFO in _internal: 127.0.0.1 - - [14/Feb/2024 16:55:02] "[36mGET /static/img/img-6.png HTTP/1.1[0m" 304 -
[2024-02-14 16:55:02,938] INFO in _internal: 127.0.0.1 - - [14/Feb/2024 16:55:02] "[36mGET /static/img/img-8.png HTTP/1.1[0m" 304 -
[2024-02-14 16:55:02,939] INFO in _internal: 127.0.0.1 - - [14/Feb/2024 16:55:02] "[36mGET /static/img/img-50.png HTTP/1.1[0m" 304 -
[2024-02-14 16:55:02,940] INFO in _internal: 127.0.0.1 - - [14/Feb/2024 16:55:02] "[36mGET /static/img/img-52.png HTTP/1.1[0m" 304 -
[2024-02-14 16:55:02,971] INFO in _internal: 127.0.0.1 - - [14/Feb/2024 16:55:02] "[36mGET /static/img/img-93.png HTTP/1.1[0m" 304 -
[2024-02-14 16:55:02,980] INFO in _internal: 127.0.0.1 - - [14/Feb/2024 16:55:02] "[36mGET /static/img/img-94.png HTTP/1.1[0m" 304 -
[2024-02-14 16:55:02,986] INFO in _internal: 127.0.0.1 - - [14/Feb/2024 16:55:02] "[36mGET /static/img/img-95.png HTTP/1.1[0m" 304 -
[2024-02-14 16:55:02,991] INFO in _internal: 127.0.0.1 - - [14/Feb/2024 16:55:02] "[36mGET /static/img/img-136.png HTTP/1.1[0m" 304 -
[2024-02-14 16:55:02,992] INFO in _internal: 127.0.0.1 - - [14/Feb/2024 16:55:02] "[36mGET /static/img/img-137.png HTTP/1.1[0m" 304 -
[2024-02-14 16:55:02,994] INFO in _internal: 127.0.0.1 - - [14/Feb/2024 16:55:02] "[36mGET /static/img/img-138.png HTTP/1.1[0m" 304 -
[2024-02-14 16:55:02,996] INFO in _internal: 127.0.0.1 - - [14/Feb/2024 16:55:02] "[36mGET /static/img/img-163.png HTTP/1.1[0m" 304 -
[2024-02-14 16:55:03,002] INFO in _internal: 127.0.0.1 - - [14/Feb/2024 16:55:03] "[36mGET /static/img/img-164.png HTTP/1.1[0m" 304 -
[2024-02-14 16:55:03,009] INFO in _internal: 127.0.0.1 - - [14/Feb/2024 16:55:03] "[36mGET /static/img/img-165.png HTTP/1.1[0m" 304 -
[2024-02-14 16:55:03,012] INFO in _internal: 127.0.0.1 - - [14/Feb/2024 16:55:03] "[36mGET /static/img/img-176.png HTTP/1.1[0m" 304 -
[2024-02-14 16:55:03,017] INFO in _internal: 127.0.0.1 - - [14/Feb/2024 16:55:03] "[36mGET /static/img/img-177.png HTTP/1.1[0m" 304 -
[2024-02-14 16:58:28,372] INFO in _internal: 127.0.0.1 - - [14/Feb/2024 16:58:28] "GET /info HTTP/1.1" 200 -
[2024-02-14 16:58:28,396] INFO in _internal: 127.0.0.1 - - [14/Feb/2024 16:58:28] "[36mGET /static/css/info.css HTTP/1.1[0m" 304 -
[2024-02-14 16:58:28,398] INFO in _internal: 127.0.0.1 - - [14/Feb/2024 16:58:28] "[36mGET /static/img/logo.png HTTP/1.1[0m" 304 -
[2024-02-14 16:58:28,398] INFO in _internal: 127.0.0.1 - - [14/Feb/2024 16:58:28] "GET /static/js/info.js HTTP/1.1" 200 -
[2024-02-14 16:58:28,520] INFO in _internal: 127.0.0.1 - - [14/Feb/2024 16:58:28] "[36mGET /static/img/img-1.png HTTP/1.1[0m" 304 -
[2024-02-14 16:58:28,531] INFO in _internal: 127.0.0.1 - - [14/Feb/2024 16:58:28] "[36mGET /static/img/img-2.png HTTP/1.1[0m" 304 -
[2024-02-14 16:58:28,534] INFO in _internal: 127.0.0.1 - - [14/Feb/2024 16:58:28] "[36mGET /static/img/img-3.png HTTP/1.1[0m" 304 -
[2024-02-14 16:58:28,546] INFO in _internal: 127.0.0.1 - - [14/Feb/2024 16:58:28] "[36mGET /static/img/img-4.png HTTP/1.1[0m" 304 -
[2024-02-14 16:58:28,547] INFO in _internal: 127.0.0.1 - - [14/Feb/2024 16:58:28] "[36mGET /static/img/img-5.png HTTP/1.1[0m" 304 -
[2024-02-14 16:58:28,554] INFO in _internal: 127.0.0.1 - - [14/Feb/2024 16:58:28] "[36mGET /static/img/img-6.png HTTP/1.1[0m" 304 -
[2024-02-14 16:58:28,558] INFO in _internal: 127.0.0.1 - - [14/Feb/2024 16:58:28] "[36mGET /static/img/img-7.png HTTP/1.1[0m" 304 -
[2024-02-14 16:58:28,564] INFO in _internal: 127.0.0.1 - - [14/Feb/2024 16:58:28] "[36mGET /static/img/img-47.png HTTP/1.1[0m" 304 -
[2024-02-14 16:58:28,564] INFO in _internal: 127.0.0.1 - - [14/Feb/2024 16:58:28] "[36mGET /static/img/img-46.png HTTP/1.1[0m" 304 -
[2024-02-14 16:58:28,572] INFO in _internal: 127.0.0.1 - - [14/Feb/2024 16:58:28] "[36mGET /static/img/img-45.png HTTP/1.1[0m" 304 -
[2024-02-14 16:58:28,575] INFO in _internal: 127.0.0.1 - - [14/Feb/2024 16:58:28] "[36mGET /static/img/img-49.png HTTP/1.1[0m" 304 -
[2024-02-14 16:58:28,581] INFO in _internal: 127.0.0.1 - - [14/Feb/2024 16:58:28] "[36mGET /static/img/img-48.png HTTP/1.1[0m" 304 -
[2024-02-14 16:58:28,585] INFO in _internal: 127.0.0.1 - - [14/Feb/2024 16:58:28] "[36mGET /static/img/img-50.png HTTP/1.1[0m" 304 -
[2024-02-14 16:58:28,586] INFO in _internal: 127.0.0.1 - - [14/Feb/2024 16:58:28] "[36mGET /static/img/img-8.png HTTP/1.1[0m" 304 -
[2024-02-14 16:58:28,595] INFO in _internal: 127.0.0.1 - - [14/Feb/2024 16:58:28] "[36mGET /static/img/img-51.png HTTP/1.1[0m" 304 -
[2024-02-14 16:58:28,601] INFO in _internal: 127.0.0.1 - - [14/Feb/2024 16:58:28] "[36mGET /static/img/img-52.png HTTP/1.1[0m" 304 -
[2024-02-14 16:58:28,603] INFO in _internal: 127.0.0.1 - - [14/Feb/2024 16:58:28] "[36mGET /static/img/img-88.png HTTP/1.1[0m" 304 -
[2024-02-14 16:58:28,613] INFO in _internal: 127.0.0.1 - - [14/Feb/2024 16:58:28] "[36mGET /static/img/img-89.png HTTP/1.1[0m" 304 -
[2024-02-14 16:58:28,614] INFO in _internal: 127.0.0.1 - - [14/Feb/2024 16:58:28] "[36mGET /static/img/img-90.png HTTP/1.1[0m" 304 -
[2024-02-14 16:58:28,631] INFO in _internal: 127.0.0.1 - - [14/Feb/2024 16:58:28] "[36mGET /static/img/img-91.png HTTP/1.1[0m" 304 -
[2024-02-14 16:58:28,636] INFO in _internal: 127.0.0.1 - - [14/Feb/2024 16:58:28] "[36mGET /static/img/img-92.png HTTP/1.1[0m" 304 -
[2024-02-14 16:58:28,640] INFO in _internal: 127.0.0.1 - - [14/Feb/2024 16:58:28] "[36mGET /static/img/img-93.png HTTP/1.1[0m" 304 -
[2024-02-14 16:58:28,646] INFO in _internal: 127.0.0.1 - - [14/Feb/2024 16:58:28] "[36mGET /static/img/img-94.png HTTP/1.1[0m" 304 -
[2024-02-14 16:58:28,647] INFO in _internal: 127.0.0.1 - - [14/Feb/2024 16:58:28] "[36mGET /static/img/img-95.png HTTP/1.1[0m" 304 -
[2024-02-14 16:58:28,653] INFO in _internal: 127.0.0.1 - - [14/Feb/2024 16:58:28] "[36mGET /static/img/img-131.png HTTP/1.1[0m" 304 -
[2024-02-14 16:58:28,671] INFO in _internal: 127.0.0.1 - - [14/Feb/2024 16:58:28] "[36mGET /static/img/img-132.png HTTP/1.1[0m" 304 -
[2024-02-14 16:58:28,674] INFO in _internal: 127.0.0.1 - - [14/Feb/2024 16:58:28] "[36mGET /static/img/img-134.png HTTP/1.1[0m" 304 -
[2024-02-14 16:58:28,675] INFO in _internal: 127.0.0.1 - - [14/Feb/2024 16:58:28] "[36mGET /static/img/img-133.png HTTP/1.1[0m" 304 -
[2024-02-14 16:58:28,677] INFO in _internal: 127.0.0.1 - - [14/Feb/2024 16:58:28] "[36mGET /static/img/img-135.png HTTP/1.1[0m" 304 -
[2024-02-14 16:58:28,679] INFO in _internal: 127.0.0.1 - - [14/Feb/2024 16:58:28] "[36mGET /static/img/img-136.png HTTP/1.1[0m" 304 -
[2024-02-14 16:58:28,693] INFO in _internal: 127.0.0.1 - - [14/Feb/2024 16:58:28] "[36mGET /static/img/img-137.png HTTP/1.1[0m" 304 -
[2024-02-14 16:58:28,708] INFO in _internal: 127.0.0.1 - - [14/Feb/2024 16:58:28] "[36mGET /static/img/img-138.png HTTP/1.1[0m" 304 -
[2024-02-14 16:58:28,709] INFO in _internal: 127.0.0.1 - - [14/Feb/2024 16:58:28] "[36mGET /static/img/img-158.png HTTP/1.1[0m" 304 -
[2024-02-14 16:58:28,713] INFO in _internal: 127.0.0.1 - - [14/Feb/2024 16:58:28] "[36mGET /static/img/img-159.png HTTP/1.1[0m" 304 -
[2024-02-14 16:58:28,715] INFO in _internal: 127.0.0.1 - - [14/Feb/2024 16:58:28] "[36mGET /static/img/img-160.png HTTP/1.1[0m" 304 -
[2024-02-14 16:58:28,718] INFO in _internal: 127.0.0.1 - - [14/Feb/2024 16:58:28] "[36mGET /static/img/img-161.png HTTP/1.1[0m" 304 -
[2024-02-14 16:58:28,724] INFO in _internal: 127.0.0.1 - - [14/Feb/2024 16:58:28] "[36mGET /static/img/img-162.png HTTP/1.1[0m" 304 -
[2024-02-14 16:58:28,726] INFO in _internal: 127.0.0.1 - - [14/Feb/2024 16:58:28] "[36mGET /static/img/img-163.png HTTP/1.1[0m" 304 -
[2024-02-14 16:58:28,731] INFO in _internal: 127.0.0.1 - - [14/Feb/2024 16:58:28] "[36mGET /static/img/img-164.png HTTP/1.1[0m" 304 -
[2024-02-14 16:58:28,735] INFO in _internal: 127.0.0.1 - - [14/Feb/2024 16:58:28] "[36mGET /static/img/img-165.png HTTP/1.1[0m" 304 -
[2024-02-14 16:58:28,738] INFO in _internal: 127.0.0.1 - - [14/Feb/2024 16:58:28] "[36mGET /static/img/img-171.png HTTP/1.1[0m" 304 -
[2024-02-14 16:58:28,742] INFO in _internal: 127.0.0.1 - - [14/Feb/2024 16:58:28] "[36mGET /static/img/img-172.png HTTP/1.1[0m" 304 -
[2024-02-14 16:58:28,745] INFO in _internal: 127.0.0.1 - - [14/Feb/2024 16:58:28] "[36mGET /static/img/img-173.png HTTP/1.1[0m" 304 -
[2024-02-14 16:58:28,754] INFO in _internal: 127.0.0.1 - - [14/Feb/2024 16:58:28] "[36mGET /static/img/img-174.png HTTP/1.1[0m" 304 -
[2024-02-14 16:58:28,756] INFO in _internal: 127.0.0.1 - - [14/Feb/2024 16:58:28] "[36mGET /static/img/img-175.png HTTP/1.1[0m" 304 -
[2024-02-14 16:58:28,761] INFO in _internal: 127.0.0.1 - - [14/Feb/2024 16:58:28] "[36mGET /static/img/img-176.png HTTP/1.1[0m" 304 -
[2024-02-14 16:58:28,764] INFO in _internal: 127.0.0.1 - - [14/Feb/2024 16:58:28] "[36mGET /static/img/img-177.png HTTP/1.1[0m" 304 -
[2024-02-14 16:58:36,207] INFO in _internal: 127.0.0.1 - - [14/Feb/2024 16:58:36] "[36mGET /static/css/info.css HTTP/1.1[0m" 304 -
[2024-02-14 16:58:39,041] INFO in _internal: 127.0.0.1 - - [14/Feb/2024 16:58:39] "GET /info HTTP/1.1" 200 -
[2024-02-14 16:58:39,069] INFO in _internal: 127.0.0.1 - - [14/Feb/2024 16:58:39] "[36mGET /static/css/info.css HTTP/1.1[0m" 304 -
[2024-02-14 16:58:39,070] INFO in _internal: 127.0.0.1 - - [14/Feb/2024 16:58:39] "[36mGET /static/img/logo.png HTTP/1.1[0m" 304 -
[2024-02-14 16:58:39,071] INFO in _internal: 127.0.0.1 - - [14/Feb/2024 16:58:39] "[36mGET /static/js/info.js HTTP/1.1[0m" 304 -
[2024-02-14 16:58:39,190] INFO in _internal: 127.0.0.1 - - [14/Feb/2024 16:58:39] "[36mGET /static/img/img-1.png HTTP/1.1[0m" 304 -
[2024-02-14 16:58:39,194] INFO in _internal: 127.0.0.1 - - [14/Feb/2024 16:58:39] "[36mGET /static/img/img-2.png HTTP/1.1[0m" 304 -
[2024-02-14 16:58:39,202] INFO in _internal: 127.0.0.1 - - [14/Feb/2024 16:58:39] "[36mGET /static/img/img-3.png HTTP/1.1[0m" 304 -
[2024-02-14 16:58:39,221] INFO in _internal: 127.0.0.1 - - [14/Feb/2024 16:58:39] "[36mGET /static/img/img-4.png HTTP/1.1[0m" 304 -
[2024-02-14 16:58:39,223] INFO in _internal: 127.0.0.1 - - [14/Feb/2024 16:58:39] "[36mGET /static/img/img-5.png HTTP/1.1[0m" 304 -
[2024-02-14 16:58:39,226] INFO in _internal: 127.0.0.1 - - [14/Feb/2024 16:58:39] "[36mGET /static/img/img-45.png HTTP/1.1[0m" 304 -
[2024-02-14 16:58:39,233] INFO in _internal: 127.0.0.1 - - [14/Feb/2024 16:58:39] "[36mGET /static/img/img-46.png HTTP/1.1[0m" 304 -
[2024-02-14 16:58:39,235] INFO in _internal: 127.0.0.1 - - [14/Feb/2024 16:58:39] "[36mGET /static/img/img-47.png HTTP/1.1[0m" 304 -
[2024-02-14 16:58:39,253] INFO in _internal: 127.0.0.1 - - [14/Feb/2024 16:58:39] "[36mGET /static/img/img-48.png HTTP/1.1[0m" 304 -
[2024-02-14 16:58:39,255] INFO in _internal: 127.0.0.1 - - [14/Feb/2024 16:58:39] "[36mGET /static/img/img-49.png HTTP/1.1[0m" 304 -
[2024-02-14 16:58:39,261] INFO in _internal: 127.0.0.1 - - [14/Feb/2024 16:58:39] "[36mGET /static/img/img-88.png HTTP/1.1[0m" 304 -
[2024-02-14 16:58:39,265] INFO in _internal: 127.0.0.1 - - [14/Feb/2024 16:58:39] "[36mGET /static/img/img-90.png HTTP/1.1[0m" 304 -
[2024-02-14 16:58:39,267] INFO in _internal: 127.0.0.1 - - [14/Feb/2024 16:58:39] "[36mGET /static/img/img-89.png HTTP/1.1[0m" 304 -
[2024-02-14 16:58:39,292] INFO in _internal: 127.0.0.1 - - [14/Feb/2024 16:58:39] "[36mGET /static/img/img-91.png HTTP/1.1[0m" 304 -
[2024-02-14 16:58:39,294] INFO in _internal: 127.0.0.1 - - [14/Feb/2024 16:58:39] "[36mGET /static/img/img-92.png HTTP/1.1[0m" 304 -
[2024-02-14 16:58:39,295] INFO in _internal: 127.0.0.1 - - [14/Feb/2024 16:58:39] "[36mGET /static/img/img-131.png HTTP/1.1[0m" 304 -
[2024-02-14 16:58:39,297] INFO in _internal: 127.0.0.1 - - [14/Feb/2024 16:58:39] "[36mGET /static/img/img-132.png HTTP/1.1[0m" 304 -
[2024-02-14 16:58:39,299] INFO in _internal: 127.0.0.1 - - [14/Feb/2024 16:58:39] "[36mGET /static/img/img-133.png HTTP/1.1[0m" 304 -
[2024-02-14 16:58:39,303] INFO in _internal: 127.0.0.1 - - [14/Feb/2024 16:58:39] "[36mGET /static/img/img-134.png HTTP/1.1[0m" 304 -
[2024-02-14 16:58:39,308] INFO in _internal: 127.0.0.1 - - [14/Feb/2024 16:58:39] "[36mGET /static/img/img-135.png HTTP/1.1[0m" 304 -
[2024-02-14 16:58:39,313] INFO in _internal: 127.0.0.1 - - [14/Feb/2024 16:58:39] "[36mGET /static/img/img-158.png HTTP/1.1[0m" 304 -
[2024-02-14 16:58:39,316] INFO in _internal: 127.0.0.1 - - [14/Feb/2024 16:58:39] "[36mGET /static/img/img-159.png HTTP/1.1[0m" 304 -
[2024-02-14 16:58:39,321] INFO in _internal: 127.0.0.1 - - [14/Feb/2024 16:58:39] "[36mGET /static/img/img-160.png HTTP/1.1[0m" 304 -
[2024-02-14 16:58:39,326] INFO in _internal: 127.0.0.1 - - [14/Feb/2024 16:58:39] "[36mGET /static/img/img-161.png HTTP/1.1[0m" 304 -
[2024-02-14 16:58:39,329] INFO in _internal: 127.0.0.1 - - [14/Feb/2024 16:58:39] "[36mGET /static/img/img-162.png HTTP/1.1[0m" 304 -
[2024-02-14 16:58:39,332] INFO in _internal: 127.0.0.1 - - [14/Feb/2024 16:58:39] "[36mGET /static/img/img-171.png HTTP/1.1[0m" 304 -
[2024-02-14 16:58:39,343] INFO in _internal: 127.0.0.1 - - [14/Feb/2024 16:58:39] "[36mGET /static/img/img-172.png HTTP/1.1[0m" 304 -
[2024-02-14 16:58:39,345] INFO in _internal: 127.0.0.1 - - [14/Feb/2024 16:58:39] "[36mGET /static/img/img-173.png HTTP/1.1[0m" 304 -
[2024-02-14 16:58:39,349] INFO in _internal: 127.0.0.1 - - [14/Feb/2024 16:58:39] "[36mGET /static/img/img-174.png HTTP/1.1[0m" 304 -
[2024-02-14 16:58:39,353] INFO in _internal: 127.0.0.1 - - [14/Feb/2024 16:58:39] "[36mGET /static/img/img-175.png HTTP/1.1[0m" 304 -
[2024-02-14 16:58:51,283] INFO in _internal: 127.0.0.1 - - [14/Feb/2024 16:58:51] "[36mGET /static/img/img-6.png HTTP/1.1[0m" 304 -
[2024-02-14 16:58:51,283] INFO in _internal: 127.0.0.1 - - [14/Feb/2024 16:58:51] "[36mGET /static/img/img-51.png HTTP/1.1[0m" 304 -
[2024-02-14 16:58:51,284] INFO in _internal: 127.0.0.1 - - [14/Feb/2024 16:58:51] "[36mGET /static/img/img-50.png HTTP/1.1[0m" 304 -
[2024-02-14 16:58:51,284] INFO in _internal: 127.0.0.1 - - [14/Feb/2024 16:58:51] "[36mGET /static/img/img-8.png HTTP/1.1[0m" 304 -
[2024-02-14 16:58:51,285] INFO in _internal: 127.0.0.1 - - [14/Feb/2024 16:58:51] "[36mGET /static/img/img-7.png HTTP/1.1[0m" 304 -
[2024-02-14 16:58:51,285] INFO in _internal: 127.0.0.1 - - [14/Feb/2024 16:58:51] "[36mGET /static/img/img-52.png HTTP/1.1[0m" 304 -
[2024-02-14 16:58:51,302] INFO in _internal: 127.0.0.1 - - [14/Feb/2024 16:58:51] "[36mGET /static/img/img-93.png HTTP/1.1[0m" 304 -
[2024-02-14 16:58:51,306] INFO in _internal: 127.0.0.1 - - [14/Feb/2024 16:58:51] "[36mGET /static/img/img-94.png HTTP/1.1[0m" 304 -
[2024-02-14 16:58:51,310] INFO in _internal: 127.0.0.1 - - [14/Feb/2024 16:58:51] "[36mGET /static/img/img-95.png HTTP/1.1[0m" 304 -
[2024-02-14 16:58:51,313] INFO in _internal: 127.0.0.1 - - [14/Feb/2024 16:58:51] "[36mGET /static/img/img-136.png HTTP/1.1[0m" 304 -
[2024-02-14 16:58:51,316] INFO in _internal: 127.0.0.1 - - [14/Feb/2024 16:58:51] "[36mGET /static/img/img-137.png HTTP/1.1[0m" 304 -
[2024-02-14 16:58:51,323] INFO in _internal: 127.0.0.1 - - [14/Feb/2024 16:58:51] "[36mGET /static/img/img-138.png HTTP/1.1[0m" 304 -
[2024-02-14 16:58:51,326] INFO in _internal: 127.0.0.1 - - [14/Feb/2024 16:58:51] "[36mGET /static/img/img-163.png HTTP/1.1[0m" 304 -
[2024-02-14 16:58:51,329] INFO in _internal: 127.0.0.1 - - [14/Feb/2024 16:58:51] "[36mGET /static/img/img-164.png HTTP/1.1[0m" 304 -
[2024-02-14 16:58:51,332] INFO in _internal: 127.0.0.1 - - [14/Feb/2024 16:58:51] "[36mGET /static/img/img-165.png HTTP/1.1[0m" 304 -
[2024-02-14 16:58:51,335] INFO in _internal: 127.0.0.1 - - [14/Feb/2024 16:58:51] "[36mGET /static/img/img-176.png HTTP/1.1[0m" 304 -
[2024-02-14 16:58:51,336] INFO in _internal: 127.0.0.1 - - [14/Feb/2024 16:58:51] "[36mGET /static/img/img-177.png HTTP/1.1[0m" 304 -
[2024-02-14 17:00:25,977] INFO in _internal: 127.0.0.1 - - [14/Feb/2024 17:00:25] "GET /escortv2 HTTP/1.1" 200 -
[2024-02-14 17:00:26,001] INFO in _internal: 127.0.0.1 - - [14/Feb/2024 17:00:26] "[36mGET /static/css/escortv2.css HTTP/1.1[0m" 304 -
[2024-02-14 17:00:26,011] INFO in _internal: 127.0.0.1 - - [14/Feb/2024 17:00:26] "[36mGET /static/img/logo.png HTTP/1.1[0m" 304 -
[2024-02-14 17:00:26,012] INFO in _internal: 127.0.0.1 - - [14/Feb/2024 17:00:26] "[36mGET /static/img/area.png HTTP/1.1[0m" 304 -
[2024-02-14 17:00:26,025] INFO in _internal: 127.0.0.1 - - [14/Feb/2024 17:00:26] "[36mGET /static/js/escortv2.js HTTP/1.1[0m" 304 -
[2024-02-14 17:00:26,063] INFO in _internal: 127.0.0.1 - - [14/Feb/2024 17:00:26] "[36mGET /static/img/2.jpg HTTP/1.1[0m" 304 -
[2024-02-14 17:00:26,063] INFO in _internal: 127.0.0.1 - - [14/Feb/2024 17:00:26] "[36mGET /static/img/1.jpg HTTP/1.1[0m" 304 -
[2024-02-14 17:00:26,064] INFO in _internal: 127.0.0.1 - - [14/Feb/2024 17:00:26] "[36mGET /static/img/3.jpg HTTP/1.1[0m" 304 -
[2024-02-14 17:00:26,088] INFO in _internal: 127.0.0.1 - - [14/Feb/2024 17:00:26] "[36mGET /static/img/19.jpg HTTP/1.1[0m" 304 -
[2024-02-14 17:00:26,089] INFO in _internal: 127.0.0.1 - - [14/Feb/2024 17:00:26] "[36mGET /static/img/4.jpg HTTP/1.1[0m" 304 -
[2024-02-14 17:00:26,099] INFO in _internal: 127.0.0.1 - - [14/Feb/2024 17:00:26] "[36mGET /static/img/20.jpg HTTP/1.1[0m" 304 -
[2024-02-14 17:00:26,127] INFO in _internal: 127.0.0.1 - - [14/Feb/2024 17:00:26] "[36mGET /static/img/21.jpg HTTP/1.1[0m" 304 -
[2024-02-14 17:00:26,131] INFO in _internal: 127.0.0.1 - - [14/Feb/2024 17:00:26] "[36mGET /static/img/22.jpg HTTP/1.1[0m" 304 -
[2024-02-14 17:00:26,134] INFO in _internal: 127.0.0.1 - - [14/Feb/2024 17:00:26] "[36mGET /static/img/23.jpg HTTP/1.1[0m" 304 -
[2024-02-14 17:31:05,759] INFO in _internal: 127.0.0.1 - - [14/Feb/2024 17:31:05] "GET /static/css/escortv2.css HTTP/1.1" 200 -
[2024-02-14 17:31:07,716] INFO in _internal: 127.0.0.1 - - [14/Feb/2024 17:31:07] "GET /info HTTP/1.1" 200 -
[2024-02-14 17:31:07,756] INFO in _internal: 127.0.0.1 - - [14/Feb/2024 17:31:07] "GET /static/css/info.css HTTP/1.1" 200 -
[2024-02-14 17:31:07,758] INFO in _internal: 127.0.0.1 - - [14/Feb/2024 17:31:07] "[36mGET /static/img/logo.png HTTP/1.1[0m" 304 -
[2024-02-14 17:31:07,758] INFO in _internal: 127.0.0.1 - - [14/Feb/2024 17:31:07] "GET /static/js/info.js HTTP/1.1" 200 -
[2024-02-14 17:31:07,863] INFO in _internal: 127.0.0.1 - - [14/Feb/2024 17:31:07] "[36mGET /static/img/img-1.png HTTP/1.1[0m" 304 -
[2024-02-14 17:31:07,870] INFO in _internal: 127.0.0.1 - - [14/Feb/2024 17:31:07] "[36mGET /static/img/img-2.png HTTP/1.1[0m" 304 -
[2024-02-14 17:31:07,873] INFO in _internal: 127.0.0.1 - - [14/Feb/2024 17:31:07] "[36mGET /static/img/img-4.png HTTP/1.1[0m" 304 -
[2024-02-14 17:31:07,874] INFO in _internal: 127.0.0.1 - - [14/Feb/2024 17:31:07] "[36mGET /static/img/img-5.png HTTP/1.1[0m" 304 -
[2024-02-14 17:31:07,884] INFO in _internal: 127.0.0.1 - - [14/Feb/2024 17:31:07] "[36mGET /static/img/img-45.png HTTP/1.1[0m" 304 -
[2024-02-14 17:31:07,888] INFO in _internal: 127.0.0.1 - - [14/Feb/2024 17:31:07] "[36mGET /static/img/img-3.png HTTP/1.1[0m" 304 -
[2024-02-14 17:31:07,961] INFO in _internal: 127.0.0.1 - - [14/Feb/2024 17:31:07] "[36mGET /static/img/img-47.png HTTP/1.1[0m" 304 -
[2024-02-14 17:31:07,966] INFO in _internal: 127.0.0.1 - - [14/Feb/2024 17:31:07] "[36mGET /static/img/img-46.png HTTP/1.1[0m" 304 -
[2024-02-14 17:31:08,029] INFO in _internal: 127.0.0.1 - - [14/Feb/2024 17:31:08] "[36mGET /static/img/img-48.png HTTP/1.1[0m" 304 -
[2024-02-14 17:31:08,031] INFO in _internal: 127.0.0.1 - - [14/Feb/2024 17:31:08] "[36mGET /static/img/img-88.png HTTP/1.1[0m" 304 -
[2024-02-14 17:31:08,038] INFO in _internal: 127.0.0.1 - - [14/Feb/2024 17:31:08] "[36mGET /static/img/img-49.png HTTP/1.1[0m" 304 -
[2024-02-14 17:31:08,045] INFO in _internal: 127.0.0.1 - - [14/Feb/2024 17:31:08] "[36mGET /static/img/img-89.png HTTP/1.1[0m" 304 -
[2024-02-14 17:31:08,049] INFO in _internal: 127.0.0.1 - - [14/Feb/2024 17:31:08] "[36mGET /static/img/img-90.png HTTP/1.1[0m" 304 -
[2024-02-14 17:31:08,052] INFO in _internal: 127.0.0.1 - - [14/Feb/2024 17:31:08] "[36mGET /static/img/img-91.png HTTP/1.1[0m" 304 -
[2024-02-14 17:31:08,101] INFO in _internal: 127.0.0.1 - - [14/Feb/2024 17:31:08] "[36mGET /static/img/img-92.png HTTP/1.1[0m" 304 -
[2024-02-14 17:31:08,117] INFO in _internal: 127.0.0.1 - - [14/Feb/2024 17:31:08] "[36mGET /static/img/img-131.png HTTP/1.1[0m" 304 -
[2024-02-14 17:31:08,124] INFO in _internal: 127.0.0.1 - - [14/Feb/2024 17:31:08] "[36mGET /static/img/img-132.png HTTP/1.1[0m" 304 -
[2024-02-14 17:31:08,137] INFO in _internal: 127.0.0.1 - - [14/Feb/2024 17:31:08] "[36mGET /static/img/img-133.png HTTP/1.1[0m" 304 -
[2024-02-14 17:31:08,151] INFO in _internal: 127.0.0.1 - - [14/Feb/2024 17:31:08] "[36mGET /static/img/img-134.png HTTP/1.1[0m" 304 -
[2024-02-14 17:31:08,153] INFO in _internal: 127.0.0.1 - - [14/Feb/2024 17:31:08] "[36mGET /static/img/img-135.png HTTP/1.1[0m" 304 -
[2024-02-14 17:31:08,155] INFO in _internal: 127.0.0.1 - - [14/Feb/2024 17:31:08] "[36mGET /static/img/img-158.png HTTP/1.1[0m" 304 -
[2024-02-14 17:31:08,160] INFO in _internal: 127.0.0.1 - - [14/Feb/2024 17:31:08] "[36mGET /static/img/img-159.png HTTP/1.1[0m" 304 -
[2024-02-14 17:31:08,181] INFO in _internal: 127.0.0.1 - - [14/Feb/2024 17:31:08] "[36mGET /static/img/img-160.png HTTP/1.1[0m" 304 -
[2024-02-14 17:31:08,220] INFO in _internal: 127.0.0.1 - - [14/Feb/2024 17:31:08] "[36mGET /static/img/img-161.png HTTP/1.1[0m" 304 -
[2024-02-14 17:31:08,240] INFO in _internal: 127.0.0.1 - - [14/Feb/2024 17:31:08] "[36mGET /static/img/img-162.png HTTP/1.1[0m" 304 -
[2024-02-14 17:31:08,276] INFO in _internal: 127.0.0.1 - - [14/Feb/2024 17:31:08] "[36mGET /static/img/img-171.png HTTP/1.1[0m" 304 -
[2024-02-14 17:31:08,294] INFO in _internal: 127.0.0.1 - - [14/Feb/2024 17:31:08] "[36mGET /static/img/img-172.png HTTP/1.1[0m" 304 -
[2024-02-14 17:31:08,296] INFO in _internal: 127.0.0.1 - - [14/Feb/2024 17:31:08] "[36mGET /static/img/img-173.png HTTP/1.1[0m" 304 -
[2024-02-14 17:31:08,297] INFO in _internal: 127.0.0.1 - - [14/Feb/2024 17:31:08] "[36mGET /static/img/img-174.png HTTP/1.1[0m" 304 -
[2024-02-14 17:31:08,306] INFO in _internal: 127.0.0.1 - - [14/Feb/2024 17:31:08] "[36mGET /static/img/img-175.png HTTP/1.1[0m" 304 -
[2024-02-14 17:31:12,366] INFO in _internal: 127.0.0.1 - - [14/Feb/2024 17:31:12] "GET /escort HTTP/1.1" 200 -
[2024-02-14 17:31:12,397] INFO in _internal: 127.0.0.1 - - [14/Feb/2024 17:31:12] "GET /static/css/escort.css HTTP/1.1" 200 -
[2024-02-14 17:31:12,399] INFO in _internal: 127.0.0.1 - - [14/Feb/2024 17:31:12] "[36mGET /static/img/logo.png HTTP/1.1[0m" 304 -
[2024-02-14 17:31:12,400] INFO in _internal: 127.0.0.1 - - [14/Feb/2024 17:31:12] "[36mGET /static/img/area.png HTTP/1.1[0m" 304 -
[2024-02-14 17:31:12,416] INFO in _internal: 127.0.0.1 - - [14/Feb/2024 17:31:12] "GET /static/js/escort.js HTTP/1.1" 200 -
[2024-02-14 17:31:12,453] INFO in _internal: 127.0.0.1 - - [14/Feb/2024 17:31:12] "[36mGET /static/img/1.jpg HTTP/1.1[0m" 304 -
[2024-02-14 17:31:12,454] INFO in _internal: 127.0.0.1 - - [14/Feb/2024 17:31:12] "[36mGET /static/img/2.jpg HTTP/1.1[0m" 304 -
[2024-02-14 17:31:12,456] INFO in _internal: 127.0.0.1 - - [14/Feb/2024 17:31:12] "[36mGET /static/img/3.jpg HTTP/1.1[0m" 304 -
[2024-02-14 17:31:12,456] INFO in _internal: 127.0.0.1 - - [14/Feb/2024 17:31:12] "[36mGET /static/img/4.jpg HTTP/1.1[0m" 304 -
[2024-02-14 17:31:12,469] INFO in _internal: 127.0.0.1 - - [14/Feb/2024 17:31:12] "[36mGET /static/img/19.jpg HTTP/1.1[0m" 304 -
[2024-02-14 17:31:12,486] INFO in _internal: 127.0.0.1 - - [14/Feb/2024 17:31:12] "[36mGET /static/img/21.jpg HTTP/1.1[0m" 304 -
[2024-02-14 17:31:12,490] INFO in _internal: 127.0.0.1 - - [14/Feb/2024 17:31:12] "[36mGET /static/img/22.jpg HTTP/1.1[0m" 304 -
[2024-02-14 17:31:12,490] INFO in _internal: 127.0.0.1 - - [14/Feb/2024 17:31:12] "[36mGET /static/img/20.jpg HTTP/1.1[0m" 304 -
[2024-02-14 17:31:12,493] INFO in _internal: 127.0.0.1 - - [14/Feb/2024 17:31:12] "[36mGET /static/img/23.jpg HTTP/1.1[0m" 304 -
[2024-02-14 17:32:41,212] INFO in _internal: 127.0.0.1 - - [14/Feb/2024 17:32:41] "GET /escortv2 HTTP/1.1" 200 -
[2024-02-14 17:32:41,287] INFO in _internal: 127.0.0.1 - - [14/Feb/2024 17:32:41] "[36mGET /static/css/escortv2.css HTTP/1.1[0m" 304 -
[2024-02-14 17:32:41,290] INFO in _internal: 127.0.0.1 - - [14/Feb/2024 17:32:41] "[36mGET /static/img/area.png HTTP/1.1[0m" 304 -
[2024-02-14 17:32:41,290] INFO in _internal: 127.0.0.1 - - [14/Feb/2024 17:32:41] "[36mGET /static/img/logo.png HTTP/1.1[0m" 304 -
[2024-02-14 17:32:41,303] INFO in _internal: 127.0.0.1 - - [14/Feb/2024 17:32:41] "[36mGET /static/js/escortv2.js HTTP/1.1[0m" 304 -
[2024-02-14 17:32:41,367] INFO in _internal: 127.0.0.1 - - [14/Feb/2024 17:32:41] "[36mGET /static/img/1.jpg HTTP/1.1[0m" 304 -
[2024-02-14 17:32:41,372] INFO in _internal: 127.0.0.1 - - [14/Feb/2024 17:32:41] "[36mGET /static/img/2.jpg HTTP/1.1[0m" 304 -
[2024-02-14 17:32:41,376] INFO in _internal: 127.0.0.1 - - [14/Feb/2024 17:32:41] "[36mGET /static/img/3.jpg HTTP/1.1[0m" 304 -
[2024-02-14 17:32:41,378] INFO in _internal: 127.0.0.1 - - [14/Feb/2024 17:32:41] "[36mGET /static/img/19.jpg HTTP/1.1[0m" 304 -
[2024-02-14 17:32:41,378] INFO in _internal: 127.0.0.1 - - [14/Feb/2024 17:32:41] "[36mGET /static/img/4.jpg HTTP/1.1[0m" 304 -
[2024-02-14 17:32:41,387] INFO in _internal: 127.0.0.1 - - [14/Feb/2024 17:32:41] "[36mGET /static/img/20.jpg HTTP/1.1[0m" 304 -
[2024-02-14 17:32:41,394] INFO in _internal: 127.0.0.1 - - [14/Feb/2024 17:32:41] "[36mGET /static/img/21.jpg HTTP/1.1[0m" 304 -
[2024-02-14 17:32:41,399] INFO in _internal: 127.0.0.1 - - [14/Feb/2024 17:32:41] "[36mGET /static/img/22.jpg HTTP/1.1[0m" 304 -
[2024-02-14 17:32:41,402] INFO in _internal: 127.0.0.1 - - [14/Feb/2024 17:32:41] "[36mGET /static/img/23.jpg HTTP/1.1[0m" 304 -
[2024-02-14 17:32:43,412] INFO in _internal: 127.0.0.1 - - [14/Feb/2024 17:32:43] "GET /escortv2 HTTP/1.1" 200 -
[2024-02-14 17:32:43,450] INFO in _internal: 127.0.0.1 - - [14/Feb/2024 17:32:43] "[36mGET /static/css/escortv2.css HTTP/1.1[0m" 304 -
[2024-02-14 17:32:43,452] INFO in _internal: 127.0.0.1 - - [14/Feb/2024 17:32:43] "[36mGET /static/img/logo.png HTTP/1.1[0m" 304 -
[2024-02-14 17:32:43,452] INFO in _internal: 127.0.0.1 - - [14/Feb/2024 17:32:43] "[36mGET /static/img/area.png HTTP/1.1[0m" 304 -
[2024-02-14 17:32:43,480] INFO in _internal: 127.0.0.1 - - [14/Feb/2024 17:32:43] "[36mGET /static/js/escortv2.js HTTP/1.1[0m" 304 -
[2024-02-14 17:32:43,512] INFO in _internal: 127.0.0.1 - - [14/Feb/2024 17:32:43] "[36mGET /static/img/1.jpg HTTP/1.1[0m" 304 -
[2024-02-14 17:32:43,514] INFO in _internal: 127.0.0.1 - - [14/Feb/2024 17:32:43] "[36mGET /static/img/2.jpg HTTP/1.1[0m" 304 -
[2024-02-14 17:32:43,516] INFO in _internal: 127.0.0.1 - - [14/Feb/2024 17:32:43] "[36mGET /static/img/3.jpg HTTP/1.1[0m" 304 -
[2024-02-14 17:32:43,536] INFO in _internal: 127.0.0.1 - - [14/Feb/2024 17:32:43] "[36mGET /static/img/4.jpg HTTP/1.1[0m" 304 -
[2024-02-14 17:32:43,542] INFO in _internal: 127.0.0.1 - - [14/Feb/2024 17:32:43] "[36mGET /static/img/19.jpg HTTP/1.1[0m" 304 -
[2024-02-14 17:32:43,543] INFO in _internal: 127.0.0.1 - - [14/Feb/2024 17:32:43] "[36mGET /static/img/20.jpg HTTP/1.1[0m" 304 -
[2024-02-14 17:32:43,546] INFO in _internal: 127.0.0.1 - - [14/Feb/2024 17:32:43] "[36mGET /static/img/21.jpg HTTP/1.1[0m" 304 -
[2024-02-14 17:32:43,552] INFO in _internal: 127.0.0.1 - - [14/Feb/2024 17:32:43] "[36mGET /static/img/22.jpg HTTP/1.1[0m" 304 -
[2024-02-14 17:32:43,558] INFO in _internal: 127.0.0.1 - - [14/Feb/2024 17:32:43] "[36mGET /static/img/23.jpg HTTP/1.1[0m" 304 -
[2024-02-14 17:48:44,391] INFO in _internal: 127.0.0.1 - - [14/Feb/2024 17:48:44] "GET /escortv2 HTTP/1.1" 200 -
[2024-02-14 17:48:44,417] INFO in _internal: 127.0.0.1 - - [14/Feb/2024 17:48:44] "[36mGET /static/css/escortv2.css HTTP/1.1[0m" 304 -
[2024-02-14 17:48:44,420] INFO in _internal: 127.0.0.1 - - [14/Feb/2024 17:48:44] "[36mGET /static/img/logo.png HTTP/1.1[0m" 304 -
[2024-02-14 17:48:44,422] INFO in _internal: 127.0.0.1 - - [14/Feb/2024 17:48:44] "[36mGET /static/img/area.png HTTP/1.1[0m" 304 -
[2024-02-14 17:48:44,435] INFO in _internal: 127.0.0.1 - - [14/Feb/2024 17:48:44] "[36mGET /static/js/escortv2.js HTTP/1.1[0m" 304 -
[2024-02-14 17:48:44,610] INFO in _internal: 127.0.0.1 - - [14/Feb/2024 17:48:44] "[36mGET /static/img/1.jpg HTTP/1.1[0m" 304 -
[2024-02-14 17:48:44,618] INFO in _internal: 127.0.0.1 - - [14/Feb/2024 17:48:44] "[36mGET /static/img/2.jpg HTTP/1.1[0m" 304 -
[2024-02-14 17:48:44,619] INFO in _internal: 127.0.0.1 - - [14/Feb/2024 17:48:44] "[36mGET /static/img/3.jpg HTTP/1.1[0m" 304 -
[2024-02-14 17:48:44,622] INFO in _internal: 127.0.0.1 - - [14/Feb/2024 17:48:44] "[36mGET /static/img/4.jpg HTTP/1.1[0m" 304 -
[2024-02-14 17:48:44,624] INFO in _internal: 127.0.0.1 - - [14/Feb/2024 17:48:44] "[36mGET /static/img/19.jpg HTTP/1.1[0m" 304 -
[2024-02-14 17:48:44,627] INFO in _internal: 127.0.0.1 - - [14/Feb/2024 17:48:44] "[36mGET /static/img/20.jpg HTTP/1.1[0m" 304 -
[2024-02-14 17:48:44,649] INFO in _internal: 127.0.0.1 - - [14/Feb/2024 17:48:44] "[36mGET /static/img/21.jpg HTTP/1.1[0m" 304 -
[2024-02-14 17:48:44,650] INFO in _internal: 127.0.0.1 - - [14/Feb/2024 17:48:44] "[36mGET /static/img/22.jpg HTTP/1.1[0m" 304 -
[2024-02-14 17:48:44,652] INFO in _internal: 127.0.0.1 - - [14/Feb/2024 17:48:44] "[36mGET /static/img/23.jpg HTTP/1.1[0m" 304 -
[2024-02-14 17:52:15,751] INFO in _internal: 127.0.0.1 - - [14/Feb/2024 17:52:15] "GET /escortv2 HTTP/1.1" 200 -
[2024-02-14 17:52:15,780] INFO in _internal: 127.0.0.1 - - [14/Feb/2024 17:52:15] "[36mGET /static/css/escortv2.css HTTP/1.1[0m" 304 -
[2024-02-14 17:52:15,781] INFO in _internal: 127.0.0.1 - - [14/Feb/2024 17:52:15] "[36mGET /static/img/logo.png HTTP/1.1[0m" 304 -
[2024-02-14 17:52:15,783] INFO in _internal: 127.0.0.1 - - [14/Feb/2024 17:52:15] "[36mGET /static/img/area.png HTTP/1.1[0m" 304 -
[2024-02-14 17:52:15,803] INFO in _internal: 127.0.0.1 - - [14/Feb/2024 17:52:15] "GET /static/js/escortv2.js HTTP/1.1" 200 -
[2024-02-14 17:52:15,924] INFO in _internal: 127.0.0.1 - - [14/Feb/2024 17:52:15] "[36mGET /static/img/1.jpg HTTP/1.1[0m" 304 -
[2024-02-14 17:52:15,928] INFO in _internal: 127.0.0.1 - - [14/Feb/2024 17:52:15] "[36mGET /static/img/3.jpg HTTP/1.1[0m" 304 -
[2024-02-14 17:52:15,929] INFO in _internal: 127.0.0.1 - - [14/Feb/2024 17:52:15] "[36mGET /static/img/2.jpg HTTP/1.1[0m" 304 -
[2024-02-14 17:52:15,964] INFO in _internal: 127.0.0.1 - - [14/Feb/2024 17:52:15] "[36mGET /static/img/4.jpg HTTP/1.1[0m" 304 -
[2024-02-14 17:52:15,970] INFO in _internal: 127.0.0.1 - - [14/Feb/2024 17:52:15] "[36mGET /static/img/23.jpg HTTP/1.1[0m" 304 -
[2024-02-14 17:52:15,974] INFO in _internal: 127.0.0.1 - - [14/Feb/2024 17:52:15] "[36mGET /static/img/19.jpg HTTP/1.1[0m" 304 -
[2024-02-14 17:52:15,976] INFO in _internal: 127.0.0.1 - - [14/Feb/2024 17:52:15] "[36mGET /static/img/20.jpg HTTP/1.1[0m" 304 -
[2024-02-14 17:52:15,980] INFO in _internal: 127.0.0.1 - - [14/Feb/2024 17:52:15] "[36mGET /static/img/22.jpg HTTP/1.1[0m" 304 -
[2024-02-14 17:52:15,983] INFO in _internal: 127.0.0.1 - - [14/Feb/2024 17:52:15] "[36mGET /static/img/21.jpg HTTP/1.1[0m" 304 -
[2024-02-14 17:52:17,570] INFO in _internal: 127.0.0.1 - - [14/Feb/2024 17:52:17] "GET /escort HTTP/1.1" 200 -
[2024-02-14 17:52:17,609] INFO in _internal: 127.0.0.1 - - [14/Feb/2024 17:52:17] "[36mGET /static/css/escort.css HTTP/1.1[0m" 304 -
[2024-02-14 17:52:17,613] INFO in _internal: 127.0.0.1 - - [14/Feb/2024 17:52:17] "[36mGET /static/img/logo.png HTTP/1.1[0m" 304 -
[2024-02-14 17:52:17,619] INFO in _internal: 127.0.0.1 - - [14/Feb/2024 17:52:17] "[36mGET /static/img/area.png HTTP/1.1[0m" 304 -
[2024-02-14 17:52:17,632] INFO in _internal: 127.0.0.1 - - [14/Feb/2024 17:52:17] "[36mGET /static/js/escort.js HTTP/1.1[0m" 304 -
[2024-02-14 17:52:17,689] INFO in _internal: 127.0.0.1 - - [14/Feb/2024 17:52:17] "[36mGET /static/img/1.jpg HTTP/1.1[0m" 304 -
[2024-02-14 17:52:17,696] INFO in _internal: 127.0.0.1 - - [14/Feb/2024 17:52:17] "[36mGET /static/img/3.jpg HTTP/1.1[0m" 304 -
[2024-02-14 17:52:17,702] INFO in _internal: 127.0.0.1 - - [14/Feb/2024 17:52:17] "[36mGET /static/img/2.jpg HTTP/1.1[0m" 304 -
[2024-02-14 17:52:17,713] INFO in _internal: 127.0.0.1 - - [14/Feb/2024 17:52:17] "[36mGET /static/img/4.jpg HTTP/1.1[0m" 304 -
[2024-02-14 17:52:17,726] INFO in _internal: 127.0.0.1 - - [14/Feb/2024 17:52:17] "[36mGET /static/img/19.jpg HTTP/1.1[0m" 304 -
[2024-02-14 17:52:17,731] INFO in _internal: 127.0.0.1 - - [14/Feb/2024 17:52:17] "[36mGET /static/img/20.jpg HTTP/1.1[0m" 304 -
[2024-02-14 17:52:17,734] INFO in _internal: 127.0.0.1 - - [14/Feb/2024 17:52:17] "[36mGET /static/img/21.jpg HTTP/1.1[0m" 304 -
[2024-02-14 17:52:17,741] INFO in _internal: 127.0.0.1 - - [14/Feb/2024 17:52:17] "[36mGET /static/img/22.jpg HTTP/1.1[0m" 304 -
[2024-02-14 17:52:17,746] INFO in _internal: 127.0.0.1 - - [14/Feb/2024 17:52:17] "[36mGET /static/img/23.jpg HTTP/1.1[0m" 304 -
[2024-02-14 17:53:07,508] INFO in _internal: 127.0.0.1 - - [14/Feb/2024 17:53:07] "GET /escort HTTP/1.1" 200 -
[2024-02-14 17:53:07,544] INFO in _internal: 127.0.0.1 - - [14/Feb/2024 17:53:07] "[36mGET /static/img/logo.png HTTP/1.1[0m" 304 -
[2024-02-14 17:53:07,544] INFO in _internal: 127.0.0.1 - - [14/Feb/2024 17:53:07] "[36mGET /static/css/escort.css HTTP/1.1[0m" 304 -
[2024-02-14 17:53:07,546] INFO in _internal: 127.0.0.1 - - [14/Feb/2024 17:53:07] "[36mGET /static/img/area.png HTTP/1.1[0m" 304 -
[2024-02-14 17:53:07,568] INFO in _internal: 127.0.0.1 - - [14/Feb/2024 17:53:07] "GET /static/js/escort.js HTTP/1.1" 200 -
[2024-02-14 17:53:07,611] INFO in _internal: 127.0.0.1 - - [14/Feb/2024 17:53:07] "[36mGET /static/img/1.jpg HTTP/1.1[0m" 304 -
[2024-02-14 17:53:07,617] INFO in _internal: 127.0.0.1 - - [14/Feb/2024 17:53:07] "[36mGET /static/img/2.jpg HTTP/1.1[0m" 304 -
[2024-02-14 17:53:07,626] INFO in _internal: 127.0.0.1 - - [14/Feb/2024 17:53:07] "[36mGET /static/img/3.jpg HTTP/1.1[0m" 304 -
[2024-02-14 17:53:07,642] INFO in _internal: 127.0.0.1 - - [14/Feb/2024 17:53:07] "[36mGET /static/img/4.jpg HTTP/1.1[0m" 304 -
[2024-02-14 17:53:07,653] INFO in _internal: 127.0.0.1 - - [14/Feb/2024 17:53:07] "[36mGET /static/img/20.jpg HTTP/1.1[0m" 304 -
[2024-02-14 17:53:07,657] INFO in _internal: 127.0.0.1 - - [14/Feb/2024 17:53:07] "[36mGET /static/img/19.jpg HTTP/1.1[0m" 304 -
[2024-02-14 17:53:07,658] INFO in _internal: 127.0.0.1 - - [14/Feb/2024 17:53:07] "[36mGET /static/img/21.jpg HTTP/1.1[0m" 304 -
[2024-02-14 17:53:07,658] INFO in _internal: 127.0.0.1 - - [14/Feb/2024 17:53:07] "[36mGET /static/img/22.jpg HTTP/1.1[0m" 304 -
[2024-02-14 17:53:07,660] INFO in _internal: 127.0.0.1 - - [14/Feb/2024 17:53:07] "[36mGET /static/img/23.jpg HTTP/1.1[0m" 304 -
[2024-02-14 17:53:10,502] INFO in _internal: 127.0.0.1 - - [14/Feb/2024 17:53:10] "GET /escort HTTP/1.1" 200 -
[2024-02-14 17:53:10,536] INFO in _internal: 127.0.0.1 - - [14/Feb/2024 17:53:10] "[36mGET /static/css/escort.css HTTP/1.1[0m" 304 -
[2024-02-14 17:53:10,536] INFO in _internal: 127.0.0.1 - - [14/Feb/2024 17:53:10] "[36mGET /static/img/logo.png HTTP/1.1[0m" 304 -
[2024-02-14 17:53:10,539] INFO in _internal: 127.0.0.1 - - [14/Feb/2024 17:53:10] "[36mGET /static/img/area.png HTTP/1.1[0m" 304 -
[2024-02-14 17:53:10,551] INFO in _internal: 127.0.0.1 - - [14/Feb/2024 17:53:10] "[36mGET /static/js/escort.js HTTP/1.1[0m" 304 -
[2024-02-14 17:53:10,585] INFO in _internal: 127.0.0.1 - - [14/Feb/2024 17:53:10] "[36mGET /static/img/1.jpg HTTP/1.1[0m" 304 -
[2024-02-14 17:53:10,590] INFO in _internal: 127.0.0.1 - - [14/Feb/2024 17:53:10] "[36mGET /static/img/2.jpg HTTP/1.1[0m" 304 -
[2024-02-14 17:53:10,619] INFO in _internal: 127.0.0.1 - - [14/Feb/2024 17:53:10] "[36mGET /static/img/4.jpg HTTP/1.1[0m" 304 -
[2024-02-14 17:53:10,620] INFO in _internal: 127.0.0.1 - - [14/Feb/2024 17:53:10] "[36mGET /static/img/3.jpg HTTP/1.1[0m" 304 -
[2024-02-14 17:53:10,623] INFO in _internal: 127.0.0.1 - - [14/Feb/2024 17:53:10] "[36mGET /static/img/19.jpg HTTP/1.1[0m" 304 -
[2024-02-14 17:53:10,631] INFO in _internal: 127.0.0.1 - - [14/Feb/2024 17:53:10] "[36mGET /static/img/20.jpg HTTP/1.1[0m" 304 -
[2024-02-14 17:53:10,634] INFO in _internal: 127.0.0.1 - - [14/Feb/2024 17:53:10] "[36mGET /static/img/21.jpg HTTP/1.1[0m" 304 -
[2024-02-14 17:53:10,642] INFO in _internal: 127.0.0.1 - - [14/Feb/2024 17:53:10] "[36mGET /static/img/22.jpg HTTP/1.1[0m" 304 -
[2024-02-14 17:53:10,645] INFO in _internal: 127.0.0.1 - - [14/Feb/2024 17:53:10] "[36mGET /static/img/23.jpg HTTP/1.1[0m" 304 -
[2024-02-14 17:54:02,661] INFO in _internal: 127.0.0.1 - - [14/Feb/2024 17:54:02] "GET /escort HTTP/1.1" 200 -
[2024-02-14 17:54:02,685] INFO in _internal: 127.0.0.1 - - [14/Feb/2024 17:54:02] "[36mGET /static/css/escort.css HTTP/1.1[0m" 304 -
[2024-02-14 17:54:02,687] INFO in _internal: 127.0.0.1 - - [14/Feb/2024 17:54:02] "[36mGET /static/img/logo.png HTTP/1.1[0m" 304 -
[2024-02-14 17:54:02,691] INFO in _internal: 127.0.0.1 - - [14/Feb/2024 17:54:02] "[36mGET /static/img/area.png HTTP/1.1[0m" 304 -
[2024-02-14 17:54:02,706] INFO in _internal: 127.0.0.1 - - [14/Feb/2024 17:54:02] "GET /static/js/escort.js HTTP/1.1" 200 -
[2024-02-14 17:54:02,743] INFO in _internal: 127.0.0.1 - - [14/Feb/2024 17:54:02] "[36mGET /static/img/1.jpg HTTP/1.1[0m" 304 -
[2024-02-14 17:54:02,748] INFO in _internal: 127.0.0.1 - - [14/Feb/2024 17:54:02] "[36mGET /static/img/2.jpg HTTP/1.1[0m" 304 -
[2024-02-14 17:54:02,754] INFO in _internal: 127.0.0.1 - - [14/Feb/2024 17:54:02] "[36mGET /static/img/3.jpg HTTP/1.1[0m" 304 -
[2024-02-14 17:54:02,768] INFO in _internal: 127.0.0.1 - - [14/Feb/2024 17:54:02] "[36mGET /static/img/4.jpg HTTP/1.1[0m" 304 -
[2024-02-14 17:54:02,775] INFO in _internal: 127.0.0.1 - - [14/Feb/2024 17:54:02] "[36mGET /static/img/19.jpg HTTP/1.1[0m" 304 -
[2024-02-14 17:54:02,776] INFO in _internal: 127.0.0.1 - - [14/Feb/2024 17:54:02] "[36mGET /static/img/20.jpg HTTP/1.1[0m" 304 -
[2024-02-14 17:54:02,782] INFO in _internal: 127.0.0.1 - - [14/Feb/2024 17:54:02] "[36mGET /static/img/21.jpg HTTP/1.1[0m" 304 -
[2024-02-14 17:54:02,791] INFO in _internal: 127.0.0.1 - - [14/Feb/2024 17:54:02] "[36mGET /static/img/22.jpg HTTP/1.1[0m" 304 -
[2024-02-14 17:54:02,792] INFO in _internal: 127.0.0.1 - - [14/Feb/2024 17:54:02] "[36mGET /static/img/23.jpg HTTP/1.1[0m" 304 -
[2024-02-14 17:54:03,995] INFO in _internal: 127.0.0.1 - - [14/Feb/2024 17:54:03] "GET /escort HTTP/1.1" 200 -
[2024-02-14 17:54:04,025] INFO in _internal: 127.0.0.1 - - [14/Feb/2024 17:54:04] "[36mGET /static/css/escort.css HTTP/1.1[0m" 304 -
[2024-02-14 17:54:04,029] INFO in _internal: 127.0.0.1 - - [14/Feb/2024 17:54:04] "[36mGET /static/img/logo.png HTTP/1.1[0m" 304 -
[2024-02-14 17:54:04,030] INFO in _internal: 127.0.0.1 - - [14/Feb/2024 17:54:04] "[36mGET /static/img/area.png HTTP/1.1[0m" 304 -
[2024-02-14 17:54:04,046] INFO in _internal: 127.0.0.1 - - [14/Feb/2024 17:54:04] "[36mGET /static/js/escort.js HTTP/1.1[0m" 304 -
[2024-02-14 17:54:04,076] INFO in _internal: 127.0.0.1 - - [14/Feb/2024 17:54:04] "[36mGET /static/img/1.jpg HTTP/1.1[0m" 304 -
[2024-02-14 17:54:04,078] INFO in _internal: 127.0.0.1 - - [14/Feb/2024 17:54:04] "[36mGET /static/img/3.jpg HTTP/1.1[0m" 304 -
[2024-02-14 17:54:04,085] INFO in _internal: 127.0.0.1 - - [14/Feb/2024 17:54:04] "[36mGET /static/img/2.jpg HTTP/1.1[0m" 304 -
[2024-02-14 17:54:04,094] INFO in _internal: 127.0.0.1 - - [14/Feb/2024 17:54:04] "[36mGET /static/img/4.jpg HTTP/1.1[0m" 304 -
[2024-02-14 17:54:04,112] INFO in _internal: 127.0.0.1 - - [14/Feb/2024 17:54:04] "[36mGET /static/img/19.jpg HTTP/1.1[0m" 304 -
[2024-02-14 17:54:04,118] INFO in _internal: 127.0.0.1 - - [14/Feb/2024 17:54:04] "[36mGET /static/img/21.jpg HTTP/1.1[0m" 304 -
[2024-02-14 17:54:04,119] INFO in _internal: 127.0.0.1 - - [14/Feb/2024 17:54:04] "[36mGET /static/img/22.jpg HTTP/1.1[0m" 304 -
[2024-02-14 17:54:04,122] INFO in _internal: 127.0.0.1 - - [14/Feb/2024 17:54:04] "[36mGET /static/img/20.jpg HTTP/1.1[0m" 304 -
[2024-02-14 17:54:04,127] INFO in _internal: 127.0.0.1 - - [14/Feb/2024 17:54:04] "[36mGET /static/img/23.jpg HTTP/1.1[0m" 304 -
[2024-02-14 17:54:06,276] INFO in _internal: 127.0.0.1 - - [14/Feb/2024 17:54:06] "GET /index2 HTTP/1.1" 200 -
[2024-02-14 17:54:06,324] INFO in _internal: 127.0.0.1 - - [14/Feb/2024 17:54:06] "[36mGET /static/css/templatemo-style.css HTTP/1.1[0m" 304 -
[2024-02-14 17:54:06,329] INFO in _internal: 127.0.0.1 - - [14/Feb/2024 17:54:06] "[36mGET /static/img/logo.png HTTP/1.1[0m" 304 -
[2024-02-14 17:54:06,355] INFO in _internal: 127.0.0.1 - - [14/Feb/2024 17:54:06] "[36mGET /static/css/index.css HTTP/1.1[0m" 304 -
[2024-02-14 17:54:06,580] INFO in _internal: 127.0.0.1 - - [14/Feb/2024 17:54:06] "GET /sensing_data2 HTTP/1.1" 200 -
[2024-02-14 17:54:08,212] INFO in _internal: 127.0.0.1 - - [14/Feb/2024 17:54:08] "GET /escort HTTP/1.1" 200 -
[2024-02-14 17:54:08,238] INFO in _internal: 127.0.0.1 - - [14/Feb/2024 17:54:08] "[36mGET /static/css/escort.css HTTP/1.1[0m" 304 -
[2024-02-14 17:54:08,239] INFO in _internal: 127.0.0.1 - - [14/Feb/2024 17:54:08] "[36mGET /static/img/logo.png HTTP/1.1[0m" 304 -
[2024-02-14 17:54:08,241] INFO in _internal: 127.0.0.1 - - [14/Feb/2024 17:54:08] "[36mGET /static/img/area.png HTTP/1.1[0m" 304 -
[2024-02-14 17:54:08,253] INFO in _internal: 127.0.0.1 - - [14/Feb/2024 17:54:08] "[36mGET /static/js/escort.js HTTP/1.1[0m" 304 -
[2024-02-14 17:54:08,309] INFO in _internal: 127.0.0.1 - - [14/Feb/2024 17:54:08] "[36mGET /static/img/2.jpg HTTP/1.1[0m" 304 -
[2024-02-14 17:54:08,310] INFO in _internal: 127.0.0.1 - - [14/Feb/2024 17:54:08] "[36mGET /static/img/1.jpg HTTP/1.1[0m" 304 -
[2024-02-14 17:54:08,320] INFO in _internal: 127.0.0.1 - - [14/Feb/2024 17:54:08] "[36mGET /static/img/4.jpg HTTP/1.1[0m" 304 -
[2024-02-14 17:54:08,331] INFO in _internal: 127.0.0.1 - - [14/Feb/2024 17:54:08] "[36mGET /static/img/3.jpg HTTP/1.1[0m" 304 -
[2024-02-14 17:54:08,333] INFO in _internal: 127.0.0.1 - - [14/Feb/2024 17:54:08] "[36mGET /static/img/19.jpg HTTP/1.1[0m" 304 -
[2024-02-14 17:54:08,348] INFO in _internal: 127.0.0.1 - - [14/Feb/2024 17:54:08] "[36mGET /static/img/20.jpg HTTP/1.1[0m" 304 -
[2024-02-14 17:54:08,355] INFO in _internal: 127.0.0.1 - - [14/Feb/2024 17:54:08] "[36mGET /static/img/21.jpg HTTP/1.1[0m" 304 -
[2024-02-14 17:54:08,370] INFO in _internal: 127.0.0.1 - - [14/Feb/2024 17:54:08] "[36mGET /static/img/22.jpg HTTP/1.1[0m" 304 -
[2024-02-14 17:54:08,371] INFO in _internal: 127.0.0.1 - - [14/Feb/2024 17:54:08] "[36mGET /static/img/23.jpg HTTP/1.1[0m" 304 -
[2024-02-14 17:54:55,067] INFO in _internal: 127.0.0.1 - - [14/Feb/2024 17:54:55] "GET /escort HTTP/1.1" 200 -
[2024-02-14 17:54:55,092] INFO in _internal: 127.0.0.1 - - [14/Feb/2024 17:54:55] "[36mGET /static/css/escort.css HTTP/1.1[0m" 304 -
[2024-02-14 17:54:55,093] INFO in _internal: 127.0.0.1 - - [14/Feb/2024 17:54:55] "[36mGET /static/img/logo.png HTTP/1.1[0m" 304 -
[2024-02-14 17:54:55,094] INFO in _internal: 127.0.0.1 - - [14/Feb/2024 17:54:55] "[36mGET /static/img/area.png HTTP/1.1[0m" 304 -
[2024-02-14 17:54:55,107] INFO in _internal: 127.0.0.1 - - [14/Feb/2024 17:54:55] "GET /static/js/escort.js HTTP/1.1" 200 -
[2024-02-14 17:54:55,144] INFO in _internal: 127.0.0.1 - - [14/Feb/2024 17:54:55] "[36mGET /static/img/1.jpg HTTP/1.1[0m" 304 -
[2024-02-14 17:54:55,146] INFO in _internal: 127.0.0.1 - - [14/Feb/2024 17:54:55] "[36mGET /static/img/2.jpg HTTP/1.1[0m" 304 -
[2024-02-14 17:54:55,147] INFO in _internal: 127.0.0.1 - - [14/Feb/2024 17:54:55] "[36mGET /static/img/3.jpg HTTP/1.1[0m" 304 -
[2024-02-14 17:54:55,165] INFO in _internal: 127.0.0.1 - - [14/Feb/2024 17:54:55] "[36mGET /static/img/20.jpg HTTP/1.1[0m" 304 -
[2024-02-14 17:54:55,172] INFO in _internal: 127.0.0.1 - - [14/Feb/2024 17:54:55] "[36mGET /static/img/19.jpg HTTP/1.1[0m" 304 -
[2024-02-14 17:54:55,182] INFO in _internal: 127.0.0.1 - - [14/Feb/2024 17:54:55] "[36mGET /static/img/4.jpg HTTP/1.1[0m" 304 -
[2024-02-14 17:54:55,188] INFO in _internal: 127.0.0.1 - - [14/Feb/2024 17:54:55] "[36mGET /static/img/22.jpg HTTP/1.1[0m" 304 -
[2024-02-14 17:54:55,190] INFO in _internal: 127.0.0.1 - - [14/Feb/2024 17:54:55] "[36mGET /static/img/21.jpg HTTP/1.1[0m" 304 -
[2024-02-14 17:54:55,196] INFO in _internal: 127.0.0.1 - - [14/Feb/2024 17:54:55] "[36mGET /static/img/23.jpg HTTP/1.1[0m" 304 -
[2024-02-14 17:54:56,566] INFO in _internal: 127.0.0.1 - - [14/Feb/2024 17:54:56] "GET /escort HTTP/1.1" 200 -
[2024-02-14 17:54:56,590] INFO in _internal: 127.0.0.1 - - [14/Feb/2024 17:54:56] "[36mGET /static/css/escort.css HTTP/1.1[0m" 304 -
[2024-02-14 17:54:56,591] INFO in _internal: 127.0.0.1 - - [14/Feb/2024 17:54:56] "[36mGET /static/img/logo.png HTTP/1.1[0m" 304 -
[2024-02-14 17:54:56,594] INFO in _internal: 127.0.0.1 - - [14/Feb/2024 17:54:56] "[36mGET /static/img/area.png HTTP/1.1[0m" 304 -
[2024-02-14 17:54:56,608] INFO in _internal: 127.0.0.1 - - [14/Feb/2024 17:54:56] "[36mGET /static/js/escort.js HTTP/1.1[0m" 304 -
[2024-02-14 17:54:56,663] INFO in _internal: 127.0.0.1 - - [14/Feb/2024 17:54:56] "[36mGET /static/img/1.jpg HTTP/1.1[0m" 304 -
[2024-02-14 17:54:56,669] INFO in _internal: 127.0.0.1 - - [14/Feb/2024 17:54:56] "[36mGET /static/img/2.jpg HTTP/1.1[0m" 304 -
[2024-02-14 17:54:56,672] INFO in _internal: 127.0.0.1 - - [14/Feb/2024 17:54:56] "[36mGET /static/img/3.jpg HTTP/1.1[0m" 304 -
[2024-02-14 17:54:56,677] INFO in _internal: 127.0.0.1 - - [14/Feb/2024 17:54:56] "[36mGET /static/img/4.jpg HTTP/1.1[0m" 304 -
[2024-02-14 17:54:56,684] INFO in _internal: 127.0.0.1 - - [14/Feb/2024 17:54:56] "[36mGET /static/img/19.jpg HTTP/1.1[0m" 304 -
[2024-02-14 17:54:56,706] INFO in _internal: 127.0.0.1 - - [14/Feb/2024 17:54:56] "[36mGET /static/img/20.jpg HTTP/1.1[0m" 304 -
[2024-02-14 17:54:56,708] INFO in _internal: 127.0.0.1 - - [14/Feb/2024 17:54:56] "[36mGET /static/img/21.jpg HTTP/1.1[0m" 304 -
[2024-02-14 17:54:56,715] INFO in _internal: 127.0.0.1 - - [14/Feb/2024 17:54:56] "[36mGET /static/img/22.jpg HTTP/1.1[0m" 304 -
[2024-02-14 17:54:56,722] INFO in _internal: 127.0.0.1 - - [14/Feb/2024 17:54:56] "[36mGET /static/img/23.jpg HTTP/1.1[0m" 304 -
[2024-02-14 18:04:27,830] INFO in _internal: 127.0.0.1 - - [14/Feb/2024 18:04:27] "GET /escort HTTP/1.1" 200 -
[2024-02-14 18:04:27,856] INFO in _internal: 127.0.0.1 - - [14/Feb/2024 18:04:27] "[36mGET /static/css/escort.css HTTP/1.1[0m" 304 -
[2024-02-14 18:04:27,859] INFO in _internal: 127.0.0.1 - - [14/Feb/2024 18:04:27] "[36mGET /static/img/logo.png HTTP/1.1[0m" 304 -
[2024-02-14 18:04:27,861] INFO in _internal: 127.0.0.1 - - [14/Feb/2024 18:04:27] "[36mGET /static/img/area.png HTTP/1.1[0m" 304 -
[2024-02-14 18:04:27,876] INFO in _internal: 127.0.0.1 - - [14/Feb/2024 18:04:27] "GET /static/js/escort.js HTTP/1.1" 200 -
[2024-02-14 18:04:28,017] INFO in _internal: 127.0.0.1 - - [14/Feb/2024 18:04:28] "[36mGET /static/img/1.jpg HTTP/1.1[0m" 304 -
[2024-02-14 18:04:28,022] INFO in _internal: 127.0.0.1 - - [14/Feb/2024 18:04:28] "[36mGET /static/img/2.jpg HTTP/1.1[0m" 304 -
[2024-02-14 18:04:28,056] INFO in _internal: 127.0.0.1 - - [14/Feb/2024 18:04:28] "[36mGET /static/img/19.jpg HTTP/1.1[0m" 304 -
[2024-02-14 18:04:28,056] INFO in _internal: 127.0.0.1 - - [14/Feb/2024 18:04:28] "[36mGET /static/img/3.jpg HTTP/1.1[0m" 304 -
[2024-02-14 18:04:28,061] INFO in _internal: 127.0.0.1 - - [14/Feb/2024 18:04:28] "[36mGET /static/img/20.jpg HTTP/1.1[0m" 304 -
[2024-02-14 18:04:28,065] INFO in _internal: 127.0.0.1 - - [14/Feb/2024 18:04:28] "[36mGET /static/img/21.jpg HTTP/1.1[0m" 304 -
[2024-02-14 18:04:28,066] INFO in _internal: 127.0.0.1 - - [14/Feb/2024 18:04:28] "[36mGET /static/img/4.jpg HTTP/1.1[0m" 304 -
[2024-02-14 18:04:28,070] INFO in _internal: 127.0.0.1 - - [14/Feb/2024 18:04:28] "[36mGET /static/img/22.jpg HTTP/1.1[0m" 304 -
[2024-02-14 18:04:28,073] INFO in _internal: 127.0.0.1 - - [14/Feb/2024 18:04:28] "[36mGET /static/img/23.jpg HTTP/1.1[0m" 304 -
[2024-02-14 18:04:28,948] INFO in _internal: 127.0.0.1 - - [14/Feb/2024 18:04:28] "GET /index2 HTTP/1.1" 200 -
[2024-02-14 18:04:28,998] INFO in _internal: 127.0.0.1 - - [14/Feb/2024 18:04:28] "[36mGET /static/css/templatemo-style.css HTTP/1.1[0m" 304 -
[2024-02-14 18:04:29,002] INFO in _internal: 127.0.0.1 - - [14/Feb/2024 18:04:29] "[36mGET /static/css/index.css HTTP/1.1[0m" 304 -
[2024-02-14 18:04:29,003] INFO in _internal: 127.0.0.1 - - [14/Feb/2024 18:04:29] "[36mGET /static/img/logo.png HTTP/1.1[0m" 304 -
[2024-02-14 18:04:29,154] INFO in _internal: 127.0.0.1 - - [14/Feb/2024 18:04:29] "GET /sensing_data2 HTTP/1.1" 200 -
[2024-02-14 18:04:30,976] INFO in _internal: 127.0.0.1 - - [14/Feb/2024 18:04:30] "GET /escort HTTP/1.1" 200 -
[2024-02-14 18:04:31,004] INFO in _internal: 127.0.0.1 - - [14/Feb/2024 18:04:31] "[36mGET /static/img/logo.png HTTP/1.1[0m" 304 -
[2024-02-14 18:04:31,005] INFO in _internal: 127.0.0.1 - - [14/Feb/2024 18:04:31] "[36mGET /static/css/escort.css HTTP/1.1[0m" 304 -
[2024-02-14 18:04:31,008] INFO in _internal: 127.0.0.1 - - [14/Feb/2024 18:04:31] "[36mGET /static/img/area.png HTTP/1.1[0m" 304 -
[2024-02-14 18:04:31,024] INFO in _internal: 127.0.0.1 - - [14/Feb/2024 18:04:31] "[36mGET /static/js/escort.js HTTP/1.1[0m" 304 -
[2024-02-14 18:04:31,058] INFO in _internal: 127.0.0.1 - - [14/Feb/2024 18:04:31] "[36mGET /static/img/1.jpg HTTP/1.1[0m" 304 -
[2024-02-14 18:04:31,060] INFO in _internal: 127.0.0.1 - - [14/Feb/2024 18:04:31] "[36mGET /static/img/2.jpg HTTP/1.1[0m" 304 -
[2024-02-14 18:04:31,064] INFO in _internal: 127.0.0.1 - - [14/Feb/2024 18:04:31] "[36mGET /static/img/3.jpg HTTP/1.1[0m" 304 -
[2024-02-14 18:04:31,068] INFO in _internal: 127.0.0.1 - - [14/Feb/2024 18:04:31] "[36mGET /static/img/4.jpg HTTP/1.1[0m" 304 -
[2024-02-14 18:04:31,095] INFO in _internal: 127.0.0.1 - - [14/Feb/2024 18:04:31] "[36mGET /static/img/19.jpg HTTP/1.1[0m" 304 -
[2024-02-14 18:04:31,102] INFO in _internal: 127.0.0.1 - - [14/Feb/2024 18:04:31] "[36mGET /static/img/20.jpg HTTP/1.1[0m" 304 -
[2024-02-14 18:04:31,109] INFO in _internal: 127.0.0.1 - - [14/Feb/2024 18:04:31] "[36mGET /static/img/21.jpg HTTP/1.1[0m" 304 -
[2024-02-14 18:04:31,113] INFO in _internal: 127.0.0.1 - - [14/Feb/2024 18:04:31] "[36mGET /static/img/22.jpg HTTP/1.1[0m" 304 -
[2024-02-14 18:04:31,115] INFO in _internal: 127.0.0.1 - - [14/Feb/2024 18:04:31] "[36mGET /static/img/23.jpg HTTP/1.1[0m" 304 -
[2024-02-14 18:05:59,780] INFO in _internal: 127.0.0.1 - - [14/Feb/2024 18:05:59] "GET /escort HTTP/1.1" 200 -
[2024-02-14 18:05:59,812] INFO in _internal: 127.0.0.1 - - [14/Feb/2024 18:05:59] "[36mGET /static/css/escort.css HTTP/1.1[0m" 304 -
[2024-02-14 18:05:59,814] INFO in _internal: 127.0.0.1 - - [14/Feb/2024 18:05:59] "[36mGET /static/img/logo.png HTTP/1.1[0m" 304 -
[2024-02-14 18:05:59,817] INFO in _internal: 127.0.0.1 - - [14/Feb/2024 18:05:59] "[36mGET /static/img/area.png HTTP/1.1[0m" 304 -
[2024-02-14 18:05:59,829] INFO in _internal: 127.0.0.1 - - [14/Feb/2024 18:05:59] "GET /static/js/escort.js HTTP/1.1" 200 -
[2024-02-14 18:05:59,862] INFO in _internal: 127.0.0.1 - - [14/Feb/2024 18:05:59] "[36mGET /static/img/3.jpg HTTP/1.1[0m" 304 -
[2024-02-14 18:05:59,863] INFO in _internal: 127.0.0.1 - - [14/Feb/2024 18:05:59] "[36mGET /static/img/1.jpg HTTP/1.1[0m" 304 -
[2024-02-14 18:05:59,864] INFO in _internal: 127.0.0.1 - - [14/Feb/2024 18:05:59] "[36mGET /static/img/2.jpg HTTP/1.1[0m" 304 -
[2024-02-14 18:05:59,889] INFO in _internal: 127.0.0.1 - - [14/Feb/2024 18:05:59] "[36mGET /static/img/4.jpg HTTP/1.1[0m" 304 -
[2024-02-14 18:05:59,891] INFO in _internal: 127.0.0.1 - - [14/Feb/2024 18:05:59] "[36mGET /static/img/19.jpg HTTP/1.1[0m" 304 -
[2024-02-14 18:05:59,899] INFO in _internal: 127.0.0.1 - - [14/Feb/2024 18:05:59] "[36mGET /static/img/20.jpg HTTP/1.1[0m" 304 -
[2024-02-14 18:05:59,902] INFO in _internal: 127.0.0.1 - - [14/Feb/2024 18:05:59] "[36mGET /static/img/21.jpg HTTP/1.1[0m" 304 -
[2024-02-14 18:05:59,914] INFO in _internal: 127.0.0.1 - - [14/Feb/2024 18:05:59] "[36mGET /static/img/22.jpg HTTP/1.1[0m" 304 -
[2024-02-14 18:05:59,923] INFO in _internal: 127.0.0.1 - - [14/Feb/2024 18:05:59] "[36mGET /static/img/23.jpg HTTP/1.1[0m" 304 -
[2024-02-14 18:06:00,803] INFO in _internal: 127.0.0.1 - - [14/Feb/2024 18:06:00] "GET /index2 HTTP/1.1" 200 -
[2024-02-14 18:06:00,843] INFO in _internal: 127.0.0.1 - - [14/Feb/2024 18:06:00] "[36mGET /static/css/templatemo-style.css HTTP/1.1[0m" 304 -
[2024-02-14 18:06:00,847] INFO in _internal: 127.0.0.1 - - [14/Feb/2024 18:06:00] "[36mGET /static/css/index.css HTTP/1.1[0m" 304 -
[2024-02-14 18:06:00,848] INFO in _internal: 127.0.0.1 - - [14/Feb/2024 18:06:00] "[36mGET /static/img/logo.png HTTP/1.1[0m" 304 -
[2024-02-14 18:06:00,976] INFO in _internal: 127.0.0.1 - - [14/Feb/2024 18:06:00] "GET /sensing_data2 HTTP/1.1" 200 -
[2024-02-14 18:06:02,043] INFO in _internal: 127.0.0.1 - - [14/Feb/2024 18:06:02] "GET /escort HTTP/1.1" 200 -
[2024-02-14 18:06:02,067] INFO in _internal: 127.0.0.1 - - [14/Feb/2024 18:06:02] "[36mGET /static/css/escort.css HTTP/1.1[0m" 304 -
[2024-02-14 18:06:02,088] INFO in _internal: 127.0.0.1 - - [14/Feb/2024 18:06:02] "[36mGET /static/img/logo.png HTTP/1.1[0m" 304 -
[2024-02-14 18:06:02,090] INFO in _internal: 127.0.0.1 - - [14/Feb/2024 18:06:02] "[36mGET /static/img/area.png HTTP/1.1[0m" 304 -
[2024-02-14 18:06:02,091] INFO in _internal: 127.0.0.1 - - [14/Feb/2024 18:06:02] "[36mGET /static/js/escort.js HTTP/1.1[0m" 304 -
[2024-02-14 18:06:02,131] INFO in _internal: 127.0.0.1 - - [14/Feb/2024 18:06:02] "[36mGET /static/img/1.jpg HTTP/1.1[0m" 304 -
[2024-02-14 18:06:02,139] INFO in _internal: 127.0.0.1 - - [14/Feb/2024 18:06:02] "[36mGET /static/img/2.jpg HTTP/1.1[0m" 304 -
[2024-02-14 18:06:02,155] INFO in _internal: 127.0.0.1 - - [14/Feb/2024 18:06:02] "[36mGET /static/img/3.jpg HTTP/1.1[0m" 304 -
[2024-02-14 18:06:02,160] INFO in _internal: 127.0.0.1 - - [14/Feb/2024 18:06:02] "[36mGET /static/img/4.jpg HTTP/1.1[0m" 304 -
[2024-02-14 18:06:02,180] INFO in _internal: 127.0.0.1 - - [14/Feb/2024 18:06:02] "[36mGET /static/img/19.jpg HTTP/1.1[0m" 304 -
[2024-02-14 18:06:02,184] INFO in _internal: 127.0.0.1 - - [14/Feb/2024 18:06:02] "[36mGET /static/img/20.jpg HTTP/1.1[0m" 304 -
[2024-02-14 18:06:02,187] INFO in _internal: 127.0.0.1 - - [14/Feb/2024 18:06:02] "[36mGET /static/img/21.jpg HTTP/1.1[0m" 304 -
[2024-02-14 18:06:02,191] INFO in _internal: 127.0.0.1 - - [14/Feb/2024 18:06:02] "[36mGET /static/img/22.jpg HTTP/1.1[0m" 304 -
[2024-02-14 18:06:02,196] INFO in _internal: 127.0.0.1 - - [14/Feb/2024 18:06:02] "[36mGET /static/img/23.jpg HTTP/1.1[0m" 304 -
[2024-02-14 18:06:09,386] INFO in _internal: 127.0.0.1 - - [14/Feb/2024 18:06:09] "GET /index2 HTTP/1.1" 200 -
[2024-02-14 18:06:09,431] INFO in _internal: 127.0.0.1 - - [14/Feb/2024 18:06:09] "[36mGET /static/css/templatemo-style.css HTTP/1.1[0m" 304 -
[2024-02-14 18:06:09,434] INFO in _internal: 127.0.0.1 - - [14/Feb/2024 18:06:09] "[36mGET /static/css/index.css HTTP/1.1[0m" 304 -
[2024-02-14 18:06:09,436] INFO in _internal: 127.0.0.1 - - [14/Feb/2024 18:06:09] "[36mGET /static/img/logo.png HTTP/1.1[0m" 304 -
[2024-02-14 18:06:09,562] INFO in _internal: 127.0.0.1 - - [14/Feb/2024 18:06:09] "GET /sensing_data2 HTTP/1.1" 200 -
[2024-02-14 18:06:10,366] INFO in _internal: 127.0.0.1 - - [14/Feb/2024 18:06:10] "GET /escort HTTP/1.1" 200 -
[2024-02-14 18:06:10,388] INFO in _internal: 127.0.0.1 - - [14/Feb/2024 18:06:10] "[36mGET /static/css/escort.css HTTP/1.1[0m" 304 -
[2024-02-14 18:06:10,393] INFO in _internal: 127.0.0.1 - - [14/Feb/2024 18:06:10] "[36mGET /static/img/area.png HTTP/1.1[0m" 304 -
[2024-02-14 18:06:10,395] INFO in _internal: 127.0.0.1 - - [14/Feb/2024 18:06:10] "[36mGET /static/img/logo.png HTTP/1.1[0m" 304 -
[2024-02-14 18:06:10,403] INFO in _internal: 127.0.0.1 - - [14/Feb/2024 18:06:10] "[36mGET /static/js/escort.js HTTP/1.1[0m" 304 -
[2024-02-14 18:06:10,451] INFO in _internal: 127.0.0.1 - - [14/Feb/2024 18:06:10] "[36mGET /static/img/1.jpg HTTP/1.1[0m" 304 -
[2024-02-14 18:06:10,457] INFO in _internal: 127.0.0.1 - - [14/Feb/2024 18:06:10] "[36mGET /static/img/2.jpg HTTP/1.1[0m" 304 -
[2024-02-14 18:06:10,466] INFO in _internal: 127.0.0.1 - - [14/Feb/2024 18:06:10] "[36mGET /static/img/3.jpg HTTP/1.1[0m" 304 -
[2024-02-14 18:06:10,476] INFO in _internal: 127.0.0.1 - - [14/Feb/2024 18:06:10] "[36mGET /static/img/20.jpg HTTP/1.1[0m" 304 -
[2024-02-14 18:06:10,495] INFO in _internal: 127.0.0.1 - - [14/Feb/2024 18:06:10] "[36mGET /static/img/19.jpg HTTP/1.1[0m" 304 -
[2024-02-14 18:06:10,498] INFO in _internal: 127.0.0.1 - - [14/Feb/2024 18:06:10] "[36mGET /static/img/21.jpg HTTP/1.1[0m" 304 -
[2024-02-14 18:06:10,500] INFO in _internal: 127.0.0.1 - - [14/Feb/2024 18:06:10] "[36mGET /static/img/4.jpg HTTP/1.1[0m" 304 -
[2024-02-14 18:06:10,503] INFO in _internal: 127.0.0.1 - - [14/Feb/2024 18:06:10] "[36mGET /static/img/22.jpg HTTP/1.1[0m" 304 -
[2024-02-14 18:06:10,505] INFO in _internal: 127.0.0.1 - - [14/Feb/2024 18:06:10] "[36mGET /static/img/23.jpg HTTP/1.1[0m" 304 -
[2024-02-14 18:07:57,864] INFO in _internal: 127.0.0.1 - - [14/Feb/2024 18:07:57] "GET /index2 HTTP/1.1" 200 -
[2024-02-14 18:07:57,914] INFO in _internal: 127.0.0.1 - - [14/Feb/2024 18:07:57] "[36mGET /static/css/templatemo-style.css HTTP/1.1[0m" 304 -
[2024-02-14 18:07:57,921] INFO in _internal: 127.0.0.1 - - [14/Feb/2024 18:07:57] "[36mGET /static/css/index.css HTTP/1.1[0m" 304 -
[2024-02-14 18:07:57,922] INFO in _internal: 127.0.0.1 - - [14/Feb/2024 18:07:57] "[36mGET /static/img/logo.png HTTP/1.1[0m" 304 -
[2024-02-14 18:07:58,058] INFO in _internal: 127.0.0.1 - - [14/Feb/2024 18:07:58] "GET /sensing_data2 HTTP/1.1" 200 -
[2024-02-14 18:07:59,099] INFO in _internal: 127.0.0.1 - - [14/Feb/2024 18:07:59] "GET /escort HTTP/1.1" 200 -
[2024-02-14 18:07:59,124] INFO in _internal: 127.0.0.1 - - [14/Feb/2024 18:07:59] "[36mGET /static/css/escort.css HTTP/1.1[0m" 304 -
[2024-02-14 18:07:59,126] INFO in _internal: 127.0.0.1 - - [14/Feb/2024 18:07:59] "[36mGET /static/img/area.png HTTP/1.1[0m" 304 -
[2024-02-14 18:07:59,126] INFO in _internal: 127.0.0.1 - - [14/Feb/2024 18:07:59] "[36mGET /static/img/logo.png HTTP/1.1[0m" 304 -
[2024-02-14 18:07:59,143] INFO in _internal: 127.0.0.1 - - [14/Feb/2024 18:07:59] "GET /static/js/escort.js HTTP/1.1" 200 -
[2024-02-14 18:07:59,197] INFO in _internal: 127.0.0.1 - - [14/Feb/2024 18:07:59] "[36mGET /static/img/2.jpg HTTP/1.1[0m" 304 -
[2024-02-14 18:07:59,198] INFO in _internal: 127.0.0.1 - - [14/Feb/2024 18:07:59] "[36mGET /static/img/1.jpg HTTP/1.1[0m" 304 -
[2024-02-14 18:07:59,215] INFO in _internal: 127.0.0.1 - - [14/Feb/2024 18:07:59] "[36mGET /static/img/3.jpg HTTP/1.1[0m" 304 -
[2024-02-14 18:07:59,223] INFO in _internal: 127.0.0.1 - - [14/Feb/2024 18:07:59] "[36mGET /static/img/4.jpg HTTP/1.1[0m" 304 -
[2024-02-14 18:07:59,225] INFO in _internal: 127.0.0.1 - - [14/Feb/2024 18:07:59] "[36mGET /static/img/19.jpg HTTP/1.1[0m" 304 -
[2024-02-14 18:07:59,234] INFO in _internal: 127.0.0.1 - - [14/Feb/2024 18:07:59] "[36mGET /static/img/21.jpg HTTP/1.1[0m" 304 -
[2024-02-14 18:07:59,234] INFO in _internal: 127.0.0.1 - - [14/Feb/2024 18:07:59] "[36mGET /static/img/20.jpg HTTP/1.1[0m" 304 -
[2024-02-14 18:07:59,238] INFO in _internal: 127.0.0.1 - - [14/Feb/2024 18:07:59] "[36mGET /static/img/23.jpg HTTP/1.1[0m" 304 -
[2024-02-14 18:07:59,238] INFO in _internal: 127.0.0.1 - - [14/Feb/2024 18:07:59] "[36mGET /static/img/22.jpg HTTP/1.1[0m" 304 -
[2024-02-14 18:08:00,492] INFO in _internal: 127.0.0.1 - - [14/Feb/2024 18:08:00] "GET /info HTTP/1.1" 200 -
[2024-02-14 18:08:00,530] INFO in _internal: 127.0.0.1 - - [14/Feb/2024 18:08:00] "[36mGET /static/css/info.css HTTP/1.1[0m" 304 -
[2024-02-14 18:08:00,535] INFO in _internal: 127.0.0.1 - - [14/Feb/2024 18:08:00] "[36mGET /static/img/logo.png HTTP/1.1[0m" 304 -
[2024-02-14 18:08:00,536] INFO in _internal: 127.0.0.1 - - [14/Feb/2024 18:08:00] "[36mGET /static/js/info.js HTTP/1.1[0m" 304 -
[2024-02-14 18:08:00,636] INFO in _internal: 127.0.0.1 - - [14/Feb/2024 18:08:00] "[36mGET /static/img/img-1.png HTTP/1.1[0m" 304 -
[2024-02-14 18:08:00,638] INFO in _internal: 127.0.0.1 - - [14/Feb/2024 18:08:00] "[36mGET /static/img/img-2.png HTTP/1.1[0m" 304 -
[2024-02-14 18:08:00,650] INFO in _internal: 127.0.0.1 - - [14/Feb/2024 18:08:00] "[36mGET /static/img/img-4.png HTTP/1.1[0m" 304 -
[2024-02-14 18:08:00,673] INFO in _internal: 127.0.0.1 - - [14/Feb/2024 18:08:00] "[36mGET /static/img/img-45.png HTTP/1.1[0m" 304 -
[2024-02-14 18:08:00,674] INFO in _internal: 127.0.0.1 - - [14/Feb/2024 18:08:00] "[36mGET /static/img/img-3.png HTTP/1.1[0m" 304 -
[2024-02-14 18:08:00,675] INFO in _internal: 127.0.0.1 - - [14/Feb/2024 18:08:00] "[36mGET /static/img/img-5.png HTTP/1.1[0m" 304 -
[2024-02-14 18:08:00,716] INFO in _internal: 127.0.0.1 - - [14/Feb/2024 18:08:00] "[36mGET /static/img/img-46.png HTTP/1.1[0m" 304 -
[2024-02-14 18:08:00,731] INFO in _internal: 127.0.0.1 - - [14/Feb/2024 18:08:00] "[36mGET /static/img/img-47.png HTTP/1.1[0m" 304 -
[2024-02-14 18:08:00,768] INFO in _internal: 127.0.0.1 - - [14/Feb/2024 18:08:00] "[36mGET /static/img/img-48.png HTTP/1.1[0m" 304 -
[2024-02-14 18:08:00,769] INFO in _internal: 127.0.0.1 - - [14/Feb/2024 18:08:00] "[36mGET /static/img/img-49.png HTTP/1.1[0m" 304 -
[2024-02-14 18:08:00,782] INFO in _internal: 127.0.0.1 - - [14/Feb/2024 18:08:00] "[36mGET /static/img/img-88.png HTTP/1.1[0m" 304 -
[2024-02-14 18:08:00,799] INFO in _internal: 127.0.0.1 - - [14/Feb/2024 18:08:00] "[36mGET /static/img/img-89.png HTTP/1.1[0m" 304 -
[2024-02-14 18:08:00,812] INFO in _internal: 127.0.0.1 - - [14/Feb/2024 18:08:00] "[36mGET /static/img/img-90.png HTTP/1.1[0m" 304 -
[2024-02-14 18:08:00,826] INFO in _internal: 127.0.0.1 - - [14/Feb/2024 18:08:00] "[36mGET /static/img/img-91.png HTTP/1.1[0m" 304 -
[2024-02-14 18:08:00,834] INFO in _internal: 127.0.0.1 - - [14/Feb/2024 18:08:00] "[36mGET /static/img/img-92.png HTTP/1.1[0m" 304 -
[2024-02-14 18:08:00,852] INFO in _internal: 127.0.0.1 - - [14/Feb/2024 18:08:00] "[36mGET /static/img/img-132.png HTTP/1.1[0m" 304 -
[2024-02-14 18:08:00,855] INFO in _internal: 127.0.0.1 - - [14/Feb/2024 18:08:00] "[36mGET /static/img/img-131.png HTTP/1.1[0m" 304 -
[2024-02-14 18:08:00,863] INFO in _internal: 127.0.0.1 - - [14/Feb/2024 18:08:00] "[36mGET /static/img/img-133.png HTTP/1.1[0m" 304 -
[2024-02-14 18:08:00,889] INFO in _internal: 127.0.0.1 - - [14/Feb/2024 18:08:00] "[36mGET /static/img/img-134.png HTTP/1.1[0m" 304 -
[2024-02-14 18:08:00,900] INFO in _internal: 127.0.0.1 - - [14/Feb/2024 18:08:00] "[36mGET /static/img/img-135.png HTTP/1.1[0m" 304 -
[2024-02-14 18:08:00,917] INFO in _internal: 127.0.0.1 - - [14/Feb/2024 18:08:00] "[36mGET /static/img/img-159.png HTTP/1.1[0m" 304 -
[2024-02-14 18:08:00,919] INFO in _internal: 127.0.0.1 - - [14/Feb/2024 18:08:00] "[36mGET /static/img/img-158.png HTTP/1.1[0m" 304 -
[2024-02-14 18:08:00,926] INFO in _internal: 127.0.0.1 - - [14/Feb/2024 18:08:00] "[36mGET /static/img/img-160.png HTTP/1.1[0m" 304 -
[2024-02-14 18:08:00,928] INFO in _internal: 127.0.0.1 - - [14/Feb/2024 18:08:00] "[36mGET /static/img/img-161.png HTTP/1.1[0m" 304 -
[2024-02-14 18:08:00,946] INFO in _internal: 127.0.0.1 - - [14/Feb/2024 18:08:00] "[36mGET /static/img/img-162.png HTTP/1.1[0m" 304 -
[2024-02-14 18:08:00,956] INFO in _internal: 127.0.0.1 - - [14/Feb/2024 18:08:00] "[36mGET /static/img/img-172.png HTTP/1.1[0m" 304 -
[2024-02-14 18:08:00,957] INFO in _internal: 127.0.0.1 - - [14/Feb/2024 18:08:00] "[36mGET /static/img/img-171.png HTTP/1.1[0m" 304 -
[2024-02-14 18:08:00,970] INFO in _internal: 127.0.0.1 - - [14/Feb/2024 18:08:00] "[36mGET /static/img/img-173.png HTTP/1.1[0m" 304 -
[2024-02-14 18:08:00,977] INFO in _internal: 127.0.0.1 - - [14/Feb/2024 18:08:00] "[36mGET /static/img/img-174.png HTTP/1.1[0m" 304 -
[2024-02-14 18:08:00,987] INFO in _internal: 127.0.0.1 - - [14/Feb/2024 18:08:00] "[36mGET /static/img/img-175.png HTTP/1.1[0m" 304 -
[2024-02-14 18:08:01,826] INFO in _internal: 127.0.0.1 - - [14/Feb/2024 18:08:01] "GET /escort HTTP/1.1" 200 -
[2024-02-14 18:08:01,861] INFO in _internal: 127.0.0.1 - - [14/Feb/2024 18:08:01] "[36mGET /static/css/escort.css HTTP/1.1[0m" 304 -
[2024-02-14 18:08:01,862] INFO in _internal: 127.0.0.1 - - [14/Feb/2024 18:08:01] "[36mGET /static/img/logo.png HTTP/1.1[0m" 304 -
[2024-02-14 18:08:01,863] INFO in _internal: 127.0.0.1 - - [14/Feb/2024 18:08:01] "[36mGET /static/img/area.png HTTP/1.1[0m" 304 -
[2024-02-14 18:08:01,885] INFO in _internal: 127.0.0.1 - - [14/Feb/2024 18:08:01] "[36mGET /static/js/escort.js HTTP/1.1[0m" 304 -
[2024-02-14 18:08:01,915] INFO in _internal: 127.0.0.1 - - [14/Feb/2024 18:08:01] "[36mGET /static/img/1.jpg HTTP/1.1[0m" 304 -
[2024-02-14 18:08:01,921] INFO in _internal: 127.0.0.1 - - [14/Feb/2024 18:08:01] "[36mGET /static/img/2.jpg HTTP/1.1[0m" 304 -
[2024-02-14 18:08:01,931] INFO in _internal: 127.0.0.1 - - [14/Feb/2024 18:08:01] "[36mGET /static/img/3.jpg HTTP/1.1[0m" 304 -
[2024-02-14 18:08:01,940] INFO in _internal: 127.0.0.1 - - [14/Feb/2024 18:08:01] "[36mGET /static/img/4.jpg HTTP/1.1[0m" 304 -
[2024-02-14 18:08:01,953] INFO in _internal: 127.0.0.1 - - [14/Feb/2024 18:08:01] "[36mGET /static/img/19.jpg HTTP/1.1[0m" 304 -
[2024-02-14 18:08:01,959] INFO in _internal: 127.0.0.1 - - [14/Feb/2024 18:08:01] "[36mGET /static/img/20.jpg HTTP/1.1[0m" 304 -
[2024-02-14 18:08:01,977] INFO in _internal: 127.0.0.1 - - [14/Feb/2024 18:08:01] "[36mGET /static/img/21.jpg HTTP/1.1[0m" 304 -
[2024-02-14 18:08:01,980] INFO in _internal: 127.0.0.1 - - [14/Feb/2024 18:08:01] "[36mGET /static/img/22.jpg HTTP/1.1[0m" 304 -
[2024-02-14 18:08:01,985] INFO in _internal: 127.0.0.1 - - [14/Feb/2024 18:08:01] "[36mGET /static/img/23.jpg HTTP/1.1[0m" 304 -
[2024-02-14 18:08:53,969] INFO in _internal: 127.0.0.1 - - [14/Feb/2024 18:08:53] "GET /info HTTP/1.1" 200 -
[2024-02-14 18:08:54,011] INFO in _internal: 127.0.0.1 - - [14/Feb/2024 18:08:54] "[36mGET /static/css/info.css HTTP/1.1[0m" 304 -
[2024-02-14 18:08:54,015] INFO in _internal: 127.0.0.1 - - [14/Feb/2024 18:08:54] "[36mGET /static/img/logo.png HTTP/1.1[0m" 304 -
[2024-02-14 18:08:54,019] INFO in _internal: 127.0.0.1 - - [14/Feb/2024 18:08:54] "[36mGET /static/js/info.js HTTP/1.1[0m" 304 -
[2024-02-14 18:08:54,117] INFO in _internal: 127.0.0.1 - - [14/Feb/2024 18:08:54] "[36mGET /static/img/img-2.png HTTP/1.1[0m" 304 -
[2024-02-14 18:08:54,119] INFO in _internal: 127.0.0.1 - - [14/Feb/2024 18:08:54] "[36mGET /static/img/img-1.png HTTP/1.1[0m" 304 -
[2024-02-14 18:08:54,124] INFO in _internal: 127.0.0.1 - - [14/Feb/2024 18:08:54] "[36mGET /static/img/img-3.png HTTP/1.1[0m" 304 -
[2024-02-14 18:08:54,137] INFO in _internal: 127.0.0.1 - - [14/Feb/2024 18:08:54] "[36mGET /static/img/img-4.png HTTP/1.1[0m" 304 -
[2024-02-14 18:08:54,148] INFO in _internal: 127.0.0.1 - - [14/Feb/2024 18:08:54] "[36mGET /static/img/img-5.png HTTP/1.1[0m" 304 -
[2024-02-14 18:08:54,168] INFO in _internal: 127.0.0.1 - - [14/Feb/2024 18:08:54] "[36mGET /static/img/img-45.png HTTP/1.1[0m" 304 -
[2024-02-14 18:08:54,201] INFO in _internal: 127.0.0.1 - - [14/Feb/2024 18:08:54] "[36mGET /static/img/img-46.png HTTP/1.1[0m" 304 -
[2024-02-14 18:08:54,213] INFO in _internal: 127.0.0.1 - - [14/Feb/2024 18:08:54] "[36mGET /static/img/img-47.png HTTP/1.1[0m" 304 -
[2024-02-14 18:08:54,296] INFO in _internal: 127.0.0.1 - - [14/Feb/2024 18:08:54] "[36mGET /static/img/img-48.png HTTP/1.1[0m" 304 -
[2024-02-14 18:08:54,300] INFO in _internal: 127.0.0.1 - - [14/Feb/2024 18:08:54] "[36mGET /static/img/img-49.png HTTP/1.1[0m" 304 -
[2024-02-14 18:08:54,301] INFO in _internal: 127.0.0.1 - - [14/Feb/2024 18:08:54] "[36mGET /static/img/img-88.png HTTP/1.1[0m" 304 -
[2024-02-14 18:08:54,304] INFO in _internal: 127.0.0.1 - - [14/Feb/2024 18:08:54] "[36mGET /static/img/img-89.png HTTP/1.1[0m" 304 -
[2024-02-14 18:08:54,329] INFO in _internal: 127.0.0.1 - - [14/Feb/2024 18:08:54] "[36mGET /static/img/img-90.png HTTP/1.1[0m" 304 -
[2024-02-14 18:08:54,329] INFO in _internal: 127.0.0.1 - - [14/Feb/2024 18:08:54] "[36mGET /static/img/img-91.png HTTP/1.1[0m" 304 -
[2024-02-14 18:08:54,336] INFO in _internal: 127.0.0.1 - - [14/Feb/2024 18:08:54] "[36mGET /static/img/img-92.png HTTP/1.1[0m" 304 -
[2024-02-14 18:08:54,351] INFO in _internal: 127.0.0.1 - - [14/Feb/2024 18:08:54] "[36mGET /static/img/img-131.png HTTP/1.1[0m" 304 -
[2024-02-14 18:08:54,363] INFO in _internal: 127.0.0.1 - - [14/Feb/2024 18:08:54] "[36mGET /static/img/img-132.png HTTP/1.1[0m" 304 -
[2024-02-14 18:08:54,366] INFO in _internal: 127.0.0.1 - - [14/Feb/2024 18:08:54] "[36mGET /static/img/img-133.png HTTP/1.1[0m" 304 -
[2024-02-14 18:08:54,368] INFO in _internal: 127.0.0.1 - - [14/Feb/2024 18:08:54] "[36mGET /static/img/img-134.png HTTP/1.1[0m" 304 -
[2024-02-14 18:08:54,376] INFO in _internal: 127.0.0.1 - - [14/Feb/2024 18:08:54] "[36mGET /static/img/img-135.png HTTP/1.1[0m" 304 -
[2024-02-14 18:08:54,389] INFO in _internal: 127.0.0.1 - - [14/Feb/2024 18:08:54] "[36mGET /static/img/img-158.png HTTP/1.1[0m" 304 -
[2024-02-14 18:08:54,401] INFO in _internal: 127.0.0.1 - - [14/Feb/2024 18:08:54] "[36mGET /static/img/img-159.png HTTP/1.1[0m" 304 -
[2024-02-14 18:08:54,425] INFO in _internal: 127.0.0.1 - - [14/Feb/2024 18:08:54] "[36mGET /static/img/img-160.png HTTP/1.1[0m" 304 -
[2024-02-14 18:08:54,430] INFO in _internal: 127.0.0.1 - - [14/Feb/2024 18:08:54] "[36mGET /static/img/img-161.png HTTP/1.1[0m" 304 -
[2024-02-14 18:08:54,436] INFO in _internal: 127.0.0.1 - - [14/Feb/2024 18:08:54] "[36mGET /static/img/img-162.png HTTP/1.1[0m" 304 -
[2024-02-14 18:08:54,442] INFO in _internal: 127.0.0.1 - - [14/Feb/2024 18:08:54] "[36mGET /static/img/img-171.png HTTP/1.1[0m" 304 -
[2024-02-14 18:08:54,447] INFO in _internal: 127.0.0.1 - - [14/Feb/2024 18:08:54] "[36mGET /static/img/img-172.png HTTP/1.1[0m" 304 -
[2024-02-14 18:08:54,447] INFO in _internal: 127.0.0.1 - - [14/Feb/2024 18:08:54] "[36mGET /static/img/img-173.png HTTP/1.1[0m" 304 -
[2024-02-14 18:08:54,451] INFO in _internal: 127.0.0.1 - - [14/Feb/2024 18:08:54] "[36mGET /static/img/img-174.png HTTP/1.1[0m" 304 -
[2024-02-14 18:08:54,467] INFO in _internal: 127.0.0.1 - - [14/Feb/2024 18:08:54] "[36mGET /static/img/img-175.png HTTP/1.1[0m" 304 -
[2024-02-14 18:08:55,335] INFO in _internal: 127.0.0.1 - - [14/Feb/2024 18:08:55] "GET /index2 HTTP/1.1" 200 -
[2024-02-14 18:08:55,359] INFO in _internal: 127.0.0.1 - - [14/Feb/2024 18:08:55] "[36mGET /static/css/templatemo-style.css HTTP/1.1[0m" 304 -
[2024-02-14 18:08:55,366] INFO in _internal: 127.0.0.1 - - [14/Feb/2024 18:08:55] "[36mGET /static/css/index.css HTTP/1.1[0m" 304 -
[2024-02-14 18:08:55,366] INFO in _internal: 127.0.0.1 - - [14/Feb/2024 18:08:55] "[36mGET /static/img/logo.png HTTP/1.1[0m" 304 -
[2024-02-14 18:08:55,495] INFO in _internal: 127.0.0.1 - - [14/Feb/2024 18:08:55] "GET /sensing_data2 HTTP/1.1" 200 -
[2024-02-14 18:08:55,986] INFO in _internal: 127.0.0.1 - - [14/Feb/2024 18:08:55] "GET / HTTP/1.1" 200 -
[2024-02-14 18:08:56,008] INFO in _internal: 127.0.0.1 - - [14/Feb/2024 18:08:56] "[36mGET /static/css/templatemo-style.css HTTP/1.1[0m" 304 -
[2024-02-14 18:08:56,009] INFO in _internal: 127.0.0.1 - - [14/Feb/2024 18:08:56] "[36mGET /static/css/index.css HTTP/1.1[0m" 304 -
[2024-02-14 18:08:56,009] INFO in _internal: 127.0.0.1 - - [14/Feb/2024 18:08:56] "[36mGET /static/img/logo.png HTTP/1.1[0m" 304 -
[2024-02-14 18:08:56,247] INFO in _internal: 127.0.0.1 - - [14/Feb/2024 18:08:56] "GET /sensing_data HTTP/1.1" 200 -
[2024-02-14 18:08:56,588] INFO in _internal: 127.0.0.1 - - [14/Feb/2024 18:08:56] "GET /escort HTTP/1.1" 200 -
[2024-02-14 18:08:56,609] INFO in _internal: 127.0.0.1 - - [14/Feb/2024 18:08:56] "[36mGET /static/css/escort.css HTTP/1.1[0m" 304 -
[2024-02-14 18:08:56,622] INFO in _internal: 127.0.0.1 - - [14/Feb/2024 18:08:56] "[36mGET /static/img/logo.png HTTP/1.1[0m" 304 -
[2024-02-14 18:08:56,623] INFO in _internal: 127.0.0.1 - - [14/Feb/2024 18:08:56] "[36mGET /static/img/area.png HTTP/1.1[0m" 304 -
[2024-02-14 18:08:56,639] INFO in _internal: 127.0.0.1 - - [14/Feb/2024 18:08:56] "GET /static/js/escort.js HTTP/1.1" 200 -
[2024-02-14 18:08:56,689] INFO in _internal: 127.0.0.1 - - [14/Feb/2024 18:08:56] "[36mGET /static/img/1.jpg HTTP/1.1[0m" 304 -
[2024-02-14 18:08:56,696] INFO in _internal: 127.0.0.1 - - [14/Feb/2024 18:08:56] "[36mGET /static/img/2.jpg HTTP/1.1[0m" 304 -
[2024-02-14 18:08:56,708] INFO in _internal: 127.0.0.1 - - [14/Feb/2024 18:08:56] "[36mGET /static/img/3.jpg HTTP/1.1[0m" 304 -
[2024-02-14 18:08:56,714] INFO in _internal: 127.0.0.1 - - [14/Feb/2024 18:08:56] "[36mGET /static/img/19.jpg HTTP/1.1[0m" 304 -
[2024-02-14 18:08:56,734] INFO in _internal: 127.0.0.1 - - [14/Feb/2024 18:08:56] "[36mGET /static/img/4.jpg HTTP/1.1[0m" 304 -
[2024-02-14 18:08:56,745] INFO in _internal: 127.0.0.1 - - [14/Feb/2024 18:08:56] "[36mGET /static/img/20.jpg HTTP/1.1[0m" 304 -
[2024-02-14 18:08:56,752] INFO in _internal: 127.0.0.1 - - [14/Feb/2024 18:08:56] "[36mGET /static/img/22.jpg HTTP/1.1[0m" 304 -
[2024-02-14 18:08:56,753] INFO in _internal: 127.0.0.1 - - [14/Feb/2024 18:08:56] "[36mGET /static/img/21.jpg HTTP/1.1[0m" 304 -
[2024-02-14 18:08:56,760] INFO in _internal: 127.0.0.1 - - [14/Feb/2024 18:08:56] "[36mGET /static/img/23.jpg HTTP/1.1[0m" 304 -
[2024-02-14 18:12:02,892] INFO in _internal: 127.0.0.1 - - [14/Feb/2024 18:12:02] "GET /escort HTTP/1.1" 200 -
[2024-02-14 18:12:02,920] INFO in _internal: 127.0.0.1 - - [14/Feb/2024 18:12:02] "[36mGET /static/css/escort.css HTTP/1.1[0m" 304 -
[2024-02-14 18:12:02,922] INFO in _internal: 127.0.0.1 - - [14/Feb/2024 18:12:02] "[36mGET /static/img/logo.png HTTP/1.1[0m" 304 -
[2024-02-14 18:12:02,924] INFO in _internal: 127.0.0.1 - - [14/Feb/2024 18:12:02] "[36mGET /static/img/area.png HTTP/1.1[0m" 304 -
[2024-02-14 18:12:02,943] INFO in _internal: 127.0.0.1 - - [14/Feb/2024 18:12:02] "[36mGET /static/js/escort.js HTTP/1.1[0m" 304 -
[2024-02-14 18:12:02,977] INFO in _internal: 127.0.0.1 - - [14/Feb/2024 18:12:02] "[36mGET /static/img/1.jpg HTTP/1.1[0m" 304 -
[2024-02-14 18:12:02,979] INFO in _internal: 127.0.0.1 - - [14/Feb/2024 18:12:02] "[36mGET /static/img/2.jpg HTTP/1.1[0m" 304 -
[2024-02-14 18:12:02,990] INFO in _internal: 127.0.0.1 - - [14/Feb/2024 18:12:02] "[36mGET /static/img/3.jpg HTTP/1.1[0m" 304 -
[2024-02-14 18:12:02,995] INFO in _internal: 127.0.0.1 - - [14/Feb/2024 18:12:02] "[36mGET /static/img/4.jpg HTTP/1.1[0m" 304 -
[2024-02-14 18:12:03,003] INFO in _internal: 127.0.0.1 - - [14/Feb/2024 18:12:03] "[36mGET /static/img/19.jpg HTTP/1.1[0m" 304 -
[2024-02-14 18:12:03,021] INFO in _internal: 127.0.0.1 - - [14/Feb/2024 18:12:03] "[36mGET /static/img/20.jpg HTTP/1.1[0m" 304 -
[2024-02-14 18:12:03,023] INFO in _internal: 127.0.0.1 - - [14/Feb/2024 18:12:03] "[36mGET /static/img/21.jpg HTTP/1.1[0m" 304 -
[2024-02-14 18:12:03,024] INFO in _internal: 127.0.0.1 - - [14/Feb/2024 18:12:03] "[36mGET /static/img/22.jpg HTTP/1.1[0m" 304 -
[2024-02-14 18:12:03,026] INFO in _internal: 127.0.0.1 - - [14/Feb/2024 18:12:03] "[36mGET /static/img/23.jpg HTTP/1.1[0m" 304 -
[2024-02-14 18:12:03,845] INFO in _internal: 127.0.0.1 - - [14/Feb/2024 18:12:03] "GET / HTTP/1.1" 200 -
[2024-02-14 18:12:03,889] INFO in _internal: 127.0.0.1 - - [14/Feb/2024 18:12:03] "[36mGET /static/css/templatemo-style.css HTTP/1.1[0m" 304 -
[2024-02-14 18:12:03,896] INFO in _internal: 127.0.0.1 - - [14/Feb/2024 18:12:03] "[36mGET /static/img/logo.png HTTP/1.1[0m" 304 -
[2024-02-14 18:12:03,897] INFO in _internal: 127.0.0.1 - - [14/Feb/2024 18:12:03] "[36mGET /static/css/index.css HTTP/1.1[0m" 304 -
[2024-02-14 18:12:04,069] INFO in _internal: 127.0.0.1 - - [14/Feb/2024 18:12:04] "GET /sensing_data HTTP/1.1" 200 -
[2024-02-14 18:12:05,060] INFO in _internal: 127.0.0.1 - - [14/Feb/2024 18:12:05] "GET /index2 HTTP/1.1" 200 -
[2024-02-14 18:12:05,103] INFO in _internal: 127.0.0.1 - - [14/Feb/2024 18:12:05] "[36mGET /static/css/templatemo-style.css HTTP/1.1[0m" 304 -
[2024-02-14 18:12:05,105] INFO in _internal: 127.0.0.1 - - [14/Feb/2024 18:12:05] "[36mGET /static/css/index.css HTTP/1.1[0m" 304 -
[2024-02-14 18:12:05,105] INFO in _internal: 127.0.0.1 - - [14/Feb/2024 18:12:05] "[36mGET /static/img/logo.png HTTP/1.1[0m" 304 -
[2024-02-14 18:12:05,265] INFO in _internal: 127.0.0.1 - - [14/Feb/2024 18:12:05] "GET /sensing_data2 HTTP/1.1" 200 -
[2024-02-14 18:12:06,416] INFO in _internal: 127.0.0.1 - - [14/Feb/2024 18:12:06] "GET /escort HTTP/1.1" 200 -
[2024-02-14 18:12:06,465] INFO in _internal: 127.0.0.1 - - [14/Feb/2024 18:12:06] "[36mGET /static/img/logo.png HTTP/1.1[0m" 304 -
[2024-02-14 18:12:06,467] INFO in _internal: 127.0.0.1 - - [14/Feb/2024 18:12:06] "[36mGET /static/css/escort.css HTTP/1.1[0m" 304 -
[2024-02-14 18:12:06,470] INFO in _internal: 127.0.0.1 - - [14/Feb/2024 18:12:06] "[36mGET /static/img/area.png HTTP/1.1[0m" 304 -
[2024-02-14 18:12:06,490] INFO in _internal: 127.0.0.1 - - [14/Feb/2024 18:12:06] "[36mGET /static/js/escort.js HTTP/1.1[0m" 304 -
[2024-02-14 18:12:06,531] INFO in _internal: 127.0.0.1 - - [14/Feb/2024 18:12:06] "[36mGET /static/img/2.jpg HTTP/1.1[0m" 304 -
[2024-02-14 18:12:06,533] INFO in _internal: 127.0.0.1 - - [14/Feb/2024 18:12:06] "[36mGET /static/img/3.jpg HTTP/1.1[0m" 304 -
[2024-02-14 18:12:06,533] INFO in _internal: 127.0.0.1 - - [14/Feb/2024 18:12:06] "[36mGET /static/img/1.jpg HTTP/1.1[0m" 304 -
[2024-02-14 18:12:06,537] INFO in _internal: 127.0.0.1 - - [14/Feb/2024 18:12:06] "[36mGET /static/img/4.jpg HTTP/1.1[0m" 304 -
[2024-02-14 18:12:06,549] INFO in _internal: 127.0.0.1 - - [14/Feb/2024 18:12:06] "[36mGET /static/img/19.jpg HTTP/1.1[0m" 304 -
[2024-02-14 18:12:06,555] INFO in _internal: 127.0.0.1 - - [14/Feb/2024 18:12:06] "[36mGET /static/img/20.jpg HTTP/1.1[0m" 304 -
[2024-02-14 18:12:06,576] INFO in _internal: 127.0.0.1 - - [14/Feb/2024 18:12:06] "[36mGET /static/img/21.jpg HTTP/1.1[0m" 304 -
[2024-02-14 18:12:06,577] INFO in _internal: 127.0.0.1 - - [14/Feb/2024 18:12:06] "[36mGET /static/img/22.jpg HTTP/1.1[0m" 304 -
[2024-02-14 18:12:06,591] INFO in _internal: 127.0.0.1 - - [14/Feb/2024 18:12:06] "[36mGET /static/img/23.jpg HTTP/1.1[0m" 304 -
[2024-02-14 18:12:07,851] INFO in _internal: 127.0.0.1 - - [14/Feb/2024 18:12:07] "GET /info HTTP/1.1" 200 -
[2024-02-14 18:12:07,903] INFO in _internal: 127.0.0.1 - - [14/Feb/2024 18:12:07] "[36mGET /static/css/info.css HTTP/1.1[0m" 304 -
[2024-02-14 18:12:07,904] INFO in _internal: 127.0.0.1 - - [14/Feb/2024 18:12:07] "[36mGET /static/img/logo.png HTTP/1.1[0m" 304 -
[2024-02-14 18:12:07,905] INFO in _internal: 127.0.0.1 - - [14/Feb/2024 18:12:07] "GET /static/js/info.js HTTP/1.1" 200 -
[2024-02-14 18:12:08,003] INFO in _internal: 127.0.0.1 - - [14/Feb/2024 18:12:08] "[36mGET /static/img/img-1.png HTTP/1.1[0m" 304 -
[2024-02-14 18:12:08,006] INFO in _internal: 127.0.0.1 - - [14/Feb/2024 18:12:08] "[36mGET /static/img/img-3.png HTTP/1.1[0m" 304 -
[2024-02-14 18:12:08,007] INFO in _internal: 127.0.0.1 - - [14/Feb/2024 18:12:08] "[36mGET /static/img/img-2.png HTTP/1.1[0m" 304 -
[2024-02-14 18:12:08,007] INFO in _internal: 127.0.0.1 - - [14/Feb/2024 18:12:08] "[36mGET /static/img/img-4.png HTTP/1.1[0m" 304 -
[2024-02-14 18:12:08,026] INFO in _internal: 127.0.0.1 - - [14/Feb/2024 18:12:08] "[36mGET /static/img/img-45.png HTTP/1.1[0m" 304 -
[2024-02-14 18:12:08,031] INFO in _internal: 127.0.0.1 - - [14/Feb/2024 18:12:08] "[36mGET /static/img/img-5.png HTTP/1.1[0m" 304 -
[2024-02-14 18:12:08,032] INFO in _internal: 127.0.0.1 - - [14/Feb/2024 18:12:08] "[36mGET /static/img/img-47.png HTTP/1.1[0m" 304 -
[2024-02-14 18:12:08,037] INFO in _internal: 127.0.0.1 - - [14/Feb/2024 18:12:08] "[36mGET /static/img/img-46.png HTTP/1.1[0m" 304 -
[2024-02-14 18:12:08,093] INFO in _internal: 127.0.0.1 - - [14/Feb/2024 18:12:08] "[36mGET /static/img/img-48.png HTTP/1.1[0m" 304 -
[2024-02-14 18:12:08,100] INFO in _internal: 127.0.0.1 - - [14/Feb/2024 18:12:08] "[36mGET /static/img/img-49.png HTTP/1.1[0m" 304 -
[2024-02-14 18:12:08,118] INFO in _internal: 127.0.0.1 - - [14/Feb/2024 18:12:08] "[36mGET /static/img/img-88.png HTTP/1.1[0m" 304 -
[2024-02-14 18:12:08,120] INFO in _internal: 127.0.0.1 - - [14/Feb/2024 18:12:08] "[36mGET /static/img/img-89.png HTTP/1.1[0m" 304 -
[2024-02-14 18:12:08,122] INFO in _internal: 127.0.0.1 - - [14/Feb/2024 18:12:08] "[36mGET /static/img/img-90.png HTTP/1.1[0m" 304 -
[2024-02-14 18:12:08,156] INFO in _internal: 127.0.0.1 - - [14/Feb/2024 18:12:08] "[36mGET /static/img/img-92.png HTTP/1.1[0m" 304 -
[2024-02-14 18:12:08,127] INFO in _internal: 127.0.0.1 - - [14/Feb/2024 18:12:08] "[36mGET /static/img/img-91.png HTTP/1.1[0m" 304 -
[2024-02-14 18:12:08,185] INFO in _internal: 127.0.0.1 - - [14/Feb/2024 18:12:08] "[36mGET /static/img/img-131.png HTTP/1.1[0m" 304 -
[2024-02-14 18:12:08,211] INFO in _internal: 127.0.0.1 - - [14/Feb/2024 18:12:08] "[36mGET /static/img/img-132.png HTTP/1.1[0m" 304 -
[2024-02-14 18:12:08,225] INFO in _internal: 127.0.0.1 - - [14/Feb/2024 18:12:08] "[36mGET /static/img/img-134.png HTTP/1.1[0m" 304 -
[2024-02-14 18:12:08,226] INFO in _internal: 127.0.0.1 - - [14/Feb/2024 18:12:08] "[36mGET /static/img/img-133.png HTTP/1.1[0m" 304 -
[2024-02-14 18:12:08,241] INFO in _internal: 127.0.0.1 - - [14/Feb/2024 18:12:08] "[36mGET /static/img/img-135.png HTTP/1.1[0m" 304 -
[2024-02-14 18:12:08,247] INFO in _internal: 127.0.0.1 - - [14/Feb/2024 18:12:08] "[36mGET /static/img/img-158.png HTTP/1.1[0m" 304 -
[2024-02-14 18:12:08,252] INFO in _internal: 127.0.0.1 - - [14/Feb/2024 18:12:08] "[36mGET /static/img/img-159.png HTTP/1.1[0m" 304 -
[2024-02-14 18:12:08,258] INFO in _internal: 127.0.0.1 - - [14/Feb/2024 18:12:08] "[36mGET /static/img/img-160.png HTTP/1.1[0m" 304 -
[2024-02-14 18:12:08,289] INFO in _internal: 127.0.0.1 - - [14/Feb/2024 18:12:08] "[36mGET /static/img/img-161.png HTTP/1.1[0m" 304 -
[2024-02-14 18:12:08,292] INFO in _internal: 127.0.0.1 - - [14/Feb/2024 18:12:08] "[36mGET /static/img/img-162.png HTTP/1.1[0m" 304 -
[2024-02-14 18:12:08,296] INFO in _internal: 127.0.0.1 - - [14/Feb/2024 18:12:08] "[36mGET /static/img/img-171.png HTTP/1.1[0m" 304 -
[2024-02-14 18:12:08,305] INFO in _internal: 127.0.0.1 - - [14/Feb/2024 18:12:08] "[36mGET /static/img/img-172.png HTTP/1.1[0m" 304 -
[2024-02-14 18:12:08,312] INFO in _internal: 127.0.0.1 - - [14/Feb/2024 18:12:08] "[36mGET /static/img/img-173.png HTTP/1.1[0m" 304 -
[2024-02-14 18:12:08,314] INFO in _internal: 127.0.0.1 - - [14/Feb/2024 18:12:08] "[36mGET /static/img/img-174.png HTTP/1.1[0m" 304 -
[2024-02-14 18:12:08,329] INFO in _internal: 127.0.0.1 - - [14/Feb/2024 18:12:08] "[36mGET /static/img/img-175.png HTTP/1.1[0m" 304 -
[2024-02-14 18:12:15,985] INFO in _internal: 127.0.0.1 - - [14/Feb/2024 18:12:15] "GET /news HTTP/1.1" 200 -
[2024-02-14 18:12:16,037] INFO in _internal: 127.0.0.1 - - [14/Feb/2024 18:12:16] "GET /static/img/news1.png HTTP/1.1" 200 -
[2024-02-14 18:12:16,038] INFO in _internal: 127.0.0.1 - - [14/Feb/2024 18:12:16] "GET /static/img/0.png HTTP/1.1" 200 -
[2024-02-14 18:12:16,041] INFO in _internal: 127.0.0.1 - - [14/Feb/2024 18:12:16] "GET /static/css/news.css HTTP/1.1" 200 -
[2024-02-14 18:12:16,102] INFO in _internal: 127.0.0.1 - - [14/Feb/2024 18:12:16] "GET /static/js/news.js HTTP/1.1" 200 -
[2024-02-14 18:12:16,103] INFO in _internal: 127.0.0.1 - - [14/Feb/2024 18:12:16] "GET /static/img/news3.png HTTP/1.1" 200 -
[2024-02-14 18:12:16,104] INFO in _internal: 127.0.0.1 - - [14/Feb/2024 18:12:16] "GET /static/img/news2.png HTTP/1.1" 200 -
[2024-02-14 18:12:16,133] INFO in _internal: 127.0.0.1 - - [14/Feb/2024 18:12:16] "GET /static/img/news4.png HTTP/1.1" 200 -
[2024-02-14 18:12:16,166] INFO in _internal: 127.0.0.1 - - [14/Feb/2024 18:12:16] "GET /static/img/news5.png HTTP/1.1" 200 -
[2024-02-14 18:12:16,178] INFO in _internal: 127.0.0.1 - - [14/Feb/2024 18:12:16] "GET /static/img/news6.png HTTP/1.1" 200 -
[2024-02-14 18:12:16,199] INFO in _internal: 127.0.0.1 - - [14/Feb/2024 18:12:16] "GET /static/img/donggu.png HTTP/1.1" 200 -
[2024-02-14 18:12:44,936] INFO in _internal: 127.0.0.1 - - [14/Feb/2024 18:12:44] "GET /news HTTP/1.1" 200 -
[2024-02-14 18:12:44,957] INFO in _internal: 127.0.0.1 - - [14/Feb/2024 18:12:44] "[36mGET /static/css/news.css HTTP/1.1[0m" 304 -
[2024-02-14 18:12:44,971] INFO in _internal: 127.0.0.1 - - [14/Feb/2024 18:12:44] "[36mGET /static/img/0.png HTTP/1.1[0m" 304 -
[2024-02-14 18:12:44,972] INFO in _internal: 127.0.0.1 - - [14/Feb/2024 18:12:44] "[36mGET /static/img/news1.png HTTP/1.1[0m" 304 -
[2024-02-14 18:12:44,975] INFO in _internal: 127.0.0.1 - - [14/Feb/2024 18:12:44] "[36mGET /static/img/news2.png HTTP/1.1[0m" 304 -
[2024-02-14 18:12:44,986] INFO in _internal: 127.0.0.1 - - [14/Feb/2024 18:12:44] "[36mGET /static/img/news3.png HTTP/1.1[0m" 304 -
[2024-02-14 18:12:44,997] INFO in _internal: 127.0.0.1 - - [14/Feb/2024 18:12:44] "[36mGET /static/js/news.js HTTP/1.1[0m" 304 -
[2024-02-14 18:12:44,999] INFO in _internal: 127.0.0.1 - - [14/Feb/2024 18:12:44] "[36mGET /static/img/news4.png HTTP/1.1[0m" 304 -
[2024-02-14 18:12:45,009] INFO in _internal: 127.0.0.1 - - [14/Feb/2024 18:12:45] "[36mGET /static/img/news5.png HTTP/1.1[0m" 304 -
[2024-02-14 18:12:45,021] INFO in _internal: 127.0.0.1 - - [14/Feb/2024 18:12:45] "[36mGET /static/img/news6.png HTTP/1.1[0m" 304 -
[2024-02-14 18:12:45,030] INFO in _internal: 127.0.0.1 - - [14/Feb/2024 18:12:45] "[36mGET /static/img/donggu.png HTTP/1.1[0m" 304 -
[2024-02-14 18:13:03,398] INFO in _internal: 127.0.0.1 - - [14/Feb/2024 18:13:03] "GET /news HTTP/1.1" 200 -
[2024-02-14 18:13:03,417] INFO in _internal: 127.0.0.1 - - [14/Feb/2024 18:13:03] "[36mGET /static/css/news.css HTTP/1.1[0m" 304 -
[2024-02-14 18:13:03,430] INFO in _internal: 127.0.0.1 - - [14/Feb/2024 18:13:03] "[36mGET /static/img/0.png HTTP/1.1[0m" 304 -
[2024-02-14 18:13:03,431] INFO in _internal: 127.0.0.1 - - [14/Feb/2024 18:13:03] "[36mGET /static/img/news1.png HTTP/1.1[0m" 304 -
[2024-02-14 18:13:03,432] INFO in _internal: 127.0.0.1 - - [14/Feb/2024 18:13:03] "[36mGET /static/img/news2.png HTTP/1.1[0m" 304 -
[2024-02-14 18:13:03,434] INFO in _internal: 127.0.0.1 - - [14/Feb/2024 18:13:03] "[36mGET /static/js/news.js HTTP/1.1[0m" 304 -
[2024-02-14 18:13:03,454] INFO in _internal: 127.0.0.1 - - [14/Feb/2024 18:13:03] "[36mGET /static/img/donggu.png HTTP/1.1[0m" 304 -
[2024-02-14 18:13:03,459] INFO in _internal: 127.0.0.1 - - [14/Feb/2024 18:13:03] "[36mGET /static/img/news4.png HTTP/1.1[0m" 304 -
[2024-02-14 18:13:03,461] INFO in _internal: 127.0.0.1 - - [14/Feb/2024 18:13:03] "[36mGET /static/img/news3.png HTTP/1.1[0m" 304 -
[2024-02-14 18:13:03,463] INFO in _internal: 127.0.0.1 - - [14/Feb/2024 18:13:03] "[36mGET /static/img/news5.png HTTP/1.1[0m" 304 -
[2024-02-14 18:13:03,468] INFO in _internal: 127.0.0.1 - - [14/Feb/2024 18:13:03] "[36mGET /static/img/news6.png HTTP/1.1[0m" 304 -
[2024-02-16 15:31:19,298] INFO in _internal: [31m[1mWARNING: This is a development server. Do not use it in a production deployment. Use a production WSGI server instead.[0m
 * Running on http://127.0.0.1:5000
[2024-02-16 15:31:19,300] INFO in _internal: [33mPress CTRL+C to quit[0m
[2024-02-16 15:31:19,329] INFO in _internal:  * Restarting with watchdog (windowsapi)
[2024-02-16 15:31:19,976] WARNING in _internal:  * Debugger is active!
[2024-02-16 15:31:19,985] INFO in _internal:  * Debugger PIN: 123-293-346
[2024-02-16 15:31:31,548] INFO in _internal: 127.0.0.1 - - [16/Feb/2024 15:31:31] "GET / HTTP/1.1" 200 -
[2024-02-16 15:31:32,010] INFO in _internal: 127.0.0.1 - - [16/Feb/2024 15:31:32] "GET /static/css/templatemo-style.css HTTP/1.1" 200 -
[2024-02-16 15:31:32,117] INFO in _internal: 127.0.0.1 - - [16/Feb/2024 15:31:32] "GET /static/css/index.css HTTP/1.1" 200 -
[2024-02-16 15:31:32,234] INFO in _internal: 127.0.0.1 - - [16/Feb/2024 15:31:32] "GET /static/img/logo.png HTTP/1.1" 200 -
[2024-02-16 15:31:32,348] INFO in _internal: 127.0.0.1 - - [16/Feb/2024 15:31:32] "GET /sensing_data HTTP/1.1" 200 -
[2024-02-16 15:31:32,381] INFO in _internal: 127.0.0.1 - - [16/Feb/2024 15:31:32] "[33mGET /favicon.ico HTTP/1.1[0m" 404 -
[2024-02-16 15:31:33,430] INFO in _internal: 127.0.0.1 - - [16/Feb/2024 15:31:33] "GET /escort HTTP/1.1" 200 -
[2024-02-16 15:31:33,461] INFO in _internal: 127.0.0.1 - - [16/Feb/2024 15:31:33] "[36mGET /static/img/logo.png HTTP/1.1[0m" 304 -
[2024-02-16 15:31:33,469] INFO in _internal: 127.0.0.1 - - [16/Feb/2024 15:31:33] "GET /static/css/escort.css HTTP/1.1" 200 -
[2024-02-16 15:31:33,470] INFO in _internal: 127.0.0.1 - - [16/Feb/2024 15:31:33] "GET /static/img/area.png HTTP/1.1" 200 -
[2024-02-16 15:31:33,496] INFO in _internal: 127.0.0.1 - - [16/Feb/2024 15:31:33] "GET /static/js/escort.js HTTP/1.1" 200 -
[2024-02-16 15:31:33,855] INFO in _internal: 127.0.0.1 - - [16/Feb/2024 15:31:33] "GET /static/img/1.jpg HTTP/1.1" 200 -
[2024-02-16 15:31:33,859] INFO in _internal: 127.0.0.1 - - [16/Feb/2024 15:31:33] "GET /static/img/3.jpg HTTP/1.1" 200 -
[2024-02-16 15:31:33,861] INFO in _internal: 127.0.0.1 - - [16/Feb/2024 15:31:33] "GET /static/img/4.jpg HTTP/1.1" 200 -
[2024-02-16 15:31:33,864] INFO in _internal: 127.0.0.1 - - [16/Feb/2024 15:31:33] "GET /static/img/19.jpg HTTP/1.1" 200 -
[2024-02-16 15:31:33,866] INFO in _internal: 127.0.0.1 - - [16/Feb/2024 15:31:33] "GET /static/img/2.jpg HTTP/1.1" 200 -
[2024-02-16 15:31:33,879] INFO in _internal: 127.0.0.1 - - [16/Feb/2024 15:31:33] "GET /static/img/21.jpg HTTP/1.1" 200 -
[2024-02-16 15:31:33,888] INFO in _internal: 127.0.0.1 - - [16/Feb/2024 15:31:33] "GET /static/img/20.jpg HTTP/1.1" 200 -
[2024-02-16 15:31:33,904] INFO in _internal: 127.0.0.1 - - [16/Feb/2024 15:31:33] "GET /static/img/22.jpg HTTP/1.1" 200 -
[2024-02-16 15:31:33,928] INFO in _internal: 127.0.0.1 - - [16/Feb/2024 15:31:33] "GET /static/img/23.jpg HTTP/1.1" 200 -
[2024-02-16 15:31:37,129] INFO in _internal: 127.0.0.1 - - [16/Feb/2024 15:31:37] "[36mGET /static/css/escort.css HTTP/1.1[0m" 304 -
[2024-02-16 15:47:38,536] INFO in _internal: 127.0.0.1 - - [16/Feb/2024 15:47:38] "GET /escort HTTP/1.1" 200 -
[2024-02-16 15:47:38,575] INFO in _internal: 127.0.0.1 - - [16/Feb/2024 15:47:38] "[36mGET /static/css/escort.css HTTP/1.1[0m" 304 -
[2024-02-16 15:47:38,582] INFO in _internal: 127.0.0.1 - - [16/Feb/2024 15:47:38] "[36mGET /static/img/logo.png HTTP/1.1[0m" 304 -
[2024-02-16 15:47:38,583] INFO in _internal: 127.0.0.1 - - [16/Feb/2024 15:47:38] "[36mGET /static/img/area.png HTTP/1.1[0m" 304 -
[2024-02-16 15:47:38,593] INFO in _internal: 127.0.0.1 - - [16/Feb/2024 15:47:38] "[36mGET /static/js/escort.js HTTP/1.1[0m" 304 -
[2024-02-16 15:47:38,799] INFO in _internal: 127.0.0.1 - - [16/Feb/2024 15:47:38] "[36mGET /static/img/1.jpg HTTP/1.1[0m" 304 -
[2024-02-16 15:47:38,802] INFO in _internal: 127.0.0.1 - - [16/Feb/2024 15:47:38] "[36mGET /static/img/2.jpg HTTP/1.1[0m" 304 -
[2024-02-16 15:47:38,807] INFO in _internal: 127.0.0.1 - - [16/Feb/2024 15:47:38] "[36mGET /static/img/3.jpg HTTP/1.1[0m" 304 -
[2024-02-16 15:47:38,808] INFO in _internal: 127.0.0.1 - - [16/Feb/2024 15:47:38] "[36mGET /static/img/4.jpg HTTP/1.1[0m" 304 -
[2024-02-16 15:47:38,823] INFO in _internal: 127.0.0.1 - - [16/Feb/2024 15:47:38] "[36mGET /static/img/19.jpg HTTP/1.1[0m" 304 -
[2024-02-16 15:47:38,832] INFO in _internal: 127.0.0.1 - - [16/Feb/2024 15:47:38] "[36mGET /static/img/20.jpg HTTP/1.1[0m" 304 -
[2024-02-16 15:47:38,834] INFO in _internal: 127.0.0.1 - - [16/Feb/2024 15:47:38] "[36mGET /static/img/21.jpg HTTP/1.1[0m" 304 -
[2024-02-16 15:47:38,834] INFO in _internal: 127.0.0.1 - - [16/Feb/2024 15:47:38] "[36mGET /static/img/22.jpg HTTP/1.1[0m" 304 -
[2024-02-16 15:47:38,835] INFO in _internal: 127.0.0.1 - - [16/Feb/2024 15:47:38] "[36mGET /static/img/23.jpg HTTP/1.1[0m" 304 -
[2024-02-16 15:47:40,496] INFO in _internal: 127.0.0.1 - - [16/Feb/2024 15:47:40] "GET /index2 HTTP/1.1" 200 -
[2024-02-16 15:47:40,536] INFO in _internal: 127.0.0.1 - - [16/Feb/2024 15:47:40] "[36mGET /static/css/templatemo-style.css HTTP/1.1[0m" 304 -
[2024-02-16 15:47:40,561] INFO in _internal: 127.0.0.1 - - [16/Feb/2024 15:47:40] "[36mGET /static/css/index.css HTTP/1.1[0m" 304 -
[2024-02-16 15:47:40,571] INFO in _internal: 127.0.0.1 - - [16/Feb/2024 15:47:40] "[36mGET /static/img/logo.png HTTP/1.1[0m" 304 -
[2024-02-16 15:47:40,769] INFO in _internal: 127.0.0.1 - - [16/Feb/2024 15:47:40] "GET /sensing_data2 HTTP/1.1" 200 -
[2024-02-16 15:47:50,387] INFO in _internal: 127.0.0.1 - - [16/Feb/2024 15:47:50] "GET /escort HTTP/1.1" 200 -
[2024-02-16 15:47:50,435] INFO in _internal: 127.0.0.1 - - [16/Feb/2024 15:47:50] "[36mGET /static/css/escort.css HTTP/1.1[0m" 304 -
[2024-02-16 15:47:50,439] INFO in _internal: 127.0.0.1 - - [16/Feb/2024 15:47:50] "[36mGET /static/img/logo.png HTTP/1.1[0m" 304 -
[2024-02-16 15:47:50,444] INFO in _internal: 127.0.0.1 - - [16/Feb/2024 15:47:50] "[36mGET /static/img/area.png HTTP/1.1[0m" 304 -
[2024-02-16 15:47:50,459] INFO in _internal: 127.0.0.1 - - [16/Feb/2024 15:47:50] "[36mGET /static/js/escort.js HTTP/1.1[0m" 304 -
[2024-02-16 15:47:50,502] INFO in _internal: 127.0.0.1 - - [16/Feb/2024 15:47:50] "[36mGET /static/img/1.jpg HTTP/1.1[0m" 304 -
[2024-02-16 15:47:50,540] INFO in _internal: 127.0.0.1 - - [16/Feb/2024 15:47:50] "[36mGET /static/img/2.jpg HTTP/1.1[0m" 304 -
[2024-02-16 15:47:50,543] INFO in _internal: 127.0.0.1 - - [16/Feb/2024 15:47:50] "[36mGET /static/img/3.jpg HTTP/1.1[0m" 304 -
[2024-02-16 15:47:50,548] INFO in _internal: 127.0.0.1 - - [16/Feb/2024 15:47:50] "[36mGET /static/img/4.jpg HTTP/1.1[0m" 304 -
[2024-02-16 15:47:50,562] INFO in _internal: 127.0.0.1 - - [16/Feb/2024 15:47:50] "[36mGET /static/img/19.jpg HTTP/1.1[0m" 304 -
[2024-02-16 15:47:50,564] INFO in _internal: 127.0.0.1 - - [16/Feb/2024 15:47:50] "[36mGET /static/img/21.jpg HTTP/1.1[0m" 304 -
[2024-02-16 15:47:50,568] INFO in _internal: 127.0.0.1 - - [16/Feb/2024 15:47:50] "[36mGET /static/img/20.jpg HTTP/1.1[0m" 304 -
[2024-02-16 15:47:50,582] INFO in _internal: 127.0.0.1 - - [16/Feb/2024 15:47:50] "[36mGET /static/img/22.jpg HTTP/1.1[0m" 304 -
[2024-02-16 15:47:50,585] INFO in _internal: 127.0.0.1 - - [16/Feb/2024 15:47:50] "[36mGET /static/img/23.jpg HTTP/1.1[0m" 304 -
[2024-02-16 15:47:51,516] INFO in _internal: 127.0.0.1 - - [16/Feb/2024 15:47:51] "GET /info HTTP/1.1" 200 -
[2024-02-16 15:47:51,555] INFO in _internal: 127.0.0.1 - - [16/Feb/2024 15:47:51] "[36mGET /static/img/logo.png HTTP/1.1[0m" 304 -
[2024-02-16 15:47:51,570] INFO in _internal: 127.0.0.1 - - [16/Feb/2024 15:47:51] "GET /static/css/info.css HTTP/1.1" 200 -
[2024-02-16 15:47:51,616] INFO in _internal: 127.0.0.1 - - [16/Feb/2024 15:47:51] "GET /static/js/info.js HTTP/1.1" 200 -
[2024-02-16 15:47:51,730] INFO in _internal: 127.0.0.1 - - [16/Feb/2024 15:47:51] "GET /static/img/img-2.png HTTP/1.1" 200 -
[2024-02-16 15:47:51,754] INFO in _internal: 127.0.0.1 - - [16/Feb/2024 15:47:51] "GET /static/img/img-4.png HTTP/1.1" 200 -
[2024-02-16 15:47:51,760] INFO in _internal: 127.0.0.1 - - [16/Feb/2024 15:47:51] "GET /static/img/img-5.png HTTP/1.1" 200 -
[2024-02-16 15:47:51,761] INFO in _internal: 127.0.0.1 - - [16/Feb/2024 15:47:51] "GET /static/img/img-1.png HTTP/1.1" 200 -
[2024-02-16 15:47:51,763] INFO in _internal: 127.0.0.1 - - [16/Feb/2024 15:47:51] "GET /static/img/img-3.png HTTP/1.1" 200 -
[2024-02-16 15:47:51,890] INFO in _internal: 127.0.0.1 - - [16/Feb/2024 15:47:51] "GET /static/img/img-47.png HTTP/1.1" 200 -
[2024-02-16 15:47:51,921] INFO in _internal: 127.0.0.1 - - [16/Feb/2024 15:47:51] "GET /static/img/img-46.png HTTP/1.1" 200 -
[2024-02-16 15:47:51,925] INFO in _internal: 127.0.0.1 - - [16/Feb/2024 15:47:51] "GET /static/img/img-45.png HTTP/1.1" 200 -
[2024-02-16 15:47:51,936] INFO in _internal: 127.0.0.1 - - [16/Feb/2024 15:47:51] "GET /static/img/img-48.png HTTP/1.1" 200 -
[2024-02-16 15:47:51,991] INFO in _internal: 127.0.0.1 - - [16/Feb/2024 15:47:51] "GET /static/img/img-49.png HTTP/1.1" 200 -
[2024-02-16 15:47:52,023] INFO in _internal: 127.0.0.1 - - [16/Feb/2024 15:47:52] "GET /static/img/img-88.png HTTP/1.1" 200 -
[2024-02-16 15:47:52,039] INFO in _internal: 127.0.0.1 - - [16/Feb/2024 15:47:52] "GET /static/img/img-89.png HTTP/1.1" 200 -
[2024-02-16 15:47:52,068] INFO in _internal: 127.0.0.1 - - [16/Feb/2024 15:47:52] "GET /static/img/img-90.png HTTP/1.1" 200 -
[2024-02-16 15:47:52,083] INFO in _internal: 127.0.0.1 - - [16/Feb/2024 15:47:52] "GET /static/img/img-91.png HTTP/1.1" 200 -
[2024-02-16 15:47:52,156] INFO in _internal: 127.0.0.1 - - [16/Feb/2024 15:47:52] "GET /static/img/img-92.png HTTP/1.1" 200 -
[2024-02-16 15:47:52,185] INFO in _internal: 127.0.0.1 - - [16/Feb/2024 15:47:52] "GET / HTTP/1.1" 200 -
[2024-02-16 15:47:52,279] INFO in _internal: 127.0.0.1 - - [16/Feb/2024 15:47:52] "GET /static/img/img-131.png HTTP/1.1" 200 -
[2024-02-16 15:47:52,288] INFO in _internal: 127.0.0.1 - - [16/Feb/2024 15:47:52] "[36mGET /static/css/index.css HTTP/1.1[0m" 304 -
[2024-02-16 15:47:52,289] INFO in _internal: 127.0.0.1 - - [16/Feb/2024 15:47:52] "[36mGET /static/css/templatemo-style.css HTTP/1.1[0m" 304 -
[2024-02-16 15:47:52,307] INFO in _internal: 127.0.0.1 - - [16/Feb/2024 15:47:52] "GET /static/img/img-132.png HTTP/1.1" 200 -
[2024-02-16 15:47:52,313] INFO in _internal: 127.0.0.1 - - [16/Feb/2024 15:47:52] "[36mGET /static/img/logo.png HTTP/1.1[0m" 304 -
[2024-02-16 15:47:52,352] INFO in _internal: 127.0.0.1 - - [16/Feb/2024 15:47:52] "GET /static/img/img-133.png HTTP/1.1" 200 -
[2024-02-16 15:47:52,358] INFO in _internal: 127.0.0.1 - - [16/Feb/2024 15:47:52] "GET /static/img/img-134.png HTTP/1.1" 200 -
[2024-02-16 15:47:52,385] INFO in _internal: 127.0.0.1 - - [16/Feb/2024 15:47:52] "GET /static/img/img-158.png HTTP/1.1" 200 -
[2024-02-16 15:47:52,448] INFO in _internal: 127.0.0.1 - - [16/Feb/2024 15:47:52] "GET /static/img/img-159.png HTTP/1.1" 200 -
[2024-02-16 15:47:52,468] INFO in _internal: 127.0.0.1 - - [16/Feb/2024 15:47:52] "GET /static/img/img-135.png HTTP/1.1" 200 -
[2024-02-16 15:47:52,646] INFO in _internal: 127.0.0.1 - - [16/Feb/2024 15:47:52] "GET /sensing_data HTTP/1.1" 200 -
[2024-02-16 15:57:25,151] INFO in _internal:  * Detected change in 'C:\\Users\\USER\\Desktop\\ssm_web\\app\\static\\img\\ALZ5595.tmp', reloading
[2024-02-16 15:57:25,329] INFO in _internal:  * Restarting with watchdog (windowsapi)
[2024-02-16 15:57:27,073] WARNING in _internal:  * Debugger is active!
[2024-02-16 15:57:27,084] INFO in _internal:  * Debugger PIN: 123-293-346
[2024-02-16 15:57:28,475] INFO in _internal: 127.0.0.1 - - [16/Feb/2024 15:57:28] "GET /sensing_data HTTP/1.1" 200 -
[2024-02-16 17:53:02,173] INFO in _internal: 127.0.0.1 - - [16/Feb/2024 17:53:02] "GET / HTTP/1.1" 200 -
[2024-02-16 17:53:03,115] INFO in _internal: 127.0.0.1 - - [16/Feb/2024 17:53:03] "[36mGET /static/css/index.css HTTP/1.1[0m" 304 -
[2024-02-16 17:53:03,130] INFO in _internal: 127.0.0.1 - - [16/Feb/2024 17:53:03] "[36mGET /static/css/templatemo-style.css HTTP/1.1[0m" 304 -
[2024-02-16 17:53:03,282] INFO in _internal: 127.0.0.1 - - [16/Feb/2024 17:53:03] "[36mGET /static/img/logo.png HTTP/1.1[0m" 304 -
[2024-02-16 17:53:03,293] INFO in _internal: 127.0.0.1 - - [16/Feb/2024 17:53:03] "GET /sensing_data HTTP/1.1" 200 -
[2024-02-16 17:53:03,368] INFO in _internal: 127.0.0.1 - - [16/Feb/2024 17:53:03] "GET /escortv2 HTTP/1.1" 200 -
[2024-02-16 17:53:03,423] INFO in _internal: 127.0.0.1 - - [16/Feb/2024 17:53:03] "[36mGET /static/img/logo.png HTTP/1.1[0m" 304 -
[2024-02-16 17:53:03,424] INFO in _internal: 127.0.0.1 - - [16/Feb/2024 17:53:03] "[36mGET /static/img/area.png HTTP/1.1[0m" 304 -
[2024-02-16 17:53:03,428] INFO in _internal: 127.0.0.1 - - [16/Feb/2024 17:53:03] "[36mGET /static/css/escortv2.css HTTP/1.1[0m" 304 -
[2024-02-16 17:53:03,435] INFO in _internal: 127.0.0.1 - - [16/Feb/2024 17:53:03] "GET /static/js/escortv2.js HTTP/1.1" 200 -
[2024-02-16 17:53:03,474] INFO in _internal: 127.0.0.1 - - [16/Feb/2024 17:53:03] "[36mGET /static/img/3.jpg HTTP/1.1[0m" 304 -
[2024-02-16 17:53:03,475] INFO in _internal: 127.0.0.1 - - [16/Feb/2024 17:53:03] "[36mGET /static/img/2.jpg HTTP/1.1[0m" 304 -
[2024-02-16 17:53:03,476] INFO in _internal: 127.0.0.1 - - [16/Feb/2024 17:53:03] "[36mGET /static/img/1.jpg HTTP/1.1[0m" 304 -
[2024-02-16 17:53:03,489] INFO in _internal: 127.0.0.1 - - [16/Feb/2024 17:53:03] "[36mGET /static/img/4.jpg HTTP/1.1[0m" 304 -
[2024-02-16 17:53:03,492] INFO in _internal: 127.0.0.1 - - [16/Feb/2024 17:53:03] "[36mGET /static/img/19.jpg HTTP/1.1[0m" 304 -
[2024-02-16 17:53:03,502] INFO in _internal: 127.0.0.1 - - [16/Feb/2024 17:53:03] "[36mGET /static/img/20.jpg HTTP/1.1[0m" 304 -
[2024-02-16 17:53:03,524] INFO in _internal: 127.0.0.1 - - [16/Feb/2024 17:53:03] "[36mGET /static/img/21.jpg HTTP/1.1[0m" 304 -
[2024-02-16 17:53:03,525] INFO in _internal: 127.0.0.1 - - [16/Feb/2024 17:53:03] "[36mGET /static/img/22.jpg HTTP/1.1[0m" 304 -
[2024-02-16 17:53:03,526] INFO in _internal: 127.0.0.1 - - [16/Feb/2024 17:53:03] "[36mGET /static/img/23.jpg HTTP/1.1[0m" 304 -
[2024-02-16 17:53:05,245] INFO in _internal: 127.0.0.1 - - [16/Feb/2024 17:53:05] "GET /test HTTP/1.1" 200 -
[2024-02-16 17:53:05,281] INFO in _internal: 127.0.0.1 - - [16/Feb/2024 17:53:05] "[36mGET /static/img/1.jpg HTTP/1.1[0m" 304 -
[2024-02-16 17:53:05,302] INFO in _internal: 127.0.0.1 - - [16/Feb/2024 17:53:05] "[36mGET /static/img/2.jpg HTTP/1.1[0m" 304 -
[2024-02-16 17:53:05,320] INFO in _internal: 127.0.0.1 - - [16/Feb/2024 17:53:05] "[36mGET /static/img/3.jpg HTTP/1.1[0m" 304 -
[2024-02-16 17:53:05,327] INFO in _internal: 127.0.0.1 - - [16/Feb/2024 17:53:05] "[36mGET /static/img/4.jpg HTTP/1.1[0m" 304 -
[2024-02-16 17:53:05,335] INFO in _internal: 127.0.0.1 - - [16/Feb/2024 17:53:05] "[36mGET /static/img/19.jpg HTTP/1.1[0m" 304 -
[2024-02-16 17:53:05,342] INFO in _internal: 127.0.0.1 - - [16/Feb/2024 17:53:05] "[36mGET /static/img/20.jpg HTTP/1.1[0m" 304 -
[2024-02-16 17:53:05,356] INFO in _internal: 127.0.0.1 - - [16/Feb/2024 17:53:05] "[36mGET /static/img/21.jpg HTTP/1.1[0m" 304 -
[2024-02-16 17:53:05,375] INFO in _internal: 127.0.0.1 - - [16/Feb/2024 17:53:05] "[36mGET /static/img/22.jpg HTTP/1.1[0m" 304 -
[2024-02-16 17:53:05,395] INFO in _internal: 127.0.0.1 - - [16/Feb/2024 17:53:05] "GET /static/js/test.js HTTP/1.1" 200 -
[2024-02-16 17:53:05,422] INFO in _internal: 127.0.0.1 - - [16/Feb/2024 17:53:05] "[33mGET /favicon.ico HTTP/1.1[0m" 404 -
[2024-02-16 17:58:21,167] INFO in _internal: 127.0.0.1 - - [16/Feb/2024 17:58:21] "GET /test HTTP/1.1" 200 -
[2024-02-16 17:58:21,187] INFO in _internal: 127.0.0.1 - - [16/Feb/2024 17:58:21] "[36mGET /static/img/1.jpg HTTP/1.1[0m" 304 -
[2024-02-16 17:58:21,199] INFO in _internal: 127.0.0.1 - - [16/Feb/2024 17:58:21] "[36mGET /static/img/2.jpg HTTP/1.1[0m" 304 -
[2024-02-16 17:58:21,207] INFO in _internal: 127.0.0.1 - - [16/Feb/2024 17:58:21] "[36mGET /static/img/3.jpg HTTP/1.1[0m" 304 -
[2024-02-16 17:58:21,229] INFO in _internal: 127.0.0.1 - - [16/Feb/2024 17:58:21] "[36mGET /static/img/19.jpg HTTP/1.1[0m" 304 -
[2024-02-16 17:58:21,230] INFO in _internal: 127.0.0.1 - - [16/Feb/2024 17:58:21] "[36mGET /static/img/4.jpg HTTP/1.1[0m" 304 -
[2024-02-16 17:58:21,234] INFO in _internal: 127.0.0.1 - - [16/Feb/2024 17:58:21] "[36mGET /static/img/20.jpg HTTP/1.1[0m" 304 -
[2024-02-16 17:58:21,251] INFO in _internal: 127.0.0.1 - - [16/Feb/2024 17:58:21] "[36mGET /static/img/21.jpg HTTP/1.1[0m" 304 -
[2024-02-16 17:58:21,251] INFO in _internal: 127.0.0.1 - - [16/Feb/2024 17:58:21] "[36mGET /static/img/22.jpg HTTP/1.1[0m" 304 -
[2024-02-16 17:58:21,264] INFO in _internal: 127.0.0.1 - - [16/Feb/2024 17:58:21] "GET /static/js/test.js HTTP/1.1" 200 -
[2024-02-16 17:58:28,652] INFO in _internal: 127.0.0.1 - - [16/Feb/2024 17:58:28] "[35m[1mGET /static/1.wav HTTP/1.1[0m" 206 -
[2024-02-16 17:58:28,704] INFO in _internal: 127.0.0.1 - - [16/Feb/2024 17:58:28] "[33mGET /favicon.ico HTTP/1.1[0m" 404 -
[2024-02-16 17:59:16,946] INFO in _internal: 127.0.0.1 - - [16/Feb/2024 17:59:16] "GET /escortv2 HTTP/1.1" 200 -
[2024-02-16 17:59:16,965] INFO in _internal: 127.0.0.1 - - [16/Feb/2024 17:59:16] "[36mGET /static/css/escortv2.css HTTP/1.1[0m" 304 -
[2024-02-16 17:59:16,974] INFO in _internal: 127.0.0.1 - - [16/Feb/2024 17:59:16] "[36mGET /static/img/logo.png HTTP/1.1[0m" 304 -
[2024-02-16 17:59:16,975] INFO in _internal: 127.0.0.1 - - [16/Feb/2024 17:59:16] "[36mGET /static/img/area.png HTTP/1.1[0m" 304 -
[2024-02-16 17:59:16,988] INFO in _internal: 127.0.0.1 - - [16/Feb/2024 17:59:16] "[36mGET /static/js/escortv2.js HTTP/1.1[0m" 304 -
[2024-02-16 17:59:17,159] INFO in _internal: 127.0.0.1 - - [16/Feb/2024 17:59:17] "[36mGET /static/img/1.jpg HTTP/1.1[0m" 304 -
[2024-02-16 17:59:17,160] INFO in _internal: 127.0.0.1 - - [16/Feb/2024 17:59:17] "[36mGET /static/img/2.jpg HTTP/1.1[0m" 304 -
[2024-02-16 17:59:17,162] INFO in _internal: 127.0.0.1 - - [16/Feb/2024 17:59:17] "[36mGET /static/img/3.jpg HTTP/1.1[0m" 304 -
[2024-02-16 17:59:17,179] INFO in _internal: 127.0.0.1 - - [16/Feb/2024 17:59:17] "[36mGET /static/img/4.jpg HTTP/1.1[0m" 304 -
[2024-02-16 17:59:17,180] INFO in _internal: 127.0.0.1 - - [16/Feb/2024 17:59:17] "[36mGET /static/img/19.jpg HTTP/1.1[0m" 304 -
[2024-02-16 17:59:17,189] INFO in _internal: 127.0.0.1 - - [16/Feb/2024 17:59:17] "[36mGET /static/img/20.jpg HTTP/1.1[0m" 304 -
[2024-02-16 17:59:17,210] INFO in _internal: 127.0.0.1 - - [16/Feb/2024 17:59:17] "[36mGET /static/img/21.jpg HTTP/1.1[0m" 304 -
[2024-02-16 17:59:17,212] INFO in _internal: 127.0.0.1 - - [16/Feb/2024 17:59:17] "[36mGET /static/img/22.jpg HTTP/1.1[0m" 304 -
[2024-02-16 17:59:17,214] INFO in _internal: 127.0.0.1 - - [16/Feb/2024 17:59:17] "[36mGET /static/img/23.jpg HTTP/1.1[0m" 304 -
[2024-02-16 18:03:05,416] INFO in _internal: 127.0.0.1 - - [16/Feb/2024 18:03:05] "GET /escortv2 HTTP/1.1" 200 -
[2024-02-16 18:03:05,441] INFO in _internal: 127.0.0.1 - - [16/Feb/2024 18:03:05] "[36mGET /static/css/escortv2.css HTTP/1.1[0m" 304 -
[2024-02-16 18:03:05,445] INFO in _internal: 127.0.0.1 - - [16/Feb/2024 18:03:05] "[36mGET /static/img/area.png HTTP/1.1[0m" 304 -
[2024-02-16 18:03:05,446] INFO in _internal: 127.0.0.1 - - [16/Feb/2024 18:03:05] "[36mGET /static/img/logo.png HTTP/1.1[0m" 304 -
[2024-02-16 18:03:05,481] INFO in _internal: 127.0.0.1 - - [16/Feb/2024 18:03:05] "GET /static/js/escortv2.js HTTP/1.1" 200 -
[2024-02-16 18:03:05,506] INFO in _internal: 127.0.0.1 - - [16/Feb/2024 18:03:05] "[36mGET /static/img/1.jpg HTTP/1.1[0m" 304 -
[2024-02-16 18:03:05,520] INFO in _internal: 127.0.0.1 - - [16/Feb/2024 18:03:05] "[36mGET /static/img/2.jpg HTTP/1.1[0m" 304 -
[2024-02-16 18:03:05,525] INFO in _internal: 127.0.0.1 - - [16/Feb/2024 18:03:05] "[36mGET /static/img/3.jpg HTTP/1.1[0m" 304 -
[2024-02-16 18:03:05,532] INFO in _internal: 127.0.0.1 - - [16/Feb/2024 18:03:05] "[36mGET /static/img/4.jpg HTTP/1.1[0m" 304 -
[2024-02-16 18:03:05,545] INFO in _internal: 127.0.0.1 - - [16/Feb/2024 18:03:05] "[36mGET /static/img/19.jpg HTTP/1.1[0m" 304 -
[2024-02-16 18:03:05,547] INFO in _internal: 127.0.0.1 - - [16/Feb/2024 18:03:05] "[36mGET /static/img/20.jpg HTTP/1.1[0m" 304 -
[2024-02-16 18:03:05,548] INFO in _internal: 127.0.0.1 - - [16/Feb/2024 18:03:05] "[36mGET /static/img/21.jpg HTTP/1.1[0m" 304 -
[2024-02-16 18:03:05,553] INFO in _internal: 127.0.0.1 - - [16/Feb/2024 18:03:05] "[36mGET /static/img/22.jpg HTTP/1.1[0m" 304 -
[2024-02-16 18:03:05,554] INFO in _internal: 127.0.0.1 - - [16/Feb/2024 18:03:05] "[36mGET /static/img/23.jpg HTTP/1.1[0m" 304 -
[2024-02-16 18:03:14,734] INFO in _internal: 127.0.0.1 - - [16/Feb/2024 18:03:14] "GET /escortv2 HTTP/1.1" 200 -
[2024-02-16 18:03:14,755] INFO in _internal: 127.0.0.1 - - [16/Feb/2024 18:03:14] "[36mGET /static/css/escortv2.css HTTP/1.1[0m" 304 -
[2024-02-16 18:03:14,757] INFO in _internal: 127.0.0.1 - - [16/Feb/2024 18:03:14] "[36mGET /static/img/logo.png HTTP/1.1[0m" 304 -
[2024-02-16 18:03:14,759] INFO in _internal: 127.0.0.1 - - [16/Feb/2024 18:03:14] "[36mGET /static/img/area.png HTTP/1.1[0m" 304 -
[2024-02-16 18:03:14,769] INFO in _internal: 127.0.0.1 - - [16/Feb/2024 18:03:14] "[36mGET /static/js/escortv2.js HTTP/1.1[0m" 304 -
[2024-02-16 18:03:14,807] INFO in _internal: 127.0.0.1 - - [16/Feb/2024 18:03:14] "[36mGET /static/img/1.jpg HTTP/1.1[0m" 304 -
[2024-02-16 18:03:14,809] INFO in _internal: 127.0.0.1 - - [16/Feb/2024 18:03:14] "[36mGET /static/img/2.jpg HTTP/1.1[0m" 304 -
[2024-02-16 18:03:14,810] INFO in _internal: 127.0.0.1 - - [16/Feb/2024 18:03:14] "[36mGET /static/img/3.jpg HTTP/1.1[0m" 304 -
[2024-02-16 18:03:14,813] INFO in _internal: 127.0.0.1 - - [16/Feb/2024 18:03:14] "[36mGET /static/img/4.jpg HTTP/1.1[0m" 304 -
[2024-02-16 18:03:14,814] INFO in _internal: 127.0.0.1 - - [16/Feb/2024 18:03:14] "[36mGET /static/img/19.jpg HTTP/1.1[0m" 304 -
[2024-02-16 18:03:14,820] INFO in _internal: 127.0.0.1 - - [16/Feb/2024 18:03:14] "[36mGET /static/img/20.jpg HTTP/1.1[0m" 304 -
[2024-02-16 18:03:14,827] INFO in _internal: 127.0.0.1 - - [16/Feb/2024 18:03:14] "[36mGET /static/img/21.jpg HTTP/1.1[0m" 304 -
[2024-02-16 18:03:14,832] INFO in _internal: 127.0.0.1 - - [16/Feb/2024 18:03:14] "[36mGET /static/img/22.jpg HTTP/1.1[0m" 304 -
[2024-02-16 18:03:14,836] INFO in _internal: 127.0.0.1 - - [16/Feb/2024 18:03:14] "[36mGET /static/img/23.jpg HTTP/1.1[0m" 304 -
[2024-02-16 18:03:48,574] INFO in _internal: 127.0.0.1 - - [16/Feb/2024 18:03:48] "GET /escortv2 HTTP/1.1" 200 -
[2024-02-16 18:03:48,601] INFO in _internal: 127.0.0.1 - - [16/Feb/2024 18:03:48] "[36mGET /static/css/escortv2.css HTTP/1.1[0m" 304 -
[2024-02-16 18:03:48,604] INFO in _internal: 127.0.0.1 - - [16/Feb/2024 18:03:48] "[36mGET /static/img/area.png HTTP/1.1[0m" 304 -
[2024-02-16 18:03:48,605] INFO in _internal: 127.0.0.1 - - [16/Feb/2024 18:03:48] "[36mGET /static/img/logo.png HTTP/1.1[0m" 304 -
[2024-02-16 18:03:48,637] INFO in _internal: 127.0.0.1 - - [16/Feb/2024 18:03:48] "GET /static/js/escortv2.js HTTP/1.1" 200 -
[2024-02-16 18:03:48,664] INFO in _internal: 127.0.0.1 - - [16/Feb/2024 18:03:48] "[36mGET /static/img/1.jpg HTTP/1.1[0m" 304 -
[2024-02-16 18:03:48,667] INFO in _internal: 127.0.0.1 - - [16/Feb/2024 18:03:48] "[36mGET /static/img/3.jpg HTTP/1.1[0m" 304 -
[2024-02-16 18:03:48,669] INFO in _internal: 127.0.0.1 - - [16/Feb/2024 18:03:48] "[36mGET /static/img/2.jpg HTTP/1.1[0m" 304 -
[2024-02-16 18:03:48,671] INFO in _internal: 127.0.0.1 - - [16/Feb/2024 18:03:48] "[36mGET /static/img/4.jpg HTTP/1.1[0m" 304 -
[2024-02-16 18:03:48,680] INFO in _internal: 127.0.0.1 - - [16/Feb/2024 18:03:48] "[36mGET /static/img/20.jpg HTTP/1.1[0m" 304 -
[2024-02-16 18:03:48,681] INFO in _internal: 127.0.0.1 - - [16/Feb/2024 18:03:48] "[36mGET /static/img/19.jpg HTTP/1.1[0m" 304 -
[2024-02-16 18:03:48,681] INFO in _internal: 127.0.0.1 - - [16/Feb/2024 18:03:48] "[36mGET /static/img/21.jpg HTTP/1.1[0m" 304 -
[2024-02-16 18:03:48,705] INFO in _internal: 127.0.0.1 - - [16/Feb/2024 18:03:48] "[36mGET /static/img/22.jpg HTTP/1.1[0m" 304 -
[2024-02-16 18:03:48,706] INFO in _internal: 127.0.0.1 - - [16/Feb/2024 18:03:48] "[36mGET /static/img/23.jpg HTTP/1.1[0m" 304 -
[2024-02-16 18:03:51,545] INFO in _internal: 127.0.0.1 - - [16/Feb/2024 18:03:51] "[36mGET /static/css/escortv2.css HTTP/1.1[0m" 304 -
[2024-02-16 18:05:40,858] INFO in _internal: 127.0.0.1 - - [16/Feb/2024 18:05:40] "GET /escortv2 HTTP/1.1" 200 -
[2024-02-16 18:05:40,889] INFO in _internal: 127.0.0.1 - - [16/Feb/2024 18:05:40] "[36mGET /static/css/escortv2.css HTTP/1.1[0m" 304 -
[2024-02-16 18:05:40,891] INFO in _internal: 127.0.0.1 - - [16/Feb/2024 18:05:40] "[36mGET /static/img/logo.png HTTP/1.1[0m" 304 -
[2024-02-16 18:05:40,892] INFO in _internal: 127.0.0.1 - - [16/Feb/2024 18:05:40] "[36mGET /static/img/area.png HTTP/1.1[0m" 304 -
[2024-02-16 18:05:40,907] INFO in _internal: 127.0.0.1 - - [16/Feb/2024 18:05:40] "[36mGET /static/js/escortv2.js HTTP/1.1[0m" 304 -
[2024-02-16 18:05:41,036] INFO in _internal: 127.0.0.1 - - [16/Feb/2024 18:05:41] "[36mGET /static/img/1.jpg HTTP/1.1[0m" 304 -
[2024-02-16 18:05:41,038] INFO in _internal: 127.0.0.1 - - [16/Feb/2024 18:05:41] "[36mGET /static/img/2.jpg HTTP/1.1[0m" 304 -
[2024-02-16 18:05:41,040] INFO in _internal: 127.0.0.1 - - [16/Feb/2024 18:05:41] "[36mGET /static/img/3.jpg HTTP/1.1[0m" 304 -
[2024-02-16 18:05:41,040] INFO in _internal: 127.0.0.1 - - [16/Feb/2024 18:05:41] "[36mGET /static/img/4.jpg HTTP/1.1[0m" 304 -
[2024-02-16 18:05:41,068] INFO in _internal: 127.0.0.1 - - [16/Feb/2024 18:05:41] "[36mGET /static/img/19.jpg HTTP/1.1[0m" 304 -
[2024-02-16 18:05:41,073] INFO in _internal: 127.0.0.1 - - [16/Feb/2024 18:05:41] "[36mGET /static/img/20.jpg HTTP/1.1[0m" 304 -
[2024-02-16 18:05:41,075] INFO in _internal: 127.0.0.1 - - [16/Feb/2024 18:05:41] "[36mGET /static/img/21.jpg HTTP/1.1[0m" 304 -
[2024-02-16 18:05:41,084] INFO in _internal: 127.0.0.1 - - [16/Feb/2024 18:05:41] "[36mGET /static/img/22.jpg HTTP/1.1[0m" 304 -
[2024-02-16 18:05:41,109] INFO in _internal: 127.0.0.1 - - [16/Feb/2024 18:05:41] "[36mGET /static/img/23.jpg HTTP/1.1[0m" 304 -
[2024-02-16 18:08:25,011] INFO in _internal: 127.0.0.1 - - [16/Feb/2024 18:08:25] "GET /escortv2 HTTP/1.1" 200 -
[2024-02-16 18:08:25,044] INFO in _internal: 127.0.0.1 - - [16/Feb/2024 18:08:25] "[36mGET /static/css/escortv2.css HTTP/1.1[0m" 304 -
[2024-02-16 18:08:25,048] INFO in _internal: 127.0.0.1 - - [16/Feb/2024 18:08:25] "[36mGET /static/img/logo.png HTTP/1.1[0m" 304 -
[2024-02-16 18:08:25,049] INFO in _internal: 127.0.0.1 - - [16/Feb/2024 18:08:25] "[36mGET /static/img/area.png HTTP/1.1[0m" 304 -
[2024-02-16 18:08:25,110] INFO in _internal: 127.0.0.1 - - [16/Feb/2024 18:08:25] "GET /static/js/escortv2.js HTTP/1.1" 200 -
[2024-02-16 18:08:25,141] INFO in _internal: 127.0.0.1 - - [16/Feb/2024 18:08:25] "[36mGET /static/img/1.jpg HTTP/1.1[0m" 304 -
[2024-02-16 18:08:25,148] INFO in _internal: 127.0.0.1 - - [16/Feb/2024 18:08:25] "[36mGET /static/img/2.jpg HTTP/1.1[0m" 304 -
[2024-02-16 18:08:25,175] INFO in _internal: 127.0.0.1 - - [16/Feb/2024 18:08:25] "[36mGET /static/img/3.jpg HTTP/1.1[0m" 304 -
[2024-02-16 18:08:25,176] INFO in _internal: 127.0.0.1 - - [16/Feb/2024 18:08:25] "[36mGET /static/img/4.jpg HTTP/1.1[0m" 304 -
[2024-02-16 18:08:25,188] INFO in _internal: 127.0.0.1 - - [16/Feb/2024 18:08:25] "[36mGET /static/img/19.jpg HTTP/1.1[0m" 304 -
[2024-02-16 18:08:25,190] INFO in _internal: 127.0.0.1 - - [16/Feb/2024 18:08:25] "[36mGET /static/img/20.jpg HTTP/1.1[0m" 304 -
[2024-02-16 18:08:25,205] INFO in _internal: 127.0.0.1 - - [16/Feb/2024 18:08:25] "[36mGET /static/img/21.jpg HTTP/1.1[0m" 304 -
[2024-02-16 18:08:25,207] INFO in _internal: 127.0.0.1 - - [16/Feb/2024 18:08:25] "[36mGET /static/img/22.jpg HTTP/1.1[0m" 304 -
[2024-02-16 18:08:25,210] INFO in _internal: 127.0.0.1 - - [16/Feb/2024 18:08:25] "[36mGET /static/img/23.jpg HTTP/1.1[0m" 304 -
[2024-02-16 18:08:25,850] INFO in _internal: 127.0.0.1 - - [16/Feb/2024 18:08:25] "[35m[1mGET /static/1.wav HTTP/1.1[0m" 206 -
[2024-02-16 18:08:25,910] INFO in _internal: 127.0.0.1 - - [16/Feb/2024 18:08:25] "[33mGET /favicon.ico HTTP/1.1[0m" 404 -
[2024-02-16 18:09:11,191] INFO in _internal: 127.0.0.1 - - [16/Feb/2024 18:09:11] "GET /escortv2 HTTP/1.1" 200 -
[2024-02-16 18:09:11,217] INFO in _internal: 127.0.0.1 - - [16/Feb/2024 18:09:11] "[36mGET /static/css/escortv2.css HTTP/1.1[0m" 304 -
[2024-02-16 18:09:11,218] INFO in _internal: 127.0.0.1 - - [16/Feb/2024 18:09:11] "[36mGET /static/img/logo.png HTTP/1.1[0m" 304 -
[2024-02-16 18:09:11,220] INFO in _internal: 127.0.0.1 - - [16/Feb/2024 18:09:11] "[36mGET /static/img/area.png HTTP/1.1[0m" 304 -
[2024-02-16 18:09:11,257] INFO in _internal: 127.0.0.1 - - [16/Feb/2024 18:09:11] "GET /static/js/escortv2.js HTTP/1.1" 200 -
[2024-02-16 18:09:11,294] INFO in _internal: 127.0.0.1 - - [16/Feb/2024 18:09:11] "[36mGET /static/img/1.jpg HTTP/1.1[0m" 304 -
[2024-02-16 18:09:11,314] INFO in _internal: 127.0.0.1 - - [16/Feb/2024 18:09:11] "[36mGET /static/img/2.jpg HTTP/1.1[0m" 304 -
[2024-02-16 18:09:11,318] INFO in _internal: 127.0.0.1 - - [16/Feb/2024 18:09:11] "[36mGET /static/img/3.jpg HTTP/1.1[0m" 304 -
[2024-02-16 18:09:11,321] INFO in _internal: 127.0.0.1 - - [16/Feb/2024 18:09:11] "[36mGET /static/img/4.jpg HTTP/1.1[0m" 304 -
[2024-02-16 18:09:11,330] INFO in _internal: 127.0.0.1 - - [16/Feb/2024 18:09:11] "[36mGET /static/img/19.jpg HTTP/1.1[0m" 304 -
[2024-02-16 18:09:11,346] INFO in _internal: 127.0.0.1 - - [16/Feb/2024 18:09:11] "[36mGET /static/img/20.jpg HTTP/1.1[0m" 304 -
[2024-02-16 18:09:11,349] INFO in _internal: 127.0.0.1 - - [16/Feb/2024 18:09:11] "[36mGET /static/img/21.jpg HTTP/1.1[0m" 304 -
[2024-02-16 18:09:11,354] INFO in _internal: 127.0.0.1 - - [16/Feb/2024 18:09:11] "[36mGET /static/img/22.jpg HTTP/1.1[0m" 304 -
[2024-02-16 18:09:11,355] INFO in _internal: 127.0.0.1 - - [16/Feb/2024 18:09:11] "[36mGET /static/img/23.jpg HTTP/1.1[0m" 304 -
[2024-02-16 18:09:12,540] INFO in _internal: 127.0.0.1 - - [16/Feb/2024 18:09:12] "[33mGET /favicon.ico HTTP/1.1[0m" 404 -
[2024-02-16 18:14:48,150] INFO in _internal: 127.0.0.1 - - [16/Feb/2024 18:14:48] "GET /escortv2 HTTP/1.1" 200 -
[2024-02-16 18:14:48,184] INFO in _internal: 127.0.0.1 - - [16/Feb/2024 18:14:48] "[36mGET /static/css/escortv2.css HTTP/1.1[0m" 304 -
[2024-02-16 18:14:48,186] INFO in _internal: 127.0.0.1 - - [16/Feb/2024 18:14:48] "[36mGET /static/img/logo.png HTTP/1.1[0m" 304 -
[2024-02-16 18:14:48,190] INFO in _internal: 127.0.0.1 - - [16/Feb/2024 18:14:48] "[36mGET /static/img/area.png HTTP/1.1[0m" 304 -
[2024-02-16 18:14:48,228] INFO in _internal: 127.0.0.1 - - [16/Feb/2024 18:14:48] "GET /static/js/escortv2.js HTTP/1.1" 200 -
[2024-02-16 18:14:48,297] INFO in _internal: 127.0.0.1 - - [16/Feb/2024 18:14:48] "[36mGET /static/img/1.jpg HTTP/1.1[0m" 304 -
[2024-02-16 18:14:48,312] INFO in _internal: 127.0.0.1 - - [16/Feb/2024 18:14:48] "[36mGET /static/img/2.jpg HTTP/1.1[0m" 304 -
[2024-02-16 18:14:48,321] INFO in _internal: 127.0.0.1 - - [16/Feb/2024 18:14:48] "[36mGET /static/img/3.jpg HTTP/1.1[0m" 304 -
[2024-02-16 18:14:48,329] INFO in _internal: 127.0.0.1 - - [16/Feb/2024 18:14:48] "[36mGET /static/img/19.jpg HTTP/1.1[0m" 304 -
[2024-02-16 18:14:48,329] INFO in _internal: 127.0.0.1 - - [16/Feb/2024 18:14:48] "[36mGET /static/img/4.jpg HTTP/1.1[0m" 304 -
[2024-02-16 18:14:48,334] INFO in _internal: 127.0.0.1 - - [16/Feb/2024 18:14:48] "[36mGET /static/img/20.jpg HTTP/1.1[0m" 304 -
[2024-02-16 18:14:48,338] INFO in _internal: 127.0.0.1 - - [16/Feb/2024 18:14:48] "[36mGET /static/img/21.jpg HTTP/1.1[0m" 304 -
[2024-02-16 18:14:48,346] INFO in _internal: 127.0.0.1 - - [16/Feb/2024 18:14:48] "[36mGET /static/img/22.jpg HTTP/1.1[0m" 304 -
[2024-02-16 18:14:48,351] INFO in _internal: 127.0.0.1 - - [16/Feb/2024 18:14:48] "[36mGET /static/img/23.jpg HTTP/1.1[0m" 304 -
[2024-02-16 18:14:49,904] INFO in _internal: 127.0.0.1 - - [16/Feb/2024 18:14:49] "[35m[1mGET /static/2.wav HTTP/1.1[0m" 206 -
[2024-02-16 18:14:50,023] INFO in _internal: 127.0.0.1 - - [16/Feb/2024 18:14:50] "[33mGET /favicon.ico HTTP/1.1[0m" 404 -
[2024-02-16 18:16:55,729] INFO in _internal: 127.0.0.1 - - [16/Feb/2024 18:16:55] "GET /escortv2 HTTP/1.1" 200 -
[2024-02-16 18:16:55,763] INFO in _internal: 127.0.0.1 - - [16/Feb/2024 18:16:55] "[36mGET /static/css/escortv2.css HTTP/1.1[0m" 304 -
[2024-02-16 18:16:55,764] INFO in _internal: 127.0.0.1 - - [16/Feb/2024 18:16:55] "[36mGET /static/img/logo.png HTTP/1.1[0m" 304 -
[2024-02-16 18:16:55,765] INFO in _internal: 127.0.0.1 - - [16/Feb/2024 18:16:55] "[36mGET /static/img/area.png HTTP/1.1[0m" 304 -
[2024-02-16 18:16:55,803] INFO in _internal: 127.0.0.1 - - [16/Feb/2024 18:16:55] "GET /static/js/escortv2.js HTTP/1.1" 200 -
[2024-02-16 18:16:55,883] INFO in _internal: 127.0.0.1 - - [16/Feb/2024 18:16:55] "[36mGET /static/img/1.jpg HTTP/1.1[0m" 304 -
[2024-02-16 18:16:55,885] INFO in _internal: 127.0.0.1 - - [16/Feb/2024 18:16:55] "[36mGET /static/img/2.jpg HTTP/1.1[0m" 304 -
[2024-02-16 18:16:55,898] INFO in _internal: 127.0.0.1 - - [16/Feb/2024 18:16:55] "[36mGET /static/img/3.jpg HTTP/1.1[0m" 304 -
[2024-02-16 18:16:55,902] INFO in _internal: 127.0.0.1 - - [16/Feb/2024 18:16:55] "[36mGET /static/img/4.jpg HTTP/1.1[0m" 304 -
[2024-02-16 18:16:55,922] INFO in _internal: 127.0.0.1 - - [16/Feb/2024 18:16:55] "[36mGET /static/img/20.jpg HTTP/1.1[0m" 304 -
[2024-02-16 18:16:55,925] INFO in _internal: 127.0.0.1 - - [16/Feb/2024 18:16:55] "[36mGET /static/img/19.jpg HTTP/1.1[0m" 304 -
[2024-02-16 18:16:55,931] INFO in _internal: 127.0.0.1 - - [16/Feb/2024 18:16:55] "[36mGET /static/img/22.jpg HTTP/1.1[0m" 304 -
[2024-02-16 18:16:55,946] INFO in _internal: 127.0.0.1 - - [16/Feb/2024 18:16:55] "[36mGET /static/img/21.jpg HTTP/1.1[0m" 304 -
[2024-02-16 18:16:55,948] INFO in _internal: 127.0.0.1 - - [16/Feb/2024 18:16:55] "[36mGET /static/img/23.jpg HTTP/1.1[0m" 304 -
[2024-02-16 18:16:56,899] INFO in _internal: 127.0.0.1 - - [16/Feb/2024 18:16:56] "[35m[1mGET /static/19.wav HTTP/1.1[0m" 206 -
[2024-02-16 18:16:56,940] INFO in _internal: 127.0.0.1 - - [16/Feb/2024 18:16:56] "[33mGET /favicon.ico HTTP/1.1[0m" 404 -
[2024-02-16 18:21:24,700] INFO in _internal: 127.0.0.1 - - [16/Feb/2024 18:21:24] "GET /escortv2 HTTP/1.1" 200 -
[2024-02-16 18:21:24,727] INFO in _internal: 127.0.0.1 - - [16/Feb/2024 18:21:24] "[36mGET /static/css/escortv2.css HTTP/1.1[0m" 304 -
[2024-02-16 18:21:24,729] INFO in _internal: 127.0.0.1 - - [16/Feb/2024 18:21:24] "[36mGET /static/img/logo.png HTTP/1.1[0m" 304 -
[2024-02-16 18:21:24,730] INFO in _internal: 127.0.0.1 - - [16/Feb/2024 18:21:24] "[36mGET /static/img/area.png HTTP/1.1[0m" 304 -
[2024-02-16 18:21:24,763] INFO in _internal: 127.0.0.1 - - [16/Feb/2024 18:21:24] "GET /static/js/escortv2.js HTTP/1.1" 200 -
[2024-02-16 18:21:26,119] INFO in _internal: 127.0.0.1 - - [16/Feb/2024 18:21:26] "[36mGET /static/img/1.jpg HTTP/1.1[0m" 304 -
[2024-02-16 18:21:26,124] INFO in _internal: 127.0.0.1 - - [16/Feb/2024 18:21:26] "[36mGET /static/img/3.jpg HTTP/1.1[0m" 304 -
[2024-02-16 18:21:26,126] INFO in _internal: 127.0.0.1 - - [16/Feb/2024 18:21:26] "[36mGET /static/img/2.jpg HTTP/1.1[0m" 304 -
[2024-02-16 18:21:26,134] INFO in _internal: 127.0.0.1 - - [16/Feb/2024 18:21:26] "[36mGET /static/img/4.jpg HTTP/1.1[0m" 304 -
[2024-02-16 18:21:26,149] INFO in _internal: 127.0.0.1 - - [16/Feb/2024 18:21:26] "[36mGET /static/img/19.jpg HTTP/1.1[0m" 304 -
[2024-02-16 18:21:26,150] INFO in _internal: 127.0.0.1 - - [16/Feb/2024 18:21:26] "[36mGET /static/img/20.jpg HTTP/1.1[0m" 304 -
[2024-02-16 18:21:26,151] INFO in _internal: 127.0.0.1 - - [16/Feb/2024 18:21:26] "[36mGET /static/img/21.jpg HTTP/1.1[0m" 304 -
[2024-02-16 18:21:26,162] INFO in _internal: 127.0.0.1 - - [16/Feb/2024 18:21:26] "[36mGET /static/img/22.jpg HTTP/1.1[0m" 304 -
[2024-02-16 18:21:26,163] INFO in _internal: 127.0.0.1 - - [16/Feb/2024 18:21:26] "[36mGET /static/img/23.jpg HTTP/1.1[0m" 304 -
[2024-02-16 18:21:27,364] INFO in _internal: 127.0.0.1 - - [16/Feb/2024 18:21:27] "[35m[1mGET /static/3.wav HTTP/1.1[0m" 206 -
[2024-02-16 18:21:27,407] INFO in _internal: 127.0.0.1 - - [16/Feb/2024 18:21:27] "[33mGET /favicon.ico HTTP/1.1[0m" 404 -
[2024-02-16 18:21:33,139] INFO in _internal: 127.0.0.1 - - [16/Feb/2024 18:21:33] "[35m[1mGET /static/4.wav HTTP/1.1[0m" 206 -
[2024-02-16 18:21:38,932] INFO in _internal: 127.0.0.1 - - [16/Feb/2024 18:21:38] "[35m[1mGET /static/20.wav HTTP/1.1[0m" 206 -
[2024-02-16 18:21:44,892] INFO in _internal: 127.0.0.1 - - [16/Feb/2024 18:21:44] "[35m[1mGET /static/21.wav HTTP/1.1[0m" 206 -
[2024-02-16 18:21:51,028] INFO in _internal: 127.0.0.1 - - [16/Feb/2024 18:21:51] "[35m[1mGET /static/22.wav HTTP/1.1[0m" 206 -
[2024-02-16 18:21:57,523] INFO in _internal: 127.0.0.1 - - [16/Feb/2024 18:21:57] "[35m[1mGET /static/23.wav HTTP/1.1[0m" 206 -
[2024-02-16 18:22:05,295] INFO in _internal: 127.0.0.1 - - [16/Feb/2024 18:22:05] "[35m[1mGET /static/22.wav HTTP/1.1[0m" 206 -
[2024-02-19 11:13:28,285] INFO in _internal: [31m[1mWARNING: This is a development server. Do not use it in a production deployment. Use a production WSGI server instead.[0m
 * Running on http://127.0.0.1:5000
[2024-02-19 11:13:28,286] INFO in _internal: [33mPress CTRL+C to quit[0m
[2024-02-19 11:13:28,318] INFO in _internal:  * Restarting with watchdog (windowsapi)
[2024-02-19 11:13:29,435] WARNING in _internal:  * Debugger is active!
[2024-02-19 11:13:29,450] INFO in _internal:  * Debugger PIN: 123-293-346
[2024-02-19 11:13:35,531] INFO in _internal: 127.0.0.1 - - [19/Feb/2024 11:13:35] "GET /escortv2 HTTP/1.1" 200 -
[2024-02-19 11:13:36,273] INFO in _internal: 127.0.0.1 - - [19/Feb/2024 11:13:36] "[36mGET /static/css/escortv2.css HTTP/1.1[0m" 304 -
[2024-02-19 11:13:36,279] INFO in _internal: 127.0.0.1 - - [19/Feb/2024 11:13:36] "[36mGET /static/img/logo.png HTTP/1.1[0m" 304 -
[2024-02-19 11:13:36,291] INFO in _internal: 127.0.0.1 - - [19/Feb/2024 11:13:36] "GET /static/js/escortv2.js HTTP/1.1" 200 -
[2024-02-19 11:13:36,425] INFO in _internal: 127.0.0.1 - - [19/Feb/2024 11:13:36] "[36mGET /static/img/1.jpg HTTP/1.1[0m" 304 -
[2024-02-19 11:13:36,436] INFO in _internal: 127.0.0.1 - - [19/Feb/2024 11:13:36] "[36mGET /static/img/3.jpg HTTP/1.1[0m" 304 -
[2024-02-19 11:13:36,441] INFO in _internal: 127.0.0.1 - - [19/Feb/2024 11:13:36] "[36mGET /static/img/4.jpg HTTP/1.1[0m" 304 -
[2024-02-19 11:13:36,442] INFO in _internal: 127.0.0.1 - - [19/Feb/2024 11:13:36] "[36mGET /static/img/2.jpg HTTP/1.1[0m" 304 -
[2024-02-19 11:13:36,449] INFO in _internal: 127.0.0.1 - - [19/Feb/2024 11:13:36] "[36mGET /static/img/19.jpg HTTP/1.1[0m" 304 -
[2024-02-19 11:13:36,484] INFO in _internal: 127.0.0.1 - - [19/Feb/2024 11:13:36] "[36mGET /static/img/21.jpg HTTP/1.1[0m" 304 -
[2024-02-19 11:13:36,498] INFO in _internal: 127.0.0.1 - - [19/Feb/2024 11:13:36] "[36mGET /static/img/area.png HTTP/1.1[0m" 304 -
[2024-02-19 11:13:36,500] INFO in _internal: 127.0.0.1 - - [19/Feb/2024 11:13:36] "[36mGET /static/img/22.jpg HTTP/1.1[0m" 304 -
[2024-02-19 11:13:36,502] INFO in _internal: 127.0.0.1 - - [19/Feb/2024 11:13:36] "[36mGET /static/img/20.jpg HTTP/1.1[0m" 304 -
[2024-02-19 11:13:36,519] INFO in _internal: 127.0.0.1 - - [19/Feb/2024 11:13:36] "[36mGET /static/img/23.jpg HTTP/1.1[0m" 304 -
[2024-02-19 11:13:36,562] INFO in _internal: 127.0.0.1 - - [19/Feb/2024 11:13:36] "[33mGET /favicon.ico HTTP/1.1[0m" 404 -
[2024-02-19 11:18:29,748] INFO in _internal: 127.0.0.1 - - [19/Feb/2024 11:18:29] "GET /escortv2 HTTP/1.1" 200 -
[2024-02-19 11:18:29,785] INFO in _internal: 127.0.0.1 - - [19/Feb/2024 11:18:29] "[36mGET /static/img/logo.png HTTP/1.1[0m" 304 -
[2024-02-19 11:18:29,786] INFO in _internal: 127.0.0.1 - - [19/Feb/2024 11:18:29] "[36mGET /static/img/area.png HTTP/1.1[0m" 304 -
[2024-02-19 11:18:29,787] INFO in _internal: 127.0.0.1 - - [19/Feb/2024 11:18:29] "[36mGET /static/css/escortv2.css HTTP/1.1[0m" 304 -
[2024-02-19 11:18:29,826] INFO in _internal: 127.0.0.1 - - [19/Feb/2024 11:18:29] "GET /static/js/escortv2.js HTTP/1.1" 200 -
[2024-02-19 11:18:30,334] INFO in _internal: 127.0.0.1 - - [19/Feb/2024 11:18:30] "[36mGET /static/img/1.jpg HTTP/1.1[0m" 304 -
[2024-02-19 11:18:30,349] INFO in _internal: 127.0.0.1 - - [19/Feb/2024 11:18:30] "[36mGET /static/img/4.jpg HTTP/1.1[0m" 304 -
[2024-02-19 11:18:30,356] INFO in _internal: 127.0.0.1 - - [19/Feb/2024 11:18:30] "[36mGET /static/img/3.jpg HTTP/1.1[0m" 304 -
[2024-02-19 11:18:30,364] INFO in _internal: 127.0.0.1 - - [19/Feb/2024 11:18:30] "[36mGET /static/img/2.jpg HTTP/1.1[0m" 304 -
[2024-02-19 11:18:30,376] INFO in _internal: 127.0.0.1 - - [19/Feb/2024 11:18:30] "[36mGET /static/img/19.jpg HTTP/1.1[0m" 304 -
[2024-02-19 11:18:30,380] INFO in _internal: 127.0.0.1 - - [19/Feb/2024 11:18:30] "[36mGET /static/img/20.jpg HTTP/1.1[0m" 304 -
[2024-02-19 11:18:30,381] INFO in _internal: 127.0.0.1 - - [19/Feb/2024 11:18:30] "[36mGET /static/img/21.jpg HTTP/1.1[0m" 304 -
[2024-02-19 11:18:30,399] INFO in _internal: 127.0.0.1 - - [19/Feb/2024 11:18:30] "[36mGET /static/img/22.jpg HTTP/1.1[0m" 304 -
[2024-02-19 11:18:30,400] INFO in _internal: 127.0.0.1 - - [19/Feb/2024 11:18:30] "[36mGET /static/img/23.jpg HTTP/1.1[0m" 304 -
[2024-02-19 11:18:30,409] INFO in _internal: 127.0.0.1 - - [19/Feb/2024 11:18:30] "[35m[1mGET /static/1.wav HTTP/1.1[0m" 206 -
[2024-02-19 11:18:31,450] INFO in _internal: 127.0.0.1 - - [19/Feb/2024 11:18:31] "GET /index2 HTTP/1.1" 200 -
[2024-02-19 11:18:31,481] INFO in _internal: 127.0.0.1 - - [19/Feb/2024 11:18:31] "[36mGET /static/img/logo.png HTTP/1.1[0m" 304 -
[2024-02-19 11:18:31,488] INFO in _internal: 127.0.0.1 - - [19/Feb/2024 11:18:31] "[36mGET /static/css/templatemo-style.css HTTP/1.1[0m" 304 -
[2024-02-19 11:18:31,492] INFO in _internal: 127.0.0.1 - - [19/Feb/2024 11:18:31] "[36mGET /static/css/index.css HTTP/1.1[0m" 304 -
[2024-02-19 11:18:31,700] INFO in _internal: 127.0.0.1 - - [19/Feb/2024 11:18:31] "GET /sensing_data2 HTTP/1.1" 200 -
[2024-02-19 11:18:34,082] INFO in _internal: 127.0.0.1 - - [19/Feb/2024 11:18:34] "GET /escort HTTP/1.1" 200 -
[2024-02-19 11:18:34,109] INFO in _internal: 127.0.0.1 - - [19/Feb/2024 11:18:34] "[36mGET /static/img/logo.png HTTP/1.1[0m" 304 -
[2024-02-19 11:18:34,110] INFO in _internal: 127.0.0.1 - - [19/Feb/2024 11:18:34] "[36mGET /static/img/area.png HTTP/1.1[0m" 304 -
[2024-02-19 11:18:34,116] INFO in _internal: 127.0.0.1 - - [19/Feb/2024 11:18:34] "[36mGET /static/css/escort.css HTTP/1.1[0m" 304 -
[2024-02-19 11:18:34,118] INFO in _internal: 127.0.0.1 - - [19/Feb/2024 11:18:34] "[36mGET /static/js/escort.js HTTP/1.1[0m" 304 -
[2024-02-19 11:18:34,179] INFO in _internal: 127.0.0.1 - - [19/Feb/2024 11:18:34] "[36mGET /static/img/1.jpg HTTP/1.1[0m" 304 -
[2024-02-19 11:18:34,183] INFO in _internal: 127.0.0.1 - - [19/Feb/2024 11:18:34] "[36mGET /static/img/2.jpg HTTP/1.1[0m" 304 -
[2024-02-19 11:18:34,184] INFO in _internal: 127.0.0.1 - - [19/Feb/2024 11:18:34] "[36mGET /static/img/3.jpg HTTP/1.1[0m" 304 -
[2024-02-19 11:18:34,192] INFO in _internal: 127.0.0.1 - - [19/Feb/2024 11:18:34] "[36mGET /static/img/19.jpg HTTP/1.1[0m" 304 -
[2024-02-19 11:18:34,195] INFO in _internal: 127.0.0.1 - - [19/Feb/2024 11:18:34] "[36mGET /static/img/4.jpg HTTP/1.1[0m" 304 -
[2024-02-19 11:18:34,202] INFO in _internal: 127.0.0.1 - - [19/Feb/2024 11:18:34] "[36mGET /static/img/20.jpg HTTP/1.1[0m" 304 -
[2024-02-19 11:18:34,210] INFO in _internal: 127.0.0.1 - - [19/Feb/2024 11:18:34] "[36mGET /static/img/21.jpg HTTP/1.1[0m" 304 -
[2024-02-19 11:18:34,215] INFO in _internal: 127.0.0.1 - - [19/Feb/2024 11:18:34] "[36mGET /static/img/22.jpg HTTP/1.1[0m" 304 -
[2024-02-19 11:18:34,216] INFO in _internal: 127.0.0.1 - - [19/Feb/2024 11:18:34] "[36mGET /static/img/23.jpg HTTP/1.1[0m" 304 -
[2024-02-19 11:18:39,499] INFO in _internal: 127.0.0.1 - - [19/Feb/2024 11:18:39] "GET /escortv2 HTTP/1.1" 200 -
[2024-02-19 11:18:39,520] INFO in _internal: 127.0.0.1 - - [19/Feb/2024 11:18:39] "[36mGET /static/css/escortv2.css HTTP/1.1[0m" 304 -
[2024-02-19 11:18:39,532] INFO in _internal: 127.0.0.1 - - [19/Feb/2024 11:18:39] "[36mGET /static/img/logo.png HTTP/1.1[0m" 304 -
[2024-02-19 11:18:39,532] INFO in _internal: 127.0.0.1 - - [19/Feb/2024 11:18:39] "[36mGET /static/img/area.png HTTP/1.1[0m" 304 -
[2024-02-19 11:18:39,542] INFO in _internal: 127.0.0.1 - - [19/Feb/2024 11:18:39] "[36mGET /static/js/escortv2.js HTTP/1.1[0m" 304 -
[2024-02-19 11:18:39,579] INFO in _internal: 127.0.0.1 - - [19/Feb/2024 11:18:39] "[36mGET /static/img/1.jpg HTTP/1.1[0m" 304 -
[2024-02-19 11:18:39,581] INFO in _internal: 127.0.0.1 - - [19/Feb/2024 11:18:39] "[36mGET /static/img/2.jpg HTTP/1.1[0m" 304 -
[2024-02-19 11:18:39,582] INFO in _internal: 127.0.0.1 - - [19/Feb/2024 11:18:39] "[36mGET /static/img/3.jpg HTTP/1.1[0m" 304 -
[2024-02-19 11:18:39,598] INFO in _internal: 127.0.0.1 - - [19/Feb/2024 11:18:39] "[36mGET /static/img/4.jpg HTTP/1.1[0m" 304 -
[2024-02-19 11:18:39,601] INFO in _internal: 127.0.0.1 - - [19/Feb/2024 11:18:39] "[36mGET /static/img/19.jpg HTTP/1.1[0m" 304 -
[2024-02-19 11:18:39,614] INFO in _internal: 127.0.0.1 - - [19/Feb/2024 11:18:39] "[36mGET /static/img/20.jpg HTTP/1.1[0m" 304 -
[2024-02-19 11:18:39,635] INFO in _internal: 127.0.0.1 - - [19/Feb/2024 11:18:39] "[36mGET /static/img/21.jpg HTTP/1.1[0m" 304 -
[2024-02-19 11:18:39,639] INFO in _internal: 127.0.0.1 - - [19/Feb/2024 11:18:39] "[36mGET /static/img/22.jpg HTTP/1.1[0m" 304 -
[2024-02-19 11:18:39,641] INFO in _internal: 127.0.0.1 - - [19/Feb/2024 11:18:39] "[36mGET /static/img/23.jpg HTTP/1.1[0m" 304 -
[2024-02-19 11:18:40,128] INFO in _internal: 127.0.0.1 - - [19/Feb/2024 11:18:40] "[35m[1mGET /static/1.wav HTTP/1.1[0m" 206 -
[2024-02-19 11:20:18,816] INFO in _internal: 127.0.0.1 - - [19/Feb/2024 11:20:18] "GET /escort HTTP/1.1" 200 -
[2024-02-19 11:20:18,852] INFO in _internal: 127.0.0.1 - - [19/Feb/2024 11:20:18] "[36mGET /static/css/escort.css HTTP/1.1[0m" 304 -
[2024-02-19 11:20:18,855] INFO in _internal: 127.0.0.1 - - [19/Feb/2024 11:20:18] "[36mGET /static/img/logo.png HTTP/1.1[0m" 304 -
[2024-02-19 11:20:18,856] INFO in _internal: 127.0.0.1 - - [19/Feb/2024 11:20:18] "[36mGET /static/img/area.png HTTP/1.1[0m" 304 -
[2024-02-19 11:20:18,887] INFO in _internal: 127.0.0.1 - - [19/Feb/2024 11:20:18] "GET /static/js/escort.js HTTP/1.1" 200 -
[2024-02-19 11:20:38,694] INFO in _internal: 127.0.0.1 - - [19/Feb/2024 11:20:38] "GET / HTTP/1.1" 200 -
[2024-02-19 11:20:38,725] INFO in _internal: 127.0.0.1 - - [19/Feb/2024 11:20:38] "[36mGET /static/css/templatemo-style.css HTTP/1.1[0m" 304 -
[2024-02-19 11:20:38,730] INFO in _internal: 127.0.0.1 - - [19/Feb/2024 11:20:38] "[36mGET /static/img/logo.png HTTP/1.1[0m" 304 -
[2024-02-19 11:20:38,730] INFO in _internal: 127.0.0.1 - - [19/Feb/2024 11:20:38] "[36mGET /static/css/index.css HTTP/1.1[0m" 304 -
[2024-02-19 11:20:52,127] INFO in _internal: 127.0.0.1 - - [19/Feb/2024 11:20:52] "GET / HTTP/1.1" 200 -
[2024-02-19 11:20:52,149] INFO in _internal: 127.0.0.1 - - [19/Feb/2024 11:20:52] "[36mGET /static/css/templatemo-style.css HTTP/1.1[0m" 304 -
[2024-02-19 11:20:52,150] INFO in _internal: 127.0.0.1 - - [19/Feb/2024 11:20:52] "[36mGET /static/css/index.css HTTP/1.1[0m" 304 -
[2024-02-19 11:20:52,151] INFO in _internal: 127.0.0.1 - - [19/Feb/2024 11:20:52] "[36mGET /static/img/logo.png HTTP/1.1[0m" 304 -
[2024-02-19 11:20:59,948] INFO in _internal: 127.0.0.1 - - [19/Feb/2024 11:20:59] "GET /sensing_data HTTP/1.1" 200 -
[2024-02-19 11:21:01,724] INFO in _internal: 127.0.0.1 - - [19/Feb/2024 11:21:01] "GET /index2 HTTP/1.1" 200 -
[2024-02-19 11:21:01,733] INFO in _internal: 127.0.0.1 - - [19/Feb/2024 11:21:01] "GET /sensing_data HTTP/1.1" 200 -
[2024-02-19 11:21:01,752] INFO in _internal: 127.0.0.1 - - [19/Feb/2024 11:21:01] "[36mGET /static/css/templatemo-style.css HTTP/1.1[0m" 304 -
[2024-02-19 11:21:01,752] INFO in _internal: 127.0.0.1 - - [19/Feb/2024 11:21:01] "[36mGET /static/css/index.css HTTP/1.1[0m" 304 -
[2024-02-19 11:21:01,753] INFO in _internal: 127.0.0.1 - - [19/Feb/2024 11:21:01] "[36mGET /static/img/logo.png HTTP/1.1[0m" 304 -
[2024-02-19 11:21:14,026] INFO in _internal: 127.0.0.1 - - [19/Feb/2024 11:21:14] "GET /sensing_data2 HTTP/1.1" 200 -
[2024-02-19 11:21:29,655] INFO in _internal: 127.0.0.1 - - [19/Feb/2024 11:21:29] "GET /escort HTTP/1.1" 200 -
[2024-02-19 11:21:29,687] INFO in _internal: 127.0.0.1 - - [19/Feb/2024 11:21:29] "[36mGET /static/css/escort.css HTTP/1.1[0m" 304 -
[2024-02-19 11:21:29,689] INFO in _internal: 127.0.0.1 - - [19/Feb/2024 11:21:29] "[36mGET /static/img/logo.png HTTP/1.1[0m" 304 -
[2024-02-19 11:21:29,691] INFO in _internal: 127.0.0.1 - - [19/Feb/2024 11:21:29] "[36mGET /static/img/area.png HTTP/1.1[0m" 304 -
[2024-02-19 11:21:29,718] INFO in _internal: 127.0.0.1 - - [19/Feb/2024 11:21:29] "GET /static/js/escort.js HTTP/1.1" 200 -
[2024-02-19 11:21:29,847] INFO in _internal: 127.0.0.1 - - [19/Feb/2024 11:21:29] "[36mGET /static/img/1.jpg HTTP/1.1[0m" 304 -
[2024-02-19 11:21:29,847] INFO in _internal: 127.0.0.1 - - [19/Feb/2024 11:21:29] "[36mGET /static/img/4.jpg HTTP/1.1[0m" 304 -
[2024-02-19 11:21:29,847] INFO in _internal: 127.0.0.1 - - [19/Feb/2024 11:21:29] "[36mGET /static/img/2.jpg HTTP/1.1[0m" 304 -
[2024-02-19 11:21:29,848] INFO in _internal: 127.0.0.1 - - [19/Feb/2024 11:21:29] "[36mGET /static/img/3.jpg HTTP/1.1[0m" 304 -
[2024-02-19 11:21:29,868] INFO in _internal: 127.0.0.1 - - [19/Feb/2024 11:21:29] "[36mGET /static/img/19.jpg HTTP/1.1[0m" 304 -
[2024-02-19 11:21:29,875] INFO in _internal: 127.0.0.1 - - [19/Feb/2024 11:21:29] "[36mGET /static/img/20.jpg HTTP/1.1[0m" 304 -
[2024-02-19 11:21:29,878] INFO in _internal: 127.0.0.1 - - [19/Feb/2024 11:21:29] "[36mGET /static/img/21.jpg HTTP/1.1[0m" 304 -
[2024-02-19 11:21:29,880] INFO in _internal: 127.0.0.1 - - [19/Feb/2024 11:21:29] "[36mGET /static/img/22.jpg HTTP/1.1[0m" 304 -
[2024-02-19 11:21:29,883] INFO in _internal: 127.0.0.1 - - [19/Feb/2024 11:21:29] "[36mGET /static/img/23.jpg HTTP/1.1[0m" 304 -
[2024-02-19 11:25:16,391] INFO in _internal: 127.0.0.1 - - [19/Feb/2024 11:25:16] "GET /escort HTTP/1.1" 200 -
[2024-02-19 11:25:16,431] INFO in _internal: 127.0.0.1 - - [19/Feb/2024 11:25:16] "[36mGET /static/img/area.png HTTP/1.1[0m" 304 -
[2024-02-19 11:25:16,433] INFO in _internal: 127.0.0.1 - - [19/Feb/2024 11:25:16] "[36mGET /static/css/escort.css HTTP/1.1[0m" 304 -
[2024-02-19 11:25:16,439] INFO in _internal: 127.0.0.1 - - [19/Feb/2024 11:25:16] "[36mGET /static/img/logo.png HTTP/1.1[0m" 304 -
[2024-02-19 11:25:16,565] INFO in _internal: 127.0.0.1 - - [19/Feb/2024 11:25:16] "GET /static/js/escort.js HTTP/1.1" 200 -
[2024-02-19 11:25:16,596] INFO in _internal: 127.0.0.1 - - [19/Feb/2024 11:25:16] "[36mGET /static/img/2.jpg HTTP/1.1[0m" 304 -
[2024-02-19 11:25:16,596] INFO in _internal: 127.0.0.1 - - [19/Feb/2024 11:25:16] "[36mGET /static/img/1.jpg HTTP/1.1[0m" 304 -
[2024-02-19 11:25:16,598] INFO in _internal: 127.0.0.1 - - [19/Feb/2024 11:25:16] "[36mGET /static/img/3.jpg HTTP/1.1[0m" 304 -
[2024-02-19 11:25:16,613] INFO in _internal: 127.0.0.1 - - [19/Feb/2024 11:25:16] "[36mGET /static/img/19.jpg HTTP/1.1[0m" 304 -
[2024-02-19 11:25:16,615] INFO in _internal: 127.0.0.1 - - [19/Feb/2024 11:25:16] "[36mGET /static/img/4.jpg HTTP/1.1[0m" 304 -
[2024-02-19 11:25:16,616] INFO in _internal: 127.0.0.1 - - [19/Feb/2024 11:25:16] "[36mGET /static/img/20.jpg HTTP/1.1[0m" 304 -
[2024-02-19 11:25:16,621] INFO in _internal: 127.0.0.1 - - [19/Feb/2024 11:25:16] "[36mGET /static/img/21.jpg HTTP/1.1[0m" 304 -
[2024-02-19 11:25:16,624] INFO in _internal: 127.0.0.1 - - [19/Feb/2024 11:25:16] "[36mGET /static/img/22.jpg HTTP/1.1[0m" 304 -
[2024-02-19 11:25:16,631] INFO in _internal: 127.0.0.1 - - [19/Feb/2024 11:25:16] "[36mGET /static/img/23.jpg HTTP/1.1[0m" 304 -
[2024-02-19 11:25:16,645] INFO in _internal: 127.0.0.1 - - [19/Feb/2024 11:25:16] "[35m[1mGET /static/welcome.wav HTTP/1.1[0m" 206 -
[2024-02-19 11:25:18,181] INFO in _internal: 127.0.0.1 - - [19/Feb/2024 11:25:18] "GET /escort HTTP/1.1" 200 -
[2024-02-19 11:25:18,204] INFO in _internal: 127.0.0.1 - - [19/Feb/2024 11:25:18] "[36mGET /static/css/escort.css HTTP/1.1[0m" 304 -
[2024-02-19 11:25:18,205] INFO in _internal: 127.0.0.1 - - [19/Feb/2024 11:25:18] "[36mGET /static/img/logo.png HTTP/1.1[0m" 304 -
[2024-02-19 11:25:18,208] INFO in _internal: 127.0.0.1 - - [19/Feb/2024 11:25:18] "[36mGET /static/img/area.png HTTP/1.1[0m" 304 -
[2024-02-19 11:25:18,222] INFO in _internal: 127.0.0.1 - - [19/Feb/2024 11:25:18] "[36mGET /static/js/escort.js HTTP/1.1[0m" 304 -
[2024-02-19 11:25:18,278] INFO in _internal: 127.0.0.1 - - [19/Feb/2024 11:25:18] "[36mGET /static/img/2.jpg HTTP/1.1[0m" 304 -
[2024-02-19 11:25:18,281] INFO in _internal: 127.0.0.1 - - [19/Feb/2024 11:25:18] "[36mGET /static/img/1.jpg HTTP/1.1[0m" 304 -
[2024-02-19 11:25:18,282] INFO in _internal: 127.0.0.1 - - [19/Feb/2024 11:25:18] "[36mGET /static/img/3.jpg HTTP/1.1[0m" 304 -
[2024-02-19 11:25:18,285] INFO in _internal: 127.0.0.1 - - [19/Feb/2024 11:25:18] "[36mGET /static/img/4.jpg HTTP/1.1[0m" 304 -
[2024-02-19 11:25:18,286] INFO in _internal: 127.0.0.1 - - [19/Feb/2024 11:25:18] "[36mGET /static/img/19.jpg HTTP/1.1[0m" 304 -
[2024-02-19 11:25:18,293] INFO in _internal: 127.0.0.1 - - [19/Feb/2024 11:25:18] "[36mGET /static/img/20.jpg HTTP/1.1[0m" 304 -
[2024-02-19 11:25:18,301] INFO in _internal: 127.0.0.1 - - [19/Feb/2024 11:25:18] "[36mGET /static/img/21.jpg HTTP/1.1[0m" 304 -
[2024-02-19 11:25:18,304] INFO in _internal: 127.0.0.1 - - [19/Feb/2024 11:25:18] "[36mGET /static/img/22.jpg HTTP/1.1[0m" 304 -
[2024-02-19 11:25:18,310] INFO in _internal: 127.0.0.1 - - [19/Feb/2024 11:25:18] "[36mGET /static/img/23.jpg HTTP/1.1[0m" 304 -
[2024-02-19 11:25:18,904] INFO in _internal: 127.0.0.1 - - [19/Feb/2024 11:25:18] "[33mGET /favicon.ico HTTP/1.1[0m" 404 -
[2024-02-19 11:25:39,181] INFO in _internal: 127.0.0.1 - - [19/Feb/2024 11:25:39] "[35m[1mGET /static/1.wav HTTP/1.1[0m" 206 -
[2024-02-19 11:27:10,330] INFO in _internal: 127.0.0.1 - - [19/Feb/2024 11:27:10] "GET /escort HTTP/1.1" 200 -
[2024-02-19 11:27:10,357] INFO in _internal: 127.0.0.1 - - [19/Feb/2024 11:27:10] "[36mGET /static/css/escort.css HTTP/1.1[0m" 304 -
[2024-02-19 11:27:10,357] INFO in _internal: 127.0.0.1 - - [19/Feb/2024 11:27:10] "[36mGET /static/img/logo.png HTTP/1.1[0m" 304 -
[2024-02-19 11:27:10,360] INFO in _internal: 127.0.0.1 - - [19/Feb/2024 11:27:10] "[36mGET /static/img/area.png HTTP/1.1[0m" 304 -
[2024-02-19 11:27:10,373] INFO in _internal: 127.0.0.1 - - [19/Feb/2024 11:27:10] "[36mGET /static/js/escort.js HTTP/1.1[0m" 304 -
[2024-02-19 11:27:10,399] INFO in _internal: 127.0.0.1 - - [19/Feb/2024 11:27:10] "[36mGET /static/img/1.jpg HTTP/1.1[0m" 304 -
[2024-02-19 11:27:10,400] INFO in _internal: 127.0.0.1 - - [19/Feb/2024 11:27:10] "[36mGET /static/img/2.jpg HTTP/1.1[0m" 304 -
[2024-02-19 11:27:10,403] INFO in _internal: 127.0.0.1 - - [19/Feb/2024 11:27:10] "[36mGET /static/img/3.jpg HTTP/1.1[0m" 304 -
[2024-02-19 11:27:10,409] INFO in _internal: 127.0.0.1 - - [19/Feb/2024 11:27:10] "[36mGET /static/img/4.jpg HTTP/1.1[0m" 304 -
[2024-02-19 11:27:10,419] INFO in _internal: 127.0.0.1 - - [19/Feb/2024 11:27:10] "[36mGET /static/img/19.jpg HTTP/1.1[0m" 304 -
[2024-02-19 11:27:10,420] INFO in _internal: 127.0.0.1 - - [19/Feb/2024 11:27:10] "[36mGET /static/img/20.jpg HTTP/1.1[0m" 304 -
[2024-02-19 11:27:10,422] INFO in _internal: 127.0.0.1 - - [19/Feb/2024 11:27:10] "[36mGET /static/img/21.jpg HTTP/1.1[0m" 304 -
[2024-02-19 11:27:10,426] INFO in _internal: 127.0.0.1 - - [19/Feb/2024 11:27:10] "[36mGET /static/img/22.jpg HTTP/1.1[0m" 304 -
[2024-02-19 11:27:10,427] INFO in _internal: 127.0.0.1 - - [19/Feb/2024 11:27:10] "[36mGET /static/img/23.jpg HTTP/1.1[0m" 304 -
[2024-02-19 11:27:10,452] INFO in _internal: 127.0.0.1 - - [19/Feb/2024 11:27:10] "[35m[1mGET /static/welcome.wav HTTP/1.1[0m" 206 -
[2024-02-19 11:27:11,577] INFO in _internal: 127.0.0.1 - - [19/Feb/2024 11:27:11] "GET / HTTP/1.1" 200 -
[2024-02-19 11:27:11,609] INFO in _internal: 127.0.0.1 - - [19/Feb/2024 11:27:11] "[36mGET /static/img/logo.png HTTP/1.1[0m" 304 -
[2024-02-19 11:27:11,622] INFO in _internal: 127.0.0.1 - - [19/Feb/2024 11:27:11] "[36mGET /static/css/templatemo-style.css HTTP/1.1[0m" 304 -
[2024-02-19 11:27:11,628] INFO in _internal: 127.0.0.1 - - [19/Feb/2024 11:27:11] "[36mGET /static/css/index.css HTTP/1.1[0m" 304 -
[2024-02-19 11:27:11,684] INFO in _internal: 127.0.0.1 - - [19/Feb/2024 11:27:11] "[35m[1mGET /static/welcome.wav HTTP/1.1[0m" 206 -
[2024-02-19 11:27:11,719] INFO in _internal: 127.0.0.1 - - [19/Feb/2024 11:27:11] "[33mGET /favicon.ico HTTP/1.1[0m" 404 -
[2024-02-19 11:27:12,052] INFO in _internal: 127.0.0.1 - - [19/Feb/2024 11:27:12] "GET /sensing_data HTTP/1.1" 200 -
[2024-02-19 11:27:14,295] INFO in _internal: 127.0.0.1 - - [19/Feb/2024 11:27:14] "GET /index2 HTTP/1.1" 200 -
[2024-02-19 11:27:14,337] INFO in _internal: 127.0.0.1 - - [19/Feb/2024 11:27:14] "[36mGET /static/css/templatemo-style.css HTTP/1.1[0m" 304 -
[2024-02-19 11:27:14,337] INFO in _internal: 127.0.0.1 - - [19/Feb/2024 11:27:14] "[36mGET /static/css/index.css HTTP/1.1[0m" 304 -
[2024-02-19 11:27:14,338] INFO in _internal: 127.0.0.1 - - [19/Feb/2024 11:27:14] "[36mGET /static/img/logo.png HTTP/1.1[0m" 304 -
[2024-02-19 11:27:14,388] INFO in _internal: 127.0.0.1 - - [19/Feb/2024 11:27:14] "[35m[1mGET /static/welcome.wav HTTP/1.1[0m" 206 -
[2024-02-19 11:27:14,442] INFO in _internal: 127.0.0.1 - - [19/Feb/2024 11:27:14] "[33mGET /favicon.ico HTTP/1.1[0m" 404 -
[2024-02-19 11:27:14,478] INFO in _internal: 127.0.0.1 - - [19/Feb/2024 11:27:14] "GET /sensing_data2 HTTP/1.1" 200 -
[2024-02-19 11:27:15,575] INFO in _internal: 127.0.0.1 - - [19/Feb/2024 11:27:15] "GET /escort HTTP/1.1" 200 -
[2024-02-19 11:27:15,616] INFO in _internal: 127.0.0.1 - - [19/Feb/2024 11:27:15] "[36mGET /static/css/escort.css HTTP/1.1[0m" 304 -
[2024-02-19 11:27:15,618] INFO in _internal: 127.0.0.1 - - [19/Feb/2024 11:27:15] "[36mGET /static/img/logo.png HTTP/1.1[0m" 304 -
[2024-02-19 11:27:15,619] INFO in _internal: 127.0.0.1 - - [19/Feb/2024 11:27:15] "[36mGET /static/img/area.png HTTP/1.1[0m" 304 -
[2024-02-19 11:27:15,635] INFO in _internal: 127.0.0.1 - - [19/Feb/2024 11:27:15] "[36mGET /static/js/escort.js HTTP/1.1[0m" 304 -
[2024-02-19 11:27:15,673] INFO in _internal: 127.0.0.1 - - [19/Feb/2024 11:27:15] "[36mGET /static/img/1.jpg HTTP/1.1[0m" 304 -
[2024-02-19 11:27:15,674] INFO in _internal: 127.0.0.1 - - [19/Feb/2024 11:27:15] "[36mGET /static/img/2.jpg HTTP/1.1[0m" 304 -
[2024-02-19 11:27:15,674] INFO in _internal: 127.0.0.1 - - [19/Feb/2024 11:27:15] "[36mGET /static/img/3.jpg HTTP/1.1[0m" 304 -
[2024-02-19 11:27:15,679] INFO in _internal: 127.0.0.1 - - [19/Feb/2024 11:27:15] "[36mGET /static/img/4.jpg HTTP/1.1[0m" 304 -
[2024-02-19 11:27:15,704] INFO in _internal: 127.0.0.1 - - [19/Feb/2024 11:27:15] "[36mGET /static/img/19.jpg HTTP/1.1[0m" 304 -
[2024-02-19 11:27:15,705] INFO in _internal: 127.0.0.1 - - [19/Feb/2024 11:27:15] "[36mGET /static/img/20.jpg HTTP/1.1[0m" 304 -
[2024-02-19 11:27:15,707] INFO in _internal: 127.0.0.1 - - [19/Feb/2024 11:27:15] "[36mGET /static/img/21.jpg HTTP/1.1[0m" 304 -
[2024-02-19 11:27:15,709] INFO in _internal: 127.0.0.1 - - [19/Feb/2024 11:27:15] "[36mGET /static/img/22.jpg HTTP/1.1[0m" 304 -
[2024-02-19 11:27:15,719] INFO in _internal: 127.0.0.1 - - [19/Feb/2024 11:27:15] "[36mGET /static/img/23.jpg HTTP/1.1[0m" 304 -
[2024-02-19 11:27:15,733] INFO in _internal: 127.0.0.1 - - [19/Feb/2024 11:27:15] "[35m[1mGET /static/welcome.wav HTTP/1.1[0m" 206 -
[2024-02-19 11:27:15,773] INFO in _internal: 127.0.0.1 - - [19/Feb/2024 11:27:15] "[33mGET /favicon.ico HTTP/1.1[0m" 404 -
[2024-02-19 11:27:16,833] INFO in _internal: 127.0.0.1 - - [19/Feb/2024 11:27:16] "GET /info HTTP/1.1" 200 -
[2024-02-19 11:27:16,864] INFO in _internal: 127.0.0.1 - - [19/Feb/2024 11:27:16] "[36mGET /static/img/logo.png HTTP/1.1[0m" 304 -
[2024-02-19 11:27:16,865] INFO in _internal: 127.0.0.1 - - [19/Feb/2024 11:27:16] "GET /static/js/info.js HTTP/1.1" 200 -
[2024-02-19 11:27:16,873] INFO in _internal: 127.0.0.1 - - [19/Feb/2024 11:27:16] "[36mGET /static/css/info.css HTTP/1.1[0m" 304 -
[2024-02-19 11:27:17,109] INFO in _internal: 127.0.0.1 - - [19/Feb/2024 11:27:17] "[36mGET /static/img/img-4.png HTTP/1.1[0m" 304 -
[2024-02-19 11:27:17,110] INFO in _internal: 127.0.0.1 - - [19/Feb/2024 11:27:17] "[36mGET /static/img/img-3.png HTTP/1.1[0m" 304 -
[2024-02-19 11:27:17,112] INFO in _internal: 127.0.0.1 - - [19/Feb/2024 11:27:17] "[36mGET /static/img/img-2.png HTTP/1.1[0m" 304 -
[2024-02-19 11:27:17,130] INFO in _internal: 127.0.0.1 - - [19/Feb/2024 11:27:17] "[36mGET /static/img/img-5.png HTTP/1.1[0m" 304 -
[2024-02-19 11:27:17,173] INFO in _internal: 127.0.0.1 - - [19/Feb/2024 11:27:17] "[36mGET /static/img/img-7.png HTTP/1.1[0m" 304 -
[2024-02-19 11:27:17,180] INFO in _internal: 127.0.0.1 - - [19/Feb/2024 11:27:17] "[36mGET /static/img/img-8.png HTTP/1.1[0m" 304 -
[2024-02-19 11:27:17,202] INFO in _internal: 127.0.0.1 - - [19/Feb/2024 11:27:17] "[36mGET /static/img/img-49.png HTTP/1.1[0m" 304 -
[2024-02-19 11:27:17,214] INFO in _internal: 127.0.0.1 - - [19/Feb/2024 11:27:17] "GET /static/img/img-50.png HTTP/1.1" 200 -
[2024-02-19 11:27:17,235] INFO in _internal: 127.0.0.1 - - [19/Feb/2024 11:27:17] "[36mGET /static/img/img-48.png HTTP/1.1[0m" 304 -
[2024-02-19 11:27:17,509] INFO in _internal: 127.0.0.1 - - [19/Feb/2024 11:27:17] "[36mGET /static/img/img-47.png HTTP/1.1[0m" 304 -
[2024-02-19 11:27:17,537] INFO in _internal: 127.0.0.1 - - [19/Feb/2024 11:27:17] "[36mGET /static/img/img-45.png HTTP/1.1[0m" 304 -
[2024-02-19 11:27:17,548] INFO in _internal: 127.0.0.1 - - [19/Feb/2024 11:27:17] "GET /static/img/img-51.png HTTP/1.1" 200 -
[2024-02-19 11:27:17,876] INFO in _internal: 127.0.0.1 - - [19/Feb/2024 11:27:17] "[36mGET /static/img/img-1.png HTTP/1.1[0m" 304 -
[2024-02-19 11:27:17,898] INFO in _internal: 127.0.0.1 - - [19/Feb/2024 11:27:17] "[36mGET /static/img/img-88.png HTTP/1.1[0m" 304 -
[2024-02-19 11:27:17,922] INFO in _internal: 127.0.0.1 - - [19/Feb/2024 11:27:17] "[36mGET /static/img/img-89.png HTTP/1.1[0m" 304 -
[2024-02-19 11:27:18,088] INFO in _internal: 127.0.0.1 - - [19/Feb/2024 11:27:18] "[36mGET /static/img/img-6.png HTTP/1.1[0m" 304 -
[2024-02-19 11:27:18,275] INFO in _internal: 127.0.0.1 - - [19/Feb/2024 11:27:18] "[36mGET /static/img/img-46.png HTTP/1.1[0m" 304 -
[2024-02-19 11:27:18,284] INFO in _internal: 127.0.0.1 - - [19/Feb/2024 11:27:18] "[36mGET /static/img/img-92.png HTTP/1.1[0m" 304 -
[2024-02-19 11:27:18,295] INFO in _internal: 127.0.0.1 - - [19/Feb/2024 11:27:18] "GET /static/img/img-93.png HTTP/1.1" 200 -
[2024-02-19 11:27:18,312] INFO in _internal: 127.0.0.1 - - [19/Feb/2024 11:27:18] "GET /static/img/img-94.png HTTP/1.1" 200 -
[2024-02-19 11:27:18,699] INFO in _internal: 127.0.0.1 - - [19/Feb/2024 11:27:18] "GET /static/img/img-52.png HTTP/1.1" 200 -
[2024-02-19 11:27:18,732] INFO in _internal: 127.0.0.1 - - [19/Feb/2024 11:27:18] "[36mGET /static/img/img-131.png HTTP/1.1[0m" 304 -
[2024-02-19 11:27:18,739] INFO in _internal: 127.0.0.1 - - [19/Feb/2024 11:27:18] "[36mGET /static/img/img-132.png HTTP/1.1[0m" 304 -
[2024-02-19 11:27:18,765] INFO in _internal: 127.0.0.1 - - [19/Feb/2024 11:27:18] "[36mGET /static/img/img-133.png HTTP/1.1[0m" 304 -
[2024-02-19 11:27:18,789] INFO in _internal: 127.0.0.1 - - [19/Feb/2024 11:27:18] "[36mGET /static/img/img-134.png HTTP/1.1[0m" 304 -
[2024-02-19 11:27:18,918] INFO in _internal: 127.0.0.1 - - [19/Feb/2024 11:27:18] "[36mGET /static/img/img-90.png HTTP/1.1[0m" 304 -
[2024-02-19 11:27:19,037] INFO in _internal: 127.0.0.1 - - [19/Feb/2024 11:27:19] "[36mGET /static/img/img-91.png HTTP/1.1[0m" 304 -
[2024-02-19 11:27:19,273] INFO in _internal: 127.0.0.1 - - [19/Feb/2024 11:27:19] "GET /static/img/img-136.png HTTP/1.1" 200 -
[2024-02-19 11:27:19,297] INFO in _internal: 127.0.0.1 - - [19/Feb/2024 11:27:19] "GET /static/img/img-137.png HTTP/1.1" 200 -
[2024-02-19 11:27:19,310] INFO in _internal: 127.0.0.1 - - [19/Feb/2024 11:27:19] "GET /static/img/img-138.png HTTP/1.1" 200 -
[2024-02-19 11:27:19,330] INFO in _internal: 127.0.0.1 - - [19/Feb/2024 11:27:19] "[36mGET /static/img/img-159.png HTTP/1.1[0m" 304 -
[2024-02-19 11:27:19,334] INFO in _internal: 127.0.0.1 - - [19/Feb/2024 11:27:19] "[36mGET /static/img/img-158.png HTTP/1.1[0m" 304 -
[2024-02-19 11:27:19,348] INFO in _internal: 127.0.0.1 - - [19/Feb/2024 11:27:19] "GET /static/img/img-95.png HTTP/1.1" 200 -
[2024-02-19 11:27:19,360] INFO in _internal: 127.0.0.1 - - [19/Feb/2024 11:27:19] "[36mGET /static/img/img-160.png HTTP/1.1[0m" 304 -
[2024-02-19 11:27:19,366] INFO in _internal: 127.0.0.1 - - [19/Feb/2024 11:27:19] "[36mGET /static/img/img-161.png HTTP/1.1[0m" 304 -
[2024-02-19 11:27:19,368] INFO in _internal: 127.0.0.1 - - [19/Feb/2024 11:27:19] "[36mGET /static/img/img-162.png HTTP/1.1[0m" 304 -
[2024-02-19 11:27:19,374] INFO in _internal: 127.0.0.1 - - [19/Feb/2024 11:27:19] "GET /static/img/img-163.png HTTP/1.1" 200 -
[2024-02-19 11:27:19,397] INFO in _internal: 127.0.0.1 - - [19/Feb/2024 11:27:19] "GET /static/img/img-164.png HTTP/1.1" 200 -
[2024-02-19 11:27:19,419] INFO in _internal: 127.0.0.1 - - [19/Feb/2024 11:27:19] "[36mGET /static/img/img-171.png HTTP/1.1[0m" 304 -
[2024-02-19 11:27:19,427] INFO in _internal: 127.0.0.1 - - [19/Feb/2024 11:27:19] "[36mGET /static/img/img-173.png HTTP/1.1[0m" 304 -
[2024-02-19 11:27:19,451] INFO in _internal: 127.0.0.1 - - [19/Feb/2024 11:27:19] "[36mGET /static/img/img-174.png HTTP/1.1[0m" 304 -
[2024-02-19 11:27:19,491] INFO in _internal: 127.0.0.1 - - [19/Feb/2024 11:27:19] "GET /static/img/img-176.png HTTP/1.1" 200 -
[2024-02-19 11:27:19,625] INFO in _internal: 127.0.0.1 - - [19/Feb/2024 11:27:19] "GET /static/img/img-165.png HTTP/1.1" 200 -
[2024-02-19 11:27:19,661] INFO in _internal: 127.0.0.1 - - [19/Feb/2024 11:27:19] "GET /static/img/img-177.png HTTP/1.1" 200 -
[2024-02-19 11:27:19,684] INFO in _internal: 127.0.0.1 - - [19/Feb/2024 11:27:19] "[35m[1mGET /static/welcome.wav HTTP/1.1[0m" 206 -
[2024-02-19 11:27:19,713] INFO in _internal: 127.0.0.1 - - [19/Feb/2024 11:27:19] "[36mGET /static/img/img-135.png HTTP/1.1[0m" 304 -
[2024-02-19 11:27:19,735] INFO in _internal: 127.0.0.1 - - [19/Feb/2024 11:27:19] "[33mGET /favicon.ico HTTP/1.1[0m" 404 -
[2024-02-19 11:27:19,736] INFO in _internal: 127.0.0.1 - - [19/Feb/2024 11:27:19] "[36mGET /static/img/img-175.png HTTP/1.1[0m" 304 -
[2024-02-19 11:27:19,798] INFO in _internal: 127.0.0.1 - - [19/Feb/2024 11:27:19] "[36mGET /static/img/img-172.png HTTP/1.1[0m" 304 -
[2024-02-19 11:27:24,302] INFO in _internal: 127.0.0.1 - - [19/Feb/2024 11:27:24] "GET /escort HTTP/1.1" 200 -
[2024-02-19 11:27:24,328] INFO in _internal: 127.0.0.1 - - [19/Feb/2024 11:27:24] "[36mGET /static/css/escort.css HTTP/1.1[0m" 304 -
[2024-02-19 11:27:24,329] INFO in _internal: 127.0.0.1 - - [19/Feb/2024 11:27:24] "[36mGET /static/img/logo.png HTTP/1.1[0m" 304 -
[2024-02-19 11:27:24,330] INFO in _internal: 127.0.0.1 - - [19/Feb/2024 11:27:24] "[36mGET /static/img/area.png HTTP/1.1[0m" 304 -
[2024-02-19 11:27:24,342] INFO in _internal: 127.0.0.1 - - [19/Feb/2024 11:27:24] "[36mGET /static/js/escort.js HTTP/1.1[0m" 304 -
[2024-02-19 11:27:24,362] INFO in _internal: 127.0.0.1 - - [19/Feb/2024 11:27:24] "[36mGET /static/img/1.jpg HTTP/1.1[0m" 304 -
[2024-02-19 11:27:24,364] INFO in _internal: 127.0.0.1 - - [19/Feb/2024 11:27:24] "[36mGET /static/img/2.jpg HTTP/1.1[0m" 304 -
[2024-02-19 11:27:24,365] INFO in _internal: 127.0.0.1 - - [19/Feb/2024 11:27:24] "[36mGET /static/img/3.jpg HTTP/1.1[0m" 304 -
[2024-02-19 11:27:24,368] INFO in _internal: 127.0.0.1 - - [19/Feb/2024 11:27:24] "[36mGET /static/img/4.jpg HTTP/1.1[0m" 304 -
[2024-02-19 11:27:24,380] INFO in _internal: 127.0.0.1 - - [19/Feb/2024 11:27:24] "[36mGET /static/img/19.jpg HTTP/1.1[0m" 304 -
[2024-02-19 11:27:24,385] INFO in _internal: 127.0.0.1 - - [19/Feb/2024 11:27:24] "[36mGET /static/img/20.jpg HTTP/1.1[0m" 304 -
[2024-02-19 11:27:24,393] INFO in _internal: 127.0.0.1 - - [19/Feb/2024 11:27:24] "[36mGET /static/img/21.jpg HTTP/1.1[0m" 304 -
[2024-02-19 11:27:24,397] INFO in _internal: 127.0.0.1 - - [19/Feb/2024 11:27:24] "[36mGET /static/img/22.jpg HTTP/1.1[0m" 304 -
[2024-02-19 11:27:24,398] INFO in _internal: 127.0.0.1 - - [19/Feb/2024 11:27:24] "[36mGET /static/img/23.jpg HTTP/1.1[0m" 304 -
[2024-02-19 11:27:24,415] INFO in _internal: 127.0.0.1 - - [19/Feb/2024 11:27:24] "[35m[1mGET /static/welcome.wav HTTP/1.1[0m" 206 -
[2024-02-19 11:27:24,464] INFO in _internal: 127.0.0.1 - - [19/Feb/2024 11:27:24] "[33mGET /favicon.ico HTTP/1.1[0m" 404 -
[2024-02-19 11:28:49,445] INFO in _internal:  * Detected change in 'C:\\Users\\USER\\Desktop\\ssm_web\\app\\static\\ALZ7D97.tmp', reloading
[2024-02-19 11:28:50,541] INFO in _internal:  * Restarting with watchdog (windowsapi)
[2024-02-19 11:28:52,153] WARNING in _internal:  * Debugger is active!
[2024-02-19 11:28:52,169] INFO in _internal:  * Debugger PIN: 123-293-346
[2024-02-19 11:28:55,923] INFO in _internal:  * Detected change in 'C:\\Users\\USER\\Desktop\\ssm_web\\app\\static\\static.zip', reloading
[2024-02-19 11:28:56,361] INFO in _internal:  * Restarting with watchdog (windowsapi)
[2024-02-19 11:28:57,257] WARNING in _internal:  * Debugger is active!
[2024-02-19 11:28:57,272] INFO in _internal:  * Debugger PIN: 123-293-346
[2024-02-19 11:29:13,875] INFO in _internal:  * Detected change in 'C:\\Users\\USER\\Desktop\\ssm_web\\app\\static\\sound.zip', reloading
[2024-02-19 11:29:14,547] INFO in _internal:  * Restarting with watchdog (windowsapi)
[2024-02-19 11:29:15,384] WARNING in _internal:  * Debugger is active!
[2024-02-19 11:29:15,399] INFO in _internal:  * Debugger PIN: 123-293-346
[2024-02-19 11:29:49,570] INFO in _internal:  * Detected change in 'C:\\Users\\USER\\Desktop\\ssm_web\\app\\static\\js\\ALZ6E7E.tmp', reloading
[2024-02-19 11:29:49,828] INFO in _internal:  * Restarting with watchdog (windowsapi)
[2024-02-19 11:29:50,707] WARNING in _internal:  * Debugger is active!
[2024-02-19 11:29:50,722] INFO in _internal:  * Debugger PIN: 123-293-346
[2024-02-19 11:30:24,006] INFO in _internal:  * Detected change in 'C:\\Users\\USER\\Desktop\\ssm_web\\app\\templates\\ALZF561.tmp', reloading
[2024-02-19 11:30:24,135] INFO in _internal:  * Restarting with watchdog (windowsapi)
[2024-02-19 11:30:25,023] WARNING in _internal:  * Debugger is active!
[2024-02-19 11:30:25,044] INFO in _internal:  * Debugger PIN: 123-293-346
[2024-02-19 11:33:43,383] INFO in _internal: 127.0.0.1 - - [19/Feb/2024 11:33:43] "GET /index2 HTTP/1.1" 200 -
[2024-02-19 11:33:43,964] INFO in _internal: 127.0.0.1 - - [19/Feb/2024 11:33:43] "[36mGET /static/img/logo.png HTTP/1.1[0m" 304 -
[2024-02-19 11:33:44,010] INFO in _internal: 127.0.0.1 - - [19/Feb/2024 11:33:44] "[36mGET /static/css/templatemo-style.css HTTP/1.1[0m" 304 -
[2024-02-19 11:33:44,043] INFO in _internal: 127.0.0.1 - - [19/Feb/2024 11:33:44] "[36mGET /static/css/index.css HTTP/1.1[0m" 304 -
[2024-02-19 11:33:44,070] INFO in _internal: 127.0.0.1 - - [19/Feb/2024 11:33:44] "[35m[1mGET /static/welcome.wav HTTP/1.1[0m" 206 -
[2024-02-19 11:33:44,333] INFO in _internal: 127.0.0.1 - - [19/Feb/2024 11:33:44] "[33mGET /favicon.ico HTTP/1.1[0m" 404 -
[2024-02-19 11:33:44,569] INFO in _internal: 127.0.0.1 - - [19/Feb/2024 11:33:44] "GET /sensing_data2 HTTP/1.1" 200 -
[2024-02-19 11:45:50,138] INFO in _internal: 127.0.0.1 - - [19/Feb/2024 11:45:50] "GET /index2 HTTP/1.1" 200 -
[2024-02-19 11:45:50,166] INFO in _internal: 127.0.0.1 - - [19/Feb/2024 11:45:50] "[36mGET /static/css/index.css HTTP/1.1[0m" 304 -
[2024-02-19 11:45:50,167] INFO in _internal: 127.0.0.1 - - [19/Feb/2024 11:45:50] "[36mGET /static/css/templatemo-style.css HTTP/1.1[0m" 304 -
[2024-02-19 11:45:50,168] INFO in _internal: 127.0.0.1 - - [19/Feb/2024 11:45:50] "[36mGET /static/img/logo.png HTTP/1.1[0m" 304 -
[2024-02-19 11:45:50,237] INFO in _internal: 127.0.0.1 - - [19/Feb/2024 11:45:50] "[35m[1mGET /static/audio/welcome.wav HTTP/1.1[0m" 206 -
[2024-02-19 11:45:50,634] INFO in _internal: 127.0.0.1 - - [19/Feb/2024 11:45:50] "GET /sensing_data2 HTTP/1.1" 200 -
[2024-02-19 11:45:51,681] INFO in _internal: 127.0.0.1 - - [19/Feb/2024 11:45:51] "GET /escort HTTP/1.1" 200 -
[2024-02-19 11:45:51,719] INFO in _internal: 127.0.0.1 - - [19/Feb/2024 11:45:51] "[36mGET /static/img/logo.png HTTP/1.1[0m" 304 -
[2024-02-19 11:45:51,730] INFO in _internal: 127.0.0.1 - - [19/Feb/2024 11:45:51] "GET /static/js/escort.js HTTP/1.1" 200 -
[2024-02-19 11:45:51,734] INFO in _internal: 127.0.0.1 - - [19/Feb/2024 11:45:51] "[36mGET /static/css/escort.css HTTP/1.1[0m" 304 -
[2024-02-19 11:45:51,736] INFO in _internal: 127.0.0.1 - - [19/Feb/2024 11:45:51] "[36mGET /static/img/area.png HTTP/1.1[0m" 304 -
[2024-02-19 11:45:51,764] INFO in _internal: 127.0.0.1 - - [19/Feb/2024 11:45:51] "[36mGET /static/img/1.jpg HTTP/1.1[0m" 304 -
[2024-02-19 11:45:51,765] INFO in _internal: 127.0.0.1 - - [19/Feb/2024 11:45:51] "[36mGET /static/img/3.jpg HTTP/1.1[0m" 304 -
[2024-02-19 11:45:51,766] INFO in _internal: 127.0.0.1 - - [19/Feb/2024 11:45:51] "[36mGET /static/img/2.jpg HTTP/1.1[0m" 304 -
[2024-02-19 11:45:51,767] INFO in _internal: 127.0.0.1 - - [19/Feb/2024 11:45:51] "[36mGET /static/img/19.jpg HTTP/1.1[0m" 304 -
[2024-02-19 11:45:51,780] INFO in _internal: 127.0.0.1 - - [19/Feb/2024 11:45:51] "[36mGET /static/img/4.jpg HTTP/1.1[0m" 304 -
[2024-02-19 11:45:51,783] INFO in _internal: 127.0.0.1 - - [19/Feb/2024 11:45:51] "[36mGET /static/img/20.jpg HTTP/1.1[0m" 304 -
[2024-02-19 11:45:51,790] INFO in _internal: 127.0.0.1 - - [19/Feb/2024 11:45:51] "[36mGET /static/img/21.jpg HTTP/1.1[0m" 304 -
[2024-02-19 11:45:51,797] INFO in _internal: 127.0.0.1 - - [19/Feb/2024 11:45:51] "[36mGET /static/img/22.jpg HTTP/1.1[0m" 304 -
[2024-02-19 11:45:51,800] INFO in _internal: 127.0.0.1 - - [19/Feb/2024 11:45:51] "[36mGET /static/img/23.jpg HTTP/1.1[0m" 304 -
[2024-02-19 11:45:51,844] INFO in _internal: 127.0.0.1 - - [19/Feb/2024 11:45:51] "[35m[1mGET /static/audio/welcome.wav HTTP/1.1[0m" 206 -
[2024-02-19 11:45:51,877] INFO in _internal: 127.0.0.1 - - [19/Feb/2024 11:45:51] "[33mGET /favicon.ico HTTP/1.1[0m" 404 -
